backend/src/ai/flows/ai-team-assistant-flow.ts(5,31): error TS2307: Cannot find module '@/prisma/prisma.service' or its corresponding type declarations.
backend/src/ai/flows/ai-team-assistant-flow.ts(6,15): error TS2305: Module '"@prisma/client"' has no exported member 'Match'.
backend/src/ai/flows/ai-team-assistant-flow.ts(6,22): error TS2305: Module '"@prisma/client"' has no exported member 'Team'.
backend/src/ai/flows/ai-team-assistant-flow.ts(6,28): error TS2305: Module '"@prisma/client"' has no exported member 'Message'.
backend/src/ai/flows/ai-team-assistant-flow.ts(6,37): error TS2305: Module '"@prisma/client"' has no exported member 'User'.
backend/src/ai/flows/analyze-match-challenge-flow.ts(13,31): error TS2307: Cannot find module '@/prisma/prisma.service' or its corresponding type declarations.
backend/src/ai/flows/find-coaches-flow.ts(14,31): error TS2307: Cannot find module '@/prisma/prisma.service' or its corresponding type declarations.
backend/src/ai/flows/find-coaches-flow.ts(15,10): error TS2305: Module '"@prisma/client"' has no exported member 'Role'.
backend/src/ai/flows/find-equipment-flow.ts(22,31): error TS2307: Cannot find module '@/prisma/prisma.service' or its corresponding type declarations.
backend/src/ai/flows/find-lfg-lobbies-flow.ts(22,31): error TS2307: Cannot find module '@/prisma/prisma.service' or its corresponding type declarations.
backend/src/ai/flows/find-sponsors-for-team-flow.ts(13,31): error TS2307: Cannot find module '@/prisma/prisma.service' or its corresponding type declarations.
backend/src/ai/flows/find-venues-flow.ts(20,31): error TS2307: Cannot find module '@/prisma/prisma.service' or its corresponding type declarations.
backend/src/ai/flows/generate-platform-news-flow.ts(5,31): error TS2307: Cannot find module '@/prisma/prisma.service' or its corresponding type declarations.
backend/src/ai/flows/generate-training-program-flow.ts(19,31): error TS2307: Cannot find module '@/prisma/prisma.service' or its corresponding type declarations.
backend/src/ai/flows/player-scout-flow.ts(14,31): error TS2307: Cannot find module '@/prisma/prisma.service' or its corresponding type declarations.
backend/src/ai/flows/player-scout-flow.ts(15,10): error TS2305: Module '"@prisma/client"' has no exported member 'Role'.
backend/src/ai/flows/schemas/analyze-match-report-schema.ts(2,10): error TS2305: Module '"@prisma/client"' has no exported member 'MatchEventType'.
backend/src/ai/flows/smart-search-flow.ts(13,31): error TS2307: Cannot find module '@/prisma/prisma.service' or its corresponding type declarations.
backend/src/ai/flows/sponsorship-scout-flow.ts(22,31): error TS2307: Cannot find module '@/prisma/prisma.service' or its corresponding type declarations.
backend/src/ai/flows/suggest-reply-flow.ts(10,20): error TS2307: Cannot find module '@/ai/genkit' or its corresponding type declarations.
backend/src/ai/flows/suggest-reply-flow.ts(20,31): error TS2307: Cannot find module '@/prisma/prisma.service' or its corresponding type declarations.
backend/src/ai/flows/support-chatbot-flow.ts(13,31): error TS2307: Cannot find module '@/prisma/prisma.service' or its corresponding type declarations.
backend/src/ai/flows/team-chatbot-flow.ts(15,31): error TS2307: Cannot find module '@/prisma/prisma.service' or its corresponding type declarations.
backend/src/app.controller.ts(2,28): error TS2307: Cannot find module '@/app.service' or its corresponding type declarations.
backend/src/app.controller.ts(16,3): error TS1241: Unable to resolve signature of method decorator when called as an expression.
  The runtime will invoke the decorator with 2 arguments, but the decorator expects 3.
backend/src/app.controller.ts(16,4): error TS1270: Decorator function return type 'void | TypedPropertyDescriptor<unknown>' is not assignable to type 'void | (() => string)'.
  Type 'TypedPropertyDescriptor<unknown>' is not assignable to type 'void | (() => string)'.
backend/src/modules/achievements/achievements.controller.ts(13,3): error TS1241: Unable to resolve signature of method decorator when called as an expression.
  The runtime will invoke the decorator with 2 arguments, but the decorator expects 3.
backend/src/modules/achievements/achievements.controller.ts(13,4): error TS1270: Decorator function return type 'void | TypedPropertyDescriptor<unknown>' is not assignable to type 'void | ((userId: string) => Promise<any>)'.
  Type 'TypedPropertyDescriptor<unknown>' is not assignable to type 'void | ((userId: string) => Promise<any>)'.
backend/src/modules/achievements/achievements.controller.ts(14,3): error TS1241: Unable to resolve signature of method decorator when called as an expression.
  The runtime will invoke the decorator with 2 arguments, but the decorator expects 3.
backend/src/modules/achievements/achievements.controller.ts(14,4): error TS1270: Decorator function return type 'void | TypedPropertyDescriptor<unknown>' is not assignable to type 'void | ((userId: string) => Promise<any>)'.
  Type 'TypedPropertyDescriptor<unknown>' is not assignable to type 'void | ((userId: string) => Promise<any>)'.
backend/src/modules/achievements/achievements.controller.ts(20,18): error TS1206: Decorators are not valid here.
backend/src/modules/achievements/achievements.service.ts(2,31): error TS2307: Cannot find module '@/prisma/prisma.service' or its corresponding type declarations.
backend/src/modules/achievements/dto/achievement.dto.ts(4,4): error TS1240: Unable to resolve signature of property decorator when called as an expression.
  Argument of type 'ClassFieldDecoratorContext<AchievementDto, string> & { name: "name"; private: false; static: false; }' is not assignable to parameter of type 'string | symbol'.
backend/src/modules/achievements/dto/achievement.dto.ts(7,4): error TS1240: Unable to resolve signature of property decorator when called as an expression.
  Argument of type 'ClassFieldDecoratorContext<AchievementDto, string> & { name: "description"; private: false; static: false; }' is not assignable to parameter of type 'string | symbol'.
backend/src/modules/achievements/dto/achievement.dto.ts(10,4): error TS1240: Unable to resolve signature of property decorator when called as an expression.
  Argument of type 'ClassFieldDecoratorContext<AchievementDto, string> & { name: "icon"; private: false; static: false; }' is not assignable to parameter of type 'string | symbol'.
backend/src/modules/achievements/dto/achievement.dto.ts(13,4): error TS1240: Unable to resolve signature of property decorator when called as an expression.
  Argument of type 'ClassFieldDecoratorContext<AchievementDto, boolean> & { name: "unlocked"; private: false; static: false; }' is not assignable to parameter of type 'string | symbol'.
backend/src/modules/activities/activities.controller.ts(26,3): error TS1241: Unable to resolve signature of method decorator when called as an expression.
  The runtime will invoke the decorator with 2 arguments, but the decorator expects 3.
backend/src/modules/activities/activities.controller.ts(26,4): error TS1270: Decorator function return type 'void | TypedPropertyDescriptor<unknown>' is not assignable to type 'void | ((playgroundId: string) => Promise<any>)'.
  Type 'TypedPropertyDescriptor<unknown>' is not assignable to type 'void | ((playgroundId: string) => Promise<any>)'.
backend/src/modules/activities/activities.controller.ts(27,3): error TS1241: Unable to resolve signature of method decorator when called as an expression.
  The runtime will invoke the decorator with 2 arguments, but the decorator expects 3.
backend/src/modules/activities/activities.controller.ts(27,4): error TS1270: Decorator function return type 'void | TypedPropertyDescriptor<unknown>' is not assignable to type 'void | ((playgroundId: string) => Promise<any>)'.
  Type 'TypedPropertyDescriptor<unknown>' is not assignable to type 'void | ((playgroundId: string) => Promise<any>)'.
backend/src/modules/activities/activities.controller.ts(28,21): error TS1206: Decorators are not valid here.
backend/src/modules/activities/activities.controller.ts(32,3): error TS1241: Unable to resolve signature of method decorator when called as an expression.
  The runtime will invoke the decorator with 2 arguments, but the decorator expects 3.
backend/src/modules/activities/activities.controller.ts(32,4): error TS1270: Decorator function return type 'void | TypedPropertyDescriptor<unknown>' is not assignable to type 'void | ((createStatusDto: CreateStatusActivityDto, req: Request<ParamsDictionary, any, any, ParsedQs, Record<string, any>>) => Promise<...>)'.
  Type 'TypedPropertyDescriptor<unknown>' is not assignable to type 'void | ((createStatusDto: CreateStatusActivityDto, req: Request<ParamsDictionary, any, any, ParsedQs, Record<string, any>>) => Promise<...>)'.
backend/src/modules/activities/activities.controller.ts(33,3): error TS1241: Unable to resolve signature of method decorator when called as an expression.
  The runtime will invoke the decorator with 2 arguments, but the decorator expects 3.
backend/src/modules/activities/activities.controller.ts(33,4): error TS1270: Decorator function return type 'void | TypedPropertyDescriptor<unknown>' is not assignable to type 'void | ((createStatusDto: CreateStatusActivityDto, req: Request<ParamsDictionary, any, any, ParsedQs, Record<string, any>>) => Promise<...>)'.
  Type 'TypedPropertyDescriptor<unknown>' is not assignable to type 'void | ((createStatusDto: CreateStatusActivityDto, req: Request<ParamsDictionary, any, any, ParsedQs, Record<string, any>>) => Promise<...>)'.
backend/src/modules/activities/activities.controller.ts(35,5): error TS1206: Decorators are not valid here.
backend/src/modules/activities/activities.controller.ts(36,5): error TS1206: Decorators are not valid here.
backend/src/modules/activities/activities.controller.ts(45,3): error TS1241: Unable to resolve signature of method decorator when called as an expression.
  The runtime will invoke the decorator with 2 arguments, but the decorator expects 3.
backend/src/modules/activities/activities.controller.ts(45,4): error TS1270: Decorator function return type 'void | TypedPropertyDescriptor<unknown>' is not assignable to type 'void | ((createCheckInDto: CreateCheckInDto, req: Request<ParamsDictionary, any, any, ParsedQs, Record<string, any>>) => Promise<...>)'.
  Type 'TypedPropertyDescriptor<unknown>' is not assignable to type 'void | ((createCheckInDto: CreateCheckInDto, req: Request<ParamsDictionary, any, any, ParsedQs, Record<string, any>>) => Promise<...>)'.
backend/src/modules/activities/activities.controller.ts(46,3): error TS1241: Unable to resolve signature of method decorator when called as an expression.
  The runtime will invoke the decorator with 2 arguments, but the decorator expects 3.
backend/src/modules/activities/activities.controller.ts(46,4): error TS1270: Decorator function return type 'void | TypedPropertyDescriptor<unknown>' is not assignable to type 'void | ((createCheckInDto: CreateCheckInDto, req: Request<ParamsDictionary, any, any, ParsedQs, Record<string, any>>) => Promise<...>)'.
  Type 'TypedPropertyDescriptor<unknown>' is not assignable to type 'void | ((createCheckInDto: CreateCheckInDto, req: Request<ParamsDictionary, any, any, ParsedQs, Record<string, any>>) => Promise<...>)'.
backend/src/modules/activities/activities.controller.ts(47,15): error TS1206: Decorators are not valid here.
backend/src/modules/activities/activities.controller.ts(47,59): error TS1206: Decorators are not valid here.
backend/src/modules/activities/activities.service.ts(2,31): error TS2307: Cannot find module '@/prisma/prisma.service' or its corresponding type declarations.
backend/src/modules/activities/activities.service.ts(3,10): error TS2305: Module '"@prisma/client"' has no exported member 'ActivityType'.
backend/src/modules/activities/dto/create-check-in.dto.ts(4,4): error TS1240: Unable to resolve signature of property decorator when called as an expression.
  Argument of type 'ClassFieldDecoratorContext<CreateCheckInDto, string> & { name: "playgroundId"; private: false; static: false; }' is not assignable to parameter of type 'string | symbol'.
backend/src/modules/activities/dto/create-check-in.dto.ts(5,4): error TS1240: Unable to resolve signature of property decorator when called as an expression.
  Argument of type 'ClassFieldDecoratorContext<CreateCheckInDto, string> & { name: "playgroundId"; private: false; static: false; }' is not assignable to parameter of type 'string | symbol'.
backend/src/modules/activities/dto/create-check-in.dto.ts(8,4): error TS1240: Unable to resolve signature of property decorator when called as an expression.
  Argument of type 'ClassFieldDecoratorContext<CreateCheckInDto, string> & { name: "comment"; private: false; static: false; }' is not assignable to parameter of type 'string | symbol'.
backend/src/modules/activities/dto/create-check-in.dto.ts(9,4): error TS1240: Unable to resolve signature of property decorator when called as an expression.
  Argument of type 'ClassFieldDecoratorContext<CreateCheckInDto, string> & { name: "comment"; private: false; static: false; }' is not assignable to parameter of type 'string | symbol'.
backend/src/modules/activities/dto/create-check-in.dto.ts(12,4): error TS1240: Unable to resolve signature of property decorator when called as an expression.
  Argument of type 'ClassFieldDecoratorContext<CreateCheckInDto, string> & { name: "photo"; private: false; static: false; }' is not assignable to parameter of type 'string | symbol'.
backend/src/modules/activities/dto/create-check-in.dto.ts(13,4): error TS1240: Unable to resolve signature of property decorator when called as an expression.
  Argument of type 'ClassFieldDecoratorContext<CreateCheckInDto, string> & { name: "photo"; private: false; static: false; }' is not assignable to parameter of type 'string | symbol'.
backend/src/modules/activities/dto/create-status-activity.dto.ts(4,4): error TS1240: Unable to resolve signature of property decorator when called as an expression.
  Argument of type 'ClassFieldDecoratorContext<CreateStatusActivityDto, string> & { name: "text"; private: false; static: false; }' is not assignable to parameter of type 'string | symbol'.
backend/src/modules/activities/dto/create-status-activity.dto.ts(5,4): error TS1240: Unable to resolve signature of property decorator when called as an expression.
  Argument of type 'ClassFieldDecoratorContext<CreateStatusActivityDto, string> & { name: "text"; private: false; static: false; }' is not assignable to parameter of type 'string | symbol'.
backend/src/modules/admin/admin.controller.ts(18,3): error TS1241: Unable to resolve signature of method decorator when called as an expression.
  The runtime will invoke the decorator with 2 arguments, but the decorator expects 3.
backend/src/modules/admin/admin.controller.ts(18,4): error TS1270: Decorator function return type 'void | TypedPropertyDescriptor<unknown>' is not assignable to type 'void | (() => Promise<{ totalUsers: number; activeTournaments: number; openTickets: number; monthlyRevenue: string; }>)'.
  Type 'TypedPropertyDescriptor<unknown>' is not assignable to type 'void | (() => Promise<{ totalUsers: number; activeTournaments: number; openTickets: number; monthlyRevenue: string; }>)'.
backend/src/modules/admin/admin.controller.ts(19,3): error TS1241: Unable to resolve signature of method decorator when called as an expression.
  The runtime will invoke the decorator with 2 arguments, but the decorator expects 3.
backend/src/modules/admin/admin.controller.ts(19,4): error TS1270: Decorator function return type 'void | TypedPropertyDescriptor<unknown>' is not assignable to type 'void | (() => Promise<{ totalUsers: number; activeTournaments: number; openTickets: number; monthlyRevenue: string; }>)'.
  Type 'TypedPropertyDescriptor<unknown>' is not assignable to type 'void | (() => Promise<{ totalUsers: number; activeTournaments: number; openTickets: number; monthlyRevenue: string; }>)'.
backend/src/modules/admin/admin.service.ts(5,10): error TS2305: Module '"@prisma/client"' has no exported member 'MatchStatus'.
backend/src/modules/ai/ai.controller.ts(20,48): error TS2307: Cannot find module '@/ai/flows/schemas/generate-team-concept-schema' or its corresponding type declarations.
backend/src/modules/ai/ai.controller.ts(22,47): error TS2307: Cannot find module '@/ai/flows/schemas/generate-user-avatar-schema' or its corresponding type declarations.
backend/src/modules/ai/ai.controller.ts(24,50): error TS2307: Cannot find module '@/ai/flows/schemas/generate-profile-banner-schema' or its corresponding type declarations.
backend/src/modules/ai/ai.controller.ts(25,36): error TS2307: Cannot find module '@/ai/flows/schemas/generate-platform-news-schema' or its corresponding type declarations.
backend/src/modules/ai/ai.controller.ts(27,47): error TS2307: Cannot find module '@/ai/flows/schemas/analyze-join-request-schema' or its corresponding type declarations.
backend/src/modules/ai/ai.controller.ts(29,51): error TS2307: Cannot find module '@/ai/flows/schemas/analyze-team-performance-schema' or its corresponding type declarations.
backend/src/modules/ai/ai.controller.ts(31,54): error TS2307: Cannot find module '@/ai/flows/schemas/analyze-esports-performance-schema' or its corresponding type declarations.
backend/src/modules/ai/ai.controller.ts(37,43): error TS2307: Cannot find module '@/ai/flows/schemas/analyze-content-generation-schema' or its corresponding type declarations.
backend/src/modules/ai/ai.controller.ts(38,44): error TS2307: Cannot find module '@/ai/flows/schemas/generate-content-schema' or its corresponding type declarations.
backend/src/modules/ai/ai.controller.ts(39,45): error TS2307: Cannot find module '@/ai/flows/schemas/dialogue-generation-schema' or its corresponding type declarations.
backend/src/modules/ai/ai.controller.ts(40,44): error TS2307: Cannot find module '@/ai/flows/schemas/multi-speaker-tts-schema' or its corresponding type declarations.
backend/src/modules/ai/ai.controller.ts(41,41): error TS2307: Cannot find module '@/ai/flows/schemas/tts-schema' or its corresponding type declarations.
backend/src/modules/ai/ai.controller.ts(43,44): error TS2307: Cannot find module '@/ai/flows/schemas/analyze-security-schema' or its corresponding type declarations.
backend/src/modules/ai/ai.controller.ts(46,52): error TS2307: Cannot find module '@/ai/flows/schemas/generate-social-media-post-schema' or its corresponding type declarations.
backend/src/modules/ai/ai.controller.ts(47,53): error TS2307: Cannot find module '@/ai/flows/schemas/generate-sponsorship-pitch-schema' or its corresponding type declarations.
backend/src/modules/ai/ai.controller.ts(49,52): error TS2307: Cannot find module '@/ai/flows/schemas/generate-promotion-wizard-schema' or its corresponding type declarations.
backend/src/modules/ai/ai.controller.ts(54,44): error TS2307: Cannot find module '@/ai/flows/schemas/ai-team-assistant-schema' or its corresponding type declarations.
backend/src/modules/ai/ai.controller.ts(55,48): error TS2307: Cannot find module '@/ai/flows/schemas/find-sponsors-for-team-schema' or its corresponding type declarations.
backend/src/modules/ai/ai.controller.ts(56,46): error TS2307: Cannot find module '@/ai/flows/schemas/generate-post-image-schema' or its corresponding type declarations.
backend/src/modules/ai/ai.controller.ts(57,53): error TS2307: Cannot find module '@/ai/flows/schemas/generate-tournament-wizard-schema' or its corresponding type declarations.
backend/src/modules/ai/ai.controller.ts(63,53): error TS2307: Cannot find module '@/ai/flows/schemas/analyze-playground-details-schema' or its corresponding type declarations.
backend/src/modules/ai/ai.controller.ts(64,52): error TS2307: Cannot find module '@/ai/flows/schemas/analyze-playground-report-schema' or its corresponding type declarations.
backend/src/modules/ai/ai.controller.ts(66,40): error TS2307: Cannot find module '@/ai/flows/smart-search-flow' or its corresponding type declarations.
backend/src/modules/ai/ai.controller.ts(69,49): error TS2307: Cannot find module '@/ai/flows/schemas/generate-training-plan-schema' or its corresponding type declarations.
backend/src/modules/ai/ai.controller.ts(70,53): error TS2307: Cannot find module '@/ai/flows/schemas/analyze-player-performance-schema' or its corresponding type declarations.
backend/src/modules/ai/ai.controller.ts(72,51): error TS2307: Cannot find module '@/ai/flows/schemas/generate-playground-lore-schema' or its corresponding type declarations.
backend/src/modules/ai/ai.controller.ts(74,52): error TS2307: Cannot find module '@/ai/flows/schemas/generate-playground-drill-schema' or its corresponding type declarations.
backend/src/modules/ai/ai.controller.ts(76,47): error TS2307: Cannot find module '@/ai/flows/schemas/analyze-match-report-schema' or its corresponding type declarations.
backend/src/modules/ai/ai.controller.ts(78,52): error TS2307: Cannot find module '@/ai/flows/generate-match-commentary-flow' or its corresponding type declarations.
backend/src/modules/ai/ai.controller.ts(80,51): error TS2307: Cannot find module '@/ai/flows/schemas/generate-match-interview-schema' or its corresponding type declarations.
backend/src/modules/ai/ai.controller.ts(82,55): error TS2307: Cannot find module '@/ai/flows/schemas/analyze-holistic-performance-schema' or its corresponding type declarations.
backend/src/modules/ai/ai.controller.ts(84,41): error TS2307: Cannot find module '@/ai/flows/suggest-reply-flow' or its corresponding type declarations.
backend/src/modules/ai/ai.controller.ts(86,43): error TS2307: Cannot find module '@/ai/flows/support-chatbot-flow' or its corresponding type declarations.
backend/src/modules/ai/ai.controller.ts(88,39): error TS2307: Cannot find module '@/ai/flows/schemas/create-team-schema' or its corresponding type declarations.
backend/src/modules/ai/ai.controller.ts(90,53): error TS2307: Cannot find module '@/ai/flows/schemas/generate-promotion-details-schema' or its corresponding type declarations.
backend/src/modules/ai/ai.controller.ts(92,51): error TS2307: Cannot find module '@/ai/flows/schemas/generate-promotion-image-schema' or its corresponding type declarations.
backend/src/modules/ai/ai.controller.ts(93,49): error TS2307: Cannot find module '@/ai/flows/schemas/generate-dashboard-tip-schema' or its corresponding type declarations.
backend/src/modules/ai/ai.controller.ts(95,50): error TS2307: Cannot find module '@/ai/flows/schemas/analyze-match-challenge-schema' or its corresponding type declarations.
backend/src/modules/ai/ai.controller.ts(97,48): error TS2307: Cannot find module '@/ai/flows/schemas/analyze-exercise-form-schema' or its corresponding type declarations.
backend/src/modules/ai/ai.controller.ts(99,42): error TS2307: Cannot find module '@/ai/flows/schemas/analyze-report-schema' or its corresponding type declarations.
backend/src/modules/ai/ai.controller.ts(101,46): error TS2307: Cannot find module '@/ai/flows/schemas/analyze-role-change-schema' or its corresponding type declarations.
backend/src/modules/ai/ai.controller.ts(103,43): error TS2307: Cannot find module '@/ai/flows/schemas/analyze-dispute-schema' or its corresponding type declarations.
backend/src/modules/ai/ai.controller.ts(105,40): error TS2307: Cannot find module '@/ai/flows/find-coaches-flow' or its corresponding type declarations.
backend/src/modules/ai/ai.controller.ts(107,45): error TS2307: Cannot find module '@/ai/flows/sponsorship-scout-flow' or its corresponding type declarations.
backend/src/modules/ai/ai.controller.ts(109,42): error TS2307: Cannot find module '@/ai/flows/find-equipment-flow' or its corresponding type declarations.
backend/src/modules/ai/ai.controller.ts(111,43): error TS2307: Cannot find module '@/ai/flows/find-lfg-lobbies-flow' or its corresponding type declarations.
backend/src/modules/ai/ai.controller.ts(113,39): error TS2307: Cannot find module '@/ai/flows/find-venues-flow' or its corresponding type declarations.
backend/src/modules/ai/ai.controller.ts(115,46): error TS2307: Cannot find module '@/ai/flows/schemas/generate-match-post-schema' or its corresponding type declarations.
backend/src/modules/ai/ai.controller.ts(117,49): error TS2307: Cannot find module '@/ai/flows/schemas/generate-sport-summary-schema' or its corresponding type declarations.
backend/src/modules/ai/ai.controller.ts(123,50): error TS2307: Cannot find module '@/ai/flows/schemas/generate-nutrition-plan-schema' or its corresponding type declarations.
backend/src/modules/ai/ai.controller.ts(124,54): error TS2307: Cannot find module '@/ai/flows/schemas/generate-tournament-summary-schema' or its corresponding type declarations.
backend/src/modules/ai/ai.controller.ts(125,52): error TS2307: Cannot find module '@/ai/flows/schemas/generate-training-program-schema' or its corresponding type declarations.
backend/src/modules/ai/ai.controller.ts(126,39): error TS2307: Cannot find module '@/ai/flows/schemas/onboarding-assistant-schema' or its corresponding type declarations.
backend/src/modules/ai/ai.controller.ts(127,48): error TS2307: Cannot find module '@/ai/flows/schemas/predict-match-outcome-schema' or its corresponding type declarations.
backend/src/modules/ai/ai.controller.ts(132,54): error TS2307: Cannot find module '@/ai/flows/schemas/generate-playground-summary-schema' or its corresponding type declarations.
backend/src/modules/ai/ai.controller.ts(133,56): error TS2307: Cannot find module '@/ai/flows/schemas/generate-playground-challenge-schema' or its corresponding type declarations.
backend/src/modules/ai/ai.controller.ts(135,47): error TS2307: Cannot find module '@/ai/flows/schemas/generate-team-avatar-schema' or its corresponding type declarations.
backend/src/modules/ai/ai.controller.ts(136,53): error TS2307: Cannot find module '@/ai/flows/schemas/generate-playground-tactic-schema' or its corresponding type declarations.
backend/src/modules/ai/ai.controller.ts(137,54): error TS2307: Cannot find module '@/ai/flows/schemas/generate-playground-workout-schema' or its corresponding type declarations.
backend/src/modules/ai/ai.controller.ts(138,40): error TS2307: Cannot find module '@/ai/flows/player-scout-flow' or its corresponding type declarations.
backend/src/modules/ai/ai.controller.ts(153,3): error TS1241: Unable to resolve signature of method decorator when called as an expression.
  The runtime will invoke the decorator with 2 arguments, but the decorator expects 3.
backend/src/modules/ai/ai.controller.ts(153,4): error TS1270: Decorator function return type 'void | TypedPropertyDescriptor<unknown>' is not assignable to type 'void | ((createTeamDto: CreateTeamDto) => Promise<CreateTeamOutput>)'.
  Type 'TypedPropertyDescriptor<unknown>' is not assignable to type 'void | ((createTeamDto: CreateTeamDto) => Promise<CreateTeamOutput>)'.
backend/src/modules/ai/ai.controller.ts(154,3): error TS1241: Unable to resolve signature of method decorator when called as an expression.
  The runtime will invoke the decorator with 2 arguments, but the decorator expects 3.
backend/src/modules/ai/ai.controller.ts(154,4): error TS1270: Decorator function return type 'void | TypedPropertyDescriptor<unknown>' is not assignable to type 'void | ((createTeamDto: CreateTeamDto) => Promise<CreateTeamOutput>)'.
  Type 'TypedPropertyDescriptor<unknown>' is not assignable to type 'void | ((createTeamDto: CreateTeamDto) => Promise<CreateTeamOutput>)'.
backend/src/modules/ai/ai.controller.ts(156,5): error TS1206: Decorators are not valid here.
backend/src/modules/ai/ai.controller.ts(161,3): error TS1241: Unable to resolve signature of method decorator when called as an expression.
  The runtime will invoke the decorator with 2 arguments, but the decorator expects 3.
backend/src/modules/ai/ai.controller.ts(161,4): error TS1270: Decorator function return type 'void | TypedPropertyDescriptor<unknown>' is not assignable to type 'void | ((generateTeamAvatarDto: GenerateTeamAvatarDto) => Promise<GenerateTeamAvatarOutput>)'.
  Type 'TypedPropertyDescriptor<unknown>' is not assignable to type 'void | ((generateTeamAvatarDto: GenerateTeamAvatarDto) => Promise<GenerateTeamAvatarOutput>)'.
backend/src/modules/ai/ai.controller.ts(162,3): error TS1241: Unable to resolve signature of method decorator when called as an expression.
  The runtime will invoke the decorator with 2 arguments, but the decorator expects 3.
backend/src/modules/ai/ai.controller.ts(162,4): error TS1270: Decorator function return type 'void | TypedPropertyDescriptor<unknown>' is not assignable to type 'void | ((generateTeamAvatarDto: GenerateTeamAvatarDto) => Promise<GenerateTeamAvatarOutput>)'.
  Type 'TypedPropertyDescriptor<unknown>' is not assignable to type 'void | ((generateTeamAvatarDto: GenerateTeamAvatarDto) => Promise<GenerateTeamAvatarOutput>)'.
backend/src/modules/ai/ai.controller.ts(164,5): error TS1206: Decorators are not valid here.
backend/src/modules/ai/ai.controller.ts(169,3): error TS1241: Unable to resolve signature of method decorator when called as an expression.
  The runtime will invoke the decorator with 2 arguments, but the decorator expects 3.
backend/src/modules/ai/ai.controller.ts(169,4): error TS1270: Decorator function return type 'void | TypedPropertyDescriptor<unknown>' is not assignable to type 'void | ((generatePromotionDetailsDto: GeneratePromotionDetailsDto) => Promise<GeneratePromotionDetailsOutput>)'.
  Type 'TypedPropertyDescriptor<unknown>' is not assignable to type 'void | ((generatePromotionDetailsDto: GeneratePromotionDetailsDto) => Promise<GeneratePromotionDetailsOutput>)'.
backend/src/modules/ai/ai.controller.ts(170,3): error TS1241: Unable to resolve signature of method decorator when called as an expression.
  The runtime will invoke the decorator with 2 arguments, but the decorator expects 3.
backend/src/modules/ai/ai.controller.ts(170,4): error TS1270: Decorator function return type 'void | TypedPropertyDescriptor<unknown>' is not assignable to type 'void | ((generatePromotionDetailsDto: GeneratePromotionDetailsDto) => Promise<GeneratePromotionDetailsOutput>)'.
  Type 'TypedPropertyDescriptor<unknown>' is not assignable to type 'void | ((generatePromotionDetailsDto: GeneratePromotionDetailsDto) => Promise<GeneratePromotionDetailsOutput>)'.
backend/src/modules/ai/ai.controller.ts(172,5): error TS1206: Decorators are not valid here.
backend/src/modules/ai/ai.controller.ts(177,3): error TS1241: Unable to resolve signature of method decorator when called as an expression.
  The runtime will invoke the decorator with 2 arguments, but the decorator expects 3.
backend/src/modules/ai/ai.controller.ts(177,4): error TS1270: Decorator function return type 'void | TypedPropertyDescriptor<unknown>' is not assignable to type 'void | ((generatePromotionImageDto: GeneratePromotionImageDto) => Promise<GeneratePromotionImageOutput>)'.
  Type 'TypedPropertyDescriptor<unknown>' is not assignable to type 'void | ((generatePromotionImageDto: GeneratePromotionImageDto) => Promise<GeneratePromotionImageOutput>)'.
backend/src/modules/ai/ai.controller.ts(178,3): error TS1241: Unable to resolve signature of method decorator when called as an expression.
  The runtime will invoke the decorator with 2 arguments, but the decorator expects 3.
backend/src/modules/ai/ai.controller.ts(178,4): error TS1270: Decorator function return type 'void | TypedPropertyDescriptor<unknown>' is not assignable to type 'void | ((generatePromotionImageDto: GeneratePromotionImageDto) => Promise<GeneratePromotionImageOutput>)'.
  Type 'TypedPropertyDescriptor<unknown>' is not assignable to type 'void | ((generatePromotionImageDto: GeneratePromotionImageDto) => Promise<GeneratePromotionImageOutput>)'.
backend/src/modules/ai/ai.controller.ts(180,5): error TS1206: Decorators are not valid here.
backend/src/modules/ai/ai.controller.ts(187,3): error TS1241: Unable to resolve signature of method decorator when called as an expression.
  The runtime will invoke the decorator with 2 arguments, but the decorator expects 3.
backend/src/modules/ai/ai.controller.ts(187,4): error TS1270: Decorator function return type 'void | TypedPropertyDescriptor<unknown>' is not assignable to type 'void | ((dto: GeneratePromotionWizardDto, req: Request<ParamsDictionary, any, any, ParsedQs, Record<string, any>>) => Promise<...>)'.
  Type 'TypedPropertyDescriptor<unknown>' is not assignable to type 'void | ((dto: GeneratePromotionWizardDto, req: Request<ParamsDictionary, any, any, ParsedQs, Record<string, any>>) => Promise<...>)'.
backend/src/modules/ai/ai.controller.ts(188,3): error TS1241: Unable to resolve signature of method decorator when called as an expression.
  The runtime will invoke the decorator with 2 arguments, but the decorator expects 3.
backend/src/modules/ai/ai.controller.ts(188,4): error TS1270: Decorator function return type 'void | TypedPropertyDescriptor<unknown>' is not assignable to type 'void | ((dto: GeneratePromotionWizardDto, req: Request<ParamsDictionary, any, any, ParsedQs, Record<string, any>>) => Promise<...>)'.
  Type 'TypedPropertyDescriptor<unknown>' is not assignable to type 'void | ((dto: GeneratePromotionWizardDto, req: Request<ParamsDictionary, any, any, ParsedQs, Record<string, any>>) => Promise<...>)'.
backend/src/modules/ai/ai.controller.ts(192,5): error TS1206: Decorators are not valid here.
backend/src/modules/ai/ai.controller.ts(193,5): error TS1206: Decorators are not valid here.
backend/src/modules/ai/ai.controller.ts(199,3): error TS1241: Unable to resolve signature of method decorator when called as an expression.
  The runtime will invoke the decorator with 2 arguments, but the decorator expects 3.
backend/src/modules/ai/ai.controller.ts(199,4): error TS1270: Decorator function return type 'void | TypedPropertyDescriptor<unknown>' is not assignable to type 'void | ((generateTeamConceptDto: GenerateTeamConceptDto) => Promise<GenerateTeamConceptOutput>)'.
  Type 'TypedPropertyDescriptor<unknown>' is not assignable to type 'void | ((generateTeamConceptDto: GenerateTeamConceptDto) => Promise<GenerateTeamConceptOutput>)'.
backend/src/modules/ai/ai.controller.ts(200,3): error TS1241: Unable to resolve signature of method decorator when called as an expression.
  The runtime will invoke the decorator with 2 arguments, but the decorator expects 3.
backend/src/modules/ai/ai.controller.ts(200,4): error TS1270: Decorator function return type 'void | TypedPropertyDescriptor<unknown>' is not assignable to type 'void | ((generateTeamConceptDto: GenerateTeamConceptDto) => Promise<GenerateTeamConceptOutput>)'.
  Type 'TypedPropertyDescriptor<unknown>' is not assignable to type 'void | ((generateTeamConceptDto: GenerateTeamConceptDto) => Promise<GenerateTeamConceptOutput>)'.
backend/src/modules/ai/ai.controller.ts(201,3): error TS1241: Unable to resolve signature of method decorator when called as an expression.
  The runtime will invoke the decorator with 2 arguments, but the decorator expects 3.
backend/src/modules/ai/ai.controller.ts(201,4): error TS1270: Decorator function return type 'void | TypedPropertyDescriptor<unknown>' is not assignable to type 'void | ((generateTeamConceptDto: GenerateTeamConceptDto) => Promise<GenerateTeamConceptOutput>)'.
  Type 'TypedPropertyDescriptor<unknown>' is not assignable to type 'void | ((generateTeamConceptDto: GenerateTeamConceptDto) => Promise<GenerateTeamConceptOutput>)'.
backend/src/modules/ai/ai.controller.ts(205,3): error TS1241: Unable to resolve signature of method decorator when called as an expression.
  The runtime will invoke the decorator with 2 arguments, but the decorator expects 3.
backend/src/modules/ai/ai.controller.ts(205,4): error TS1270: Decorator function return type 'void | TypedPropertyDescriptor<unknown>' is not assignable to type 'void | ((generateTeamConceptDto: GenerateTeamConceptDto) => Promise<GenerateTeamConceptOutput>)'.
  Type 'TypedPropertyDescriptor<unknown>' is not assignable to type 'void | ((generateTeamConceptDto: GenerateTeamConceptDto) => Promise<GenerateTeamConceptOutput>)'.
backend/src/modules/ai/ai.controller.ts(212,5): error TS1206: Decorators are not valid here.
backend/src/modules/ai/ai.controller.ts(217,3): error TS1241: Unable to resolve signature of method decorator when called as an expression.
  The runtime will invoke the decorator with 2 arguments, but the decorator expects 3.
backend/src/modules/ai/ai.controller.ts(217,4): error TS1270: Decorator function return type 'void | TypedPropertyDescriptor<unknown>' is not assignable to type 'void | ((generateUserAvatarDto: GenerateUserAvatarDto) => Promise<GenerateUserAvatarOutput>)'.
  Type 'TypedPropertyDescriptor<unknown>' is not assignable to type 'void | ((generateUserAvatarDto: GenerateUserAvatarDto) => Promise<GenerateUserAvatarOutput>)'.
backend/src/modules/ai/ai.controller.ts(218,3): error TS1241: Unable to resolve signature of method decorator when called as an expression.
  The runtime will invoke the decorator with 2 arguments, but the decorator expects 3.
backend/src/modules/ai/ai.controller.ts(218,4): error TS1270: Decorator function return type 'void | TypedPropertyDescriptor<unknown>' is not assignable to type 'void | ((generateUserAvatarDto: GenerateUserAvatarDto) => Promise<GenerateUserAvatarOutput>)'.
  Type 'TypedPropertyDescriptor<unknown>' is not assignable to type 'void | ((generateUserAvatarDto: GenerateUserAvatarDto) => Promise<GenerateUserAvatarOutput>)'.
backend/src/modules/ai/ai.controller.ts(220,3): error TS1241: Unable to resolve signature of method decorator when called as an expression.
  The runtime will invoke the decorator with 2 arguments, but the decorator expects 3.
backend/src/modules/ai/ai.controller.ts(220,4): error TS1270: Decorator function return type 'void | TypedPropertyDescriptor<unknown>' is not assignable to type 'void | ((generateUserAvatarDto: GenerateUserAvatarDto) => Promise<GenerateUserAvatarOutput>)'.
  Type 'TypedPropertyDescriptor<unknown>' is not assignable to type 'void | ((generateUserAvatarDto: GenerateUserAvatarDto) => Promise<GenerateUserAvatarOutput>)'.
backend/src/modules/ai/ai.controller.ts(221,3): error TS1241: Unable to resolve signature of method decorator when called as an expression.
  The runtime will invoke the decorator with 2 arguments, but the decorator expects 3.
backend/src/modules/ai/ai.controller.ts(221,4): error TS1270: Decorator function return type 'void | TypedPropertyDescriptor<unknown>' is not assignable to type 'void | ((generateUserAvatarDto: GenerateUserAvatarDto) => Promise<GenerateUserAvatarOutput>)'.
  Type 'TypedPropertyDescriptor<unknown>' is not assignable to type 'void | ((generateUserAvatarDto: GenerateUserAvatarDto) => Promise<GenerateUserAvatarOutput>)'.
backend/src/modules/ai/ai.controller.ts(223,5): error TS1206: Decorators are not valid here.
backend/src/modules/ai/ai.controller.ts(228,3): error TS1241: Unable to resolve signature of method decorator when called as an expression.
  The runtime will invoke the decorator with 2 arguments, but the decorator expects 3.
backend/src/modules/ai/ai.controller.ts(228,4): error TS1270: Decorator function return type 'void | TypedPropertyDescriptor<unknown>' is not assignable to type 'void | ((generateProfileBannerDto: GenerateProfileBannerDto) => Promise<GenerateProfileBannerOutput>)'.
  Type 'TypedPropertyDescriptor<unknown>' is not assignable to type 'void | ((generateProfileBannerDto: GenerateProfileBannerDto) => Promise<GenerateProfileBannerOutput>)'.
backend/src/modules/ai/ai.controller.ts(229,3): error TS1241: Unable to resolve signature of method decorator when called as an expression.
  The runtime will invoke the decorator with 2 arguments, but the decorator expects 3.
backend/src/modules/ai/ai.controller.ts(229,4): error TS1270: Decorator function return type 'void | TypedPropertyDescriptor<unknown>' is not assignable to type 'void | ((generateProfileBannerDto: GenerateProfileBannerDto) => Promise<GenerateProfileBannerOutput>)'.
  Type 'TypedPropertyDescriptor<unknown>' is not assignable to type 'void | ((generateProfileBannerDto: GenerateProfileBannerDto) => Promise<GenerateProfileBannerOutput>)'.
backend/src/modules/ai/ai.controller.ts(231,5): error TS1206: Decorators are not valid here.
backend/src/modules/ai/ai.controller.ts(238,3): error TS1241: Unable to resolve signature of method decorator when called as an expression.
  The runtime will invoke the decorator with 2 arguments, but the decorator expects 3.
backend/src/modules/ai/ai.controller.ts(238,4): error TS1270: Decorator function return type 'void | TypedPropertyDescriptor<unknown>' is not assignable to type 'void | (() => Promise<NewsWithAudio>)'.
  Type 'TypedPropertyDescriptor<unknown>' is not assignable to type 'void | (() => Promise<NewsWithAudio>)'.
backend/src/modules/ai/ai.controller.ts(239,3): error TS1241: Unable to resolve signature of method decorator when called as an expression.
  The runtime will invoke the decorator with 2 arguments, but the decorator expects 3.
backend/src/modules/ai/ai.controller.ts(239,4): error TS1270: Decorator function return type 'void | TypedPropertyDescriptor<unknown>' is not assignable to type 'void | (() => Promise<NewsWithAudio>)'.
  Type 'TypedPropertyDescriptor<unknown>' is not assignable to type 'void | (() => Promise<NewsWithAudio>)'.
backend/src/modules/ai/ai.controller.ts(244,3): error TS1241: Unable to resolve signature of method decorator when called as an expression.
  The runtime will invoke the decorator with 2 arguments, but the decorator expects 3.
backend/src/modules/ai/ai.controller.ts(244,4): error TS1270: Decorator function return type 'void | TypedPropertyDescriptor<unknown>' is not assignable to type 'void | ((analyzeJoinRequestDto: AnalyzeJoinRequestDto) => Promise<AnalyzeJoinRequestOutput>)'.
  Type 'TypedPropertyDescriptor<unknown>' is not assignable to type 'void | ((analyzeJoinRequestDto: AnalyzeJoinRequestDto) => Promise<AnalyzeJoinRequestOutput>)'.
backend/src/modules/ai/ai.controller.ts(245,3): error TS1241: Unable to resolve signature of method decorator when called as an expression.
  The runtime will invoke the decorator with 2 arguments, but the decorator expects 3.
backend/src/modules/ai/ai.controller.ts(245,4): error TS1270: Decorator function return type 'void | TypedPropertyDescriptor<unknown>' is not assignable to type 'void | ((analyzeJoinRequestDto: AnalyzeJoinRequestDto) => Promise<AnalyzeJoinRequestOutput>)'.
  Type 'TypedPropertyDescriptor<unknown>' is not assignable to type 'void | ((analyzeJoinRequestDto: AnalyzeJoinRequestDto) => Promise<AnalyzeJoinRequestOutput>)'.
backend/src/modules/ai/ai.controller.ts(247,5): error TS1206: Decorators are not valid here.
backend/src/modules/ai/ai.controller.ts(252,3): error TS1241: Unable to resolve signature of method decorator when called as an expression.
  The runtime will invoke the decorator with 2 arguments, but the decorator expects 3.
backend/src/modules/ai/ai.controller.ts(252,4): error TS1270: Decorator function return type 'void | TypedPropertyDescriptor<unknown>' is not assignable to type 'void | ((analyzeTeamPerformanceDto: AnalyzeTeamPerformanceDto) => Promise<AnalyzeTeamPerformanceOutput>)'.
  Type 'TypedPropertyDescriptor<unknown>' is not assignable to type 'void | ((analyzeTeamPerformanceDto: AnalyzeTeamPerformanceDto) => Promise<AnalyzeTeamPerformanceOutput>)'.
backend/src/modules/ai/ai.controller.ts(253,3): error TS1241: Unable to resolve signature of method decorator when called as an expression.
  The runtime will invoke the decorator with 2 arguments, but the decorator expects 3.
backend/src/modules/ai/ai.controller.ts(253,4): error TS1270: Decorator function return type 'void | TypedPropertyDescriptor<unknown>' is not assignable to type 'void | ((analyzeTeamPerformanceDto: AnalyzeTeamPerformanceDto) => Promise<AnalyzeTeamPerformanceOutput>)'.
  Type 'TypedPropertyDescriptor<unknown>' is not assignable to type 'void | ((analyzeTeamPerformanceDto: AnalyzeTeamPerformanceDto) => Promise<AnalyzeTeamPerformanceOutput>)'.
backend/src/modules/ai/ai.controller.ts(255,5): error TS1206: Decorators are not valid here.
backend/src/modules/ai/ai.controller.ts(260,3): error TS1241: Unable to resolve signature of method decorator when called as an expression.
  The runtime will invoke the decorator with 2 arguments, but the decorator expects 3.
backend/src/modules/ai/ai.controller.ts(260,4): error TS1270: Decorator function return type 'void | TypedPropertyDescriptor<unknown>' is not assignable to type 'void | ((analyzeEsportsPerformanceDto: AnalyzeEsportsPerformanceDto) => Promise<AnalyzeEsportsPerformanceOutput>)'.
  Type 'TypedPropertyDescriptor<unknown>' is not assignable to type 'void | ((analyzeEsportsPerformanceDto: AnalyzeEsportsPerformanceDto) => Promise<AnalyzeEsportsPerformanceOutput>)'.
backend/src/modules/ai/ai.controller.ts(261,3): error TS1241: Unable to resolve signature of method decorator when called as an expression.
  The runtime will invoke the decorator with 2 arguments, but the decorator expects 3.
backend/src/modules/ai/ai.controller.ts(261,4): error TS1270: Decorator function return type 'void | TypedPropertyDescriptor<unknown>' is not assignable to type 'void | ((analyzeEsportsPerformanceDto: AnalyzeEsportsPerformanceDto) => Promise<AnalyzeEsportsPerformanceOutput>)'.
  Type 'TypedPropertyDescriptor<unknown>' is not assignable to type 'void | ((analyzeEsportsPerformanceDto: AnalyzeEsportsPerformanceDto) => Promise<AnalyzeEsportsPerformanceOutput>)'.
backend/src/modules/ai/ai.controller.ts(263,5): error TS1206: Decorators are not valid here.
backend/src/modules/ai/ai.controller.ts(270,3): error TS1241: Unable to resolve signature of method decorator when called as an expression.
  The runtime will invoke the decorator with 2 arguments, but the decorator expects 3.
backend/src/modules/ai/ai.controller.ts(270,4): error TS1270: Decorator function return type 'void | TypedPropertyDescriptor<unknown>' is not assignable to type 'void | ((analyzeContentDto: AnalyzeContentDto) => Promise<AnalyzeContentOutput>)'.
  Type 'TypedPropertyDescriptor<unknown>' is not assignable to type 'void | ((analyzeContentDto: AnalyzeContentDto) => Promise<AnalyzeContentOutput>)'.
backend/src/modules/ai/ai.controller.ts(271,3): error TS1241: Unable to resolve signature of method decorator when called as an expression.
  The runtime will invoke the decorator with 2 arguments, but the decorator expects 3.
backend/src/modules/ai/ai.controller.ts(271,4): error TS1270: Decorator function return type 'void | TypedPropertyDescriptor<unknown>' is not assignable to type 'void | ((analyzeContentDto: AnalyzeContentDto) => Promise<AnalyzeContentOutput>)'.
  Type 'TypedPropertyDescriptor<unknown>' is not assignable to type 'void | ((analyzeContentDto: AnalyzeContentDto) => Promise<AnalyzeContentOutput>)'.
backend/src/modules/ai/ai.controller.ts(273,5): error TS1206: Decorators are not valid here.
backend/src/modules/ai/ai.controller.ts(278,3): error TS1241: Unable to resolve signature of method decorator when called as an expression.
  The runtime will invoke the decorator with 2 arguments, but the decorator expects 3.
backend/src/modules/ai/ai.controller.ts(278,4): error TS1270: Decorator function return type 'void | TypedPropertyDescriptor<unknown>' is not assignable to type 'void | ((generateContentDto: GenerateContentDto) => Promise<GenerateContentOutput>)'.
  Type 'TypedPropertyDescriptor<unknown>' is not assignable to type 'void | ((generateContentDto: GenerateContentDto) => Promise<GenerateContentOutput>)'.
backend/src/modules/ai/ai.controller.ts(279,3): error TS1241: Unable to resolve signature of method decorator when called as an expression.
  The runtime will invoke the decorator with 2 arguments, but the decorator expects 3.
backend/src/modules/ai/ai.controller.ts(279,4): error TS1270: Decorator function return type 'void | TypedPropertyDescriptor<unknown>' is not assignable to type 'void | ((generateContentDto: GenerateContentDto) => Promise<GenerateContentOutput>)'.
  Type 'TypedPropertyDescriptor<unknown>' is not assignable to type 'void | ((generateContentDto: GenerateContentDto) => Promise<GenerateContentOutput>)'.
backend/src/modules/ai/ai.controller.ts(281,5): error TS1206: Decorators are not valid here.
backend/src/modules/ai/ai.controller.ts(286,3): error TS1241: Unable to resolve signature of method decorator when called as an expression.
  The runtime will invoke the decorator with 2 arguments, but the decorator expects 3.
backend/src/modules/ai/ai.controller.ts(286,4): error TS1270: Decorator function return type 'void | TypedPropertyDescriptor<unknown>' is not assignable to type 'void | ((generateDialogueDto: GenerateDialogueDto) => Promise<GenerateDialogueOutput>)'.
  Type 'TypedPropertyDescriptor<unknown>' is not assignable to type 'void | ((generateDialogueDto: GenerateDialogueDto) => Promise<GenerateDialogueOutput>)'.
backend/src/modules/ai/ai.controller.ts(287,3): error TS1241: Unable to resolve signature of method decorator when called as an expression.
  The runtime will invoke the decorator with 2 arguments, but the decorator expects 3.
backend/src/modules/ai/ai.controller.ts(287,4): error TS1270: Decorator function return type 'void | TypedPropertyDescriptor<unknown>' is not assignable to type 'void | ((generateDialogueDto: GenerateDialogueDto) => Promise<GenerateDialogueOutput>)'.
  Type 'TypedPropertyDescriptor<unknown>' is not assignable to type 'void | ((generateDialogueDto: GenerateDialogueDto) => Promise<GenerateDialogueOutput>)'.
backend/src/modules/ai/ai.controller.ts(289,5): error TS1206: Decorators are not valid here.
backend/src/modules/ai/ai.controller.ts(294,3): error TS1241: Unable to resolve signature of method decorator when called as an expression.
  The runtime will invoke the decorator with 2 arguments, but the decorator expects 3.
backend/src/modules/ai/ai.controller.ts(294,4): error TS1270: Decorator function return type 'void | TypedPropertyDescriptor<unknown>' is not assignable to type 'void | ((multiSpeakerTtsDto: MultiSpeakerTtsDto) => Promise<MultiSpeakerTtsOutput>)'.
  Type 'TypedPropertyDescriptor<unknown>' is not assignable to type 'void | ((multiSpeakerTtsDto: MultiSpeakerTtsDto) => Promise<MultiSpeakerTtsOutput>)'.
backend/src/modules/ai/ai.controller.ts(295,3): error TS1241: Unable to resolve signature of method decorator when called as an expression.
  The runtime will invoke the decorator with 2 arguments, but the decorator expects 3.
backend/src/modules/ai/ai.controller.ts(295,4): error TS1270: Decorator function return type 'void | TypedPropertyDescriptor<unknown>' is not assignable to type 'void | ((multiSpeakerTtsDto: MultiSpeakerTtsDto) => Promise<MultiSpeakerTtsOutput>)'.
  Type 'TypedPropertyDescriptor<unknown>' is not assignable to type 'void | ((multiSpeakerTtsDto: MultiSpeakerTtsDto) => Promise<MultiSpeakerTtsOutput>)'.
backend/src/modules/ai/ai.controller.ts(297,5): error TS1206: Decorators are not valid here.
backend/src/modules/ai/ai.controller.ts(302,3): error TS1241: Unable to resolve signature of method decorator when called as an expression.
  The runtime will invoke the decorator with 2 arguments, but the decorator expects 3.
backend/src/modules/ai/ai.controller.ts(302,4): error TS1270: Decorator function return type 'void | TypedPropertyDescriptor<unknown>' is not assignable to type 'void | ((textToSpeechDto: TextToSpeechDto) => Promise<TextToSpeechOutput>)'.
  Type 'TypedPropertyDescriptor<unknown>' is not assignable to type 'void | ((textToSpeechDto: TextToSpeechDto) => Promise<TextToSpeechOutput>)'.
backend/src/modules/ai/ai.controller.ts(303,3): error TS1241: Unable to resolve signature of method decorator when called as an expression.
  The runtime will invoke the decorator with 2 arguments, but the decorator expects 3.
backend/src/modules/ai/ai.controller.ts(303,4): error TS1270: Decorator function return type 'void | TypedPropertyDescriptor<unknown>' is not assignable to type 'void | ((textToSpeechDto: TextToSpeechDto) => Promise<TextToSpeechOutput>)'.
  Type 'TypedPropertyDescriptor<unknown>' is not assignable to type 'void | ((textToSpeechDto: TextToSpeechDto) => Promise<TextToSpeechOutput>)'.
backend/src/modules/ai/ai.controller.ts(305,5): error TS1206: Decorators are not valid here.
backend/src/modules/ai/ai.controller.ts(310,3): error TS1241: Unable to resolve signature of method decorator when called as an expression.
  The runtime will invoke the decorator with 2 arguments, but the decorator expects 3.
backend/src/modules/ai/ai.controller.ts(310,4): error TS1270: Decorator function return type 'void | TypedPropertyDescriptor<unknown>' is not assignable to type 'void | ((analyzeSecurityDto: AnalyzeSecurityDto) => Promise<AnalyzeSecurityOutput>)'.
  Type 'TypedPropertyDescriptor<unknown>' is not assignable to type 'void | ((analyzeSecurityDto: AnalyzeSecurityDto) => Promise<AnalyzeSecurityOutput>)'.
backend/src/modules/ai/ai.controller.ts(311,3): error TS1241: Unable to resolve signature of method decorator when called as an expression.
  The runtime will invoke the decorator with 2 arguments, but the decorator expects 3.
backend/src/modules/ai/ai.controller.ts(311,4): error TS1270: Decorator function return type 'void | TypedPropertyDescriptor<unknown>' is not assignable to type 'void | ((analyzeSecurityDto: AnalyzeSecurityDto) => Promise<AnalyzeSecurityOutput>)'.
  Type 'TypedPropertyDescriptor<unknown>' is not assignable to type 'void | ((analyzeSecurityDto: AnalyzeSecurityDto) => Promise<AnalyzeSecurityOutput>)'.
backend/src/modules/ai/ai.controller.ts(313,5): error TS1206: Decorators are not valid here.
backend/src/modules/ai/ai.controller.ts(318,3): error TS1241: Unable to resolve signature of method decorator when called as an expression.
  The runtime will invoke the decorator with 2 arguments, but the decorator expects 3.
backend/src/modules/ai/ai.controller.ts(318,4): error TS1270: Decorator function return type 'void | TypedPropertyDescriptor<unknown>' is not assignable to type 'void | ((generateSocialMediaPostDto: GenerateSocialMediaPostDto) => Promise<GenerateSocialMediaPostOutput>)'.
  Type 'TypedPropertyDescriptor<unknown>' is not assignable to type 'void | ((generateSocialMediaPostDto: GenerateSocialMediaPostDto) => Promise<GenerateSocialMediaPostOutput>)'.
backend/src/modules/ai/ai.controller.ts(319,3): error TS1241: Unable to resolve signature of method decorator when called as an expression.
  The runtime will invoke the decorator with 2 arguments, but the decorator expects 3.
backend/src/modules/ai/ai.controller.ts(319,4): error TS1270: Decorator function return type 'void | TypedPropertyDescriptor<unknown>' is not assignable to type 'void | ((generateSocialMediaPostDto: GenerateSocialMediaPostDto) => Promise<GenerateSocialMediaPostOutput>)'.
  Type 'TypedPropertyDescriptor<unknown>' is not assignable to type 'void | ((generateSocialMediaPostDto: GenerateSocialMediaPostDto) => Promise<GenerateSocialMediaPostOutput>)'.
backend/src/modules/ai/ai.controller.ts(321,5): error TS1206: Decorators are not valid here.
backend/src/modules/ai/ai.controller.ts(326,3): error TS1241: Unable to resolve signature of method decorator when called as an expression.
  The runtime will invoke the decorator with 2 arguments, but the decorator expects 3.
backend/src/modules/ai/ai.controller.ts(326,4): error TS1270: Decorator function return type 'void | TypedPropertyDescriptor<unknown>' is not assignable to type 'void | ((generateSponsorshipPitchDto: GenerateSponsorshipPitchDto) => Promise<GenerateSponsorshipPitchOutput>)'.
  Type 'TypedPropertyDescriptor<unknown>' is not assignable to type 'void | ((generateSponsorshipPitchDto: GenerateSponsorshipPitchDto) => Promise<GenerateSponsorshipPitchOutput>)'.
backend/src/modules/ai/ai.controller.ts(327,3): error TS1241: Unable to resolve signature of method decorator when called as an expression.
  The runtime will invoke the decorator with 2 arguments, but the decorator expects 3.
backend/src/modules/ai/ai.controller.ts(327,4): error TS1270: Decorator function return type 'void | TypedPropertyDescriptor<unknown>' is not assignable to type 'void | ((generateSponsorshipPitchDto: GenerateSponsorshipPitchDto) => Promise<GenerateSponsorshipPitchOutput>)'.
  Type 'TypedPropertyDescriptor<unknown>' is not assignable to type 'void | ((generateSponsorshipPitchDto: GenerateSponsorshipPitchDto) => Promise<GenerateSponsorshipPitchOutput>)'.
backend/src/modules/ai/ai.controller.ts(329,5): error TS1206: Decorators are not valid here.
backend/src/modules/ai/ai.controller.ts(334,3): error TS1241: Unable to resolve signature of method decorator when called as an expression.
  The runtime will invoke the decorator with 2 arguments, but the decorator expects 3.
backend/src/modules/ai/ai.controller.ts(334,4): error TS1270: Decorator function return type 'void | TypedPropertyDescriptor<unknown>' is not assignable to type 'void | ((generatePromotionWizardDto: GeneratePromotionWizardDto) => Promise<GeneratePromotionWizardOutput>)'.
  Type 'TypedPropertyDescriptor<unknown>' is not assignable to type 'void | ((generatePromotionWizardDto: GeneratePromotionWizardDto) => Promise<GeneratePromotionWizardOutput>)'.
backend/src/modules/ai/ai.controller.ts(335,3): error TS1241: Unable to resolve signature of method decorator when called as an expression.
  The runtime will invoke the decorator with 2 arguments, but the decorator expects 3.
backend/src/modules/ai/ai.controller.ts(335,4): error TS1270: Decorator function return type 'void | TypedPropertyDescriptor<unknown>' is not assignable to type 'void | ((generatePromotionWizardDto: GeneratePromotionWizardDto) => Promise<GeneratePromotionWizardOutput>)'.
  Type 'TypedPropertyDescriptor<unknown>' is not assignable to type 'void | ((generatePromotionWizardDto: GeneratePromotionWizardDto) => Promise<GeneratePromotionWizardOutput>)'.
backend/src/modules/ai/ai.controller.ts(337,5): error TS1206: Decorators are not valid here.
backend/src/modules/ai/ai.controller.ts(342,3): error TS1241: Unable to resolve signature of method decorator when called as an expression.
  The runtime will invoke the decorator with 2 arguments, but the decorator expects 3.
backend/src/modules/ai/ai.controller.ts(342,4): error TS1270: Decorator function return type 'void | TypedPropertyDescriptor<unknown>' is not assignable to type 'void | ((generateTournamentWizardDto: GenerateTournamentWizardDto) => Promise<GenerateTournamentWizardOutput>)'.
  Type 'TypedPropertyDescriptor<unknown>' is not assignable to type 'void | ((generateTournamentWizardDto: GenerateTournamentWizardDto) => Promise<GenerateTournamentWizardOutput>)'.
backend/src/modules/ai/ai.controller.ts(343,3): error TS1241: Unable to resolve signature of method decorator when called as an expression.
  The runtime will invoke the decorator with 2 arguments, but the decorator expects 3.
backend/src/modules/ai/ai.controller.ts(343,4): error TS1270: Decorator function return type 'void | TypedPropertyDescriptor<unknown>' is not assignable to type 'void | ((generateTournamentWizardDto: GenerateTournamentWizardDto) => Promise<GenerateTournamentWizardOutput>)'.
  Type 'TypedPropertyDescriptor<unknown>' is not assignable to type 'void | ((generateTournamentWizardDto: GenerateTournamentWizardDto) => Promise<GenerateTournamentWizardOutput>)'.
backend/src/modules/ai/ai.controller.ts(345,5): error TS1206: Decorators are not valid here.
backend/src/modules/ai/ai.controller.ts(350,3): error TS1241: Unable to resolve signature of method decorator when called as an expression.
  The runtime will invoke the decorator with 2 arguments, but the decorator expects 3.
backend/src/modules/ai/ai.controller.ts(350,4): error TS1270: Decorator function return type 'void | TypedPropertyDescriptor<unknown>' is not assignable to type 'void | ((aiTeamAssistantDto: AiTeamAssistantDto) => Promise<AiTeamAssistantOutput>)'.
  Type 'TypedPropertyDescriptor<unknown>' is not assignable to type 'void | ((aiTeamAssistantDto: AiTeamAssistantDto) => Promise<AiTeamAssistantOutput>)'.
backend/src/modules/ai/ai.controller.ts(351,3): error TS1241: Unable to resolve signature of method decorator when called as an expression.
  The runtime will invoke the decorator with 2 arguments, but the decorator expects 3.
backend/src/modules/ai/ai.controller.ts(351,4): error TS1270: Decorator function return type 'void | TypedPropertyDescriptor<unknown>' is not assignable to type 'void | ((aiTeamAssistantDto: AiTeamAssistantDto) => Promise<AiTeamAssistantOutput>)'.
  Type 'TypedPropertyDescriptor<unknown>' is not assignable to type 'void | ((aiTeamAssistantDto: AiTeamAssistantDto) => Promise<AiTeamAssistantOutput>)'.
backend/src/modules/ai/ai.controller.ts(353,5): error TS1206: Decorators are not valid here.
backend/src/modules/ai/ai.controller.ts(358,3): error TS1241: Unable to resolve signature of method decorator when called as an expression.
  The runtime will invoke the decorator with 2 arguments, but the decorator expects 3.
backend/src/modules/ai/ai.controller.ts(358,4): error TS1270: Decorator function return type 'void | TypedPropertyDescriptor<unknown>' is not assignable to type 'void | ((findSponsorsForTeamDto: FindSponsorsForTeamDto) => Promise<FindSponsorsForTeamOutput>)'.
  Type 'TypedPropertyDescriptor<unknown>' is not assignable to type 'void | ((findSponsorsForTeamDto: FindSponsorsForTeamDto) => Promise<FindSponsorsForTeamOutput>)'.
backend/src/modules/ai/ai.controller.ts(359,3): error TS1241: Unable to resolve signature of method decorator when called as an expression.
  The runtime will invoke the decorator with 2 arguments, but the decorator expects 3.
backend/src/modules/ai/ai.controller.ts(359,4): error TS1270: Decorator function return type 'void | TypedPropertyDescriptor<unknown>' is not assignable to type 'void | ((findSponsorsForTeamDto: FindSponsorsForTeamDto) => Promise<FindSponsorsForTeamOutput>)'.
  Type 'TypedPropertyDescriptor<unknown>' is not assignable to type 'void | ((findSponsorsForTeamDto: FindSponsorsForTeamDto) => Promise<FindSponsorsForTeamOutput>)'.
backend/src/modules/ai/ai.controller.ts(361,5): error TS1206: Decorators are not valid here.
backend/src/modules/ai/ai.controller.ts(366,3): error TS1241: Unable to resolve signature of method decorator when called as an expression.
  The runtime will invoke the decorator with 2 arguments, but the decorator expects 3.
backend/src/modules/ai/ai.controller.ts(366,4): error TS1270: Decorator function return type 'void | TypedPropertyDescriptor<unknown>' is not assignable to type 'void | ((generatePostImageDto: GeneratePostImageDto) => Promise<GeneratePostImageOutput>)'.
  Type 'TypedPropertyDescriptor<unknown>' is not assignable to type 'void | ((generatePostImageDto: GeneratePostImageDto) => Promise<GeneratePostImageOutput>)'.
backend/src/modules/ai/ai.controller.ts(367,3): error TS1241: Unable to resolve signature of method decorator when called as an expression.
  The runtime will invoke the decorator with 2 arguments, but the decorator expects 3.
backend/src/modules/ai/ai.controller.ts(367,4): error TS1270: Decorator function return type 'void | TypedPropertyDescriptor<unknown>' is not assignable to type 'void | ((generatePostImageDto: GeneratePostImageDto) => Promise<GeneratePostImageOutput>)'.
  Type 'TypedPropertyDescriptor<unknown>' is not assignable to type 'void | ((generatePostImageDto: GeneratePostImageDto) => Promise<GeneratePostImageOutput>)'.
backend/src/modules/ai/ai.controller.ts(369,5): error TS1206: Decorators are not valid here.
backend/src/modules/ai/ai.controller.ts(374,3): error TS1241: Unable to resolve signature of method decorator when called as an expression.
  The runtime will invoke the decorator with 2 arguments, but the decorator expects 3.
backend/src/modules/ai/ai.controller.ts(374,4): error TS1270: Decorator function return type 'void | TypedPropertyDescriptor<unknown>' is not assignable to type 'void | ((analyzePlaygroundDetailsDto: AnalyzePlaygroundDetailsDto) => Promise<AnalyzePlaygroundDetailsOutput>)'.
  Type 'TypedPropertyDescriptor<unknown>' is not assignable to type 'void | ((analyzePlaygroundDetailsDto: AnalyzePlaygroundDetailsDto) => Promise<AnalyzePlaygroundDetailsOutput>)'.
backend/src/modules/ai/ai.controller.ts(375,3): error TS1241: Unable to resolve signature of method decorator when called as an expression.
  The runtime will invoke the decorator with 2 arguments, but the decorator expects 3.
backend/src/modules/ai/ai.controller.ts(375,4): error TS1270: Decorator function return type 'void | TypedPropertyDescriptor<unknown>' is not assignable to type 'void | ((analyzePlaygroundDetailsDto: AnalyzePlaygroundDetailsDto) => Promise<AnalyzePlaygroundDetailsOutput>)'.
  Type 'TypedPropertyDescriptor<unknown>' is not assignable to type 'void | ((analyzePlaygroundDetailsDto: AnalyzePlaygroundDetailsDto) => Promise<AnalyzePlaygroundDetailsOutput>)'.
backend/src/modules/ai/ai.controller.ts(377,5): error TS1206: Decorators are not valid here.
backend/src/modules/ai/ai.controller.ts(382,3): error TS1241: Unable to resolve signature of method decorator when called as an expression.
  The runtime will invoke the decorator with 2 arguments, but the decorator expects 3.
backend/src/modules/ai/ai.controller.ts(382,4): error TS1270: Decorator function return type 'void | TypedPropertyDescriptor<unknown>' is not assignable to type 'void | ((analyzePlaygroundReportDto: AnalyzePlaygroundReportDto) => Promise<AnalyzePlaygroundReportOutput>)'.
  Type 'TypedPropertyDescriptor<unknown>' is not assignable to type 'void | ((analyzePlaygroundReportDto: AnalyzePlaygroundReportDto) => Promise<AnalyzePlaygroundReportOutput>)'.
backend/src/modules/ai/ai.controller.ts(383,3): error TS1241: Unable to resolve signature of method decorator when called as an expression.
  The runtime will invoke the decorator with 2 arguments, but the decorator expects 3.
backend/src/modules/ai/ai.controller.ts(383,4): error TS1270: Decorator function return type 'void | TypedPropertyDescriptor<unknown>' is not assignable to type 'void | ((analyzePlaygroundReportDto: AnalyzePlaygroundReportDto) => Promise<AnalyzePlaygroundReportOutput>)'.
  Type 'TypedPropertyDescriptor<unknown>' is not assignable to type 'void | ((analyzePlaygroundReportDto: AnalyzePlaygroundReportDto) => Promise<AnalyzePlaygroundReportOutput>)'.
backend/src/modules/ai/ai.controller.ts(385,5): error TS1206: Decorators are not valid here.
backend/src/modules/ai/ai.controller.ts(390,3): error TS1241: Unable to resolve signature of method decorator when called as an expression.
  The runtime will invoke the decorator with 2 arguments, but the decorator expects 3.
backend/src/modules/ai/ai.controller.ts(390,4): error TS1270: Decorator function return type 'void | TypedPropertyDescriptor<unknown>' is not assignable to type 'void | ((generatePlaygroundSummaryDto: GeneratePlaygroundSummaryDto) => Promise<GeneratePlaygroundSummaryOutput>)'.
  Type 'TypedPropertyDescriptor<unknown>' is not assignable to type 'void | ((generatePlaygroundSummaryDto: GeneratePlaygroundSummaryDto) => Promise<GeneratePlaygroundSummaryOutput>)'.
backend/src/modules/ai/ai.controller.ts(391,3): error TS1241: Unable to resolve signature of method decorator when called as an expression.
  The runtime will invoke the decorator with 2 arguments, but the decorator expects 3.
backend/src/modules/ai/ai.controller.ts(391,4): error TS1270: Decorator function return type 'void | TypedPropertyDescriptor<unknown>' is not assignable to type 'void | ((generatePlaygroundSummaryDto: GeneratePlaygroundSummaryDto) => Promise<GeneratePlaygroundSummaryOutput>)'.
  Type 'TypedPropertyDescriptor<unknown>' is not assignable to type 'void | ((generatePlaygroundSummaryDto: GeneratePlaygroundSummaryDto) => Promise<GeneratePlaygroundSummaryOutput>)'.
backend/src/modules/ai/ai.controller.ts(393,5): error TS1206: Decorators are not valid here.
backend/src/modules/ai/ai.controller.ts(400,3): error TS1241: Unable to resolve signature of method decorator when called as an expression.
  The runtime will invoke the decorator with 2 arguments, but the decorator expects 3.
backend/src/modules/ai/ai.controller.ts(400,4): error TS1270: Decorator function return type 'void | TypedPropertyDescriptor<unknown>' is not assignable to type 'void | ((generatePlaygroundTacticDto: GeneratePlaygroundTacticDto) => Promise<GeneratePlaygroundTacticOutput>)'.
  Type 'TypedPropertyDescriptor<unknown>' is not assignable to type 'void | ((generatePlaygroundTacticDto: GeneratePlaygroundTacticDto) => Promise<GeneratePlaygroundTacticOutput>)'.
backend/src/modules/ai/ai.controller.ts(401,3): error TS1241: Unable to resolve signature of method decorator when called as an expression.
  The runtime will invoke the decorator with 2 arguments, but the decorator expects 3.
backend/src/modules/ai/ai.controller.ts(401,4): error TS1270: Decorator function return type 'void | TypedPropertyDescriptor<unknown>' is not assignable to type 'void | ((generatePlaygroundTacticDto: GeneratePlaygroundTacticDto) => Promise<GeneratePlaygroundTacticOutput>)'.
  Type 'TypedPropertyDescriptor<unknown>' is not assignable to type 'void | ((generatePlaygroundTacticDto: GeneratePlaygroundTacticDto) => Promise<GeneratePlaygroundTacticOutput>)'.
backend/src/modules/ai/ai.controller.ts(403,5): error TS1206: Decorators are not valid here.
backend/src/modules/ai/ai.controller.ts(408,3): error TS1241: Unable to resolve signature of method decorator when called as an expression.
  The runtime will invoke the decorator with 2 arguments, but the decorator expects 3.
backend/src/modules/ai/ai.controller.ts(408,4): error TS1270: Decorator function return type 'void | TypedPropertyDescriptor<unknown>' is not assignable to type 'void | ((generatePlaygroundWorkoutDto: GeneratePlaygroundWorkoutDto) => Promise<GeneratePlaygroundWorkoutOutput>)'.
  Type 'TypedPropertyDescriptor<unknown>' is not assignable to type 'void | ((generatePlaygroundWorkoutDto: GeneratePlaygroundWorkoutDto) => Promise<GeneratePlaygroundWorkoutOutput>)'.
backend/src/modules/ai/ai.controller.ts(409,3): error TS1241: Unable to resolve signature of method decorator when called as an expression.
  The runtime will invoke the decorator with 2 arguments, but the decorator expects 3.
backend/src/modules/ai/ai.controller.ts(409,4): error TS1270: Decorator function return type 'void | TypedPropertyDescriptor<unknown>' is not assignable to type 'void | ((generatePlaygroundWorkoutDto: GeneratePlaygroundWorkoutDto) => Promise<GeneratePlaygroundWorkoutOutput>)'.
  Type 'TypedPropertyDescriptor<unknown>' is not assignable to type 'void | ((generatePlaygroundWorkoutDto: GeneratePlaygroundWorkoutDto) => Promise<GeneratePlaygroundWorkoutOutput>)'.
backend/src/modules/ai/ai.controller.ts(411,5): error TS1206: Decorators are not valid here.
backend/src/modules/ai/ai.controller.ts(418,3): error TS1241: Unable to resolve signature of method decorator when called as an expression.
  The runtime will invoke the decorator with 2 arguments, but the decorator expects 3.
backend/src/modules/ai/ai.controller.ts(418,4): error TS1270: Decorator function return type 'void | TypedPropertyDescriptor<unknown>' is not assignable to type 'void | ((smartSearchDto: SmartSearchDto) => Promise<SmartSearchOutput>)'.
  Type 'TypedPropertyDescriptor<unknown>' is not assignable to type 'void | ((smartSearchDto: SmartSearchDto) => Promise<SmartSearchOutput>)'.
backend/src/modules/ai/ai.controller.ts(419,3): error TS1241: Unable to resolve signature of method decorator when called as an expression.
  The runtime will invoke the decorator with 2 arguments, but the decorator expects 3.
backend/src/modules/ai/ai.controller.ts(419,4): error TS1270: Decorator function return type 'void | TypedPropertyDescriptor<unknown>' is not assignable to type 'void | ((smartSearchDto: SmartSearchDto) => Promise<SmartSearchOutput>)'.
  Type 'TypedPropertyDescriptor<unknown>' is not assignable to type 'void | ((smartSearchDto: SmartSearchDto) => Promise<SmartSearchOutput>)'.
backend/src/modules/ai/ai.controller.ts(421,5): error TS1206: Decorators are not valid here.
backend/src/modules/ai/ai.controller.ts(426,3): error TS1241: Unable to resolve signature of method decorator when called as an expression.
  The runtime will invoke the decorator with 2 arguments, but the decorator expects 3.
backend/src/modules/ai/ai.controller.ts(426,4): error TS1270: Decorator function return type 'void | TypedPropertyDescriptor<unknown>' is not assignable to type 'void | ((analyzePlayerPerformanceDto: AnalyzePlayerPerformanceDto) => Promise<AnalyzePlayerPerformanceOutput>)'.
  Type 'TypedPropertyDescriptor<unknown>' is not assignable to type 'void | ((analyzePlayerPerformanceDto: AnalyzePlayerPerformanceDto) => Promise<AnalyzePlayerPerformanceOutput>)'.
backend/src/modules/ai/ai.controller.ts(427,3): error TS1241: Unable to resolve signature of method decorator when called as an expression.
  The runtime will invoke the decorator with 2 arguments, but the decorator expects 3.
backend/src/modules/ai/ai.controller.ts(427,4): error TS1270: Decorator function return type 'void | TypedPropertyDescriptor<unknown>' is not assignable to type 'void | ((analyzePlayerPerformanceDto: AnalyzePlayerPerformanceDto) => Promise<AnalyzePlayerPerformanceOutput>)'.
  Type 'TypedPropertyDescriptor<unknown>' is not assignable to type 'void | ((analyzePlayerPerformanceDto: AnalyzePlayerPerformanceDto) => Promise<AnalyzePlayerPerformanceOutput>)'.
backend/src/modules/ai/ai.controller.ts(429,5): error TS1206: Decorators are not valid here.
backend/src/modules/ai/ai.controller.ts(434,3): error TS1241: Unable to resolve signature of method decorator when called as an expression.
  The runtime will invoke the decorator with 2 arguments, but the decorator expects 3.
backend/src/modules/ai/ai.controller.ts(434,4): error TS1270: Decorator function return type 'void | TypedPropertyDescriptor<unknown>' is not assignable to type 'void | ((generateTrainingPlanDto: GenerateTrainingPlanDto) => Promise<GenerateTrainingPlanOutput>)'.
  Type 'TypedPropertyDescriptor<unknown>' is not assignable to type 'void | ((generateTrainingPlanDto: GenerateTrainingPlanDto) => Promise<GenerateTrainingPlanOutput>)'.
backend/src/modules/ai/ai.controller.ts(435,3): error TS1241: Unable to resolve signature of method decorator when called as an expression.
  The runtime will invoke the decorator with 2 arguments, but the decorator expects 3.
backend/src/modules/ai/ai.controller.ts(435,4): error TS1270: Decorator function return type 'void | TypedPropertyDescriptor<unknown>' is not assignable to type 'void | ((generateTrainingPlanDto: GenerateTrainingPlanDto) => Promise<GenerateTrainingPlanOutput>)'.
  Type 'TypedPropertyDescriptor<unknown>' is not assignable to type 'void | ((generateTrainingPlanDto: GenerateTrainingPlanDto) => Promise<GenerateTrainingPlanOutput>)'.
backend/src/modules/ai/ai.controller.ts(437,5): error TS1206: Decorators are not valid here.
backend/src/modules/ai/ai.controller.ts(442,3): error TS1241: Unable to resolve signature of method decorator when called as an expression.
  The runtime will invoke the decorator with 2 arguments, but the decorator expects 3.
backend/src/modules/ai/ai.controller.ts(442,4): error TS1270: Decorator function return type 'void | TypedPropertyDescriptor<unknown>' is not assignable to type 'void | ((generatePlaygroundLoreDto: GeneratePlaygroundLoreDto) => Promise<GeneratePlaygroundLoreOutput>)'.
  Type 'TypedPropertyDescriptor<unknown>' is not assignable to type 'void | ((generatePlaygroundLoreDto: GeneratePlaygroundLoreDto) => Promise<GeneratePlaygroundLoreOutput>)'.
backend/src/modules/ai/ai.controller.ts(443,3): error TS1241: Unable to resolve signature of method decorator when called as an expression.
  The runtime will invoke the decorator with 2 arguments, but the decorator expects 3.
backend/src/modules/ai/ai.controller.ts(443,4): error TS1270: Decorator function return type 'void | TypedPropertyDescriptor<unknown>' is not assignable to type 'void | ((generatePlaygroundLoreDto: GeneratePlaygroundLoreDto) => Promise<GeneratePlaygroundLoreOutput>)'.
  Type 'TypedPropertyDescriptor<unknown>' is not assignable to type 'void | ((generatePlaygroundLoreDto: GeneratePlaygroundLoreDto) => Promise<GeneratePlaygroundLoreOutput>)'.
backend/src/modules/ai/ai.controller.ts(445,5): error TS1206: Decorators are not valid here.
backend/src/modules/ai/ai.controller.ts(450,3): error TS1241: Unable to resolve signature of method decorator when called as an expression.
  The runtime will invoke the decorator with 2 arguments, but the decorator expects 3.
backend/src/modules/ai/ai.controller.ts(450,4): error TS1270: Decorator function return type 'void | TypedPropertyDescriptor<unknown>' is not assignable to type 'void | ((generatePlaygroundDrillDto: GeneratePlaygroundDrillDto) => Promise<GeneratePlaygroundDrillOutput>)'.
  Type 'TypedPropertyDescriptor<unknown>' is not assignable to type 'void | ((generatePlaygroundDrillDto: GeneratePlaygroundDrillDto) => Promise<GeneratePlaygroundDrillOutput>)'.
backend/src/modules/ai/ai.controller.ts(451,3): error TS1241: Unable to resolve signature of method decorator when called as an expression.
  The runtime will invoke the decorator with 2 arguments, but the decorator expects 3.
backend/src/modules/ai/ai.controller.ts(451,4): error TS1270: Decorator function return type 'void | TypedPropertyDescriptor<unknown>' is not assignable to type 'void | ((generatePlaygroundDrillDto: GeneratePlaygroundDrillDto) => Promise<GeneratePlaygroundDrillOutput>)'.
  Type 'TypedPropertyDescriptor<unknown>' is not assignable to type 'void | ((generatePlaygroundDrillDto: GeneratePlaygroundDrillDto) => Promise<GeneratePlaygroundDrillOutput>)'.
backend/src/modules/ai/ai.controller.ts(453,5): error TS1206: Decorators are not valid here.
backend/src/modules/ai/ai.controller.ts(458,3): error TS1241: Unable to resolve signature of method decorator when called as an expression.
  The runtime will invoke the decorator with 2 arguments, but the decorator expects 3.
backend/src/modules/ai/ai.controller.ts(458,4): error TS1270: Decorator function return type 'void | TypedPropertyDescriptor<unknown>' is not assignable to type 'void | ((generatePlaygroundChallengeDto: GeneratePlaygroundChallengeDto) => Promise<GeneratePlaygroundChallengeOutput>)'.
  Type 'TypedPropertyDescriptor<unknown>' is not assignable to type 'void | ((generatePlaygroundChallengeDto: GeneratePlaygroundChallengeDto) => Promise<GeneratePlaygroundChallengeOutput>)'.
backend/src/modules/ai/ai.controller.ts(459,3): error TS1241: Unable to resolve signature of method decorator when called as an expression.
  The runtime will invoke the decorator with 2 arguments, but the decorator expects 3.
backend/src/modules/ai/ai.controller.ts(459,4): error TS1270: Decorator function return type 'void | TypedPropertyDescriptor<unknown>' is not assignable to type 'void | ((generatePlaygroundChallengeDto: GeneratePlaygroundChallengeDto) => Promise<GeneratePlaygroundChallengeOutput>)'.
  Type 'TypedPropertyDescriptor<unknown>' is not assignable to type 'void | ((generatePlaygroundChallengeDto: GeneratePlaygroundChallengeDto) => Promise<GeneratePlaygroundChallengeOutput>)'.
backend/src/modules/ai/ai.controller.ts(461,5): error TS1206: Decorators are not valid here.
backend/src/modules/ai/ai.controller.ts(468,3): error TS1241: Unable to resolve signature of method decorator when called as an expression.
  The runtime will invoke the decorator with 2 arguments, but the decorator expects 3.
backend/src/modules/ai/ai.controller.ts(468,4): error TS1270: Decorator function return type 'void | TypedPropertyDescriptor<unknown>' is not assignable to type 'void | ((analyzeMatchReportDto: AnalyzeMatchReportDto) => Promise<AnalyzeMatchReportOutput>)'.
  Type 'TypedPropertyDescriptor<unknown>' is not assignable to type 'void | ((analyzeMatchReportDto: AnalyzeMatchReportDto) => Promise<AnalyzeMatchReportOutput>)'.
backend/src/modules/ai/ai.controller.ts(469,3): error TS1241: Unable to resolve signature of method decorator when called as an expression.
  The runtime will invoke the decorator with 2 arguments, but the decorator expects 3.
backend/src/modules/ai/ai.controller.ts(469,4): error TS1270: Decorator function return type 'void | TypedPropertyDescriptor<unknown>' is not assignable to type 'void | ((analyzeMatchReportDto: AnalyzeMatchReportDto) => Promise<AnalyzeMatchReportOutput>)'.
  Type 'TypedPropertyDescriptor<unknown>' is not assignable to type 'void | ((analyzeMatchReportDto: AnalyzeMatchReportDto) => Promise<AnalyzeMatchReportOutput>)'.
backend/src/modules/ai/ai.controller.ts(471,5): error TS1206: Decorators are not valid here.
backend/src/modules/ai/ai.controller.ts(476,3): error TS1241: Unable to resolve signature of method decorator when called as an expression.
  The runtime will invoke the decorator with 2 arguments, but the decorator expects 3.
backend/src/modules/ai/ai.controller.ts(476,4): error TS1270: Decorator function return type 'void | TypedPropertyDescriptor<unknown>' is not assignable to type 'void | ((generateMatchCommentaryDto: GenerateMatchCommentaryDto) => Promise<GenerateMatchCommentaryOutput>)'.
  Type 'TypedPropertyDescriptor<unknown>' is not assignable to type 'void | ((generateMatchCommentaryDto: GenerateMatchCommentaryDto) => Promise<GenerateMatchCommentaryOutput>)'.
backend/src/modules/ai/ai.controller.ts(477,3): error TS1241: Unable to resolve signature of method decorator when called as an expression.
  The runtime will invoke the decorator with 2 arguments, but the decorator expects 3.
backend/src/modules/ai/ai.controller.ts(477,4): error TS1270: Decorator function return type 'void | TypedPropertyDescriptor<unknown>' is not assignable to type 'void | ((generateMatchCommentaryDto: GenerateMatchCommentaryDto) => Promise<GenerateMatchCommentaryOutput>)'.
  Type 'TypedPropertyDescriptor<unknown>' is not assignable to type 'void | ((generateMatchCommentaryDto: GenerateMatchCommentaryDto) => Promise<GenerateMatchCommentaryOutput>)'.
backend/src/modules/ai/ai.controller.ts(479,5): error TS1206: Decorators are not valid here.
backend/src/modules/ai/ai.controller.ts(484,3): error TS1241: Unable to resolve signature of method decorator when called as an expression.
  The runtime will invoke the decorator with 2 arguments, but the decorator expects 3.
backend/src/modules/ai/ai.controller.ts(484,4): error TS1270: Decorator function return type 'void | TypedPropertyDescriptor<unknown>' is not assignable to type 'void | ((generateMatchInterviewDto: GenerateMatchInterviewDto) => Promise<GenerateMatchInterviewOutput>)'.
  Type 'TypedPropertyDescriptor<unknown>' is not assignable to type 'void | ((generateMatchInterviewDto: GenerateMatchInterviewDto) => Promise<GenerateMatchInterviewOutput>)'.
backend/src/modules/ai/ai.controller.ts(485,3): error TS1241: Unable to resolve signature of method decorator when called as an expression.
  The runtime will invoke the decorator with 2 arguments, but the decorator expects 3.
backend/src/modules/ai/ai.controller.ts(485,4): error TS1270: Decorator function return type 'void | TypedPropertyDescriptor<unknown>' is not assignable to type 'void | ((generateMatchInterviewDto: GenerateMatchInterviewDto) => Promise<GenerateMatchInterviewOutput>)'.
  Type 'TypedPropertyDescriptor<unknown>' is not assignable to type 'void | ((generateMatchInterviewDto: GenerateMatchInterviewDto) => Promise<GenerateMatchInterviewOutput>)'.
backend/src/modules/ai/ai.controller.ts(487,5): error TS1206: Decorators are not valid here.
backend/src/modules/ai/ai.controller.ts(492,3): error TS1241: Unable to resolve signature of method decorator when called as an expression.
  The runtime will invoke the decorator with 2 arguments, but the decorator expects 3.
backend/src/modules/ai/ai.controller.ts(492,4): error TS1270: Decorator function return type 'void | TypedPropertyDescriptor<unknown>' is not assignable to type 'void | ((generateMatchPostDto: GenerateMatchPostDto) => Promise<GenerateMatchPostOutput>)'.
  Type 'TypedPropertyDescriptor<unknown>' is not assignable to type 'void | ((generateMatchPostDto: GenerateMatchPostDto) => Promise<GenerateMatchPostOutput>)'.
backend/src/modules/ai/ai.controller.ts(493,3): error TS1241: Unable to resolve signature of method decorator when called as an expression.
  The runtime will invoke the decorator with 2 arguments, but the decorator expects 3.
backend/src/modules/ai/ai.controller.ts(493,4): error TS1270: Decorator function return type 'void | TypedPropertyDescriptor<unknown>' is not assignable to type 'void | ((generateMatchPostDto: GenerateMatchPostDto) => Promise<GenerateMatchPostOutput>)'.
  Type 'TypedPropertyDescriptor<unknown>' is not assignable to type 'void | ((generateMatchPostDto: GenerateMatchPostDto) => Promise<GenerateMatchPostOutput>)'.
backend/src/modules/ai/ai.controller.ts(495,5): error TS1206: Decorators are not valid here.
backend/src/modules/ai/ai.controller.ts(500,3): error TS1241: Unable to resolve signature of method decorator when called as an expression.
  The runtime will invoke the decorator with 2 arguments, but the decorator expects 3.
backend/src/modules/ai/ai.controller.ts(500,4): error TS1270: Decorator function return type 'void | TypedPropertyDescriptor<unknown>' is not assignable to type 'void | ((generateNutritionPlanDto: GenerateNutritionPlanDto) => Promise<GenerateNutritionPlanOutput>)'.
  Type 'TypedPropertyDescriptor<unknown>' is not assignable to type 'void | ((generateNutritionPlanDto: GenerateNutritionPlanDto) => Promise<GenerateNutritionPlanOutput>)'.
backend/src/modules/ai/ai.controller.ts(501,3): error TS1241: Unable to resolve signature of method decorator when called as an expression.
  The runtime will invoke the decorator with 2 arguments, but the decorator expects 3.
backend/src/modules/ai/ai.controller.ts(501,4): error TS1270: Decorator function return type 'void | TypedPropertyDescriptor<unknown>' is not assignable to type 'void | ((generateNutritionPlanDto: GenerateNutritionPlanDto) => Promise<GenerateNutritionPlanOutput>)'.
  Type 'TypedPropertyDescriptor<unknown>' is not assignable to type 'void | ((generateNutritionPlanDto: GenerateNutritionPlanDto) => Promise<GenerateNutritionPlanOutput>)'.
backend/src/modules/ai/ai.controller.ts(503,5): error TS1206: Decorators are not valid here.
backend/src/modules/ai/ai.controller.ts(508,3): error TS1241: Unable to resolve signature of method decorator when called as an expression.
  The runtime will invoke the decorator with 2 arguments, but the decorator expects 3.
backend/src/modules/ai/ai.controller.ts(508,4): error TS1270: Decorator function return type 'void | TypedPropertyDescriptor<unknown>' is not assignable to type 'void | ((analyzeHolisticPerformanceDto: AnalyzeHolisticPerformanceDto) => Promise<AnalyzeHolisticPerformanceOutput>)'.
  Type 'TypedPropertyDescriptor<unknown>' is not assignable to type 'void | ((analyzeHolisticPerformanceDto: AnalyzeHolisticPerformanceDto) => Promise<AnalyzeHolisticPerformanceOutput>)'.
backend/src/modules/ai/ai.controller.ts(509,3): error TS1241: Unable to resolve signature of method decorator when called as an expression.
  The runtime will invoke the decorator with 2 arguments, but the decorator expects 3.
backend/src/modules/ai/ai.controller.ts(509,4): error TS1270: Decorator function return type 'void | TypedPropertyDescriptor<unknown>' is not assignable to type 'void | ((analyzeHolisticPerformanceDto: AnalyzeHolisticPerformanceDto) => Promise<AnalyzeHolisticPerformanceOutput>)'.
  Type 'TypedPropertyDescriptor<unknown>' is not assignable to type 'void | ((analyzeHolisticPerformanceDto: AnalyzeHolisticPerformanceDto) => Promise<AnalyzeHolisticPerformanceOutput>)'.
backend/src/modules/ai/ai.controller.ts(511,5): error TS1206: Decorators are not valid here.
backend/src/modules/ai/ai.controller.ts(518,3): error TS1241: Unable to resolve signature of method decorator when called as an expression.
  The runtime will invoke the decorator with 2 arguments, but the decorator expects 3.
backend/src/modules/ai/ai.controller.ts(518,4): error TS1270: Decorator function return type 'void | TypedPropertyDescriptor<unknown>' is not assignable to type 'void | ((suggestReplyDto: SuggestReplyDto) => Promise<SuggestReplyOutput>)'.
  Type 'TypedPropertyDescriptor<unknown>' is not assignable to type 'void | ((suggestReplyDto: SuggestReplyDto) => Promise<SuggestReplyOutput>)'.
backend/src/modules/ai/ai.controller.ts(519,3): error TS1241: Unable to resolve signature of method decorator when called as an expression.
  The runtime will invoke the decorator with 2 arguments, but the decorator expects 3.
backend/src/modules/ai/ai.controller.ts(519,4): error TS1270: Decorator function return type 'void | TypedPropertyDescriptor<unknown>' is not assignable to type 'void | ((suggestReplyDto: SuggestReplyDto) => Promise<SuggestReplyOutput>)'.
  Type 'TypedPropertyDescriptor<unknown>' is not assignable to type 'void | ((suggestReplyDto: SuggestReplyDto) => Promise<SuggestReplyOutput>)'.
backend/src/modules/ai/ai.controller.ts(521,5): error TS1206: Decorators are not valid here.
backend/src/modules/ai/ai.controller.ts(526,3): error TS1241: Unable to resolve signature of method decorator when called as an expression.
  The runtime will invoke the decorator with 2 arguments, but the decorator expects 3.
backend/src/modules/ai/ai.controller.ts(526,4): error TS1270: Decorator function return type 'void | TypedPropertyDescriptor<unknown>' is not assignable to type 'void | ((supportChatbotDto: SupportChatbotDto) => Promise<SupportChatbotOutput>)'.
  Type 'TypedPropertyDescriptor<unknown>' is not assignable to type 'void | ((supportChatbotDto: SupportChatbotDto) => Promise<SupportChatbotOutput>)'.
backend/src/modules/ai/ai.controller.ts(527,3): error TS1241: Unable to resolve signature of method decorator when called as an expression.
  The runtime will invoke the decorator with 2 arguments, but the decorator expects 3.
backend/src/modules/ai/ai.controller.ts(527,4): error TS1270: Decorator function return type 'void | TypedPropertyDescriptor<unknown>' is not assignable to type 'void | ((supportChatbotDto: SupportChatbotDto) => Promise<SupportChatbotOutput>)'.
  Type 'TypedPropertyDescriptor<unknown>' is not assignable to type 'void | ((supportChatbotDto: SupportChatbotDto) => Promise<SupportChatbotOutput>)'.
backend/src/modules/ai/ai.controller.ts(529,5): error TS1206: Decorators are not valid here.
backend/src/modules/ai/ai.controller.ts(534,3): error TS1241: Unable to resolve signature of method decorator when called as an expression.
  The runtime will invoke the decorator with 2 arguments, but the decorator expects 3.
backend/src/modules/ai/ai.controller.ts(534,4): error TS1270: Decorator function return type 'void | TypedPropertyDescriptor<unknown>' is not assignable to type 'void | ((req: Request<ParamsDictionary, any, any, ParsedQs, Record<string, any>>) => Promise<GenerateDashboardTipOutput>)'.
  Type 'TypedPropertyDescriptor<unknown>' is not assignable to type 'void | ((req: Request<ParamsDictionary, any, any, ParsedQs, Record<string, any>>) => Promise<GenerateDashboardTipOutput>)'.
backend/src/modules/ai/ai.controller.ts(535,3): error TS1241: Unable to resolve signature of method decorator when called as an expression.
  The runtime will invoke the decorator with 2 arguments, but the decorator expects 3.
backend/src/modules/ai/ai.controller.ts(535,4): error TS1270: Decorator function return type 'void | TypedPropertyDescriptor<unknown>' is not assignable to type 'void | ((req: Request<ParamsDictionary, any, any, ParsedQs, Record<string, any>>) => Promise<GenerateDashboardTipOutput>)'.
  Type 'TypedPropertyDescriptor<unknown>' is not assignable to type 'void | ((req: Request<ParamsDictionary, any, any, ParsedQs, Record<string, any>>) => Promise<GenerateDashboardTipOutput>)'.
backend/src/modules/ai/ai.controller.ts(537,5): error TS1206: Decorators are not valid here.
backend/src/modules/ai/ai.controller.ts(543,3): error TS1241: Unable to resolve signature of method decorator when called as an expression.
  The runtime will invoke the decorator with 2 arguments, but the decorator expects 3.
backend/src/modules/ai/ai.controller.ts(543,4): error TS1270: Decorator function return type 'void | TypedPropertyDescriptor<unknown>' is not assignable to type 'void | ((analyzeMatchChallengeDto: AnalyzeMatchChallengeDto) => Promise<AnalyzeMatchChallengeOutput>)'.
  Type 'TypedPropertyDescriptor<unknown>' is not assignable to type 'void | ((analyzeMatchChallengeDto: AnalyzeMatchChallengeDto) => Promise<AnalyzeMatchChallengeOutput>)'.
backend/src/modules/ai/ai.controller.ts(544,3): error TS1241: Unable to resolve signature of method decorator when called as an expression.
  The runtime will invoke the decorator with 2 arguments, but the decorator expects 3.
backend/src/modules/ai/ai.controller.ts(544,4): error TS1270: Decorator function return type 'void | TypedPropertyDescriptor<unknown>' is not assignable to type 'void | ((analyzeMatchChallengeDto: AnalyzeMatchChallengeDto) => Promise<AnalyzeMatchChallengeOutput>)'.
  Type 'TypedPropertyDescriptor<unknown>' is not assignable to type 'void | ((analyzeMatchChallengeDto: AnalyzeMatchChallengeDto) => Promise<AnalyzeMatchChallengeOutput>)'.
backend/src/modules/ai/ai.controller.ts(546,5): error TS1206: Decorators are not valid here.
backend/src/modules/ai/ai.controller.ts(551,3): error TS1241: Unable to resolve signature of method decorator when called as an expression.
  The runtime will invoke the decorator with 2 arguments, but the decorator expects 3.
backend/src/modules/ai/ai.controller.ts(551,4): error TS1270: Decorator function return type 'void | TypedPropertyDescriptor<unknown>' is not assignable to type 'void | ((analyzeExerciseFormDto: AnalyzeExerciseFormDto) => Promise<AnalyzeExerciseFormOutput>)'.
  Type 'TypedPropertyDescriptor<unknown>' is not assignable to type 'void | ((analyzeExerciseFormDto: AnalyzeExerciseFormDto) => Promise<AnalyzeExerciseFormOutput>)'.
backend/src/modules/ai/ai.controller.ts(552,3): error TS1241: Unable to resolve signature of method decorator when called as an expression.
  The runtime will invoke the decorator with 2 arguments, but the decorator expects 3.
backend/src/modules/ai/ai.controller.ts(552,4): error TS1270: Decorator function return type 'void | TypedPropertyDescriptor<unknown>' is not assignable to type 'void | ((analyzeExerciseFormDto: AnalyzeExerciseFormDto) => Promise<AnalyzeExerciseFormOutput>)'.
  Type 'TypedPropertyDescriptor<unknown>' is not assignable to type 'void | ((analyzeExerciseFormDto: AnalyzeExerciseFormDto) => Promise<AnalyzeExerciseFormOutput>)'.
backend/src/modules/ai/ai.controller.ts(554,5): error TS1206: Decorators are not valid here.
backend/src/modules/ai/ai.controller.ts(559,3): error TS1241: Unable to resolve signature of method decorator when called as an expression.
  The runtime will invoke the decorator with 2 arguments, but the decorator expects 3.
backend/src/modules/ai/ai.controller.ts(559,4): error TS1270: Decorator function return type 'void | TypedPropertyDescriptor<unknown>' is not assignable to type 'void | ((analyzeReportDto: AnalyzeReportDto) => Promise<AnalyzeReportOutput>)'.
  Type 'TypedPropertyDescriptor<unknown>' is not assignable to type 'void | ((analyzeReportDto: AnalyzeReportDto) => Promise<AnalyzeReportOutput>)'.
backend/src/modules/ai/ai.controller.ts(560,3): error TS1241: Unable to resolve signature of method decorator when called as an expression.
  The runtime will invoke the decorator with 2 arguments, but the decorator expects 3.
backend/src/modules/ai/ai.controller.ts(560,4): error TS1270: Decorator function return type 'void | TypedPropertyDescriptor<unknown>' is not assignable to type 'void | ((analyzeReportDto: AnalyzeReportDto) => Promise<AnalyzeReportOutput>)'.
  Type 'TypedPropertyDescriptor<unknown>' is not assignable to type 'void | ((analyzeReportDto: AnalyzeReportDto) => Promise<AnalyzeReportOutput>)'.
backend/src/modules/ai/ai.controller.ts(562,5): error TS1206: Decorators are not valid here.
backend/src/modules/ai/ai.controller.ts(567,3): error TS1241: Unable to resolve signature of method decorator when called as an expression.
  The runtime will invoke the decorator with 2 arguments, but the decorator expects 3.
backend/src/modules/ai/ai.controller.ts(567,4): error TS1270: Decorator function return type 'void | TypedPropertyDescriptor<unknown>' is not assignable to type 'void | ((analyzeRoleChangeDto: AnalyzeRoleChangeDto) => Promise<AnalyzeRoleChangeOutput>)'.
  Type 'TypedPropertyDescriptor<unknown>' is not assignable to type 'void | ((analyzeRoleChangeDto: AnalyzeRoleChangeDto) => Promise<AnalyzeRoleChangeOutput>)'.
backend/src/modules/ai/ai.controller.ts(568,3): error TS1241: Unable to resolve signature of method decorator when called as an expression.
  The runtime will invoke the decorator with 2 arguments, but the decorator expects 3.
backend/src/modules/ai/ai.controller.ts(568,4): error TS1270: Decorator function return type 'void | TypedPropertyDescriptor<unknown>' is not assignable to type 'void | ((analyzeRoleChangeDto: AnalyzeRoleChangeDto) => Promise<AnalyzeRoleChangeOutput>)'.
  Type 'TypedPropertyDescriptor<unknown>' is not assignable to type 'void | ((analyzeRoleChangeDto: AnalyzeRoleChangeDto) => Promise<AnalyzeRoleChangeOutput>)'.
backend/src/modules/ai/ai.controller.ts(570,5): error TS1206: Decorators are not valid here.
backend/src/modules/ai/ai.controller.ts(575,3): error TS1241: Unable to resolve signature of method decorator when called as an expression.
  The runtime will invoke the decorator with 2 arguments, but the decorator expects 3.
backend/src/modules/ai/ai.controller.ts(575,4): error TS1270: Decorator function return type 'void | TypedPropertyDescriptor<unknown>' is not assignable to type 'void | ((analyzeDisputeDto: AnalyzeDisputeDto) => Promise<AnalyzeDisputeOutput>)'.
  Type 'TypedPropertyDescriptor<unknown>' is not assignable to type 'void | ((analyzeDisputeDto: AnalyzeDisputeDto) => Promise<AnalyzeDisputeOutput>)'.
backend/src/modules/ai/ai.controller.ts(576,3): error TS1241: Unable to resolve signature of method decorator when called as an expression.
  The runtime will invoke the decorator with 2 arguments, but the decorator expects 3.
backend/src/modules/ai/ai.controller.ts(576,4): error TS1270: Decorator function return type 'void | TypedPropertyDescriptor<unknown>' is not assignable to type 'void | ((analyzeDisputeDto: AnalyzeDisputeDto) => Promise<AnalyzeDisputeOutput>)'.
  Type 'TypedPropertyDescriptor<unknown>' is not assignable to type 'void | ((analyzeDisputeDto: AnalyzeDisputeDto) => Promise<AnalyzeDisputeOutput>)'.
backend/src/modules/ai/ai.controller.ts(578,5): error TS1206: Decorators are not valid here.
backend/src/modules/ai/ai.controller.ts(583,3): error TS1241: Unable to resolve signature of method decorator when called as an expression.
  The runtime will invoke the decorator with 2 arguments, but the decorator expects 3.
backend/src/modules/ai/ai.controller.ts(583,4): error TS1270: Decorator function return type 'void | TypedPropertyDescriptor<unknown>' is not assignable to type 'void | ((findCoachesDto: FindCoachesDto) => Promise<FindCoachesOutput>)'.
  Type 'TypedPropertyDescriptor<unknown>' is not assignable to type 'void | ((findCoachesDto: FindCoachesDto) => Promise<FindCoachesOutput>)'.
backend/src/modules/ai/ai.controller.ts(584,3): error TS1241: Unable to resolve signature of method decorator when called as an expression.
  The runtime will invoke the decorator with 2 arguments, but the decorator expects 3.
backend/src/modules/ai/ai.controller.ts(584,4): error TS1270: Decorator function return type 'void | TypedPropertyDescriptor<unknown>' is not assignable to type 'void | ((findCoachesDto: FindCoachesDto) => Promise<FindCoachesOutput>)'.
  Type 'TypedPropertyDescriptor<unknown>' is not assignable to type 'void | ((findCoachesDto: FindCoachesDto) => Promise<FindCoachesOutput>)'.
backend/src/modules/ai/ai.controller.ts(586,5): error TS1206: Decorators are not valid here.
backend/src/modules/ai/ai.controller.ts(591,3): error TS1241: Unable to resolve signature of method decorator when called as an expression.
  The runtime will invoke the decorator with 2 arguments, but the decorator expects 3.
backend/src/modules/ai/ai.controller.ts(591,4): error TS1270: Decorator function return type 'void | TypedPropertyDescriptor<unknown>' is not assignable to type 'void | ((sponsorshipScoutDto: SponsorshipScoutDto) => Promise<SponsorshipScoutOutput>)'.
  Type 'TypedPropertyDescriptor<unknown>' is not assignable to type 'void | ((sponsorshipScoutDto: SponsorshipScoutDto) => Promise<SponsorshipScoutOutput>)'.
backend/src/modules/ai/ai.controller.ts(592,3): error TS1241: Unable to resolve signature of method decorator when called as an expression.
  The runtime will invoke the decorator with 2 arguments, but the decorator expects 3.
backend/src/modules/ai/ai.controller.ts(592,4): error TS1270: Decorator function return type 'void | TypedPropertyDescriptor<unknown>' is not assignable to type 'void | ((sponsorshipScoutDto: SponsorshipScoutDto) => Promise<SponsorshipScoutOutput>)'.
  Type 'TypedPropertyDescriptor<unknown>' is not assignable to type 'void | ((sponsorshipScoutDto: SponsorshipScoutDto) => Promise<SponsorshipScoutOutput>)'.
backend/src/modules/ai/ai.controller.ts(594,5): error TS1206: Decorators are not valid here.
backend/src/modules/ai/ai.controller.ts(599,3): error TS1241: Unable to resolve signature of method decorator when called as an expression.
  The runtime will invoke the decorator with 2 arguments, but the decorator expects 3.
backend/src/modules/ai/ai.controller.ts(599,4): error TS1270: Decorator function return type 'void | TypedPropertyDescriptor<unknown>' is not assignable to type 'void | ((findEquipmentDto: FindEquipmentDto) => Promise<FindEquipmentOutput>)'.
  Type 'TypedPropertyDescriptor<unknown>' is not assignable to type 'void | ((findEquipmentDto: FindEquipmentDto) => Promise<FindEquipmentOutput>)'.
backend/src/modules/ai/ai.controller.ts(600,3): error TS1241: Unable to resolve signature of method decorator when called as an expression.
  The runtime will invoke the decorator with 2 arguments, but the decorator expects 3.
backend/src/modules/ai/ai.controller.ts(600,4): error TS1270: Decorator function return type 'void | TypedPropertyDescriptor<unknown>' is not assignable to type 'void | ((findEquipmentDto: FindEquipmentDto) => Promise<FindEquipmentOutput>)'.
  Type 'TypedPropertyDescriptor<unknown>' is not assignable to type 'void | ((findEquipmentDto: FindEquipmentDto) => Promise<FindEquipmentOutput>)'.
backend/src/modules/ai/ai.controller.ts(602,5): error TS1206: Decorators are not valid here.
backend/src/modules/ai/ai.controller.ts(607,3): error TS1241: Unable to resolve signature of method decorator when called as an expression.
  The runtime will invoke the decorator with 2 arguments, but the decorator expects 3.
backend/src/modules/ai/ai.controller.ts(607,4): error TS1270: Decorator function return type 'void | TypedPropertyDescriptor<unknown>' is not assignable to type 'void | ((findLfgLobbiesDto: FindLfgLobbiesDto) => Promise<FindLfgLobbiesOutput>)'.
  Type 'TypedPropertyDescriptor<unknown>' is not assignable to type 'void | ((findLfgLobbiesDto: FindLfgLobbiesDto) => Promise<FindLfgLobbiesOutput>)'.
backend/src/modules/ai/ai.controller.ts(608,3): error TS1241: Unable to resolve signature of method decorator when called as an expression.
  The runtime will invoke the decorator with 2 arguments, but the decorator expects 3.
backend/src/modules/ai/ai.controller.ts(608,4): error TS1270: Decorator function return type 'void | TypedPropertyDescriptor<unknown>' is not assignable to type 'void | ((findLfgLobbiesDto: FindLfgLobbiesDto) => Promise<FindLfgLobbiesOutput>)'.
  Type 'TypedPropertyDescriptor<unknown>' is not assignable to type 'void | ((findLfgLobbiesDto: FindLfgLobbiesDto) => Promise<FindLfgLobbiesOutput>)'.
backend/src/modules/ai/ai.controller.ts(610,5): error TS1206: Decorators are not valid here.
backend/src/modules/ai/ai.controller.ts(615,3): error TS1241: Unable to resolve signature of method decorator when called as an expression.
  The runtime will invoke the decorator with 2 arguments, but the decorator expects 3.
backend/src/modules/ai/ai.controller.ts(615,4): error TS1270: Decorator function return type 'void | TypedPropertyDescriptor<unknown>' is not assignable to type 'void | ((findVenuesDto: FindVenuesDto) => Promise<FindVenuesOutput>)'.
  Type 'TypedPropertyDescriptor<unknown>' is not assignable to type 'void | ((findVenuesDto: FindVenuesDto) => Promise<FindVenuesOutput>)'.
backend/src/modules/ai/ai.controller.ts(616,3): error TS1241: Unable to resolve signature of method decorator when called as an expression.
  The runtime will invoke the decorator with 2 arguments, but the decorator expects 3.
backend/src/modules/ai/ai.controller.ts(616,4): error TS1270: Decorator function return type 'void | TypedPropertyDescriptor<unknown>' is not assignable to type 'void | ((findVenuesDto: FindVenuesDto) => Promise<FindVenuesOutput>)'.
  Type 'TypedPropertyDescriptor<unknown>' is not assignable to type 'void | ((findVenuesDto: FindVenuesDto) => Promise<FindVenuesOutput>)'.
backend/src/modules/ai/ai.controller.ts(618,5): error TS1206: Decorators are not valid here.
backend/src/modules/ai/ai.controller.ts(623,3): error TS1241: Unable to resolve signature of method decorator when called as an expression.
  The runtime will invoke the decorator with 2 arguments, but the decorator expects 3.
backend/src/modules/ai/ai.controller.ts(623,4): error TS1270: Decorator function return type 'void | TypedPropertyDescriptor<unknown>' is not assignable to type 'void | ((generateSportSummaryDto: GenerateSportSummaryDto) => Promise<GenerateSportSummaryOutput>)'.
  Type 'TypedPropertyDescriptor<unknown>' is not assignable to type 'void | ((generateSportSummaryDto: GenerateSportSummaryDto) => Promise<GenerateSportSummaryOutput>)'.
backend/src/modules/ai/ai.controller.ts(624,3): error TS1241: Unable to resolve signature of method decorator when called as an expression.
  The runtime will invoke the decorator with 2 arguments, but the decorator expects 3.
backend/src/modules/ai/ai.controller.ts(624,4): error TS1270: Decorator function return type 'void | TypedPropertyDescriptor<unknown>' is not assignable to type 'void | ((generateSportSummaryDto: GenerateSportSummaryDto) => Promise<GenerateSportSummaryOutput>)'.
  Type 'TypedPropertyDescriptor<unknown>' is not assignable to type 'void | ((generateSportSummaryDto: GenerateSportSummaryDto) => Promise<GenerateSportSummaryOutput>)'.
backend/src/modules/ai/ai.controller.ts(626,5): error TS1206: Decorators are not valid here.
backend/src/modules/ai/ai.controller.ts(631,3): error TS1241: Unable to resolve signature of method decorator when called as an expression.
  The runtime will invoke the decorator with 2 arguments, but the decorator expects 3.
backend/src/modules/ai/ai.controller.ts(631,4): error TS1270: Decorator function return type 'void | TypedPropertyDescriptor<unknown>' is not assignable to type 'void | ((generateTournamentSummaryDto: GenerateTournamentSummaryDto) => Promise<GenerateTournamentSummaryOutput>)'.
  Type 'TypedPropertyDescriptor<unknown>' is not assignable to type 'void | ((generateTournamentSummaryDto: GenerateTournamentSummaryDto) => Promise<GenerateTournamentSummaryOutput>)'.
backend/src/modules/ai/ai.controller.ts(632,3): error TS1241: Unable to resolve signature of method decorator when called as an expression.
  The runtime will invoke the decorator with 2 arguments, but the decorator expects 3.
backend/src/modules/ai/ai.controller.ts(632,4): error TS1270: Decorator function return type 'void | TypedPropertyDescriptor<unknown>' is not assignable to type 'void | ((generateTournamentSummaryDto: GenerateTournamentSummaryDto) => Promise<GenerateTournamentSummaryOutput>)'.
  Type 'TypedPropertyDescriptor<unknown>' is not assignable to type 'void | ((generateTournamentSummaryDto: GenerateTournamentSummaryDto) => Promise<GenerateTournamentSummaryOutput>)'.
backend/src/modules/ai/ai.controller.ts(634,5): error TS1206: Decorators are not valid here.
backend/src/modules/ai/ai.controller.ts(641,3): error TS1241: Unable to resolve signature of method decorator when called as an expression.
  The runtime will invoke the decorator with 2 arguments, but the decorator expects 3.
backend/src/modules/ai/ai.controller.ts(641,4): error TS1270: Decorator function return type 'void | TypedPropertyDescriptor<unknown>' is not assignable to type 'void | ((generateTrainingProgramDto: GenerateTrainingProgramDto) => Promise<GenerateTrainingProgramOutput>)'.
  Type 'TypedPropertyDescriptor<unknown>' is not assignable to type 'void | ((generateTrainingProgramDto: GenerateTrainingProgramDto) => Promise<GenerateTrainingProgramOutput>)'.
backend/src/modules/ai/ai.controller.ts(642,3): error TS1241: Unable to resolve signature of method decorator when called as an expression.
  The runtime will invoke the decorator with 2 arguments, but the decorator expects 3.
backend/src/modules/ai/ai.controller.ts(642,4): error TS1270: Decorator function return type 'void | TypedPropertyDescriptor<unknown>' is not assignable to type 'void | ((generateTrainingProgramDto: GenerateTrainingProgramDto) => Promise<GenerateTrainingProgramOutput>)'.
  Type 'TypedPropertyDescriptor<unknown>' is not assignable to type 'void | ((generateTrainingProgramDto: GenerateTrainingProgramDto) => Promise<GenerateTrainingProgramOutput>)'.
backend/src/modules/ai/ai.controller.ts(644,5): error TS1206: Decorators are not valid here.
backend/src/modules/ai/ai.controller.ts(649,3): error TS1241: Unable to resolve signature of method decorator when called as an expression.
  The runtime will invoke the decorator with 2 arguments, but the decorator expects 3.
backend/src/modules/ai/ai.controller.ts(649,4): error TS1270: Decorator function return type 'void | TypedPropertyDescriptor<unknown>' is not assignable to type 'void | ((onboardingAssistantDto: OnboardingAssistantDto) => Promise<OnboardingOutput>)'.
  Type 'TypedPropertyDescriptor<unknown>' is not assignable to type 'void | ((onboardingAssistantDto: OnboardingAssistantDto) => Promise<OnboardingOutput>)'.
backend/src/modules/ai/ai.controller.ts(650,3): error TS1241: Unable to resolve signature of method decorator when called as an expression.
  The runtime will invoke the decorator with 2 arguments, but the decorator expects 3.
backend/src/modules/ai/ai.controller.ts(650,4): error TS1270: Decorator function return type 'void | TypedPropertyDescriptor<unknown>' is not assignable to type 'void | ((onboardingAssistantDto: OnboardingAssistantDto) => Promise<OnboardingOutput>)'.
  Type 'TypedPropertyDescriptor<unknown>' is not assignable to type 'void | ((onboardingAssistantDto: OnboardingAssistantDto) => Promise<OnboardingOutput>)'.
backend/src/modules/ai/ai.controller.ts(652,5): error TS1206: Decorators are not valid here.
backend/src/modules/ai/ai.controller.ts(657,3): error TS1241: Unable to resolve signature of method decorator when called as an expression.
  The runtime will invoke the decorator with 2 arguments, but the decorator expects 3.
backend/src/modules/ai/ai.controller.ts(657,4): error TS1270: Decorator function return type 'void | TypedPropertyDescriptor<unknown>' is not assignable to type 'void | ((predictMatchOutcomeDto: PredictMatchOutcomeDto) => Promise<PredictMatchOutcomeOutput>)'.
  Type 'TypedPropertyDescriptor<unknown>' is not assignable to type 'void | ((predictMatchOutcomeDto: PredictMatchOutcomeDto) => Promise<PredictMatchOutcomeOutput>)'.
backend/src/modules/ai/ai.controller.ts(658,3): error TS1241: Unable to resolve signature of method decorator when called as an expression.
  The runtime will invoke the decorator with 2 arguments, but the decorator expects 3.
backend/src/modules/ai/ai.controller.ts(658,4): error TS1270: Decorator function return type 'void | TypedPropertyDescriptor<unknown>' is not assignable to type 'void | ((predictMatchOutcomeDto: PredictMatchOutcomeDto) => Promise<PredictMatchOutcomeOutput>)'.
  Type 'TypedPropertyDescriptor<unknown>' is not assignable to type 'void | ((predictMatchOutcomeDto: PredictMatchOutcomeDto) => Promise<PredictMatchOutcomeOutput>)'.
backend/src/modules/ai/ai.controller.ts(660,5): error TS1206: Decorators are not valid here.
backend/src/modules/ai/ai.controller.ts(665,3): error TS1241: Unable to resolve signature of method decorator when called as an expression.
  The runtime will invoke the decorator with 2 arguments, but the decorator expects 3.
backend/src/modules/ai/ai.controller.ts(665,4): error TS1270: Decorator function return type 'void | TypedPropertyDescriptor<unknown>' is not assignable to type 'void | ((playerScoutDto: PlayerScoutDto) => Promise<PlayerScoutOutput>)'.
  Type 'TypedPropertyDescriptor<unknown>' is not assignable to type 'void | ((playerScoutDto: PlayerScoutDto) => Promise<PlayerScoutOutput>)'.
backend/src/modules/ai/ai.controller.ts(666,3): error TS1241: Unable to resolve signature of method decorator when called as an expression.
  The runtime will invoke the decorator with 2 arguments, but the decorator expects 3.
backend/src/modules/ai/ai.controller.ts(666,4): error TS1270: Decorator function return type 'void | TypedPropertyDescriptor<unknown>' is not assignable to type 'void | ((playerScoutDto: PlayerScoutDto) => Promise<PlayerScoutOutput>)'.
  Type 'TypedPropertyDescriptor<unknown>' is not assignable to type 'void | ((playerScoutDto: PlayerScoutDto) => Promise<PlayerScoutOutput>)'.
backend/src/modules/ai/ai.controller.ts(668,5): error TS1206: Decorators are not valid here.
backend/src/modules/ai/ai.module.ts(5,30): error TS2307: Cannot find module '@/prisma/prisma.module' or its corresponding type declarations.
backend/src/modules/ai/ai.service.ts(15,36): error TS2307: Cannot find module '@/ai/flows/schemas/generate-platform-news-schema' or its corresponding type declarations.
backend/src/modules/ai/ai.service.ts(20,8): error TS2307: Cannot find module '@/ai/flows/analyze-join-request-flow' or its corresponding type declarations.
backend/src/modules/ai/ai.service.ts(25,8): error TS2307: Cannot find module '@/ai/flows/analyze-team-performance-flow' or its corresponding type declarations.
backend/src/modules/ai/ai.service.ts(30,8): error TS2307: Cannot find module '@/ai/flows/analyze-esports-performance-flow' or its corresponding type declarations.
backend/src/modules/ai/ai.service.ts(35,8): error TS2307: Cannot find module '@/ai/flows/analyze-content-generation-flow' or its corresponding type declarations.
backend/src/modules/ai/ai.service.ts(40,8): error TS2307: Cannot find module '@/ai/flows/generate-content-flow' or its corresponding type declarations.
backend/src/modules/ai/ai.service.ts(45,8): error TS2307: Cannot find module '@/ai/flows/dialogue-generation-flow' or its corresponding type declarations.
backend/src/modules/ai/ai.service.ts(50,8): error TS2307: Cannot find module '@/ai/flows/multi-speaker-tts-flow' or its corresponding type declarations.
backend/src/modules/ai/ai.service.ts(55,8): error TS2307: Cannot find module '@/ai/flows/tts-flow' or its corresponding type declarations.
backend/src/modules/ai/ai.service.ts(60,8): error TS2307: Cannot find module '@/ai/flows/analyze-security-flow' or its corresponding type declarations.
backend/src/modules/ai/ai.service.ts(65,8): error TS2307: Cannot find module '@/ai/flows/generate-social-media-post-flow' or its corresponding type declarations.
backend/src/modules/ai/ai.service.ts(70,8): error TS2307: Cannot find module '@/ai/flows/generate-sponsorship-pitch' or its corresponding type declarations.
backend/src/modules/ai/ai.service.ts(75,8): error TS2307: Cannot find module '@/ai/flows/generate-promotion-wizard-flow' or its corresponding type declarations.
backend/src/modules/ai/ai.service.ts(80,8): error TS2307: Cannot find module '@/ai/flows/generate-tournament-wizard-flow' or its corresponding type declarations.
backend/src/modules/ai/ai.service.ts(85,8): error TS2307: Cannot find module '@/ai/flows/ai-team-assistant-flow' or its corresponding type declarations.
backend/src/modules/ai/ai.service.ts(90,8): error TS2307: Cannot find module '@/ai/flows/find-sponsors-for-team-flow' or its corresponding type declarations.
backend/src/modules/ai/ai.service.ts(95,8): error TS2307: Cannot find module '@/ai/flows/generate-post-image-flow' or its corresponding type declarations.
backend/src/modules/ai/ai.service.ts(100,8): error TS2307: Cannot find module '@/ai/flows/analyze-playground-details-flow' or its corresponding type declarations.
backend/src/modules/ai/ai.service.ts(105,8): error TS2307: Cannot find module '@/ai/flows/analyze-playground-report-flow' or its corresponding type declarations.
backend/src/modules/ai/ai.service.ts(110,8): error TS2307: Cannot find module '@/ai/flows/generate-playground-summary-flow' or its corresponding type declarations.
backend/src/modules/ai/ai.service.ts(115,8): error TS2307: Cannot find module '@/ai/flows/generate-playground-tactic-flow' or its corresponding type declarations.
backend/src/modules/ai/ai.service.ts(120,8): error TS2307: Cannot find module '@/ai/flows/smart-search-flow' or its corresponding type declarations.
backend/src/modules/ai/ai.service.ts(125,8): error TS2307: Cannot find module '@/ai/flows/analyze-player-performance-flow' or its corresponding type declarations.
backend/src/modules/ai/ai.service.ts(130,8): error TS2307: Cannot find module '@/ai/flows/generate-training-plan-flow' or its corresponding type declarations.
backend/src/modules/ai/ai.service.ts(135,8): error TS2307: Cannot find module '@/ai/flows/generate-playground-workout-flow' or its corresponding type declarations.
backend/src/modules/ai/ai.service.ts(140,8): error TS2307: Cannot find module '@/ai/flows/generate-playground-lore' or its corresponding type declarations.
backend/src/modules/ai/ai.service.ts(145,8): error TS2307: Cannot find module '@/ai/flows/generate-playground-drill-flow' or its corresponding type declarations.
backend/src/modules/ai/ai.service.ts(150,8): error TS2307: Cannot find module '@/ai/flows/analyze-match-report-flow' or its corresponding type declarations.
backend/src/modules/ai/ai.service.ts(154,8): error TS2307: Cannot find module '@/ai/flows/generate-match-commentary-flow' or its corresponding type declarations.
backend/src/modules/ai/ai.service.ts(155,52): error TS2307: Cannot find module '@/ai/flows/generate-match-commentary-flow' or its corresponding type declarations.
backend/src/modules/ai/ai.service.ts(160,8): error TS2307: Cannot find module '@/ai/flows/generate-match-interview-flow' or its corresponding type declarations.
backend/src/modules/ai/ai.service.ts(165,8): error TS2307: Cannot find module '@/ai/flows/analyze-holistic-performance-flow' or its corresponding type declarations.
backend/src/modules/ai/ai.service.ts(170,8): error TS2307: Cannot find module '@/ai/flows/suggest-reply-flow' or its corresponding type declarations.
backend/src/modules/ai/ai.service.ts(175,8): error TS2307: Cannot find module '@/ai/flows/support-chatbot-flow' or its corresponding type declarations.
backend/src/modules/ai/ai.service.ts(180,8): error TS2307: Cannot find module '@/ai/flows/create-team-flow' or its corresponding type declarations.
backend/src/modules/ai/ai.service.ts(184,8): error TS2307: Cannot find module '@/ai/flows/generate-team-avatar-flow' or its corresponding type declarations.
backend/src/modules/ai/ai.service.ts(189,8): error TS2307: Cannot find module '@/ai/flows/generate-promotion-details-flow' or its corresponding type declarations.
backend/src/modules/ai/ai.service.ts(193,8): error TS2307: Cannot find module '@/ai/flows/generate-promotion-image-flow' or its corresponding type declarations.
backend/src/modules/ai/ai.service.ts(197,8): error TS2307: Cannot find module '@/ai/flows/generate-dashboard-tip-flow' or its corresponding type declarations.
backend/src/modules/ai/ai.service.ts(202,8): error TS2307: Cannot find module '@/ai/flows/analyze-match-challenge-flow' or its corresponding type declarations.
backend/src/modules/ai/ai.service.ts(207,8): error TS2307: Cannot find module '@/ai/flows/analyze-exercise-form-flow' or its corresponding type declarations.
backend/src/modules/ai/ai.service.ts(212,8): error TS2307: Cannot find module '@/ai/flows/analyze-report-flow' or its corresponding type declarations.
backend/src/modules/ai/ai.service.ts(217,8): error TS2307: Cannot find module '@/ai/flows/analyze-role-change-flow' or its corresponding type declarations.
backend/src/modules/ai/ai.service.ts(222,8): error TS2307: Cannot find module '@/ai/flows/analyze-dispute-flow' or its corresponding type declarations.
backend/src/modules/ai/ai.service.ts(226,8): error TS2307: Cannot find module '@/ai/flows/sponsorship-scout-flow' or its corresponding type declarations.
backend/src/modules/ai/ai.service.ts(230,8): error TS2307: Cannot find module '@/ai/flows/find-coaches-flow' or its corresponding type declarations.
backend/src/modules/ai/ai.service.ts(235,8): error TS2307: Cannot find module '@/ai/flows/find-equipment-flow' or its corresponding type declarations.
backend/src/modules/ai/ai.service.ts(240,8): error TS2307: Cannot find module '@/ai/flows/find-lfg-lobbies-flow' or its corresponding type declarations.
backend/src/modules/ai/ai.service.ts(245,8): error TS2307: Cannot find module '@/ai/flows/find-venues-flow' or its corresponding type declarations.
backend/src/modules/ai/ai.service.ts(250,8): error TS2307: Cannot find module '@/ai/flows/generate-match-post-flow' or its corresponding type declarations.
backend/src/modules/ai/ai.service.ts(255,8): error TS2307: Cannot find module '@/ai/flows/generate-sport-summary-flow' or its corresponding type declarations.
backend/src/modules/ai/ai.service.ts(260,8): error TS2307: Cannot find module '@/ai/flows/generate-nutrition-plan-flow' or its corresponding type declarations.
backend/src/modules/ai/ai.service.ts(265,8): error TS2307: Cannot find module '@/ai/flows/generate-tournament-summary-flow' or its corresponding type declarations.
backend/src/modules/ai/ai.service.ts(270,8): error TS2307: Cannot find module '@/ai/flows/generate-training-program-flow' or its corresponding type declarations.
backend/src/modules/ai/ai.service.ts(275,8): error TS2307: Cannot find module '@/ai/flows/onboarding-assistant-flow' or its corresponding type declarations.
backend/src/modules/ai/ai.service.ts(280,8): error TS2307: Cannot find module '@/ai/flows/predict-match-outcome-flow' or its corresponding type declarations.
backend/src/modules/ai/ai.service.ts(285,8): error TS2307: Cannot find module '@/ai/flows/player-scout-flow' or its corresponding type declarations.
backend/src/modules/ai/ai.service.ts(287,15): error TS2305: Module '"@prisma/client"' has no exported member 'Promotion'.
backend/src/modules/ai/ai.service.ts(292,8): error TS2307: Cannot find module '@/ai/flows/generate-playground-challenge-flow' or its corresponding type declarations.
backend/src/modules/ai/ai.service.ts(293,31): error TS2307: Cannot find module '@/prisma/prisma.service' or its corresponding type declarations.
backend/src/modules/ai/dto/ai-team-assistant.dto.ts(4,4): error TS1240: Unable to resolve signature of property decorator when called as an expression.
  Argument of type 'ClassFieldDecoratorContext<AiTeamAssistantDto, string> & { name: "teamId"; private: false; static: false; }' is not assignable to parameter of type 'string | symbol'.
backend/src/modules/ai/dto/ai-team-assistant.dto.ts(5,4): error TS1240: Unable to resolve signature of property decorator when called as an expression.
  Argument of type 'ClassFieldDecoratorContext<AiTeamAssistantDto, string> & { name: "teamId"; private: false; static: false; }' is not assignable to parameter of type 'string | symbol'.
backend/src/modules/ai/dto/analyze-content.dto.ts(2,48): error TS2307: Cannot find module '@/ai/flows/schemas/analyze-content-generation-schema' or its corresponding type declarations.
backend/src/modules/ai/dto/analyze-dispute.dto.ts(2,48): error TS2307: Cannot find module '@/ai/flows/schemas/analyze-dispute-schema' or its corresponding type declarations.
backend/src/modules/ai/dto/analyze-esports-performance.dto.ts(2,59): error TS2307: Cannot find module '@/ai/flows/schemas/analyze-esports-performance-schema' or its corresponding type declarations.
backend/src/modules/ai/dto/analyze-exercise-form.dto.ts(2,53): error TS2307: Cannot find module '@/ai/flows/schemas/analyze-exercise-form-schema' or its corresponding type declarations.
backend/src/modules/ai/dto/analyze-holistic-performance.dto.ts(2,60): error TS2307: Cannot find module '@/ai/flows/schemas/analyze-holistic-performance-schema' or its corresponding type declarations.
backend/src/modules/ai/dto/analyze-join-request.dto.ts(2,52): error TS2307: Cannot find module '@/ai/flows/schemas/analyze-join-request-schema' or its corresponding type declarations.
backend/src/modules/ai/dto/analyze-match-challenge.dto.ts(2,55): error TS2307: Cannot find module '@/ai/flows/schemas/analyze-match-challenge-schema' or its corresponding type declarations.
backend/src/modules/ai/dto/analyze-match-report.dto.ts(2,52): error TS2307: Cannot find module '@/ai/flows/schemas/analyze-match-report-schema' or its corresponding type declarations.
backend/src/modules/ai/dto/analyze-match-report.dto.ts(3,10): error TS2305: Module '"@prisma/client"' has no exported member 'MatchEventType'.
backend/src/modules/ai/dto/analyze-player-performance.dto.ts(2,58): error TS2307: Cannot find module '@/ai/flows/schemas/analyze-player-performance-schema' or its corresponding type declarations.
backend/src/modules/ai/dto/analyze-playground-details.dto.ts(2,58): error TS2307: Cannot find module '@/ai/flows/schemas/analyze-playground-details-schema' or its corresponding type declarations.
backend/src/modules/ai/dto/analyze-playground-report.dto.ts(2,57): error TS2307: Cannot find module '@/ai/flows/schemas/analyze-playground-report-schema' or its corresponding type declarations.
backend/src/modules/ai/dto/analyze-report.dto.ts(2,47): error TS2307: Cannot find module '@/ai/flows/schemas/analyze-report-schema' or its corresponding type declarations.
backend/src/modules/ai/dto/analyze-role-change.dto.ts(2,51): error TS2307: Cannot find module '@/ai/flows/schemas/analyze-role-change-schema' or its corresponding type declarations.
backend/src/modules/ai/dto/analyze-security.dto.ts(2,49): error TS2307: Cannot find module '@/ai/flows/schemas/analyze-security-schema' or its corresponding type declarations.
backend/src/modules/ai/dto/analyze-team-performance.dto.ts(2,56): error TS2307: Cannot find module '@/ai/flows/schemas/analyze-team-performance-schema' or its corresponding type declarations.
backend/src/modules/ai/dto/create-team.dto.ts(2,44): error TS2307: Cannot find module '@/ai/flows/schemas/create-team-schema' or its corresponding type declarations.
backend/src/modules/ai/dto/find-coaches.dto.ts(2,45): error TS2307: Cannot find module '@/ai/flows/schemas/find-coaches-schema' or its corresponding type declarations.
backend/src/modules/ai/dto/find-equipment.dto.ts(2,47): error TS2307: Cannot find module '@/ai/flows/schemas/find-equipment-schema' or its corresponding type declarations.
backend/src/modules/ai/dto/find-lfg-lobbies.dto.ts(2,48): error TS2307: Cannot find module '@/ai/flows/schemas/find-lfg-lobbies-schema' or its corresponding type declarations.
backend/src/modules/ai/dto/find-sponsors-for-team.dto.ts(2,53): error TS2307: Cannot find module '@/ai/flows/schemas/find-sponsors-for-team-schema' or its corresponding type declarations.
backend/src/modules/ai/dto/find-venues.dto.ts(2,44): error TS2307: Cannot find module '@/ai/flows/schemas/find-venues-schema' or its corresponding type declarations.
backend/src/modules/ai/dto/generate-content.dto.ts(2,49): error TS2307: Cannot find module '@/ai/flows/schemas/generate-content-schema' or its corresponding type declarations.
backend/src/modules/ai/dto/generate-dashboard-tip.dto.ts(2,54): error TS2307: Cannot find module '@/ai/flows/schemas/generate-dashboard-tip-schema' or its corresponding type declarations.
backend/src/modules/ai/dto/generate-match-commentary.dto.ts(2,57): error TS2307: Cannot find module '@/ai/flows/schemas/generate-match-commentary-schema' or its corresponding type declarations.
backend/src/modules/ai/dto/generate-match-interview.dto.ts(2,56): error TS2307: Cannot find module '@/ai/flows/schemas/generate-match-interview-schema' or its corresponding type declarations.
backend/src/modules/ai/dto/generate-match-post.dto.ts(2,51): error TS2307: Cannot find module '@/ai/flows/schemas/generate-match-post-schema' or its corresponding type declarations.
backend/src/modules/ai/dto/generate-nutrition-plan.dto.ts(2,55): error TS2307: Cannot find module '@/ai/flows/schemas/generate-nutrition-plan-schema' or its corresponding type declarations.
backend/src/modules/ai/dto/generate-playground-challenge.dto.ts(2,61): error TS2307: Cannot find module '@/ai/flows/schemas/generate-playground-challenge-schema' or its corresponding type declarations.
backend/src/modules/ai/dto/generate-playground-drill.dto.ts(2,57): error TS2307: Cannot find module '@/ai/flows/schemas/generate-playground-drill-schema' or its corresponding type declarations.
backend/src/modules/ai/dto/generate-playground-lore.dto.ts(2,56): error TS2307: Cannot find module '@/ai/flows/schemas/generate-playground-lore-schema' or its corresponding type declarations.
backend/src/modules/ai/dto/generate-playground-summary.dto.ts(2,59): error TS2307: Cannot find module '@/ai/flows/schemas/generate-playground-summary-schema' or its corresponding type declarations.
backend/src/modules/ai/dto/generate-playground-tactic.dto.ts(2,58): error TS2307: Cannot find module '@/ai/flows/schemas/generate-playground-tactic-schema' or its corresponding type declarations.
backend/src/modules/ai/dto/generate-playground-workout.dto.ts(2,59): error TS2307: Cannot find module '@/ai/flows/schemas/generate-playground-workout-schema' or its corresponding type declarations.
backend/src/modules/ai/dto/generate-post-image.dto.ts(2,51): error TS2307: Cannot find module '@/ai/flows/schemas/generate-post-image-schema' or its corresponding type declarations.
backend/src/modules/ai/dto/generate-promotion-details.dto.ts(2,58): error TS2307: Cannot find module '@/ai/flows/schemas/generate-promotion-details-schema' or its corresponding type declarations.
backend/src/modules/ai/dto/generate-promotion-image.dto.ts(2,56): error TS2307: Cannot find module '@/ai/flows/schemas/generate-promotion-image-schema' or its corresponding type declarations.
backend/src/modules/ai/dto/generate-promotion-wizard.dto.ts(2,52): error TS2307: Cannot find module '@/ai/flows/schemas/generate-promotion-wizard-schema' or its corresponding type declarations.
backend/src/modules/ai/dto/generate-social-media-post.dto.ts(2,57): error TS2307: Cannot find module '@/ai/flows/schemas/generate-social-media-post-schema' or its corresponding type declarations.
backend/src/modules/ai/dto/generate-sponsorship-pitch.dto.ts(2,58): error TS2307: Cannot find module '@/ai/flows/schemas/generate-sponsorship-pitch-schema' or its corresponding type declarations.
backend/src/modules/ai/dto/generate-sport-summary.dto.ts(2,54): error TS2307: Cannot find module '@/ai/flows/schemas/generate-sport-summary-schema' or its corresponding type declarations.
backend/src/modules/ai/dto/generate-team-avatar.dto.ts(2,52): error TS2307: Cannot find module '@/ai/flows/schemas/generate-team-avatar-schema' or its corresponding type declarations.
backend/src/modules/ai/dto/generate-team-concept.dto.ts(4,4): error TS1240: Unable to resolve signature of property decorator when called as an expression.
  Argument of type 'ClassFieldDecoratorContext<GenerateTeamConceptDto, string> & { name: "prompt"; private: false; static: false; }' is not assignable to parameter of type 'string | symbol'.
backend/src/modules/ai/dto/generate-tournament-summary.dto.ts(5,8): error TS2307: Cannot find module '@/ai/flows/schemas/generate-tournament-summary-schema' or its corresponding type declarations.
backend/src/modules/ai/dto/generate-tournament-wizard.dto.ts(2,58): error TS2307: Cannot find module '@/ai/flows/schemas/generate-tournament-wizard-schema' or its corresponding type declarations.
backend/src/modules/ai/dto/generate-training-plan.dto.ts(2,54): error TS2307: Cannot find module '@/ai/flows/schemas/generate-training-plan-schema' or its corresponding type declarations.
backend/src/modules/ai/dto/generate-training-program.dto.ts(2,57): error TS2307: Cannot find module '@/ai/flows/schemas/generate-training-program-schema' or its corresponding type declarations.
backend/src/modules/ai/dto/generate-user-avatar.dto.ts(4,4): error TS1240: Unable to resolve signature of property decorator when called as an expression.
  Argument of type 'ClassFieldDecoratorContext<GenerateUserAvatarDto, string> & { name: "prompt"; private: false; static: false; }' is not assignable to parameter of type 'string | symbol'.
backend/src/modules/ai/dto/onboarding-assistant.dto.ts(2,44): error TS2307: Cannot find module '@/ai/flows/schemas/onboarding-assistant-schema' or its corresponding type declarations.
backend/src/modules/ai/dto/player-scout.dto.ts(2,45): error TS2307: Cannot find module '@/ai/flows/schemas/player-scout-schema' or its corresponding type declarations.
backend/src/modules/ai/dto/predict-match-outcome.dto.ts(2,53): error TS2307: Cannot find module '@/ai/flows/schemas/predict-match-outcome-schema' or its corresponding type declarations.
backend/src/modules/ai/dto/suggest-reply.dto.ts(2,46): error TS2307: Cannot find module '@/ai/flows/schemas/suggest-reply-schema' or its corresponding type declarations.
backend/src/modules/ai/dto/summarize-playground-reviews.dto.ts(2,60): error TS2307: Cannot find module '@/ai/flows/schemas/summarize-playground-reviews-schema' or its corresponding type declarations.
backend/src/modules/ai/dto/team-chatbot.dto.ts(2,45): error TS2307: Cannot find module '@/ai/flows/schemas/team-chatbot-schema' or its corresponding type declarations.
backend/src/modules/auth/auth.controller.ts(13,3): error TS1241: Unable to resolve signature of method decorator when called as an expression.
  The runtime will invoke the decorator with 2 arguments, but the decorator expects 3.
backend/src/modules/auth/auth.controller.ts(13,4): error TS1270: Decorator function return type 'void | TypedPropertyDescriptor<unknown>' is not assignable to type 'void | ((loginDto: LoginDto) => Promise<{ access_token: string; user: { id: any; name: any; email: any; avatar: any; role: any; status: any; xp: any; }; }>)'.
  Type 'TypedPropertyDescriptor<unknown>' is not assignable to type 'void | ((loginDto: LoginDto) => Promise<{ access_token: string; user: { id: any; name: any; email: any; avatar: any; role: any; status: any; xp: any; }; }>)'.
backend/src/modules/auth/auth.controller.ts(14,3): error TS1241: Unable to resolve signature of method decorator when called as an expression.
  The runtime will invoke the decorator with 2 arguments, but the decorator expects 3.
backend/src/modules/auth/auth.controller.ts(14,4): error TS1270: Decorator function return type 'void | TypedPropertyDescriptor<unknown>' is not assignable to type 'void | ((loginDto: LoginDto) => Promise<{ access_token: string; user: { id: any; name: any; email: any; avatar: any; role: any; status: any; xp: any; }; }>)'.
  Type 'TypedPropertyDescriptor<unknown>' is not assignable to type 'void | ((loginDto: LoginDto) => Promise<{ access_token: string; user: { id: any; name: any; email: any; avatar: any; role: any; status: any; xp: any; }; }>)'.
backend/src/modules/auth/auth.controller.ts(15,15): error TS1206: Decorators are not valid here.
backend/src/modules/auth/strategies/jwt.strategy.ts(5,10): error TS2305: Module '"@prisma/client"' has no exported member 'Role'.
backend/src/modules/challenges/challenges.controller.ts(29,3): error TS1241: Unable to resolve signature of method decorator when called as an expression.
  The runtime will invoke the decorator with 2 arguments, but the decorator expects 3.
backend/src/modules/challenges/challenges.controller.ts(29,4): error TS1270: Decorator function return type 'void | TypedPropertyDescriptor<unknown>' is not assignable to type 'void | ((createChallengeDto: CreateChallengeDto, req: Request<ParamsDictionary, any, any, ParsedQs, Record<string, any>>) => Promise<...>)'.
  Type 'TypedPropertyDescriptor<unknown>' is not assignable to type 'void | ((createChallengeDto: CreateChallengeDto, req: Request<ParamsDictionary, any, any, ParsedQs, Record<string, any>>) => Promise<...>)'.
backend/src/modules/challenges/challenges.controller.ts(30,3): error TS1241: Unable to resolve signature of method decorator when called as an expression.
  The runtime will invoke the decorator with 2 arguments, but the decorator expects 3.
backend/src/modules/challenges/challenges.controller.ts(30,4): error TS1270: Decorator function return type 'void | TypedPropertyDescriptor<unknown>' is not assignable to type 'void | ((createChallengeDto: CreateChallengeDto, req: Request<ParamsDictionary, any, any, ParsedQs, Record<string, any>>) => Promise<...>)'.
  Type 'TypedPropertyDescriptor<unknown>' is not assignable to type 'void | ((createChallengeDto: CreateChallengeDto, req: Request<ParamsDictionary, any, any, ParsedQs, Record<string, any>>) => Promise<...>)'.
backend/src/modules/challenges/challenges.controller.ts(31,10): error TS1206: Decorators are not valid here.
backend/src/modules/challenges/challenges.controller.ts(31,58): error TS1206: Decorators are not valid here.
backend/src/modules/challenges/challenges.controller.ts(36,3): error TS1241: Unable to resolve signature of method decorator when called as an expression.
  The runtime will invoke the decorator with 2 arguments, but the decorator expects 3.
backend/src/modules/challenges/challenges.controller.ts(36,4): error TS1270: Decorator function return type 'void | TypedPropertyDescriptor<unknown>' is not assignable to type 'void | ((filter: "open" | "my" | "history", req: Request<ParamsDictionary, any, any, ParsedQs, Record<string, any>>) => Promise<...>)'.
  Type 'TypedPropertyDescriptor<unknown>' is not assignable to type 'void | ((filter: "open" | "my" | "history", req: Request<ParamsDictionary, any, any, ParsedQs, Record<string, any>>) => Promise<...>)'.
backend/src/modules/challenges/challenges.controller.ts(37,3): error TS1241: Unable to resolve signature of method decorator when called as an expression.
  The runtime will invoke the decorator with 2 arguments, but the decorator expects 3.
backend/src/modules/challenges/challenges.controller.ts(37,4): error TS1270: Decorator function return type 'void | TypedPropertyDescriptor<unknown>' is not assignable to type 'void | ((filter: "open" | "my" | "history", req: Request<ParamsDictionary, any, any, ParsedQs, Record<string, any>>) => Promise<...>)'.
  Type 'TypedPropertyDescriptor<unknown>' is not assignable to type 'void | ((filter: "open" | "my" | "history", req: Request<ParamsDictionary, any, any, ParsedQs, Record<string, any>>) => Promise<...>)'.
backend/src/modules/challenges/challenges.controller.ts(40,5): error TS1206: Decorators are not valid here.
backend/src/modules/challenges/challenges.controller.ts(41,5): error TS1206: Decorators are not valid here.
backend/src/modules/challenges/challenges.controller.ts(47,3): error TS1241: Unable to resolve signature of method decorator when called as an expression.
  The runtime will invoke the decorator with 2 arguments, but the decorator expects 3.
backend/src/modules/challenges/challenges.controller.ts(47,4): error TS1270: Decorator function return type 'void | TypedPropertyDescriptor<unknown>' is not assignable to type 'void | ((id: string, req: Request<ParamsDictionary, any, any, ParsedQs, Record<string, any>>) => Promise<Challenge>)'.
  Type 'TypedPropertyDescriptor<unknown>' is not assignable to type 'void | ((id: string, req: Request<ParamsDictionary, any, any, ParsedQs, Record<string, any>>) => Promise<Challenge>)'.
backend/src/modules/challenges/challenges.controller.ts(48,3): error TS1241: Unable to resolve signature of method decorator when called as an expression.
  The runtime will invoke the decorator with 2 arguments, but the decorator expects 3.
backend/src/modules/challenges/challenges.controller.ts(48,4): error TS1270: Decorator function return type 'void | TypedPropertyDescriptor<unknown>' is not assignable to type 'void | ((id: string, req: Request<ParamsDictionary, any, any, ParsedQs, Record<string, any>>) => Promise<Challenge>)'.
  Type 'TypedPropertyDescriptor<unknown>' is not assignable to type 'void | ((id: string, req: Request<ParamsDictionary, any, any, ParsedQs, Record<string, any>>) => Promise<Challenge>)'.
backend/src/modules/challenges/challenges.controller.ts(49,10): error TS1206: Decorators are not valid here.
backend/src/modules/challenges/challenges.controller.ts(49,35): error TS1206: Decorators are not valid here.
backend/src/modules/challenges/challenges.service.ts(9,31): error TS2307: Cannot find module '@/prisma/prisma.service' or its corresponding type declarations.
backend/src/modules/challenges/challenges.service.ts(10,10): error TS2305: Module '"@prisma/client"' has no exported member 'Challenge'.
backend/src/modules/challenges/challenges.service.ts(10,21): error TS2305: Module '"@prisma/client"' has no exported member 'Role'.
backend/src/modules/challenges/dto/create-challenge.dto.ts(13,4): error TS1240: Unable to resolve signature of property decorator when called as an expression.
  Argument of type 'ClassFieldDecoratorContext<CreateChallengeDto, string> & { name: "title"; private: false; static: false; }' is not assignable to parameter of type 'string | symbol'.
backend/src/modules/challenges/dto/create-challenge.dto.ts(14,4): error TS1240: Unable to resolve signature of property decorator when called as an expression.
  Argument of type 'ClassFieldDecoratorContext<CreateChallengeDto, string> & { name: "title"; private: false; static: false; }' is not assignable to parameter of type 'string | symbol'.
backend/src/modules/challenges/dto/create-challenge.dto.ts(15,4): error TS1240: Unable to resolve signature of property decorator when called as an expression.
  Argument of type 'ClassFieldDecoratorContext<CreateChallengeDto, string> & { name: "title"; private: false; static: false; }' is not assignable to parameter of type 'string | symbol'.
backend/src/modules/challenges/dto/create-challenge.dto.ts(16,4): error TS1240: Unable to resolve signature of property decorator when called as an expression.
  Argument of type 'ClassFieldDecoratorContext<CreateChallengeDto, string> & { name: "title"; private: false; static: false; }' is not assignable to parameter of type 'string | symbol'.
backend/src/modules/challenges/dto/create-challenge.dto.ts(19,4): error TS1240: Unable to resolve signature of property decorator when called as an expression.
  Argument of type 'ClassFieldDecoratorContext<CreateChallengeDto, string> & { name: "description"; private: false; static: false; }' is not assignable to parameter of type 'string | symbol'.
backend/src/modules/challenges/dto/create-challenge.dto.ts(23,4): error TS1240: Unable to resolve signature of property decorator when called as an expression.
  Argument of type 'ClassFieldDecoratorContext<CreateChallengeDto, string> & { name: "description"; private: false; static: false; }' is not assignable to parameter of type 'string | symbol'.
backend/src/modules/challenges/dto/create-challenge.dto.ts(24,4): error TS1240: Unable to resolve signature of property decorator when called as an expression.
  Argument of type 'ClassFieldDecoratorContext<CreateChallengeDto, string> & { name: "description"; private: false; static: false; }' is not assignable to parameter of type 'string | symbol'.
backend/src/modules/challenges/dto/create-challenge.dto.ts(25,4): error TS1240: Unable to resolve signature of property decorator when called as an expression.
  Argument of type 'ClassFieldDecoratorContext<CreateChallengeDto, string> & { name: "description"; private: false; static: false; }' is not assignable to parameter of type 'string | symbol'.
backend/src/modules/challenges/dto/create-challenge.dto.ts(28,4): error TS1240: Unable to resolve signature of property decorator when called as an expression.
  Argument of type 'ClassFieldDecoratorContext<CreateChallengeDto, string> & { name: "disciplineId"; private: false; static: false; }' is not assignable to parameter of type 'string | symbol'.
backend/src/modules/challenges/dto/create-challenge.dto.ts(29,4): error TS1240: Unable to resolve signature of property decorator when called as an expression.
  Argument of type 'ClassFieldDecoratorContext<CreateChallengeDto, string> & { name: "disciplineId"; private: false; static: false; }' is not assignable to parameter of type 'string | symbol'.
backend/src/modules/challenges/dto/create-challenge.dto.ts(30,4): error TS1240: Unable to resolve signature of property decorator when called as an expression.
  Argument of type 'ClassFieldDecoratorContext<CreateChallengeDto, string> & { name: "disciplineId"; private: false; static: false; }' is not assignable to parameter of type 'string | symbol'.
backend/src/modules/challenges/dto/create-challenge.dto.ts(33,4): error TS1240: Unable to resolve signature of property decorator when called as an expression.
  Argument of type 'ClassFieldDecoratorContext<CreateChallengeDto, number> & { name: "wager"; private: false; static: false; }' is not assignable to parameter of type 'string | symbol'.
backend/src/modules/challenges/dto/create-challenge.dto.ts(34,4): error TS1240: Unable to resolve signature of property decorator when called as an expression.
  Argument of type 'ClassFieldDecoratorContext<CreateChallengeDto, number> & { name: "wager"; private: false; static: false; }' is not assignable to parameter of type 'string | symbol'.
backend/src/modules/challenges/dto/create-challenge.dto.ts(35,4): error TS1240: Unable to resolve signature of property decorator when called as an expression.
  Argument of type 'ClassFieldDecoratorContext<CreateChallengeDto, number> & { name: "wager"; private: false; static: false; }' is not assignable to parameter of type 'string | symbol'.
backend/src/modules/challenges/dto/create-challenge.dto.ts(36,4): error TS1240: Unable to resolve signature of property decorator when called as an expression.
  Argument of type 'ClassFieldDecoratorContext<CreateChallengeDto, number> & { name: "wager"; private: false; static: false; }' is not assignable to parameter of type 'string | symbol'.
backend/src/modules/chat/chat.controller.ts(14,3): error TS1241: Unable to resolve signature of method decorator when called as an expression.
  The runtime will invoke the decorator with 2 arguments, but the decorator expects 3.
backend/src/modules/chat/chat.controller.ts(14,4): error TS1270: Decorator function return type 'void | TypedPropertyDescriptor<unknown>' is not assignable to type 'void | ((req: Request<ParamsDictionary, any, any, ParsedQs, Record<string, any>>) => Promise<any>)'.
  Type 'TypedPropertyDescriptor<unknown>' is not assignable to type 'void | ((req: Request<ParamsDictionary, any, any, ParsedQs, Record<string, any>>) => Promise<any>)'.
backend/src/modules/chat/chat.controller.ts(15,3): error TS1241: Unable to resolve signature of method decorator when called as an expression.
  The runtime will invoke the decorator with 2 arguments, but the decorator expects 3.
backend/src/modules/chat/chat.controller.ts(15,4): error TS1270: Decorator function return type 'void | TypedPropertyDescriptor<unknown>' is not assignable to type 'void | ((req: Request<ParamsDictionary, any, any, ParsedQs, Record<string, any>>) => Promise<any>)'.
  Type 'TypedPropertyDescriptor<unknown>' is not assignable to type 'void | ((req: Request<ParamsDictionary, any, any, ParsedQs, Record<string, any>>) => Promise<any>)'.
backend/src/modules/chat/chat.controller.ts(16,22): error TS1206: Decorators are not valid here.
backend/src/modules/chat/chat.controller.ts(21,3): error TS1241: Unable to resolve signature of method decorator when called as an expression.
  The runtime will invoke the decorator with 2 arguments, but the decorator expects 3.
backend/src/modules/chat/chat.controller.ts(21,4): error TS1270: Decorator function return type 'void | TypedPropertyDescriptor<unknown>' is not assignable to type 'void | ((chatId: string) => Promise<any>)'.
  Type 'TypedPropertyDescriptor<unknown>' is not assignable to type 'void | ((chatId: string) => Promise<any>)'.
backend/src/modules/chat/chat.controller.ts(22,3): error TS1241: Unable to resolve signature of method decorator when called as an expression.
  The runtime will invoke the decorator with 2 arguments, but the decorator expects 3.
backend/src/modules/chat/chat.controller.ts(22,4): error TS1270: Decorator function return type 'void | TypedPropertyDescriptor<unknown>' is not assignable to type 'void | ((chatId: string) => Promise<any>)'.
  Type 'TypedPropertyDescriptor<unknown>' is not assignable to type 'void | ((chatId: string) => Promise<any>)'.
backend/src/modules/chat/chat.controller.ts(23,24): error TS1206: Decorators are not valid here.
backend/src/modules/chat/chat.service.ts(2,31): error TS2307: Cannot find module '@/prisma/prisma.service' or its corresponding type declarations.
backend/src/modules/coaches/coaches.controller.ts(13,3): error TS1241: Unable to resolve signature of method decorator when called as an expression.
  The runtime will invoke the decorator with 2 arguments, but the decorator expects 3.
backend/src/modules/coaches/coaches.controller.ts(13,4): error TS1270: Decorator function return type 'void | TypedPropertyDescriptor<unknown>' is not assignable to type 'void | (() => Promise<CoachDto[]>)'.
  Type 'TypedPropertyDescriptor<unknown>' is not assignable to type 'void | (() => Promise<CoachDto[]>)'.
backend/src/modules/coaches/coaches.controller.ts(14,3): error TS1241: Unable to resolve signature of method decorator when called as an expression.
  The runtime will invoke the decorator with 2 arguments, but the decorator expects 3.
backend/src/modules/coaches/coaches.controller.ts(14,4): error TS1270: Decorator function return type 'void | TypedPropertyDescriptor<unknown>' is not assignable to type 'void | (() => Promise<CoachDto[]>)'.
  Type 'TypedPropertyDescriptor<unknown>' is not assignable to type 'void | (() => Promise<CoachDto[]>)'.
backend/src/modules/coaches/coaches.service.ts(2,31): error TS2307: Cannot find module '@/prisma/prisma.service' or its corresponding type declarations.
backend/src/modules/coaches/coaches.service.ts(4,10): error TS2305: Module '"@prisma/client"' has no exported member 'Role'.
backend/src/modules/coaches/coaches.service.ts(4,16): error TS2305: Module '"@prisma/client"' has no exported member 'UserStatus'.
backend/src/modules/coaches/dto/coach.dto.ts(4,4): error TS1240: Unable to resolve signature of property decorator when called as an expression.
  Argument of type 'ClassFieldDecoratorContext<CoachDto, string> & { name: "id"; private: false; static: false; }' is not assignable to parameter of type 'string | symbol'.
backend/src/modules/coaches/dto/coach.dto.ts(7,4): error TS1240: Unable to resolve signature of property decorator when called as an expression.
  Argument of type 'ClassFieldDecoratorContext<CoachDto, string> & { name: "name"; private: false; static: false; }' is not assignable to parameter of type 'string | symbol'.
backend/src/modules/coaches/dto/coach.dto.ts(10,4): error TS1240: Unable to resolve signature of property decorator when called as an expression.
  Argument of type 'ClassFieldDecoratorContext<CoachDto, string> & { name: "avatar"; private: false; static: false; }' is not assignable to parameter of type 'string | symbol'.
backend/src/modules/coaches/dto/coach.dto.ts(13,4): error TS1240: Unable to resolve signature of property decorator when called as an expression.
  Argument of type 'ClassFieldDecoratorContext<CoachDto, string> & { name: "avatarHint"; private: false; static: false; }' is not assignable to parameter of type 'string | symbol'.
backend/src/modules/coaches/dto/coach.dto.ts(16,4): error TS1240: Unable to resolve signature of property decorator when called as an expression.
  Argument of type 'ClassFieldDecoratorContext<CoachDto, string> & { name: "specialization"; private: false; static: false; }' is not assignable to parameter of type 'string | symbol'.
backend/src/modules/coaches/dto/coach.dto.ts(19,4): error TS1240: Unable to resolve signature of property decorator when called as an expression.
  Argument of type 'ClassFieldDecoratorContext<CoachDto, string> & { name: "description"; private: false; static: false; }' is not assignable to parameter of type 'string | symbol'.
backend/src/modules/coaches/dto/coach.dto.ts(22,4): error TS1240: Unable to resolve signature of property decorator when called as an expression.
  Argument of type 'ClassFieldDecoratorContext<CoachDto, string> & { name: "experience"; private: false; static: false; }' is not assignable to parameter of type 'string | symbol'.
backend/src/modules/coaches/dto/coach.dto.ts(25,4): error TS1240: Unable to resolve signature of property decorator when called as an expression.
  Argument of type 'ClassFieldDecoratorContext<CoachDto, string[]> & { name: "tags"; private: false; static: false; }' is not assignable to parameter of type 'string | symbol'.
backend/src/modules/coaches/dto/coach.dto.ts(28,4): error TS1240: Unable to resolve signature of property decorator when called as an expression.
  Argument of type 'ClassFieldDecoratorContext<CoachDto, number> & { name: "rating"; private: false; static: false; }' is not assignable to parameter of type 'string | symbol'.
backend/src/modules/coaches/dto/coach.dto.ts(31,4): error TS1240: Unable to resolve signature of property decorator when called as an expression.
  Argument of type 'ClassFieldDecoratorContext<CoachDto, string> & { name: "price"; private: false; static: false; }' is not assignable to parameter of type 'string | symbol'.
backend/src/modules/coaches/dto/coach.dto.ts(34,4): error TS1240: Unable to resolve signature of property decorator when called as an expression.
  Argument of type 'ClassFieldDecoratorContext<CoachDto, string> & { name: "profileUrl"; private: false; static: false; }' is not assignable to parameter of type 'string | symbol'.
backend/src/modules/faq/dto/faq.dto.ts(4,4): error TS1240: Unable to resolve signature of property decorator when called as an expression.
  Argument of type 'ClassFieldDecoratorContext<FaqQuestionDto, string> & { name: "q"; private: false; static: false; }' is not assignable to parameter of type 'string | symbol'.
backend/src/modules/faq/dto/faq.dto.ts(7,4): error TS1240: Unable to resolve signature of property decorator when called as an expression.
  Argument of type 'ClassFieldDecoratorContext<FaqQuestionDto, string> & { name: "a"; private: false; static: false; }' is not assignable to parameter of type 'string | symbol'.
backend/src/modules/faq/dto/faq.dto.ts(12,4): error TS1240: Unable to resolve signature of property decorator when called as an expression.
  Argument of type 'ClassFieldDecoratorContext<FaqCategoryDto, string> & { name: "title"; private: false; static: false; }' is not assignable to parameter of type 'string | symbol'.
backend/src/modules/faq/dto/faq.dto.ts(15,4): error TS1240: Unable to resolve signature of property decorator when called as an expression.
  Argument of type 'ClassFieldDecoratorContext<FaqCategoryDto, string> & { name: "value"; private: false; static: false; }' is not assignable to parameter of type 'string | symbol'.
backend/src/modules/faq/dto/faq.dto.ts(18,4): error TS1240: Unable to resolve signature of property decorator when called as an expression.
  Argument of type 'ClassFieldDecoratorContext<FaqCategoryDto, FaqQuestionDto[]> & { name: "questions"; private: false; static: false; }' is not assignable to parameter of type 'string | symbol'.
backend/src/modules/faq/faq.controller.ts(13,3): error TS1241: Unable to resolve signature of method decorator when called as an expression.
  The runtime will invoke the decorator with 2 arguments, but the decorator expects 3.
backend/src/modules/faq/faq.controller.ts(13,4): error TS1270: Decorator function return type 'void | TypedPropertyDescriptor<unknown>' is not assignable to type 'void | (() => Promise<unknown[]>)'.
  Type 'TypedPropertyDescriptor<unknown>' is not assignable to type 'void | (() => Promise<unknown[]>)'.
backend/src/modules/faq/faq.controller.ts(14,3): error TS1241: Unable to resolve signature of method decorator when called as an expression.
  The runtime will invoke the decorator with 2 arguments, but the decorator expects 3.
backend/src/modules/faq/faq.controller.ts(14,4): error TS1270: Decorator function return type 'void | TypedPropertyDescriptor<unknown>' is not assignable to type 'void | (() => Promise<unknown[]>)'.
  Type 'TypedPropertyDescriptor<unknown>' is not assignable to type 'void | (() => Promise<unknown[]>)'.
backend/src/modules/faq/faq.service.ts(2,31): error TS2307: Cannot find module '@/prisma/prisma.service' or its corresponding type declarations.
backend/src/modules/feed/feed.controller.ts(13,3): error TS1241: Unable to resolve signature of method decorator when called as an expression.
  The runtime will invoke the decorator with 2 arguments, but the decorator expects 3.
backend/src/modules/feed/feed.controller.ts(13,4): error TS1270: Decorator function return type 'void | TypedPropertyDescriptor<unknown>' is not assignable to type 'void | (() => Promise<any>)'.
  Type 'TypedPropertyDescriptor<unknown>' is not assignable to type 'void | (() => Promise<any>)'.
backend/src/modules/feed/feed.controller.ts(14,3): error TS1241: Unable to resolve signature of method decorator when called as an expression.
  The runtime will invoke the decorator with 2 arguments, but the decorator expects 3.
backend/src/modules/feed/feed.controller.ts(14,4): error TS1270: Decorator function return type 'void | TypedPropertyDescriptor<unknown>' is not assignable to type 'void | (() => Promise<any>)'.
  Type 'TypedPropertyDescriptor<unknown>' is not assignable to type 'void | (() => Promise<any>)'.
backend/src/modules/feed/feed.service.ts(2,31): error TS2307: Cannot find module '@/prisma/prisma.service' or its corresponding type declarations.
backend/src/modules/friends/dto/create-friend-request.dto.ts(4,4): error TS1240: Unable to resolve signature of property decorator when called as an expression.
  Argument of type 'ClassFieldDecoratorContext<CreateFriendRequestDto, string> & { name: "toId"; private: false; static: false; }' is not assignable to parameter of type 'string | symbol'.
backend/src/modules/friends/dto/create-friend-request.dto.ts(5,4): error TS1240: Unable to resolve signature of property decorator when called as an expression.
  Argument of type 'ClassFieldDecoratorContext<CreateFriendRequestDto, string> & { name: "toId"; private: false; static: false; }' is not assignable to parameter of type 'string | symbol'.
backend/src/modules/friends/friends.controller.ts(24,3): error TS1241: Unable to resolve signature of method decorator when called as an expression.
  The runtime will invoke the decorator with 2 arguments, but the decorator expects 3.
backend/src/modules/friends/friends.controller.ts(24,4): error TS1270: Decorator function return type 'void | TypedPropertyDescriptor<unknown>' is not assignable to type 'void | ((req: Request<ParamsDictionary, any, any, ParsedQs, Record<string, any>>) => Promise<any>)'.
  Type 'TypedPropertyDescriptor<unknown>' is not assignable to type 'void | ((req: Request<ParamsDictionary, any, any, ParsedQs, Record<string, any>>) => Promise<any>)'.
backend/src/modules/friends/friends.controller.ts(25,3): error TS1241: Unable to resolve signature of method decorator when called as an expression.
  The runtime will invoke the decorator with 2 arguments, but the decorator expects 3.
backend/src/modules/friends/friends.controller.ts(25,4): error TS1270: Decorator function return type 'void | TypedPropertyDescriptor<unknown>' is not assignable to type 'void | ((req: Request<ParamsDictionary, any, any, ParsedQs, Record<string, any>>) => Promise<any>)'.
  Type 'TypedPropertyDescriptor<unknown>' is not assignable to type 'void | ((req: Request<ParamsDictionary, any, any, ParsedQs, Record<string, any>>) => Promise<any>)'.
backend/src/modules/friends/friends.controller.ts(26,11): error TS1206: Decorators are not valid here.
backend/src/modules/friends/friends.controller.ts(31,3): error TS1241: Unable to resolve signature of method decorator when called as an expression.
  The runtime will invoke the decorator with 2 arguments, but the decorator expects 3.
backend/src/modules/friends/friends.controller.ts(31,4): error TS1270: Decorator function return type 'void | TypedPropertyDescriptor<unknown>' is not assignable to type 'void | ((req: Request<ParamsDictionary, any, any, ParsedQs, Record<string, any>>) => Promise<any>)'.
  Type 'TypedPropertyDescriptor<unknown>' is not assignable to type 'void | ((req: Request<ParamsDictionary, any, any, ParsedQs, Record<string, any>>) => Promise<any>)'.
backend/src/modules/friends/friends.controller.ts(32,3): error TS1241: Unable to resolve signature of method decorator when called as an expression.
  The runtime will invoke the decorator with 2 arguments, but the decorator expects 3.
backend/src/modules/friends/friends.controller.ts(32,4): error TS1270: Decorator function return type 'void | TypedPropertyDescriptor<unknown>' is not assignable to type 'void | ((req: Request<ParamsDictionary, any, any, ParsedQs, Record<string, any>>) => Promise<any>)'.
  Type 'TypedPropertyDescriptor<unknown>' is not assignable to type 'void | ((req: Request<ParamsDictionary, any, any, ParsedQs, Record<string, any>>) => Promise<any>)'.
backend/src/modules/friends/friends.controller.ts(33,16): error TS1206: Decorators are not valid here.
backend/src/modules/friends/friends.controller.ts(38,3): error TS1241: Unable to resolve signature of method decorator when called as an expression.
  The runtime will invoke the decorator with 2 arguments, but the decorator expects 3.
backend/src/modules/friends/friends.controller.ts(38,4): error TS1270: Decorator function return type 'void | TypedPropertyDescriptor<unknown>' is not assignable to type 'void | (() => any)'.
  Type 'TypedPropertyDescriptor<unknown>' is not assignable to type 'void | (() => any)'.
backend/src/modules/friends/friends.controller.ts(39,3): error TS1241: Unable to resolve signature of method decorator when called as an expression.
  The runtime will invoke the decorator with 2 arguments, but the decorator expects 3.
backend/src/modules/friends/friends.controller.ts(39,4): error TS1270: Decorator function return type 'void | TypedPropertyDescriptor<unknown>' is not assignable to type 'void | (() => any)'.
  Type 'TypedPropertyDescriptor<unknown>' is not assignable to type 'void | (() => any)'.
backend/src/modules/friends/friends.controller.ts(45,3): error TS1241: Unable to resolve signature of method decorator when called as an expression.
  The runtime will invoke the decorator with 2 arguments, but the decorator expects 3.
backend/src/modules/friends/friends.controller.ts(45,4): error TS1270: Decorator function return type 'void | TypedPropertyDescriptor<unknown>' is not assignable to type 'void | ((dto: CreateFriendRequestDto, req: Request<ParamsDictionary, any, any, ParsedQs, Record<string, any>>) => Promise<...>)'.
  Type 'TypedPropertyDescriptor<unknown>' is not assignable to type 'void | ((dto: CreateFriendRequestDto, req: Request<ParamsDictionary, any, any, ParsedQs, Record<string, any>>) => Promise<...>)'.
backend/src/modules/friends/friends.controller.ts(46,3): error TS1241: Unable to resolve signature of method decorator when called as an expression.
  The runtime will invoke the decorator with 2 arguments, but the decorator expects 3.
backend/src/modules/friends/friends.controller.ts(46,4): error TS1270: Decorator function return type 'void | TypedPropertyDescriptor<unknown>' is not assignable to type 'void | ((dto: CreateFriendRequestDto, req: Request<ParamsDictionary, any, any, ParsedQs, Record<string, any>>) => Promise<...>)'.
  Type 'TypedPropertyDescriptor<unknown>' is not assignable to type 'void | ((dto: CreateFriendRequestDto, req: Request<ParamsDictionary, any, any, ParsedQs, Record<string, any>>) => Promise<...>)'.
backend/src/modules/friends/friends.controller.ts(47,15): error TS1206: Decorators are not valid here.
backend/src/modules/friends/friends.controller.ts(47,52): error TS1206: Decorators are not valid here.
backend/src/modules/friends/friends.controller.ts(52,3): error TS1241: Unable to resolve signature of method decorator when called as an expression.
  The runtime will invoke the decorator with 2 arguments, but the decorator expects 3.
backend/src/modules/friends/friends.controller.ts(52,4): error TS1270: Decorator function return type 'void | TypedPropertyDescriptor<unknown>' is not assignable to type 'void | ((requestId: string, req: Request<ParamsDictionary, any, any, ParsedQs, Record<string, any>>) => Promise<any>)'.
  Type 'TypedPropertyDescriptor<unknown>' is not assignable to type 'void | ((requestId: string, req: Request<ParamsDictionary, any, any, ParsedQs, Record<string, any>>) => Promise<any>)'.
backend/src/modules/friends/friends.controller.ts(53,3): error TS1241: Unable to resolve signature of method decorator when called as an expression.
  The runtime will invoke the decorator with 2 arguments, but the decorator expects 3.
backend/src/modules/friends/friends.controller.ts(53,4): error TS1270: Decorator function return type 'void | TypedPropertyDescriptor<unknown>' is not assignable to type 'void | ((requestId: string, req: Request<ParamsDictionary, any, any, ParsedQs, Record<string, any>>) => Promise<any>)'.
  Type 'TypedPropertyDescriptor<unknown>' is not assignable to type 'void | ((requestId: string, req: Request<ParamsDictionary, any, any, ParsedQs, Record<string, any>>) => Promise<any>)'.
backend/src/modules/friends/friends.controller.ts(54,17): error TS1206: Decorators are not valid here.
backend/src/modules/friends/friends.controller.ts(54,49): error TS1206: Decorators are not valid here.
backend/src/modules/friends/friends.controller.ts(59,3): error TS1241: Unable to resolve signature of method decorator when called as an expression.
  The runtime will invoke the decorator with 2 arguments, but the decorator expects 3.
backend/src/modules/friends/friends.controller.ts(59,4): error TS1270: Decorator function return type 'void | TypedPropertyDescriptor<unknown>' is not assignable to type 'void | ((requestId: string, req: Request<ParamsDictionary, any, any, ParsedQs, Record<string, any>>) => Promise<any>)'.
  Type 'TypedPropertyDescriptor<unknown>' is not assignable to type 'void | ((requestId: string, req: Request<ParamsDictionary, any, any, ParsedQs, Record<string, any>>) => Promise<any>)'.
backend/src/modules/friends/friends.controller.ts(60,3): error TS1241: Unable to resolve signature of method decorator when called as an expression.
  The runtime will invoke the decorator with 2 arguments, but the decorator expects 3.
backend/src/modules/friends/friends.controller.ts(60,4): error TS1270: Decorator function return type 'void | TypedPropertyDescriptor<unknown>' is not assignable to type 'void | ((requestId: string, req: Request<ParamsDictionary, any, any, ParsedQs, Record<string, any>>) => Promise<any>)'.
  Type 'TypedPropertyDescriptor<unknown>' is not assignable to type 'void | ((requestId: string, req: Request<ParamsDictionary, any, any, ParsedQs, Record<string, any>>) => Promise<any>)'.
backend/src/modules/friends/friends.controller.ts(61,18): error TS1206: Decorators are not valid here.
backend/src/modules/friends/friends.controller.ts(61,50): error TS1206: Decorators are not valid here.
backend/src/modules/friends/friends.controller.ts(66,3): error TS1241: Unable to resolve signature of method decorator when called as an expression.
  The runtime will invoke the decorator with 2 arguments, but the decorator expects 3.
backend/src/modules/friends/friends.controller.ts(66,4): error TS1270: Decorator function return type 'void | TypedPropertyDescriptor<unknown>' is not assignable to type 'void | ((friendId: string, req: Request<ParamsDictionary, any, any, ParsedQs, Record<string, any>>) => Promise<any>)'.
  Type 'TypedPropertyDescriptor<unknown>' is not assignable to type 'void | ((friendId: string, req: Request<ParamsDictionary, any, any, ParsedQs, Record<string, any>>) => Promise<any>)'.
backend/src/modules/friends/friends.controller.ts(67,3): error TS1241: Unable to resolve signature of method decorator when called as an expression.
  The runtime will invoke the decorator with 2 arguments, but the decorator expects 3.
backend/src/modules/friends/friends.controller.ts(67,4): error TS1270: Decorator function return type 'void | TypedPropertyDescriptor<unknown>' is not assignable to type 'void | ((friendId: string, req: Request<ParamsDictionary, any, any, ParsedQs, Record<string, any>>) => Promise<any>)'.
  Type 'TypedPropertyDescriptor<unknown>' is not assignable to type 'void | ((friendId: string, req: Request<ParamsDictionary, any, any, ParsedQs, Record<string, any>>) => Promise<any>)'.
backend/src/modules/friends/friends.controller.ts(68,16): error TS1206: Decorators are not valid here.
backend/src/modules/friends/friends.controller.ts(68,47): error TS1206: Decorators are not valid here.
backend/src/modules/friends/friends.service.ts(7,31): error TS2307: Cannot find module '@/prisma/prisma.service' or its corresponding type declarations.
backend/src/modules/inventory/dto/create-inventory-item.dto.ts(12,4): error TS1240: Unable to resolve signature of property decorator when called as an expression.
  Argument of type 'ClassFieldDecoratorContext<CreateInventoryItemDto, string> & { name: "name"; private: false; static: false; }' is not assignable to parameter of type 'string | symbol'.
backend/src/modules/inventory/dto/create-inventory-item.dto.ts(13,4): error TS1240: Unable to resolve signature of property decorator when called as an expression.
  Argument of type 'ClassFieldDecoratorContext<CreateInventoryItemDto, string> & { name: "name"; private: false; static: false; }' is not assignable to parameter of type 'string | symbol'.
backend/src/modules/inventory/dto/create-inventory-item.dto.ts(14,4): error TS1240: Unable to resolve signature of property decorator when called as an expression.
  Argument of type 'ClassFieldDecoratorContext<CreateInventoryItemDto, string> & { name: "name"; private: false; static: false; }' is not assignable to parameter of type 'string | symbol'.
backend/src/modules/inventory/dto/create-inventory-item.dto.ts(17,4): error TS1240: Unable to resolve signature of property decorator when called as an expression.
  Argument of type 'ClassFieldDecoratorContext<CreateInventoryItemDto, string> & { name: "category"; private: false; static: false; }' is not assignable to parameter of type 'string | symbol'.
backend/src/modules/inventory/dto/create-inventory-item.dto.ts(18,4): error TS1240: Unable to resolve signature of property decorator when called as an expression.
  Argument of type 'ClassFieldDecoratorContext<CreateInventoryItemDto, string> & { name: "category"; private: false; static: false; }' is not assignable to parameter of type 'string | symbol'.
backend/src/modules/inventory/dto/create-inventory-item.dto.ts(19,4): error TS1240: Unable to resolve signature of property decorator when called as an expression.
  Argument of type 'ClassFieldDecoratorContext<CreateInventoryItemDto, string> & { name: "category"; private: false; static: false; }' is not assignable to parameter of type 'string | symbol'.
backend/src/modules/inventory/dto/create-inventory-item.dto.ts(22,4): error TS1240: Unable to resolve signature of property decorator when called as an expression.
  Argument of type 'ClassFieldDecoratorContext<CreateInventoryItemDto, string> & { name: "type"; private: false; static: false; }' is not assignable to parameter of type 'string | symbol'.
backend/src/modules/inventory/dto/create-inventory-item.dto.ts(23,4): error TS1240: Unable to resolve signature of property decorator when called as an expression.
  Argument of type 'ClassFieldDecoratorContext<CreateInventoryItemDto, string> & { name: "type"; private: false; static: false; }' is not assignable to parameter of type 'string | symbol'.
backend/src/modules/inventory/dto/create-inventory-item.dto.ts(24,4): error TS1240: Unable to resolve signature of property decorator when called as an expression.
  Argument of type 'ClassFieldDecoratorContext<CreateInventoryItemDto, string> & { name: "type"; private: false; static: false; }' is not assignable to parameter of type 'string | symbol'.
backend/src/modules/inventory/dto/create-inventory-item.dto.ts(27,4): error TS1240: Unable to resolve signature of property decorator when called as an expression.
  Argument of type 'ClassFieldDecoratorContext<CreateInventoryItemDto, string> & { name: "purchaseDate"; private: false; static: false; }' is not assignable to parameter of type 'string | symbol'.
backend/src/modules/inventory/dto/create-inventory-item.dto.ts(28,4): error TS1240: Unable to resolve signature of property decorator when called as an expression.
  Argument of type 'ClassFieldDecoratorContext<CreateInventoryItemDto, string> & { name: "purchaseDate"; private: false; static: false; }' is not assignable to parameter of type 'string | symbol'.
backend/src/modules/inventory/dto/create-inventory-item.dto.ts(31,4): error TS1240: Unable to resolve signature of property decorator when called as an expression.
  Argument of type 'ClassFieldDecoratorContext<CreateInventoryItemDto, number> & { name: "lifespanMonths"; private: false; static: false; }' is not assignable to parameter of type 'string | symbol'.
backend/src/modules/inventory/dto/create-inventory-item.dto.ts(32,4): error TS1240: Unable to resolve signature of property decorator when called as an expression.
  Argument of type 'ClassFieldDecoratorContext<CreateInventoryItemDto, number> & { name: "lifespanMonths"; private: false; static: false; }' is not assignable to parameter of type 'string | symbol'.
backend/src/modules/inventory/dto/create-inventory-item.dto.ts(33,4): error TS1240: Unable to resolve signature of property decorator when called as an expression.
  Argument of type 'ClassFieldDecoratorContext<CreateInventoryItemDto, number> & { name: "lifespanMonths"; private: false; static: false; }' is not assignable to parameter of type 'string | symbol'.
backend/src/modules/inventory/dto/create-inventory-item.dto.ts(36,4): error TS1240: Unable to resolve signature of property decorator when called as an expression.
  Argument of type 'ClassFieldDecoratorContext<CreateInventoryItemDto, string> & { name: "image"; private: false; static: false; }' is not assignable to parameter of type 'string | symbol'.
backend/src/modules/inventory/dto/create-inventory-item.dto.ts(37,4): error TS1240: Unable to resolve signature of property decorator when called as an expression.
  Argument of type 'ClassFieldDecoratorContext<CreateInventoryItemDto, string> & { name: "image"; private: false; static: false; }' is not assignable to parameter of type 'string | symbol'.
backend/src/modules/inventory/dto/create-inventory-item.dto.ts(38,4): error TS1240: Unable to resolve signature of property decorator when called as an expression.
  Argument of type 'ClassFieldDecoratorContext<CreateInventoryItemDto, string> & { name: "image"; private: false; static: false; }' is not assignable to parameter of type 'string | symbol'.
backend/src/modules/inventory/dto/create-inventory-item.dto.ts(41,4): error TS1240: Unable to resolve signature of property decorator when called as an expression.
  Argument of type 'ClassFieldDecoratorContext<CreateInventoryItemDto, string> & { name: "imageHint"; private: false; static: false; }' is not assignable to parameter of type 'string | symbol'.
backend/src/modules/inventory/dto/create-inventory-item.dto.ts(42,4): error TS1240: Unable to resolve signature of property decorator when called as an expression.
  Argument of type 'ClassFieldDecoratorContext<CreateInventoryItemDto, string> & { name: "imageHint"; private: false; static: false; }' is not assignable to parameter of type 'string | symbol'.
backend/src/modules/inventory/dto/create-inventory-item.dto.ts(43,4): error TS1240: Unable to resolve signature of property decorator when called as an expression.
  Argument of type 'ClassFieldDecoratorContext<CreateInventoryItemDto, string> & { name: "imageHint"; private: false; static: false; }' is not assignable to parameter of type 'string | symbol'.
backend/src/modules/inventory/inventory.controller.ts(24,3): error TS1241: Unable to resolve signature of method decorator when called as an expression.
  The runtime will invoke the decorator with 2 arguments, but the decorator expects 3.
backend/src/modules/inventory/inventory.controller.ts(24,4): error TS1270: Decorator function return type 'void | TypedPropertyDescriptor<unknown>' is not assignable to type 'void | ((req: Request<ParamsDictionary, any, any, ParsedQs, Record<string, any>>) => any)'.
  Type 'TypedPropertyDescriptor<unknown>' is not assignable to type 'void | ((req: Request<ParamsDictionary, any, any, ParsedQs, Record<string, any>>) => any)'.
backend/src/modules/inventory/inventory.controller.ts(25,3): error TS1241: Unable to resolve signature of method decorator when called as an expression.
  The runtime will invoke the decorator with 2 arguments, but the decorator expects 3.
backend/src/modules/inventory/inventory.controller.ts(25,4): error TS1270: Decorator function return type 'void | TypedPropertyDescriptor<unknown>' is not assignable to type 'void | ((req: Request<ParamsDictionary, any, any, ParsedQs, Record<string, any>>) => any)'.
  Type 'TypedPropertyDescriptor<unknown>' is not assignable to type 'void | ((req: Request<ParamsDictionary, any, any, ParsedQs, Record<string, any>>) => any)'.
backend/src/modules/inventory/inventory.controller.ts(26,15): error TS1206: Decorators are not valid here.
backend/src/modules/inventory/inventory.controller.ts(31,3): error TS1241: Unable to resolve signature of method decorator when called as an expression.
  The runtime will invoke the decorator with 2 arguments, but the decorator expects 3.
backend/src/modules/inventory/inventory.controller.ts(31,4): error TS1270: Decorator function return type 'void | TypedPropertyDescriptor<unknown>' is not assignable to type 'void | ((createDto: CreateInventoryItemDto, req: Request<ParamsDictionary, any, any, ParsedQs, Record<string, any>>) => any)'.
  Type 'TypedPropertyDescriptor<unknown>' is not assignable to type 'void | ((createDto: CreateInventoryItemDto, req: Request<ParamsDictionary, any, any, ParsedQs, Record<string, any>>) => any)'.
backend/src/modules/inventory/inventory.controller.ts(32,3): error TS1241: Unable to resolve signature of method decorator when called as an expression.
  The runtime will invoke the decorator with 2 arguments, but the decorator expects 3.
backend/src/modules/inventory/inventory.controller.ts(32,4): error TS1270: Decorator function return type 'void | TypedPropertyDescriptor<unknown>' is not assignable to type 'void | ((createDto: CreateInventoryItemDto, req: Request<ParamsDictionary, any, any, ParsedQs, Record<string, any>>) => any)'.
  Type 'TypedPropertyDescriptor<unknown>' is not assignable to type 'void | ((createDto: CreateInventoryItemDto, req: Request<ParamsDictionary, any, any, ParsedQs, Record<string, any>>) => any)'.
backend/src/modules/inventory/inventory.controller.ts(33,10): error TS1206: Decorators are not valid here.
backend/src/modules/inventory/inventory.controller.ts(33,53): error TS1206: Decorators are not valid here.
backend/src/modules/inventory/inventory.controller.ts(38,3): error TS1241: Unable to resolve signature of method decorator when called as an expression.
  The runtime will invoke the decorator with 2 arguments, but the decorator expects 3.
backend/src/modules/inventory/inventory.controller.ts(38,4): error TS1270: Decorator function return type 'void | TypedPropertyDescriptor<unknown>' is not assignable to type 'void | ((id: string, req: Request<ParamsDictionary, any, any, ParsedQs, Record<string, any>>) => Promise<any>)'.
  Type 'TypedPropertyDescriptor<unknown>' is not assignable to type 'void | ((id: string, req: Request<ParamsDictionary, any, any, ParsedQs, Record<string, any>>) => Promise<any>)'.
backend/src/modules/inventory/inventory.controller.ts(39,3): error TS1241: Unable to resolve signature of method decorator when called as an expression.
  The runtime will invoke the decorator with 2 arguments, but the decorator expects 3.
backend/src/modules/inventory/inventory.controller.ts(39,4): error TS1270: Decorator function return type 'void | TypedPropertyDescriptor<unknown>' is not assignable to type 'void | ((id: string, req: Request<ParamsDictionary, any, any, ParsedQs, Record<string, any>>) => Promise<any>)'.
  Type 'TypedPropertyDescriptor<unknown>' is not assignable to type 'void | ((id: string, req: Request<ParamsDictionary, any, any, ParsedQs, Record<string, any>>) => Promise<any>)'.
backend/src/modules/inventory/inventory.controller.ts(40,10): error TS1206: Decorators are not valid here.
backend/src/modules/inventory/inventory.controller.ts(40,35): error TS1206: Decorators are not valid here.
backend/src/modules/inventory/inventory.service.ts(6,31): error TS2307: Cannot find module '@/prisma/prisma.service' or its corresponding type declarations.
backend/src/modules/kafka/consumers/chat.consumer.ts(2,31): error TS2307: Cannot find module '@/prisma/prisma.service' or its corresponding type declarations.
backend/src/modules/kafka/consumers/chat.consumer.ts(3,31): error TS2307: Cannot find module '@/modules/websockets' or its corresponding type declarations.
backend/src/modules/leagues/leagues.controller.ts(12,3): error TS1241: Unable to resolve signature of method decorator when called as an expression.
  The runtime will invoke the decorator with 2 arguments, but the decorator expects 3.
backend/src/modules/leagues/leagues.controller.ts(12,4): error TS1270: Decorator function return type 'void | TypedPropertyDescriptor<unknown>' is not assignable to type 'void | (() => any)'.
  Type 'TypedPropertyDescriptor<unknown>' is not assignable to type 'void | (() => any)'.
backend/src/modules/leagues/leagues.controller.ts(18,3): error TS1241: Unable to resolve signature of method decorator when called as an expression.
  The runtime will invoke the decorator with 2 arguments, but the decorator expects 3.
backend/src/modules/leagues/leagues.controller.ts(18,4): error TS1270: Decorator function return type 'void | TypedPropertyDescriptor<unknown>' is not assignable to type 'void | ((id: string) => any)'.
  Type 'TypedPropertyDescriptor<unknown>' is not assignable to type 'void | ((id: string) => any)'.
backend/src/modules/leagues/leagues.controller.ts(19,11): error TS1206: Decorators are not valid here.
backend/src/modules/leagues/leagues.service.ts(2,31): error TS2307: Cannot find module '@/prisma/prisma.service' or its corresponding type declarations.
backend/src/modules/lfg/dto/create-lfg-lobby.dto.ts(2,10): error TS2305: Module '"@prisma/client"' has no exported member 'LfgLobbyType'.
backend/src/modules/lfg/dto/create-lfg-lobby.dto.ts(17,4): error TS1240: Unable to resolve signature of property decorator when called as an expression.
  Argument of type 'ClassFieldDecoratorContext<CreateLfgLobbyDto, LfgLobbyType> & { name: "type"; private: false; static: false; }' is not assignable to parameter of type 'string | symbol'.
backend/src/modules/lfg/dto/create-lfg-lobby.dto.ts(18,4): error TS1240: Unable to resolve signature of property decorator when called as an expression.
  Argument of type 'ClassFieldDecoratorContext<CreateLfgLobbyDto, LfgLobbyType> & { name: "type"; private: false; static: false; }' is not assignable to parameter of type 'string | symbol'.
backend/src/modules/lfg/dto/create-lfg-lobby.dto.ts(21,4): error TS1240: Unable to resolve signature of property decorator when called as an expression.
  Argument of type 'ClassFieldDecoratorContext<CreateLfgLobbyDto, string> & { name: "sport"; private: false; static: false; }' is not assignable to parameter of type 'string | symbol'.
backend/src/modules/lfg/dto/create-lfg-lobby.dto.ts(22,4): error TS1240: Unable to resolve signature of property decorator when called as an expression.
  Argument of type 'ClassFieldDecoratorContext<CreateLfgLobbyDto, string> & { name: "sport"; private: false; static: false; }' is not assignable to parameter of type 'string | symbol'.
backend/src/modules/lfg/dto/create-lfg-lobby.dto.ts(23,4): error TS1240: Unable to resolve signature of property decorator when called as an expression.
  Argument of type 'ClassFieldDecoratorContext<CreateLfgLobbyDto, string> & { name: "sport"; private: false; static: false; }' is not assignable to parameter of type 'string | symbol'.
backend/src/modules/lfg/dto/create-lfg-lobby.dto.ts(26,4): error TS1240: Unable to resolve signature of property decorator when called as an expression.
  Argument of type 'ClassFieldDecoratorContext<CreateLfgLobbyDto, string> & { name: "location"; private: false; static: false; }' is not assignable to parameter of type 'string | symbol'.
backend/src/modules/lfg/dto/create-lfg-lobby.dto.ts(27,4): error TS1240: Unable to resolve signature of property decorator when called as an expression.
  Argument of type 'ClassFieldDecoratorContext<CreateLfgLobbyDto, string> & { name: "location"; private: false; static: false; }' is not assignable to parameter of type 'string | symbol'.
backend/src/modules/lfg/dto/create-lfg-lobby.dto.ts(28,4): error TS1240: Unable to resolve signature of property decorator when called as an expression.
  Argument of type 'ClassFieldDecoratorContext<CreateLfgLobbyDto, string> & { name: "location"; private: false; static: false; }' is not assignable to parameter of type 'string | symbol'.
backend/src/modules/lfg/dto/create-lfg-lobby.dto.ts(31,4): error TS1240: Unable to resolve signature of property decorator when called as an expression.
  Argument of type 'ClassFieldDecoratorContext<CreateLfgLobbyDto, string> & { name: "playgroundId"; private: false; static: false; }' is not assignable to parameter of type 'string | symbol'.
backend/src/modules/lfg/dto/create-lfg-lobby.dto.ts(32,4): error TS1240: Unable to resolve signature of property decorator when called as an expression.
  Argument of type 'ClassFieldDecoratorContext<CreateLfgLobbyDto, string> & { name: "playgroundId"; private: false; static: false; }' is not assignable to parameter of type 'string | symbol'.
backend/src/modules/lfg/dto/create-lfg-lobby.dto.ts(33,4): error TS1240: Unable to resolve signature of property decorator when called as an expression.
  Argument of type 'ClassFieldDecoratorContext<CreateLfgLobbyDto, string> & { name: "playgroundId"; private: false; static: false; }' is not assignable to parameter of type 'string | symbol'.
backend/src/modules/lfg/dto/create-lfg-lobby.dto.ts(36,4): error TS1240: Unable to resolve signature of property decorator when called as an expression.
  Argument of type 'ClassFieldDecoratorContext<CreateLfgLobbyDto, Date> & { name: "startTime"; private: false; static: false; }' is not assignable to parameter of type 'string | symbol'.
backend/src/modules/lfg/dto/create-lfg-lobby.dto.ts(37,4): error TS1240: Unable to resolve signature of property decorator when called as an expression.
  Argument of type 'ClassFieldDecoratorContext<CreateLfgLobbyDto, Date> & { name: "startTime"; private: false; static: false; }' is not assignable to parameter of type 'string | symbol'.
backend/src/modules/lfg/dto/create-lfg-lobby.dto.ts(38,4): error TS1240: Unable to resolve signature of property decorator when called as an expression.
  Argument of type 'ClassFieldDecoratorContext<CreateLfgLobbyDto, Date> & { name: "startTime"; private: false; static: false; }' is not assignable to parameter of type 'string | symbol'.
backend/src/modules/lfg/dto/create-lfg-lobby.dto.ts(41,4): error TS1240: Unable to resolve signature of property decorator when called as an expression.
  Argument of type 'ClassFieldDecoratorContext<CreateLfgLobbyDto, number> & { name: "duration"; private: false; static: false; }' is not assignable to parameter of type 'string | symbol'.
backend/src/modules/lfg/dto/create-lfg-lobby.dto.ts(42,4): error TS1240: Unable to resolve signature of property decorator when called as an expression.
  Argument of type 'ClassFieldDecoratorContext<CreateLfgLobbyDto, number> & { name: "duration"; private: false; static: false; }' is not assignable to parameter of type 'string | symbol'.
backend/src/modules/lfg/dto/create-lfg-lobby.dto.ts(43,4): error TS1240: Unable to resolve signature of property decorator when called as an expression.
  Argument of type 'ClassFieldDecoratorContext<CreateLfgLobbyDto, number> & { name: "duration"; private: false; static: false; }' is not assignable to parameter of type 'string | symbol'.
backend/src/modules/lfg/dto/create-lfg-lobby.dto.ts(44,4): error TS1240: Unable to resolve signature of property decorator when called as an expression.
  Argument of type 'ClassFieldDecoratorContext<CreateLfgLobbyDto, number> & { name: "duration"; private: false; static: false; }' is not assignable to parameter of type 'string | symbol'.
backend/src/modules/lfg/dto/create-lfg-lobby.dto.ts(47,4): error TS1240: Unable to resolve signature of property decorator when called as an expression.
  Argument of type 'ClassFieldDecoratorContext<CreateLfgLobbyDto, number> & { name: "playersNeeded"; private: false; static: false; }' is not assignable to parameter of type 'string | symbol'.
backend/src/modules/lfg/dto/create-lfg-lobby.dto.ts(48,4): error TS1240: Unable to resolve signature of property decorator when called as an expression.
  Argument of type 'ClassFieldDecoratorContext<CreateLfgLobbyDto, number> & { name: "playersNeeded"; private: false; static: false; }' is not assignable to parameter of type 'string | symbol'.
backend/src/modules/lfg/dto/create-lfg-lobby.dto.ts(49,4): error TS1240: Unable to resolve signature of property decorator when called as an expression.
  Argument of type 'ClassFieldDecoratorContext<CreateLfgLobbyDto, number> & { name: "playersNeeded"; private: false; static: false; }' is not assignable to parameter of type 'string | symbol'.
backend/src/modules/lfg/dto/create-lfg-lobby.dto.ts(50,4): error TS1240: Unable to resolve signature of property decorator when called as an expression.
  Argument of type 'ClassFieldDecoratorContext<CreateLfgLobbyDto, number> & { name: "playersNeeded"; private: false; static: false; }' is not assignable to parameter of type 'string | symbol'.
backend/src/modules/lfg/dto/create-lfg-lobby.dto.ts(53,4): error TS1240: Unable to resolve signature of property decorator when called as an expression.
  Argument of type 'ClassFieldDecoratorContext<CreateLfgLobbyDto, string> & { name: "comment"; private: false; static: false; }' is not assignable to parameter of type 'string | symbol'.
backend/src/modules/lfg/dto/create-lfg-lobby.dto.ts(54,4): error TS1240: Unable to resolve signature of property decorator when called as an expression.
  Argument of type 'ClassFieldDecoratorContext<CreateLfgLobbyDto, string> & { name: "comment"; private: false; static: false; }' is not assignable to parameter of type 'string | symbol'.
backend/src/modules/lfg/dto/create-lfg-lobby.dto.ts(55,4): error TS1240: Unable to resolve signature of property decorator when called as an expression.
  Argument of type 'ClassFieldDecoratorContext<CreateLfgLobbyDto, string> & { name: "comment"; private: false; static: false; }' is not assignable to parameter of type 'string | symbol'.
backend/src/modules/lfg/dto/create-lfg-lobby.dto.ts(56,4): error TS1240: Unable to resolve signature of property decorator when called as an expression.
  Argument of type 'ClassFieldDecoratorContext<CreateLfgLobbyDto, string> & { name: "comment"; private: false; static: false; }' is not assignable to parameter of type 'string | symbol'.
backend/src/modules/lfg/lfg.controller.ts(22,3): error TS1241: Unable to resolve signature of method decorator when called as an expression.
  The runtime will invoke the decorator with 2 arguments, but the decorator expects 3.
backend/src/modules/lfg/lfg.controller.ts(22,4): error TS1270: Decorator function return type 'void | TypedPropertyDescriptor<unknown>' is not assignable to type 'void | ((createLfgLobbyDto: CreateLfgLobbyDto, req: Request<ParamsDictionary, any, any, ParsedQs, Record<string, any>>) => Promise<...>)'.
  Type 'TypedPropertyDescriptor<unknown>' is not assignable to type 'void | ((createLfgLobbyDto: CreateLfgLobbyDto, req: Request<ParamsDictionary, any, any, ParsedQs, Record<string, any>>) => Promise<...>)'.
backend/src/modules/lfg/lfg.controller.ts(25,3): error TS1241: Unable to resolve signature of method decorator when called as an expression.
  The runtime will invoke the decorator with 2 arguments, but the decorator expects 3.
backend/src/modules/lfg/lfg.controller.ts(25,4): error TS1270: Decorator function return type 'void | TypedPropertyDescriptor<unknown>' is not assignable to type 'void | ((createLfgLobbyDto: CreateLfgLobbyDto, req: Request<ParamsDictionary, any, any, ParsedQs, Record<string, any>>) => Promise<...>)'.
  Type 'TypedPropertyDescriptor<unknown>' is not assignable to type 'void | ((createLfgLobbyDto: CreateLfgLobbyDto, req: Request<ParamsDictionary, any, any, ParsedQs, Record<string, any>>) => Promise<...>)'.
backend/src/modules/lfg/lfg.controller.ts(26,10): error TS1206: Decorators are not valid here.
backend/src/modules/lfg/lfg.controller.ts(26,56): error TS1206: Decorators are not valid here.
backend/src/modules/lfg/lfg.controller.ts(32,3): error TS1241: Unable to resolve signature of method decorator when called as an expression.
  The runtime will invoke the decorator with 2 arguments, but the decorator expects 3.
backend/src/modules/lfg/lfg.controller.ts(32,4): error TS1270: Decorator function return type 'void | TypedPropertyDescriptor<unknown>' is not assignable to type 'void | (() => Promise<any[]>)'.
  Type 'TypedPropertyDescriptor<unknown>' is not assignable to type 'void | (() => Promise<any[]>)'.
backend/src/modules/lfg/lfg.controller.ts(33,3): error TS1241: Unable to resolve signature of method decorator when called as an expression.
  The runtime will invoke the decorator with 2 arguments, but the decorator expects 3.
backend/src/modules/lfg/lfg.controller.ts(33,4): error TS1270: Decorator function return type 'void | TypedPropertyDescriptor<unknown>' is not assignable to type 'void | (() => Promise<any[]>)'.
  Type 'TypedPropertyDescriptor<unknown>' is not assignable to type 'void | (() => Promise<any[]>)'.
backend/src/modules/lfg/lfg.controller.ts(38,3): error TS1241: Unable to resolve signature of method decorator when called as an expression.
  The runtime will invoke the decorator with 2 arguments, but the decorator expects 3.
backend/src/modules/lfg/lfg.controller.ts(38,4): error TS1270: Decorator function return type 'void | TypedPropertyDescriptor<unknown>' is not assignable to type 'void | ((lobbyId: string, req: Request<ParamsDictionary, any, any, ParsedQs, Record<string, any>>) => Promise<LfgLobby>)'.
  Type 'TypedPropertyDescriptor<unknown>' is not assignable to type 'void | ((lobbyId: string, req: Request<ParamsDictionary, any, any, ParsedQs, Record<string, any>>) => Promise<LfgLobby>)'.
backend/src/modules/lfg/lfg.controller.ts(41,3): error TS1241: Unable to resolve signature of method decorator when called as an expression.
  The runtime will invoke the decorator with 2 arguments, but the decorator expects 3.
backend/src/modules/lfg/lfg.controller.ts(41,4): error TS1270: Decorator function return type 'void | TypedPropertyDescriptor<unknown>' is not assignable to type 'void | ((lobbyId: string, req: Request<ParamsDictionary, any, any, ParsedQs, Record<string, any>>) => Promise<LfgLobby>)'.
  Type 'TypedPropertyDescriptor<unknown>' is not assignable to type 'void | ((lobbyId: string, req: Request<ParamsDictionary, any, any, ParsedQs, Record<string, any>>) => Promise<LfgLobby>)'.
backend/src/modules/lfg/lfg.controller.ts(42,8): error TS1206: Decorators are not valid here.
backend/src/modules/lfg/lfg.controller.ts(42,38): error TS1206: Decorators are not valid here.
backend/src/modules/lfg/lfg.service.ts(7,31): error TS2307: Cannot find module '@/prisma/prisma.service' or its corresponding type declarations.
backend/src/modules/lfg/lfg.service.ts(8,10): error TS2305: Module '"@prisma/client"' has no exported member 'LfgLobby'.
backend/src/modules/lfg/lfg.service.ts(8,20): error TS2305: Module '"@prisma/client"' has no exported member 'LfgLobbyStatus'.
backend/src/modules/lfg/lfg.service.ts(23,24): error TS2694: Namespace '"/home/user/studio/node_modules/.prisma/client/default".Prisma' has no exported member 'LfgLobbyCreateInput'.
backend/src/modules/matches/dto/resolve-dispute.dto.ts(4,4): error TS1240: Unable to resolve signature of property decorator when called as an expression.
  Argument of type 'ClassFieldDecoratorContext<ResolveDisputeDto, string> & { name: "winnerId"; private: false; static: false; }' is not assignable to parameter of type 'string | symbol'.
backend/src/modules/matches/dto/resolve-dispute.dto.ts(5,4): error TS1240: Unable to resolve signature of property decorator when called as an expression.
  Argument of type 'ClassFieldDecoratorContext<ResolveDisputeDto, string> & { name: "winnerId"; private: false; static: false; }' is not assignable to parameter of type 'string | symbol'.
backend/src/modules/matches/dto/resolve-dispute.dto.ts(8,4): error TS1240: Unable to resolve signature of property decorator when called as an expression.
  Argument of type 'ClassFieldDecoratorContext<ResolveDisputeDto, string> & { name: "resolution"; private: false; static: false; }' is not assignable to parameter of type 'string | symbol'.
backend/src/modules/matches/dto/resolve-dispute.dto.ts(9,4): error TS1240: Unable to resolve signature of property decorator when called as an expression.
  Argument of type 'ClassFieldDecoratorContext<ResolveDisputeDto, string> & { name: "resolution"; private: false; static: false; }' is not assignable to parameter of type 'string | symbol'.
backend/src/modules/matches/dto/resolve-dispute.dto.ts(12,4): error TS1240: Unable to resolve signature of property decorator when called as an expression.
  Argument of type 'ClassFieldDecoratorContext<ResolveDisputeDto, number> & { name: "score1"; private: false; static: false; }' is not assignable to parameter of type 'string | symbol'.
backend/src/modules/matches/dto/resolve-dispute.dto.ts(13,4): error TS1240: Unable to resolve signature of property decorator when called as an expression.
  Argument of type 'ClassFieldDecoratorContext<ResolveDisputeDto, number> & { name: "score1"; private: false; static: false; }' is not assignable to parameter of type 'string | symbol'.
backend/src/modules/matches/dto/resolve-dispute.dto.ts(16,4): error TS1240: Unable to resolve signature of property decorator when called as an expression.
  Argument of type 'ClassFieldDecoratorContext<ResolveDisputeDto, number> & { name: "score2"; private: false; static: false; }' is not assignable to parameter of type 'string | symbol'.
backend/src/modules/matches/dto/resolve-dispute.dto.ts(17,4): error TS1240: Unable to resolve signature of property decorator when called as an expression.
  Argument of type 'ClassFieldDecoratorContext<ResolveDisputeDto, number> & { name: "score2"; private: false; static: false; }' is not assignable to parameter of type 'string | symbol'.
backend/src/modules/matches/dto/update-match.dto.ts(5,4): error TS1240: Unable to resolve signature of property decorator when called as an expression.
  Argument of type 'ClassFieldDecoratorContext<UpdateMatchDto, number> & { name: "score1"; private: false; static: false; }' is not assignable to parameter of type 'string | symbol'.
backend/src/modules/matches/dto/update-match.dto.ts(6,4): error TS1240: Unable to resolve signature of property decorator when called as an expression.
  Argument of type 'ClassFieldDecoratorContext<UpdateMatchDto, number> & { name: "score1"; private: false; static: false; }' is not assignable to parameter of type 'string | symbol'.
backend/src/modules/matches/dto/update-match.dto.ts(7,4): error TS1240: Unable to resolve signature of property decorator when called as an expression.
  Argument of type 'ClassFieldDecoratorContext<UpdateMatchDto, number> & { name: "score1"; private: false; static: false; }' is not assignable to parameter of type 'string | symbol'.
backend/src/modules/matches/dto/update-match.dto.ts(10,4): error TS1240: Unable to resolve signature of property decorator when called as an expression.
  Argument of type 'ClassFieldDecoratorContext<UpdateMatchDto, number> & { name: "score2"; private: false; static: false; }' is not assignable to parameter of type 'string | symbol'.
backend/src/modules/matches/dto/update-match.dto.ts(11,4): error TS1240: Unable to resolve signature of property decorator when called as an expression.
  Argument of type 'ClassFieldDecoratorContext<UpdateMatchDto, number> & { name: "score2"; private: false; static: false; }' is not assignable to parameter of type 'string | symbol'.
backend/src/modules/matches/dto/update-match.dto.ts(12,4): error TS1240: Unable to resolve signature of property decorator when called as an expression.
  Argument of type 'ClassFieldDecoratorContext<UpdateMatchDto, number> & { name: "score2"; private: false; static: false; }' is not assignable to parameter of type 'string | symbol'.
backend/src/modules/matches/dto/update-match.dto.ts(15,4): error TS1240: Unable to resolve signature of property decorator when called as an expression.
  Argument of type 'ClassFieldDecoratorContext<UpdateMatchDto, string> & { name: "comment"; private: false; static: false; }' is not assignable to parameter of type 'string | symbol'.
backend/src/modules/matches/dto/update-match.dto.ts(20,4): error TS1240: Unable to resolve signature of property decorator when called as an expression.
  Argument of type 'ClassFieldDecoratorContext<UpdateMatchDto, string> & { name: "comment"; private: false; static: false; }' is not assignable to parameter of type 'string | symbol'.
backend/src/modules/matches/dto/update-match.dto.ts(21,4): error TS1240: Unable to resolve signature of property decorator when called as an expression.
  Argument of type 'ClassFieldDecoratorContext<UpdateMatchDto, string> & { name: "comment"; private: false; static: false; }' is not assignable to parameter of type 'string | symbol'.
backend/src/modules/matches/matches.controller.ts(15,10): error TS2305: Module '"@prisma/client"' has no exported member 'MatchStatus'.
backend/src/modules/matches/matches.controller.ts(23,3): error TS1241: Unable to resolve signature of method decorator when called as an expression.
  The runtime will invoke the decorator with 2 arguments, but the decorator expects 3.
backend/src/modules/matches/matches.controller.ts(23,4): error TS1270: Decorator function return type 'void | TypedPropertyDescriptor<unknown>' is not assignable to type 'void | ((createMatchDto: CreateMatchDto) => Promise<Match>)'.
  Type 'TypedPropertyDescriptor<unknown>' is not assignable to type 'void | ((createMatchDto: CreateMatchDto) => Promise<Match>)'.
backend/src/modules/matches/matches.controller.ts(24,10): error TS1206: Decorators are not valid here.
backend/src/modules/matches/matches.controller.ts(29,3): error TS1241: Unable to resolve signature of method decorator when called as an expression.
  The runtime will invoke the decorator with 2 arguments, but the decorator expects 3.
backend/src/modules/matches/matches.controller.ts(29,4): error TS1270: Decorator function return type 'void | TypedPropertyDescriptor<unknown>' is not assignable to type 'void | ((status?: MatchStatus, tournamentId?: string, teamId?: string) => Promise<any[]>)'.
  Type 'TypedPropertyDescriptor<unknown>' is not assignable to type 'void | ((status?: MatchStatus, tournamentId?: string, teamId?: string) => Promise<any[]>)'.
backend/src/modules/matches/matches.controller.ts(42,5): error TS1206: Decorators are not valid here.
backend/src/modules/matches/matches.controller.ts(43,5): error TS1206: Decorators are not valid here.
backend/src/modules/matches/matches.controller.ts(44,5): error TS1206: Decorators are not valid here.
backend/src/modules/matches/matches.controller.ts(50,3): error TS1241: Unable to resolve signature of method decorator when called as an expression.
  The runtime will invoke the decorator with 2 arguments, but the decorator expects 3.
backend/src/modules/matches/matches.controller.ts(50,4): error TS1270: Decorator function return type 'void | TypedPropertyDescriptor<unknown>' is not assignable to type 'void | (() => Promise<any>)'.
  Type 'TypedPropertyDescriptor<unknown>' is not assignable to type 'void | (() => Promise<any>)'.
backend/src/modules/matches/matches.controller.ts(56,3): error TS1241: Unable to resolve signature of method decorator when called as an expression.
  The runtime will invoke the decorator with 2 arguments, but the decorator expects 3.
backend/src/modules/matches/matches.controller.ts(56,4): error TS1270: Decorator function return type 'void | TypedPropertyDescriptor<unknown>' is not assignable to type 'void | ((id: string) => Promise<any>)'.
  Type 'TypedPropertyDescriptor<unknown>' is not assignable to type 'void | ((id: string) => Promise<any>)'.
backend/src/modules/matches/matches.controller.ts(57,11): error TS1206: Decorators are not valid here.
backend/src/modules/matches/matches.controller.ts(61,3): error TS1241: Unable to resolve signature of method decorator when called as an expression.
  The runtime will invoke the decorator with 2 arguments, but the decorator expects 3.
backend/src/modules/matches/matches.controller.ts(61,4): error TS1270: Decorator function return type 'void | TypedPropertyDescriptor<unknown>' is not assignable to type 'void | ((id: string, updateMatchDto: UpdateMatchDto) => Promise<Match>)'.
  Type 'TypedPropertyDescriptor<unknown>' is not assignable to type 'void | ((id: string, updateMatchDto: UpdateMatchDto) => Promise<Match>)'.
backend/src/modules/matches/matches.controller.ts(62,15): error TS1206: Decorators are not valid here.
backend/src/modules/matches/matches.controller.ts(62,40): error TS1206: Decorators are not valid here.
backend/src/modules/matches/matches.controller.ts(66,3): error TS1241: Unable to resolve signature of method decorator when called as an expression.
  The runtime will invoke the decorator with 2 arguments, but the decorator expects 3.
backend/src/modules/matches/matches.controller.ts(66,4): error TS1270: Decorator function return type 'void | TypedPropertyDescriptor<unknown>' is not assignable to type 'void | ((id: string, resolveDisputeDto: ResolveDisputeDto) => Promise<Match>)'.
  Type 'TypedPropertyDescriptor<unknown>' is not assignable to type 'void | ((id: string, resolveDisputeDto: ResolveDisputeDto) => Promise<Match>)'.
backend/src/modules/matches/matches.controller.ts(68,5): error TS1206: Decorators are not valid here.
backend/src/modules/matches/matches.controller.ts(69,5): error TS1206: Decorators are not valid here.
backend/src/modules/matches/matches.service.ts(7,31): error TS2307: Cannot find module '@/prisma/prisma.service' or its corresponding type declarations.
backend/src/modules/matches/matches.service.ts(8,10): error TS2305: Module '"@prisma/client"' has no exported member 'Match'.
backend/src/modules/matches/matches.service.ts(8,17): error TS2305: Module '"@prisma/client"' has no exported member 'MatchStatus'.
backend/src/modules/matches/matches.service.ts(53,25): error TS2694: Namespace '"/home/user/studio/node_modules/.prisma/client/default".Prisma' has no exported member 'MatchWhereInput'.
backend/src/modules/measurements/dto/create-measurement.dto.ts(4,4): error TS1240: Unable to resolve signature of property decorator when called as an expression.
  Argument of type 'ClassFieldDecoratorContext<CreateMeasurementDto, string> & { name: "date"; private: false; static: false; }' is not assignable to parameter of type 'string | symbol'.
backend/src/modules/measurements/dto/create-measurement.dto.ts(7,4): error TS1240: Unable to resolve signature of property decorator when called as an expression.
  Argument of type 'ClassFieldDecoratorContext<CreateMeasurementDto, number> & { name: "weight"; private: false; static: false; }' is not assignable to parameter of type 'string | symbol'.
backend/src/modules/measurements/dto/create-measurement.dto.ts(8,4): error TS1240: Unable to resolve signature of property decorator when called as an expression.
  Argument of type 'ClassFieldDecoratorContext<CreateMeasurementDto, number> & { name: "weight"; private: false; static: false; }' is not assignable to parameter of type 'string | symbol'.
backend/src/modules/measurements/dto/create-measurement.dto.ts(9,4): error TS1240: Unable to resolve signature of property decorator when called as an expression.
  Argument of type 'ClassFieldDecoratorContext<CreateMeasurementDto, number> & { name: "weight"; private: false; static: false; }' is not assignable to parameter of type 'string | symbol'.
backend/src/modules/measurements/dto/create-measurement.dto.ts(12,4): error TS1240: Unable to resolve signature of property decorator when called as an expression.
  Argument of type 'ClassFieldDecoratorContext<CreateMeasurementDto, number> & { name: "bodyFat"; private: false; static: false; }' is not assignable to parameter of type 'string | symbol'.
backend/src/modules/measurements/dto/create-measurement.dto.ts(13,4): error TS1240: Unable to resolve signature of property decorator when called as an expression.
  Argument of type 'ClassFieldDecoratorContext<CreateMeasurementDto, number> & { name: "bodyFat"; private: false; static: false; }' is not assignable to parameter of type 'string | symbol'.
backend/src/modules/measurements/dto/create-measurement.dto.ts(14,4): error TS1240: Unable to resolve signature of property decorator when called as an expression.
  Argument of type 'ClassFieldDecoratorContext<CreateMeasurementDto, number> & { name: "bodyFat"; private: false; static: false; }' is not assignable to parameter of type 'string | symbol'.
backend/src/modules/measurements/dto/create-measurement.dto.ts(15,4): error TS1240: Unable to resolve signature of property decorator when called as an expression.
  Argument of type 'ClassFieldDecoratorContext<CreateMeasurementDto, number> & { name: "bodyFat"; private: false; static: false; }' is not assignable to parameter of type 'string | symbol'.
backend/src/modules/measurements/dto/create-measurement.dto.ts(18,4): error TS1240: Unable to resolve signature of property decorator when called as an expression.
  Argument of type 'ClassFieldDecoratorContext<CreateMeasurementDto, number> & { name: "chest"; private: false; static: false; }' is not assignable to parameter of type 'string | symbol'.
backend/src/modules/measurements/dto/create-measurement.dto.ts(19,4): error TS1240: Unable to resolve signature of property decorator when called as an expression.
  Argument of type 'ClassFieldDecoratorContext<CreateMeasurementDto, number> & { name: "chest"; private: false; static: false; }' is not assignable to parameter of type 'string | symbol'.
backend/src/modules/measurements/dto/create-measurement.dto.ts(20,4): error TS1240: Unable to resolve signature of property decorator when called as an expression.
  Argument of type 'ClassFieldDecoratorContext<CreateMeasurementDto, number> & { name: "chest"; private: false; static: false; }' is not assignable to parameter of type 'string | symbol'.
backend/src/modules/measurements/dto/create-measurement.dto.ts(21,4): error TS1240: Unable to resolve signature of property decorator when called as an expression.
  Argument of type 'ClassFieldDecoratorContext<CreateMeasurementDto, number> & { name: "chest"; private: false; static: false; }' is not assignable to parameter of type 'string | symbol'.
backend/src/modules/measurements/dto/create-measurement.dto.ts(24,4): error TS1240: Unable to resolve signature of property decorator when called as an expression.
  Argument of type 'ClassFieldDecoratorContext<CreateMeasurementDto, number> & { name: "waist"; private: false; static: false; }' is not assignable to parameter of type 'string | symbol'.
backend/src/modules/measurements/dto/create-measurement.dto.ts(25,4): error TS1240: Unable to resolve signature of property decorator when called as an expression.
  Argument of type 'ClassFieldDecoratorContext<CreateMeasurementDto, number> & { name: "waist"; private: false; static: false; }' is not assignable to parameter of type 'string | symbol'.
backend/src/modules/measurements/dto/create-measurement.dto.ts(26,4): error TS1240: Unable to resolve signature of property decorator when called as an expression.
  Argument of type 'ClassFieldDecoratorContext<CreateMeasurementDto, number> & { name: "waist"; private: false; static: false; }' is not assignable to parameter of type 'string | symbol'.
backend/src/modules/measurements/dto/create-measurement.dto.ts(27,4): error TS1240: Unable to resolve signature of property decorator when called as an expression.
  Argument of type 'ClassFieldDecoratorContext<CreateMeasurementDto, number> & { name: "waist"; private: false; static: false; }' is not assignable to parameter of type 'string | symbol'.
backend/src/modules/measurements/dto/create-measurement.dto.ts(30,4): error TS1240: Unable to resolve signature of property decorator when called as an expression.
  Argument of type 'ClassFieldDecoratorContext<CreateMeasurementDto, number> & { name: "hips"; private: false; static: false; }' is not assignable to parameter of type 'string | symbol'.
backend/src/modules/measurements/dto/create-measurement.dto.ts(31,4): error TS1240: Unable to resolve signature of property decorator when called as an expression.
  Argument of type 'ClassFieldDecoratorContext<CreateMeasurementDto, number> & { name: "hips"; private: false; static: false; }' is not assignable to parameter of type 'string | symbol'.
backend/src/modules/measurements/dto/create-measurement.dto.ts(32,4): error TS1240: Unable to resolve signature of property decorator when called as an expression.
  Argument of type 'ClassFieldDecoratorContext<CreateMeasurementDto, number> & { name: "hips"; private: false; static: false; }' is not assignable to parameter of type 'string | symbol'.
backend/src/modules/measurements/dto/create-measurement.dto.ts(33,4): error TS1240: Unable to resolve signature of property decorator when called as an expression.
  Argument of type 'ClassFieldDecoratorContext<CreateMeasurementDto, number> & { name: "hips"; private: false; static: false; }' is not assignable to parameter of type 'string | symbol'.
backend/src/modules/measurements/dto/create-measurement.dto.ts(36,4): error TS1240: Unable to resolve signature of property decorator when called as an expression.
  Argument of type 'ClassFieldDecoratorContext<CreateMeasurementDto, number> & { name: "biceps"; private: false; static: false; }' is not assignable to parameter of type 'string | symbol'.
backend/src/modules/measurements/dto/create-measurement.dto.ts(37,4): error TS1240: Unable to resolve signature of property decorator when called as an expression.
  Argument of type 'ClassFieldDecoratorContext<CreateMeasurementDto, number> & { name: "biceps"; private: false; static: false; }' is not assignable to parameter of type 'string | symbol'.
backend/src/modules/measurements/dto/create-measurement.dto.ts(38,4): error TS1240: Unable to resolve signature of property decorator when called as an expression.
  Argument of type 'ClassFieldDecoratorContext<CreateMeasurementDto, number> & { name: "biceps"; private: false; static: false; }' is not assignable to parameter of type 'string | symbol'.
backend/src/modules/measurements/dto/create-measurement.dto.ts(39,4): error TS1240: Unable to resolve signature of property decorator when called as an expression.
  Argument of type 'ClassFieldDecoratorContext<CreateMeasurementDto, number> & { name: "biceps"; private: false; static: false; }' is not assignable to parameter of type 'string | symbol'.
backend/src/modules/measurements/dto/create-measurement.dto.ts(42,4): error TS1240: Unable to resolve signature of property decorator when called as an expression.
  Argument of type 'ClassFieldDecoratorContext<CreateMeasurementDto, number> & { name: "thigh"; private: false; static: false; }' is not assignable to parameter of type 'string | symbol'.
backend/src/modules/measurements/dto/create-measurement.dto.ts(43,4): error TS1240: Unable to resolve signature of property decorator when called as an expression.
  Argument of type 'ClassFieldDecoratorContext<CreateMeasurementDto, number> & { name: "thigh"; private: false; static: false; }' is not assignable to parameter of type 'string | symbol'.
backend/src/modules/measurements/dto/create-measurement.dto.ts(44,4): error TS1240: Unable to resolve signature of property decorator when called as an expression.
  Argument of type 'ClassFieldDecoratorContext<CreateMeasurementDto, number> & { name: "thigh"; private: false; static: false; }' is not assignable to parameter of type 'string | symbol'.
backend/src/modules/measurements/dto/create-measurement.dto.ts(45,4): error TS1240: Unable to resolve signature of property decorator when called as an expression.
  Argument of type 'ClassFieldDecoratorContext<CreateMeasurementDto, number> & { name: "thigh"; private: false; static: false; }' is not assignable to parameter of type 'string | symbol'.
backend/src/modules/measurements/measurements.controller.ts(15,3): error TS1241: Unable to resolve signature of method decorator when called as an expression.
  The runtime will invoke the decorator with 2 arguments, but the decorator expects 3.
backend/src/modules/measurements/measurements.controller.ts(15,4): error TS1270: Decorator function return type 'void | TypedPropertyDescriptor<unknown>' is not assignable to type 'void | ((createMeasurementDto: CreateMeasurementDto, req: Request<ParamsDictionary, any, any, ParsedQs, Record<string, any>>) => any)'.
  Type 'TypedPropertyDescriptor<unknown>' is not assignable to type 'void | ((createMeasurementDto: CreateMeasurementDto, req: Request<ParamsDictionary, any, any, ParsedQs, Record<string, any>>) => any)'.
backend/src/modules/measurements/measurements.controller.ts(16,3): error TS1241: Unable to resolve signature of method decorator when called as an expression.
  The runtime will invoke the decorator with 2 arguments, but the decorator expects 3.
backend/src/modules/measurements/measurements.controller.ts(16,4): error TS1270: Decorator function return type 'void | TypedPropertyDescriptor<unknown>' is not assignable to type 'void | ((createMeasurementDto: CreateMeasurementDto, req: Request<ParamsDictionary, any, any, ParsedQs, Record<string, any>>) => any)'.
  Type 'TypedPropertyDescriptor<unknown>' is not assignable to type 'void | ((createMeasurementDto: CreateMeasurementDto, req: Request<ParamsDictionary, any, any, ParsedQs, Record<string, any>>) => any)'.
backend/src/modules/measurements/measurements.controller.ts(18,5): error TS1206: Decorators are not valid here.
backend/src/modules/measurements/measurements.controller.ts(19,5): error TS1206: Decorators are not valid here.
backend/src/modules/measurements/measurements.controller.ts(25,3): error TS1241: Unable to resolve signature of method decorator when called as an expression.
  The runtime will invoke the decorator with 2 arguments, but the decorator expects 3.
backend/src/modules/measurements/measurements.controller.ts(25,4): error TS1270: Decorator function return type 'void | TypedPropertyDescriptor<unknown>' is not assignable to type 'void | ((req: Request<ParamsDictionary, any, any, ParsedQs, Record<string, any>>) => any)'.
  Type 'TypedPropertyDescriptor<unknown>' is not assignable to type 'void | ((req: Request<ParamsDictionary, any, any, ParsedQs, Record<string, any>>) => any)'.
backend/src/modules/measurements/measurements.controller.ts(26,3): error TS1241: Unable to resolve signature of method decorator when called as an expression.
  The runtime will invoke the decorator with 2 arguments, but the decorator expects 3.
backend/src/modules/measurements/measurements.controller.ts(26,4): error TS1270: Decorator function return type 'void | TypedPropertyDescriptor<unknown>' is not assignable to type 'void | ((req: Request<ParamsDictionary, any, any, ParsedQs, Record<string, any>>) => any)'.
  Type 'TypedPropertyDescriptor<unknown>' is not assignable to type 'void | ((req: Request<ParamsDictionary, any, any, ParsedQs, Record<string, any>>) => any)'.
backend/src/modules/measurements/measurements.controller.ts(27,11): error TS1206: Decorators are not valid here.
backend/src/modules/measurements/measurements.service.ts(3,31): error TS2307: Cannot find module '@/prisma/prisma.service' or its corresponding type declarations.
backend/src/modules/medical-partners/medical-partners.controller.ts(13,3): error TS1241: Unable to resolve signature of method decorator when called as an expression.
  The runtime will invoke the decorator with 2 arguments, but the decorator expects 3.
backend/src/modules/medical-partners/medical-partners.controller.ts(13,4): error TS1270: Decorator function return type 'void | TypedPropertyDescriptor<unknown>' is not assignable to type 'void | (() => Promise<any>)'.
  Type 'TypedPropertyDescriptor<unknown>' is not assignable to type 'void | (() => Promise<any>)'.
backend/src/modules/medical-partners/medical-partners.service.ts(2,31): error TS2307: Cannot find module '@/prisma/prisma.service' or its corresponding type declarations.
backend/src/modules/monitoring/metrics.controller.ts(13,3): error TS1241: Unable to resolve signature of method decorator when called as an expression.
  The runtime will invoke the decorator with 2 arguments, but the decorator expects 3.
backend/src/modules/monitoring/metrics.controller.ts(13,4): error TS1270: Decorator function return type 'void | TypedPropertyDescriptor<unknown>' is not assignable to type 'void | ((res: Response<any, Record<string, any>>) => Promise<void>)'.
  Type 'TypedPropertyDescriptor<unknown>' is not assignable to type 'void | ((res: Response<any, Record<string, any>>) => Promise<void>)'.
backend/src/modules/monitoring/metrics.controller.ts(14,3): error TS1241: Unable to resolve signature of method decorator when called as an expression.
  The runtime will invoke the decorator with 2 arguments, but the decorator expects 3.
backend/src/modules/monitoring/metrics.controller.ts(14,4): error TS1270: Decorator function return type 'void | TypedPropertyDescriptor<unknown>' is not assignable to type 'void | ((res: Response<any, Record<string, any>>) => Promise<void>)'.
  Type 'TypedPropertyDescriptor<unknown>' is not assignable to type 'void | ((res: Response<any, Record<string, any>>) => Promise<void>)'.
backend/src/modules/monitoring/metrics.controller.ts(25,20): error TS1206: Decorators are not valid here.
backend/src/modules/notifications/notifications.controller.ts(14,3): error TS1241: Unable to resolve signature of method decorator when called as an expression.
  The runtime will invoke the decorator with 2 arguments, but the decorator expects 3.
backend/src/modules/notifications/notifications.controller.ts(14,4): error TS1270: Decorator function return type 'void | TypedPropertyDescriptor<unknown>' is not assignable to type 'void | ((req: Request<ParamsDictionary, any, any, ParsedQs, Record<string, any>>) => Promise<any>)'.
  Type 'TypedPropertyDescriptor<unknown>' is not assignable to type 'void | ((req: Request<ParamsDictionary, any, any, ParsedQs, Record<string, any>>) => Promise<any>)'.
backend/src/modules/notifications/notifications.controller.ts(15,3): error TS1241: Unable to resolve signature of method decorator when called as an expression.
  The runtime will invoke the decorator with 2 arguments, but the decorator expects 3.
backend/src/modules/notifications/notifications.controller.ts(15,4): error TS1270: Decorator function return type 'void | TypedPropertyDescriptor<unknown>' is not assignable to type 'void | ((req: Request<ParamsDictionary, any, any, ParsedQs, Record<string, any>>) => Promise<any>)'.
  Type 'TypedPropertyDescriptor<unknown>' is not assignable to type 'void | ((req: Request<ParamsDictionary, any, any, ParsedQs, Record<string, any>>) => Promise<any>)'.
backend/src/modules/notifications/notifications.controller.ts(16,20): error TS1206: Decorators are not valid here.
backend/src/modules/notifications/notifications.controller.ts(21,3): error TS1241: Unable to resolve signature of method decorator when called as an expression.
  The runtime will invoke the decorator with 2 arguments, but the decorator expects 3.
backend/src/modules/notifications/notifications.controller.ts(21,4): error TS1270: Decorator function return type 'void | TypedPropertyDescriptor<unknown>' is not assignable to type 'void | ((req: Request<ParamsDictionary, any, any, ParsedQs, Record<string, any>>) => Promise<any>)'.
  Type 'TypedPropertyDescriptor<unknown>' is not assignable to type 'void | ((req: Request<ParamsDictionary, any, any, ParsedQs, Record<string, any>>) => Promise<any>)'.
backend/src/modules/notifications/notifications.controller.ts(22,3): error TS1241: Unable to resolve signature of method decorator when called as an expression.
  The runtime will invoke the decorator with 2 arguments, but the decorator expects 3.
backend/src/modules/notifications/notifications.controller.ts(22,4): error TS1270: Decorator function return type 'void | TypedPropertyDescriptor<unknown>' is not assignable to type 'void | ((req: Request<ParamsDictionary, any, any, ParsedQs, Record<string, any>>) => Promise<any>)'.
  Type 'TypedPropertyDescriptor<unknown>' is not assignable to type 'void | ((req: Request<ParamsDictionary, any, any, ParsedQs, Record<string, any>>) => Promise<any>)'.
backend/src/modules/notifications/notifications.controller.ts(23,17): error TS1206: Decorators are not valid here.
backend/src/modules/notifications/notifications.service.ts(2,31): error TS2307: Cannot find module '@/prisma/prisma.service' or its corresponding type declarations.
backend/src/modules/notifications/notifications.service.ts(3,10): error TS2305: Module '"@prisma/client"' has no exported member 'Notification'.
backend/src/modules/notifications/notifications.service.ts(28,41): error TS2694: Namespace '"/home/user/studio/node_modules/.prisma/client/default".Prisma' has no exported member 'NotificationCreateManyInput'.
backend/src/modules/notifications/notifications.service.ts(52,41): error TS2694: Namespace '"/home/user/studio/node_modules/.prisma/client/default".Prisma' has no exported member 'NotificationCreateManyInput'.
backend/src/modules/nutrition/dto/create-food-log.dto.ts(12,4): error TS1240: Unable to resolve signature of property decorator when called as an expression.
  Argument of type 'ClassFieldDecoratorContext<CreateFoodLogDto, string> & { name: "foodItemId"; private: false; static: false; }' is not assignable to parameter of type 'string | symbol'.
backend/src/modules/nutrition/dto/create-food-log.dto.ts(13,4): error TS1240: Unable to resolve signature of property decorator when called as an expression.
  Argument of type 'ClassFieldDecoratorContext<CreateFoodLogDto, string> & { name: "foodItemId"; private: false; static: false; }' is not assignable to parameter of type 'string | symbol'.
backend/src/modules/nutrition/dto/create-food-log.dto.ts(14,4): error TS1240: Unable to resolve signature of property decorator when called as an expression.
  Argument of type 'ClassFieldDecoratorContext<CreateFoodLogDto, string> & { name: "foodItemId"; private: false; static: false; }' is not assignable to parameter of type 'string | symbol'.
backend/src/modules/nutrition/dto/create-food-log.dto.ts(17,4): error TS1240: Unable to resolve signature of property decorator when called as an expression.
  Argument of type 'ClassFieldDecoratorContext<CreateFoodLogDto, number> & { name: "grams"; private: false; static: false; }' is not assignable to parameter of type 'string | symbol'.
backend/src/modules/nutrition/dto/create-food-log.dto.ts(18,4): error TS1240: Unable to resolve signature of property decorator when called as an expression.
  Argument of type 'ClassFieldDecoratorContext<CreateFoodLogDto, number> & { name: "grams"; private: false; static: false; }' is not assignable to parameter of type 'string | symbol'.
backend/src/modules/nutrition/dto/create-food-log.dto.ts(19,4): error TS1240: Unable to resolve signature of property decorator when called as an expression.
  Argument of type 'ClassFieldDecoratorContext<CreateFoodLogDto, number> & { name: "grams"; private: false; static: false; }' is not assignable to parameter of type 'string | symbol'.
backend/src/modules/nutrition/dto/create-food-log.dto.ts(22,4): error TS1240: Unable to resolve signature of property decorator when called as an expression.
  Argument of type 'ClassFieldDecoratorContext<CreateFoodLogDto, MealType> & { name: "meal"; private: false; static: false; }' is not assignable to parameter of type 'string | symbol'.
backend/src/modules/nutrition/dto/create-food-log.dto.ts(27,4): error TS1240: Unable to resolve signature of property decorator when called as an expression.
  Argument of type 'ClassFieldDecoratorContext<CreateFoodLogDto, MealType> & { name: "meal"; private: false; static: false; }' is not assignable to parameter of type 'string | symbol'.
backend/src/modules/nutrition/nutrition.controller.ts(24,3): error TS1241: Unable to resolve signature of method decorator when called as an expression.
  The runtime will invoke the decorator with 2 arguments, but the decorator expects 3.
backend/src/modules/nutrition/nutrition.controller.ts(24,4): error TS1270: Decorator function return type 'void | TypedPropertyDescriptor<unknown>' is not assignable to type 'void | (() => any)'.
  Type 'TypedPropertyDescriptor<unknown>' is not assignable to type 'void | (() => any)'.
backend/src/modules/nutrition/nutrition.controller.ts(25,3): error TS1241: Unable to resolve signature of method decorator when called as an expression.
  The runtime will invoke the decorator with 2 arguments, but the decorator expects 3.
backend/src/modules/nutrition/nutrition.controller.ts(25,4): error TS1270: Decorator function return type 'void | TypedPropertyDescriptor<unknown>' is not assignable to type 'void | (() => any)'.
  Type 'TypedPropertyDescriptor<unknown>' is not assignable to type 'void | (() => any)'.
backend/src/modules/nutrition/nutrition.controller.ts(32,3): error TS1241: Unable to resolve signature of method decorator when called as an expression.
  The runtime will invoke the decorator with 2 arguments, but the decorator expects 3.
backend/src/modules/nutrition/nutrition.controller.ts(32,4): error TS1270: Decorator function return type 'void | TypedPropertyDescriptor<unknown>' is not assignable to type 'void | ((req: Request<ParamsDictionary, any, any, ParsedQs, Record<string, any>>) => Promise<any>)'.
  Type 'TypedPropertyDescriptor<unknown>' is not assignable to type 'void | ((req: Request<ParamsDictionary, any, any, ParsedQs, Record<string, any>>) => Promise<any>)'.
backend/src/modules/nutrition/nutrition.controller.ts(33,3): error TS1241: Unable to resolve signature of method decorator when called as an expression.
  The runtime will invoke the decorator with 2 arguments, but the decorator expects 3.
backend/src/modules/nutrition/nutrition.controller.ts(33,4): error TS1270: Decorator function return type 'void | TypedPropertyDescriptor<unknown>' is not assignable to type 'void | ((req: Request<ParamsDictionary, any, any, ParsedQs, Record<string, any>>) => Promise<any>)'.
  Type 'TypedPropertyDescriptor<unknown>' is not assignable to type 'void | ((req: Request<ParamsDictionary, any, any, ParsedQs, Record<string, any>>) => Promise<any>)'.
backend/src/modules/nutrition/nutrition.controller.ts(36,15): error TS1206: Decorators are not valid here.
backend/src/modules/nutrition/nutrition.controller.ts(43,3): error TS1241: Unable to resolve signature of method decorator when called as an expression.
  The runtime will invoke the decorator with 2 arguments, but the decorator expects 3.
backend/src/modules/nutrition/nutrition.controller.ts(43,4): error TS1270: Decorator function return type 'void | TypedPropertyDescriptor<unknown>' is not assignable to type 'void | ((createFoodLogDto: CreateFoodLogDto, req: Request<ParamsDictionary, any, any, ParsedQs, Record<string, any>>) => Promise<...>)'.
  Type 'TypedPropertyDescriptor<unknown>' is not assignable to type 'void | ((createFoodLogDto: CreateFoodLogDto, req: Request<ParamsDictionary, any, any, ParsedQs, Record<string, any>>) => Promise<...>)'.
backend/src/modules/nutrition/nutrition.controller.ts(44,3): error TS1241: Unable to resolve signature of method decorator when called as an expression.
  The runtime will invoke the decorator with 2 arguments, but the decorator expects 3.
backend/src/modules/nutrition/nutrition.controller.ts(44,4): error TS1270: Decorator function return type 'void | TypedPropertyDescriptor<unknown>' is not assignable to type 'void | ((createFoodLogDto: CreateFoodLogDto, req: Request<ParamsDictionary, any, any, ParsedQs, Record<string, any>>) => Promise<...>)'.
  Type 'TypedPropertyDescriptor<unknown>' is not assignable to type 'void | ((createFoodLogDto: CreateFoodLogDto, req: Request<ParamsDictionary, any, any, ParsedQs, Record<string, any>>) => Promise<...>)'.
backend/src/modules/nutrition/nutrition.controller.ts(46,5): error TS1206: Decorators are not valid here.
backend/src/modules/nutrition/nutrition.controller.ts(47,5): error TS1206: Decorators are not valid here.
backend/src/modules/nutrition/nutrition.controller.ts(55,3): error TS1241: Unable to resolve signature of method decorator when called as an expression.
  The runtime will invoke the decorator with 2 arguments, but the decorator expects 3.
backend/src/modules/nutrition/nutrition.controller.ts(55,4): error TS1270: Decorator function return type 'void | TypedPropertyDescriptor<unknown>' is not assignable to type 'void | ((id: string, req: Request<ParamsDictionary, any, any, ParsedQs, Record<string, any>>) => Promise<any>)'.
  Type 'TypedPropertyDescriptor<unknown>' is not assignable to type 'void | ((id: string, req: Request<ParamsDictionary, any, any, ParsedQs, Record<string, any>>) => Promise<any>)'.
backend/src/modules/nutrition/nutrition.controller.ts(56,3): error TS1241: Unable to resolve signature of method decorator when called as an expression.
  The runtime will invoke the decorator with 2 arguments, but the decorator expects 3.
backend/src/modules/nutrition/nutrition.controller.ts(56,4): error TS1270: Decorator function return type 'void | TypedPropertyDescriptor<unknown>' is not assignable to type 'void | ((id: string, req: Request<ParamsDictionary, any, any, ParsedQs, Record<string, any>>) => Promise<any>)'.
  Type 'TypedPropertyDescriptor<unknown>' is not assignable to type 'void | ((id: string, req: Request<ParamsDictionary, any, any, ParsedQs, Record<string, any>>) => Promise<any>)'.
backend/src/modules/nutrition/nutrition.controller.ts(57,18): error TS1206: Decorators are not valid here.
backend/src/modules/nutrition/nutrition.controller.ts(57,43): error TS1206: Decorators are not valid here.
backend/src/modules/nutrition/nutrition.service.ts(8,31): error TS2307: Cannot find module '@/prisma/prisma.service' or its corresponding type declarations.
backend/src/modules/playground-reports/dto/create-playground-report.dto.ts(4,4): error TS1240: Unable to resolve signature of property decorator when called as an expression.
  Argument of type 'ClassFieldDecoratorContext<CreatePlaygroundReportDto, string> & { name: "playgroundId"; private: false; static: false; }' is not assignable to parameter of type 'string | symbol'.
backend/src/modules/playground-reports/dto/create-playground-report.dto.ts(5,4): error TS1240: Unable to resolve signature of property decorator when called as an expression.
  Argument of type 'ClassFieldDecoratorContext<CreatePlaygroundReportDto, string> & { name: "playgroundId"; private: false; static: false; }' is not assignable to parameter of type 'string | symbol'.
backend/src/modules/playground-reports/dto/create-playground-report.dto.ts(8,4): error TS1240: Unable to resolve signature of property decorator when called as an expression.
  Argument of type 'ClassFieldDecoratorContext<CreatePlaygroundReportDto, string> & { name: "category"; private: false; static: false; }' is not assignable to parameter of type 'string | symbol'.
backend/src/modules/playground-reports/dto/create-playground-report.dto.ts(9,4): error TS1240: Unable to resolve signature of property decorator when called as an expression.
  Argument of type 'ClassFieldDecoratorContext<CreatePlaygroundReportDto, string> & { name: "category"; private: false; static: false; }' is not assignable to parameter of type 'string | symbol'.
backend/src/modules/playground-reports/dto/create-playground-report.dto.ts(12,4): error TS1240: Unable to resolve signature of property decorator when called as an expression.
  Argument of type 'ClassFieldDecoratorContext<CreatePlaygroundReportDto, string> & { name: "comment"; private: false; static: false; }' is not assignable to parameter of type 'string | symbol'.
backend/src/modules/playground-reports/dto/create-playground-report.dto.ts(13,4): error TS1240: Unable to resolve signature of property decorator when called as an expression.
  Argument of type 'ClassFieldDecoratorContext<CreatePlaygroundReportDto, string> & { name: "comment"; private: false; static: false; }' is not assignable to parameter of type 'string | symbol'.
backend/src/modules/playground-reports/playground-reports.controller.ts(22,3): error TS1241: Unable to resolve signature of method decorator when called as an expression.
  The runtime will invoke the decorator with 2 arguments, but the decorator expects 3.
backend/src/modules/playground-reports/playground-reports.controller.ts(22,4): error TS1270: Decorator function return type 'void | TypedPropertyDescriptor<unknown>' is not assignable to type 'void | ((req: Request<ParamsDictionary, any, any, ParsedQs, Record<string, any>>, dto: CreatePlaygroundReportDto) => Promise<...>)'.
  Type 'TypedPropertyDescriptor<unknown>' is not assignable to type 'void | ((req: Request<ParamsDictionary, any, any, ParsedQs, Record<string, any>>, dto: CreatePlaygroundReportDto) => Promise<...>)'.
backend/src/modules/playground-reports/playground-reports.controller.ts(25,3): error TS1241: Unable to resolve signature of method decorator when called as an expression.
  The runtime will invoke the decorator with 2 arguments, but the decorator expects 3.
backend/src/modules/playground-reports/playground-reports.controller.ts(25,4): error TS1270: Decorator function return type 'void | TypedPropertyDescriptor<unknown>' is not assignable to type 'void | ((req: Request<ParamsDictionary, any, any, ParsedQs, Record<string, any>>, dto: CreatePlaygroundReportDto) => Promise<...>)'.
  Type 'TypedPropertyDescriptor<unknown>' is not assignable to type 'void | ((req: Request<ParamsDictionary, any, any, ParsedQs, Record<string, any>>, dto: CreatePlaygroundReportDto) => Promise<...>)'.
backend/src/modules/playground-reports/playground-reports.controller.ts(26,10): error TS1206: Decorators are not valid here.
backend/src/modules/playground-reports/playground-reports.controller.ts(26,31): error TS1206: Decorators are not valid here.
backend/src/modules/playground-reports/playground-reports.controller.ts(32,3): error TS1241: Unable to resolve signature of method decorator when called as an expression.
  The runtime will invoke the decorator with 2 arguments, but the decorator expects 3.
backend/src/modules/playground-reports/playground-reports.controller.ts(32,4): error TS1270: Decorator function return type 'void | TypedPropertyDescriptor<unknown>' is not assignable to type 'void | ((id: string) => Promise<any>)'.
  Type 'TypedPropertyDescriptor<unknown>' is not assignable to type 'void | ((id: string) => Promise<any>)'.
backend/src/modules/playground-reports/playground-reports.controller.ts(33,3): error TS1241: Unable to resolve signature of method decorator when called as an expression.
  The runtime will invoke the decorator with 2 arguments, but the decorator expects 3.
backend/src/modules/playground-reports/playground-reports.controller.ts(33,4): error TS1270: Decorator function return type 'void | TypedPropertyDescriptor<unknown>' is not assignable to type 'void | ((id: string) => Promise<any>)'.
  Type 'TypedPropertyDescriptor<unknown>' is not assignable to type 'void | ((id: string) => Promise<any>)'.
backend/src/modules/playground-reports/playground-reports.controller.ts(36,16): error TS1206: Decorators are not valid here.
backend/src/modules/playground-reports/playground-reports.service.ts(2,31): error TS2307: Cannot find module '@/prisma/prisma.service' or its corresponding type declarations.
backend/src/modules/playground-reports/playground-reports.service.ts(4,41): error TS2307: Cannot find module '@/ai/flows/analyze-playground-report-flow' or its corresponding type declarations.
backend/src/modules/playground-reports/playground-reports.service.ts(5,10): error TS2305: Module '"@prisma/client"' has no exported member 'ReportStatus'.
backend/src/modules/playgrounds/dto/create-playground.dto.ts(11,4): error TS1240: Unable to resolve signature of property decorator when called as an expression.
  Argument of type 'ClassFieldDecoratorContext<CreatePlaygroundDto, string> & { name: "name"; private: false; static: false; }' is not assignable to parameter of type 'string | symbol'.
backend/src/modules/playgrounds/dto/create-playground.dto.ts(12,4): error TS1240: Unable to resolve signature of property decorator when called as an expression.
  Argument of type 'ClassFieldDecoratorContext<CreatePlaygroundDto, string> & { name: "name"; private: false; static: false; }' is not assignable to parameter of type 'string | symbol'.
backend/src/modules/playgrounds/dto/create-playground.dto.ts(13,4): error TS1240: Unable to resolve signature of property decorator when called as an expression.
  Argument of type 'ClassFieldDecoratorContext<CreatePlaygroundDto, string> & { name: "name"; private: false; static: false; }' is not assignable to parameter of type 'string | symbol'.
backend/src/modules/playgrounds/dto/create-playground.dto.ts(14,4): error TS1240: Unable to resolve signature of property decorator when called as an expression.
  Argument of type 'ClassFieldDecoratorContext<CreatePlaygroundDto, string> & { name: "name"; private: false; static: false; }' is not assignable to parameter of type 'string | symbol'.
backend/src/modules/playgrounds/dto/create-playground.dto.ts(17,4): error TS1240: Unable to resolve signature of property decorator when called as an expression.
  Argument of type 'ClassFieldDecoratorContext<CreatePlaygroundDto, string> & { name: "address"; private: false; static: false; }' is not assignable to parameter of type 'string | symbol'.
backend/src/modules/playgrounds/dto/create-playground.dto.ts(18,4): error TS1240: Unable to resolve signature of property decorator when called as an expression.
  Argument of type 'ClassFieldDecoratorContext<CreatePlaygroundDto, string> & { name: "address"; private: false; static: false; }' is not assignable to parameter of type 'string | symbol'.
backend/src/modules/playgrounds/dto/create-playground.dto.ts(19,4): error TS1240: Unable to resolve signature of property decorator when called as an expression.
  Argument of type 'ClassFieldDecoratorContext<CreatePlaygroundDto, string> & { name: "address"; private: false; static: false; }' is not assignable to parameter of type 'string | symbol'.
backend/src/modules/playgrounds/dto/create-playground.dto.ts(20,4): error TS1240: Unable to resolve signature of property decorator when called as an expression.
  Argument of type 'ClassFieldDecoratorContext<CreatePlaygroundDto, string> & { name: "address"; private: false; static: false; }' is not assignable to parameter of type 'string | symbol'.
backend/src/modules/playgrounds/dto/create-playground.dto.ts(23,4): error TS1240: Unable to resolve signature of property decorator when called as an expression.
  Argument of type 'ClassFieldDecoratorContext<CreatePlaygroundDto, string> & { name: "type"; private: false; static: false; }' is not assignable to parameter of type 'string | symbol'.
backend/src/modules/playgrounds/dto/create-playground.dto.ts(24,4): error TS1240: Unable to resolve signature of property decorator when called as an expression.
  Argument of type 'ClassFieldDecoratorContext<CreatePlaygroundDto, string> & { name: "type"; private: false; static: false; }' is not assignable to parameter of type 'string | symbol'.
backend/src/modules/playgrounds/dto/create-playground.dto.ts(25,4): error TS1240: Unable to resolve signature of property decorator when called as an expression.
  Argument of type 'ClassFieldDecoratorContext<CreatePlaygroundDto, string> & { name: "type"; private: false; static: false; }' is not assignable to parameter of type 'string | symbol'.
backend/src/modules/playgrounds/dto/create-playground.dto.ts(28,4): error TS1240: Unable to resolve signature of property decorator when called as an expression.
  Argument of type 'ClassFieldDecoratorContext<CreatePlaygroundDto, string> & { name: "surface"; private: false; static: false; }' is not assignable to parameter of type 'string | symbol'.
backend/src/modules/playgrounds/dto/create-playground.dto.ts(29,4): error TS1240: Unable to resolve signature of property decorator when called as an expression.
  Argument of type 'ClassFieldDecoratorContext<CreatePlaygroundDto, string> & { name: "surface"; private: false; static: false; }' is not assignable to parameter of type 'string | symbol'.
backend/src/modules/playgrounds/dto/create-playground.dto.ts(30,4): error TS1240: Unable to resolve signature of property decorator when called as an expression.
  Argument of type 'ClassFieldDecoratorContext<CreatePlaygroundDto, string> & { name: "surface"; private: false; static: false; }' is not assignable to parameter of type 'string | symbol'.
backend/src/modules/playgrounds/dto/create-playground.dto.ts(33,4): error TS1240: Unable to resolve signature of property decorator when called as an expression.
  Argument of type 'ClassFieldDecoratorContext<CreatePlaygroundDto, string[]> & { name: "features"; private: false; static: false; }' is not assignable to parameter of type 'string | symbol'.
backend/src/modules/playgrounds/dto/create-playground.dto.ts(34,4): error TS1240: Unable to resolve signature of property decorator when called as an expression.
  Argument of type 'ClassFieldDecoratorContext<CreatePlaygroundDto, string[]> & { name: "features"; private: false; static: false; }' is not assignable to parameter of type 'string | symbol'.
backend/src/modules/playgrounds/dto/create-playground.dto.ts(35,4): error TS1240: Unable to resolve signature of property decorator when called as an expression.
  Argument of type 'ClassFieldDecoratorContext<CreatePlaygroundDto, string[]> & { name: "features"; private: false; static: false; }' is not assignable to parameter of type 'string | symbol'.
backend/src/modules/playgrounds/dto/create-playground.dto.ts(38,4): error TS1240: Unable to resolve signature of property decorator when called as an expression.
  Argument of type 'ClassFieldDecoratorContext<CreatePlaygroundDto, string> & { name: "coverImage"; private: false; static: false; }' is not assignable to parameter of type 'string | symbol'.
backend/src/modules/playgrounds/dto/create-playground.dto.ts(39,4): error TS1240: Unable to resolve signature of property decorator when called as an expression.
  Argument of type 'ClassFieldDecoratorContext<CreatePlaygroundDto, string> & { name: "coverImage"; private: false; static: false; }' is not assignable to parameter of type 'string | symbol'.
backend/src/modules/playgrounds/dto/create-playground.dto.ts(40,4): error TS1240: Unable to resolve signature of property decorator when called as an expression.
  Argument of type 'ClassFieldDecoratorContext<CreatePlaygroundDto, string> & { name: "coverImage"; private: false; static: false; }' is not assignable to parameter of type 'string | symbol'.
backend/src/modules/playgrounds/dto/create-playground.dto.ts(43,4): error TS1240: Unable to resolve signature of property decorator when called as an expression.
  Argument of type 'ClassFieldDecoratorContext<CreatePlaygroundDto, string> & { name: "coverImageHint"; private: false; static: false; }' is not assignable to parameter of type 'string | symbol'.
backend/src/modules/playgrounds/dto/create-playground.dto.ts(47,4): error TS1240: Unable to resolve signature of property decorator when called as an expression.
  Argument of type 'ClassFieldDecoratorContext<CreatePlaygroundDto, string> & { name: "coverImageHint"; private: false; static: false; }' is not assignable to parameter of type 'string | symbol'.
backend/src/modules/playgrounds/dto/create-playground.dto.ts(48,4): error TS1240: Unable to resolve signature of property decorator when called as an expression.
  Argument of type 'ClassFieldDecoratorContext<CreatePlaygroundDto, string> & { name: "coverImageHint"; private: false; static: false; }' is not assignable to parameter of type 'string | symbol'.
backend/src/modules/playgrounds/dto/create-review.dto.ts(4,4): error TS1240: Unable to resolve signature of property decorator when called as an expression.
  Argument of type 'ClassFieldDecoratorContext<CreateReviewDto, number> & { name: "rating"; private: false; static: false; }' is not assignable to parameter of type 'string | symbol'.
backend/src/modules/playgrounds/dto/create-review.dto.ts(5,4): error TS1240: Unable to resolve signature of property decorator when called as an expression.
  Argument of type 'ClassFieldDecoratorContext<CreateReviewDto, number> & { name: "rating"; private: false; static: false; }' is not assignable to parameter of type 'string | symbol'.
backend/src/modules/playgrounds/dto/create-review.dto.ts(6,4): error TS1240: Unable to resolve signature of property decorator when called as an expression.
  Argument of type 'ClassFieldDecoratorContext<CreateReviewDto, number> & { name: "rating"; private: false; static: false; }' is not assignable to parameter of type 'string | symbol'.
backend/src/modules/playgrounds/dto/create-review.dto.ts(9,4): error TS1240: Unable to resolve signature of property decorator when called as an expression.
  Argument of type 'ClassFieldDecoratorContext<CreateReviewDto, string> & { name: "comment"; private: false; static: false; }' is not assignable to parameter of type 'string | symbol'.
backend/src/modules/playgrounds/dto/create-review.dto.ts(10,4): error TS1240: Unable to resolve signature of property decorator when called as an expression.
  Argument of type 'ClassFieldDecoratorContext<CreateReviewDto, string> & { name: "comment"; private: false; static: false; }' is not assignable to parameter of type 'string | symbol'.
backend/src/modules/playgrounds/dto/king-of-the-court.dto.ts(4,4): error TS1240: Unable to resolve signature of property decorator when called as an expression.
  Argument of type 'ClassFieldDecoratorContext<KingOfTheCourtDto, string> & { name: "id"; private: false; static: false; }' is not assignable to parameter of type 'string | symbol'.
backend/src/modules/playgrounds/dto/king-of-the-court.dto.ts(7,4): error TS1240: Unable to resolve signature of property decorator when called as an expression.
  Argument of type 'ClassFieldDecoratorContext<KingOfTheCourtDto, string> & { name: "name"; private: false; static: false; }' is not assignable to parameter of type 'string | symbol'.
backend/src/modules/playgrounds/dto/king-of-the-court.dto.ts(10,4): error TS1240: Unable to resolve signature of property decorator when called as an expression.
  Argument of type 'ClassFieldDecoratorContext<KingOfTheCourtDto, string> & { name: "logo"; private: false; static: false; }' is not assignable to parameter of type 'string | symbol'.
backend/src/modules/playgrounds/dto/king-of-the-court.dto.ts(13,4): error TS1240: Unable to resolve signature of property decorator when called as an expression.
  Argument of type 'ClassFieldDecoratorContext<KingOfTheCourtDto, string> & { name: "dataAiHint"; private: false; static: false; }' is not assignable to parameter of type 'string | symbol'.
backend/src/modules/playgrounds/dto/king-of-the-court.dto.ts(16,4): error TS1240: Unable to resolve signature of property decorator when called as an expression.
  Argument of type 'ClassFieldDecoratorContext<KingOfTheCourtDto, string> & { name: "game"; private: false; static: false; }' is not assignable to parameter of type 'string | symbol'.
backend/src/modules/playgrounds/dto/king-of-the-court.dto.ts(19,4): error TS1240: Unable to resolve signature of property decorator when called as an expression.
  Argument of type 'ClassFieldDecoratorContext<KingOfTheCourtDto, string> & { name: "slug"; private: false; static: false; }' is not assignable to parameter of type 'string | symbol'.
backend/src/modules/playgrounds/dto/king-of-the-court.dto.ts(22,4): error TS1240: Unable to resolve signature of property decorator when called as an expression.
  Argument of type 'ClassFieldDecoratorContext<KingOfTheCourtDto, number> & { name: "wins"; private: false; static: false; }' is not assignable to parameter of type 'string | symbol'.
backend/src/modules/playgrounds/dto/playground-review-summary.dto.ts(4,4): error TS1240: Unable to resolve signature of property decorator when called as an expression.
  Argument of type 'ClassFieldDecoratorContext<PlaygroundReviewSummaryDto, string[]> & { name: "pros"; private: false; static: false; }' is not assignable to parameter of type 'string | symbol'.
backend/src/modules/playgrounds/dto/playground-review-summary.dto.ts(7,4): error TS1240: Unable to resolve signature of property decorator when called as an expression.
  Argument of type 'ClassFieldDecoratorContext<PlaygroundReviewSummaryDto, string[]> & { name: "cons"; private: false; static: false; }' is not assignable to parameter of type 'string | symbol'.
backend/src/modules/playgrounds/dto/playground-review-summary.dto.ts(10,4): error TS1240: Unable to resolve signature of property decorator when called as an expression.
  Argument of type 'ClassFieldDecoratorContext<PlaygroundReviewSummaryDto, number> & { name: "averageRating"; private: false; static: false; }' is not assignable to parameter of type 'string | symbol'.
backend/src/modules/playgrounds/playgrounds.controller.ts(32,3): error TS1241: Unable to resolve signature of method decorator when called as an expression.
  The runtime will invoke the decorator with 2 arguments, but the decorator expects 3.
backend/src/modules/playgrounds/playgrounds.controller.ts(32,4): error TS1270: Decorator function return type 'void | TypedPropertyDescriptor<unknown>' is not assignable to type 'void | ((createPlaygroundDto: CreatePlaygroundDto, req: Request<ParamsDictionary, any, any, ParsedQs, Record<string, any>>) => Promise<...>)'.
  Type 'TypedPropertyDescriptor<unknown>' is not assignable to type 'void | ((createPlaygroundDto: CreatePlaygroundDto, req: Request<ParamsDictionary, any, any, ParsedQs, Record<string, any>>) => Promise<...>)'.
backend/src/modules/playgrounds/playgrounds.controller.ts(35,3): error TS1241: Unable to resolve signature of method decorator when called as an expression.
  The runtime will invoke the decorator with 2 arguments, but the decorator expects 3.
backend/src/modules/playgrounds/playgrounds.controller.ts(35,4): error TS1270: Decorator function return type 'void | TypedPropertyDescriptor<unknown>' is not assignable to type 'void | ((createPlaygroundDto: CreatePlaygroundDto, req: Request<ParamsDictionary, any, any, ParsedQs, Record<string, any>>) => Promise<...>)'.
  Type 'TypedPropertyDescriptor<unknown>' is not assignable to type 'void | ((createPlaygroundDto: CreatePlaygroundDto, req: Request<ParamsDictionary, any, any, ParsedQs, Record<string, any>>) => Promise<...>)'.
backend/src/modules/playgrounds/playgrounds.controller.ts(37,5): error TS1206: Decorators are not valid here.
backend/src/modules/playgrounds/playgrounds.controller.ts(38,5): error TS1206: Decorators are not valid here.
backend/src/modules/playgrounds/playgrounds.controller.ts(45,3): error TS1241: Unable to resolve signature of method decorator when called as an expression.
  The runtime will invoke the decorator with 2 arguments, but the decorator expects 3.
backend/src/modules/playgrounds/playgrounds.controller.ts(45,4): error TS1270: Decorator function return type 'void | TypedPropertyDescriptor<unknown>' is not assignable to type 'void | (() => Promise<any[]>)'.
  Type 'TypedPropertyDescriptor<unknown>' is not assignable to type 'void | (() => Promise<any[]>)'.
backend/src/modules/playgrounds/playgrounds.controller.ts(46,3): error TS1241: Unable to resolve signature of method decorator when called as an expression.
  The runtime will invoke the decorator with 2 arguments, but the decorator expects 3.
backend/src/modules/playgrounds/playgrounds.controller.ts(46,4): error TS1270: Decorator function return type 'void | TypedPropertyDescriptor<unknown>' is not assignable to type 'void | (() => Promise<any[]>)'.
  Type 'TypedPropertyDescriptor<unknown>' is not assignable to type 'void | (() => Promise<any[]>)'.
backend/src/modules/playgrounds/playgrounds.controller.ts(52,3): error TS1241: Unable to resolve signature of method decorator when called as an expression.
  The runtime will invoke the decorator with 2 arguments, but the decorator expects 3.
backend/src/modules/playgrounds/playgrounds.controller.ts(52,4): error TS1270: Decorator function return type 'void | TypedPropertyDescriptor<unknown>' is not assignable to type 'void | ((id: string) => Promise<any>)'.
  Type 'TypedPropertyDescriptor<unknown>' is not assignable to type 'void | ((id: string) => Promise<any>)'.
backend/src/modules/playgrounds/playgrounds.controller.ts(53,3): error TS1241: Unable to resolve signature of method decorator when called as an expression.
  The runtime will invoke the decorator with 2 arguments, but the decorator expects 3.
backend/src/modules/playgrounds/playgrounds.controller.ts(53,4): error TS1270: Decorator function return type 'void | TypedPropertyDescriptor<unknown>' is not assignable to type 'void | ((id: string) => Promise<any>)'.
  Type 'TypedPropertyDescriptor<unknown>' is not assignable to type 'void | ((id: string) => Promise<any>)'.
backend/src/modules/playgrounds/playgrounds.controller.ts(54,11): error TS1206: Decorators are not valid here.
backend/src/modules/playgrounds/playgrounds.controller.ts(59,3): error TS1241: Unable to resolve signature of method decorator when called as an expression.
  The runtime will invoke the decorator with 2 arguments, but the decorator expects 3.
backend/src/modules/playgrounds/playgrounds.controller.ts(59,4): error TS1270: Decorator function return type 'void | TypedPropertyDescriptor<unknown>' is not assignable to type 'void | ((id: string) => Promise<any[]>)'.
  Type 'TypedPropertyDescriptor<unknown>' is not assignable to type 'void | ((id: string) => Promise<any[]>)'.
backend/src/modules/playgrounds/playgrounds.controller.ts(60,3): error TS1241: Unable to resolve signature of method decorator when called as an expression.
  The runtime will invoke the decorator with 2 arguments, but the decorator expects 3.
backend/src/modules/playgrounds/playgrounds.controller.ts(60,4): error TS1270: Decorator function return type 'void | TypedPropertyDescriptor<unknown>' is not assignable to type 'void | ((id: string) => Promise<any[]>)'.
  Type 'TypedPropertyDescriptor<unknown>' is not assignable to type 'void | ((id: string) => Promise<any[]>)'.
backend/src/modules/playgrounds/playgrounds.controller.ts(61,16): error TS1206: Decorators are not valid here.
backend/src/modules/playgrounds/playgrounds.controller.ts(66,3): error TS1241: Unable to resolve signature of method decorator when called as an expression.
  The runtime will invoke the decorator with 2 arguments, but the decorator expects 3.
backend/src/modules/playgrounds/playgrounds.controller.ts(66,4): error TS1270: Decorator function return type 'void | TypedPropertyDescriptor<unknown>' is not assignable to type 'void | ((id: string) => Promise<any>)'.
  Type 'TypedPropertyDescriptor<unknown>' is not assignable to type 'void | ((id: string) => Promise<any>)'.
backend/src/modules/playgrounds/playgrounds.controller.ts(67,3): error TS1241: Unable to resolve signature of method decorator when called as an expression.
  The runtime will invoke the decorator with 2 arguments, but the decorator expects 3.
backend/src/modules/playgrounds/playgrounds.controller.ts(67,4): error TS1270: Decorator function return type 'void | TypedPropertyDescriptor<unknown>' is not assignable to type 'void | ((id: string) => Promise<any>)'.
  Type 'TypedPropertyDescriptor<unknown>' is not assignable to type 'void | ((id: string) => Promise<any>)'.
backend/src/modules/playgrounds/playgrounds.controller.ts(77,21): error TS1206: Decorators are not valid here.
backend/src/modules/playgrounds/playgrounds.controller.ts(82,3): error TS1241: Unable to resolve signature of method decorator when called as an expression.
  The runtime will invoke the decorator with 2 arguments, but the decorator expects 3.
backend/src/modules/playgrounds/playgrounds.controller.ts(82,4): error TS1270: Decorator function return type 'void | TypedPropertyDescriptor<unknown>' is not assignable to type 'void | ((id: string) => Promise<any[]>)'.
  Type 'TypedPropertyDescriptor<unknown>' is not assignable to type 'void | ((id: string) => Promise<any[]>)'.
backend/src/modules/playgrounds/playgrounds.controller.ts(83,3): error TS1241: Unable to resolve signature of method decorator when called as an expression.
  The runtime will invoke the decorator with 2 arguments, but the decorator expects 3.
backend/src/modules/playgrounds/playgrounds.controller.ts(83,4): error TS1270: Decorator function return type 'void | TypedPropertyDescriptor<unknown>' is not assignable to type 'void | ((id: string) => Promise<any[]>)'.
  Type 'TypedPropertyDescriptor<unknown>' is not assignable to type 'void | ((id: string) => Promise<any[]>)'.
backend/src/modules/playgrounds/playgrounds.controller.ts(84,18): error TS1206: Decorators are not valid here.
backend/src/modules/playgrounds/playgrounds.controller.ts(89,3): error TS1241: Unable to resolve signature of method decorator when called as an expression.
  The runtime will invoke the decorator with 2 arguments, but the decorator expects 3.
backend/src/modules/playgrounds/playgrounds.controller.ts(89,4): error TS1270: Decorator function return type 'void | TypedPropertyDescriptor<unknown>' is not assignable to type 'void | ((id: string) => Promise<any>)'.
  Type 'TypedPropertyDescriptor<unknown>' is not assignable to type 'void | ((id: string) => Promise<any>)'.
backend/src/modules/playgrounds/playgrounds.controller.ts(90,3): error TS1241: Unable to resolve signature of method decorator when called as an expression.
  The runtime will invoke the decorator with 2 arguments, but the decorator expects 3.
backend/src/modules/playgrounds/playgrounds.controller.ts(90,4): error TS1270: Decorator function return type 'void | TypedPropertyDescriptor<unknown>' is not assignable to type 'void | ((id: string) => Promise<any>)'.
  Type 'TypedPropertyDescriptor<unknown>' is not assignable to type 'void | ((id: string) => Promise<any>)'.
backend/src/modules/playgrounds/playgrounds.controller.ts(91,15): error TS1206: Decorators are not valid here.
backend/src/modules/playgrounds/playgrounds.controller.ts(96,3): error TS1241: Unable to resolve signature of method decorator when called as an expression.
  The runtime will invoke the decorator with 2 arguments, but the decorator expects 3.
backend/src/modules/playgrounds/playgrounds.controller.ts(96,4): error TS1270: Decorator function return type 'void | TypedPropertyDescriptor<unknown>' is not assignable to type 'void | ((id: string) => Promise<PlaygroundReviewSummaryDto>)'.
  Type 'TypedPropertyDescriptor<unknown>' is not assignable to type 'void | ((id: string) => Promise<PlaygroundReviewSummaryDto>)'.
backend/src/modules/playgrounds/playgrounds.controller.ts(97,3): error TS1241: Unable to resolve signature of method decorator when called as an expression.
  The runtime will invoke the decorator with 2 arguments, but the decorator expects 3.
backend/src/modules/playgrounds/playgrounds.controller.ts(97,4): error TS1270: Decorator function return type 'void | TypedPropertyDescriptor<unknown>' is not assignable to type 'void | ((id: string) => Promise<PlaygroundReviewSummaryDto>)'.
  Type 'TypedPropertyDescriptor<unknown>' is not assignable to type 'void | ((id: string) => Promise<PlaygroundReviewSummaryDto>)'.
backend/src/modules/playgrounds/playgrounds.controller.ts(103,20): error TS1206: Decorators are not valid here.
backend/src/modules/playgrounds/playgrounds.controller.ts(107,3): error TS1241: Unable to resolve signature of method decorator when called as an expression.
  The runtime will invoke the decorator with 2 arguments, but the decorator expects 3.
backend/src/modules/playgrounds/playgrounds.controller.ts(107,4): error TS1270: Decorator function return type 'void | TypedPropertyDescriptor<unknown>' is not assignable to type 'void | ((id: string, dto: CreateReviewDto, req: Request<ParamsDictionary, any, any, ParsedQs, Record<string, any>>) => Promise<...>)'.
  Type 'TypedPropertyDescriptor<unknown>' is not assignable to type 'void | ((id: string, dto: CreateReviewDto, req: Request<ParamsDictionary, any, any, ParsedQs, Record<string, any>>) => Promise<...>)'.
backend/src/modules/playgrounds/playgrounds.controller.ts(110,3): error TS1241: Unable to resolve signature of method decorator when called as an expression.
  The runtime will invoke the decorator with 2 arguments, but the decorator expects 3.
backend/src/modules/playgrounds/playgrounds.controller.ts(110,4): error TS1270: Decorator function return type 'void | TypedPropertyDescriptor<unknown>' is not assignable to type 'void | ((id: string, dto: CreateReviewDto, req: Request<ParamsDictionary, any, any, ParsedQs, Record<string, any>>) => Promise<...>)'.
  Type 'TypedPropertyDescriptor<unknown>' is not assignable to type 'void | ((id: string, dto: CreateReviewDto, req: Request<ParamsDictionary, any, any, ParsedQs, Record<string, any>>) => Promise<...>)'.
backend/src/modules/playgrounds/playgrounds.controller.ts(112,5): error TS1206: Decorators are not valid here.
backend/src/modules/playgrounds/playgrounds.controller.ts(113,5): error TS1206: Decorators are not valid here.
backend/src/modules/playgrounds/playgrounds.controller.ts(114,5): error TS1206: Decorators are not valid here.
backend/src/modules/playgrounds/playgrounds.controller.ts(121,3): error TS1241: Unable to resolve signature of method decorator when called as an expression.
  The runtime will invoke the decorator with 2 arguments, but the decorator expects 3.
backend/src/modules/playgrounds/playgrounds.controller.ts(121,4): error TS1270: Decorator function return type 'void | TypedPropertyDescriptor<unknown>' is not assignable to type 'void | (() => Promise<Playground[]>)'.
  Type 'TypedPropertyDescriptor<unknown>' is not assignable to type 'void | (() => Promise<Playground[]>)'.
backend/src/modules/playgrounds/playgrounds.controller.ts(124,3): error TS1241: Unable to resolve signature of method decorator when called as an expression.
  The runtime will invoke the decorator with 2 arguments, but the decorator expects 3.
backend/src/modules/playgrounds/playgrounds.controller.ts(124,4): error TS1270: Decorator function return type 'void | TypedPropertyDescriptor<unknown>' is not assignable to type 'void | (() => Promise<Playground[]>)'.
  Type 'TypedPropertyDescriptor<unknown>' is not assignable to type 'void | (() => Promise<Playground[]>)'.
backend/src/modules/playgrounds/playgrounds.controller.ts(129,3): error TS1241: Unable to resolve signature of method decorator when called as an expression.
  The runtime will invoke the decorator with 2 arguments, but the decorator expects 3.
backend/src/modules/playgrounds/playgrounds.controller.ts(129,4): error TS1270: Decorator function return type 'void | TypedPropertyDescriptor<unknown>' is not assignable to type 'void | ((id: string) => Promise<Playground>)'.
  Type 'TypedPropertyDescriptor<unknown>' is not assignable to type 'void | ((id: string) => Promise<Playground>)'.
backend/src/modules/playgrounds/playgrounds.controller.ts(132,3): error TS1241: Unable to resolve signature of method decorator when called as an expression.
  The runtime will invoke the decorator with 2 arguments, but the decorator expects 3.
backend/src/modules/playgrounds/playgrounds.controller.ts(132,4): error TS1270: Decorator function return type 'void | TypedPropertyDescriptor<unknown>' is not assignable to type 'void | ((id: string) => Promise<Playground>)'.
  Type 'TypedPropertyDescriptor<unknown>' is not assignable to type 'void | ((id: string) => Promise<Playground>)'.
backend/src/modules/playgrounds/playgrounds.controller.ts(133,11): error TS1206: Decorators are not valid here.
backend/src/modules/playgrounds/playgrounds.controller.ts(137,3): error TS1241: Unable to resolve signature of method decorator when called as an expression.
  The runtime will invoke the decorator with 2 arguments, but the decorator expects 3.
backend/src/modules/playgrounds/playgrounds.controller.ts(137,4): error TS1270: Decorator function return type 'void | TypedPropertyDescriptor<unknown>' is not assignable to type 'void | ((id: string) => Promise<Playground>)'.
  Type 'TypedPropertyDescriptor<unknown>' is not assignable to type 'void | ((id: string) => Promise<Playground>)'.
backend/src/modules/playgrounds/playgrounds.controller.ts(140,3): error TS1241: Unable to resolve signature of method decorator when called as an expression.
  The runtime will invoke the decorator with 2 arguments, but the decorator expects 3.
backend/src/modules/playgrounds/playgrounds.controller.ts(140,4): error TS1270: Decorator function return type 'void | TypedPropertyDescriptor<unknown>' is not assignable to type 'void | ((id: string) => Promise<Playground>)'.
  Type 'TypedPropertyDescriptor<unknown>' is not assignable to type 'void | ((id: string) => Promise<Playground>)'.
backend/src/modules/playgrounds/playgrounds.controller.ts(141,10): error TS1206: Decorators are not valid here.
backend/src/modules/playgrounds/playgrounds.service.ts(2,31): error TS2307: Cannot find module '@/prisma/prisma.service' or its corresponding type declarations.
backend/src/modules/playgrounds/playgrounds.service.ts(3,10): error TS2305: Module '"@prisma/client"' has no exported member 'Playground'.
backend/src/modules/playgrounds/playgrounds.service.ts(6,44): error TS2307: Cannot find module '@/ai/flows/summarize-playground-reviews-flow' or its corresponding type declarations.
backend/src/modules/playgrounds/playgrounds.service.ts(157,19): error TS2339: Property 'id' does not exist on type 'unknown'.
backend/src/modules/playgrounds/playgrounds.service.ts(159,21): error TS2339: Property 'name' does not exist on type 'unknown'.
backend/src/modules/playgrounds/playgrounds.service.ts(160,23): error TS2339: Property 'avatar' does not exist on type 'unknown'.
backend/src/modules/polls/dto/vote.dto.ts(5,4): error TS1240: Unable to resolve signature of property decorator when called as an expression.
  Argument of type 'ClassFieldDecoratorContext<VoteDto, string> & { name: "optionId"; private: false; static: false; }' is not assignable to parameter of type 'string | symbol'.
backend/src/modules/polls/dto/vote.dto.ts(6,4): error TS1240: Unable to resolve signature of property decorator when called as an expression.
  Argument of type 'ClassFieldDecoratorContext<VoteDto, string> & { name: "optionId"; private: false; static: false; }' is not assignable to parameter of type 'string | symbol'.
backend/src/modules/polls/dto/vote.dto.ts(7,4): error TS1240: Unable to resolve signature of property decorator when called as an expression.
  Argument of type 'ClassFieldDecoratorContext<VoteDto, string> & { name: "optionId"; private: false; static: false; }' is not assignable to parameter of type 'string | symbol'.
backend/src/modules/polls/polls.controller.ts(23,3): error TS1241: Unable to resolve signature of method decorator when called as an expression.
  The runtime will invoke the decorator with 2 arguments, but the decorator expects 3.
backend/src/modules/polls/polls.controller.ts(23,4): error TS1270: Decorator function return type 'void | TypedPropertyDescriptor<unknown>' is not assignable to type 'void | (() => Promise<{ id: any; title: any; question: any; totalVotes: any; options: any; author: any; }>)'.
  Type 'TypedPropertyDescriptor<unknown>' is not assignable to type 'void | (() => Promise<{ id: any; title: any; question: any; totalVotes: any; options: any; author: any; }>)'.
backend/src/modules/polls/polls.controller.ts(24,3): error TS1241: Unable to resolve signature of method decorator when called as an expression.
  The runtime will invoke the decorator with 2 arguments, but the decorator expects 3.
backend/src/modules/polls/polls.controller.ts(24,4): error TS1270: Decorator function return type 'void | TypedPropertyDescriptor<unknown>' is not assignable to type 'void | (() => Promise<{ id: any; title: any; question: any; totalVotes: any; options: any; author: any; }>)'.
  Type 'TypedPropertyDescriptor<unknown>' is not assignable to type 'void | (() => Promise<{ id: any; title: any; question: any; totalVotes: any; options: any; author: any; }>)'.
backend/src/modules/polls/polls.controller.ts(29,3): error TS1241: Unable to resolve signature of method decorator when called as an expression.
  The runtime will invoke the decorator with 2 arguments, but the decorator expects 3.
backend/src/modules/polls/polls.controller.ts(29,4): error TS1270: Decorator function return type 'void | TypedPropertyDescriptor<unknown>' is not assignable to type 'void | ((req: Request<ParamsDictionary, any, any, ParsedQs, Record<string, any>>, pollId: string, voteDto: VoteDto) => Promise<...>)'.
  Type 'TypedPropertyDescriptor<unknown>' is not assignable to type 'void | ((req: Request<ParamsDictionary, any, any, ParsedQs, Record<string, any>>, pollId: string, voteDto: VoteDto) => Promise<...>)'.
backend/src/modules/polls/polls.controller.ts(32,3): error TS1241: Unable to resolve signature of method decorator when called as an expression.
  The runtime will invoke the decorator with 2 arguments, but the decorator expects 3.
backend/src/modules/polls/polls.controller.ts(32,4): error TS1270: Decorator function return type 'void | TypedPropertyDescriptor<unknown>' is not assignable to type 'void | ((req: Request<ParamsDictionary, any, any, ParsedQs, Record<string, any>>, pollId: string, voteDto: VoteDto) => Promise<...>)'.
  Type 'TypedPropertyDescriptor<unknown>' is not assignable to type 'void | ((req: Request<ParamsDictionary, any, any, ParsedQs, Record<string, any>>, pollId: string, voteDto: VoteDto) => Promise<...>)'.
backend/src/modules/polls/polls.controller.ts(34,5): error TS1206: Decorators are not valid here.
backend/src/modules/polls/polls.controller.ts(35,5): error TS1206: Decorators are not valid here.
backend/src/modules/polls/polls.controller.ts(36,5): error TS1206: Decorators are not valid here.
backend/src/modules/polls/polls.service.ts(8,31): error TS2307: Cannot find module '@/prisma/prisma.service' or its corresponding type declarations.
backend/src/modules/promotions/dto/create-promotion.dto.ts(10,4): error TS1240: Unable to resolve signature of property decorator when called as an expression.
  Argument of type 'ClassFieldDecoratorContext<CreatePromotionDto, string> & { name: "name"; private: false; static: false; }' is not assignable to parameter of type 'string | symbol'.
backend/src/modules/promotions/dto/create-promotion.dto.ts(11,4): error TS1240: Unable to resolve signature of property decorator when called as an expression.
  Argument of type 'ClassFieldDecoratorContext<CreatePromotionDto, string> & { name: "name"; private: false; static: false; }' is not assignable to parameter of type 'string | symbol'.
backend/src/modules/promotions/dto/create-promotion.dto.ts(12,4): error TS1240: Unable to resolve signature of property decorator when called as an expression.
  Argument of type 'ClassFieldDecoratorContext<CreatePromotionDto, string> & { name: "name"; private: false; static: false; }' is not assignable to parameter of type 'string | symbol'.
backend/src/modules/promotions/dto/create-promotion.dto.ts(15,4): error TS1240: Unable to resolve signature of property decorator when called as an expression.
  Argument of type 'ClassFieldDecoratorContext<CreatePromotionDto, string> & { name: "description"; private: false; static: false; }' is not assignable to parameter of type 'string | symbol'.
backend/src/modules/promotions/dto/create-promotion.dto.ts(16,4): error TS1240: Unable to resolve signature of property decorator when called as an expression.
  Argument of type 'ClassFieldDecoratorContext<CreatePromotionDto, string> & { name: "description"; private: false; static: false; }' is not assignable to parameter of type 'string | symbol'.
backend/src/modules/promotions/dto/create-promotion.dto.ts(17,4): error TS1240: Unable to resolve signature of property decorator when called as an expression.
  Argument of type 'ClassFieldDecoratorContext<CreatePromotionDto, string> & { name: "description"; private: false; static: false; }' is not assignable to parameter of type 'string | symbol'.
backend/src/modules/promotions/dto/create-promotion.dto.ts(20,4): error TS1240: Unable to resolve signature of property decorator when called as an expression.
  Argument of type 'ClassFieldDecoratorContext<CreatePromotionDto, string> & { name: "prize"; private: false; static: false; }' is not assignable to parameter of type 'string | symbol'.
backend/src/modules/promotions/dto/create-promotion.dto.ts(21,4): error TS1240: Unable to resolve signature of property decorator when called as an expression.
  Argument of type 'ClassFieldDecoratorContext<CreatePromotionDto, string> & { name: "prize"; private: false; static: false; }' is not assignable to parameter of type 'string | symbol'.
backend/src/modules/promotions/dto/create-promotion.dto.ts(22,4): error TS1240: Unable to resolve signature of property decorator when called as an expression.
  Argument of type 'ClassFieldDecoratorContext<CreatePromotionDto, string> & { name: "prize"; private: false; static: false; }' is not assignable to parameter of type 'string | symbol'.
backend/src/modules/promotions/dto/create-promotion.dto.ts(25,4): error TS1240: Unable to resolve signature of property decorator when called as an expression.
  Argument of type 'ClassFieldDecoratorContext<CreatePromotionDto, string> & { name: "cost"; private: false; static: false; }' is not assignable to parameter of type 'string | symbol'.
backend/src/modules/promotions/dto/create-promotion.dto.ts(26,4): error TS1240: Unable to resolve signature of property decorator when called as an expression.
  Argument of type 'ClassFieldDecoratorContext<CreatePromotionDto, string> & { name: "cost"; private: false; static: false; }' is not assignable to parameter of type 'string | symbol'.
backend/src/modules/promotions/dto/create-promotion.dto.ts(27,4): error TS1240: Unable to resolve signature of property decorator when called as an expression.
  Argument of type 'ClassFieldDecoratorContext<CreatePromotionDto, string> & { name: "cost"; private: false; static: false; }' is not assignable to parameter of type 'string | symbol'.
backend/src/modules/promotions/dto/create-promotion.dto.ts(30,4): error TS1240: Unable to resolve signature of property decorator when called as an expression.
  Argument of type 'ClassFieldDecoratorContext<CreatePromotionDto, string> & { name: "imageDataUri"; private: false; static: false; }' is not assignable to parameter of type 'string | symbol'.
backend/src/modules/promotions/dto/create-promotion.dto.ts(31,4): error TS1240: Unable to resolve signature of property decorator when called as an expression.
  Argument of type 'ClassFieldDecoratorContext<CreatePromotionDto, string> & { name: "imageDataUri"; private: false; static: false; }' is not assignable to parameter of type 'string | symbol'.
backend/src/modules/promotions/dto/create-promotion.dto.ts(32,4): error TS1240: Unable to resolve signature of property decorator when called as an expression.
  Argument of type 'ClassFieldDecoratorContext<CreatePromotionDto, string> & { name: "imageDataUri"; private: false; static: false; }' is not assignable to parameter of type 'string | symbol'.
backend/src/modules/promotions/dto/create-promotion.dto.ts(35,4): error TS1240: Unable to resolve signature of property decorator when called as an expression.
  Argument of type 'ClassFieldDecoratorContext<CreatePromotionDto, string> & { name: "imageHint"; private: false; static: false; }' is not assignable to parameter of type 'string | symbol'.
backend/src/modules/promotions/dto/create-promotion.dto.ts(36,4): error TS1240: Unable to resolve signature of property decorator when called as an expression.
  Argument of type 'ClassFieldDecoratorContext<CreatePromotionDto, string> & { name: "imageHint"; private: false; static: false; }' is not assignable to parameter of type 'string | symbol'.
backend/src/modules/promotions/dto/create-promotion.dto.ts(37,4): error TS1240: Unable to resolve signature of property decorator when called as an expression.
  Argument of type 'ClassFieldDecoratorContext<CreatePromotionDto, string> & { name: "imageHint"; private: false; static: false; }' is not assignable to parameter of type 'string | symbol'.
backend/src/modules/promotions/dto/create-promotion.dto.ts(40,4): error TS1240: Unable to resolve signature of property decorator when called as an expression.
  Argument of type 'ClassFieldDecoratorContext<CreatePromotionDto, string> & { name: "sponsorId"; private: false; static: false; }' is not assignable to parameter of type 'string | symbol'.
backend/src/modules/promotions/dto/create-promotion.dto.ts(41,4): error TS1240: Unable to resolve signature of property decorator when called as an expression.
  Argument of type 'ClassFieldDecoratorContext<CreatePromotionDto, string> & { name: "sponsorId"; private: false; static: false; }' is not assignable to parameter of type 'string | symbol'.
backend/src/modules/promotions/dto/create-promotion.dto.ts(42,4): error TS1240: Unable to resolve signature of property decorator when called as an expression.
  Argument of type 'ClassFieldDecoratorContext<CreatePromotionDto, string> & { name: "sponsorId"; private: false; static: false; }' is not assignable to parameter of type 'string | symbol'.
backend/src/modules/promotions/dto/create-promotion.dto.ts(45,4): error TS1240: Unable to resolve signature of property decorator when called as an expression.
  Argument of type 'ClassFieldDecoratorContext<CreatePromotionDto, string> & { name: "endDate"; private: false; static: false; }' is not assignable to parameter of type 'string | symbol'.
backend/src/modules/promotions/dto/create-promotion.dto.ts(46,4): error TS1240: Unable to resolve signature of property decorator when called as an expression.
  Argument of type 'ClassFieldDecoratorContext<CreatePromotionDto, string> & { name: "endDate"; private: false; static: false; }' is not assignable to parameter of type 'string | symbol'.
backend/src/modules/promotions/promotions.controller.ts(15,3): error TS1241: Unable to resolve signature of method decorator when called as an expression.
  The runtime will invoke the decorator with 2 arguments, but the decorator expects 3.
backend/src/modules/promotions/promotions.controller.ts(15,4): error TS1270: Decorator function return type 'void | TypedPropertyDescriptor<unknown>' is not assignable to type 'void | (() => Promise<Promotion[]>)'.
  Type 'TypedPropertyDescriptor<unknown>' is not assignable to type 'void | (() => Promise<Promotion[]>)'.
backend/src/modules/promotions/promotions.controller.ts(16,3): error TS1241: Unable to resolve signature of method decorator when called as an expression.
  The runtime will invoke the decorator with 2 arguments, but the decorator expects 3.
backend/src/modules/promotions/promotions.controller.ts(16,4): error TS1270: Decorator function return type 'void | TypedPropertyDescriptor<unknown>' is not assignable to type 'void | (() => Promise<Promotion[]>)'.
  Type 'TypedPropertyDescriptor<unknown>' is not assignable to type 'void | (() => Promise<Promotion[]>)'.
backend/src/modules/promotions/promotions.controller.ts(23,3): error TS1241: Unable to resolve signature of method decorator when called as an expression.
  The runtime will invoke the decorator with 2 arguments, but the decorator expects 3.
backend/src/modules/promotions/promotions.controller.ts(23,4): error TS1270: Decorator function return type 'void | TypedPropertyDescriptor<unknown>' is not assignable to type 'void | ((createPromotionDto: CreatePromotionDto, req: Request<ParamsDictionary, any, any, ParsedQs, Record<string, any>>) => Promise<...>)'.
  Type 'TypedPropertyDescriptor<unknown>' is not assignable to type 'void | ((createPromotionDto: CreatePromotionDto, req: Request<ParamsDictionary, any, any, ParsedQs, Record<string, any>>) => Promise<...>)'.
backend/src/modules/promotions/promotions.controller.ts(24,3): error TS1241: Unable to resolve signature of method decorator when called as an expression.
  The runtime will invoke the decorator with 2 arguments, but the decorator expects 3.
backend/src/modules/promotions/promotions.controller.ts(24,4): error TS1270: Decorator function return type 'void | TypedPropertyDescriptor<unknown>' is not assignable to type 'void | ((createPromotionDto: CreatePromotionDto, req: Request<ParamsDictionary, any, any, ParsedQs, Record<string, any>>) => Promise<...>)'.
  Type 'TypedPropertyDescriptor<unknown>' is not assignable to type 'void | ((createPromotionDto: CreatePromotionDto, req: Request<ParamsDictionary, any, any, ParsedQs, Record<string, any>>) => Promise<...>)'.
backend/src/modules/promotions/promotions.controller.ts(25,10): error TS1206: Decorators are not valid here.
backend/src/modules/promotions/promotions.controller.ts(25,58): error TS1206: Decorators are not valid here.
backend/src/modules/promotions/promotions.service.ts(2,31): error TS2307: Cannot find module '@/prisma/prisma.service' or its corresponding type declarations.
backend/src/modules/promotions/promotions.service.ts(3,10): error TS2305: Module '"@prisma/client"' has no exported member 'Promotion'.
backend/src/modules/quests/dto/create-quest.dto.ts(3,10): error TS2305: Module '"@prisma/client"' has no exported member 'QuestType'.
backend/src/modules/quests/dto/create-quest.dto.ts(6,4): error TS1240: Unable to resolve signature of property decorator when called as an expression.
  Argument of type 'ClassFieldDecoratorContext<CreateQuestDto, string> & { name: "title"; private: false; static: false; }' is not assignable to parameter of type 'string | symbol'.
backend/src/modules/quests/dto/create-quest.dto.ts(7,4): error TS1240: Unable to resolve signature of property decorator when called as an expression.
  Argument of type 'ClassFieldDecoratorContext<CreateQuestDto, string> & { name: "title"; private: false; static: false; }' is not assignable to parameter of type 'string | symbol'.
backend/src/modules/quests/dto/create-quest.dto.ts(8,4): error TS1240: Unable to resolve signature of property decorator when called as an expression.
  Argument of type 'ClassFieldDecoratorContext<CreateQuestDto, string> & { name: "title"; private: false; static: false; }' is not assignable to parameter of type 'string | symbol'.
backend/src/modules/quests/dto/create-quest.dto.ts(11,4): error TS1240: Unable to resolve signature of property decorator when called as an expression.
  Argument of type 'ClassFieldDecoratorContext<CreateQuestDto, string> & { name: "description"; private: false; static: false; }' is not assignable to parameter of type 'string | symbol'.
backend/src/modules/quests/dto/create-quest.dto.ts(12,4): error TS1240: Unable to resolve signature of property decorator when called as an expression.
  Argument of type 'ClassFieldDecoratorContext<CreateQuestDto, string> & { name: "description"; private: false; static: false; }' is not assignable to parameter of type 'string | symbol'.
backend/src/modules/quests/dto/create-quest.dto.ts(13,4): error TS1240: Unable to resolve signature of property decorator when called as an expression.
  Argument of type 'ClassFieldDecoratorContext<CreateQuestDto, string> & { name: "description"; private: false; static: false; }' is not assignable to parameter of type 'string | symbol'.
backend/src/modules/quests/dto/create-quest.dto.ts(16,4): error TS1240: Unable to resolve signature of property decorator when called as an expression.
  Argument of type 'ClassFieldDecoratorContext<CreateQuestDto, number> & { name: "reward"; private: false; static: false; }' is not assignable to parameter of type 'string | symbol'.
backend/src/modules/quests/dto/create-quest.dto.ts(17,4): error TS1240: Unable to resolve signature of property decorator when called as an expression.
  Argument of type 'ClassFieldDecoratorContext<CreateQuestDto, number> & { name: "reward"; private: false; static: false; }' is not assignable to parameter of type 'string | symbol'.
backend/src/modules/quests/dto/create-quest.dto.ts(18,4): error TS1240: Unable to resolve signature of property decorator when called as an expression.
  Argument of type 'ClassFieldDecoratorContext<CreateQuestDto, number> & { name: "reward"; private: false; static: false; }' is not assignable to parameter of type 'string | symbol'.
backend/src/modules/quests/dto/create-quest.dto.ts(21,4): error TS1240: Unable to resolve signature of property decorator when called as an expression.
  Argument of type 'ClassFieldDecoratorContext<CreateQuestDto, number> & { name: "goal"; private: false; static: false; }' is not assignable to parameter of type 'string | symbol'.
backend/src/modules/quests/dto/create-quest.dto.ts(22,4): error TS1240: Unable to resolve signature of property decorator when called as an expression.
  Argument of type 'ClassFieldDecoratorContext<CreateQuestDto, number> & { name: "goal"; private: false; static: false; }' is not assignable to parameter of type 'string | symbol'.
backend/src/modules/quests/dto/create-quest.dto.ts(23,4): error TS1240: Unable to resolve signature of property decorator when called as an expression.
  Argument of type 'ClassFieldDecoratorContext<CreateQuestDto, number> & { name: "goal"; private: false; static: false; }' is not assignable to parameter of type 'string | symbol'.
backend/src/modules/quests/dto/create-quest.dto.ts(26,4): error TS1240: Unable to resolve signature of property decorator when called as an expression.
  Argument of type 'ClassFieldDecoratorContext<CreateQuestDto, string> & { name: "href"; private: false; static: false; }' is not assignable to parameter of type 'string | symbol'.
backend/src/modules/quests/dto/create-quest.dto.ts(27,4): error TS1240: Unable to resolve signature of property decorator when called as an expression.
  Argument of type 'ClassFieldDecoratorContext<CreateQuestDto, string> & { name: "href"; private: false; static: false; }' is not assignable to parameter of type 'string | symbol'.
backend/src/modules/quests/dto/create-quest.dto.ts(28,4): error TS1240: Unable to resolve signature of property decorator when called as an expression.
  Argument of type 'ClassFieldDecoratorContext<CreateQuestDto, string> & { name: "href"; private: false; static: false; }' is not assignable to parameter of type 'string | symbol'.
backend/src/modules/quests/dto/create-quest.dto.ts(31,4): error TS1240: Unable to resolve signature of property decorator when called as an expression.
  Argument of type 'ClassFieldDecoratorContext<CreateQuestDto, QuestType> & { name: "type"; private: false; static: false; }' is not assignable to parameter of type 'string | symbol'.
backend/src/modules/quests/dto/create-quest.dto.ts(32,4): error TS1240: Unable to resolve signature of property decorator when called as an expression.
  Argument of type 'ClassFieldDecoratorContext<CreateQuestDto, QuestType> & { name: "type"; private: false; static: false; }' is not assignable to parameter of type 'string | symbol'.
backend/src/modules/quests/quests.controller.ts(21,3): error TS1241: Unable to resolve signature of method decorator when called as an expression.
  The runtime will invoke the decorator with 2 arguments, but the decorator expects 3.
backend/src/modules/quests/quests.controller.ts(21,4): error TS1270: Decorator function return type 'void | TypedPropertyDescriptor<unknown>' is not assignable to type 'void | ((createQuestDto: CreateQuestDto) => Promise<Quest>)'.
  Type 'TypedPropertyDescriptor<unknown>' is not assignable to type 'void | ((createQuestDto: CreateQuestDto) => Promise<Quest>)'.
backend/src/modules/quests/quests.controller.ts(24,3): error TS1241: Unable to resolve signature of method decorator when called as an expression.
  The runtime will invoke the decorator with 2 arguments, but the decorator expects 3.
backend/src/modules/quests/quests.controller.ts(24,4): error TS1270: Decorator function return type 'void | TypedPropertyDescriptor<unknown>' is not assignable to type 'void | ((createQuestDto: CreateQuestDto) => Promise<Quest>)'.
  Type 'TypedPropertyDescriptor<unknown>' is not assignable to type 'void | ((createQuestDto: CreateQuestDto) => Promise<Quest>)'.
backend/src/modules/quests/quests.controller.ts(25,10): error TS1206: Decorators are not valid here.
backend/src/modules/quests/quests.controller.ts(30,3): error TS1241: Unable to resolve signature of method decorator when called as an expression.
  The runtime will invoke the decorator with 2 arguments, but the decorator expects 3.
backend/src/modules/quests/quests.controller.ts(30,4): error TS1270: Decorator function return type 'void | TypedPropertyDescriptor<unknown>' is not assignable to type 'void | (() => Promise<Quest[]>)'.
  Type 'TypedPropertyDescriptor<unknown>' is not assignable to type 'void | (() => Promise<Quest[]>)'.
backend/src/modules/quests/quests.controller.ts(31,3): error TS1241: Unable to resolve signature of method decorator when called as an expression.
  The runtime will invoke the decorator with 2 arguments, but the decorator expects 3.
backend/src/modules/quests/quests.controller.ts(31,4): error TS1270: Decorator function return type 'void | TypedPropertyDescriptor<unknown>' is not assignable to type 'void | (() => Promise<Quest[]>)'.
  Type 'TypedPropertyDescriptor<unknown>' is not assignable to type 'void | (() => Promise<Quest[]>)'.
backend/src/modules/quests/quests.controller.ts(36,3): error TS1241: Unable to resolve signature of method decorator when called as an expression.
  The runtime will invoke the decorator with 2 arguments, but the decorator expects 3.
backend/src/modules/quests/quests.controller.ts(36,4): error TS1270: Decorator function return type 'void | TypedPropertyDescriptor<unknown>' is not assignable to type 'void | ((id: string) => Promise<Quest>)'.
  Type 'TypedPropertyDescriptor<unknown>' is not assignable to type 'void | ((id: string) => Promise<Quest>)'.
backend/src/modules/quests/quests.controller.ts(39,3): error TS1241: Unable to resolve signature of method decorator when called as an expression.
  The runtime will invoke the decorator with 2 arguments, but the decorator expects 3.
backend/src/modules/quests/quests.controller.ts(39,4): error TS1270: Decorator function return type 'void | TypedPropertyDescriptor<unknown>' is not assignable to type 'void | ((id: string) => Promise<Quest>)'.
  Type 'TypedPropertyDescriptor<unknown>' is not assignable to type 'void | ((id: string) => Promise<Quest>)'.
backend/src/modules/quests/quests.controller.ts(40,10): error TS1206: Decorators are not valid here.
backend/src/modules/quests/quests.service.ts(3,31): error TS2307: Cannot find module '@/prisma/prisma.service' or its corresponding type declarations.
backend/src/modules/quests/quests.service.ts(4,10): error TS2305: Module '"@prisma/client"' has no exported member 'Quest'.
backend/src/modules/quests/quests.service.ts(4,17): error TS2305: Module '"@prisma/client"' has no exported member 'QuestType'.
backend/src/modules/rabbitmq/consumers/notifications.consumer.ts(3,38): error TS2307: Cannot find module '@/modules/notifications/notifications.service' or its corresponding type declarations.
backend/src/modules/rabbitmq/consumers/notifications.consumer.ts(8,31): error TS2307: Cannot find module '@/modules/websockets' or its corresponding type declarations.
backend/src/modules/rabbitmq/consumers/notifications.consumer.ts(9,30): error TS2307: Cannot find module '@/modules/websockets/events.enum' or its corresponding type declarations.
backend/src/modules/rabbitmq/consumers/notifications.consumer.ts(10,15): error TS2305: Module '"@prisma/client"' has no exported member 'Notification'.
backend/src/modules/rabbitmq/consumers/notifications.consumer.ts(33,4): error TS1241: Unable to resolve signature of method decorator when called as an expression.
  Argument of type 'ClassMethodDecoratorContext<NotificationsConsumer, (payload: FriendRequestCreatedPayload) => Promise<void>> & { ...; }' is not assignable to parameter of type 'string | symbol'.
backend/src/modules/rabbitmq/consumers/notifications.consumer.ts(49,4): error TS1241: Unable to resolve signature of method decorator when called as an expression.
  Argument of type 'ClassMethodDecoratorContext<NotificationsConsumer, (payload: MatchFinishedPayload) => Promise<void>> & { ...; }' is not assignable to parameter of type 'string | symbol'.
backend/src/modules/rabbitmq/consumers/notifications.consumer.ts(65,4): error TS1241: Unable to resolve signature of method decorator when called as an expression.
  Argument of type 'ClassMethodDecoratorContext<NotificationsConsumer, (payload: TournamentAnnouncementCreatedPayload) => Promise<void>> & { ...; }' is not assignable to parameter of type 'string | symbol'.
backend/src/modules/reports/dto/create-report.dto.ts(4,4): error TS1240: Unable to resolve signature of property decorator when called as an expression.
  Argument of type 'ClassFieldDecoratorContext<CreateReportDto, string> & { name: "reportedUserId"; private: false; static: false; }' is not assignable to parameter of type 'string | symbol'.
backend/src/modules/reports/dto/create-report.dto.ts(5,4): error TS1240: Unable to resolve signature of property decorator when called as an expression.
  Argument of type 'ClassFieldDecoratorContext<CreateReportDto, string> & { name: "reportedUserId"; private: false; static: false; }' is not assignable to parameter of type 'string | symbol'.
backend/src/modules/reports/dto/create-report.dto.ts(8,4): error TS1240: Unable to resolve signature of property decorator when called as an expression.
  Argument of type 'ClassFieldDecoratorContext<CreateReportDto, string> & { name: "category"; private: false; static: false; }' is not assignable to parameter of type 'string | symbol'.
backend/src/modules/reports/dto/create-report.dto.ts(9,4): error TS1240: Unable to resolve signature of property decorator when called as an expression.
  Argument of type 'ClassFieldDecoratorContext<CreateReportDto, string> & { name: "category"; private: false; static: false; }' is not assignable to parameter of type 'string | symbol'.
backend/src/modules/reports/dto/create-report.dto.ts(12,4): error TS1240: Unable to resolve signature of property decorator when called as an expression.
  Argument of type 'ClassFieldDecoratorContext<CreateReportDto, string> & { name: "description"; private: false; static: false; }' is not assignable to parameter of type 'string | symbol'.
backend/src/modules/reports/dto/create-report.dto.ts(13,4): error TS1240: Unable to resolve signature of property decorator when called as an expression.
  Argument of type 'ClassFieldDecoratorContext<CreateReportDto, string> & { name: "description"; private: false; static: false; }' is not assignable to parameter of type 'string | symbol'.
backend/src/modules/reports/dto/resolve-report.dto.ts(2,10): error TS2305: Module '"@prisma/client"' has no exported member 'ReportStatus'.
backend/src/modules/reports/dto/resolve-report.dto.ts(5,4): error TS1240: Unable to resolve signature of property decorator when called as an expression.
  Argument of type 'ClassFieldDecoratorContext<ResolveReportDto, string> & { name: "resolution"; private: false; static: false; }' is not assignable to parameter of type 'string | symbol'.
backend/src/modules/reports/dto/resolve-report.dto.ts(6,4): error TS1240: Unable to resolve signature of property decorator when called as an expression.
  Argument of type 'ClassFieldDecoratorContext<ResolveReportDto, string> & { name: "resolution"; private: false; static: false; }' is not assignable to parameter of type 'string | symbol'.
backend/src/modules/reports/dto/resolve-report.dto.ts(9,4): error TS1240: Unable to resolve signature of property decorator when called as an expression.
  Argument of type 'ClassFieldDecoratorContext<ResolveReportDto, ReportStatus> & { name: "status"; private: false; static: false; }' is not assignable to parameter of type 'string | symbol'.
backend/src/modules/reports/reports.controller.ts(15,10): error TS2305: Module '"@prisma/client"' has no exported member 'ReportStatus'.
backend/src/modules/reports/reports.controller.ts(27,3): error TS1241: Unable to resolve signature of method decorator when called as an expression.
  The runtime will invoke the decorator with 2 arguments, but the decorator expects 3.
backend/src/modules/reports/reports.controller.ts(27,4): error TS1270: Decorator function return type 'void | TypedPropertyDescriptor<unknown>' is not assignable to type 'void | ((createReportDto: CreateReportDto, req: Request<ParamsDictionary, any, any, ParsedQs, Record<string, any>>) => Promise<...>)'.
  Type 'TypedPropertyDescriptor<unknown>' is not assignable to type 'void | ((createReportDto: CreateReportDto, req: Request<ParamsDictionary, any, any, ParsedQs, Record<string, any>>) => Promise<...>)'.
backend/src/modules/reports/reports.controller.ts(28,10): error TS1206: Decorators are not valid here.
backend/src/modules/reports/reports.controller.ts(28,52): error TS1206: Decorators are not valid here.
backend/src/modules/reports/reports.controller.ts(33,3): error TS1241: Unable to resolve signature of method decorator when called as an expression.
  The runtime will invoke the decorator with 2 arguments, but the decorator expects 3.
backend/src/modules/reports/reports.controller.ts(33,4): error TS1270: Decorator function return type 'void | TypedPropertyDescriptor<unknown>' is not assignable to type 'void | ((status?: ReportStatus) => Promise<any[]>)'.
  Type 'TypedPropertyDescriptor<unknown>' is not assignable to type 'void | ((status?: ReportStatus) => Promise<any[]>)'.
backend/src/modules/reports/reports.controller.ts(35,11): error TS1206: Decorators are not valid here.
backend/src/modules/reports/reports.controller.ts(39,3): error TS1241: Unable to resolve signature of method decorator when called as an expression.
  The runtime will invoke the decorator with 2 arguments, but the decorator expects 3.
backend/src/modules/reports/reports.controller.ts(39,4): error TS1270: Decorator function return type 'void | TypedPropertyDescriptor<unknown>' is not assignable to type 'void | ((id: string, resolveReportDto: ResolveReportDto, req: Request<ParamsDictionary, any, any, ParsedQs, Record<string, any>>) => Promise<...>)'.
  Type 'TypedPropertyDescriptor<unknown>' is not assignable to type 'void | ((id: string, resolveReportDto: ResolveReportDto, req: Request<ParamsDictionary, any, any, ParsedQs, Record<string, any>>) => Promise<...>)'.
backend/src/modules/reports/reports.controller.ts(41,5): error TS1206: Decorators are not valid here.
backend/src/modules/reports/reports.controller.ts(42,5): error TS1206: Decorators are not valid here.
backend/src/modules/reports/reports.controller.ts(43,5): error TS1206: Decorators are not valid here.
backend/src/modules/reports/reports.service.ts(2,31): error TS2307: Cannot find module '@/prisma/prisma.service' or its corresponding type declarations.
backend/src/modules/reports/reports.service.ts(3,10): error TS2305: Module '"@prisma/client"' has no exported member 'ReportStatus'.
backend/src/modules/reports/reports.service.ts(3,24): error TS2305: Module '"@prisma/client"' has no exported member 'Report'.
backend/src/modules/sponsors/sponsors.controller.ts(12,3): error TS1241: Unable to resolve signature of method decorator when called as an expression.
  The runtime will invoke the decorator with 2 arguments, but the decorator expects 3.
backend/src/modules/sponsors/sponsors.controller.ts(12,4): error TS1270: Decorator function return type 'void | TypedPropertyDescriptor<unknown>' is not assignable to type 'void | (() => Promise<Sponsor[]>)'.
  Type 'TypedPropertyDescriptor<unknown>' is not assignable to type 'void | (() => Promise<Sponsor[]>)'.
backend/src/modules/sponsors/sponsors.controller.ts(13,3): error TS1241: Unable to resolve signature of method decorator when called as an expression.
  The runtime will invoke the decorator with 2 arguments, but the decorator expects 3.
backend/src/modules/sponsors/sponsors.controller.ts(13,4): error TS1270: Decorator function return type 'void | TypedPropertyDescriptor<unknown>' is not assignable to type 'void | (() => Promise<Sponsor[]>)'.
  Type 'TypedPropertyDescriptor<unknown>' is not assignable to type 'void | (() => Promise<Sponsor[]>)'.
backend/src/modules/sponsors/sponsors.controller.ts(19,3): error TS1241: Unable to resolve signature of method decorator when called as an expression.
  The runtime will invoke the decorator with 2 arguments, but the decorator expects 3.
backend/src/modules/sponsors/sponsors.controller.ts(19,4): error TS1270: Decorator function return type 'void | TypedPropertyDescriptor<unknown>' is not assignable to type 'void | ((id: string) => Promise<any>)'.
  Type 'TypedPropertyDescriptor<unknown>' is not assignable to type 'void | ((id: string) => Promise<any>)'.
backend/src/modules/sponsors/sponsors.controller.ts(20,3): error TS1241: Unable to resolve signature of method decorator when called as an expression.
  The runtime will invoke the decorator with 2 arguments, but the decorator expects 3.
backend/src/modules/sponsors/sponsors.controller.ts(20,4): error TS1270: Decorator function return type 'void | TypedPropertyDescriptor<unknown>' is not assignable to type 'void | ((id: string) => Promise<any>)'.
  Type 'TypedPropertyDescriptor<unknown>' is not assignable to type 'void | ((id: string) => Promise<any>)'.
backend/src/modules/sponsors/sponsors.controller.ts(21,11): error TS1206: Decorators are not valid here.
backend/src/modules/sponsors/sponsors.service.ts(7,31): error TS2307: Cannot find module '@/prisma/prisma.service' or its corresponding type declarations.
backend/src/modules/sponsors/sponsors.service.ts(8,15): error TS2305: Module '"@prisma/client"' has no exported member 'Sponsor'.
backend/src/modules/sponsorship/sponsorship.controller.ts(13,3): error TS1241: Unable to resolve signature of method decorator when called as an expression.
  The runtime will invoke the decorator with 2 arguments, but the decorator expects 3.
backend/src/modules/sponsorship/sponsorship.controller.ts(13,4): error TS1270: Decorator function return type 'void | TypedPropertyDescriptor<unknown>' is not assignable to type 'void | (() => Promise<{ sponsoredTeams: any; teamsSeekingSponsorship: any; }>)'.
  Type 'TypedPropertyDescriptor<unknown>' is not assignable to type 'void | (() => Promise<{ sponsoredTeams: any; teamsSeekingSponsorship: any; }>)'.
backend/src/modules/sponsorship/sponsorship.controller.ts(14,3): error TS1241: Unable to resolve signature of method decorator when called as an expression.
  The runtime will invoke the decorator with 2 arguments, but the decorator expects 3.
backend/src/modules/sponsorship/sponsorship.controller.ts(14,4): error TS1270: Decorator function return type 'void | TypedPropertyDescriptor<unknown>' is not assignable to type 'void | (() => Promise<{ sponsoredTeams: any; teamsSeekingSponsorship: any; }>)'.
  Type 'TypedPropertyDescriptor<unknown>' is not assignable to type 'void | (() => Promise<{ sponsoredTeams: any; teamsSeekingSponsorship: any; }>)'.
backend/src/modules/sponsorship/sponsorship.service.ts(2,31): error TS2307: Cannot find module '@/prisma/prisma.service' or its corresponding type declarations.
backend/src/modules/sports/dto/create-sport.dto.ts(5,4): error TS1240: Unable to resolve signature of property decorator when called as an expression.
  Argument of type 'ClassFieldDecoratorContext<CreateSportDto, string> & { name: "name"; private: false; static: false; }' is not assignable to parameter of type 'string | symbol'.
backend/src/modules/sports/dto/create-sport.dto.ts(6,4): error TS1240: Unable to resolve signature of property decorator when called as an expression.
  Argument of type 'ClassFieldDecoratorContext<CreateSportDto, string> & { name: "name"; private: false; static: false; }' is not assignable to parameter of type 'string | symbol'.
backend/src/modules/sports/dto/create-sport.dto.ts(7,4): error TS1240: Unable to resolve signature of property decorator when called as an expression.
  Argument of type 'ClassFieldDecoratorContext<CreateSportDto, string> & { name: "name"; private: false; static: false; }' is not assignable to parameter of type 'string | symbol'.
backend/src/modules/sports/dto/create-sport.dto.ts(10,4): error TS1240: Unable to resolve signature of property decorator when called as an expression.
  Argument of type 'ClassFieldDecoratorContext<CreateSportDto, string> & { name: "icon"; private: false; static: false; }' is not assignable to parameter of type 'string | symbol'.
backend/src/modules/sports/dto/create-sport.dto.ts(11,4): error TS1240: Unable to resolve signature of property decorator when called as an expression.
  Argument of type 'ClassFieldDecoratorContext<CreateSportDto, string> & { name: "icon"; private: false; static: false; }' is not assignable to parameter of type 'string | symbol'.
backend/src/modules/sports/dto/create-sport.dto.ts(12,4): error TS1240: Unable to resolve signature of property decorator when called as an expression.
  Argument of type 'ClassFieldDecoratorContext<CreateSportDto, string> & { name: "icon"; private: false; static: false; }' is not assignable to parameter of type 'string | symbol'.
backend/src/modules/sports/dto/create-sport.dto.ts(15,4): error TS1240: Unable to resolve signature of property decorator when called as an expression.
  Argument of type 'ClassFieldDecoratorContext<CreateSportDto, "Киберспорт" | "Командный" | "Некомандный"> & { name: "category"; private: false; static: false; }' is not assignable to parameter of type 'string | symbol'.
backend/src/modules/sports/dto/create-sport.dto.ts(16,4): error TS1240: Unable to resolve signature of property decorator when called as an expression.
  Argument of type 'ClassFieldDecoratorContext<CreateSportDto, "Киберспорт" | "Командный" | "Некомандный"> & { name: "category"; private: false; static: false; }' is not assignable to parameter of type 'string | symbol'.
backend/src/modules/sports/sports.controller.ts(22,3): error TS1241: Unable to resolve signature of method decorator when called as an expression.
  The runtime will invoke the decorator with 2 arguments, but the decorator expects 3.
backend/src/modules/sports/sports.controller.ts(22,4): error TS1270: Decorator function return type 'void | TypedPropertyDescriptor<unknown>' is not assignable to type 'void | (() => any)'.
  Type 'TypedPropertyDescriptor<unknown>' is not assignable to type 'void | (() => any)'.
backend/src/modules/sports/sports.controller.ts(23,3): error TS1241: Unable to resolve signature of method decorator when called as an expression.
  The runtime will invoke the decorator with 2 arguments, but the decorator expects 3.
backend/src/modules/sports/sports.controller.ts(23,4): error TS1270: Decorator function return type 'void | TypedPropertyDescriptor<unknown>' is not assignable to type 'void | (() => any)'.
  Type 'TypedPropertyDescriptor<unknown>' is not assignable to type 'void | (() => any)'.
backend/src/modules/sports/sports.controller.ts(29,3): error TS1241: Unable to resolve signature of method decorator when called as an expression.
  The runtime will invoke the decorator with 2 arguments, but the decorator expects 3.
backend/src/modules/sports/sports.controller.ts(29,4): error TS1270: Decorator function return type 'void | TypedPropertyDescriptor<unknown>' is not assignable to type 'void | ((id: string) => Promise<any>)'.
  Type 'TypedPropertyDescriptor<unknown>' is not assignable to type 'void | ((id: string) => Promise<any>)'.
backend/src/modules/sports/sports.controller.ts(30,3): error TS1241: Unable to resolve signature of method decorator when called as an expression.
  The runtime will invoke the decorator with 2 arguments, but the decorator expects 3.
backend/src/modules/sports/sports.controller.ts(30,4): error TS1270: Decorator function return type 'void | TypedPropertyDescriptor<unknown>' is not assignable to type 'void | ((id: string) => Promise<any>)'.
  Type 'TypedPropertyDescriptor<unknown>' is not assignable to type 'void | ((id: string) => Promise<any>)'.
backend/src/modules/sports/sports.controller.ts(31,11): error TS1206: Decorators are not valid here.
backend/src/modules/sports/sports.controller.ts(35,3): error TS1241: Unable to resolve signature of method decorator when called as an expression.
  The runtime will invoke the decorator with 2 arguments, but the decorator expects 3.
backend/src/modules/sports/sports.controller.ts(35,4): error TS1270: Decorator function return type 'void | TypedPropertyDescriptor<unknown>' is not assignable to type 'void | ((createSportDto: CreateSportDto) => Promise<Sport>)'.
  Type 'TypedPropertyDescriptor<unknown>' is not assignable to type 'void | ((createSportDto: CreateSportDto) => Promise<Sport>)'.
backend/src/modules/sports/sports.controller.ts(38,3): error TS1241: Unable to resolve signature of method decorator when called as an expression.
  The runtime will invoke the decorator with 2 arguments, but the decorator expects 3.
backend/src/modules/sports/sports.controller.ts(38,4): error TS1270: Decorator function return type 'void | TypedPropertyDescriptor<unknown>' is not assignable to type 'void | ((createSportDto: CreateSportDto) => Promise<Sport>)'.
  Type 'TypedPropertyDescriptor<unknown>' is not assignable to type 'void | ((createSportDto: CreateSportDto) => Promise<Sport>)'.
backend/src/modules/sports/sports.controller.ts(39,10): error TS1206: Decorators are not valid here.
backend/src/modules/sports/sports.controller.ts(43,3): error TS1241: Unable to resolve signature of method decorator when called as an expression.
  The runtime will invoke the decorator with 2 arguments, but the decorator expects 3.
backend/src/modules/sports/sports.controller.ts(43,4): error TS1270: Decorator function return type 'void | TypedPropertyDescriptor<unknown>' is not assignable to type 'void | ((id: string) => Promise<Sport>)'.
  Type 'TypedPropertyDescriptor<unknown>' is not assignable to type 'void | ((id: string) => Promise<Sport>)'.
backend/src/modules/sports/sports.controller.ts(46,3): error TS1241: Unable to resolve signature of method decorator when called as an expression.
  The runtime will invoke the decorator with 2 arguments, but the decorator expects 3.
backend/src/modules/sports/sports.controller.ts(46,4): error TS1270: Decorator function return type 'void | TypedPropertyDescriptor<unknown>' is not assignable to type 'void | ((id: string) => Promise<Sport>)'.
  Type 'TypedPropertyDescriptor<unknown>' is not assignable to type 'void | ((id: string) => Promise<Sport>)'.
backend/src/modules/sports/sports.controller.ts(47,10): error TS1206: Decorators are not valid here.
backend/src/modules/sports/sports.service.ts(8,31): error TS2307: Cannot find module '@/prisma/prisma.service' or its corresponding type declarations.
backend/src/modules/sports/sports.service.ts(11,10): error TS2305: Module '"@prisma/client"' has no exported member 'Sport'.
backend/src/modules/storage/dto/get-presigned-url.dto.ts(4,4): error TS1240: Unable to resolve signature of property decorator when called as an expression.
  Argument of type 'ClassFieldDecoratorContext<GetPresignedUrlDto, string> & { name: "fileName"; private: false; static: false; }' is not assignable to parameter of type 'string | symbol'.
backend/src/modules/storage/dto/get-presigned-url.dto.ts(5,4): error TS1240: Unable to resolve signature of property decorator when called as an expression.
  Argument of type 'ClassFieldDecoratorContext<GetPresignedUrlDto, string> & { name: "fileName"; private: false; static: false; }' is not assignable to parameter of type 'string | symbol'.
backend/src/modules/storage/dto/get-presigned-url.dto.ts(8,4): error TS1240: Unable to resolve signature of property decorator when called as an expression.
  Argument of type 'ClassFieldDecoratorContext<GetPresignedUrlDto, string> & { name: "fileType"; private: false; static: false; }' is not assignable to parameter of type 'string | symbol'.
backend/src/modules/storage/dto/get-presigned-url.dto.ts(9,4): error TS1240: Unable to resolve signature of property decorator when called as an expression.
  Argument of type 'ClassFieldDecoratorContext<GetPresignedUrlDto, string> & { name: "fileType"; private: false; static: false; }' is not assignable to parameter of type 'string | symbol'.
backend/src/modules/storage/storage.controller.ts(14,3): error TS1241: Unable to resolve signature of method decorator when called as an expression.
  The runtime will invoke the decorator with 2 arguments, but the decorator expects 3.
backend/src/modules/storage/storage.controller.ts(14,4): error TS1270: Decorator function return type 'void | TypedPropertyDescriptor<unknown>' is not assignable to type 'void | ((getPresignedUrlDto: GetPresignedUrlDto) => Promise<{ uploadUrl: string; fileUrl: string; fileKey: string; }>)'.
  Type 'TypedPropertyDescriptor<unknown>' is not assignable to type 'void | ((getPresignedUrlDto: GetPresignedUrlDto) => Promise<{ uploadUrl: string; fileUrl: string; fileKey: string; }>)'.
backend/src/modules/storage/storage.controller.ts(15,25): error TS1206: Decorators are not valid here.
backend/src/modules/store/dto/store-item.dto.ts(4,4): error TS1240: Unable to resolve signature of property decorator when called as an expression.
  Argument of type 'ClassFieldDecoratorContext<StoreItemDto, string> & { name: "id"; private: false; static: false; }' is not assignable to parameter of type 'string | symbol'.
backend/src/modules/store/dto/store-item.dto.ts(7,4): error TS1240: Unable to resolve signature of property decorator when called as an expression.
  Argument of type 'ClassFieldDecoratorContext<StoreItemDto, string> & { name: "name"; private: false; static: false; }' is not assignable to parameter of type 'string | symbol'.
backend/src/modules/store/dto/store-item.dto.ts(10,4): error TS1240: Unable to resolve signature of property decorator when called as an expression.
  Argument of type 'ClassFieldDecoratorContext<StoreItemDto, string> & { name: "description"; private: false; static: false; }' is not assignable to parameter of type 'string | symbol'.
backend/src/modules/store/dto/store-item.dto.ts(13,4): error TS1240: Unable to resolve signature of property decorator when called as an expression.
  Argument of type 'ClassFieldDecoratorContext<StoreItemDto, number> & { name: "price"; private: false; static: false; }' is not assignable to parameter of type 'string | symbol'.
backend/src/modules/store/dto/store-item.dto.ts(16,4): error TS1240: Unable to resolve signature of property decorator when called as an expression.
  Argument of type 'ClassFieldDecoratorContext<StoreItemDto, string> & { name: "image"; private: false; static: false; }' is not assignable to parameter of type 'string | symbol'.
backend/src/modules/store/dto/store-item.dto.ts(17,4): error TS1240: Unable to resolve signature of property decorator when called as an expression.
  Argument of type 'ClassFieldDecoratorContext<StoreItemDto, string> & { name: "image"; private: false; static: false; }' is not assignable to parameter of type 'string | symbol'.
backend/src/modules/store/dto/store-item.dto.ts(20,4): error TS1240: Unable to resolve signature of property decorator when called as an expression.
  Argument of type 'ClassFieldDecoratorContext<StoreItemDto, string> & { name: "imageHint"; private: false; static: false; }' is not assignable to parameter of type 'string | symbol'.
backend/src/modules/store/dto/store-item.dto.ts(21,4): error TS1240: Unable to resolve signature of property decorator when called as an expression.
  Argument of type 'ClassFieldDecoratorContext<StoreItemDto, string> & { name: "imageHint"; private: false; static: false; }' is not assignable to parameter of type 'string | symbol'.
backend/src/modules/store/dto/store-item.dto.ts(24,4): error TS1240: Unable to resolve signature of property decorator when called as an expression.
  Argument of type 'ClassFieldDecoratorContext<StoreItemDto, string> & { name: "category"; private: false; static: false; }' is not assignable to parameter of type 'string | symbol'.
backend/src/modules/store/dto/store-item.dto.ts(27,4): error TS1240: Unable to resolve signature of property decorator when called as an expression.
  Argument of type 'ClassFieldDecoratorContext<StoreItemDto, boolean> & { name: "isRealMoney"; private: false; static: false; }' is not assignable to parameter of type 'string | symbol'.
backend/src/modules/store/store.controller.ts(13,3): error TS1241: Unable to resolve signature of method decorator when called as an expression.
  The runtime will invoke the decorator with 2 arguments, but the decorator expects 3.
backend/src/modules/store/store.controller.ts(13,4): error TS1270: Decorator function return type 'void | TypedPropertyDescriptor<unknown>' is not assignable to type 'void | (() => Promise<StoreItem[]>)'.
  Type 'TypedPropertyDescriptor<unknown>' is not assignable to type 'void | (() => Promise<StoreItem[]>)'.
backend/src/modules/store/store.controller.ts(14,3): error TS1241: Unable to resolve signature of method decorator when called as an expression.
  The runtime will invoke the decorator with 2 arguments, but the decorator expects 3.
backend/src/modules/store/store.controller.ts(14,4): error TS1270: Decorator function return type 'void | TypedPropertyDescriptor<unknown>' is not assignable to type 'void | (() => Promise<StoreItem[]>)'.
  Type 'TypedPropertyDescriptor<unknown>' is not assignable to type 'void | (() => Promise<StoreItem[]>)'.
backend/src/modules/store/store.service.ts(2,31): error TS2307: Cannot find module '@/prisma/prisma.service' or its corresponding type declarations.
backend/src/modules/store/store.service.ts(3,15): error TS2305: Module '"@prisma/client"' has no exported member 'StoreItem'.
backend/src/modules/team-applications/dto/create-team-application.dto.ts(4,4): error TS1240: Unable to resolve signature of property decorator when called as an expression.
  Argument of type 'ClassFieldDecoratorContext<CreateTeamApplicationDto, string> & { name: "teamId"; private: false; static: false; }' is not assignable to parameter of type 'string | symbol'.
backend/src/modules/team-applications/dto/create-team-application.dto.ts(5,4): error TS1240: Unable to resolve signature of property decorator when called as an expression.
  Argument of type 'ClassFieldDecoratorContext<CreateTeamApplicationDto, string> & { name: "teamId"; private: false; static: false; }' is not assignable to parameter of type 'string | symbol'.
backend/src/modules/team-applications/dto/create-team-application.dto.ts(8,4): error TS1240: Unable to resolve signature of property decorator when called as an expression.
  Argument of type 'ClassFieldDecoratorContext<CreateTeamApplicationDto, string> & { name: "message"; private: false; static: false; }' is not assignable to parameter of type 'string | symbol'.
backend/src/modules/team-applications/dto/create-team-application.dto.ts(9,4): error TS1240: Unable to resolve signature of property decorator when called as an expression.
  Argument of type 'ClassFieldDecoratorContext<CreateTeamApplicationDto, string> & { name: "message"; private: false; static: false; }' is not assignable to parameter of type 'string | symbol'.
backend/src/modules/team-applications/team-applications.controller.ts(24,3): error TS1241: Unable to resolve signature of method decorator when called as an expression.
  The runtime will invoke the decorator with 2 arguments, but the decorator expects 3.
backend/src/modules/team-applications/team-applications.controller.ts(24,4): error TS1270: Decorator function return type 'void | TypedPropertyDescriptor<unknown>' is not assignable to type 'void | ((req: Request<ParamsDictionary, any, any, ParsedQs, Record<string, any>>, dto: CreateTeamApplicationDto) => Promise<...>)'.
  Type 'TypedPropertyDescriptor<unknown>' is not assignable to type 'void | ((req: Request<ParamsDictionary, any, any, ParsedQs, Record<string, any>>, dto: CreateTeamApplicationDto) => Promise<...>)'.
backend/src/modules/team-applications/team-applications.controller.ts(25,10): error TS1206: Decorators are not valid here.
backend/src/modules/team-applications/team-applications.controller.ts(25,31): error TS1206: Decorators are not valid here.
backend/src/modules/team-applications/team-applications.controller.ts(30,3): error TS1241: Unable to resolve signature of method decorator when called as an expression.
  The runtime will invoke the decorator with 2 arguments, but the decorator expects 3.
backend/src/modules/team-applications/team-applications.controller.ts(30,4): error TS1270: Decorator function return type 'void | TypedPropertyDescriptor<unknown>' is not assignable to type 'void | ((req: Request<ParamsDictionary, any, any, ParsedQs, Record<string, any>>, teamId: string) => Promise<any>)'.
  Type 'TypedPropertyDescriptor<unknown>' is not assignable to type 'void | ((req: Request<ParamsDictionary, any, any, ParsedQs, Record<string, any>>, teamId: string) => Promise<any>)'.
backend/src/modules/team-applications/team-applications.controller.ts(31,15): error TS1206: Decorators are not valid here.
backend/src/modules/team-applications/team-applications.controller.ts(31,36): error TS1206: Decorators are not valid here.
backend/src/modules/team-applications/team-applications.controller.ts(36,3): error TS1241: Unable to resolve signature of method decorator when called as an expression.
  The runtime will invoke the decorator with 2 arguments, but the decorator expects 3.
backend/src/modules/team-applications/team-applications.controller.ts(36,4): error TS1270: Decorator function return type 'void | TypedPropertyDescriptor<unknown>' is not assignable to type 'void | ((req: Request<ParamsDictionary, any, any, ParsedQs, Record<string, any>>, id: string) => Promise<any>)'.
  Type 'TypedPropertyDescriptor<unknown>' is not assignable to type 'void | ((req: Request<ParamsDictionary, any, any, ParsedQs, Record<string, any>>, id: string) => Promise<any>)'.
backend/src/modules/team-applications/team-applications.controller.ts(37,10): error TS1206: Decorators are not valid here.
backend/src/modules/team-applications/team-applications.controller.ts(37,31): error TS1206: Decorators are not valid here.
backend/src/modules/team-applications/team-applications.controller.ts(42,3): error TS1241: Unable to resolve signature of method decorator when called as an expression.
  The runtime will invoke the decorator with 2 arguments, but the decorator expects 3.
backend/src/modules/team-applications/team-applications.controller.ts(42,4): error TS1270: Decorator function return type 'void | TypedPropertyDescriptor<unknown>' is not assignable to type 'void | ((req: Request<ParamsDictionary, any, any, ParsedQs, Record<string, any>>, id: string) => Promise<any>)'.
  Type 'TypedPropertyDescriptor<unknown>' is not assignable to type 'void | ((req: Request<ParamsDictionary, any, any, ParsedQs, Record<string, any>>, id: string) => Promise<any>)'.
backend/src/modules/team-applications/team-applications.controller.ts(43,11): error TS1206: Decorators are not valid here.
backend/src/modules/team-applications/team-applications.controller.ts(43,32): error TS1206: Decorators are not valid here.
backend/src/modules/team-applications/team-applications.service.ts(6,31): error TS2307: Cannot find module '@/prisma/prisma.service' or its corresponding type declarations.
backend/src/modules/team-applications/team-applications.service.ts(10,10): error TS2305: Module '"@prisma/client"' has no exported member 'TeamApplicationStatus'.
backend/src/modules/teams/dto/create-practice.dto.ts(5,4): error TS1240: Unable to resolve signature of property decorator when called as an expression.
  Argument of type 'ClassFieldDecoratorContext<CreatePracticeDto, string> & { name: "title"; private: false; static: false; }' is not assignable to parameter of type 'string | symbol'.
backend/src/modules/teams/dto/create-practice.dto.ts(6,4): error TS1240: Unable to resolve signature of property decorator when called as an expression.
  Argument of type 'ClassFieldDecoratorContext<CreatePracticeDto, string> & { name: "title"; private: false; static: false; }' is not assignable to parameter of type 'string | symbol'.
backend/src/modules/teams/dto/create-practice.dto.ts(9,4): error TS1240: Unable to resolve signature of property decorator when called as an expression.
  Argument of type 'ClassFieldDecoratorContext<CreatePracticeDto, string> & { name: "description"; private: false; static: false; }' is not assignable to parameter of type 'string | symbol'.
backend/src/modules/teams/dto/create-practice.dto.ts(10,4): error TS1240: Unable to resolve signature of property decorator when called as an expression.
  Argument of type 'ClassFieldDecoratorContext<CreatePracticeDto, string> & { name: "description"; private: false; static: false; }' is not assignable to parameter of type 'string | symbol'.
backend/src/modules/teams/dto/create-practice.dto.ts(13,4): error TS1240: Unable to resolve signature of property decorator when called as an expression.
  Argument of type 'ClassFieldDecoratorContext<CreatePracticeDto, Date> & { name: "date"; private: false; static: false; }' is not assignable to parameter of type 'string | symbol'.
backend/src/modules/teams/dto/create-practice.dto.ts(14,4): error TS1240: Unable to resolve signature of property decorator when called as an expression.
  Argument of type 'ClassFieldDecoratorContext<CreatePracticeDto, Date> & { name: "date"; private: false; static: false; }' is not assignable to parameter of type 'string | symbol'.
backend/src/modules/teams/dto/create-practice.dto.ts(17,4): error TS1240: Unable to resolve signature of property decorator when called as an expression.
  Argument of type 'ClassFieldDecoratorContext<CreatePracticeDto, string> & { name: "playgroundId"; private: false; static: false; }' is not assignable to parameter of type 'string | symbol'.
backend/src/modules/teams/dto/create-practice.dto.ts(18,4): error TS1240: Unable to resolve signature of property decorator when called as an expression.
  Argument of type 'ClassFieldDecoratorContext<CreatePracticeDto, string> & { name: "playgroundId"; private: false; static: false; }' is not assignable to parameter of type 'string | symbol'.
backend/src/modules/teams/dto/set-captain.dto.ts(4,4): error TS1240: Unable to resolve signature of property decorator when called as an expression.
  Argument of type 'ClassFieldDecoratorContext<SetCaptainDto, string> & { name: "newCaptainId"; private: false; static: false; }' is not assignable to parameter of type 'string | symbol'.
backend/src/modules/teams/dto/set-captain.dto.ts(5,4): error TS1240: Unable to resolve signature of property decorator when called as an expression.
  Argument of type 'ClassFieldDecoratorContext<SetCaptainDto, string> & { name: "newCaptainId"; private: false; static: false; }' is not assignable to parameter of type 'string | symbol'.
backend/src/modules/teams/dto/set-home-playground.dto.ts(4,4): error TS1240: Unable to resolve signature of property decorator when called as an expression.
  Argument of type 'ClassFieldDecoratorContext<SetHomePlaygroundDto, string> & { name: "playgroundId"; private: false; static: false; }' is not assignable to parameter of type 'string | symbol'.
backend/src/modules/teams/dto/set-home-playground.dto.ts(5,4): error TS1240: Unable to resolve signature of property decorator when called as an expression.
  Argument of type 'ClassFieldDecoratorContext<SetHomePlaygroundDto, string> & { name: "playgroundId"; private: false; static: false; }' is not assignable to parameter of type 'string | symbol'.
backend/src/modules/teams/teams.controller.ts(24,51): error TS2307: Cannot find module '@/ai/flows/analyze-team-performance-flow' or its corresponding type declarations.
backend/src/modules/teams/teams.controller.ts(31,3): error TS1241: Unable to resolve signature of method decorator when called as an expression.
  The runtime will invoke the decorator with 2 arguments, but the decorator expects 3.
backend/src/modules/teams/teams.controller.ts(31,4): error TS1270: Decorator function return type 'void | TypedPropertyDescriptor<unknown>' is not assignable to type 'void | ((createTeamDto: CreateTeamDto) => Promise<Team>)'.
  Type 'TypedPropertyDescriptor<unknown>' is not assignable to type 'void | ((createTeamDto: CreateTeamDto) => Promise<Team>)'.
backend/src/modules/teams/teams.controller.ts(32,10): error TS1206: Decorators are not valid here.
backend/src/modules/teams/teams.controller.ts(37,3): error TS1241: Unable to resolve signature of method decorator when called as an expression.
  The runtime will invoke the decorator with 2 arguments, but the decorator expects 3.
backend/src/modules/teams/teams.controller.ts(37,4): error TS1270: Decorator function return type 'void | TypedPropertyDescriptor<unknown>' is not assignable to type 'void | ((game?: string) => Promise<LeaderboardTeamDto[]>)'.
  Type 'TypedPropertyDescriptor<unknown>' is not assignable to type 'void | ((game?: string) => Promise<LeaderboardTeamDto[]>)'.
backend/src/modules/teams/teams.controller.ts(43,18): error TS1206: Decorators are not valid here.
backend/src/modules/teams/teams.controller.ts(48,3): error TS1241: Unable to resolve signature of method decorator when called as an expression.
  The runtime will invoke the decorator with 2 arguments, but the decorator expects 3.
backend/src/modules/teams/teams.controller.ts(48,4): error TS1270: Decorator function return type 'void | TypedPropertyDescriptor<unknown>' is not assignable to type 'void | (() => Promise<any[]>)'.
  Type 'TypedPropertyDescriptor<unknown>' is not assignable to type 'void | (() => Promise<any[]>)'.
backend/src/modules/teams/teams.controller.ts(54,3): error TS1241: Unable to resolve signature of method decorator when called as an expression.
  The runtime will invoke the decorator with 2 arguments, but the decorator expects 3.
backend/src/modules/teams/teams.controller.ts(54,4): error TS1270: Decorator function return type 'void | TypedPropertyDescriptor<unknown>' is not assignable to type 'void | ((id: string) => Promise<{ upcomingMatch: { id: string; team1: { id: any; name: any; logo: any; logoHint: any; }; team2: { id: any; name: any; logo: any; logoHint: any; }; score: string; tournament: any; game: any; date: string; href: string; status: any; }; recentResults: any; }>)'.
  Type 'TypedPropertyDescriptor<unknown>' is not assignable to type 'void | ((id: string) => Promise<{ upcomingMatch: { id: string; team1: { id: any; name: any; logo: any; logoHint: any; }; team2: { id: any; name: any; logo: any; logoHint: any; }; score: string; tournament: any; game: any; date: string; href: string; status: any; }; recentResults: any; }>)'.
backend/src/modules/teams/teams.controller.ts(55,20): error TS1206: Decorators are not valid here.
backend/src/modules/teams/teams.controller.ts(59,3): error TS1241: Unable to resolve signature of method decorator when called as an expression.
  The runtime will invoke the decorator with 2 arguments, but the decorator expects 3.
backend/src/modules/teams/teams.controller.ts(59,4): error TS1270: Decorator function return type 'void | TypedPropertyDescriptor<unknown>' is not assignable to type 'void | ((id: string) => Promise<AnalyzeTeamPerformanceOutput>)'.
  Type 'TypedPropertyDescriptor<unknown>' is not assignable to type 'void | ((id: string) => Promise<AnalyzeTeamPerformanceOutput>)'.
backend/src/modules/teams/teams.controller.ts(63,5): error TS1206: Decorators are not valid here.
backend/src/modules/teams/teams.controller.ts(69,3): error TS1241: Unable to resolve signature of method decorator when called as an expression.
  The runtime will invoke the decorator with 2 arguments, but the decorator expects 3.
backend/src/modules/teams/teams.controller.ts(69,4): error TS1270: Decorator function return type 'void | TypedPropertyDescriptor<unknown>' is not assignable to type 'void | ((id: string) => Promise<any>)'.
  Type 'TypedPropertyDescriptor<unknown>' is not assignable to type 'void | ((id: string) => Promise<any>)'.
backend/src/modules/teams/teams.controller.ts(70,11): error TS1206: Decorators are not valid here.
backend/src/modules/teams/teams.controller.ts(75,3): error TS1241: Unable to resolve signature of method decorator when called as an expression.
  The runtime will invoke the decorator with 2 arguments, but the decorator expects 3.
backend/src/modules/teams/teams.controller.ts(75,4): error TS1270: Decorator function return type 'void | TypedPropertyDescriptor<unknown>' is not assignable to type 'void | ((slug: string) => Promise<any>)'.
  Type 'TypedPropertyDescriptor<unknown>' is not assignable to type 'void | ((slug: string) => Promise<any>)'.
backend/src/modules/teams/teams.controller.ts(76,14): error TS1206: Decorators are not valid here.
backend/src/modules/teams/teams.controller.ts(80,3): error TS1241: Unable to resolve signature of method decorator when called as an expression.
  The runtime will invoke the decorator with 2 arguments, but the decorator expects 3.
backend/src/modules/teams/teams.controller.ts(80,4): error TS1270: Decorator function return type 'void | TypedPropertyDescriptor<unknown>' is not assignable to type 'void | ((teamId: string) => Promise<any>)'.
  Type 'TypedPropertyDescriptor<unknown>' is not assignable to type 'void | ((teamId: string) => Promise<any>)'.
backend/src/modules/teams/teams.controller.ts(83,17): error TS1206: Decorators are not valid here.
backend/src/modules/teams/teams.controller.ts(87,3): error TS1241: Unable to resolve signature of method decorator when called as an expression.
  The runtime will invoke the decorator with 2 arguments, but the decorator expects 3.
backend/src/modules/teams/teams.controller.ts(87,4): error TS1270: Decorator function return type 'void | TypedPropertyDescriptor<unknown>' is not assignable to type 'void | ((teamId: string, createPracticeDto: CreatePracticeDto, req: Request<ParamsDictionary, any, any, ParsedQs, Record<string, any>>) => Promise<...>)'.
  Type 'TypedPropertyDescriptor<unknown>' is not assignable to type 'void | ((teamId: string, createPracticeDto: CreatePracticeDto, req: Request<ParamsDictionary, any, any, ParsedQs, Record<string, any>>) => Promise<...>)'.
backend/src/modules/teams/teams.controller.ts(91,5): error TS1206: Decorators are not valid here.
backend/src/modules/teams/teams.controller.ts(92,5): error TS1206: Decorators are not valid here.
backend/src/modules/teams/teams.controller.ts(93,5): error TS1206: Decorators are not valid here.
backend/src/modules/teams/teams.controller.ts(103,3): error TS1241: Unable to resolve signature of method decorator when called as an expression.
  The runtime will invoke the decorator with 2 arguments, but the decorator expects 3.
backend/src/modules/teams/teams.controller.ts(103,4): error TS1270: Decorator function return type 'void | TypedPropertyDescriptor<unknown>' is not assignable to type 'void | ((teamId: string, joinTeamDto: JoinTeamDto) => Promise<Team>)'.
  Type 'TypedPropertyDescriptor<unknown>' is not assignable to type 'void | ((teamId: string, joinTeamDto: JoinTeamDto) => Promise<Team>)'.
backend/src/modules/teams/teams.controller.ts(104,8): error TS1206: Decorators are not valid here.
backend/src/modules/teams/teams.controller.ts(104,37): error TS1206: Decorators are not valid here.
backend/src/modules/teams/teams.controller.ts(110,3): error TS1241: Unable to resolve signature of method decorator when called as an expression.
  The runtime will invoke the decorator with 2 arguments, but the decorator expects 3.
backend/src/modules/teams/teams.controller.ts(110,4): error TS1270: Decorator function return type 'void | TypedPropertyDescriptor<unknown>' is not assignable to type 'void | ((teamId: string, setHomePlaygroundDto: SetHomePlaygroundDto, req: Request<ParamsDictionary, any, any, ParsedQs, Record<string, any>>) => Promise<...>)'.
  Type 'TypedPropertyDescriptor<unknown>' is not assignable to type 'void | ((teamId: string, setHomePlaygroundDto: SetHomePlaygroundDto, req: Request<ParamsDictionary, any, any, ParsedQs, Record<string, any>>) => Promise<...>)'.
backend/src/modules/teams/teams.controller.ts(112,5): error TS1206: Decorators are not valid here.
backend/src/modules/teams/teams.controller.ts(113,5): error TS1206: Decorators are not valid here.
backend/src/modules/teams/teams.controller.ts(114,5): error TS1206: Decorators are not valid here.
backend/src/modules/teams/teams.controller.ts(126,3): error TS1241: Unable to resolve signature of method decorator when called as an expression.
  The runtime will invoke the decorator with 2 arguments, but the decorator expects 3.
backend/src/modules/teams/teams.controller.ts(126,4): error TS1270: Decorator function return type 'void | TypedPropertyDescriptor<unknown>' is not assignable to type 'void | ((teamId: string, memberId: string, req: Request<ParamsDictionary, any, any, ParsedQs, Record<string, any>>) => Promise<Team>)'.
  Type 'TypedPropertyDescriptor<unknown>' is not assignable to type 'void | ((teamId: string, memberId: string, req: Request<ParamsDictionary, any, any, ParsedQs, Record<string, any>>) => Promise<Team>)'.
backend/src/modules/teams/teams.controller.ts(128,5): error TS1206: Decorators are not valid here.
backend/src/modules/teams/teams.controller.ts(129,5): error TS1206: Decorators are not valid here.
backend/src/modules/teams/teams.controller.ts(130,5): error TS1206: Decorators are not valid here.
backend/src/modules/teams/teams.controller.ts(138,3): error TS1241: Unable to resolve signature of method decorator when called as an expression.
  The runtime will invoke the decorator with 2 arguments, but the decorator expects 3.
backend/src/modules/teams/teams.controller.ts(138,4): error TS1270: Decorator function return type 'void | TypedPropertyDescriptor<unknown>' is not assignable to type 'void | ((teamId: string, dto: SetCaptainDto, req: Request<ParamsDictionary, any, any, ParsedQs, Record<string, any>>) => Promise<...>)'.
  Type 'TypedPropertyDescriptor<unknown>' is not assignable to type 'void | ((teamId: string, dto: SetCaptainDto, req: Request<ParamsDictionary, any, any, ParsedQs, Record<string, any>>) => Promise<...>)'.
backend/src/modules/teams/teams.controller.ts(140,5): error TS1206: Decorators are not valid here.
backend/src/modules/teams/teams.controller.ts(141,5): error TS1206: Decorators are not valid here.
backend/src/modules/teams/teams.controller.ts(142,5): error TS1206: Decorators are not valid here.
backend/src/modules/teams/teams.service.ts(11,31): error TS2307: Cannot find module '@/prisma/prisma.service' or its corresponding type declarations.
backend/src/modules/teams/teams.service.ts(13,3): error TS2305: Module '"@prisma/client"' has no exported member 'Team'.
backend/src/modules/teams/teams.service.ts(14,3): error TS2305: Module '"@prisma/client"' has no exported member 'ActivityType'.
backend/src/modules/teams/teams.service.ts(16,3): error TS2305: Module '"@prisma/client"' has no exported member 'TrainingLogStatus'.
backend/src/modules/teams/teams.service.ts(17,3): error TS2305: Module '"@prisma/client"' has no exported member 'Match'.
backend/src/modules/teams/teams.service.ts(18,3): error TS2305: Module '"@prisma/client"' has no exported member 'Role'.
backend/src/modules/teams/teams.service.ts(26,40): error TS2307: Cannot find module '@/ai/flows/analyze-team-performance-flow' or its corresponding type declarations.
backend/src/modules/teams/teams.service.ts(59,5): error TS1206: Decorators are not valid here.
backend/src/modules/teams/teams.service.ts(300,16): error TS2339: Property 'sql' does not exist on type 'typeof Prisma'.
backend/src/modules/teams/teams.service.ts(301,16): error TS2339: Property 'empty' does not exist on type 'typeof Prisma'.
backend/src/modules/tournament-announcements/dto/create-announcement.dto.ts(5,4): error TS1240: Unable to resolve signature of property decorator when called as an expression.
  Argument of type 'ClassFieldDecoratorContext<CreateAnnouncementDto, string> & { name: "subject"; private: false; static: false; }' is not assignable to parameter of type 'string | symbol'.
backend/src/modules/tournament-announcements/dto/create-announcement.dto.ts(9,4): error TS1240: Unable to resolve signature of property decorator when called as an expression.
  Argument of type 'ClassFieldDecoratorContext<CreateAnnouncementDto, string> & { name: "subject"; private: false; static: false; }' is not assignable to parameter of type 'string | symbol'.
backend/src/modules/tournament-announcements/dto/create-announcement.dto.ts(10,4): error TS1240: Unable to resolve signature of property decorator when called as an expression.
  Argument of type 'ClassFieldDecoratorContext<CreateAnnouncementDto, string> & { name: "subject"; private: false; static: false; }' is not assignable to parameter of type 'string | symbol'.
backend/src/modules/tournament-announcements/dto/create-announcement.dto.ts(13,4): error TS1240: Unable to resolve signature of property decorator when called as an expression.
  Argument of type 'ClassFieldDecoratorContext<CreateAnnouncementDto, string> & { name: "message"; private: false; static: false; }' is not assignable to parameter of type 'string | symbol'.
backend/src/modules/tournament-announcements/dto/create-announcement.dto.ts(18,4): error TS1240: Unable to resolve signature of property decorator when called as an expression.
  Argument of type 'ClassFieldDecoratorContext<CreateAnnouncementDto, string> & { name: "message"; private: false; static: false; }' is not assignable to parameter of type 'string | symbol'.
backend/src/modules/tournament-announcements/dto/create-announcement.dto.ts(19,4): error TS1240: Unable to resolve signature of property decorator when called as an expression.
  Argument of type 'ClassFieldDecoratorContext<CreateAnnouncementDto, string> & { name: "message"; private: false; static: false; }' is not assignable to parameter of type 'string | symbol'.
backend/src/modules/tournament-announcements/dto/create-tournament-announcement.dto.ts(5,4): error TS1240: Unable to resolve signature of property decorator when called as an expression.
  Argument of type 'ClassFieldDecoratorContext<CreateTournamentAnnouncementDto, string> & { name: "subject"; private: false; static: false; }' is not assignable to parameter of type 'string | symbol'.
backend/src/modules/tournament-announcements/dto/create-tournament-announcement.dto.ts(9,4): error TS1240: Unable to resolve signature of property decorator when called as an expression.
  Argument of type 'ClassFieldDecoratorContext<CreateTournamentAnnouncementDto, string> & { name: "subject"; private: false; static: false; }' is not assignable to parameter of type 'string | symbol'.
backend/src/modules/tournament-announcements/dto/create-tournament-announcement.dto.ts(10,4): error TS1240: Unable to resolve signature of property decorator when called as an expression.
  Argument of type 'ClassFieldDecoratorContext<CreateTournamentAnnouncementDto, string> & { name: "subject"; private: false; static: false; }' is not assignable to parameter of type 'string | symbol'.
backend/src/modules/tournament-announcements/dto/create-tournament-announcement.dto.ts(13,4): error TS1240: Unable to resolve signature of property decorator when called as an expression.
  Argument of type 'ClassFieldDecoratorContext<CreateTournamentAnnouncementDto, string> & { name: "message"; private: false; static: false; }' is not assignable to parameter of type 'string | symbol'.
backend/src/modules/tournament-announcements/dto/create-tournament-announcement.dto.ts(18,4): error TS1240: Unable to resolve signature of property decorator when called as an expression.
  Argument of type 'ClassFieldDecoratorContext<CreateTournamentAnnouncementDto, string> & { name: "message"; private: false; static: false; }' is not assignable to parameter of type 'string | symbol'.
backend/src/modules/tournament-announcements/dto/create-tournament-announcement.dto.ts(19,4): error TS1240: Unable to resolve signature of property decorator when called as an expression.
  Argument of type 'ClassFieldDecoratorContext<CreateTournamentAnnouncementDto, string> & { name: "message"; private: false; static: false; }' is not assignable to parameter of type 'string | symbol'.
backend/src/modules/tournament-announcements/tournament-announcements.controller.ts(12,30): error TS2307: Cannot find module '@/modules/auth/guards/jwt-auth.guard' or its corresponding type declarations.
backend/src/modules/tournament-announcements/tournament-announcements.controller.ts(29,3): error TS1241: Unable to resolve signature of method decorator when called as an expression.
  The runtime will invoke the decorator with 2 arguments, but the decorator expects 3.
backend/src/modules/tournament-announcements/tournament-announcements.controller.ts(29,4): error TS1270: Decorator function return type 'void | TypedPropertyDescriptor<unknown>' is not assignable to type 'void | ((tournamentId: string) => Promise<any>)'.
  Type 'TypedPropertyDescriptor<unknown>' is not assignable to type 'void | ((tournamentId: string) => Promise<any>)'.
backend/src/modules/tournament-announcements/tournament-announcements.controller.ts(30,3): error TS1241: Unable to resolve signature of method decorator when called as an expression.
  The runtime will invoke the decorator with 2 arguments, but the decorator expects 3.
backend/src/modules/tournament-announcements/tournament-announcements.controller.ts(30,4): error TS1270: Decorator function return type 'void | TypedPropertyDescriptor<unknown>' is not assignable to type 'void | ((tournamentId: string) => Promise<any>)'.
  Type 'TypedPropertyDescriptor<unknown>' is not assignable to type 'void | ((tournamentId: string) => Promise<any>)'.
backend/src/modules/tournament-announcements/tournament-announcements.controller.ts(31,11): error TS1206: Decorators are not valid here.
backend/src/modules/tournament-announcements/tournament-announcements.controller.ts(35,3): error TS1241: Unable to resolve signature of method decorator when called as an expression.
  The runtime will invoke the decorator with 2 arguments, but the decorator expects 3.
backend/src/modules/tournament-announcements/tournament-announcements.controller.ts(35,4): error TS1270: Decorator function return type 'void | TypedPropertyDescriptor<unknown>' is not assignable to type 'void | ((tournamentId: string, req: Request<ParamsDictionary, any, any, ParsedQs, Record<string, any>>, dto: CreateAnnouncementDto) => Promise<...>)'.
  Type 'TypedPropertyDescriptor<unknown>' is not assignable to type 'void | ((tournamentId: string, req: Request<ParamsDictionary, any, any, ParsedQs, Record<string, any>>, dto: CreateAnnouncementDto) => Promise<...>)'.
backend/src/modules/tournament-announcements/tournament-announcements.controller.ts(36,3): error TS1241: Unable to resolve signature of method decorator when called as an expression.
  The runtime will invoke the decorator with 2 arguments, but the decorator expects 3.
backend/src/modules/tournament-announcements/tournament-announcements.controller.ts(36,4): error TS1270: Decorator function return type 'void | TypedPropertyDescriptor<unknown>' is not assignable to type 'void | ((tournamentId: string, req: Request<ParamsDictionary, any, any, ParsedQs, Record<string, any>>, dto: CreateAnnouncementDto) => Promise<...>)'.
  Type 'TypedPropertyDescriptor<unknown>' is not assignable to type 'void | ((tournamentId: string, req: Request<ParamsDictionary, any, any, ParsedQs, Record<string, any>>, dto: CreateAnnouncementDto) => Promise<...>)'.
backend/src/modules/tournament-announcements/tournament-announcements.controller.ts(37,3): error TS1241: Unable to resolve signature of method decorator when called as an expression.
  The runtime will invoke the decorator with 2 arguments, but the decorator expects 3.
backend/src/modules/tournament-announcements/tournament-announcements.controller.ts(37,4): error TS1270: Decorator function return type 'void | TypedPropertyDescriptor<unknown>' is not assignable to type 'void | ((tournamentId: string, req: Request<ParamsDictionary, any, any, ParsedQs, Record<string, any>>, dto: CreateAnnouncementDto) => Promise<...>)'.
  Type 'TypedPropertyDescriptor<unknown>' is not assignable to type 'void | ((tournamentId: string, req: Request<ParamsDictionary, any, any, ParsedQs, Record<string, any>>, dto: CreateAnnouncementDto) => Promise<...>)'.
backend/src/modules/tournament-announcements/tournament-announcements.controller.ts(40,5): error TS1206: Decorators are not valid here.
backend/src/modules/tournament-announcements/tournament-announcements.controller.ts(41,5): error TS1206: Decorators are not valid here.
backend/src/modules/tournament-announcements/tournament-announcements.controller.ts(42,5): error TS1206: Decorators are not valid here.
backend/src/modules/tournament-announcements/tournament-announcements.service.ts(2,31): error TS2307: Cannot find module '@/prisma/prisma.service' or its corresponding type declarations.
backend/src/modules/tournament-announcements/tournament-announcements.service.ts(67,7): error TS2322: Type 'unknown[]' is not assignable to type 'string[]'.
  Type 'unknown' is not assignable to type 'string'.
backend/src/modules/tournament-judges/dto/assign-judge.dto.ts(4,4): error TS1240: Unable to resolve signature of property decorator when called as an expression.
  Argument of type 'ClassFieldDecoratorContext<AssignJudgeDto, string> & { name: "judgeId"; private: false; static: false; }' is not assignable to parameter of type 'string | symbol'.
backend/src/modules/tournament-judges/dto/assign-judge.dto.ts(5,4): error TS1240: Unable to resolve signature of property decorator when called as an expression.
  Argument of type 'ClassFieldDecoratorContext<AssignJudgeDto, string> & { name: "judgeId"; private: false; static: false; }' is not assignable to parameter of type 'string | symbol'.
backend/src/modules/tournament-judges/tournament-judges.controller.ts(22,3): error TS1241: Unable to resolve signature of method decorator when called as an expression.
  The runtime will invoke the decorator with 2 arguments, but the decorator expects 3.
backend/src/modules/tournament-judges/tournament-judges.controller.ts(22,4): error TS1270: Decorator function return type 'void | TypedPropertyDescriptor<unknown>' is not assignable to type 'void | ((tournamentId: string) => Promise<any>)'.
  Type 'TypedPropertyDescriptor<unknown>' is not assignable to type 'void | ((tournamentId: string) => Promise<any>)'.
backend/src/modules/tournament-judges/tournament-judges.controller.ts(23,21): error TS1206: Decorators are not valid here.
backend/src/modules/tournament-judges/tournament-judges.controller.ts(27,3): error TS1241: Unable to resolve signature of method decorator when called as an expression.
  The runtime will invoke the decorator with 2 arguments, but the decorator expects 3.
backend/src/modules/tournament-judges/tournament-judges.controller.ts(27,4): error TS1270: Decorator function return type 'void | TypedPropertyDescriptor<unknown>' is not assignable to type 'void | ((tournamentId: string, dto: AssignJudgeDto) => Promise<{ success: boolean; }>)'.
  Type 'TypedPropertyDescriptor<unknown>' is not assignable to type 'void | ((tournamentId: string, dto: AssignJudgeDto) => Promise<{ success: boolean; }>)'.
backend/src/modules/tournament-judges/tournament-judges.controller.ts(29,5): error TS1206: Decorators are not valid here.
backend/src/modules/tournament-judges/tournament-judges.controller.ts(30,5): error TS1206: Decorators are not valid here.
backend/src/modules/tournament-judges/tournament-judges.controller.ts(35,3): error TS1241: Unable to resolve signature of method decorator when called as an expression.
  The runtime will invoke the decorator with 2 arguments, but the decorator expects 3.
backend/src/modules/tournament-judges/tournament-judges.controller.ts(35,4): error TS1270: Decorator function return type 'void | TypedPropertyDescriptor<unknown>' is not assignable to type 'void | ((tournamentId: string, judgeId: string) => Promise<{ success: boolean; }>)'.
  Type 'TypedPropertyDescriptor<unknown>' is not assignable to type 'void | ((tournamentId: string, judgeId: string) => Promise<{ success: boolean; }>)'.
backend/src/modules/tournament-judges/tournament-judges.controller.ts(37,5): error TS1206: Decorators are not valid here.
backend/src/modules/tournament-judges/tournament-judges.controller.ts(38,5): error TS1206: Decorators are not valid here.
backend/src/modules/tournament-judges/tournament-judges.service.ts(2,31): error TS2307: Cannot find module '@/prisma/prisma.service' or its corresponding type declarations.
backend/src/modules/tournament-medical/dto/assign-medical.dto.ts(4,4): error TS1240: Unable to resolve signature of property decorator when called as an expression.
  Argument of type 'ClassFieldDecoratorContext<AssignMedicalDto, string> & { name: "partnerId"; private: false; static: false; }' is not assignable to parameter of type 'string | symbol'.
backend/src/modules/tournament-medical/dto/assign-medical.dto.ts(5,4): error TS1240: Unable to resolve signature of property decorator when called as an expression.
  Argument of type 'ClassFieldDecoratorContext<AssignMedicalDto, string> & { name: "partnerId"; private: false; static: false; }' is not assignable to parameter of type 'string | symbol'.
backend/src/modules/tournament-medical/tournament-medical.controller.ts(22,3): error TS1241: Unable to resolve signature of method decorator when called as an expression.
  The runtime will invoke the decorator with 2 arguments, but the decorator expects 3.
backend/src/modules/tournament-medical/tournament-medical.controller.ts(22,4): error TS1270: Decorator function return type 'void | TypedPropertyDescriptor<unknown>' is not assignable to type 'void | ((tournamentId: string) => Promise<any>)'.
  Type 'TypedPropertyDescriptor<unknown>' is not assignable to type 'void | ((tournamentId: string) => Promise<any>)'.
backend/src/modules/tournament-medical/tournament-medical.controller.ts(23,27): error TS1206: Decorators are not valid here.
backend/src/modules/tournament-medical/tournament-medical.controller.ts(27,3): error TS1241: Unable to resolve signature of method decorator when called as an expression.
  The runtime will invoke the decorator with 2 arguments, but the decorator expects 3.
backend/src/modules/tournament-medical/tournament-medical.controller.ts(27,4): error TS1270: Decorator function return type 'void | TypedPropertyDescriptor<unknown>' is not assignable to type 'void | ((tournamentId: string, dto: AssignMedicalDto) => Promise<{ success: boolean; }>)'.
  Type 'TypedPropertyDescriptor<unknown>' is not assignable to type 'void | ((tournamentId: string, dto: AssignMedicalDto) => Promise<{ success: boolean; }>)'.
backend/src/modules/tournament-medical/tournament-medical.controller.ts(29,5): error TS1206: Decorators are not valid here.
backend/src/modules/tournament-medical/tournament-medical.controller.ts(30,5): error TS1206: Decorators are not valid here.
backend/src/modules/tournament-medical/tournament-medical.controller.ts(35,3): error TS1241: Unable to resolve signature of method decorator when called as an expression.
  The runtime will invoke the decorator with 2 arguments, but the decorator expects 3.
backend/src/modules/tournament-medical/tournament-medical.controller.ts(35,4): error TS1270: Decorator function return type 'void | TypedPropertyDescriptor<unknown>' is not assignable to type 'void | ((tournamentId: string, partnerId: string) => Promise<{ success: boolean; }>)'.
  Type 'TypedPropertyDescriptor<unknown>' is not assignable to type 'void | ((tournamentId: string, partnerId: string) => Promise<{ success: boolean; }>)'.
backend/src/modules/tournament-medical/tournament-medical.controller.ts(37,5): error TS1206: Decorators are not valid here.
backend/src/modules/tournament-medical/tournament-medical.controller.ts(38,5): error TS1206: Decorators are not valid here.
backend/src/modules/tournament-medical/tournament-medical.service.ts(2,31): error TS2307: Cannot find module '@/prisma/prisma.service' or its corresponding type declarations.
backend/src/modules/tournament-participants/dto/update-application-status.dto.ts(2,10): error TS2305: Module '"@prisma/client"' has no exported member 'TeamApplicationStatus'.
backend/src/modules/tournament-participants/dto/update-application-status.dto.ts(5,4): error TS1240: Unable to resolve signature of property decorator when called as an expression.
  Argument of type 'ClassFieldDecoratorContext<UpdateApplicationStatusDto, TeamApplicationStatus> & { name: "status"; private: false; static: false; }' is not assignable to parameter of type 'string | symbol'.
backend/src/modules/tournament-participants/tournament-participants.controller.ts(22,3): error TS1241: Unable to resolve signature of method decorator when called as an expression.
  The runtime will invoke the decorator with 2 arguments, but the decorator expects 3.
backend/src/modules/tournament-participants/tournament-participants.controller.ts(22,4): error TS1270: Decorator function return type 'void | TypedPropertyDescriptor<unknown>' is not assignable to type 'void | ((tournamentId: string) => Promise<any>)'.
  Type 'TypedPropertyDescriptor<unknown>' is not assignable to type 'void | ((tournamentId: string) => Promise<any>)'.
backend/src/modules/tournament-participants/tournament-participants.controller.ts(23,19): error TS1206: Decorators are not valid here.
backend/src/modules/tournament-participants/tournament-participants.controller.ts(27,3): error TS1241: Unable to resolve signature of method decorator when called as an expression.
  The runtime will invoke the decorator with 2 arguments, but the decorator expects 3.
backend/src/modules/tournament-participants/tournament-participants.controller.ts(27,4): error TS1270: Decorator function return type 'void | TypedPropertyDescriptor<unknown>' is not assignable to type 'void | ((tournamentId: string) => Promise<any>)'.
  Type 'TypedPropertyDescriptor<unknown>' is not assignable to type 'void | ((tournamentId: string) => Promise<any>)'.
backend/src/modules/tournament-participants/tournament-participants.controller.ts(28,19): error TS1206: Decorators are not valid here.
backend/src/modules/tournament-participants/tournament-participants.controller.ts(32,3): error TS1241: Unable to resolve signature of method decorator when called as an expression.
  The runtime will invoke the decorator with 2 arguments, but the decorator expects 3.
backend/src/modules/tournament-participants/tournament-participants.controller.ts(32,4): error TS1270: Decorator function return type 'void | TypedPropertyDescriptor<unknown>' is not assignable to type 'void | ((applicationId: string, dto: UpdateApplicationStatusDto) => Promise<any>)'.
  Type 'TypedPropertyDescriptor<unknown>' is not assignable to type 'void | ((applicationId: string, dto: UpdateApplicationStatusDto) => Promise<any>)'.
backend/src/modules/tournament-participants/tournament-participants.controller.ts(34,5): error TS1206: Decorators are not valid here.
backend/src/modules/tournament-participants/tournament-participants.controller.ts(35,5): error TS1206: Decorators are not valid here.
backend/src/modules/tournament-participants/tournament-participants.controller.ts(40,3): error TS1241: Unable to resolve signature of method decorator when called as an expression.
  The runtime will invoke the decorator with 2 arguments, but the decorator expects 3.
backend/src/modules/tournament-participants/tournament-participants.controller.ts(40,4): error TS1270: Decorator function return type 'void | TypedPropertyDescriptor<unknown>' is not assignable to type 'void | ((tournamentId: string, teamId: string) => Promise<{ success: boolean; }>)'.
  Type 'TypedPropertyDescriptor<unknown>' is not assignable to type 'void | ((tournamentId: string, teamId: string) => Promise<{ success: boolean; }>)'.
backend/src/modules/tournament-participants/tournament-participants.controller.ts(42,5): error TS1206: Decorators are not valid here.
backend/src/modules/tournament-participants/tournament-participants.controller.ts(43,5): error TS1206: Decorators are not valid here.
backend/src/modules/tournament-participants/tournament-participants.service.ts(7,31): error TS2307: Cannot find module '@/prisma/prisma.service' or its corresponding type declarations.
backend/src/modules/tournament-participants/tournament-participants.service.ts(8,10): error TS2305: Module '"@prisma/client"' has no exported member 'TeamApplicationStatus'.
backend/src/modules/tournament-sponsors/dto/assign-sponsor.dto.ts(4,4): error TS1240: Unable to resolve signature of property decorator when called as an expression.
  Argument of type 'ClassFieldDecoratorContext<AssignSponsorDto, string> & { name: "sponsorId"; private: false; static: false; }' is not assignable to parameter of type 'string | symbol'.
backend/src/modules/tournament-sponsors/dto/assign-sponsor.dto.ts(5,4): error TS1240: Unable to resolve signature of property decorator when called as an expression.
  Argument of type 'ClassFieldDecoratorContext<AssignSponsorDto, string> & { name: "sponsorId"; private: false; static: false; }' is not assignable to parameter of type 'string | symbol'.
backend/src/modules/tournament-sponsors/dto/assign-sponsor.dto.ts(8,4): error TS1240: Unable to resolve signature of property decorator when called as an expression.
  Argument of type 'ClassFieldDecoratorContext<AssignSponsorDto, number> & { name: "amount"; private: false; static: false; }' is not assignable to parameter of type 'string | symbol'.
backend/src/modules/tournament-sponsors/dto/assign-sponsor.dto.ts(9,4): error TS1240: Unable to resolve signature of property decorator when called as an expression.
  Argument of type 'ClassFieldDecoratorContext<AssignSponsorDto, number> & { name: "amount"; private: false; static: false; }' is not assignable to parameter of type 'string | symbol'.
backend/src/modules/tournament-sponsors/tournament-sponsors.controller.ts(22,3): error TS1241: Unable to resolve signature of method decorator when called as an expression.
  The runtime will invoke the decorator with 2 arguments, but the decorator expects 3.
backend/src/modules/tournament-sponsors/tournament-sponsors.controller.ts(22,4): error TS1270: Decorator function return type 'void | TypedPropertyDescriptor<unknown>' is not assignable to type 'void | ((tournamentId: string) => Promise<any[]>)'.
  Type 'TypedPropertyDescriptor<unknown>' is not assignable to type 'void | ((tournamentId: string) => Promise<any[]>)'.
backend/src/modules/tournament-sponsors/tournament-sponsors.controller.ts(23,23): error TS1206: Decorators are not valid here.
backend/src/modules/tournament-sponsors/tournament-sponsors.controller.ts(27,3): error TS1241: Unable to resolve signature of method decorator when called as an expression.
  The runtime will invoke the decorator with 2 arguments, but the decorator expects 3.
backend/src/modules/tournament-sponsors/tournament-sponsors.controller.ts(27,4): error TS1270: Decorator function return type 'void | TypedPropertyDescriptor<unknown>' is not assignable to type 'void | ((tournamentId: string, dto: AssignSponsorDto) => Promise<{ success: boolean; }>)'.
  Type 'TypedPropertyDescriptor<unknown>' is not assignable to type 'void | ((tournamentId: string, dto: AssignSponsorDto) => Promise<{ success: boolean; }>)'.
backend/src/modules/tournament-sponsors/tournament-sponsors.controller.ts(29,5): error TS1206: Decorators are not valid here.
backend/src/modules/tournament-sponsors/tournament-sponsors.controller.ts(30,5): error TS1206: Decorators are not valid here.
backend/src/modules/tournament-sponsors/tournament-sponsors.controller.ts(35,3): error TS1241: Unable to resolve signature of method decorator when called as an expression.
  The runtime will invoke the decorator with 2 arguments, but the decorator expects 3.
backend/src/modules/tournament-sponsors/tournament-sponsors.controller.ts(35,4): error TS1270: Decorator function return type 'void | TypedPropertyDescriptor<unknown>' is not assignable to type 'void | ((tournamentId: string, sponsorId: string) => Promise<{ success: boolean; }>)'.
  Type 'TypedPropertyDescriptor<unknown>' is not assignable to type 'void | ((tournamentId: string, sponsorId: string) => Promise<{ success: boolean; }>)'.
backend/src/modules/tournament-sponsors/tournament-sponsors.controller.ts(37,5): error TS1206: Decorators are not valid here.
backend/src/modules/tournament-sponsors/tournament-sponsors.controller.ts(38,5): error TS1206: Decorators are not valid here.
backend/src/modules/tournament-sponsors/tournament-sponsors.service.ts(2,31): error TS2307: Cannot find module '@/prisma/prisma.service' or its corresponding type declarations.
backend/src/modules/tournament-sponsors/tournament-sponsors.service.ts(3,15): error TS2305: Module '"@prisma/client"' has no exported member 'Sponsor'.
backend/src/modules/tournaments/dto/create-tournament-media.dto.ts(5,4): error TS1240: Unable to resolve signature of property decorator when called as an expression.
  Argument of type 'ClassFieldDecoratorContext<CreateTournamentMediaDto, "IMAGE" | "VIDEO" | "AUDIO"> & { name: "type"; private: false; static: false; }' is not assignable to parameter of type 'string | symbol'.
backend/src/modules/tournaments/dto/create-tournament-media.dto.ts(6,4): error TS1240: Unable to resolve signature of property decorator when called as an expression.
  Argument of type 'ClassFieldDecoratorContext<CreateTournamentMediaDto, "IMAGE" | "VIDEO" | "AUDIO"> & { name: "type"; private: false; static: false; }' is not assignable to parameter of type 'string | symbol'.
backend/src/modules/tournaments/dto/create-tournament-media.dto.ts(7,4): error TS1240: Unable to resolve signature of property decorator when called as an expression.
  Argument of type 'ClassFieldDecoratorContext<CreateTournamentMediaDto, "IMAGE" | "VIDEO" | "AUDIO"> & { name: "type"; private: false; static: false; }' is not assignable to parameter of type 'string | symbol'.
backend/src/modules/tournaments/dto/create-tournament-media.dto.ts(10,4): error TS1240: Unable to resolve signature of property decorator when called as an expression.
  Argument of type 'ClassFieldDecoratorContext<CreateTournamentMediaDto, string> & { name: "src"; private: false; static: false; }' is not assignable to parameter of type 'string | symbol'.
backend/src/modules/tournaments/dto/create-tournament-media.dto.ts(11,4): error TS1240: Unable to resolve signature of property decorator when called as an expression.
  Argument of type 'ClassFieldDecoratorContext<CreateTournamentMediaDto, string> & { name: "src"; private: false; static: false; }' is not assignable to parameter of type 'string | symbol'.
backend/src/modules/tournaments/dto/create-tournament-media.dto.ts(12,4): error TS1240: Unable to resolve signature of property decorator when called as an expression.
  Argument of type 'ClassFieldDecoratorContext<CreateTournamentMediaDto, string> & { name: "src"; private: false; static: false; }' is not assignable to parameter of type 'string | symbol'.
backend/src/modules/tournaments/dto/create-tournament-media.dto.ts(15,4): error TS1240: Unable to resolve signature of property decorator when called as an expression.
  Argument of type 'ClassFieldDecoratorContext<CreateTournamentMediaDto, string> & { name: "description"; private: false; static: false; }' is not assignable to parameter of type 'string | symbol'.
backend/src/modules/tournaments/dto/create-tournament-media.dto.ts(16,4): error TS1240: Unable to resolve signature of property decorator when called as an expression.
  Argument of type 'ClassFieldDecoratorContext<CreateTournamentMediaDto, string> & { name: "description"; private: false; static: false; }' is not assignable to parameter of type 'string | symbol'.
backend/src/modules/tournaments/dto/create-tournament-media.dto.ts(17,4): error TS1240: Unable to resolve signature of property decorator when called as an expression.
  Argument of type 'ClassFieldDecoratorContext<CreateTournamentMediaDto, string> & { name: "description"; private: false; static: false; }' is not assignable to parameter of type 'string | symbol'.
backend/src/modules/tournaments/dto/create-tournament-media.dto.ts(20,4): error TS1240: Unable to resolve signature of property decorator when called as an expression.
  Argument of type 'ClassFieldDecoratorContext<CreateTournamentMediaDto, string> & { name: "hint"; private: false; static: false; }' is not assignable to parameter of type 'string | symbol'.
backend/src/modules/tournaments/dto/create-tournament-media.dto.ts(21,4): error TS1240: Unable to resolve signature of property decorator when called as an expression.
  Argument of type 'ClassFieldDecoratorContext<CreateTournamentMediaDto, string> & { name: "hint"; private: false; static: false; }' is not assignable to parameter of type 'string | symbol'.
backend/src/modules/tournaments/dto/create-tournament-media.dto.ts(22,4): error TS1240: Unable to resolve signature of property decorator when called as an expression.
  Argument of type 'ClassFieldDecoratorContext<CreateTournamentMediaDto, string> & { name: "hint"; private: false; static: false; }' is not assignable to parameter of type 'string | symbol'.
backend/src/modules/tournaments/dto/create-tournament.dto.ts(14,4): error TS1240: Unable to resolve signature of property decorator when called as an expression.
  Argument of type 'ClassFieldDecoratorContext<CreateTournamentDto, string> & { name: "name"; private: false; static: false; }' is not assignable to parameter of type 'string | symbol'.
backend/src/modules/tournaments/dto/create-tournament.dto.ts(15,4): error TS1240: Unable to resolve signature of property decorator when called as an expression.
  Argument of type 'ClassFieldDecoratorContext<CreateTournamentDto, string> & { name: "name"; private: false; static: false; }' is not assignable to parameter of type 'string | symbol'.
backend/src/modules/tournaments/dto/create-tournament.dto.ts(16,4): error TS1240: Unable to resolve signature of property decorator when called as an expression.
  Argument of type 'ClassFieldDecoratorContext<CreateTournamentDto, string> & { name: "name"; private: false; static: false; }' is not assignable to parameter of type 'string | symbol'.
backend/src/modules/tournaments/dto/create-tournament.dto.ts(19,4): error TS1240: Unable to resolve signature of property decorator when called as an expression.
  Argument of type 'ClassFieldDecoratorContext<CreateTournamentDto, string> & { name: "game"; private: false; static: false; }' is not assignable to parameter of type 'string | symbol'.
backend/src/modules/tournaments/dto/create-tournament.dto.ts(20,4): error TS1240: Unable to resolve signature of property decorator when called as an expression.
  Argument of type 'ClassFieldDecoratorContext<CreateTournamentDto, string> & { name: "game"; private: false; static: false; }' is not assignable to parameter of type 'string | symbol'.
backend/src/modules/tournaments/dto/create-tournament.dto.ts(23,4): error TS1240: Unable to resolve signature of property decorator when called as an expression.
  Argument of type 'ClassFieldDecoratorContext<CreateTournamentDto, string> & { name: "description"; private: false; static: false; }' is not assignable to parameter of type 'string | symbol'.
backend/src/modules/tournaments/dto/create-tournament.dto.ts(24,4): error TS1240: Unable to resolve signature of property decorator when called as an expression.
  Argument of type 'ClassFieldDecoratorContext<CreateTournamentDto, string> & { name: "description"; private: false; static: false; }' is not assignable to parameter of type 'string | symbol'.
backend/src/modules/tournaments/dto/create-tournament.dto.ts(27,4): error TS1240: Unable to resolve signature of property decorator when called as an expression.
  Argument of type 'ClassFieldDecoratorContext<CreateTournamentDto, "team" | "individual"> & { name: "type"; private: false; static: false; }' is not assignable to parameter of type 'string | symbol'.
backend/src/modules/tournaments/dto/create-tournament.dto.ts(30,4): error TS1240: Unable to resolve signature of property decorator when called as an expression.
  Argument of type 'ClassFieldDecoratorContext<CreateTournamentDto, "single_elimination" | "round_robin" | "groups"> & { name: "format"; private: false; static: false; }' is not assignable to parameter of type 'string | symbol'.
backend/src/modules/tournaments/dto/create-tournament.dto.ts(33,4): error TS1240: Unable to resolve signature of property decorator when called as an expression.
  Argument of type 'ClassFieldDecoratorContext<CreateTournamentDto, string> & { name: "category"; private: false; static: false; }' is not assignable to parameter of type 'string | symbol'.
backend/src/modules/tournaments/dto/create-tournament.dto.ts(34,4): error TS1240: Unable to resolve signature of property decorator when called as an expression.
  Argument of type 'ClassFieldDecoratorContext<CreateTournamentDto, string> & { name: "category"; private: false; static: false; }' is not assignable to parameter of type 'string | symbol'.
backend/src/modules/tournaments/dto/create-tournament.dto.ts(37,4): error TS1240: Unable to resolve signature of property decorator when called as an expression.
  Argument of type 'ClassFieldDecoratorContext<CreateTournamentDto, string> & { name: "location"; private: false; static: false; }' is not assignable to parameter of type 'string | symbol'.
backend/src/modules/tournaments/dto/create-tournament.dto.ts(38,4): error TS1240: Unable to resolve signature of property decorator when called as an expression.
  Argument of type 'ClassFieldDecoratorContext<CreateTournamentDto, string> & { name: "location"; private: false; static: false; }' is not assignable to parameter of type 'string | symbol'.
backend/src/modules/tournaments/dto/create-tournament.dto.ts(41,4): error TS1240: Unable to resolve signature of property decorator when called as an expression.
  Argument of type 'ClassFieldDecoratorContext<CreateTournamentDto, number> & { name: "participantCount"; private: false; static: false; }' is not assignable to parameter of type 'string | symbol'.
backend/src/modules/tournaments/dto/create-tournament.dto.ts(42,4): error TS1240: Unable to resolve signature of property decorator when called as an expression.
  Argument of type 'ClassFieldDecoratorContext<CreateTournamentDto, number> & { name: "participantCount"; private: false; static: false; }' is not assignable to parameter of type 'string | symbol'.
backend/src/modules/tournaments/dto/create-tournament.dto.ts(43,4): error TS1240: Unable to resolve signature of property decorator when called as an expression.
  Argument of type 'ClassFieldDecoratorContext<CreateTournamentDto, number> & { name: "participantCount"; private: false; static: false; }' is not assignable to parameter of type 'string | symbol'.
backend/src/modules/tournaments/dto/create-tournament.dto.ts(46,4): error TS1240: Unable to resolve signature of property decorator when called as an expression.
  Argument of type 'ClassFieldDecoratorContext<CreateTournamentDto, Date> & { name: "registrationStartDate"; private: false; static: false; }' is not assignable to parameter of type 'string | symbol'.
backend/src/modules/tournaments/dto/create-tournament.dto.ts(47,4): error TS1240: Unable to resolve signature of property decorator when called as an expression.
  Argument of type 'ClassFieldDecoratorContext<CreateTournamentDto, Date> & { name: "registrationStartDate"; private: false; static: false; }' is not assignable to parameter of type 'string | symbol'.
backend/src/modules/tournaments/dto/create-tournament.dto.ts(50,4): error TS1240: Unable to resolve signature of property decorator when called as an expression.
  Argument of type 'ClassFieldDecoratorContext<CreateTournamentDto, Date> & { name: "registrationEndDate"; private: false; static: false; }' is not assignable to parameter of type 'string | symbol'.
backend/src/modules/tournaments/dto/create-tournament.dto.ts(51,4): error TS1240: Unable to resolve signature of property decorator when called as an expression.
  Argument of type 'ClassFieldDecoratorContext<CreateTournamentDto, Date> & { name: "registrationEndDate"; private: false; static: false; }' is not assignable to parameter of type 'string | symbol'.
backend/src/modules/tournaments/dto/create-tournament.dto.ts(54,4): error TS1240: Unable to resolve signature of property decorator when called as an expression.
  Argument of type 'ClassFieldDecoratorContext<CreateTournamentDto, Date> & { name: "tournamentStartDate"; private: false; static: false; }' is not assignable to parameter of type 'string | symbol'.
backend/src/modules/tournaments/dto/create-tournament.dto.ts(55,4): error TS1240: Unable to resolve signature of property decorator when called as an expression.
  Argument of type 'ClassFieldDecoratorContext<CreateTournamentDto, Date> & { name: "tournamentStartDate"; private: false; static: false; }' is not assignable to parameter of type 'string | symbol'.
backend/src/modules/tournaments/dto/create-tournament.dto.ts(58,4): error TS1240: Unable to resolve signature of property decorator when called as an expression.
  Argument of type 'ClassFieldDecoratorContext<CreateTournamentDto, string> & { name: "prizePool"; private: false; static: false; }' is not assignable to parameter of type 'string | symbol'.
backend/src/modules/tournaments/dto/create-tournament.dto.ts(59,4): error TS1240: Unable to resolve signature of property decorator when called as an expression.
  Argument of type 'ClassFieldDecoratorContext<CreateTournamentDto, string> & { name: "prizePool"; private: false; static: false; }' is not assignable to parameter of type 'string | symbol'.
backend/src/modules/tournaments/dto/create-tournament.dto.ts(62,4): error TS1240: Unable to resolve signature of property decorator when called as an expression.
  Argument of type 'ClassFieldDecoratorContext<CreateTournamentDto, string> & { name: "rules"; private: false; static: false; }' is not assignable to parameter of type 'string | symbol'.
backend/src/modules/tournaments/dto/create-tournament.dto.ts(63,4): error TS1240: Unable to resolve signature of property decorator when called as an expression.
  Argument of type 'ClassFieldDecoratorContext<CreateTournamentDto, string> & { name: "rules"; private: false; static: false; }' is not assignable to parameter of type 'string | symbol'.
backend/src/modules/tournaments/dto/create-tournament.dto.ts(66,4): error TS1240: Unable to resolve signature of property decorator when called as an expression.
  Argument of type 'ClassFieldDecoratorContext<CreateTournamentDto, string> & { name: "bannerImage"; private: false; static: false; }' is not assignable to parameter of type 'string | symbol'.
backend/src/modules/tournaments/dto/create-tournament.dto.ts(67,4): error TS1240: Unable to resolve signature of property decorator when called as an expression.
  Argument of type 'ClassFieldDecoratorContext<CreateTournamentDto, string> & { name: "bannerImage"; private: false; static: false; }' is not assignable to parameter of type 'string | symbol'.
backend/src/modules/tournaments/dto/create-tournament.dto.ts(70,4): error TS1240: Unable to resolve signature of property decorator when called as an expression.
  Argument of type 'ClassFieldDecoratorContext<CreateTournamentDto, string> & { name: "bannerImageHint"; private: false; static: false; }' is not assignable to parameter of type 'string | symbol'.
backend/src/modules/tournaments/dto/create-tournament.dto.ts(71,4): error TS1240: Unable to resolve signature of property decorator when called as an expression.
  Argument of type 'ClassFieldDecoratorContext<CreateTournamentDto, string> & { name: "bannerImageHint"; private: false; static: false; }' is not assignable to parameter of type 'string | symbol'.
backend/src/modules/tournaments/dto/tournament-crm.dto.ts(4,4): error TS1240: Unable to resolve signature of property decorator when called as an expression.
  Argument of type 'ClassFieldDecoratorContext<TournamentCrmDto, string> & { name: "id"; private: false; static: false; }' is not assignable to parameter of type 'string | symbol'.
backend/src/modules/tournaments/dto/tournament-crm.dto.ts(7,4): error TS1240: Unable to resolve signature of property decorator when called as an expression.
  Argument of type 'ClassFieldDecoratorContext<TournamentCrmDto, string> & { name: "name"; private: false; static: false; }' is not assignable to parameter of type 'string | symbol'.
backend/src/modules/tournaments/dto/tournament-crm.dto.ts(10,4): error TS1240: Unable to resolve signature of property decorator when called as an expression.
  Argument of type 'ClassFieldDecoratorContext<TournamentCrmDto, string> & { name: "sport"; private: false; static: false; }' is not assignable to parameter of type 'string | symbol'.
backend/src/modules/tournaments/dto/tournament-crm.dto.ts(13,4): error TS1240: Unable to resolve signature of property decorator when called as an expression.
  Argument of type 'ClassFieldDecoratorContext<TournamentCrmDto, string> & { name: "status"; private: false; static: false; }' is not assignable to parameter of type 'string | symbol'.
backend/src/modules/tournaments/dto/tournament-crm.dto.ts(16,4): error TS1240: Unable to resolve signature of property decorator when called as an expression.
  Argument of type 'ClassFieldDecoratorContext<TournamentCrmDto, number> & { name: "participants"; private: false; static: false; }' is not assignable to parameter of type 'string | symbol'.
backend/src/modules/tournaments/dto/tournament-crm.dto.ts(19,4): error TS1240: Unable to resolve signature of property decorator when called as an expression.
  Argument of type 'ClassFieldDecoratorContext<TournamentCrmDto, number> & { name: "maxParticipants"; private: false; static: false; }' is not assignable to parameter of type 'string | symbol'.
backend/src/modules/tournaments/dto/tournament-crm.dto.ts(22,4): error TS1240: Unable to resolve signature of property decorator when called as an expression.
  Argument of type 'ClassFieldDecoratorContext<TournamentCrmDto, string> & { name: "startDate"; private: false; static: false; }' is not assignable to parameter of type 'string | symbol'.
backend/src/modules/tournaments/dto/tournament-crm.dto.ts(25,4): error TS1240: Unable to resolve signature of property decorator when called as an expression.
  Argument of type 'ClassFieldDecoratorContext<TournamentCrmDto, string> & { name: "organizer"; private: false; static: false; }' is not assignable to parameter of type 'string | symbol'.
backend/src/modules/tournaments/dto/tournament-crm.dto.ts(28,4): error TS1240: Unable to resolve signature of property decorator when called as an expression.
  Argument of type 'ClassFieldDecoratorContext<TournamentCrmDto, string> & { name: "rules"; private: false; static: false; }' is not assignable to parameter of type 'string | symbol'.
backend/src/modules/tournaments/tournaments.controller.ts(28,3): error TS1241: Unable to resolve signature of method decorator when called as an expression.
  The runtime will invoke the decorator with 2 arguments, but the decorator expects 3.
backend/src/modules/tournaments/tournaments.controller.ts(28,4): error TS1270: Decorator function return type 'void | TypedPropertyDescriptor<unknown>' is not assignable to type 'void | ((createTournamentDto: CreateTournamentDto, req: Request<ParamsDictionary, any, any, ParsedQs, Record<string, any>>) => Promise<...>)'.
  Type 'TypedPropertyDescriptor<unknown>' is not assignable to type 'void | ((createTournamentDto: CreateTournamentDto, req: Request<ParamsDictionary, any, any, ParsedQs, Record<string, any>>) => Promise<...>)'.
backend/src/modules/tournaments/tournaments.controller.ts(32,5): error TS1206: Decorators are not valid here.
backend/src/modules/tournaments/tournaments.controller.ts(33,5): error TS1206: Decorators are not valid here.
backend/src/modules/tournaments/tournaments.controller.ts(39,3): error TS1241: Unable to resolve signature of method decorator when called as an expression.
  The runtime will invoke the decorator with 2 arguments, but the decorator expects 3.
backend/src/modules/tournaments/tournaments.controller.ts(39,4): error TS1270: Decorator function return type 'void | TypedPropertyDescriptor<unknown>' is not assignable to type 'void | ((id: string, updateTournamentDto: UpdateTournamentDto) => Promise<Tournament>)'.
  Type 'TypedPropertyDescriptor<unknown>' is not assignable to type 'void | ((id: string, updateTournamentDto: UpdateTournamentDto) => Promise<Tournament>)'.
backend/src/modules/tournaments/tournaments.controller.ts(43,5): error TS1206: Decorators are not valid here.
backend/src/modules/tournaments/tournaments.controller.ts(44,5): error TS1206: Decorators are not valid here.
backend/src/modules/tournaments/tournaments.controller.ts(50,3): error TS1241: Unable to resolve signature of method decorator when called as an expression.
  The runtime will invoke the decorator with 2 arguments, but the decorator expects 3.
backend/src/modules/tournaments/tournaments.controller.ts(50,4): error TS1270: Decorator function return type 'void | TypedPropertyDescriptor<unknown>' is not assignable to type 'void | ((id: string) => Promise<Tournament>)'.
  Type 'TypedPropertyDescriptor<unknown>' is not assignable to type 'void | ((id: string) => Promise<Tournament>)'.
backend/src/modules/tournaments/tournaments.controller.ts(51,9): error TS1206: Decorators are not valid here.
backend/src/modules/tournaments/tournaments.controller.ts(56,3): error TS1241: Unable to resolve signature of method decorator when called as an expression.
  The runtime will invoke the decorator with 2 arguments, but the decorator expects 3.
backend/src/modules/tournaments/tournaments.controller.ts(56,4): error TS1270: Decorator function return type 'void | TypedPropertyDescriptor<unknown>' is not assignable to type 'void | ((game?: string) => Promise<any[]>)'.
  Type 'TypedPropertyDescriptor<unknown>' is not assignable to type 'void | ((game?: string) => Promise<any[]>)'.
backend/src/modules/tournaments/tournaments.controller.ts(62,11): error TS1206: Decorators are not valid here.
backend/src/modules/tournaments/tournaments.controller.ts(66,3): error TS1241: Unable to resolve signature of method decorator when called as an expression.
  The runtime will invoke the decorator with 2 arguments, but the decorator expects 3.
backend/src/modules/tournaments/tournaments.controller.ts(66,4): error TS1270: Decorator function return type 'void | TypedPropertyDescriptor<unknown>' is not assignable to type 'void | (() => Promise<TournamentCrmDto[]>)'.
  Type 'TypedPropertyDescriptor<unknown>' is not assignable to type 'void | (() => Promise<TournamentCrmDto[]>)'.
backend/src/modules/tournaments/tournaments.controller.ts(79,3): error TS1241: Unable to resolve signature of method decorator when called as an expression.
  The runtime will invoke the decorator with 2 arguments, but the decorator expects 3.
backend/src/modules/tournaments/tournaments.controller.ts(79,4): error TS1270: Decorator function return type 'void | TypedPropertyDescriptor<unknown>' is not assignable to type 'void | ((slug: string) => Promise<any>)'.
  Type 'TypedPropertyDescriptor<unknown>' is not assignable to type 'void | ((slug: string) => Promise<any>)'.
backend/src/modules/tournaments/tournaments.controller.ts(80,14): error TS1206: Decorators are not valid here.
backend/src/modules/tournaments/tournaments.controller.ts(85,3): error TS1241: Unable to resolve signature of method decorator when called as an expression.
  The runtime will invoke the decorator with 2 arguments, but the decorator expects 3.
backend/src/modules/tournaments/tournaments.controller.ts(85,4): error TS1270: Decorator function return type 'void | TypedPropertyDescriptor<unknown>' is not assignable to type 'void | ((id: string) => Promise<any>)'.
  Type 'TypedPropertyDescriptor<unknown>' is not assignable to type 'void | ((id: string) => Promise<any>)'.
backend/src/modules/tournaments/tournaments.controller.ts(86,11): error TS1206: Decorators are not valid here.
backend/src/modules/tournaments/tournaments.controller.ts(90,3): error TS1241: Unable to resolve signature of method decorator when called as an expression.
  The runtime will invoke the decorator with 2 arguments, but the decorator expects 3.
backend/src/modules/tournaments/tournaments.controller.ts(90,4): error TS1270: Decorator function return type 'void | TypedPropertyDescriptor<unknown>' is not assignable to type 'void | ((tournamentId: string, registerTeamDto: RegisterTeamDto) => Promise<Tournament>)'.
  Type 'TypedPropertyDescriptor<unknown>' is not assignable to type 'void | ((tournamentId: string, registerTeamDto: RegisterTeamDto) => Promise<Tournament>)'.
backend/src/modules/tournaments/tournaments.controller.ts(92,5): error TS1206: Decorators are not valid here.
backend/src/modules/tournaments/tournaments.controller.ts(93,5): error TS1206: Decorators are not valid here.
backend/src/modules/tournaments/tournaments.controller.ts(101,3): error TS1241: Unable to resolve signature of method decorator when called as an expression.
  The runtime will invoke the decorator with 2 arguments, but the decorator expects 3.
backend/src/modules/tournaments/tournaments.controller.ts(101,4): error TS1270: Decorator function return type 'void | TypedPropertyDescriptor<unknown>' is not assignable to type 'void | ((tournamentId: string, createMediaDto: CreateTournamentMediaDto) => Promise<any>)'.
  Type 'TypedPropertyDescriptor<unknown>' is not assignable to type 'void | ((tournamentId: string, createMediaDto: CreateTournamentMediaDto) => Promise<any>)'.
backend/src/modules/tournaments/tournaments.controller.ts(105,5): error TS1206: Decorators are not valid here.
backend/src/modules/tournaments/tournaments.controller.ts(106,5): error TS1206: Decorators are not valid here.
backend/src/modules/tournaments/tournaments.service.ts(8,31): error TS2307: Cannot find module '@/prisma/prisma.service' or its corresponding type declarations.
backend/src/modules/tournaments/tournaments.service.ts(9,10): error TS2305: Module '"@prisma/client"' has no exported member 'Tournament'.
backend/src/modules/tournaments/tournaments.service.ts(9,22): error TS2305: Module '"@prisma/client"' has no exported member 'ActivityType'.
backend/src/modules/tournaments/tournaments.service.ts(74,24): error TS2694: Namespace '"/home/user/studio/node_modules/.prisma/client/default".Prisma' has no exported member 'TournamentUpdateInput'.
backend/src/modules/tournaments/tournaments.service.ts(141,25): error TS2694: Namespace '"/home/user/studio/node_modules/.prisma/client/default".Prisma' has no exported member 'TournamentWhereInput'.
backend/src/modules/training-proposals/dto/create-training-proposal.dto.ts(5,4): error TS1240: Unable to resolve signature of property decorator when called as an expression.
  Argument of type 'ClassFieldDecoratorContext<CreateTrainingProposalDto, string> & { name: "toId"; private: false; static: false; }' is not assignable to parameter of type 'string | symbol'.
backend/src/modules/training-proposals/dto/create-training-proposal.dto.ts(6,4): error TS1240: Unable to resolve signature of property decorator when called as an expression.
  Argument of type 'ClassFieldDecoratorContext<CreateTrainingProposalDto, string> & { name: "toId"; private: false; static: false; }' is not assignable to parameter of type 'string | symbol'.
backend/src/modules/training-proposals/dto/create-training-proposal.dto.ts(9,4): error TS1240: Unable to resolve signature of property decorator when called as an expression.
  Argument of type 'ClassFieldDecoratorContext<CreateTrainingProposalDto, string> & { name: "sport"; private: false; static: false; }' is not assignable to parameter of type 'string | symbol'.
backend/src/modules/training-proposals/dto/create-training-proposal.dto.ts(10,4): error TS1240: Unable to resolve signature of property decorator when called as an expression.
  Argument of type 'ClassFieldDecoratorContext<CreateTrainingProposalDto, string> & { name: "sport"; private: false; static: false; }' is not assignable to parameter of type 'string | symbol'.
backend/src/modules/training-proposals/dto/create-training-proposal.dto.ts(13,4): error TS1240: Unable to resolve signature of property decorator when called as an expression.
  Argument of type 'ClassFieldDecoratorContext<CreateTrainingProposalDto, Date> & { name: "date"; private: false; static: false; }' is not assignable to parameter of type 'string | symbol'.
backend/src/modules/training-proposals/dto/create-training-proposal.dto.ts(14,4): error TS1240: Unable to resolve signature of property decorator when called as an expression.
  Argument of type 'ClassFieldDecoratorContext<CreateTrainingProposalDto, Date> & { name: "date"; private: false; static: false; }' is not assignable to parameter of type 'string | symbol'.
backend/src/modules/training-proposals/dto/create-training-proposal.dto.ts(17,4): error TS1240: Unable to resolve signature of property decorator when called as an expression.
  Argument of type 'ClassFieldDecoratorContext<CreateTrainingProposalDto, string> & { name: "programId"; private: false; static: false; }' is not assignable to parameter of type 'string | symbol'.
backend/src/modules/training-proposals/dto/create-training-proposal.dto.ts(18,4): error TS1240: Unable to resolve signature of property decorator when called as an expression.
  Argument of type 'ClassFieldDecoratorContext<CreateTrainingProposalDto, string> & { name: "programId"; private: false; static: false; }' is not assignable to parameter of type 'string | symbol'.
backend/src/modules/training-proposals/dto/create-training-proposal.dto.ts(21,4): error TS1240: Unable to resolve signature of property decorator when called as an expression.
  Argument of type 'ClassFieldDecoratorContext<CreateTrainingProposalDto, string> & { name: "comment"; private: false; static: false; }' is not assignable to parameter of type 'string | symbol'.
backend/src/modules/training-proposals/dto/create-training-proposal.dto.ts(22,4): error TS1240: Unable to resolve signature of property decorator when called as an expression.
  Argument of type 'ClassFieldDecoratorContext<CreateTrainingProposalDto, string> & { name: "comment"; private: false; static: false; }' is not assignable to parameter of type 'string | symbol'.
backend/src/modules/training-proposals/dto/update-training-proposal.dto.ts(4,4): error TS1240: Unable to resolve signature of property decorator when called as an expression.
  Argument of type 'ClassFieldDecoratorContext<UpdateTrainingProposalDto, "ACCEPTED" | "DECLINED"> & { name: "status"; private: false; static: false; }' is not assignable to parameter of type 'string | symbol'.
backend/src/modules/training-proposals/dto/update-training-proposal.dto.ts(5,4): error TS1240: Unable to resolve signature of property decorator when called as an expression.
  Argument of type 'ClassFieldDecoratorContext<UpdateTrainingProposalDto, "ACCEPTED" | "DECLINED"> & { name: "status"; private: false; static: false; }' is not assignable to parameter of type 'string | symbol'.
backend/src/modules/training-proposals/training-proposals.controller.ts(27,3): error TS1241: Unable to resolve signature of method decorator when called as an expression.
  The runtime will invoke the decorator with 2 arguments, but the decorator expects 3.
backend/src/modules/training-proposals/training-proposals.controller.ts(27,4): error TS1270: Decorator function return type 'void | TypedPropertyDescriptor<unknown>' is not assignable to type 'void | ((req: Request<ParamsDictionary, any, any, ParsedQs, Record<string, any>>, createDto: CreateTrainingProposalDto) => Promise<...>)'.
  Type 'TypedPropertyDescriptor<unknown>' is not assignable to type 'void | ((req: Request<ParamsDictionary, any, any, ParsedQs, Record<string, any>>, createDto: CreateTrainingProposalDto) => Promise<...>)'.
backend/src/modules/training-proposals/training-proposals.controller.ts(28,3): error TS1241: Unable to resolve signature of method decorator when called as an expression.
  The runtime will invoke the decorator with 2 arguments, but the decorator expects 3.
backend/src/modules/training-proposals/training-proposals.controller.ts(28,4): error TS1270: Decorator function return type 'void | TypedPropertyDescriptor<unknown>' is not assignable to type 'void | ((req: Request<ParamsDictionary, any, any, ParsedQs, Record<string, any>>, createDto: CreateTrainingProposalDto) => Promise<...>)'.
  Type 'TypedPropertyDescriptor<unknown>' is not assignable to type 'void | ((req: Request<ParamsDictionary, any, any, ParsedQs, Record<string, any>>, createDto: CreateTrainingProposalDto) => Promise<...>)'.
backend/src/modules/training-proposals/training-proposals.controller.ts(29,10): error TS1206: Decorators are not valid here.
backend/src/modules/training-proposals/training-proposals.controller.ts(29,31): error TS1206: Decorators are not valid here.
backend/src/modules/training-proposals/training-proposals.controller.ts(34,3): error TS1241: Unable to resolve signature of method decorator when called as an expression.
  The runtime will invoke the decorator with 2 arguments, but the decorator expects 3.
backend/src/modules/training-proposals/training-proposals.controller.ts(34,4): error TS1270: Decorator function return type 'void | TypedPropertyDescriptor<unknown>' is not assignable to type 'void | ((req: Request<ParamsDictionary, any, any, ParsedQs, Record<string, any>>) => Promise<any>)'.
  Type 'TypedPropertyDescriptor<unknown>' is not assignable to type 'void | ((req: Request<ParamsDictionary, any, any, ParsedQs, Record<string, any>>) => Promise<any>)'.
backend/src/modules/training-proposals/training-proposals.controller.ts(35,3): error TS1241: Unable to resolve signature of method decorator when called as an expression.
  The runtime will invoke the decorator with 2 arguments, but the decorator expects 3.
backend/src/modules/training-proposals/training-proposals.controller.ts(35,4): error TS1270: Decorator function return type 'void | TypedPropertyDescriptor<unknown>' is not assignable to type 'void | ((req: Request<ParamsDictionary, any, any, ParsedQs, Record<string, any>>) => Promise<any>)'.
  Type 'TypedPropertyDescriptor<unknown>' is not assignable to type 'void | ((req: Request<ParamsDictionary, any, any, ParsedQs, Record<string, any>>) => Promise<any>)'.
backend/src/modules/training-proposals/training-proposals.controller.ts(38,11): error TS1206: Decorators are not valid here.
backend/src/modules/training-proposals/training-proposals.controller.ts(43,3): error TS1241: Unable to resolve signature of method decorator when called as an expression.
  The runtime will invoke the decorator with 2 arguments, but the decorator expects 3.
backend/src/modules/training-proposals/training-proposals.controller.ts(43,4): error TS1270: Decorator function return type 'void | TypedPropertyDescriptor<unknown>' is not assignable to type 'void | ((req: Request<ParamsDictionary, any, any, ParsedQs, Record<string, any>>, id: string, updateDto: UpdateTrainingProposalDto) => Promise<...>)'.
  Type 'TypedPropertyDescriptor<unknown>' is not assignable to type 'void | ((req: Request<ParamsDictionary, any, any, ParsedQs, Record<string, any>>, id: string, updateDto: UpdateTrainingProposalDto) => Promise<...>)'.
backend/src/modules/training-proposals/training-proposals.controller.ts(44,3): error TS1241: Unable to resolve signature of method decorator when called as an expression.
  The runtime will invoke the decorator with 2 arguments, but the decorator expects 3.
backend/src/modules/training-proposals/training-proposals.controller.ts(44,4): error TS1270: Decorator function return type 'void | TypedPropertyDescriptor<unknown>' is not assignable to type 'void | ((req: Request<ParamsDictionary, any, any, ParsedQs, Record<string, any>>, id: string, updateDto: UpdateTrainingProposalDto) => Promise<...>)'.
  Type 'TypedPropertyDescriptor<unknown>' is not assignable to type 'void | ((req: Request<ParamsDictionary, any, any, ParsedQs, Record<string, any>>, id: string, updateDto: UpdateTrainingProposalDto) => Promise<...>)'.
backend/src/modules/training-proposals/training-proposals.controller.ts(46,5): error TS1206: Decorators are not valid here.
backend/src/modules/training-proposals/training-proposals.controller.ts(47,5): error TS1206: Decorators are not valid here.
backend/src/modules/training-proposals/training-proposals.controller.ts(48,5): error TS1206: Decorators are not valid here.
backend/src/modules/training-proposals/training-proposals.service.ts(6,31): error TS2307: Cannot find module '@/prisma/prisma.service' or its corresponding type declarations.
backend/src/modules/training/dto/assign-program.dto.ts(5,4): error TS1240: Unable to resolve signature of property decorator when called as an expression.
  Argument of type 'ClassFieldDecoratorContext<AssignProgramDto, string> & { name: "programId"; private: false; static: false; }' is not assignable to parameter of type 'string | symbol'.
backend/src/modules/training/dto/assign-program.dto.ts(6,4): error TS1240: Unable to resolve signature of property decorator when called as an expression.
  Argument of type 'ClassFieldDecoratorContext<AssignProgramDto, string> & { name: "programId"; private: false; static: false; }' is not assignable to parameter of type 'string | symbol'.
backend/src/modules/training/dto/assign-program.dto.ts(7,4): error TS1240: Unable to resolve signature of property decorator when called as an expression.
  Argument of type 'ClassFieldDecoratorContext<AssignProgramDto, string> & { name: "programId"; private: false; static: false; }' is not assignable to parameter of type 'string | symbol'.
backend/src/modules/training/dto/assign-program.dto.ts(10,4): error TS1240: Unable to resolve signature of property decorator when called as an expression.
  Argument of type 'ClassFieldDecoratorContext<AssignProgramDto, string[]> & { name: "playerIds"; private: false; static: false; }' is not assignable to parameter of type 'string | symbol'.
backend/src/modules/training/dto/assign-program.dto.ts(11,4): error TS1240: Unable to resolve signature of property decorator when called as an expression.
  Argument of type 'ClassFieldDecoratorContext<AssignProgramDto, string[]> & { name: "playerIds"; private: false; static: false; }' is not assignable to parameter of type 'string | symbol'.
backend/src/modules/training/dto/assign-program.dto.ts(12,4): error TS1240: Unable to resolve signature of property decorator when called as an expression.
  Argument of type 'ClassFieldDecoratorContext<AssignProgramDto, string[]> & { name: "playerIds"; private: false; static: false; }' is not assignable to parameter of type 'string | symbol'.
backend/src/modules/training/dto/program.dto.ts(14,4): error TS1240: Unable to resolve signature of property decorator when called as an expression.
  Argument of type 'ClassFieldDecoratorContext<ExerciseDetailDto, string> & { name: "name"; private: false; static: false; }' is not assignable to parameter of type 'string | symbol'.
backend/src/modules/training/dto/program.dto.ts(17,4): error TS1240: Unable to resolve signature of property decorator when called as an expression.
  Argument of type 'ClassFieldDecoratorContext<ExerciseDetailDto, string> & { name: "sets"; private: false; static: false; }' is not assignable to parameter of type 'string | symbol'.
backend/src/modules/training/dto/program.dto.ts(20,4): error TS1240: Unable to resolve signature of property decorator when called as an expression.
  Argument of type 'ClassFieldDecoratorContext<ExerciseDetailDto, string> & { name: "reps"; private: false; static: false; }' is not assignable to parameter of type 'string | symbol'.
backend/src/modules/training/dto/program.dto.ts(23,4): error TS1240: Unable to resolve signature of property decorator when called as an expression.
  Argument of type 'ClassFieldDecoratorContext<ExerciseDetailDto, string> & { name: "plannedWeight"; private: false; static: false; }' is not assignable to parameter of type 'string | symbol'.
backend/src/modules/training/dto/program.dto.ts(24,4): error TS1240: Unable to resolve signature of property decorator when called as an expression.
  Argument of type 'ClassFieldDecoratorContext<ExerciseDetailDto, string> & { name: "plannedWeight"; private: false; static: false; }' is not assignable to parameter of type 'string | symbol'.
backend/src/modules/training/dto/program.dto.ts(27,4): error TS1240: Unable to resolve signature of property decorator when called as an expression.
  Argument of type 'ClassFieldDecoratorContext<ExerciseDetailDto, boolean> & { name: "isSupersetWithPrevious"; private: false; static: false; }' is not assignable to parameter of type 'string | symbol'.
backend/src/modules/training/dto/program.dto.ts(28,4): error TS1240: Unable to resolve signature of property decorator when called as an expression.
  Argument of type 'ClassFieldDecoratorContext<ExerciseDetailDto, boolean> & { name: "isSupersetWithPrevious"; private: false; static: false; }' is not assignable to parameter of type 'string | symbol'.
backend/src/modules/training/dto/program.dto.ts(31,4): error TS1240: Unable to resolve signature of property decorator when called as an expression.
  Argument of type 'ClassFieldDecoratorContext<ExerciseDetailDto, string> & { name: "technique"; private: false; static: false; }' is not assignable to parameter of type 'string | symbol'.
backend/src/modules/training/dto/program.dto.ts(32,4): error TS1240: Unable to resolve signature of property decorator when called as an expression.
  Argument of type 'ClassFieldDecoratorContext<ExerciseDetailDto, string> & { name: "technique"; private: false; static: false; }' is not assignable to parameter of type 'string | symbol'.
backend/src/modules/training/dto/program.dto.ts(37,4): error TS1240: Unable to resolve signature of property decorator when called as an expression.
  Argument of type 'ClassFieldDecoratorContext<WorkoutDayDto, number> & { name: "day"; private: false; static: false; }' is not assignable to parameter of type 'string | symbol'.
backend/src/modules/training/dto/program.dto.ts(40,4): error TS1240: Unable to resolve signature of property decorator when called as an expression.
  Argument of type 'ClassFieldDecoratorContext<WorkoutDayDto, string> & { name: "title"; private: false; static: false; }' is not assignable to parameter of type 'string | symbol'.
backend/src/modules/training/dto/program.dto.ts(43,4): error TS1240: Unable to resolve signature of property decorator when called as an expression.
  Argument of type 'ClassFieldDecoratorContext<WorkoutDayDto, ExerciseDetailDto[]> & { name: "exercises"; private: false; static: false; }' is not assignable to parameter of type 'string | symbol'.
backend/src/modules/training/dto/program.dto.ts(44,4): error TS1240: Unable to resolve signature of property decorator when called as an expression.
  Argument of type 'ClassFieldDecoratorContext<WorkoutDayDto, ExerciseDetailDto[]> & { name: "exercises"; private: false; static: false; }' is not assignable to parameter of type 'string | symbol'.
backend/src/modules/training/dto/program.dto.ts(45,4): error TS1240: Unable to resolve signature of property decorator when called as an expression.
  Argument of type 'ClassFieldDecoratorContext<WorkoutDayDto, ExerciseDetailDto[]> & { name: "exercises"; private: false; static: false; }' is not assignable to parameter of type 'string | symbol'.
backend/src/modules/training/dto/program.dto.ts(50,4): error TS1240: Unable to resolve signature of property decorator when called as an expression.
  Argument of type 'ClassFieldDecoratorContext<CreateProgramData, string> & { name: "name"; private: false; static: false; }' is not assignable to parameter of type 'string | symbol'.
backend/src/modules/training/dto/program.dto.ts(51,4): error TS1240: Unable to resolve signature of property decorator when called as an expression.
  Argument of type 'ClassFieldDecoratorContext<CreateProgramData, string> & { name: "name"; private: false; static: false; }' is not assignable to parameter of type 'string | symbol'.
backend/src/modules/training/dto/program.dto.ts(54,4): error TS1240: Unable to resolve signature of property decorator when called as an expression.
  Argument of type 'ClassFieldDecoratorContext<CreateProgramData, string> & { name: "description"; private: false; static: false; }' is not assignable to parameter of type 'string | symbol'.
backend/src/modules/training/dto/program.dto.ts(55,4): error TS1240: Unable to resolve signature of property decorator when called as an expression.
  Argument of type 'ClassFieldDecoratorContext<CreateProgramData, string> & { name: "description"; private: false; static: false; }' is not assignable to parameter of type 'string | symbol'.
backend/src/modules/training/dto/program.dto.ts(58,4): error TS1240: Unable to resolve signature of property decorator when called as an expression.
  Argument of type 'ClassFieldDecoratorContext<CreateProgramData, "Набор массы" | "Снижение веса" | "Рельеф" | "Сила"> & { name: "goal"; private: false; static: false; }' is not assignable to parameter of type 'string | symbol'.
backend/src/modules/training/dto/program.dto.ts(61,4): error TS1240: Unable to resolve signature of property decorator when called as an expression.
  Argument of type 'ClassFieldDecoratorContext<CreateProgramData, "Full-body" | "Split" | "Upper/Lower"> & { name: "splitType"; private: false; static: false; }' is not assignable to parameter of type 'string | symbol'.
backend/src/modules/training/dto/program.dto.ts(64,4): error TS1240: Unable to resolve signature of property decorator when called as an expression.
  Argument of type 'ClassFieldDecoratorContext<CreateProgramData, WorkoutDayDto[]> & { name: "weeklySplit"; private: false; static: false; }' is not assignable to parameter of type 'string | symbol'.
backend/src/modules/training/dto/program.dto.ts(65,4): error TS1240: Unable to resolve signature of property decorator when called as an expression.
  Argument of type 'ClassFieldDecoratorContext<CreateProgramData, WorkoutDayDto[]> & { name: "weeklySplit"; private: false; static: false; }' is not assignable to parameter of type 'string | symbol'.
backend/src/modules/training/dto/program.dto.ts(66,4): error TS1240: Unable to resolve signature of property decorator when called as an expression.
  Argument of type 'ClassFieldDecoratorContext<CreateProgramData, WorkoutDayDto[]> & { name: "weeklySplit"; private: false; static: false; }' is not assignable to parameter of type 'string | symbol'.
backend/src/modules/training/training.controller.ts(26,3): error TS1241: Unable to resolve signature of method decorator when called as an expression.
  The runtime will invoke the decorator with 2 arguments, but the decorator expects 3.
backend/src/modules/training/training.controller.ts(26,4): error TS1270: Decorator function return type 'void | TypedPropertyDescriptor<unknown>' is not assignable to type 'void | (() => Promise<TransformedExercise[]>)'.
  Type 'TypedPropertyDescriptor<unknown>' is not assignable to type 'void | (() => Promise<TransformedExercise[]>)'.
backend/src/modules/training/training.controller.ts(27,3): error TS1241: Unable to resolve signature of method decorator when called as an expression.
  The runtime will invoke the decorator with 2 arguments, but the decorator expects 3.
backend/src/modules/training/training.controller.ts(27,4): error TS1270: Decorator function return type 'void | TypedPropertyDescriptor<unknown>' is not assignable to type 'void | (() => Promise<TransformedExercise[]>)'.
  Type 'TypedPropertyDescriptor<unknown>' is not assignable to type 'void | (() => Promise<TransformedExercise[]>)'.
backend/src/modules/training/training.controller.ts(33,3): error TS1241: Unable to resolve signature of method decorator when called as an expression.
  The runtime will invoke the decorator with 2 arguments, but the decorator expects 3.
backend/src/modules/training/training.controller.ts(33,4): error TS1270: Decorator function return type 'void | TypedPropertyDescriptor<unknown>' is not assignable to type 'void | ((id: string) => Promise<TransformedExercise>)'.
  Type 'TypedPropertyDescriptor<unknown>' is not assignable to type 'void | ((id: string) => Promise<TransformedExercise>)'.
backend/src/modules/training/training.controller.ts(34,3): error TS1241: Unable to resolve signature of method decorator when called as an expression.
  The runtime will invoke the decorator with 2 arguments, but the decorator expects 3.
backend/src/modules/training/training.controller.ts(34,4): error TS1270: Decorator function return type 'void | TypedPropertyDescriptor<unknown>' is not assignable to type 'void | ((id: string) => Promise<TransformedExercise>)'.
  Type 'TypedPropertyDescriptor<unknown>' is not assignable to type 'void | ((id: string) => Promise<TransformedExercise>)'.
backend/src/modules/training/training.controller.ts(35,19): error TS1206: Decorators are not valid here.
backend/src/modules/training/training.controller.ts(40,3): error TS1241: Unable to resolve signature of method decorator when called as an expression.
  The runtime will invoke the decorator with 2 arguments, but the decorator expects 3.
backend/src/modules/training/training.controller.ts(40,4): error TS1270: Decorator function return type 'void | TypedPropertyDescriptor<unknown>' is not assignable to type 'void | (() => Promise<any>)'.
  Type 'TypedPropertyDescriptor<unknown>' is not assignable to type 'void | (() => Promise<any>)'.
backend/src/modules/training/training.controller.ts(41,3): error TS1241: Unable to resolve signature of method decorator when called as an expression.
  The runtime will invoke the decorator with 2 arguments, but the decorator expects 3.
backend/src/modules/training/training.controller.ts(41,4): error TS1270: Decorator function return type 'void | TypedPropertyDescriptor<unknown>' is not assignable to type 'void | (() => Promise<any>)'.
  Type 'TypedPropertyDescriptor<unknown>' is not assignable to type 'void | (() => Promise<any>)'.
backend/src/modules/training/training.controller.ts(46,3): error TS1241: Unable to resolve signature of method decorator when called as an expression.
  The runtime will invoke the decorator with 2 arguments, but the decorator expects 3.
backend/src/modules/training/training.controller.ts(46,4): error TS1270: Decorator function return type 'void | TypedPropertyDescriptor<unknown>' is not assignable to type 'void | ((createDto: CreateProgramData, req: Request<ParamsDictionary, any, any, ParsedQs, Record<string, any>>) => Promise<...>)'.
  Type 'TypedPropertyDescriptor<unknown>' is not assignable to type 'void | ((createDto: CreateProgramData, req: Request<ParamsDictionary, any, any, ParsedQs, Record<string, any>>) => Promise<...>)'.
backend/src/modules/training/training.controller.ts(49,3): error TS1241: Unable to resolve signature of method decorator when called as an expression.
  The runtime will invoke the decorator with 2 arguments, but the decorator expects 3.
backend/src/modules/training/training.controller.ts(49,4): error TS1270: Decorator function return type 'void | TypedPropertyDescriptor<unknown>' is not assignable to type 'void | ((createDto: CreateProgramData, req: Request<ParamsDictionary, any, any, ParsedQs, Record<string, any>>) => Promise<...>)'.
  Type 'TypedPropertyDescriptor<unknown>' is not assignable to type 'void | ((createDto: CreateProgramData, req: Request<ParamsDictionary, any, any, ParsedQs, Record<string, any>>) => Promise<...>)'.
backend/src/modules/training/training.controller.ts(50,17): error TS1206: Decorators are not valid here.
backend/src/modules/training/training.controller.ts(50,55): error TS1206: Decorators are not valid here.
backend/src/modules/training/training.controller.ts(55,3): error TS1241: Unable to resolve signature of method decorator when called as an expression.
  The runtime will invoke the decorator with 2 arguments, but the decorator expects 3.
backend/src/modules/training/training.controller.ts(55,4): error TS1270: Decorator function return type 'void | TypedPropertyDescriptor<unknown>' is not assignable to type 'void | ((id: string, updateDto: UpdateProgramData) => Promise<TrainingProgram>)'.
  Type 'TypedPropertyDescriptor<unknown>' is not assignable to type 'void | ((id: string, updateDto: UpdateProgramData) => Promise<TrainingProgram>)'.
backend/src/modules/training/training.controller.ts(58,3): error TS1241: Unable to resolve signature of method decorator when called as an expression.
  The runtime will invoke the decorator with 2 arguments, but the decorator expects 3.
backend/src/modules/training/training.controller.ts(58,4): error TS1270: Decorator function return type 'void | TypedPropertyDescriptor<unknown>' is not assignable to type 'void | ((id: string, updateDto: UpdateProgramData) => Promise<TrainingProgram>)'.
  Type 'TypedPropertyDescriptor<unknown>' is not assignable to type 'void | ((id: string, updateDto: UpdateProgramData) => Promise<TrainingProgram>)'.
backend/src/modules/training/training.controller.ts(59,17): error TS1206: Decorators are not valid here.
backend/src/modules/training/training.controller.ts(59,42): error TS1206: Decorators are not valid here.
backend/src/modules/training/training.controller.ts(64,3): error TS1241: Unable to resolve signature of method decorator when called as an expression.
  The runtime will invoke the decorator with 2 arguments, but the decorator expects 3.
backend/src/modules/training/training.controller.ts(64,4): error TS1270: Decorator function return type 'void | TypedPropertyDescriptor<unknown>' is not assignable to type 'void | ((id: string) => Promise<TrainingProgram>)'.
  Type 'TypedPropertyDescriptor<unknown>' is not assignable to type 'void | ((id: string) => Promise<TrainingProgram>)'.
backend/src/modules/training/training.controller.ts(67,3): error TS1241: Unable to resolve signature of method decorator when called as an expression.
  The runtime will invoke the decorator with 2 arguments, but the decorator expects 3.
backend/src/modules/training/training.controller.ts(67,4): error TS1270: Decorator function return type 'void | TypedPropertyDescriptor<unknown>' is not assignable to type 'void | ((id: string) => Promise<TrainingProgram>)'.
  Type 'TypedPropertyDescriptor<unknown>' is not assignable to type 'void | ((id: string) => Promise<TrainingProgram>)'.
backend/src/modules/training/training.controller.ts(68,17): error TS1206: Decorators are not valid here.
backend/src/modules/training/training.controller.ts(75,3): error TS1241: Unable to resolve signature of method decorator when called as an expression.
  The runtime will invoke the decorator with 2 arguments, but the decorator expects 3.
backend/src/modules/training/training.controller.ts(75,4): error TS1270: Decorator function return type 'void | TypedPropertyDescriptor<unknown>' is not assignable to type 'void | ((req: Request<ParamsDictionary, any, any, ParsedQs, Record<string, any>>) => Promise<any>)'.
  Type 'TypedPropertyDescriptor<unknown>' is not assignable to type 'void | ((req: Request<ParamsDictionary, any, any, ParsedQs, Record<string, any>>) => Promise<any>)'.
backend/src/modules/training/training.controller.ts(76,3): error TS1241: Unable to resolve signature of method decorator when called as an expression.
  The runtime will invoke the decorator with 2 arguments, but the decorator expects 3.
backend/src/modules/training/training.controller.ts(76,4): error TS1270: Decorator function return type 'void | TypedPropertyDescriptor<unknown>' is not assignable to type 'void | ((req: Request<ParamsDictionary, any, any, ParsedQs, Record<string, any>>) => Promise<any>)'.
  Type 'TypedPropertyDescriptor<unknown>' is not assignable to type 'void | ((req: Request<ParamsDictionary, any, any, ParsedQs, Record<string, any>>) => Promise<any>)'.
backend/src/modules/training/training.controller.ts(79,18): error TS1206: Decorators are not valid here.
backend/src/modules/training/training.controller.ts(84,3): error TS1241: Unable to resolve signature of method decorator when called as an expression.
  The runtime will invoke the decorator with 2 arguments, but the decorator expects 3.
backend/src/modules/training/training.controller.ts(84,4): error TS1270: Decorator function return type 'void | TypedPropertyDescriptor<unknown>' is not assignable to type 'void | ((assignProgramDto: AssignProgramDto) => Promise<{ success: boolean; message: string; }>)'.
  Type 'TypedPropertyDescriptor<unknown>' is not assignable to type 'void | ((assignProgramDto: AssignProgramDto) => Promise<{ success: boolean; message: string; }>)'.
backend/src/modules/training/training.controller.ts(87,3): error TS1241: Unable to resolve signature of method decorator when called as an expression.
  The runtime will invoke the decorator with 2 arguments, but the decorator expects 3.
backend/src/modules/training/training.controller.ts(87,4): error TS1270: Decorator function return type 'void | TypedPropertyDescriptor<unknown>' is not assignable to type 'void | ((assignProgramDto: AssignProgramDto) => Promise<{ success: boolean; message: string; }>)'.
  Type 'TypedPropertyDescriptor<unknown>' is not assignable to type 'void | ((assignProgramDto: AssignProgramDto) => Promise<{ success: boolean; message: string; }>)'.
backend/src/modules/training/training.controller.ts(88,17): error TS1206: Decorators are not valid here.
backend/src/modules/training/training.service.ts(7,31): error TS2307: Cannot find module '@/prisma/prisma.service' or its corresponding type declarations.
backend/src/modules/training/training.service.ts(10,15): error TS2305: Module '"@prisma/client"' has no exported member 'Exercise'.
backend/src/modules/training/training.service.ts(10,25): error TS2305: Module '"@prisma/client"' has no exported member 'TrainingProgram'.
backend/src/modules/users/dto/create-user.dto.ts(4,4): error TS1240: Unable to resolve signature of property decorator when called as an expression.
  Argument of type 'ClassFieldDecoratorContext<CreateUserDto, string> & { name: "name"; private: false; static: false; }' is not assignable to parameter of type 'string | symbol'.
backend/src/modules/users/dto/create-user.dto.ts(7,4): error TS1240: Unable to resolve signature of property decorator when called as an expression.
  Argument of type 'ClassFieldDecoratorContext<CreateUserDto, string> & { name: "email"; private: false; static: false; }' is not assignable to parameter of type 'string | symbol'.
backend/src/modules/users/dto/create-user.dto.ts(13,4): error TS1240: Unable to resolve signature of property decorator when called as an expression.
  Argument of type 'ClassFieldDecoratorContext<CreateUserDto, string> & { name: "role"; private: false; static: false; }' is not assignable to parameter of type 'string | symbol'.
backend/src/modules/users/dto/create-user.dto.ts(16,4): error TS1240: Unable to resolve signature of property decorator when called as an expression.
  Argument of type 'ClassFieldDecoratorContext<CreateUserDto, string> & { name: "password"; private: false; static: false; }' is not assignable to parameter of type 'string | symbol'.
backend/src/modules/users/dto/player-stats.dto.ts(4,4): error TS1240: Unable to resolve signature of property decorator when called as an expression.
  Argument of type 'ClassFieldDecoratorContext<WinLossDataDto, number> & { name: "wins"; private: false; static: false; }' is not assignable to parameter of type 'string | symbol'.
backend/src/modules/users/dto/player-stats.dto.ts(6,4): error TS1240: Unable to resolve signature of property decorator when called as an expression.
  Argument of type 'ClassFieldDecoratorContext<WinLossDataDto, number> & { name: "losses"; private: false; static: false; }' is not assignable to parameter of type 'string | symbol'.
backend/src/modules/users/dto/player-stats.dto.ts(11,4): error TS1240: Unable to resolve signature of property decorator when called as an expression.
  Argument of type 'ClassFieldDecoratorContext<KdaDataDto, string> & { name: "month"; private: false; static: false; }' is not assignable to parameter of type 'string | symbol'.
backend/src/modules/users/dto/player-stats.dto.ts(13,4): error TS1240: Unable to resolve signature of property decorator when called as an expression.
  Argument of type 'ClassFieldDecoratorContext<KdaDataDto, number> & { name: "kda"; private: false; static: false; }' is not assignable to parameter of type 'string | symbol'.
backend/src/modules/users/dto/player-stats.dto.ts(18,4): error TS1240: Unable to resolve signature of property decorator when called as an expression.
  Argument of type 'ClassFieldDecoratorContext<WinrateByMapDataDto, string> & { name: "map"; private: false; static: false; }' is not assignable to parameter of type 'string | symbol'.
backend/src/modules/users/dto/player-stats.dto.ts(20,4): error TS1240: Unable to resolve signature of property decorator when called as an expression.
  Argument of type 'ClassFieldDecoratorContext<WinrateByMapDataDto, number> & { name: "winrate"; private: false; static: false; }' is not assignable to parameter of type 'string | symbol'.
backend/src/modules/users/dto/player-stats.dto.ts(25,4): error TS1240: Unable to resolve signature of property decorator when called as an expression.
  Argument of type 'ClassFieldDecoratorContext<PlayerStatsSummaryDto, number> & { name: "matches"; private: false; static: false; }' is not assignable to parameter of type 'string | symbol'.
backend/src/modules/users/dto/player-stats.dto.ts(27,4): error TS1240: Unable to resolve signature of property decorator when called as an expression.
  Argument of type 'ClassFieldDecoratorContext<PlayerStatsSummaryDto, number> & { name: "winrate"; private: false; static: false; }' is not assignable to parameter of type 'string | symbol'.
backend/src/modules/users/dto/player-stats.dto.ts(29,4): error TS1240: Unable to resolve signature of property decorator when called as an expression.
  Argument of type 'ClassFieldDecoratorContext<PlayerStatsSummaryDto, number> & { name: "winStreak"; private: false; static: false; }' is not assignable to parameter of type 'string | symbol'.
backend/src/modules/users/dto/player-stats.dto.ts(31,4): error TS1240: Unable to resolve signature of property decorator when called as an expression.
  Argument of type 'ClassFieldDecoratorContext<PlayerStatsSummaryDto, number> & { name: "kda"; private: false; static: false; }' is not assignable to parameter of type 'string | symbol'.
backend/src/modules/users/dto/player-stats.dto.ts(36,4): error TS1240: Unable to resolve signature of property decorator when called as an expression.
  Argument of type 'ClassFieldDecoratorContext<PlayerStatsDto, WinLossDataDto> & { name: "winLossData"; private: false; static: false; }' is not assignable to parameter of type 'string | symbol'.
backend/src/modules/users/dto/player-stats.dto.ts(39,4): error TS1240: Unable to resolve signature of property decorator when called as an expression.
  Argument of type 'ClassFieldDecoratorContext<PlayerStatsDto, KdaDataDto[]> & { name: "kdaByMonthData"; private: false; static: false; }' is not assignable to parameter of type 'string | symbol'.
backend/src/modules/users/dto/player-stats.dto.ts(42,4): error TS1240: Unable to resolve signature of property decorator when called as an expression.
  Argument of type 'ClassFieldDecoratorContext<PlayerStatsDto, WinrateByMapDataDto[]> & { name: "winrateByMapData"; private: false; static: false; }' is not assignable to parameter of type 'string | symbol'.
backend/src/modules/users/dto/player-stats.dto.ts(45,4): error TS1240: Unable to resolve signature of property decorator when called as an expression.
  Argument of type 'ClassFieldDecoratorContext<PlayerStatsDto, PlayerStatsSummaryDto> & { name: "summary"; private: false; static: false; }' is not assignable to parameter of type 'string | symbol'.
backend/src/modules/users/users.controller.ts(17,10): error TS2305: Module '"@prisma/client"' has no exported member 'Role'.
backend/src/modules/users/users.controller.ts(25,3): error TS1241: Unable to resolve signature of method decorator when called as an expression.
  The runtime will invoke the decorator with 2 arguments, but the decorator expects 3.
backend/src/modules/users/users.controller.ts(25,4): error TS1270: Decorator function return type 'void | TypedPropertyDescriptor<unknown>' is not assignable to type 'void | ((createUserDto: CreateUserDto) => Promise<User>)'.
  Type 'TypedPropertyDescriptor<unknown>' is not assignable to type 'void | ((createUserDto: CreateUserDto) => Promise<User>)'.
backend/src/modules/users/users.controller.ts(26,3): error TS1241: Unable to resolve signature of method decorator when called as an expression.
  The runtime will invoke the decorator with 2 arguments, but the decorator expects 3.
backend/src/modules/users/users.controller.ts(26,4): error TS1270: Decorator function return type 'void | TypedPropertyDescriptor<unknown>' is not assignable to type 'void | ((createUserDto: CreateUserDto) => Promise<User>)'.
  Type 'TypedPropertyDescriptor<unknown>' is not assignable to type 'void | ((createUserDto: CreateUserDto) => Promise<User>)'.
backend/src/modules/users/users.controller.ts(27,3): error TS1241: Unable to resolve signature of method decorator when called as an expression.
  The runtime will invoke the decorator with 2 arguments, but the decorator expects 3.
backend/src/modules/users/users.controller.ts(27,4): error TS1270: Decorator function return type 'void | TypedPropertyDescriptor<unknown>' is not assignable to type 'void | ((createUserDto: CreateUserDto) => Promise<User>)'.
  Type 'TypedPropertyDescriptor<unknown>' is not assignable to type 'void | ((createUserDto: CreateUserDto) => Promise<User>)'.
backend/src/modules/users/users.controller.ts(37,10): error TS1206: Decorators are not valid here.
backend/src/modules/users/users.controller.ts(42,3): error TS1241: Unable to resolve signature of method decorator when called as an expression.
  The runtime will invoke the decorator with 2 arguments, but the decorator expects 3.
backend/src/modules/users/users.controller.ts(42,4): error TS1270: Decorator function return type 'void | TypedPropertyDescriptor<unknown>' is not assignable to type 'void | (() => Promise<LeaderboardPlayerDto[]>)'.
  Type 'TypedPropertyDescriptor<unknown>' is not assignable to type 'void | (() => Promise<LeaderboardPlayerDto[]>)'.
backend/src/modules/users/users.controller.ts(48,3): error TS1241: Unable to resolve signature of method decorator when called as an expression.
  The runtime will invoke the decorator with 2 arguments, but the decorator expects 3.
backend/src/modules/users/users.controller.ts(48,4): error TS1270: Decorator function return type 'void | TypedPropertyDescriptor<unknown>' is not assignable to type 'void | ((id: string) => Promise<PlayerStatsDto>)'.
  Type 'TypedPropertyDescriptor<unknown>' is not assignable to type 'void | ((id: string) => Promise<PlayerStatsDto>)'.
backend/src/modules/users/users.controller.ts(54,12): error TS1206: Decorators are not valid here.
backend/src/modules/users/users.controller.ts(59,3): error TS1241: Unable to resolve signature of method decorator when called as an expression.
  The runtime will invoke the decorator with 2 arguments, but the decorator expects 3.
backend/src/modules/users/users.controller.ts(59,4): error TS1270: Decorator function return type 'void | TypedPropertyDescriptor<unknown>' is not assignable to type 'void | ((role?: string) => Promise<User[]>)'.
  Type 'TypedPropertyDescriptor<unknown>' is not assignable to type 'void | ((role?: string) => Promise<User[]>)'.
backend/src/modules/users/users.controller.ts(66,11): error TS1206: Decorators are not valid here.
backend/src/modules/users/users.controller.ts(71,3): error TS1241: Unable to resolve signature of method decorator when called as an expression.
  The runtime will invoke the decorator with 2 arguments, but the decorator expects 3.
backend/src/modules/users/users.controller.ts(71,4): error TS1270: Decorator function return type 'void | TypedPropertyDescriptor<unknown>' is not assignable to type 'void | ((id: string) => Promise<any>)'.
  Type 'TypedPropertyDescriptor<unknown>' is not assignable to type 'void | ((id: string) => Promise<any>)'.
backend/src/modules/users/users.controller.ts(72,11): error TS1206: Decorators are not valid here.
backend/src/modules/users/users.service.ts(8,31): error TS2307: Cannot find module '@/prisma/prisma.service' or its corresponding type declarations.
backend/src/modules/users/users.service.ts(10,3): error TS2305: Module '"@prisma/client"' has no exported member 'User'.
backend/src/modules/users/users.service.ts(12,3): error TS2305: Module '"@prisma/client"' has no exported member 'TrainingLogStatus'.
backend/src/modules/users/users.service.ts(13,3): error TS2305: Module '"@prisma/client"' has no exported member 'Role'.
backend/src/modules/users/users.service.ts(14,3): error TS2305: Module '"@prisma/client"' has no exported member 'UserStatus'.
backend/src/modules/users/users.service.ts(27,8): error TS2307: Cannot find module '@/entities/user/model/types' or its corresponding type declarations.
backend/src/modules/users/users.service.ts(39,5): error TS1206: Decorators are not valid here.
backend/src/modules/users/users.service.ts(72,25): error TS2694: Namespace '"/home/user/studio/node_modules/.prisma/client/default".Prisma' has no exported member 'UserWhereInput'.
backend/src/modules/websockets/events.gateway.ts(24,4): error TS1240: Unable to resolve signature of property decorator when called as an expression.
  Argument of type 'ClassFieldDecoratorContext<EventsGateway, Server<DefaultEventsMap, DefaultEventsMap, DefaultEventsMap, any>> & { ...; }' is not assignable to parameter of type 'string | symbol'.
backend/src/modules/websockets/events.gateway.ts(62,3): error TS1241: Unable to resolve signature of method decorator when called as an expression.
  The runtime will invoke the decorator with 2 arguments, but the decorator expects 3.
backend/src/modules/websockets/events.gateway.ts(62,4): error TS1270: Decorator function return type 'void | TypedPropertyDescriptor<unknown>' is not assignable to type 'void | ((payload: ChatMessagePayload) => Promise<void>)'.
  Type 'TypedPropertyDescriptor<unknown>' is not assignable to type 'void | ((payload: ChatMessagePayload) => Promise<void>)'.
backend/src/modules/websockets/events.gateway.ts(64,5): error TS1206: Decorators are not valid here.
frontend/src/app/(app)/administration/administrator/client.tsx(4,26): error TS2307: Cannot find module '@/shared/ui/skeleton' or its corresponding type declarations.
frontend/src/app/(app)/administration/administrator/client.tsx(5,38): error TS2307: Cannot find module '@/entities/user/model/types' or its corresponding type declarations.
frontend/src/app/(app)/administration/administrator/client.tsx(6,34): error TS2307: Cannot find module '@/entities/achievement/model/types' or its corresponding type declarations.
frontend/src/app/(app)/administration/administrator/client.tsx(10,5): error TS1323: Dynamic imports are only supported when the '--module' flag is set to 'es2020', 'es2022', 'esnext', 'commonjs', 'amd', 'system', 'umd', 'node16', 'node18', or 'nodenext'.
frontend/src/app/(app)/administration/administrator/client.tsx(10,12): error TS2307: Cannot find module '@/entities/user/ui/admin-profile' or its corresponding type declarations.
frontend/src/app/(app)/administration/administrator/client.tsx(13,7): error TS17004: Cannot use JSX unless the '--jsx' flag is provided.
frontend/src/app/(app)/administration/administrator/client.tsx(14,9): error TS17004: Cannot use JSX unless the '--jsx' flag is provided.
frontend/src/app/(app)/administration/administrator/client.tsx(15,9): error TS17004: Cannot use JSX unless the '--jsx' flag is provided.
frontend/src/app/(app)/administration/administrator/client.tsx(16,9): error TS17004: Cannot use JSX unless the '--jsx' flag is provided.
frontend/src/app/(app)/administration/administrator/client.tsx(32,10): error TS17004: Cannot use JSX unless the '--jsx' flag is provided.
frontend/src/app/(app)/administration/administrator/client.tsx(32,24): error TS2322: Type '{ user: FullUserProfile; achievements: Achievement[]; }' is not assignable to type 'IntrinsicAttributes'.
  Property 'user' does not exist on type 'IntrinsicAttributes'.
frontend/src/app/(app)/administration/administrator/page.tsx(1,34): error TS2307: Cannot find module '@/views/admin-profile-demo' or its corresponding type declarations.
frontend/src/app/(app)/administration/coach/client.tsx(4,26): error TS2307: Cannot find module '@/shared/ui/skeleton' or its corresponding type declarations.
frontend/src/app/(app)/administration/coach/client.tsx(5,38): error TS2307: Cannot find module '@/entities/user/model/types' or its corresponding type declarations.
frontend/src/app/(app)/administration/coach/client.tsx(6,34): error TS2307: Cannot find module '@/entities/achievement/model/types' or its corresponding type declarations.
frontend/src/app/(app)/administration/coach/client.tsx(7,36): error TS2307: Cannot find module '@/entities/user/model/types' or its corresponding type declarations.
frontend/src/app/(app)/administration/coach/client.tsx(11,5): error TS1323: Dynamic imports are only supported when the '--module' flag is set to 'es2020', 'es2022', 'esnext', 'commonjs', 'amd', 'system', 'umd', 'node16', 'node18', or 'nodenext'.
frontend/src/app/(app)/administration/coach/client.tsx(11,12): error TS2307: Cannot find module '@/entities/user/ui/coach-profile' or its corresponding type declarations.
frontend/src/app/(app)/administration/coach/client.tsx(14,7): error TS17004: Cannot use JSX unless the '--jsx' flag is provided.
frontend/src/app/(app)/administration/coach/client.tsx(15,9): error TS17004: Cannot use JSX unless the '--jsx' flag is provided.
frontend/src/app/(app)/administration/coach/client.tsx(16,9): error TS17004: Cannot use JSX unless the '--jsx' flag is provided.
frontend/src/app/(app)/administration/coach/client.tsx(17,9): error TS17004: Cannot use JSX unless the '--jsx' flag is provided.
frontend/src/app/(app)/administration/coach/client.tsx(36,5): error TS17004: Cannot use JSX unless the '--jsx' flag is provided.
frontend/src/app/(app)/administration/coach/client.tsx(36,19): error TS2322: Type '{ user: FullUserProfile; achievements: Achievement[]; players: CoachedPlayer[]; }' is not assignable to type 'IntrinsicAttributes'.
  Property 'user' does not exist on type 'IntrinsicAttributes'.
frontend/src/app/(app)/administration/coach/page.tsx(1,34): error TS2307: Cannot find module '@/views/coach-profile-demo' or its corresponding type declarations.
frontend/src/app/(app)/administration/fan/client.tsx(4,26): error TS2307: Cannot find module '@/shared/ui/skeleton' or its corresponding type declarations.
frontend/src/app/(app)/administration/fan/client.tsx(5,27): error TS2307: Cannot find module '@/entities/team/model/types' or its corresponding type declarations.
frontend/src/app/(app)/administration/fan/client.tsx(6,38): error TS2307: Cannot find module '@/entities/user/model/types' or its corresponding type declarations.
frontend/src/app/(app)/administration/fan/client.tsx(7,34): error TS2307: Cannot find module '@/entities/achievement/model/types' or its corresponding type declarations.
frontend/src/app/(app)/administration/fan/client.tsx(10,9): error TS1323: Dynamic imports are only supported when the '--module' flag is set to 'es2020', 'es2022', 'esnext', 'commonjs', 'amd', 'system', 'umd', 'node16', 'node18', or 'nodenext'.
frontend/src/app/(app)/administration/fan/client.tsx(10,16): error TS2307: Cannot find module '@/entities/user/ui/fan-profile' or its corresponding type declarations.
frontend/src/app/(app)/administration/fan/client.tsx(13,7): error TS17004: Cannot use JSX unless the '--jsx' flag is provided.
frontend/src/app/(app)/administration/fan/client.tsx(14,9): error TS17004: Cannot use JSX unless the '--jsx' flag is provided.
frontend/src/app/(app)/administration/fan/client.tsx(15,9): error TS17004: Cannot use JSX unless the '--jsx' flag is provided.
frontend/src/app/(app)/administration/fan/client.tsx(16,9): error TS17004: Cannot use JSX unless the '--jsx' flag is provided.
frontend/src/app/(app)/administration/fan/client.tsx(37,5): error TS17004: Cannot use JSX unless the '--jsx' flag is provided.
frontend/src/app/(app)/administration/fan/client.tsx(38,7): error TS2322: Type '{ user: FullUserProfile; achievements: Achievement[]; favoriteTeams: Team[]; isCurrentUser: boolean; }' is not assignable to type 'IntrinsicAttributes'.
  Property 'user' does not exist on type 'IntrinsicAttributes'.
frontend/src/app/(app)/administration/fan/page.tsx(1,32): error TS2307: Cannot find module '@/views/fan-profile-demo' or its corresponding type declarations.
frontend/src/app/(app)/administration/gamification/page.tsx(1,39): error TS2307: Cannot find module '@/views/gamification-admin' or its corresponding type declarations.
frontend/src/app/(app)/administration/judge/client.tsx(4,26): error TS2307: Cannot find module '@/shared/ui/skeleton' or its corresponding type declarations.
frontend/src/app/(app)/administration/judge/client.tsx(5,38): error TS2307: Cannot find module '@/entities/user/model/types' or its corresponding type declarations.
frontend/src/app/(app)/administration/judge/client.tsx(6,34): error TS2307: Cannot find module '@/entities/achievement/model/types' or its corresponding type declarations.
frontend/src/app/(app)/administration/judge/client.tsx(10,5): error TS1323: Dynamic imports are only supported when the '--module' flag is set to 'es2020', 'es2022', 'esnext', 'commonjs', 'amd', 'system', 'umd', 'node16', 'node18', or 'nodenext'.
frontend/src/app/(app)/administration/judge/client.tsx(10,12): error TS2307: Cannot find module '@/entities/user/ui/judge-profile' or its corresponding type declarations.
frontend/src/app/(app)/administration/judge/client.tsx(13,7): error TS17004: Cannot use JSX unless the '--jsx' flag is provided.
frontend/src/app/(app)/administration/judge/client.tsx(14,9): error TS17004: Cannot use JSX unless the '--jsx' flag is provided.
frontend/src/app/(app)/administration/judge/client.tsx(15,9): error TS17004: Cannot use JSX unless the '--jsx' flag is provided.
frontend/src/app/(app)/administration/judge/client.tsx(16,9): error TS17004: Cannot use JSX unless the '--jsx' flag is provided.
frontend/src/app/(app)/administration/judge/client.tsx(29,10): error TS17004: Cannot use JSX unless the '--jsx' flag is provided.
frontend/src/app/(app)/administration/judge/client.tsx(29,24): error TS2322: Type '{ user: FullUserProfile; achievements: Achievement[]; }' is not assignable to type 'IntrinsicAttributes'.
  Property 'user' does not exist on type 'IntrinsicAttributes'.
frontend/src/app/(app)/administration/judge/page.tsx(1,34): error TS2307: Cannot find module '@/views/judge-profile-demo' or its corresponding type declarations.
frontend/src/app/(app)/administration/manager/client.tsx(4,26): error TS2307: Cannot find module '@/shared/ui/skeleton' or its corresponding type declarations.
frontend/src/app/(app)/administration/manager/client.tsx(5,38): error TS2307: Cannot find module '@/entities/user/model/types' or its corresponding type declarations.
frontend/src/app/(app)/administration/manager/client.tsx(6,34): error TS2307: Cannot find module '@/entities/achievement/model/types' or its corresponding type declarations.
frontend/src/app/(app)/administration/manager/client.tsx(10,5): error TS1323: Dynamic imports are only supported when the '--module' flag is set to 'es2020', 'es2022', 'esnext', 'commonjs', 'amd', 'system', 'umd', 'node16', 'node18', or 'nodenext'.
frontend/src/app/(app)/administration/manager/client.tsx(10,12): error TS2307: Cannot find module '@/entities/user/ui/manager-profile' or its corresponding type declarations.
frontend/src/app/(app)/administration/manager/client.tsx(15,7): error TS17004: Cannot use JSX unless the '--jsx' flag is provided.
frontend/src/app/(app)/administration/manager/client.tsx(16,9): error TS17004: Cannot use JSX unless the '--jsx' flag is provided.
frontend/src/app/(app)/administration/manager/client.tsx(17,9): error TS17004: Cannot use JSX unless the '--jsx' flag is provided.
frontend/src/app/(app)/administration/manager/client.tsx(18,9): error TS17004: Cannot use JSX unless the '--jsx' flag is provided.
frontend/src/app/(app)/administration/manager/client.tsx(34,10): error TS17004: Cannot use JSX unless the '--jsx' flag is provided.
frontend/src/app/(app)/administration/manager/client.tsx(34,26): error TS2322: Type '{ user: FullUserProfile; achievements: Achievement[]; }' is not assignable to type 'IntrinsicAttributes'.
  Property 'user' does not exist on type 'IntrinsicAttributes'.
frontend/src/app/(app)/administration/manager/page.tsx(1,36): error TS2307: Cannot find module '@/views/manager-profile-demo' or its corresponding type declarations.
frontend/src/app/(app)/administration/moderation-queue/page.tsx(1,37): error TS2307: Cannot find module '@/views/moderation-queue' or its corresponding type declarations.
frontend/src/app/(app)/administration/moderator/client.tsx(4,26): error TS2307: Cannot find module '@/shared/ui/skeleton' or its corresponding type declarations.
frontend/src/app/(app)/administration/moderator/client.tsx(5,38): error TS2307: Cannot find module '@/entities/user/model/types' or its corresponding type declarations.
frontend/src/app/(app)/administration/moderator/client.tsx(6,34): error TS2307: Cannot find module '@/entities/achievement/model/types' or its corresponding type declarations.
frontend/src/app/(app)/administration/moderator/client.tsx(10,5): error TS1323: Dynamic imports are only supported when the '--module' flag is set to 'es2020', 'es2022', 'esnext', 'commonjs', 'amd', 'system', 'umd', 'node16', 'node18', or 'nodenext'.
frontend/src/app/(app)/administration/moderator/client.tsx(10,12): error TS2307: Cannot find module '@/entities/user/ui/moderator-profile' or its corresponding type declarations.
frontend/src/app/(app)/administration/moderator/client.tsx(15,7): error TS17004: Cannot use JSX unless the '--jsx' flag is provided.
frontend/src/app/(app)/administration/moderator/client.tsx(16,9): error TS17004: Cannot use JSX unless the '--jsx' flag is provided.
frontend/src/app/(app)/administration/moderator/client.tsx(17,9): error TS17004: Cannot use JSX unless the '--jsx' flag is provided.
frontend/src/app/(app)/administration/moderator/client.tsx(18,9): error TS17004: Cannot use JSX unless the '--jsx' flag is provided.
frontend/src/app/(app)/administration/moderator/client.tsx(34,10): error TS17004: Cannot use JSX unless the '--jsx' flag is provided.
frontend/src/app/(app)/administration/moderator/client.tsx(34,28): error TS2322: Type '{ user: FullUserProfile; achievements: Achievement[]; }' is not assignable to type 'IntrinsicAttributes'.
  Property 'user' does not exist on type 'IntrinsicAttributes'.
frontend/src/app/(app)/administration/moderator/page.tsx(1,38): error TS2307: Cannot find module '@/views/moderator-profile-demo' or its corresponding type declarations.
frontend/src/app/(app)/administration/organizer/client.tsx(4,26): error TS2307: Cannot find module '@/shared/ui/skeleton' or its corresponding type declarations.
frontend/src/app/(app)/administration/organizer/client.tsx(8,8): error TS2307: Cannot find module '@/entities/user/model/types' or its corresponding type declarations.
frontend/src/app/(app)/administration/organizer/client.tsx(9,34): error TS2307: Cannot find module '@/entities/achievement/model/types' or its corresponding type declarations.
frontend/src/app/(app)/administration/organizer/client.tsx(13,5): error TS1323: Dynamic imports are only supported when the '--module' flag is set to 'es2020', 'es2022', 'esnext', 'commonjs', 'amd', 'system', 'umd', 'node16', 'node18', or 'nodenext'.
frontend/src/app/(app)/administration/organizer/client.tsx(13,12): error TS2307: Cannot find module '@/entities/user/ui/organizer-profile' or its corresponding type declarations.
frontend/src/app/(app)/administration/organizer/client.tsx(18,7): error TS17004: Cannot use JSX unless the '--jsx' flag is provided.
frontend/src/app/(app)/administration/organizer/client.tsx(19,9): error TS17004: Cannot use JSX unless the '--jsx' flag is provided.
frontend/src/app/(app)/administration/organizer/client.tsx(20,9): error TS17004: Cannot use JSX unless the '--jsx' flag is provided.
frontend/src/app/(app)/administration/organizer/client.tsx(21,9): error TS17004: Cannot use JSX unless the '--jsx' flag is provided.
frontend/src/app/(app)/administration/organizer/client.tsx(40,5): error TS17004: Cannot use JSX unless the '--jsx' flag is provided.
frontend/src/app/(app)/administration/organizer/client.tsx(41,7): error TS2322: Type '{ user: FullUserProfile; achievements: Achievement[]; tournaments: TournamentCrm[]; }' is not assignable to type 'IntrinsicAttributes'.
  Property 'user' does not exist on type 'IntrinsicAttributes'.
frontend/src/app/(app)/administration/organizer/page.tsx(1,38): error TS2307: Cannot find module '@/views/organizer-profile-demo' or its corresponding type declarations.
frontend/src/app/(app)/administration/page.tsx(1,36): error TS2307: Cannot find module '@/views/admin-dashboard' or its corresponding type declarations.
frontend/src/app/(app)/administration/pd-economy/page.tsx(1,36): error TS2307: Cannot find module '@/views/pd-economy-admin' or its corresponding type declarations.
frontend/src/app/(app)/administration/player/client.tsx(4,26): error TS2307: Cannot find module '@/shared/ui/skeleton' or its corresponding type declarations.
frontend/src/app/(app)/administration/player/client.tsx(11,8): error TS2307: Cannot find module '@/entities/user/model/types' or its corresponding type declarations.
frontend/src/app/(app)/administration/player/client.tsx(12,34): error TS2307: Cannot find module '@/entities/achievement/model/types' or its corresponding type declarations.
frontend/src/app/(app)/administration/player/client.tsx(13,41): error TS2307: Cannot find module '@/widgets/player-activity-feed' or its corresponding type declarations.
frontend/src/app/(app)/administration/player/client.tsx(17,5): error TS1323: Dynamic imports are only supported when the '--module' flag is set to 'es2020', 'es2022', 'esnext', 'commonjs', 'amd', 'system', 'umd', 'node16', 'node18', or 'nodenext'.
frontend/src/app/(app)/administration/player/client.tsx(17,12): error TS2307: Cannot find module '@/entities/player/ui/player-profile' or its corresponding type declarations.
frontend/src/app/(app)/administration/player/client.tsx(22,7): error TS17004: Cannot use JSX unless the '--jsx' flag is provided.
frontend/src/app/(app)/administration/player/client.tsx(23,9): error TS17004: Cannot use JSX unless the '--jsx' flag is provided.
frontend/src/app/(app)/administration/player/client.tsx(24,9): error TS17004: Cannot use JSX unless the '--jsx' flag is provided.
frontend/src/app/(app)/administration/player/client.tsx(25,9): error TS17004: Cannot use JSX unless the '--jsx' flag is provided.
frontend/src/app/(app)/administration/player/client.tsx(54,5): error TS17004: Cannot use JSX unless the '--jsx' flag is provided.
frontend/src/app/(app)/administration/player/client.tsx(55,7): error TS2322: Type '{ user: FullUserProfile; isCurrentUser: boolean; achievements: Achievement[]; teams: UserTeam[]; gallery: GalleryItem[]; careerHistory: CareerHistoryItem[]; playerActivity: PlayerActivityItem[]; stats: any; }' is not assignable to type 'IntrinsicAttributes'.
  Property 'user' does not exist on type 'IntrinsicAttributes'.
frontend/src/app/(app)/administration/player/page.tsx(1,35): error TS2307: Cannot find module '@/views/player-profile-demo' or its corresponding type declarations.
frontend/src/app/(app)/administration/playgrounds/page.tsx(1,38): error TS2307: Cannot find module '@/views/playgrounds-admin' or its corresponding type declarations.
frontend/src/app/(app)/administration/sitemap/page.tsx(1,29): error TS2307: Cannot find module '@/views/sitemap' or its corresponding type declarations.
frontend/src/app/(app)/administration/sponsor/client.tsx(4,26): error TS2307: Cannot find module '@/shared/ui/skeleton' or its corresponding type declarations.
frontend/src/app/(app)/administration/sponsor/client.tsx(5,30): error TS2307: Cannot find module '@/entities/sponsor/model/types' or its corresponding type declarations.
frontend/src/app/(app)/administration/sponsor/client.tsx(6,32): error TS2307: Cannot find module '@/entities/promotion/model/types' or its corresponding type declarations.
frontend/src/app/(app)/administration/sponsor/client.tsx(7,36): error TS2307: Cannot find module '@/entities/sponsorship/model/types' or its corresponding type declarations.
frontend/src/app/(app)/administration/sponsor/client.tsx(11,5): error TS1323: Dynamic imports are only supported when the '--module' flag is set to 'es2020', 'es2022', 'esnext', 'commonjs', 'amd', 'system', 'umd', 'node16', 'node18', or 'nodenext'.
frontend/src/app/(app)/administration/sponsor/client.tsx(11,12): error TS2307: Cannot find module '@/entities/user/ui/sponsor-profile' or its corresponding type declarations.
frontend/src/app/(app)/administration/sponsor/client.tsx(16,7): error TS17004: Cannot use JSX unless the '--jsx' flag is provided.
frontend/src/app/(app)/administration/sponsor/client.tsx(17,9): error TS17004: Cannot use JSX unless the '--jsx' flag is provided.
frontend/src/app/(app)/administration/sponsor/client.tsx(18,9): error TS17004: Cannot use JSX unless the '--jsx' flag is provided.
frontend/src/app/(app)/administration/sponsor/client.tsx(19,9): error TS17004: Cannot use JSX unless the '--jsx' flag is provided.
frontend/src/app/(app)/administration/sponsor/client.tsx(38,5): error TS17004: Cannot use JSX unless the '--jsx' flag is provided.
frontend/src/app/(app)/administration/sponsor/client.tsx(39,7): error TS2322: Type '{ sponsor: Sponsor; activeCampaigns: Promotion[]; sponsoredTeams: SponsoredTeam[]; }' is not assignable to type 'IntrinsicAttributes'.
  Property 'sponsor' does not exist on type 'IntrinsicAttributes'.
frontend/src/app/(app)/administration/sponsor/page.tsx(1,36): error TS2307: Cannot find module '@/views/sponsor-profile-demo' or its corresponding type declarations.
frontend/src/app/(app)/administration/sports/page.tsx(1,33): error TS2307: Cannot find module '@/views/sports-admin' or its corresponding type declarations.
frontend/src/app/(app)/administration/store/page.tsx(1,32): error TS2307: Cannot find module '@/views/store-admin' or its corresponding type declarations.
frontend/src/app/(app)/administration/tournament-crm/[id]/page.tsx(1,42): error TS2307: Cannot find module '@/views/tournament-crm-details' or its corresponding type declarations.
frontend/src/app/(app)/administration/tournament-crm/[id]/page.tsx(8,10): error TS17004: Cannot use JSX unless the '--jsx' flag is provided.
frontend/src/app/(app)/administration/tournament-crm/dashboard/page.tsx(1,40): error TS2307: Cannot find module '@/views/tournament-crm-dashboard' or its corresponding type declarations.
frontend/src/app/(app)/administration/tournament-crm/new/page.tsx(1,41): error TS2307: Cannot find module '@/views/tournament-crm-create' or its corresponding type declarations.
frontend/src/app/(app)/administration/users/page.tsx(1,36): error TS2307: Cannot find module '@/views/user-management' or its corresponding type declarations.
frontend/src/app/(app)/ai-analysis/index.tsx(4,24): error TS2307: Cannot find module '@/shared/ui/button' or its corresponding type declarations.
frontend/src/app/(app)/ai-analysis/index.tsx(11,8): error TS2307: Cannot find module '@/shared/ui/card' or its corresponding type declarations.
frontend/src/app/(app)/ai-analysis/index.tsx(12,26): error TS2307: Cannot find module '@/shared/ui/textarea' or its corresponding type declarations.
frontend/src/app/(app)/ai-analysis/index.tsx(13,23): error TS2307: Cannot find module '@/shared/ui/input' or its corresponding type declarations.
frontend/src/app/(app)/ai-analysis/index.tsx(14,23): error TS2307: Cannot find module '@/shared/ui/label' or its corresponding type declarations.
frontend/src/app/(app)/ai-analysis/index.tsx(28,53): error TS2307: Cannot find module '@/shared/ui/alert' or its corresponding type declarations.
frontend/src/app/(app)/ai-analysis/index.tsx(35,8): error TS2307: Cannot find module '@/shared/ui/select' or its corresponding type declarations.
frontend/src/app/(app)/ai-analysis/index.tsx(36,26): error TS2307: Cannot find module '@/shared/ui/skeleton' or its corresponding type declarations.
frontend/src/app/(app)/ai-analysis/index.tsx(37,23): error TS2307: Cannot find module '@/shared/ui/badge' or its corresponding type declarations.
frontend/src/app/(app)/ai-analysis/index.tsx(38,58): error TS2307: Cannot find module '@/shared/ui/tabs' or its corresponding type declarations.
frontend/src/app/(app)/ai-analysis/index.tsx(44,8): error TS2307: Cannot find module '@/shared/api/genkit/flows/analyze-content-generation' or its corresponding type declarations.
frontend/src/app/(app)/ai-analysis/index.tsx(48,8): error TS2307: Cannot find module '@/shared/api/genkit/flows/generate-content-flow' or its corresponding type declarations.
frontend/src/app/(app)/ai-analysis/index.tsx(52,8): error TS2307: Cannot find module '@/shared/api/genkit/flows/tts-flow' or its corresponding type declarations.
frontend/src/app/(app)/ai-analysis/index.tsx(56,8): error TS2307: Cannot find module '@/shared/api/genkit/flows/dialogue-generation-flow' or its corresponding type declarations.
frontend/src/app/(app)/ai-analysis/index.tsx(60,8): error TS2307: Cannot find module '@/shared/api/genkit/flows/multi-speaker-tts-flow' or its corresponding type declarations.
frontend/src/app/(app)/ai-analysis/index.tsx(64,8): error TS2307: Cannot find module '@/shared/api/genkit/flows/analyze-esports-performance-flow' or its corresponding type declarations.
frontend/src/app/(app)/ai-analysis/index.tsx(68,8): error TS2307: Cannot find module '@/shared/api/genkit/flows/analyze-team-performance-flow' or its corresponding type declarations.
frontend/src/app/(app)/ai-analysis/index.tsx(72,8): error TS2307: Cannot find module '@/shared/api/genkit/flows/analyze-dispute-flow' or its corresponding type declarations.
frontend/src/app/(app)/ai-analysis/index.tsx(73,20): error TS2307: Cannot find module '@/shared/lib/utils' or its corresponding type declarations.
frontend/src/app/(app)/ai-analysis/index.tsx(144,11): error TS17004: Cannot use JSX unless the '--jsx' flag is provided.
frontend/src/app/(app)/ai-analysis/index.tsx(149,16): error TS17004: Cannot use JSX unless the '--jsx' flag is provided.
frontend/src/app/(app)/ai-analysis/index.tsx(151,16): error TS17004: Cannot use JSX unless the '--jsx' flag is provided.
frontend/src/app/(app)/ai-analysis/index.tsx(153,16): error TS17004: Cannot use JSX unless the '--jsx' flag is provided.
frontend/src/app/(app)/ai-analysis/index.tsx(158,5): error TS17004: Cannot use JSX unless the '--jsx' flag is provided.
frontend/src/app/(app)/ai-analysis/index.tsx(159,7): error TS17004: Cannot use JSX unless the '--jsx' flag is provided.
frontend/src/app/(app)/ai-analysis/index.tsx(160,9): error TS17004: Cannot use JSX unless the '--jsx' flag is provided.
frontend/src/app/(app)/ai-analysis/index.tsx(161,11): error TS17004: Cannot use JSX unless the '--jsx' flag is provided.
frontend/src/app/(app)/ai-analysis/index.tsx(162,13): error TS17004: Cannot use JSX unless the '--jsx' flag is provided.
frontend/src/app/(app)/ai-analysis/index.tsx(164,11): error TS17004: Cannot use JSX unless the '--jsx' flag is provided.
frontend/src/app/(app)/ai-analysis/index.tsx(169,9): error TS17004: Cannot use JSX unless the '--jsx' flag is provided.
frontend/src/app/(app)/ai-analysis/index.tsx(170,11): error TS17004: Cannot use JSX unless the '--jsx' flag is provided.
frontend/src/app/(app)/ai-analysis/index.tsx(177,11): error TS17004: Cannot use JSX unless the '--jsx' flag is provided.
frontend/src/app/(app)/ai-analysis/index.tsx(182,13): error TS17004: Cannot use JSX unless the '--jsx' flag is provided.
frontend/src/app/(app)/ai-analysis/index.tsx(183,15): error TS17004: Cannot use JSX unless the '--jsx' flag is provided.
frontend/src/app/(app)/ai-analysis/index.tsx(185,13): error TS17004: Cannot use JSX unless the '--jsx' flag is provided.
frontend/src/app/(app)/ai-analysis/index.tsx(186,15): error TS17004: Cannot use JSX unless the '--jsx' flag is provided.
frontend/src/app/(app)/ai-analysis/index.tsx(187,15): error TS17004: Cannot use JSX unless the '--jsx' flag is provided.
frontend/src/app/(app)/ai-analysis/index.tsx(188,15): error TS17004: Cannot use JSX unless the '--jsx' flag is provided.
frontend/src/app/(app)/ai-analysis/index.tsx(191,11): error TS17004: Cannot use JSX unless the '--jsx' flag is provided.
frontend/src/app/(app)/ai-analysis/index.tsx(197,15): error TS17004: Cannot use JSX unless the '--jsx' flag is provided.
frontend/src/app/(app)/ai-analysis/index.tsx(199,15): error TS17004: Cannot use JSX unless the '--jsx' flag is provided.
frontend/src/app/(app)/ai-analysis/index.tsx(205,13): error TS17004: Cannot use JSX unless the '--jsx' flag is provided.
frontend/src/app/(app)/ai-analysis/index.tsx(206,15): error TS17004: Cannot use JSX unless the '--jsx' flag is provided.
frontend/src/app/(app)/ai-analysis/index.tsx(207,15): error TS17004: Cannot use JSX unless the '--jsx' flag is provided.
frontend/src/app/(app)/ai-analysis/index.tsx(211,27): error TS17004: Cannot use JSX unless the '--jsx' flag is provided.
frontend/src/app/(app)/ai-analysis/index.tsx(214,13): error TS17004: Cannot use JSX unless the '--jsx' flag is provided.
frontend/src/app/(app)/ai-analysis/index.tsx(215,15): error TS17004: Cannot use JSX unless the '--jsx' flag is provided.
frontend/src/app/(app)/ai-analysis/index.tsx(216,17): error TS17004: Cannot use JSX unless the '--jsx' flag is provided.
frontend/src/app/(app)/ai-analysis/index.tsx(219,15): error TS17004: Cannot use JSX unless the '--jsx' flag is provided.
frontend/src/app/(app)/ai-analysis/index.tsx(220,17): error TS17004: Cannot use JSX unless the '--jsx' flag is provided.
frontend/src/app/(app)/ai-analysis/index.tsx(221,17): error TS17004: Cannot use JSX unless the '--jsx' flag is provided.
frontend/src/app/(app)/ai-analysis/index.tsx(223,21): error TS17004: Cannot use JSX unless the '--jsx' flag is provided.
frontend/src/app/(app)/ai-analysis/index.tsx(229,15): error TS17004: Cannot use JSX unless the '--jsx' flag is provided.
frontend/src/app/(app)/ai-analysis/index.tsx(230,17): error TS17004: Cannot use JSX unless the '--jsx' flag is provided.
frontend/src/app/(app)/ai-analysis/index.tsx(231,17): error TS17004: Cannot use JSX unless the '--jsx' flag is provided.
frontend/src/app/(app)/ai-analysis/index.tsx(240,7): error TS17004: Cannot use JSX unless the '--jsx' flag is provided.
frontend/src/app/(app)/ai-analysis/index.tsx(241,9): error TS17004: Cannot use JSX unless the '--jsx' flag is provided.
frontend/src/app/(app)/ai-analysis/index.tsx(242,11): error TS17004: Cannot use JSX unless the '--jsx' flag is provided.
frontend/src/app/(app)/ai-analysis/index.tsx(243,13): error TS17004: Cannot use JSX unless the '--jsx' flag is provided.
frontend/src/app/(app)/ai-analysis/index.tsx(245,11): error TS17004: Cannot use JSX unless the '--jsx' flag is provided.
frontend/src/app/(app)/ai-analysis/index.tsx(249,9): error TS17004: Cannot use JSX unless the '--jsx' flag is provided.
frontend/src/app/(app)/ai-analysis/index.tsx(250,11): error TS17004: Cannot use JSX unless the '--jsx' flag is provided.
frontend/src/app/(app)/ai-analysis/index.tsx(257,11): error TS17004: Cannot use JSX unless the '--jsx' flag is provided.
frontend/src/app/(app)/ai-analysis/index.tsx(258,13): error TS17004: Cannot use JSX unless the '--jsx' flag is provided.
frontend/src/app/(app)/ai-analysis/index.tsx(263,15): error TS17004: Cannot use JSX unless the '--jsx' flag is provided.
frontend/src/app/(app)/ai-analysis/index.tsx(264,17): error TS17004: Cannot use JSX unless the '--jsx' flag is provided.
frontend/src/app/(app)/ai-analysis/index.tsx(266,15): error TS17004: Cannot use JSX unless the '--jsx' flag is provided.
frontend/src/app/(app)/ai-analysis/index.tsx(267,17): error TS17004: Cannot use JSX unless the '--jsx' flag is provided.
frontend/src/app/(app)/ai-analysis/index.tsx(268,17): error TS17004: Cannot use JSX unless the '--jsx' flag is provided.
frontend/src/app/(app)/ai-analysis/index.tsx(269,17): error TS17004: Cannot use JSX unless the '--jsx' flag is provided.
frontend/src/app/(app)/ai-analysis/index.tsx(272,13): error TS17004: Cannot use JSX unless the '--jsx' flag is provided.
frontend/src/app/(app)/ai-analysis/index.tsx(277,15): error TS17004: Cannot use JSX unless the '--jsx' flag is provided.
frontend/src/app/(app)/ai-analysis/index.tsx(278,17): error TS17004: Cannot use JSX unless the '--jsx' flag is provided.
frontend/src/app/(app)/ai-analysis/index.tsx(280,15): error TS17004: Cannot use JSX unless the '--jsx' flag is provided.
frontend/src/app/(app)/ai-analysis/index.tsx(281,17): error TS17004: Cannot use JSX unless the '--jsx' flag is provided.
frontend/src/app/(app)/ai-analysis/index.tsx(282,17): error TS17004: Cannot use JSX unless the '--jsx' flag is provided.
frontend/src/app/(app)/ai-analysis/index.tsx(285,17): error TS17004: Cannot use JSX unless the '--jsx' flag is provided.
frontend/src/app/(app)/ai-analysis/index.tsx(286,17): error TS17004: Cannot use JSX unless the '--jsx' flag is provided.
frontend/src/app/(app)/ai-analysis/index.tsx(290,11): error TS17004: Cannot use JSX unless the '--jsx' flag is provided.
frontend/src/app/(app)/ai-analysis/index.tsx(296,15): error TS17004: Cannot use JSX unless the '--jsx' flag is provided.
frontend/src/app/(app)/ai-analysis/index.tsx(298,15): error TS17004: Cannot use JSX unless the '--jsx' flag is provided.
frontend/src/app/(app)/ai-analysis/index.tsx(304,13): error TS17004: Cannot use JSX unless the '--jsx' flag is provided.
frontend/src/app/(app)/ai-analysis/index.tsx(305,15): error TS17004: Cannot use JSX unless the '--jsx' flag is provided.
frontend/src/app/(app)/ai-analysis/index.tsx(306,15): error TS17004: Cannot use JSX unless the '--jsx' flag is provided.
frontend/src/app/(app)/ai-analysis/index.tsx(310,28): error TS17004: Cannot use JSX unless the '--jsx' flag is provided.
frontend/src/app/(app)/ai-analysis/index.tsx(313,13): error TS17004: Cannot use JSX unless the '--jsx' flag is provided.
frontend/src/app/(app)/ai-analysis/index.tsx(314,15): error TS17004: Cannot use JSX unless the '--jsx' flag is provided.
frontend/src/app/(app)/ai-analysis/index.tsx(315,15): error TS17004: Cannot use JSX unless the '--jsx' flag is provided.
frontend/src/app/(app)/ai-analysis/index.tsx(405,5): error TS17004: Cannot use JSX unless the '--jsx' flag is provided.
frontend/src/app/(app)/ai-analysis/index.tsx(406,7): error TS17004: Cannot use JSX unless the '--jsx' flag is provided.
frontend/src/app/(app)/ai-analysis/index.tsx(407,9): error TS17004: Cannot use JSX unless the '--jsx' flag is provided.
frontend/src/app/(app)/ai-analysis/index.tsx(408,11): error TS17004: Cannot use JSX unless the '--jsx' flag is provided.
frontend/src/app/(app)/ai-analysis/index.tsx(409,13): error TS17004: Cannot use JSX unless the '--jsx' flag is provided.
frontend/src/app/(app)/ai-analysis/index.tsx(411,11): error TS17004: Cannot use JSX unless the '--jsx' flag is provided.
frontend/src/app/(app)/ai-analysis/index.tsx(415,9): error TS17004: Cannot use JSX unless the '--jsx' flag is provided.
frontend/src/app/(app)/ai-analysis/index.tsx(416,11): error TS17004: Cannot use JSX unless the '--jsx' flag is provided.
frontend/src/app/(app)/ai-analysis/index.tsx(423,11): error TS17004: Cannot use JSX unless the '--jsx' flag is provided.
frontend/src/app/(app)/ai-analysis/index.tsx(429,15): error TS17004: Cannot use JSX unless the '--jsx' flag is provided.
frontend/src/app/(app)/ai-analysis/index.tsx(431,15): error TS17004: Cannot use JSX unless the '--jsx' flag is provided.
frontend/src/app/(app)/ai-analysis/index.tsx(435,31): error TS17004: Cannot use JSX unless the '--jsx' flag is provided.
frontend/src/app/(app)/ai-analysis/index.tsx(437,13): error TS17004: Cannot use JSX unless the '--jsx' flag is provided.
frontend/src/app/(app)/ai-analysis/index.tsx(438,15): error TS17004: Cannot use JSX unless the '--jsx' flag is provided.
frontend/src/app/(app)/ai-analysis/index.tsx(439,15): error TS17004: Cannot use JSX unless the '--jsx' flag is provided.
frontend/src/app/(app)/ai-analysis/index.tsx(443,13): error TS17004: Cannot use JSX unless the '--jsx' flag is provided.
frontend/src/app/(app)/ai-analysis/index.tsx(452,7): error TS17004: Cannot use JSX unless the '--jsx' flag is provided.
frontend/src/app/(app)/ai-analysis/index.tsx(453,9): error TS17004: Cannot use JSX unless the '--jsx' flag is provided.
frontend/src/app/(app)/ai-analysis/index.tsx(454,11): error TS17004: Cannot use JSX unless the '--jsx' flag is provided.
frontend/src/app/(app)/ai-analysis/index.tsx(455,13): error TS17004: Cannot use JSX unless the '--jsx' flag is provided.
frontend/src/app/(app)/ai-analysis/index.tsx(457,11): error TS17004: Cannot use JSX unless the '--jsx' flag is provided.
frontend/src/app/(app)/ai-analysis/index.tsx(461,9): error TS17004: Cannot use JSX unless the '--jsx' flag is provided.
frontend/src/app/(app)/ai-analysis/index.tsx(462,11): error TS17004: Cannot use JSX unless the '--jsx' flag is provided.
frontend/src/app/(app)/ai-analysis/index.tsx(463,13): error TS17004: Cannot use JSX unless the '--jsx' flag is provided.
frontend/src/app/(app)/ai-analysis/index.tsx(464,13): error TS17004: Cannot use JSX unless the '--jsx' flag is provided.
frontend/src/app/(app)/ai-analysis/index.tsx(465,15): error TS17004: Cannot use JSX unless the '--jsx' flag is provided.
frontend/src/app/(app)/ai-analysis/index.tsx(472,15): error TS17004: Cannot use JSX unless the '--jsx' flag is provided.
frontend/src/app/(app)/ai-analysis/index.tsx(477,19): error TS17004: Cannot use JSX unless the '--jsx' flag is provided.
frontend/src/app/(app)/ai-analysis/index.tsx(479,19): error TS17004: Cannot use JSX unless the '--jsx' flag is provided.
frontend/src/app/(app)/ai-analysis/index.tsx(486,36): error TS17004: Cannot use JSX unless the '--jsx' flag is provided.
frontend/src/app/(app)/ai-analysis/index.tsx(488,13): error TS17004: Cannot use JSX unless the '--jsx' flag is provided.
frontend/src/app/(app)/ai-analysis/index.tsx(489,15): error TS17004: Cannot use JSX unless the '--jsx' flag is provided.
frontend/src/app/(app)/ai-analysis/index.tsx(490,15): error TS17004: Cannot use JSX unless the '--jsx' flag is provided.
frontend/src/app/(app)/ai-analysis/index.tsx(495,13): error TS17004: Cannot use JSX unless the '--jsx' flag is provided.
frontend/src/app/(app)/ai-analysis/index.tsx(496,15): error TS17004: Cannot use JSX unless the '--jsx' flag is provided.
frontend/src/app/(app)/ai-analysis/index.tsx(501,15): error TS17004: Cannot use JSX unless the '--jsx' flag is provided.
frontend/src/app/(app)/ai-analysis/index.tsx(507,19): error TS17004: Cannot use JSX unless the '--jsx' flag is provided.
frontend/src/app/(app)/ai-analysis/index.tsx(509,19): error TS17004: Cannot use JSX unless the '--jsx' flag is provided.
frontend/src/app/(app)/ai-analysis/index.tsx(514,17): error TS17004: Cannot use JSX unless the '--jsx' flag is provided.
frontend/src/app/(app)/ai-analysis/index.tsx(517,17): error TS17004: Cannot use JSX unless the '--jsx' flag is provided.
frontend/src/app/(app)/ai-analysis/index.tsx(518,19): error TS17004: Cannot use JSX unless the '--jsx' flag is provided.
frontend/src/app/(app)/ai-analysis/index.tsx(519,19): error TS17004: Cannot use JSX unless the '--jsx' flag is provided.
frontend/src/app/(app)/ai-analysis/index.tsx(523,17): error TS17004: Cannot use JSX unless the '--jsx' flag is provided.
frontend/src/app/(app)/ai-analysis/index.tsx(663,5): error TS17004: Cannot use JSX unless the '--jsx' flag is provided.
frontend/src/app/(app)/ai-analysis/index.tsx(664,7): error TS17004: Cannot use JSX unless the '--jsx' flag is provided.
frontend/src/app/(app)/ai-analysis/index.tsx(665,9): error TS17004: Cannot use JSX unless the '--jsx' flag is provided.
frontend/src/app/(app)/ai-analysis/index.tsx(666,11): error TS17004: Cannot use JSX unless the '--jsx' flag is provided.
frontend/src/app/(app)/ai-analysis/index.tsx(667,13): error TS17004: Cannot use JSX unless the '--jsx' flag is provided.
frontend/src/app/(app)/ai-analysis/index.tsx(669,11): error TS17004: Cannot use JSX unless the '--jsx' flag is provided.
frontend/src/app/(app)/ai-analysis/index.tsx(673,9): error TS17004: Cannot use JSX unless the '--jsx' flag is provided.
frontend/src/app/(app)/ai-analysis/index.tsx(674,11): error TS17004: Cannot use JSX unless the '--jsx' flag is provided.
frontend/src/app/(app)/ai-analysis/index.tsx(680,15): error TS17004: Cannot use JSX unless the '--jsx' flag is provided.
frontend/src/app/(app)/ai-analysis/index.tsx(682,15): error TS17004: Cannot use JSX unless the '--jsx' flag is provided.
frontend/src/app/(app)/ai-analysis/index.tsx(686,33): error TS17004: Cannot use JSX unless the '--jsx' flag is provided.
frontend/src/app/(app)/ai-analysis/index.tsx(688,13): error TS17004: Cannot use JSX unless the '--jsx' flag is provided.
frontend/src/app/(app)/ai-analysis/index.tsx(689,15): error TS17004: Cannot use JSX unless the '--jsx' flag is provided.
frontend/src/app/(app)/ai-analysis/index.tsx(690,15): error TS17004: Cannot use JSX unless the '--jsx' flag is provided.
frontend/src/app/(app)/ai-analysis/index.tsx(694,13): error TS17004: Cannot use JSX unless the '--jsx' flag is provided.
frontend/src/app/(app)/ai-analysis/index.tsx(695,15): error TS17004: Cannot use JSX unless the '--jsx' flag is provided.
frontend/src/app/(app)/ai-analysis/index.tsx(696,17): error TS17004: Cannot use JSX unless the '--jsx' flag is provided.
frontend/src/app/(app)/ai-analysis/index.tsx(697,19): error TS17004: Cannot use JSX unless the '--jsx' flag is provided.
frontend/src/app/(app)/ai-analysis/index.tsx(699,17): error TS17004: Cannot use JSX unless the '--jsx' flag is provided.
frontend/src/app/(app)/ai-analysis/index.tsx(702,23): error TS17004: Cannot use JSX unless the '--jsx' flag is provided.
frontend/src/app/(app)/ai-analysis/index.tsx(707,15): error TS17004: Cannot use JSX unless the '--jsx' flag is provided.
frontend/src/app/(app)/ai-analysis/index.tsx(708,17): error TS17004: Cannot use JSX unless the '--jsx' flag is provided.
frontend/src/app/(app)/ai-analysis/index.tsx(709,19): error TS17004: Cannot use JSX unless the '--jsx' flag is provided.
frontend/src/app/(app)/ai-analysis/index.tsx(711,17): error TS17004: Cannot use JSX unless the '--jsx' flag is provided.
frontend/src/app/(app)/ai-analysis/index.tsx(714,23): error TS17004: Cannot use JSX unless the '--jsx' flag is provided.
frontend/src/app/(app)/ai-analysis/index.tsx(719,15): error TS17004: Cannot use JSX unless the '--jsx' flag is provided.
frontend/src/app/(app)/ai-analysis/index.tsx(720,17): error TS17004: Cannot use JSX unless the '--jsx' flag is provided.
frontend/src/app/(app)/ai-analysis/index.tsx(721,19): error TS17004: Cannot use JSX unless the '--jsx' flag is provided.
frontend/src/app/(app)/ai-analysis/index.tsx(723,17): error TS17004: Cannot use JSX unless the '--jsx' flag is provided.
frontend/src/app/(app)/ai-analysis/index.tsx(726,23): error TS17004: Cannot use JSX unless the '--jsx' flag is provided.
frontend/src/app/(app)/ai-analysis/index.tsx(736,7): error TS17004: Cannot use JSX unless the '--jsx' flag is provided.
frontend/src/app/(app)/ai-analysis/index.tsx(737,9): error TS17004: Cannot use JSX unless the '--jsx' flag is provided.
frontend/src/app/(app)/ai-analysis/index.tsx(738,11): error TS17004: Cannot use JSX unless the '--jsx' flag is provided.
frontend/src/app/(app)/ai-analysis/index.tsx(739,13): error TS17004: Cannot use JSX unless the '--jsx' flag is provided.
frontend/src/app/(app)/ai-analysis/index.tsx(741,11): error TS17004: Cannot use JSX unless the '--jsx' flag is provided.
frontend/src/app/(app)/ai-analysis/index.tsx(745,9): error TS17004: Cannot use JSX unless the '--jsx' flag is provided.
frontend/src/app/(app)/ai-analysis/index.tsx(746,11): error TS17004: Cannot use JSX unless the '--jsx' flag is provided.
frontend/src/app/(app)/ai-analysis/index.tsx(752,15): error TS17004: Cannot use JSX unless the '--jsx' flag is provided.
frontend/src/app/(app)/ai-analysis/index.tsx(754,15): error TS17004: Cannot use JSX unless the '--jsx' flag is provided.
frontend/src/app/(app)/ai-analysis/index.tsx(758,31): error TS17004: Cannot use JSX unless the '--jsx' flag is provided.
frontend/src/app/(app)/ai-analysis/index.tsx(760,13): error TS17004: Cannot use JSX unless the '--jsx' flag is provided.
frontend/src/app/(app)/ai-analysis/index.tsx(761,15): error TS17004: Cannot use JSX unless the '--jsx' flag is provided.
frontend/src/app/(app)/ai-analysis/index.tsx(762,15): error TS17004: Cannot use JSX unless the '--jsx' flag is provided.
frontend/src/app/(app)/ai-analysis/index.tsx(766,13): error TS17004: Cannot use JSX unless the '--jsx' flag is provided.
frontend/src/app/(app)/ai-analysis/index.tsx(767,15): error TS17004: Cannot use JSX unless the '--jsx' flag is provided.
frontend/src/app/(app)/ai-analysis/index.tsx(768,17): error TS17004: Cannot use JSX unless the '--jsx' flag is provided.
frontend/src/app/(app)/ai-analysis/index.tsx(769,17): error TS17004: Cannot use JSX unless the '--jsx' flag is provided.
frontend/src/app/(app)/ai-analysis/index.tsx(773,15): error TS17004: Cannot use JSX unless the '--jsx' flag is provided.
frontend/src/app/(app)/ai-analysis/index.tsx(774,17): error TS17004: Cannot use JSX unless the '--jsx' flag is provided.
frontend/src/app/(app)/ai-analysis/index.tsx(776,19): error TS17004: Cannot use JSX unless the '--jsx' flag is provided.
frontend/src/app/(app)/ai-analysis/index.tsx(780,17): error TS17004: Cannot use JSX unless the '--jsx' flag is provided.
frontend/src/app/(app)/ai-analysis/index.tsx(789,7): error TS17004: Cannot use JSX unless the '--jsx' flag is provided.
frontend/src/app/(app)/ai-analysis/index.tsx(790,9): error TS17004: Cannot use JSX unless the '--jsx' flag is provided.
frontend/src/app/(app)/ai-analysis/index.tsx(791,11): error TS17004: Cannot use JSX unless the '--jsx' flag is provided.
frontend/src/app/(app)/ai-analysis/index.tsx(792,13): error TS17004: Cannot use JSX unless the '--jsx' flag is provided.
frontend/src/app/(app)/ai-analysis/index.tsx(794,11): error TS17004: Cannot use JSX unless the '--jsx' flag is provided.
frontend/src/app/(app)/ai-analysis/index.tsx(798,9): error TS17004: Cannot use JSX unless the '--jsx' flag is provided.
frontend/src/app/(app)/ai-analysis/index.tsx(799,11): error TS17004: Cannot use JSX unless the '--jsx' flag is provided.
frontend/src/app/(app)/ai-analysis/index.tsx(805,15): error TS17004: Cannot use JSX unless the '--jsx' flag is provided.
frontend/src/app/(app)/ai-analysis/index.tsx(807,15): error TS17004: Cannot use JSX unless the '--jsx' flag is provided.
frontend/src/app/(app)/ai-analysis/index.tsx(811,34): error TS17004: Cannot use JSX unless the '--jsx' flag is provided.
frontend/src/app/(app)/ai-analysis/index.tsx(813,13): error TS17004: Cannot use JSX unless the '--jsx' flag is provided.
frontend/src/app/(app)/ai-analysis/index.tsx(814,15): error TS17004: Cannot use JSX unless the '--jsx' flag is provided.
frontend/src/app/(app)/ai-analysis/index.tsx(815,15): error TS17004: Cannot use JSX unless the '--jsx' flag is provided.
frontend/src/app/(app)/ai-analysis/index.tsx(819,13): error TS17004: Cannot use JSX unless the '--jsx' flag is provided.
frontend/src/app/(app)/ai-analysis/index.tsx(820,15): error TS17004: Cannot use JSX unless the '--jsx' flag is provided.
frontend/src/app/(app)/ai-analysis/index.tsx(821,17): error TS17004: Cannot use JSX unless the '--jsx' flag is provided.
frontend/src/app/(app)/ai-analysis/index.tsx(822,17): error TS17004: Cannot use JSX unless the '--jsx' flag is provided.
frontend/src/app/(app)/ai-analysis/index.tsx(823,19): error TS17004: Cannot use JSX unless the '--jsx' flag is provided.
frontend/src/app/(app)/ai-analysis/index.tsx(824,19): error TS17004: Cannot use JSX unless the '--jsx' flag is provided.
frontend/src/app/(app)/ai-analysis/index.tsx(833,17): error TS17004: Cannot use JSX unless the '--jsx' flag is provided.
frontend/src/app/(app)/ai-analysis/index.tsx(848,5): error TS17004: Cannot use JSX unless the '--jsx' flag is provided.
frontend/src/app/(app)/ai-analysis/index.tsx(849,7): error TS17004: Cannot use JSX unless the '--jsx' flag is provided.
frontend/src/app/(app)/ai-analysis/index.tsx(850,9): error TS17004: Cannot use JSX unless the '--jsx' flag is provided.
frontend/src/app/(app)/ai-analysis/index.tsx(853,9): error TS17004: Cannot use JSX unless the '--jsx' flag is provided.
frontend/src/app/(app)/ai-analysis/index.tsx(857,7): error TS17004: Cannot use JSX unless the '--jsx' flag is provided.
frontend/src/app/(app)/ai-analysis/index.tsx(858,9): error TS17004: Cannot use JSX unless the '--jsx' flag is provided.
frontend/src/app/(app)/ai-analysis/index.tsx(859,11): error TS17004: Cannot use JSX unless the '--jsx' flag is provided.
frontend/src/app/(app)/ai-analysis/index.tsx(860,11): error TS17004: Cannot use JSX unless the '--jsx' flag is provided.
frontend/src/app/(app)/ai-analysis/index.tsx(861,11): error TS17004: Cannot use JSX unless the '--jsx' flag is provided.
frontend/src/app/(app)/ai-analysis/index.tsx(863,9): error TS17004: Cannot use JSX unless the '--jsx' flag is provided.
frontend/src/app/(app)/ai-analysis/index.tsx(864,11): error TS17004: Cannot use JSX unless the '--jsx' flag is provided.
frontend/src/app/(app)/ai-analysis/index.tsx(866,9): error TS17004: Cannot use JSX unless the '--jsx' flag is provided.
frontend/src/app/(app)/ai-analysis/index.tsx(867,11): error TS17004: Cannot use JSX unless the '--jsx' flag is provided.
frontend/src/app/(app)/ai-analysis/index.tsx(869,9): error TS17004: Cannot use JSX unless the '--jsx' flag is provided.
frontend/src/app/(app)/ai-analysis/index.tsx(870,11): error TS17004: Cannot use JSX unless the '--jsx' flag is provided.
frontend/src/app/(app)/ai-analysis/page.tsx(1,32): error TS2307: Cannot find module '@/views/ai-analysis' or its corresponding type declarations.
frontend/src/app/(app)/challenges/page.tsx(1,32): error TS2307: Cannot find module '@/views/challenges' or its corresponding type declarations.
frontend/src/app/(app)/chats/page.tsx(1,27): error TS2307: Cannot find module '@/views/chats' or its corresponding type declarations.
frontend/src/app/(app)/coach-center/page.tsx(1,33): error TS2307: Cannot find module '@/views/coach-center' or its corresponding type declarations.
frontend/src/app/(app)/coaches/page.tsx(1,29): error TS2307: Cannot find module '@/views/coaches' or its corresponding type declarations.
frontend/src/app/(app)/dashboard/page.tsx(1,31): error TS2307: Cannot find module '@/views/dashboard' or its corresponding type declarations.
frontend/src/app/(app)/documents/adr/[slug]/client.tsx(3,27): error TS2307: Cannot find module '@/widgets/code-block' or its corresponding type declarations.
frontend/src/app/(app)/documents/adr/[slug]/client.tsx(12,7): error TS17004: Cannot use JSX unless the '--jsx' flag is provided.
frontend/src/app/(app)/documents/adr/[slug]/client.tsx(17,7): error TS17004: Cannot use JSX unless the '--jsx' flag is provided.
frontend/src/app/(app)/documents/adr/[slug]/client.tsx(26,5): error TS17004: Cannot use JSX unless the '--jsx' flag is provided.
frontend/src/app/(app)/documents/adr/[slug]/client.tsx(27,7): error TS17004: Cannot use JSX unless the '--jsx' flag is provided.
frontend/src/app/(app)/documents/adr/[slug]/page.tsx(3,23): error TS6142: Module './client' was resolved to '/home/user/studio/frontend/src/app/(app)/documents/adr/[slug]/client.tsx', but '--jsx' is not set.
frontend/src/app/(app)/documents/adr/[slug]/page.tsx(19,12): error TS17004: Cannot use JSX unless the '--jsx' flag is provided.
frontend/src/app/(app)/documents/architecture/client.tsx(3,27): error TS2307: Cannot find module '@/widgets/code-block' or its corresponding type declarations.
frontend/src/app/(app)/documents/architecture/client.tsx(12,7): error TS17004: Cannot use JSX unless the '--jsx' flag is provided.
frontend/src/app/(app)/documents/architecture/client.tsx(17,7): error TS17004: Cannot use JSX unless the '--jsx' flag is provided.
frontend/src/app/(app)/documents/architecture/client.tsx(26,5): error TS17004: Cannot use JSX unless the '--jsx' flag is provided.
frontend/src/app/(app)/documents/architecture/client.tsx(27,7): error TS17004: Cannot use JSX unless the '--jsx' flag is provided.
frontend/src/app/(app)/documents/architecture/page.tsx(1,34): error TS2307: Cannot find module '@/views/doc-architecture' or its corresponding type declarations.
frontend/src/app/(app)/documents/auth-implementation/client.tsx(3,27): error TS2307: Cannot find module '@/widgets/code-block' or its corresponding type declarations.
frontend/src/app/(app)/documents/auth-implementation/client.tsx(12,7): error TS17004: Cannot use JSX unless the '--jsx' flag is provided.
frontend/src/app/(app)/documents/auth-implementation/client.tsx(17,7): error TS17004: Cannot use JSX unless the '--jsx' flag is provided.
frontend/src/app/(app)/documents/auth-implementation/client.tsx(30,5): error TS17004: Cannot use JSX unless the '--jsx' flag is provided.
frontend/src/app/(app)/documents/auth-implementation/client.tsx(31,7): error TS17004: Cannot use JSX unless the '--jsx' flag is provided.
frontend/src/app/(app)/documents/auth-implementation/page.tsx(3,38): error TS6142: Module './client' was resolved to '/home/user/studio/frontend/src/app/(app)/documents/auth-implementation/client.tsx', but '--jsx' is not set.
frontend/src/app/(app)/documents/auth-implementation/page.tsx(9,10): error TS17004: Cannot use JSX unless the '--jsx' flag is provided.
frontend/src/app/(app)/documents/backend-documentation/client.tsx(3,27): error TS2307: Cannot find module '@/widgets/code-block' or its corresponding type declarations.
frontend/src/app/(app)/documents/backend-documentation/client.tsx(12,7): error TS17004: Cannot use JSX unless the '--jsx' flag is provided.
frontend/src/app/(app)/documents/backend-documentation/client.tsx(17,7): error TS17004: Cannot use JSX unless the '--jsx' flag is provided.
frontend/src/app/(app)/documents/backend-documentation/client.tsx(30,5): error TS17004: Cannot use JSX unless the '--jsx' flag is provided.
frontend/src/app/(app)/documents/backend-documentation/client.tsx(31,7): error TS17004: Cannot use JSX unless the '--jsx' flag is provided.
frontend/src/app/(app)/documents/backend-documentation/page.tsx(3,40): error TS6142: Module './client' was resolved to '/home/user/studio/frontend/src/app/(app)/documents/backend-documentation/client.tsx', but '--jsx' is not set.
frontend/src/app/(app)/documents/backend-documentation/page.tsx(9,10): error TS17004: Cannot use JSX unless the '--jsx' flag is provided.
frontend/src/app/(app)/documents/backend-production/page.tsx(1,39): error TS2307: Cannot find module '@/views/doc-backend-production' or its corresponding type declarations.
frontend/src/app/(app)/documents/backend-roadmap/page.tsx(1,36): error TS2307: Cannot find module '@/views/doc-backend-roadmap' or its corresponding type declarations.
frontend/src/app/(app)/documents/med-accreditation/page.tsx(1,38): error TS2307: Cannot find module '@/views/doc-med-accreditation' or its corresponding type declarations.
frontend/src/app/(app)/documents/privacy-policy/page.tsx(1,35): error TS2307: Cannot find module '@/views/doc-privacy' or its corresponding type declarations.
frontend/src/app/(app)/documents/project-readme/client.tsx(3,27): error TS2307: Cannot find module '@/widgets/code-block' or its corresponding type declarations.
frontend/src/app/(app)/documents/project-readme/client.tsx(18,7): error TS17004: Cannot use JSX unless the '--jsx' flag is provided.
frontend/src/app/(app)/documents/project-readme/client.tsx(32,7): error TS17004: Cannot use JSX unless the '--jsx' flag is provided.
frontend/src/app/(app)/documents/project-readme/client.tsx(37,7): error TS17004: Cannot use JSX unless the '--jsx' flag is provided.
frontend/src/app/(app)/documents/project-readme/client.tsx(50,5): error TS17004: Cannot use JSX unless the '--jsx' flag is provided.
frontend/src/app/(app)/documents/project-readme/client.tsx(51,7): error TS17004: Cannot use JSX unless the '--jsx' flag is provided.
frontend/src/app/(app)/documents/project-readme/page.tsx(3,33): error TS6142: Module './client' was resolved to '/home/user/studio/frontend/src/app/(app)/documents/project-readme/client.tsx', but '--jsx' is not set.
frontend/src/app/(app)/documents/project-readme/page.tsx(9,10): error TS17004: Cannot use JSX unless the '--jsx' flag is provided.
frontend/src/app/(app)/documents/schema-analysis/page.tsx(1,36): error TS2307: Cannot find module '@/views/doc-schema-analysis' or its corresponding type declarations.
frontend/src/app/(app)/documents/terms-of-use/page.tsx(1,32): error TS2307: Cannot find module '@/views/doc-terms' or its corresponding type declarations.
frontend/src/app/(app)/documents/user-guide/client.tsx(3,27): error TS2307: Cannot find module '@/widgets/code-block' or its corresponding type declarations.
frontend/src/app/(app)/documents/user-guide/client.tsx(12,7): error TS17004: Cannot use JSX unless the '--jsx' flag is provided.
frontend/src/app/(app)/documents/user-guide/client.tsx(17,7): error TS17004: Cannot use JSX unless the '--jsx' flag is provided.
frontend/src/app/(app)/documents/user-guide/client.tsx(26,5): error TS17004: Cannot use JSX unless the '--jsx' flag is provided.
frontend/src/app/(app)/documents/user-guide/client.tsx(27,7): error TS17004: Cannot use JSX unless the '--jsx' flag is provided.
frontend/src/app/(app)/documents/user-guide/page.tsx(1,31): error TS2307: Cannot find module '@/views/doc-user-guide' or its corresponding type declarations.
frontend/src/app/(app)/documents/vision-and-principles/page.tsx(1,41): error TS2307: Cannot find module '@/views/doc-vision' or its corresponding type declarations.
frontend/src/app/(app)/fan-zone/page.tsx(1,29): error TS2307: Cannot find module '@/views/fan-zone' or its corresponding type declarations.
frontend/src/app/(app)/friends/page.tsx(1,29): error TS2307: Cannot find module '@/views/friends' or its corresponding type declarations.
frontend/src/app/(app)/inventory/page.tsx(1,31): error TS2307: Cannot find module '@/views/inventory' or its corresponding type declarations.
frontend/src/app/(app)/judge-center/page.tsx(1,33): error TS2307: Cannot find module '@/views/judge-center' or its corresponding type declarations.
frontend/src/app/(app)/layout.tsx(1,28): error TS2307: Cannot find module '@/features/auth/session' or its corresponding type declarations.
frontend/src/app/(app)/layout.tsx(3,27): error TS2307: Cannot find module '@/widgets/app-layout' or its corresponding type declarations.
frontend/src/app/(app)/layout.tsx(4,30): error TS2307: Cannot find module '@/app/providers/app-providers' or its corresponding type declarations.
frontend/src/app/(app)/layout.tsx(18,5): error TS17004: Cannot use JSX unless the '--jsx' flag is provided.
frontend/src/app/(app)/layout.tsx(19,7): error TS17004: Cannot use JSX unless the '--jsx' flag is provided.
frontend/src/app/(app)/leaderboards/client.tsx(9,8): error TS2307: Cannot find module '@/shared/ui/card' or its corresponding type declarations.
frontend/src/app/(app)/leaderboards/client.tsx(17,8): error TS2307: Cannot find module '@/shared/ui/table' or its corresponding type declarations.
frontend/src/app/(app)/leaderboards/client.tsx(18,53): error TS2307: Cannot find module '@/shared/ui/avatar' or its corresponding type declarations.
frontend/src/app/(app)/leaderboards/client.tsx(20,20): error TS2307: Cannot find module '@/shared/lib/utils' or its corresponding type declarations.
frontend/src/app/(app)/leaderboards/client.tsx(21,58): error TS2307: Cannot find module '@/shared/ui/tabs' or its corresponding type declarations.
frontend/src/app/(app)/leaderboards/client.tsx(25,8): error TS2307: Cannot find module '@/entities/leaderboard/model/types' or its corresponding type declarations.
frontend/src/app/(app)/leaderboards/client.tsx(40,3): error TS17004: Cannot use JSX unless the '--jsx' flag is provided.
frontend/src/app/(app)/leaderboards/client.tsx(41,5): error TS17004: Cannot use JSX unless the '--jsx' flag is provided.
frontend/src/app/(app)/leaderboards/client.tsx(42,7): error TS17004: Cannot use JSX unless the '--jsx' flag is provided.
frontend/src/app/(app)/leaderboards/client.tsx(43,9): error TS17004: Cannot use JSX unless the '--jsx' flag is provided.
frontend/src/app/(app)/leaderboards/client.tsx(44,9): error TS17004: Cannot use JSX unless the '--jsx' flag is provided.
frontend/src/app/(app)/leaderboards/client.tsx(45,9): error TS17004: Cannot use JSX unless the '--jsx' flag is provided.
frontend/src/app/(app)/leaderboards/client.tsx(48,5): error TS17004: Cannot use JSX unless the '--jsx' flag is provided.
frontend/src/app/(app)/leaderboards/client.tsx(50,9): error TS17004: Cannot use JSX unless the '--jsx' flag is provided.
frontend/src/app/(app)/leaderboards/client.tsx(51,11): error TS17004: Cannot use JSX unless the '--jsx' flag is provided.
frontend/src/app/(app)/leaderboards/client.tsx(52,13): error TS17004: Cannot use JSX unless the '--jsx' flag is provided.
frontend/src/app/(app)/leaderboards/client.tsx(58,36): error TS17004: Cannot use JSX unless the '--jsx' flag is provided.
frontend/src/app/(app)/leaderboards/client.tsx(61,11): error TS17004: Cannot use JSX unless the '--jsx' flag is provided.
frontend/src/app/(app)/leaderboards/client.tsx(62,13): error TS17004: Cannot use JSX unless the '--jsx' flag is provided.
frontend/src/app/(app)/leaderboards/client.tsx(63,15): error TS17004: Cannot use JSX unless the '--jsx' flag is provided.
frontend/src/app/(app)/leaderboards/client.tsx(64,17): error TS17004: Cannot use JSX unless the '--jsx' flag is provided.
frontend/src/app/(app)/leaderboards/client.tsx(69,17): error TS17004: Cannot use JSX unless the '--jsx' flag is provided.
frontend/src/app/(app)/leaderboards/client.tsx(71,15): error TS17004: Cannot use JSX unless the '--jsx' flag is provided.
frontend/src/app/(app)/leaderboards/client.tsx(74,11): error TS17004: Cannot use JSX unless the '--jsx' flag is provided.
frontend/src/app/(app)/leaderboards/client.tsx(84,3): error TS17004: Cannot use JSX unless the '--jsx' flag is provided.
frontend/src/app/(app)/leaderboards/client.tsx(85,5): error TS17004: Cannot use JSX unless the '--jsx' flag is provided.
frontend/src/app/(app)/leaderboards/client.tsx(86,7): error TS17004: Cannot use JSX unless the '--jsx' flag is provided.
frontend/src/app/(app)/leaderboards/client.tsx(87,9): error TS17004: Cannot use JSX unless the '--jsx' flag is provided.
frontend/src/app/(app)/leaderboards/client.tsx(88,9): error TS17004: Cannot use JSX unless the '--jsx' flag is provided.
frontend/src/app/(app)/leaderboards/client.tsx(89,9): error TS17004: Cannot use JSX unless the '--jsx' flag is provided.
frontend/src/app/(app)/leaderboards/client.tsx(90,9): error TS17004: Cannot use JSX unless the '--jsx' flag is provided.
frontend/src/app/(app)/leaderboards/client.tsx(91,9): error TS17004: Cannot use JSX unless the '--jsx' flag is provided.
frontend/src/app/(app)/leaderboards/client.tsx(92,9): error TS17004: Cannot use JSX unless the '--jsx' flag is provided.
frontend/src/app/(app)/leaderboards/client.tsx(95,5): error TS17004: Cannot use JSX unless the '--jsx' flag is provided.
frontend/src/app/(app)/leaderboards/client.tsx(97,9): error TS17004: Cannot use JSX unless the '--jsx' flag is provided.
frontend/src/app/(app)/leaderboards/client.tsx(98,11): error TS17004: Cannot use JSX unless the '--jsx' flag is provided.
frontend/src/app/(app)/leaderboards/client.tsx(99,13): error TS17004: Cannot use JSX unless the '--jsx' flag is provided.
frontend/src/app/(app)/leaderboards/client.tsx(105,34): error TS17004: Cannot use JSX unless the '--jsx' flag is provided.
frontend/src/app/(app)/leaderboards/client.tsx(108,11): error TS17004: Cannot use JSX unless the '--jsx' flag is provided.
frontend/src/app/(app)/leaderboards/client.tsx(109,13): error TS17004: Cannot use JSX unless the '--jsx' flag is provided.
frontend/src/app/(app)/leaderboards/client.tsx(113,15): error TS17004: Cannot use JSX unless the '--jsx' flag is provided.
frontend/src/app/(app)/leaderboards/client.tsx(114,17): error TS17004: Cannot use JSX unless the '--jsx' flag is provided.
frontend/src/app/(app)/leaderboards/client.tsx(119,17): error TS17004: Cannot use JSX unless the '--jsx' flag is provided.
frontend/src/app/(app)/leaderboards/client.tsx(121,15): error TS17004: Cannot use JSX unless the '--jsx' flag is provided.
frontend/src/app/(app)/leaderboards/client.tsx(124,11): error TS17004: Cannot use JSX unless the '--jsx' flag is provided.
frontend/src/app/(app)/leaderboards/client.tsx(125,11): error TS17004: Cannot use JSX unless the '--jsx' flag is provided.
frontend/src/app/(app)/leaderboards/client.tsx(128,11): error TS17004: Cannot use JSX unless the '--jsx' flag is provided.
frontend/src/app/(app)/leaderboards/client.tsx(131,11): error TS17004: Cannot use JSX unless the '--jsx' flag is provided.
frontend/src/app/(app)/leaderboards/client.tsx(150,5): error TS17004: Cannot use JSX unless the '--jsx' flag is provided.
frontend/src/app/(app)/leaderboards/client.tsx(151,7): error TS17004: Cannot use JSX unless the '--jsx' flag is provided.
frontend/src/app/(app)/leaderboards/client.tsx(152,9): error TS17004: Cannot use JSX unless the '--jsx' flag is provided.
frontend/src/app/(app)/leaderboards/client.tsx(155,9): error TS17004: Cannot use JSX unless the '--jsx' flag is provided.
frontend/src/app/(app)/leaderboards/client.tsx(160,7): error TS17004: Cannot use JSX unless the '--jsx' flag is provided.
frontend/src/app/(app)/leaderboards/client.tsx(161,9): error TS17004: Cannot use JSX unless the '--jsx' flag is provided.
frontend/src/app/(app)/leaderboards/client.tsx(162,11): error TS17004: Cannot use JSX unless the '--jsx' flag is provided.
frontend/src/app/(app)/leaderboards/client.tsx(163,13): error TS17004: Cannot use JSX unless the '--jsx' flag is provided.
frontend/src/app/(app)/leaderboards/client.tsx(165,11): error TS17004: Cannot use JSX unless the '--jsx' flag is provided.
frontend/src/app/(app)/leaderboards/client.tsx(166,13): error TS17004: Cannot use JSX unless the '--jsx' flag is provided.
frontend/src/app/(app)/leaderboards/client.tsx(169,9): error TS17004: Cannot use JSX unless the '--jsx' flag is provided.
frontend/src/app/(app)/leaderboards/client.tsx(170,11): error TS17004: Cannot use JSX unless the '--jsx' flag is provided.
frontend/src/app/(app)/leaderboards/client.tsx(171,13): error TS17004: Cannot use JSX unless the '--jsx' flag is provided.
frontend/src/app/(app)/leaderboards/client.tsx(172,15): error TS17004: Cannot use JSX unless the '--jsx' flag is provided.
frontend/src/app/(app)/leaderboards/client.tsx(173,15): error TS17004: Cannot use JSX unless the '--jsx' flag is provided.
frontend/src/app/(app)/leaderboards/client.tsx(177,13): error TS17004: Cannot use JSX unless the '--jsx' flag is provided.
frontend/src/app/(app)/leaderboards/client.tsx(178,15): error TS17004: Cannot use JSX unless the '--jsx' flag is provided.
frontend/src/app/(app)/leaderboards/client.tsx(182,9): error TS17004: Cannot use JSX unless the '--jsx' flag is provided.
frontend/src/app/(app)/leaderboards/client.tsx(183,11): error TS17004: Cannot use JSX unless the '--jsx' flag is provided.
frontend/src/app/(app)/leaderboards/client.tsx(184,13): error TS17004: Cannot use JSX unless the '--jsx' flag is provided.
frontend/src/app/(app)/leaderboards/client.tsx(185,15): error TS17004: Cannot use JSX unless the '--jsx' flag is provided.
frontend/src/app/(app)/leaderboards/client.tsx(186,15): error TS17004: Cannot use JSX unless the '--jsx' flag is provided.
frontend/src/app/(app)/leaderboards/client.tsx(190,13): error TS17004: Cannot use JSX unless the '--jsx' flag is provided.
frontend/src/app/(app)/leaderboards/client.tsx(191,15): error TS17004: Cannot use JSX unless the '--jsx' flag is provided.
frontend/src/app/(app)/leaderboards/page.tsx(1,34): error TS2307: Cannot find module '@/views/leaderboards' or its corresponding type declarations.
frontend/src/app/(app)/leagues/[id]/page.tsx(1,35): error TS2307: Cannot find module '@/views/league-details' or its corresponding type declarations.
frontend/src/app/(app)/leagues/[id]/page.tsx(2,31): error TS2307: Cannot find module '@/entities/league/api/leagues' or its corresponding type declarations.
frontend/src/app/(app)/leagues/[id]/page.tsx(14,10): error TS17004: Cannot use JSX unless the '--jsx' flag is provided.
frontend/src/app/(app)/leagues/page.tsx(1,33): error TS2307: Cannot find module '@/views/leagues-list' or its corresponding type declarations.
frontend/src/app/(app)/leagues/page.tsx(2,28): error TS2307: Cannot find module '@/entities/league/api/leagues' or its corresponding type declarations.
frontend/src/app/(app)/leagues/page.tsx(6,10): error TS17004: Cannot use JSX unless the '--jsx' flag is provided.
frontend/src/app/(app)/lfg/page.tsx(1,25): error TS2307: Cannot find module '@/views/lfg' or its corresponding type declarations.
frontend/src/app/(app)/matches/[id]/page.tsx(1,30): error TS2307: Cannot find module '@/entities/match/api/get-match' or its corresponding type declarations.
frontend/src/app/(app)/matches/[id]/page.tsx(3,34): error TS2307: Cannot find module '@/views/match-details' or its corresponding type declarations.
frontend/src/app/(app)/matches/[id]/page.tsx(4,35): error TS2307: Cannot find module '@/entities/match/model/types' or its corresponding type declarations.
frontend/src/app/(app)/matches/[id]/page.tsx(17,10): error TS17004: Cannot use JSX unless the '--jsx' flag is provided.
frontend/src/app/(app)/matches/new/page.tsx(1,30): error TS2307: Cannot find module '@/views/match-create' or its corresponding type declarations.
frontend/src/app/(app)/matches/page.tsx(1,33): error TS2307: Cannot find module '@/views/matches-list' or its corresponding type declarations.
frontend/src/app/(app)/matches/page.tsx(2,30): error TS2307: Cannot find module '@/entities/match/api/get-matches' or its corresponding type declarations.
frontend/src/app/(app)/matches/page.tsx(6,10): error TS17004: Cannot use JSX unless the '--jsx' flag is provided.
frontend/src/app/(app)/monetization/page.tsx(1,34): error TS2307: Cannot find module '@/views/monetization' or its corresponding type declarations.
frontend/src/app/(app)/partners/page.tsx(1,30): error TS2307: Cannot find module '@/views/partners' or its corresponding type declarations.
frontend/src/app/(app)/pd-economy/page.tsx(1,31): error TS2307: Cannot find module '@/views/pd-economy' or its corresponding type declarations.
frontend/src/app/(app)/playgrounds/[id]/page.tsx(1,35): error TS2307: Cannot find module '@/entities/playground/api/playgrounds' or its corresponding type declarations.
frontend/src/app/(app)/playgrounds/[id]/page.tsx(2,40): error TS2307: Cannot find module '@/entities/playground/api/condition' or its corresponding type declarations.
frontend/src/app/(app)/playgrounds/[id]/page.tsx(3,35): error TS2307: Cannot find module '@/views/playground-details' or its corresponding type declarations.
frontend/src/app/(app)/playgrounds/[id]/page.tsx(20,5): error TS17004: Cannot use JSX unless the '--jsx' flag is provided.
frontend/src/app/(app)/playgrounds/new/page.tsx(1,38): error TS2307: Cannot find module '@/views/playground-create' or its corresponding type declarations.
frontend/src/app/(app)/playgrounds/page.tsx(1,37): error TS2307: Cannot find module '@/views/playgrounds-list' or its corresponding type declarations.
frontend/src/app/(app)/profile/page.tsx(1,28): error TS2307: Cannot find module '@/features/auth/session' or its corresponding type declarations.
frontend/src/app/(app)/profiles/administrator/[id]/page.tsx(1,34): error TS2307: Cannot find module '@/views/admin-profile-demo' or its corresponding type declarations.
frontend/src/app/(app)/profiles/coach/[id]/page.tsx(1,34): error TS2307: Cannot find module '@/views/coach-profile-demo' or its corresponding type declarations.
frontend/src/app/(app)/profiles/fan/[id]/page.tsx(1,32): error TS2307: Cannot find module '@/views/fan-profile-demo' or its corresponding type declarations.
frontend/src/app/(app)/profiles/judge/[id]/page.tsx(1,25): error TS2307: Cannot find module '@/app/(app)/administration/judge/client' or its corresponding type declarations.
frontend/src/app/(app)/profiles/judge/[id]/page.tsx(2,34): error TS2307: Cannot find module '@/entities/user/api/get-user' or its corresponding type declarations.
frontend/src/app/(app)/profiles/judge/[id]/page.tsx(4,40): error TS2307: Cannot find module '@/entities/achievement/api/achievements' or its corresponding type declarations.
frontend/src/app/(app)/profiles/judge/[id]/page.tsx(19,10): error TS17004: Cannot use JSX unless the '--jsx' flag is provided.
frontend/src/app/(app)/profiles/manager/[id]/page.tsx(1,36): error TS2307: Cannot find module '@/views/manager-profile-demo' or its corresponding type declarations.
frontend/src/app/(app)/profiles/moderator/[id]/page.tsx(1,38): error TS2307: Cannot find module '@/views/moderator-profile-demo' or its corresponding type declarations.
frontend/src/app/(app)/profiles/organizer/[id]/page.tsx(1,29): error TS2307: Cannot find module '@/app/(app)/administration/organizer/client' or its corresponding type declarations.
frontend/src/app/(app)/profiles/organizer/[id]/page.tsx(2,34): error TS2307: Cannot find module '@/entities/user/api/get-user' or its corresponding type declarations.
frontend/src/app/(app)/profiles/organizer/[id]/page.tsx(4,40): error TS2307: Cannot find module '@/entities/achievement/api/achievements' or its corresponding type declarations.
frontend/src/app/(app)/profiles/organizer/[id]/page.tsx(21,5): error TS17004: Cannot use JSX unless the '--jsx' flag is provided.
frontend/src/app/(app)/profiles/player/[id]/page.tsx(1,26): error TS2307: Cannot find module '@/app/(app)/administration/player/client' or its corresponding type declarations.
frontend/src/app/(app)/profiles/player/[id]/page.tsx(2,42): error TS2307: Cannot find module '@/entities/user/api/get-user' or its corresponding type declarations.
frontend/src/app/(app)/profiles/player/[id]/page.tsx(3,28): error TS2307: Cannot find module '@/features/auth/session' or its corresponding type declarations.
frontend/src/app/(app)/profiles/player/[id]/page.tsx(23,5): error TS17004: Cannot use JSX unless the '--jsx' flag is provided.
frontend/src/app/(app)/profiles/sponsor/[id]/page.tsx(3,27): error TS2307: Cannot find module '@/app/(app)/administration/sponsor/client' or its corresponding type declarations.
frontend/src/app/(app)/profiles/sponsor/[id]/page.tsx(7,8): error TS2307: Cannot find module '@/entities/sponsor/api/sponsors' or its corresponding type declarations.
frontend/src/app/(app)/profiles/sponsor/[id]/page.tsx(9,36): error TS2307: Cannot find module '@/entities/sponsorship/model/types' or its corresponding type declarations.
frontend/src/app/(app)/profiles/sponsor/[id]/page.tsx(11,27): error TS2307: Cannot find module '@/entities/team/model/types' or its corresponding type declarations.
frontend/src/app/(app)/profiles/sponsor/[id]/page.tsx(43,5): error TS17004: Cannot use JSX unless the '--jsx' flag is provided.
frontend/src/app/(app)/promotions/new/page.tsx(1,40): error TS2307: Cannot find module '@/views/promotion-create-wizard' or its corresponding type declarations.
frontend/src/app/(app)/promotions/page.tsx(1,32): error TS2307: Cannot find module '@/views/promotions' or its corresponding type declarations.
frontend/src/app/(app)/quests/page.tsx(1,28): error TS2307: Cannot find module '@/views/quests' or its corresponding type declarations.
frontend/src/app/(app)/search/page.tsx(1,28): error TS2307: Cannot find module '@/views/search' or its corresponding type declarations.
frontend/src/app/(app)/settings/page.tsx(1,30): error TS2307: Cannot find module '@/views/settings' or its corresponding type declarations.
frontend/src/app/(app)/sponsors/page.tsx(1,30): error TS2307: Cannot find module '@/views/sponsors' or its corresponding type declarations.
frontend/src/app/(app)/sponsorship/management/page.tsx(1,38): error TS2307: Cannot find module '@/widgets/sponsorship-dashboard' or its corresponding type declarations.
frontend/src/app/(app)/sponsorship/management/page.tsx(2,45): error TS2307: Cannot find module '@/entities/sponsorship/api/sponsorship' or its corresponding type declarations.
frontend/src/app/(app)/sponsorship/management/page.tsx(6,10): error TS17004: Cannot use JSX unless the '--jsx' flag is provided.
frontend/src/app/(app)/sports/[id]/page.tsx(1,34): error TS2307: Cannot find module '@/views/sport-details' or its corresponding type declarations.
frontend/src/app/(app)/sports/[id]/page.tsx(2,30): error TS2307: Cannot find module '@/entities/sport/api/sports' or its corresponding type declarations.
frontend/src/app/(app)/sports/[id]/page.tsx(14,10): error TS17004: Cannot use JSX unless the '--jsx' flag is provided.
frontend/src/app/(app)/sports/page.tsx(1,32): error TS2307: Cannot find module '@/views/sports-list' or its corresponding type declarations.
frontend/src/app/(app)/store/page.tsx(1,27): error TS2307: Cannot find module '@/views/store' or its corresponding type declarations.
frontend/src/app/(app)/support/page.tsx(1,29): error TS2307: Cannot find module '@/views/support' or its corresponding type declarations.
frontend/src/app/(app)/teams/[slug]/management/page.tsx(1,36): error TS2307: Cannot find module '@/views/team-management' or its corresponding type declarations.
frontend/src/app/(app)/teams/[slug]/page.tsx(1,31): error TS2307: Cannot find module '@/entities/team/api/get-team-by-slug' or its corresponding type declarations.
frontend/src/app/(app)/teams/[slug]/page.tsx(2,33): error TS2307: Cannot find module '@/views/team-details' or its corresponding type declarations.
frontend/src/app/(app)/teams/[slug]/page.tsx(16,10): error TS17004: Cannot use JSX unless the '--jsx' flag is provided.
frontend/src/app/(app)/teams/new/page.tsx(1,29): error TS2307: Cannot find module '@/views/team-create' or its corresponding type declarations.
frontend/src/app/(app)/teams/page.tsx(1,31): error TS2307: Cannot find module '@/views/teams-list' or its corresponding type declarations.
frontend/src/app/(app)/theme-demo/page.tsx(1,31): error TS2307: Cannot find module '@/views/theme-demo' or its corresponding type declarations.
frontend/src/app/(app)/tournaments/[slug]/page.tsx(1,37): error TS2307: Cannot find module '@/entities/tournament/api/get-tournament' or its corresponding type declarations.
frontend/src/app/(app)/tournaments/[slug]/page.tsx(2,39): error TS2307: Cannot find module '@/views/tournament-details' or its corresponding type declarations.
frontend/src/app/(app)/tournaments/[slug]/page.tsx(16,10): error TS17004: Cannot use JSX unless the '--jsx' flag is provided.
frontend/src/app/(app)/tournaments/new/page.tsx(1,41): error TS2307: Cannot find module '@/views/tournament-create-wizard' or its corresponding type declarations.
frontend/src/app/(app)/tournaments/page.tsx(1,37): error TS2307: Cannot find module '@/views/tournaments-list' or its corresponding type declarations.
frontend/src/app/(app)/training/analytics/page.tsx(1,39): error TS2307: Cannot find module '@/views/training-analytics' or its corresponding type declarations.
frontend/src/app/(app)/training/calendar/page.tsx(1,34): error TS2307: Cannot find module '@/views/training-calendar' or its corresponding type declarations.
frontend/src/app/(app)/training/exercises/[id]/page.tsx(1,37): error TS2307: Cannot find module '@/views/exercise-details' or its corresponding type declarations.
frontend/src/app/(app)/training/exercises/[id]/page.tsx(2,33): error TS2307: Cannot find module '@/entities/exercise/api/get-exercises' or its corresponding type declarations.
frontend/src/app/(app)/training/exercises/[id]/page.tsx(16,10): error TS17004: Cannot use JSX unless the '--jsx' flag is provided.
frontend/src/app/(app)/training/exercises/page.tsx(1,38): error TS2307: Cannot find module '@/views/exercises-catalog' or its corresponding type declarations.
frontend/src/app/(app)/training/log/page.tsx(1,29): error TS2307: Cannot find module '@/views/training-log' or its corresponding type declarations.
frontend/src/app/(app)/training/measurements/page.tsx(1,34): error TS2307: Cannot find module '@/views/measurements' or its corresponding type declarations.
frontend/src/app/(app)/training/nutrition/page.tsx(1,37): error TS2307: Cannot find module '@/views/nutrition-center' or its corresponding type declarations.
frontend/src/app/(app)/training/page.tsx(1,36): error TS2307: Cannot find module '@/views/training-center' or its corresponding type declarations.
frontend/src/app/(app)/training/programs/[id]/edit/page.tsx(1,41): error TS2307: Cannot find module '@/views/training-program-edit' or its corresponding type declarations.
frontend/src/app/(app)/training/programs/[id]/edit/page.tsx(8,10): error TS17004: Cannot use JSX unless the '--jsx' flag is provided.
frontend/src/app/(app)/training/programs/[id]/page.tsx(1,44): error TS2307: Cannot find module '@/views/training-program-details' or its corresponding type declarations.
frontend/src/app/(app)/training/programs/[id]/page.tsx(2,32): error TS2307: Cannot find module '@/entities/training-program/api/get-program' or its corresponding type declarations.
frontend/src/app/(app)/training/programs/[id]/page.tsx(16,10): error TS17004: Cannot use JSX unless the '--jsx' flag is provided.
frontend/src/app/(app)/training/programs/new/page.tsx(1,44): error TS2307: Cannot find module '@/views/training-program-constructor' or its corresponding type declarations.
frontend/src/app/(app)/training/programs/page.tsx(1,38): error TS2307: Cannot find module '@/views/training-programs' or its corresponding type declarations.
frontend/src/app/(app)/training/records/page.tsx(1,37): error TS2307: Cannot find module '@/views/personal-records' or its corresponding type declarations.
frontend/src/app/(app)/welcome/page.tsx(1,29): error TS2307: Cannot find module '@/views/welcome' or its corresponding type declarations.
frontend/src/app/(app)/welcome/page.tsx(2,28): error TS2307: Cannot find module '@/features/auth/session' or its corresponding type declarations.
frontend/src/app/(app)/welcome/page.tsx(3,42): error TS2307: Cannot find module '@/shared/api/genkit/flows/onboarding-assistant-flow' or its corresponding type declarations.
frontend/src/app/(app)/welcome/page.tsx(21,10): error TS17004: Cannot use JSX unless the '--jsx' flag is provided.
frontend/src/app/api/auth/session/route.ts(2,28): error TS2307: Cannot find module '@/features/auth/session' or its corresponding type declarations.
frontend/src/app/auth/page.tsx(1,26): error TS2307: Cannot find module '@/views/auth' or its corresponding type declarations.
frontend/src/app/layout.tsx(4,25): error TS2307: Cannot find module '@/shared/ui/toaster' or its corresponding type declarations.
frontend/src/app/layout.tsx(5,31): error TS2307: Cannot find module '@/app/providers/theme-provider' or its corresponding type declarations.
frontend/src/app/layout.tsx(32,5): error TS17004: Cannot use JSX unless the '--jsx' flag is provided.
frontend/src/app/layout.tsx(37,7): error TS17004: Cannot use JSX unless the '--jsx' flag is provided.
frontend/src/app/layout.tsx(38,7): error TS17004: Cannot use JSX unless the '--jsx' flag is provided.
frontend/src/app/layout.tsx(39,9): error TS17004: Cannot use JSX unless the '--jsx' flag is provided.
frontend/src/app/layout.tsx(46,11): error TS17004: Cannot use JSX unless the '--jsx' flag is provided.
frontend/src/app/page.tsx(1,29): error TS2307: Cannot find module '@/views/landing' or its corresponding type declarations.
frontend/src/app/providers/app-providers.tsx(3,37): error TS2307: Cannot find module '@/shared/context/accent-theme-provider' or its corresponding type declarations.
frontend/src/app/providers/app-providers.tsx(4,34): error TS2307: Cannot find module '@/shared/context/training-provider' or its corresponding type declarations.
frontend/src/app/providers/app-providers.tsx(5,35): error TS2307: Cannot find module '@/shared/context/nutrition-provider' or its corresponding type declarations.
frontend/src/app/providers/app-providers.tsx(6,35): error TS2307: Cannot find module '@/shared/context/pd-provider' or its corresponding type declarations.
frontend/src/app/providers/app-providers.tsx(7,29): error TS2307: Cannot find module '@/shared/context/lfg-provider' or its corresponding type declarations.
frontend/src/app/providers/app-providers.tsx(8,42): error TS2307: Cannot find module '@/app/providers/training-proposal-provider' or its corresponding type declarations.
frontend/src/app/providers/app-providers.tsx(9,38): error TS2307: Cannot find module '@/shared/context/measurements-provider' or its corresponding type declarations.
frontend/src/app/providers/app-providers.tsx(10,30): error TS2307: Cannot find module '@/shared/context/cart-provider' or its corresponding type declarations.
frontend/src/app/providers/app-providers.tsx(11,35): error TS2307: Cannot find module '@/shared/context/inventory-provider' or its corresponding type declarations.
frontend/src/app/providers/app-providers.tsx(15,5): error TS17004: Cannot use JSX unless the '--jsx' flag is provided.
frontend/src/app/providers/app-providers.tsx(16,7): error TS17004: Cannot use JSX unless the '--jsx' flag is provided.
frontend/src/app/providers/app-providers.tsx(17,9): error TS17004: Cannot use JSX unless the '--jsx' flag is provided.
frontend/src/app/providers/app-providers.tsx(18,11): error TS17004: Cannot use JSX unless the '--jsx' flag is provided.
frontend/src/app/providers/app-providers.tsx(19,13): error TS17004: Cannot use JSX unless the '--jsx' flag is provided.
frontend/src/app/providers/app-providers.tsx(20,15): error TS17004: Cannot use JSX unless the '--jsx' flag is provided.
frontend/src/app/providers/app-providers.tsx(21,17): error TS17004: Cannot use JSX unless the '--jsx' flag is provided.
frontend/src/app/providers/app-providers.tsx(22,19): error TS17004: Cannot use JSX unless the '--jsx' flag is provided.
frontend/src/app/providers/app-providers.tsx(23,21): error TS17004: Cannot use JSX unless the '--jsx' flag is provided.
frontend/src/app/providers/cart-provider.tsx(10,32): error TS2307: Cannot find module '@/entities/store/model/types' or its corresponding type declarations.
frontend/src/app/providers/cart-provider.tsx(94,10): error TS17004: Cannot use JSX unless the '--jsx' flag is provided.
frontend/src/app/providers/inventory-provider.tsx(11,36): error TS2307: Cannot find module '@/entities/inventory/model/types' or its corresponding type declarations.
frontend/src/app/providers/inventory-provider.tsx(12,32): error TS2307: Cannot find module '@/entities/store/model/types' or its corresponding type declarations.
frontend/src/app/providers/inventory-provider.tsx(18,8): error TS2307: Cannot find module '@/entities/inventory/api/inventory' or its corresponding type declarations.
frontend/src/app/providers/inventory-provider.tsx(19,26): error TS2307: Cannot find module '@/shared/hooks/use-toast' or its corresponding type declarations.
frontend/src/app/providers/inventory-provider.tsx(139,5): error TS17004: Cannot use JSX unless the '--jsx' flag is provided.
frontend/src/app/providers/join-request-provider.tsx(4,27): error TS2307: Cannot find module '@/shared/lib/types' or its corresponding type declarations.
frontend/src/app/providers/join-request-provider.tsx(78,5): error TS17004: Cannot use JSX unless the '--jsx' flag is provided.
frontend/src/app/providers/lfg-provider.tsx(11,31): error TS2307: Cannot find module '@/entities/lfg/model/types' or its corresponding type declarations.
frontend/src/app/providers/lfg-provider.tsx(17,8): error TS2307: Cannot find module '@/entities/lfg/api/lfg' or its corresponding type declarations.
frontend/src/app/providers/lfg-provider.tsx(18,26): error TS2307: Cannot find module '@/shared/hooks/use-toast' or its corresponding type declarations.
frontend/src/app/providers/lfg-provider.tsx(86,5): error TS17004: Cannot use JSX unless the '--jsx' flag is provided.
frontend/src/app/providers/measurements-provider.tsx(11,34): error TS2307: Cannot find module '@/entities/user/model/types' or its corresponding type declarations.
frontend/src/app/providers/measurements-provider.tsx(15,8): error TS2307: Cannot find module '@/entities/measurement/api/measurements' or its corresponding type declarations.
frontend/src/app/providers/measurements-provider.tsx(16,26): error TS2307: Cannot find module '@/shared/hooks/use-toast' or its corresponding type declarations.
frontend/src/app/providers/measurements-provider.tsx(17,34): error TS2307: Cannot find module '@/shared/lib/api-client' or its corresponding type declarations.
frontend/src/app/providers/measurements-provider.tsx(71,5): error TS17004: Cannot use JSX unless the '--jsx' flag is provided.
frontend/src/app/providers/nutrition-provider.tsx(10,35): error TS2307: Cannot find module '@/entities/nutrition/model/types' or its corresponding type declarations.
frontend/src/app/providers/nutrition-provider.tsx(11,31): error TS2307: Cannot find module '@/entities/nutrition/model/types' or its corresponding type declarations.
frontend/src/app/providers/nutrition-provider.tsx(87,5): error TS17004: Cannot use JSX unless the '--jsx' flag is provided.
frontend/src/app/providers/pd-provider.tsx(10,47): error TS2307: Cannot find module '@/shared/config/gamification' or its corresponding type declarations.
frontend/src/app/providers/pd-provider.tsx(54,5): error TS17004: Cannot use JSX unless the '--jsx' flag is provided.
frontend/src/app/providers/theme-provider.tsx(8,10): error TS17004: Cannot use JSX unless the '--jsx' flag is provided.
frontend/src/app/providers/training-proposal-provider.tsx(11,28): error TS2307: Cannot find module '@/shared/lib/session/client' or its corresponding type declarations.
frontend/src/app/providers/training-proposal-provider.tsx(12,41): error TS2307: Cannot find module '@/entities/user/api/friends' or its corresponding type declarations.
frontend/src/app/providers/training-proposal-provider.tsx(17,8): error TS2307: Cannot find module '@/entities/training-proposal/api/training-proposals' or its corresponding type declarations.
frontend/src/app/providers/training-proposal-provider.tsx(130,5): error TS17004: Cannot use JSX unless the '--jsx' flag is provided.
frontend/src/app/providers/training-provider.tsx(14,8): error TS2307: Cannot find module '@/entities/training-program/model/types' or its corresponding type declarations.
frontend/src/app/providers/training-provider.tsx(15,37): error TS2307: Cannot find module '@/entities/training-program/api/get-programs' or its corresponding type declarations.
frontend/src/app/providers/training-provider.tsx(16,32): error TS2307: Cannot find module '@/entities/training-program/api/get-training-log' or its corresponding type declarations.
frontend/src/app/providers/training-provider.tsx(17,26): error TS2307: Cannot find module '@/shared/hooks/use-toast' or its corresponding type declarations.
frontend/src/app/providers/training-provider.tsx(18,28): error TS2307: Cannot find module '@/shared/lib/session/client' or its corresponding type declarations.
frontend/src/app/providers/training-provider.tsx(24,8): error TS2307: Cannot find module '@/entities/training-program/api/programs' or its corresponding type declarations.
frontend/src/app/providers/training-provider.tsx(162,5): error TS17004: Cannot use JSX unless the '--jsx' flag is provided.
frontend/src/entities/achievement/api/achievements.ts(3,31): error TS2307: Cannot find module '@/shared/lib/api-client' or its corresponding type declarations.
frontend/src/entities/admin/api/dashboard.ts(3,31): error TS2307: Cannot find module '@/shared/lib/api-client' or its corresponding type declarations.
frontend/src/entities/challenge/api/challenges.ts(3,32): error TS2307: Cannot find module '@/entities/challenge/model/types' or its corresponding type declarations.
frontend/src/entities/challenge/api/challenges.ts(5,31): error TS2307: Cannot find module '@/shared/lib/api-client' or its corresponding type declarations.
frontend/src/entities/chat/api/chats.ts(3,31): error TS2307: Cannot find module '@/shared/lib/api-client' or its corresponding type declarations.
frontend/src/entities/chat/api/get-chat-history.ts(3,31): error TS2307: Cannot find module '@/shared/lib/api-client' or its corresponding type declarations.
frontend/src/entities/coach/api/get-coaches.ts(3,28): error TS2307: Cannot find module '@/entities/coach/model/types' or its corresponding type declarations.
frontend/src/entities/coach/api/get-coaches.ts(4,31): error TS2307: Cannot find module '@/shared/lib/api-client' or its corresponding type declarations.
frontend/src/entities/exercise/api/get-exercises.ts(3,31): error TS2307: Cannot find module '@/entities/exercise/model/types' or its corresponding type declarations.
frontend/src/entities/exercise/api/get-exercises.ts(4,31): error TS2307: Cannot find module '@/shared/lib/api-client' or its corresponding type declarations.
frontend/src/entities/faq/api/faq.ts(3,31): error TS2307: Cannot find module '@/shared/lib/api-client' or its corresponding type declarations.
frontend/src/entities/feed/api/feed.ts(3,31): error TS2307: Cannot find module '@/shared/lib/api-client' or its corresponding type declarations.
frontend/src/entities/feed/model/types.ts(1,27): error TS2307: Cannot find module '@/shared/lib/types' or its corresponding type declarations.
frontend/src/entities/inventory/api/inventory.ts(3,36): error TS2307: Cannot find module '@/entities/inventory/model/types' or its corresponding type declarations.
frontend/src/entities/inventory/api/inventory.ts(4,31): error TS2307: Cannot find module '@/shared/lib/api-client' or its corresponding type declarations.
frontend/src/entities/leaderboard/api/get-player-leaderboard.ts(3,44): error TS2307: Cannot find module '@/entities/leaderboard/model/types' or its corresponding type declarations.
frontend/src/entities/leaderboard/api/get-team-leaderboard.ts(3,42): error TS2307: Cannot find module '@/entities/leaderboard/model/types' or its corresponding type declarations.
frontend/src/entities/league/api/leagues.ts(4,31): error TS2307: Cannot find module '@/shared/lib/api-client' or its corresponding type declarations.
frontend/src/entities/lfg/api/lfg.ts(3,31): error TS2307: Cannot find module '@/entities/lfg/model/types' or its corresponding type declarations.
frontend/src/entities/lfg/api/lfg.ts(4,31): error TS2307: Cannot find module '@/shared/lib/api-client' or its corresponding type declarations.
frontend/src/entities/match/api/create-match.ts(3,31): error TS2307: Cannot find module '@/shared/lib/api-client' or its corresponding type declarations.
frontend/src/entities/match/api/create-match.ts(4,28): error TS2307: Cannot find module '@/features/auth/session' or its corresponding type declarations.
frontend/src/entities/match/api/create-match.ts(6,38): error TS2307: Cannot find module '@/entities/user/model/types' or its corresponding type declarations.
frontend/src/entities/match/api/get-match.ts(3,35): error TS2307: Cannot find module '@/entities/match/model/types' or its corresponding type declarations.
frontend/src/entities/match/api/get-match.ts(4,31): error TS2307: Cannot find module '@/shared/lib/api-client' or its corresponding type declarations.
frontend/src/entities/match/api/get-matches.ts(3,28): error TS2307: Cannot find module '@/entities/match/model/types' or its corresponding type declarations.
frontend/src/entities/match/api/get-matches.ts(4,31): error TS2307: Cannot find module '@/shared/lib/api-client' or its corresponding type declarations.
frontend/src/entities/match/api/resolve-dispute.ts(3,31): error TS2307: Cannot find module '@/shared/lib/api-client' or its corresponding type declarations.
frontend/src/entities/measurement/api/measurements.ts(3,34): error TS2307: Cannot find module '@/entities/user/model/types' or its corresponding type declarations.
frontend/src/entities/measurement/api/measurements.ts(4,31): error TS2307: Cannot find module '@/shared/lib/api-client' or its corresponding type declarations.
frontend/src/entities/notification/api/notifications.ts(4,31): error TS2307: Cannot find module '@/shared/lib/api-client' or its corresponding type declarations.
frontend/src/entities/nutrition/api/nutrition.ts(3,31): error TS2307: Cannot find module '@/shared/lib/api-client' or its corresponding type declarations.
frontend/src/entities/player/ui/player-analysis-dialog.tsx(11,8): error TS2307: Cannot find module '@/shared/ui/dialog' or its corresponding type declarations.
frontend/src/entities/player/ui/player-analysis-dialog.tsx(12,24): error TS2307: Cannot find module '@/shared/ui/button' or its corresponding type declarations.
frontend/src/entities/player/ui/player-analysis-dialog.tsx(13,53): error TS2307: Cannot find module '@/shared/ui/alert' or its corresponding type declarations.
frontend/src/entities/player/ui/player-analysis-dialog.tsx(14,26): error TS2307: Cannot find module '@/shared/ui/skeleton' or its corresponding type declarations.
frontend/src/entities/player/ui/player-analysis-dialog.tsx(26,8): error TS2307: Cannot find module '@/shared/api/genkit/flows/analyze-esports-performance-flow' or its corresponding type declarations.
frontend/src/entities/player/ui/player-analysis-dialog.tsx(27,36): error TS2307: Cannot find module '@/entities/user/model/types' or its corresponding type declarations.
frontend/src/entities/player/ui/player-analysis-dialog.tsx(80,5): error TS17004: Cannot use JSX unless the '--jsx' flag is provided.
frontend/src/entities/player/ui/player-analysis-dialog.tsx(81,7): error TS17004: Cannot use JSX unless the '--jsx' flag is provided.
frontend/src/entities/player/ui/player-analysis-dialog.tsx(82,9): error TS17004: Cannot use JSX unless the '--jsx' flag is provided.
frontend/src/entities/player/ui/player-analysis-dialog.tsx(83,11): error TS17004: Cannot use JSX unless the '--jsx' flag is provided.
frontend/src/entities/player/ui/player-analysis-dialog.tsx(84,11): error TS17004: Cannot use JSX unless the '--jsx' flag is provided.
frontend/src/entities/player/ui/player-analysis-dialog.tsx(88,9): error TS17004: Cannot use JSX unless the '--jsx' flag is provided.
frontend/src/entities/player/ui/player-analysis-dialog.tsx(90,13): error TS17004: Cannot use JSX unless the '--jsx' flag is provided.
frontend/src/entities/player/ui/player-analysis-dialog.tsx(91,15): error TS17004: Cannot use JSX unless the '--jsx' flag is provided.
frontend/src/entities/player/ui/player-analysis-dialog.tsx(92,15): error TS17004: Cannot use JSX unless the '--jsx' flag is provided.
frontend/src/entities/player/ui/player-analysis-dialog.tsx(93,15): error TS17004: Cannot use JSX unless the '--jsx' flag is provided.
frontend/src/entities/player/ui/player-analysis-dialog.tsx(97,13): error TS17004: Cannot use JSX unless the '--jsx' flag is provided.
frontend/src/entities/player/ui/player-analysis-dialog.tsx(98,15): error TS17004: Cannot use JSX unless the '--jsx' flag is provided.
frontend/src/entities/player/ui/player-analysis-dialog.tsx(99,15): error TS17004: Cannot use JSX unless the '--jsx' flag is provided.
frontend/src/entities/player/ui/player-analysis-dialog.tsx(100,15): error TS17004: Cannot use JSX unless the '--jsx' flag is provided.
frontend/src/entities/player/ui/player-analysis-dialog.tsx(104,13): error TS17004: Cannot use JSX unless the '--jsx' flag is provided.
frontend/src/entities/player/ui/player-analysis-dialog.tsx(105,15): error TS17004: Cannot use JSX unless the '--jsx' flag is provided.
frontend/src/entities/player/ui/player-analysis-dialog.tsx(106,17): error TS17004: Cannot use JSX unless the '--jsx' flag is provided.
frontend/src/entities/player/ui/player-analysis-dialog.tsx(107,19): error TS17004: Cannot use JSX unless the '--jsx' flag is provided.
frontend/src/entities/player/ui/player-analysis-dialog.tsx(110,17): error TS17004: Cannot use JSX unless the '--jsx' flag is provided.
frontend/src/entities/player/ui/player-analysis-dialog.tsx(112,21): error TS17004: Cannot use JSX unless the '--jsx' flag is provided.
frontend/src/entities/player/ui/player-analysis-dialog.tsx(116,15): error TS17004: Cannot use JSX unless the '--jsx' flag is provided.
frontend/src/entities/player/ui/player-analysis-dialog.tsx(117,17): error TS17004: Cannot use JSX unless the '--jsx' flag is provided.
frontend/src/entities/player/ui/player-analysis-dialog.tsx(118,19): error TS17004: Cannot use JSX unless the '--jsx' flag is provided.
frontend/src/entities/player/ui/player-analysis-dialog.tsx(121,17): error TS17004: Cannot use JSX unless the '--jsx' flag is provided.
frontend/src/entities/player/ui/player-analysis-dialog.tsx(123,21): error TS17004: Cannot use JSX unless the '--jsx' flag is provided.
frontend/src/entities/player/ui/player-analysis-dialog.tsx(127,15): error TS17004: Cannot use JSX unless the '--jsx' flag is provided.
frontend/src/entities/player/ui/player-analysis-dialog.tsx(128,17): error TS17004: Cannot use JSX unless the '--jsx' flag is provided.
frontend/src/entities/player/ui/player-analysis-dialog.tsx(129,19): error TS17004: Cannot use JSX unless the '--jsx' flag is provided.
frontend/src/entities/player/ui/player-analysis-dialog.tsx(132,17): error TS17004: Cannot use JSX unless the '--jsx' flag is provided.
frontend/src/entities/player/ui/player-analysis-dialog.tsx(134,21): error TS17004: Cannot use JSX unless the '--jsx' flag is provided.
frontend/src/entities/player/ui/player-analysis-dialog.tsx(141,9): error TS17004: Cannot use JSX unless the '--jsx' flag is provided.
frontend/src/entities/player/ui/player-analysis-dialog.tsx(142,11): error TS17004: Cannot use JSX unless the '--jsx' flag is provided.
frontend/src/entities/player/ui/player-analysis-dialog.tsx(145,11): error TS17004: Cannot use JSX unless the '--jsx' flag is provided.
frontend/src/entities/player/ui/player-analysis-dialog.tsx(147,15): error TS17004: Cannot use JSX unless the '--jsx' flag is provided.
frontend/src/entities/player/ui/player-analysis-dialog.tsx(149,15): error TS17004: Cannot use JSX unless the '--jsx' flag is provided.
frontend/src/entities/player/ui/player-profile-tabs/achievements-tab.tsx(3,35): error TS2307: Cannot find module '@/shared/ui/card' or its corresponding type declarations.
frontend/src/entities/player/ui/player-profile-tabs/achievements-tab.tsx(4,34): error TS2307: Cannot find module '@/entities/achievement/model/types' or its corresponding type declarations.
frontend/src/entities/player/ui/player-profile-tabs/achievements-tab.tsx(37,5): error TS17004: Cannot use JSX unless the '--jsx' flag is provided.
frontend/src/entities/player/ui/player-profile-tabs/achievements-tab.tsx(38,7): error TS17004: Cannot use JSX unless the '--jsx' flag is provided.
frontend/src/entities/player/ui/player-profile-tabs/achievements-tab.tsx(39,9): error TS17004: Cannot use JSX unless the '--jsx' flag is provided.
frontend/src/entities/player/ui/player-profile-tabs/achievements-tab.tsx(44,15): error TS17004: Cannot use JSX unless the '--jsx' flag is provided.
frontend/src/entities/player/ui/player-profile-tabs/achievements-tab.tsx(48,17): error TS17004: Cannot use JSX unless the '--jsx' flag is provided.
frontend/src/entities/player/ui/player-profile-tabs/achievements-tab.tsx(51,28): error TS17004: Cannot use JSX unless the '--jsx' flag is provided.
frontend/src/entities/player/ui/player-profile-tabs/achievements-tab.tsx(53,17): error TS17004: Cannot use JSX unless the '--jsx' flag is provided.
frontend/src/entities/player/ui/player-profile-tabs/achievements-tab.tsx(54,17): error TS17004: Cannot use JSX unless the '--jsx' flag is provided.
frontend/src/entities/player/ui/player-profile-tabs/career-tab.tsx(10,8): error TS2307: Cannot find module '@/shared/ui/card' or its corresponding type declarations.
frontend/src/entities/player/ui/player-profile-tabs/career-tab.tsx(11,40): error TS2307: Cannot find module '@/entities/user/model/types' or its corresponding type declarations.
frontend/src/entities/player/ui/player-profile-tabs/career-tab.tsx(20,5): error TS17004: Cannot use JSX unless the '--jsx' flag is provided.
frontend/src/entities/player/ui/player-profile-tabs/career-tab.tsx(21,7): error TS17004: Cannot use JSX unless the '--jsx' flag is provided.
frontend/src/entities/player/ui/player-profile-tabs/career-tab.tsx(22,9): error TS17004: Cannot use JSX unless the '--jsx' flag is provided.
frontend/src/entities/player/ui/player-profile-tabs/career-tab.tsx(23,9): error TS17004: Cannot use JSX unless the '--jsx' flag is provided.
frontend/src/entities/player/ui/player-profile-tabs/career-tab.tsx(29,7): error TS17004: Cannot use JSX unless the '--jsx' flag is provided.
frontend/src/entities/player/ui/player-profile-tabs/career-tab.tsx(31,11): error TS17004: Cannot use JSX unless the '--jsx' flag is provided.
frontend/src/entities/player/ui/player-profile-tabs/career-tab.tsx(32,13): error TS17004: Cannot use JSX unless the '--jsx' flag is provided.
frontend/src/entities/player/ui/player-profile-tabs/career-tab.tsx(33,15): error TS17004: Cannot use JSX unless the '--jsx' flag is provided.
frontend/src/entities/player/ui/player-profile-tabs/career-tab.tsx(35,13): error TS17004: Cannot use JSX unless the '--jsx' flag is provided.
frontend/src/entities/player/ui/player-profile-tabs/career-tab.tsx(36,15): error TS17004: Cannot use JSX unless the '--jsx' flag is provided.
frontend/src/entities/player/ui/player-profile-tabs/career-tab.tsx(38,17): error TS17004: Cannot use JSX unless the '--jsx' flag is provided.
frontend/src/entities/player/ui/player-profile-tabs/career-tab.tsx(42,15): error TS17004: Cannot use JSX unless the '--jsx' flag is provided.
frontend/src/entities/player/ui/player-profile-tabs/career-tab.tsx(43,15): error TS17004: Cannot use JSX unless the '--jsx' flag is provided.
frontend/src/entities/player/ui/player-profile-tabs/gallery-tab.tsx(10,8): error TS2307: Cannot find module '@/shared/ui/card' or its corresponding type declarations.
frontend/src/entities/player/ui/player-profile-tabs/gallery-tab.tsx(12,24): error TS2307: Cannot find module '@/shared/ui/button' or its corresponding type declarations.
frontend/src/entities/player/ui/player-profile-tabs/gallery-tab.tsx(14,35): error TS2307: Cannot find module '@/widgets/media-upload-dialog' or its corresponding type declarations.
frontend/src/entities/player/ui/player-profile-tabs/gallery-tab.tsx(15,34): error TS2307: Cannot find module '@/entities/user/model/types' or its corresponding type declarations.
frontend/src/entities/player/ui/player-profile-tabs/gallery-tab.tsx(41,5): error TS17004: Cannot use JSX unless the '--jsx' flag is provided.
frontend/src/entities/player/ui/player-profile-tabs/gallery-tab.tsx(42,7): error TS17004: Cannot use JSX unless the '--jsx' flag is provided.
frontend/src/entities/player/ui/player-profile-tabs/gallery-tab.tsx(43,9): error TS17004: Cannot use JSX unless the '--jsx' flag is provided.
frontend/src/entities/player/ui/player-profile-tabs/gallery-tab.tsx(44,11): error TS17004: Cannot use JSX unless the '--jsx' flag is provided.
frontend/src/entities/player/ui/player-profile-tabs/gallery-tab.tsx(45,13): error TS17004: Cannot use JSX unless the '--jsx' flag is provided.
frontend/src/entities/player/ui/player-profile-tabs/gallery-tab.tsx(46,13): error TS17004: Cannot use JSX unless the '--jsx' flag is provided.
frontend/src/entities/player/ui/player-profile-tabs/gallery-tab.tsx(53,13): error TS17004: Cannot use JSX unless the '--jsx' flag is provided.
frontend/src/entities/player/ui/player-profile-tabs/gallery-tab.tsx(54,15): error TS17004: Cannot use JSX unless the '--jsx' flag is provided.
frontend/src/entities/player/ui/player-profile-tabs/gallery-tab.tsx(59,9): error TS17004: Cannot use JSX unless the '--jsx' flag is provided.
frontend/src/entities/player/ui/player-profile-tabs/gallery-tab.tsx(61,13): error TS17004: Cannot use JSX unless the '--jsx' flag is provided.
frontend/src/entities/player/ui/player-profile-tabs/gallery-tab.tsx(63,17): error TS17004: Cannot use JSX unless the '--jsx' flag is provided.
frontend/src/entities/player/ui/player-profile-tabs/gallery-tab.tsx(67,19): error TS17004: Cannot use JSX unless the '--jsx' flag is provided.
frontend/src/entities/player/ui/player-profile-tabs/gallery-tab.tsx(76,21): error TS17004: Cannot use JSX unless the '--jsx' flag is provided.
frontend/src/entities/player/ui/player-profile-tabs/gallery-tab.tsx(82,23): error TS17004: Cannot use JSX unless the '--jsx' flag is provided.
frontend/src/entities/player/ui/player-profile-tabs/gallery-tab.tsx(89,13): error TS17004: Cannot use JSX unless the '--jsx' flag is provided.
frontend/src/entities/player/ui/player-profile-tabs/gallery-tab.tsx(90,15): error TS17004: Cannot use JSX unless the '--jsx' flag is provided.
frontend/src/entities/player/ui/player-profile-tabs/gallery-tab.tsx(94,17): error TS17004: Cannot use JSX unless the '--jsx' flag is provided.
frontend/src/entities/player/ui/player-profile-tabs/gallery-tab.tsx(102,7): error TS17004: Cannot use JSX unless the '--jsx' flag is provided.
frontend/src/entities/player/ui/player-profile-tabs/overview-tab.tsx(3,36): error TS2307: Cannot find module '@/widgets/player-activity-feed' or its corresponding type declarations.
frontend/src/entities/player/ui/player-profile-tabs/overview-tab.tsx(4,41): error TS2307: Cannot find module '@/widgets/player-activity-feed' or its corresponding type declarations.
frontend/src/entities/player/ui/player-profile-tabs/overview-tab.tsx(11,10): error TS17004: Cannot use JSX unless the '--jsx' flag is provided.
frontend/src/entities/player/ui/player-profile-tabs/physical-prep-tab.tsx(9,8): error TS2307: Cannot find module '@/shared/ui/card' or its corresponding type declarations.
frontend/src/entities/player/ui/player-profile-tabs/physical-prep-tab.tsx(17,8): error TS2307: Cannot find module '@/shared/ui/table' or its corresponding type declarations.
frontend/src/entities/player/ui/player-profile-tabs/physical-prep-tab.tsx(18,38): error TS2307: Cannot find module '@/shared/lib/get-training-analytics' or its corresponding type declarations.
frontend/src/entities/player/ui/player-profile-tabs/physical-prep-tab.tsx(29,29): error TS2307: Cannot find module '@/widgets/analytics-charts/volume-chart' or its corresponding type declarations.
frontend/src/entities/player/ui/player-profile-tabs/physical-prep-tab.tsx(30,40): error TS2307: Cannot find module '@/widgets/player-performance-coach' or its corresponding type declarations.
frontend/src/entities/player/ui/player-profile-tabs/physical-prep-tab.tsx(31,30): error TS2307: Cannot find module '@/shared/context/nutrition-provider' or its corresponding type declarations.
frontend/src/entities/player/ui/player-profile-tabs/physical-prep-tab.tsx(32,29): error TS2307: Cannot find module '@/shared/context/training-provider' or its corresponding type declarations.
frontend/src/entities/player/ui/player-profile-tabs/physical-prep-tab.tsx(42,5): error TS17004: Cannot use JSX unless the '--jsx' flag is provided.
frontend/src/entities/player/ui/player-profile-tabs/physical-prep-tab.tsx(43,7): error TS17004: Cannot use JSX unless the '--jsx' flag is provided.
frontend/src/entities/player/ui/player-profile-tabs/physical-prep-tab.tsx(44,9): error TS17004: Cannot use JSX unless the '--jsx' flag is provided.
frontend/src/entities/player/ui/player-profile-tabs/physical-prep-tab.tsx(45,11): error TS17004: Cannot use JSX unless the '--jsx' flag is provided.
frontend/src/entities/player/ui/player-profile-tabs/physical-prep-tab.tsx(46,13): error TS17004: Cannot use JSX unless the '--jsx' flag is provided.
frontend/src/entities/player/ui/player-profile-tabs/physical-prep-tab.tsx(47,15): error TS17004: Cannot use JSX unless the '--jsx' flag is provided.
frontend/src/entities/player/ui/player-profile-tabs/physical-prep-tab.tsx(49,13): error TS17004: Cannot use JSX unless the '--jsx' flag is provided.
frontend/src/entities/player/ui/player-profile-tabs/physical-prep-tab.tsx(54,9): error TS17004: Cannot use JSX unless the '--jsx' flag is provided.
frontend/src/entities/player/ui/player-profile-tabs/physical-prep-tab.tsx(55,11): error TS17004: Cannot use JSX unless the '--jsx' flag is provided.
frontend/src/entities/player/ui/player-profile-tabs/physical-prep-tab.tsx(56,13): error TS17004: Cannot use JSX unless the '--jsx' flag is provided.
frontend/src/entities/player/ui/player-profile-tabs/physical-prep-tab.tsx(57,15): error TS17004: Cannot use JSX unless the '--jsx' flag is provided.
frontend/src/entities/player/ui/player-profile-tabs/physical-prep-tab.tsx(59,13): error TS17004: Cannot use JSX unless the '--jsx' flag is provided.
frontend/src/entities/player/ui/player-profile-tabs/physical-prep-tab.tsx(64,9): error TS17004: Cannot use JSX unless the '--jsx' flag is provided.
frontend/src/entities/player/ui/player-profile-tabs/physical-prep-tab.tsx(65,11): error TS17004: Cannot use JSX unless the '--jsx' flag is provided.
frontend/src/entities/player/ui/player-profile-tabs/physical-prep-tab.tsx(66,13): error TS17004: Cannot use JSX unless the '--jsx' flag is provided.
frontend/src/entities/player/ui/player-profile-tabs/physical-prep-tab.tsx(67,15): error TS17004: Cannot use JSX unless the '--jsx' flag is provided.
frontend/src/entities/player/ui/player-profile-tabs/physical-prep-tab.tsx(69,13): error TS17004: Cannot use JSX unless the '--jsx' flag is provided.
frontend/src/entities/player/ui/player-profile-tabs/physical-prep-tab.tsx(74,9): error TS17004: Cannot use JSX unless the '--jsx' flag is provided.
frontend/src/entities/player/ui/player-profile-tabs/physical-prep-tab.tsx(75,11): error TS17004: Cannot use JSX unless the '--jsx' flag is provided.
frontend/src/entities/player/ui/player-profile-tabs/physical-prep-tab.tsx(76,13): error TS17004: Cannot use JSX unless the '--jsx' flag is provided.
frontend/src/entities/player/ui/player-profile-tabs/physical-prep-tab.tsx(77,15): error TS17004: Cannot use JSX unless the '--jsx' flag is provided.
frontend/src/entities/player/ui/player-profile-tabs/physical-prep-tab.tsx(79,13): error TS17004: Cannot use JSX unless the '--jsx' flag is provided.
frontend/src/entities/player/ui/player-profile-tabs/physical-prep-tab.tsx(86,7): error TS17004: Cannot use JSX unless the '--jsx' flag is provided.
frontend/src/entities/player/ui/player-profile-tabs/physical-prep-tab.tsx(87,9): error TS17004: Cannot use JSX unless the '--jsx' flag is provided.
frontend/src/entities/player/ui/player-profile-tabs/physical-prep-tab.tsx(88,11): error TS17004: Cannot use JSX unless the '--jsx' flag is provided.
frontend/src/entities/player/ui/player-profile-tabs/physical-prep-tab.tsx(89,13): error TS17004: Cannot use JSX unless the '--jsx' flag is provided.
frontend/src/entities/player/ui/player-profile-tabs/physical-prep-tab.tsx(90,15): error TS17004: Cannot use JSX unless the '--jsx' flag is provided.
frontend/src/entities/player/ui/player-profile-tabs/physical-prep-tab.tsx(93,13): error TS17004: Cannot use JSX unless the '--jsx' flag is provided.
frontend/src/entities/player/ui/player-profile-tabs/physical-prep-tab.tsx(98,11): error TS17004: Cannot use JSX unless the '--jsx' flag is provided.
frontend/src/entities/player/ui/player-profile-tabs/physical-prep-tab.tsx(99,13): error TS17004: Cannot use JSX unless the '--jsx' flag is provided.
frontend/src/entities/player/ui/player-profile-tabs/physical-prep-tab.tsx(100,15): error TS17004: Cannot use JSX unless the '--jsx' flag is provided.
frontend/src/entities/player/ui/player-profile-tabs/physical-prep-tab.tsx(101,17): error TS17004: Cannot use JSX unless the '--jsx' flag is provided.
frontend/src/entities/player/ui/player-profile-tabs/physical-prep-tab.tsx(102,19): error TS17004: Cannot use JSX unless the '--jsx' flag is provided.
frontend/src/entities/player/ui/player-profile-tabs/physical-prep-tab.tsx(103,19): error TS17004: Cannot use JSX unless the '--jsx' flag is provided.
frontend/src/entities/player/ui/player-profile-tabs/physical-prep-tab.tsx(104,19): error TS17004: Cannot use JSX unless the '--jsx' flag is provided.
frontend/src/entities/player/ui/player-profile-tabs/physical-prep-tab.tsx(107,15): error TS17004: Cannot use JSX unless the '--jsx' flag is provided.
frontend/src/entities/player/ui/player-profile-tabs/physical-prep-tab.tsx(109,19): error TS17004: Cannot use JSX unless the '--jsx' flag is provided.
frontend/src/entities/player/ui/player-profile-tabs/physical-prep-tab.tsx(110,21): error TS17004: Cannot use JSX unless the '--jsx' flag is provided.
frontend/src/entities/player/ui/player-profile-tabs/physical-prep-tab.tsx(113,21): error TS17004: Cannot use JSX unless the '--jsx' flag is provided.
frontend/src/entities/player/ui/player-profile-tabs/physical-prep-tab.tsx(116,21): error TS17004: Cannot use JSX unless the '--jsx' flag is provided.
frontend/src/entities/player/ui/player-profile-tabs/physical-prep-tab.tsx(128,9): error TS17004: Cannot use JSX unless the '--jsx' flag is provided.
frontend/src/entities/player/ui/player-profile-tabs/physical-prep-tab.tsx(129,11): error TS17004: Cannot use JSX unless the '--jsx' flag is provided.
frontend/src/entities/player/ui/player-profile-tabs/physical-prep-tab.tsx(130,13): error TS17004: Cannot use JSX unless the '--jsx' flag is provided.
frontend/src/entities/player/ui/player-profile-tabs/physical-prep-tab.tsx(131,15): error TS17004: Cannot use JSX unless the '--jsx' flag is provided.
frontend/src/entities/player/ui/player-profile-tabs/physical-prep-tab.tsx(134,13): error TS17004: Cannot use JSX unless the '--jsx' flag is provided.
frontend/src/entities/player/ui/player-profile-tabs/physical-prep-tab.tsx(138,11): error TS17004: Cannot use JSX unless the '--jsx' flag is provided.
frontend/src/entities/player/ui/player-profile-tabs/physical-prep-tab.tsx(139,13): error TS17004: Cannot use JSX unless the '--jsx' flag is provided.
frontend/src/entities/player/ui/player-profile-tabs/physical-prep-tab.tsx(144,7): error TS17004: Cannot use JSX unless the '--jsx' flag is provided.
frontend/src/entities/player/ui/player-profile-tabs/stats-tab.tsx(9,8): error TS2307: Cannot find module '@/shared/ui/card' or its corresponding type declarations.
frontend/src/entities/player/ui/player-profile-tabs/stats-tab.tsx(18,30): error TS2307: Cannot find module '@/widgets/analytics-charts/win-loss-chart' or its corresponding type declarations.
frontend/src/entities/player/ui/player-profile-tabs/stats-tab.tsx(19,35): error TS2307: Cannot find module '@/widgets/analytics-charts/winrate-by-map-chart' or its corresponding type declarations.
frontend/src/entities/player/ui/player-profile-tabs/stats-tab.tsx(20,26): error TS2307: Cannot find module '@/widgets/analytics-charts/kda-chart' or its corresponding type declarations.
frontend/src/entities/player/ui/player-profile-tabs/stats-tab.tsx(21,34): error TS2307: Cannot find module '@/entities/user/model/types' or its corresponding type declarations.
frontend/src/entities/player/ui/player-profile-tabs/stats-tab.tsx(22,26): error TS2307: Cannot find module '@/shared/ui/skeleton' or its corresponding type declarations.
frontend/src/entities/player/ui/player-profile-tabs/stats-tab.tsx(33,3): error TS17004: Cannot use JSX unless the '--jsx' flag is provided.
frontend/src/entities/player/ui/player-profile-tabs/stats-tab.tsx(34,5): error TS17004: Cannot use JSX unless the '--jsx' flag is provided.
frontend/src/entities/player/ui/player-profile-tabs/stats-tab.tsx(35,7): error TS17004: Cannot use JSX unless the '--jsx' flag is provided.
frontend/src/entities/player/ui/player-profile-tabs/stats-tab.tsx(36,7): error TS17004: Cannot use JSX unless the '--jsx' flag is provided.
frontend/src/entities/player/ui/player-profile-tabs/stats-tab.tsx(38,5): error TS17004: Cannot use JSX unless the '--jsx' flag is provided.
frontend/src/entities/player/ui/player-profile-tabs/stats-tab.tsx(39,7): error TS17004: Cannot use JSX unless the '--jsx' flag is provided.
frontend/src/entities/player/ui/player-profile-tabs/stats-tab.tsx(47,7): error TS17004: Cannot use JSX unless the '--jsx' flag is provided.
frontend/src/entities/player/ui/player-profile-tabs/stats-tab.tsx(48,9): error TS17004: Cannot use JSX unless the '--jsx' flag is provided.
frontend/src/entities/player/ui/player-profile-tabs/stats-tab.tsx(49,11): error TS17004: Cannot use JSX unless the '--jsx' flag is provided.
frontend/src/entities/player/ui/player-profile-tabs/stats-tab.tsx(50,11): error TS17004: Cannot use JSX unless the '--jsx' flag is provided.
frontend/src/entities/player/ui/player-profile-tabs/stats-tab.tsx(51,11): error TS17004: Cannot use JSX unless the '--jsx' flag is provided.
frontend/src/entities/player/ui/player-profile-tabs/stats-tab.tsx(52,11): error TS17004: Cannot use JSX unless the '--jsx' flag is provided.
frontend/src/entities/player/ui/player-profile-tabs/stats-tab.tsx(54,9): error TS17004: Cannot use JSX unless the '--jsx' flag is provided.
frontend/src/entities/player/ui/player-profile-tabs/stats-tab.tsx(55,11): error TS17004: Cannot use JSX unless the '--jsx' flag is provided.
frontend/src/entities/player/ui/player-profile-tabs/stats-tab.tsx(56,11): error TS17004: Cannot use JSX unless the '--jsx' flag is provided.
frontend/src/entities/player/ui/player-profile-tabs/stats-tab.tsx(58,9): error TS17004: Cannot use JSX unless the '--jsx' flag is provided.
frontend/src/entities/player/ui/player-profile-tabs/stats-tab.tsx(64,5): error TS17004: Cannot use JSX unless the '--jsx' flag is provided.
frontend/src/entities/player/ui/player-profile-tabs/stats-tab.tsx(65,7): error TS17004: Cannot use JSX unless the '--jsx' flag is provided.
frontend/src/entities/player/ui/player-profile-tabs/stats-tab.tsx(66,9): error TS17004: Cannot use JSX unless the '--jsx' flag is provided.
frontend/src/entities/player/ui/player-profile-tabs/stats-tab.tsx(71,9): error TS17004: Cannot use JSX unless the '--jsx' flag is provided.
frontend/src/entities/player/ui/player-profile-tabs/stats-tab.tsx(76,9): error TS17004: Cannot use JSX unless the '--jsx' flag is provided.
frontend/src/entities/player/ui/player-profile-tabs/stats-tab.tsx(81,9): error TS17004: Cannot use JSX unless the '--jsx' flag is provided.
frontend/src/entities/player/ui/player-profile-tabs/stats-tab.tsx(88,7): error TS17004: Cannot use JSX unless the '--jsx' flag is provided.
frontend/src/entities/player/ui/player-profile-tabs/stats-tab.tsx(89,9): error TS17004: Cannot use JSX unless the '--jsx' flag is provided.
frontend/src/entities/player/ui/player-profile-tabs/stats-tab.tsx(90,11): error TS17004: Cannot use JSX unless the '--jsx' flag is provided.
frontend/src/entities/player/ui/player-profile-tabs/stats-tab.tsx(92,9): error TS17004: Cannot use JSX unless the '--jsx' flag is provided.
frontend/src/entities/player/ui/player-profile-tabs/stats-tab.tsx(93,11): error TS17004: Cannot use JSX unless the '--jsx' flag is provided.
frontend/src/entities/player/ui/player-profile-tabs/stats-tab.tsx(94,13): error TS17004: Cannot use JSX unless the '--jsx' flag is provided.
frontend/src/entities/player/ui/player-profile-tabs/stats-tab.tsx(95,15): error TS17004: Cannot use JSX unless the '--jsx' flag is provided.
frontend/src/entities/player/ui/player-profile-tabs/stats-tab.tsx(98,13): error TS17004: Cannot use JSX unless the '--jsx' flag is provided.
frontend/src/entities/player/ui/player-profile-tabs/stats-tab.tsx(102,11): error TS17004: Cannot use JSX unless the '--jsx' flag is provided.
frontend/src/entities/player/ui/player-profile-tabs/stats-tab.tsx(103,13): error TS17004: Cannot use JSX unless the '--jsx' flag is provided.
frontend/src/entities/player/ui/player-profile-tabs/stats-tab.tsx(108,7): error TS17004: Cannot use JSX unless the '--jsx' flag is provided.
frontend/src/entities/player/ui/player-profile-tabs/stats-tab.tsx(109,9): error TS17004: Cannot use JSX unless the '--jsx' flag is provided.
frontend/src/entities/player/ui/player-profile-tabs/stats-tab.tsx(110,11): error TS17004: Cannot use JSX unless the '--jsx' flag is provided.
frontend/src/entities/player/ui/player-profile-tabs/stats-tab.tsx(111,13): error TS17004: Cannot use JSX unless the '--jsx' flag is provided.
frontend/src/entities/player/ui/player-profile-tabs/stats-tab.tsx(114,11): error TS17004: Cannot use JSX unless the '--jsx' flag is provided.
frontend/src/entities/player/ui/player-profile-tabs/stats-tab.tsx(118,9): error TS17004: Cannot use JSX unless the '--jsx' flag is provided.
frontend/src/entities/player/ui/player-profile-tabs/stats-tab.tsx(119,11): error TS17004: Cannot use JSX unless the '--jsx' flag is provided.
frontend/src/entities/player/ui/player-profile-tabs/teams-tab.tsx(11,8): error TS2307: Cannot find module '@/shared/ui/card' or its corresponding type declarations.
frontend/src/entities/player/ui/player-profile-tabs/teams-tab.tsx(12,23): error TS2307: Cannot find module '@/shared/ui/badge' or its corresponding type declarations.
frontend/src/entities/player/ui/player-profile-tabs/teams-tab.tsx(13,31): error TS2307: Cannot find module '@/entities/team/model/types' or its corresponding type declarations.
frontend/src/entities/player/ui/player-profile-tabs/teams-tab.tsx(23,5): error TS17004: Cannot use JSX unless the '--jsx' flag is provided.
frontend/src/entities/player/ui/player-profile-tabs/teams-tab.tsx(24,7): error TS17004: Cannot use JSX unless the '--jsx' flag is provided.
frontend/src/entities/player/ui/player-profile-tabs/teams-tab.tsx(25,9): error TS17004: Cannot use JSX unless the '--jsx' flag is provided.
frontend/src/entities/player/ui/player-profile-tabs/teams-tab.tsx(26,9): error TS17004: Cannot use JSX unless the '--jsx' flag is provided.
frontend/src/entities/player/ui/player-profile-tabs/teams-tab.tsx(32,7): error TS17004: Cannot use JSX unless the '--jsx' flag is provided.
frontend/src/entities/player/ui/player-profile-tabs/teams-tab.tsx(33,9): error TS17004: Cannot use JSX unless the '--jsx' flag is provided.
frontend/src/entities/player/ui/player-profile-tabs/teams-tab.tsx(35,13): error TS17004: Cannot use JSX unless the '--jsx' flag is provided.
frontend/src/entities/player/ui/player-profile-tabs/teams-tab.tsx(40,15): error TS17004: Cannot use JSX unless the '--jsx' flag is provided.
frontend/src/entities/player/ui/player-profile-tabs/teams-tab.tsx(48,15): error TS17004: Cannot use JSX unless the '--jsx' flag is provided.
frontend/src/entities/player/ui/player-profile-tabs/teams-tab.tsx(51,15): error TS17004: Cannot use JSX unless the '--jsx' flag is provided.
frontend/src/entities/player/ui/player-profile-tabs/teams-tab.tsx(54,15): error TS17004: Cannot use JSX unless the '--jsx' flag is provided.
frontend/src/entities/player/ui/player-profile-tabs/teams-tab.tsx(55,17): error TS17004: Cannot use JSX unless the '--jsx' flag is provided.
frontend/src/entities/player/ui/player-profile.tsx(4,53): error TS2307: Cannot find module '@/shared/ui/avatar' or its corresponding type declarations.
frontend/src/entities/player/ui/player-profile.tsx(5,23): error TS2307: Cannot find module '@/shared/ui/badge' or its corresponding type declarations.
frontend/src/entities/player/ui/player-profile.tsx(6,24): error TS2307: Cannot find module '@/shared/ui/button' or its corresponding type declarations.
frontend/src/entities/player/ui/player-profile.tsx(7,35): error TS2307: Cannot find module '@/shared/ui/card' or its corresponding type declarations.
frontend/src/entities/player/ui/player-profile.tsx(8,26): error TS2307: Cannot find module '@/shared/ui/progress' or its corresponding type declarations.
frontend/src/entities/player/ui/player-profile.tsx(9,58): error TS2307: Cannot find module '@/shared/ui/tabs' or its corresponding type declarations.
frontend/src/entities/player/ui/player-profile.tsx(34,26): error TS2307: Cannot find module '@/shared/ui/skeleton' or its corresponding type declarations.
frontend/src/entities/player/ui/player-profile.tsx(35,33): error TS2307: Cannot find module '@/shared/config/ranks' or its corresponding type declarations.
frontend/src/entities/player/ui/player-profile.tsx(41,8): error TS2307: Cannot find module '@/shared/ui/tooltip' or its corresponding type declarations.
frontend/src/entities/player/ui/player-profile.tsx(42,20): error TS2307: Cannot find module '@/shared/lib/utils' or its corresponding type declarations.
frontend/src/entities/player/ui/player-profile.tsx(44,43): error TS2307: Cannot find module '@/features/user-avatar-generator' or its corresponding type declarations.
frontend/src/entities/player/ui/player-profile.tsx(51,8): error TS2307: Cannot find module '@/shared/ui/dropdown-menu' or its corresponding type declarations.
frontend/src/entities/player/ui/player-profile.tsx(52,36): error TS2307: Cannot find module '@/features/report-player-dialog' or its corresponding type declarations.
frontend/src/entities/player/ui/player-profile.tsx(56,46): error TS2307: Cannot find module '@/features/profile-banner-generator' or its corresponding type declarations.
frontend/src/entities/player/ui/player-profile.tsx(57,37): error TS2307: Cannot find module '@/widgets/holistic-analysis-tab' or its corresponding type declarations.
frontend/src/entities/player/ui/player-profile.tsx(61,8): error TS2307: Cannot find module '@/widgets/player-activity-feed' or its corresponding type declarations.
frontend/src/entities/player/ui/player-profile.tsx(67,8): error TS2307: Cannot find module '@/entities/user/model/types' or its corresponding type declarations.
frontend/src/entities/player/ui/player-profile.tsx(68,31): error TS2307: Cannot find module '@/entities/team/model/types' or its corresponding type declarations.
frontend/src/entities/player/ui/player-profile.tsx(69,34): error TS2307: Cannot find module '@/entities/achievement/model/types' or its corresponding type declarations.
frontend/src/entities/player/ui/player-profile.tsx(70,39): error TS2307: Cannot find module '@/widgets/propose-training-dialog' or its corresponding type declarations.
frontend/src/entities/player/ui/player-profile.tsx(74,5): error TS1323: Dynamic imports are only supported when the '--module' flag is set to 'es2020', 'es2022', 'esnext', 'commonjs', 'amd', 'system', 'umd', 'node16', 'node18', or 'nodenext'.
frontend/src/entities/player/ui/player-profile.tsx(74,12): error TS2307: Cannot find module '@/entities/player/ui/player-profile-tabs/career-tab' or its corresponding type declarations.
frontend/src/entities/player/ui/player-profile.tsx(79,7): error TS17004: Cannot use JSX unless the '--jsx' flag is provided.
frontend/src/entities/player/ui/player-profile.tsx(80,9): error TS17004: Cannot use JSX unless the '--jsx' flag is provided.
frontend/src/entities/player/ui/player-profile.tsx(81,11): error TS17004: Cannot use JSX unless the '--jsx' flag is provided.
frontend/src/entities/player/ui/player-profile.tsx(90,5): error TS1323: Dynamic imports are only supported when the '--module' flag is set to 'es2020', 'es2022', 'esnext', 'commonjs', 'amd', 'system', 'umd', 'node16', 'node18', or 'nodenext'.
frontend/src/entities/player/ui/player-profile.tsx(90,12): error TS2307: Cannot find module '@/entities/player/ui/player-profile-tabs/achievements-tab' or its corresponding type declarations.
frontend/src/entities/player/ui/player-profile.tsx(95,7): error TS17004: Cannot use JSX unless the '--jsx' flag is provided.
frontend/src/entities/player/ui/player-profile.tsx(96,9): error TS17004: Cannot use JSX unless the '--jsx' flag is provided.
frontend/src/entities/player/ui/player-profile.tsx(97,11): error TS17004: Cannot use JSX unless the '--jsx' flag is provided.
frontend/src/entities/player/ui/player-profile.tsx(106,5): error TS1323: Dynamic imports are only supported when the '--module' flag is set to 'es2020', 'es2022', 'esnext', 'commonjs', 'amd', 'system', 'umd', 'node16', 'node18', or 'nodenext'.
frontend/src/entities/player/ui/player-profile.tsx(106,12): error TS2307: Cannot find module '@/entities/player/ui/player-profile-tabs/teams-tab' or its corresponding type declarations.
frontend/src/entities/player/ui/player-profile.tsx(111,7): error TS17004: Cannot use JSX unless the '--jsx' flag is provided.
frontend/src/entities/player/ui/player-profile.tsx(112,9): error TS17004: Cannot use JSX unless the '--jsx' flag is provided.
frontend/src/entities/player/ui/player-profile.tsx(113,11): error TS17004: Cannot use JSX unless the '--jsx' flag is provided.
frontend/src/entities/player/ui/player-profile.tsx(122,5): error TS1323: Dynamic imports are only supported when the '--module' flag is set to 'es2020', 'es2022', 'esnext', 'commonjs', 'amd', 'system', 'umd', 'node16', 'node18', or 'nodenext'.
frontend/src/entities/player/ui/player-profile.tsx(122,12): error TS2307: Cannot find module '@/entities/player/ui/player-profile-tabs/gallery-tab' or its corresponding type declarations.
frontend/src/entities/player/ui/player-profile.tsx(127,7): error TS17004: Cannot use JSX unless the '--jsx' flag is provided.
frontend/src/entities/player/ui/player-profile.tsx(128,9): error TS17004: Cannot use JSX unless the '--jsx' flag is provided.
frontend/src/entities/player/ui/player-profile.tsx(129,11): error TS17004: Cannot use JSX unless the '--jsx' flag is provided.
frontend/src/entities/player/ui/player-profile.tsx(138,5): error TS1323: Dynamic imports are only supported when the '--module' flag is set to 'es2020', 'es2022', 'esnext', 'commonjs', 'amd', 'system', 'umd', 'node16', 'node18', or 'nodenext'.
frontend/src/entities/player/ui/player-profile.tsx(138,12): error TS2307: Cannot find module '@/entities/player/ui/player-profile-tabs/stats-tab' or its corresponding type declarations.
frontend/src/entities/player/ui/player-profile.tsx(143,7): error TS17004: Cannot use JSX unless the '--jsx' flag is provided.
frontend/src/entities/player/ui/player-profile.tsx(144,9): error TS17004: Cannot use JSX unless the '--jsx' flag is provided.
frontend/src/entities/player/ui/player-profile.tsx(145,11): error TS17004: Cannot use JSX unless the '--jsx' flag is provided.
frontend/src/entities/player/ui/player-profile.tsx(154,5): error TS1323: Dynamic imports are only supported when the '--module' flag is set to 'es2020', 'es2022', 'esnext', 'commonjs', 'amd', 'system', 'umd', 'node16', 'node18', or 'nodenext'.
frontend/src/entities/player/ui/player-profile.tsx(154,12): error TS2307: Cannot find module '@/entities/player/ui/player-profile-tabs/physical-prep-tab' or its corresponding type declarations.
frontend/src/entities/player/ui/player-profile.tsx(159,7): error TS17004: Cannot use JSX unless the '--jsx' flag is provided.
frontend/src/entities/player/ui/player-profile.tsx(160,9): error TS17004: Cannot use JSX unless the '--jsx' flag is provided.
frontend/src/entities/player/ui/player-profile.tsx(161,11): error TS17004: Cannot use JSX unless the '--jsx' flag is provided.
frontend/src/entities/player/ui/player-profile.tsx(209,5): error TS17004: Cannot use JSX unless the '--jsx' flag is provided.
frontend/src/entities/player/ui/player-profile.tsx(210,7): error TS17004: Cannot use JSX unless the '--jsx' flag is provided.
frontend/src/entities/player/ui/player-profile.tsx(211,9): error TS17004: Cannot use JSX unless the '--jsx' flag is provided.
frontend/src/entities/player/ui/player-profile.tsx(212,11): error TS17004: Cannot use JSX unless the '--jsx' flag is provided.
frontend/src/entities/player/ui/player-profile.tsx(219,11): error TS17004: Cannot use JSX unless the '--jsx' flag is provided.
frontend/src/entities/player/ui/player-profile.tsx(221,13): error TS17004: Cannot use JSX unless the '--jsx' flag is provided.
frontend/src/entities/player/ui/player-profile.tsx(228,15): error TS17004: Cannot use JSX unless the '--jsx' flag is provided.
frontend/src/entities/player/ui/player-profile.tsx(229,15): error TS17004: Cannot use JSX unless the '--jsx' flag is provided.
frontend/src/entities/player/ui/player-profile.tsx(234,9): error TS17004: Cannot use JSX unless the '--jsx' flag is provided.
frontend/src/entities/player/ui/player-profile.tsx(235,11): error TS17004: Cannot use JSX unless the '--jsx' flag is provided.
frontend/src/entities/player/ui/player-profile.tsx(236,13): error TS17004: Cannot use JSX unless the '--jsx' flag is provided.
frontend/src/entities/player/ui/player-profile.tsx(237,15): error TS17004: Cannot use JSX unless the '--jsx' flag is provided.
frontend/src/entities/player/ui/player-profile.tsx(238,17): error TS17004: Cannot use JSX unless the '--jsx' flag is provided.
frontend/src/entities/player/ui/player-profile.tsx(243,17): error TS17004: Cannot use JSX unless the '--jsx' flag is provided.
frontend/src/entities/player/ui/player-profile.tsx(246,17): error TS17004: Cannot use JSX unless the '--jsx' flag is provided.
frontend/src/entities/player/ui/player-profile.tsx(253,19): error TS17004: Cannot use JSX unless the '--jsx' flag is provided.
frontend/src/entities/player/ui/player-profile.tsx(254,19): error TS17004: Cannot use JSX unless the '--jsx' flag is provided.
frontend/src/entities/player/ui/player-profile.tsx(259,13): error TS17004: Cannot use JSX unless the '--jsx' flag is provided.
frontend/src/entities/player/ui/player-profile.tsx(260,15): error TS17004: Cannot use JSX unless the '--jsx' flag is provided.
frontend/src/entities/player/ui/player-profile.tsx(261,17): error TS17004: Cannot use JSX unless the '--jsx' flag is provided.
frontend/src/entities/player/ui/player-profile.tsx(262,19): error TS17004: Cannot use JSX unless the '--jsx' flag is provided.
frontend/src/entities/player/ui/player-profile.tsx(263,21): error TS17004: Cannot use JSX unless the '--jsx' flag is provided.
frontend/src/entities/player/ui/player-profile.tsx(267,23): error TS17004: Cannot use JSX unless the '--jsx' flag is provided.
frontend/src/entities/player/ui/player-profile.tsx(270,19): error TS17004: Cannot use JSX unless the '--jsx' flag is provided.
frontend/src/entities/player/ui/player-profile.tsx(272,17): error TS17004: Cannot use JSX unless the '--jsx' flag is provided.
frontend/src/entities/player/ui/player-profile.tsx(274,21): error TS17004: Cannot use JSX unless the '--jsx' flag is provided.
frontend/src/entities/player/ui/player-profile.tsx(275,23): error TS17004: Cannot use JSX unless the '--jsx' flag is provided.
frontend/src/entities/player/ui/player-profile.tsx(276,25): error TS17004: Cannot use JSX unless the '--jsx' flag is provided.
frontend/src/entities/player/ui/player-profile.tsx(278,23): error TS17004: Cannot use JSX unless the '--jsx' flag is provided.
frontend/src/entities/player/ui/player-profile.tsx(279,25): error TS17004: Cannot use JSX unless the '--jsx' flag is provided.
frontend/src/entities/player/ui/player-profile.tsx(283,21): error TS17004: Cannot use JSX unless the '--jsx' flag is provided.
frontend/src/entities/player/ui/player-profile.tsx(284,23): error TS17004: Cannot use JSX unless the '--jsx' flag is provided.
frontend/src/entities/player/ui/player-profile.tsx(285,25): error TS17004: Cannot use JSX unless the '--jsx' flag is provided.
frontend/src/entities/player/ui/player-profile.tsx(287,23): error TS17004: Cannot use JSX unless the '--jsx' flag is provided.
frontend/src/entities/player/ui/player-profile.tsx(288,25): error TS17004: Cannot use JSX unless the '--jsx' flag is provided.
frontend/src/entities/player/ui/player-profile.tsx(289,27): error TS17004: Cannot use JSX unless the '--jsx' flag is provided.
frontend/src/entities/player/ui/player-profile.tsx(290,29): error TS17004: Cannot use JSX unless the '--jsx' flag is provided.
frontend/src/entities/player/ui/player-profile.tsx(291,29): error TS17004: Cannot use JSX unless the '--jsx' flag is provided.
frontend/src/entities/player/ui/player-profile.tsx(294,25): error TS17004: Cannot use JSX unless the '--jsx' flag is provided.
frontend/src/entities/player/ui/player-profile.tsx(295,27): error TS17004: Cannot use JSX unless the '--jsx' flag is provided.
frontend/src/entities/player/ui/player-profile.tsx(298,29): error TS17004: Cannot use JSX unless the '--jsx' flag is provided.
frontend/src/entities/player/ui/player-profile.tsx(301,27): error TS17004: Cannot use JSX unless the '--jsx' flag is provided.
frontend/src/entities/player/ui/player-profile.tsx(302,29): error TS17004: Cannot use JSX unless the '--jsx' flag is provided.
frontend/src/entities/player/ui/player-profile.tsx(305,27): error TS17004: Cannot use JSX unless the '--jsx' flag is provided.
frontend/src/entities/player/ui/player-profile.tsx(306,27): error TS17004: Cannot use JSX unless the '--jsx' flag is provided.
frontend/src/entities/player/ui/player-profile.tsx(310,29): error TS17004: Cannot use JSX unless the '--jsx' flag is provided.
frontend/src/entities/player/ui/player-profile.tsx(318,15): error TS17004: Cannot use JSX unless the '--jsx' flag is provided.
frontend/src/entities/player/ui/player-profile.tsx(319,17): error TS17004: Cannot use JSX unless the '--jsx' flag is provided.
frontend/src/entities/player/ui/player-profile.tsx(320,17): error TS17004: Cannot use JSX unless the '--jsx' flag is provided.
frontend/src/entities/player/ui/player-profile.tsx(321,17): error TS17004: Cannot use JSX unless the '--jsx' flag is provided.
frontend/src/entities/player/ui/player-profile.tsx(323,19): error TS17004: Cannot use JSX unless the '--jsx' flag is provided.
frontend/src/entities/player/ui/player-profile.tsx(324,21): error TS17004: Cannot use JSX unless the '--jsx' flag is provided.
frontend/src/entities/player/ui/player-profile.tsx(325,23): error TS17004: Cannot use JSX unless the '--jsx' flag is provided.
frontend/src/entities/player/ui/player-profile.tsx(326,25): error TS17004: Cannot use JSX unless the '--jsx' flag is provided.
frontend/src/entities/player/ui/player-profile.tsx(330,27): error TS17004: Cannot use JSX unless the '--jsx' flag is provided.
frontend/src/entities/player/ui/player-profile.tsx(336,23): error TS17004: Cannot use JSX unless the '--jsx' flag is provided.
frontend/src/entities/player/ui/player-profile.tsx(337,25): error TS17004: Cannot use JSX unless the '--jsx' flag is provided.
frontend/src/entities/player/ui/player-profile.tsx(338,25): error TS17004: Cannot use JSX unless the '--jsx' flag is provided.
frontend/src/entities/player/ui/player-profile.tsx(350,9): error TS17004: Cannot use JSX unless the '--jsx' flag is provided.
frontend/src/entities/player/ui/player-profile.tsx(351,11): error TS17004: Cannot use JSX unless the '--jsx' flag is provided.
frontend/src/entities/player/ui/player-profile.tsx(352,13): error TS17004: Cannot use JSX unless the '--jsx' flag is provided.
frontend/src/entities/player/ui/player-profile.tsx(353,15): error TS17004: Cannot use JSX unless the '--jsx' flag is provided.
frontend/src/entities/player/ui/player-profile.tsx(354,15): error TS17004: Cannot use JSX unless the '--jsx' flag is provided.
frontend/src/entities/player/ui/player-profile.tsx(362,13): error TS17004: Cannot use JSX unless the '--jsx' flag is provided.
frontend/src/entities/player/ui/player-profile.tsx(366,9): error TS17004: Cannot use JSX unless the '--jsx' flag is provided.
frontend/src/entities/player/ui/player-profile.tsx(367,11): error TS17004: Cannot use JSX unless the '--jsx' flag is provided.
frontend/src/entities/player/ui/player-profile.tsx(368,13): error TS17004: Cannot use JSX unless the '--jsx' flag is provided.
frontend/src/entities/player/ui/player-profile.tsx(369,13): error TS17004: Cannot use JSX unless the '--jsx' flag is provided.
frontend/src/entities/player/ui/player-profile.tsx(370,15): error TS17004: Cannot use JSX unless the '--jsx' flag is provided.
frontend/src/entities/player/ui/player-profile.tsx(379,11): error TS17004: Cannot use JSX unless the '--jsx' flag is provided.
frontend/src/entities/player/ui/player-profile.tsx(380,13): error TS17004: Cannot use JSX unless the '--jsx' flag is provided.
frontend/src/entities/player/ui/player-profile.tsx(381,13): error TS17004: Cannot use JSX unless the '--jsx' flag is provided.
frontend/src/entities/player/ui/player-profile.tsx(382,15): error TS17004: Cannot use JSX unless the '--jsx' flag is provided.
frontend/src/entities/player/ui/player-profile.tsx(385,11): error TS17004: Cannot use JSX unless the '--jsx' flag is provided.
frontend/src/entities/player/ui/player-profile.tsx(386,13): error TS17004: Cannot use JSX unless the '--jsx' flag is provided.
frontend/src/entities/player/ui/player-profile.tsx(387,13): error TS17004: Cannot use JSX unless the '--jsx' flag is provided.
frontend/src/entities/player/ui/player-profile.tsx(389,17): error TS17004: Cannot use JSX unless the '--jsx' flag is provided.
frontend/src/entities/player/ui/player-profile.tsx(395,11): error TS17004: Cannot use JSX unless the '--jsx' flag is provided.
frontend/src/entities/player/ui/player-profile.tsx(396,13): error TS17004: Cannot use JSX unless the '--jsx' flag is provided.
frontend/src/entities/player/ui/player-profile.tsx(397,13): error TS17004: Cannot use JSX unless the '--jsx' flag is provided.
frontend/src/entities/player/ui/player-profile.tsx(398,15): error TS17004: Cannot use JSX unless the '--jsx' flag is provided.
frontend/src/entities/player/ui/player-profile.tsx(399,17): error TS17004: Cannot use JSX unless the '--jsx' flag is provided.
frontend/src/entities/player/ui/player-profile.tsx(406,15): error TS17004: Cannot use JSX unless the '--jsx' flag is provided.
frontend/src/entities/player/ui/player-profile.tsx(407,17): error TS17004: Cannot use JSX unless the '--jsx' flag is provided.
frontend/src/entities/player/ui/player-profile.tsx(408,19): error TS17004: Cannot use JSX unless the '--jsx' flag is provided.
frontend/src/entities/player/ui/player-profile.tsx(409,21): error TS17004: Cannot use JSX unless the '--jsx' flag is provided.
frontend/src/entities/player/ui/player-profile.tsx(413,19): error TS17004: Cannot use JSX unless the '--jsx' flag is provided.
frontend/src/entities/player/ui/player-profile.tsx(414,21): error TS17004: Cannot use JSX unless the '--jsx' flag is provided.
frontend/src/entities/player/ui/player-profile.tsx(422,9): error TS17004: Cannot use JSX unless the '--jsx' flag is provided.
frontend/src/entities/player/ui/player-profile.tsx(423,11): error TS17004: Cannot use JSX unless the '--jsx' flag is provided.
frontend/src/entities/player/ui/player-profile.tsx(424,13): error TS17004: Cannot use JSX unless the '--jsx' flag is provided.
frontend/src/entities/player/ui/player-profile.tsx(425,15): error TS17004: Cannot use JSX unless the '--jsx' flag is provided.
frontend/src/entities/player/ui/player-profile.tsx(426,17): error TS17004: Cannot use JSX unless the '--jsx' flag is provided.
frontend/src/entities/player/ui/player-profile.tsx(429,15): error TS17004: Cannot use JSX unless the '--jsx' flag is provided.
frontend/src/entities/player/ui/player-profile.tsx(430,17): error TS17004: Cannot use JSX unless the '--jsx' flag is provided.
frontend/src/entities/player/ui/player-profile.tsx(433,15): error TS17004: Cannot use JSX unless the '--jsx' flag is provided.
frontend/src/entities/player/ui/player-profile.tsx(434,17): error TS17004: Cannot use JSX unless the '--jsx' flag is provided.
frontend/src/entities/player/ui/player-profile.tsx(437,15): error TS17004: Cannot use JSX unless the '--jsx' flag is provided.
frontend/src/entities/player/ui/player-profile.tsx(438,17): error TS17004: Cannot use JSX unless the '--jsx' flag is provided.
frontend/src/entities/player/ui/player-profile.tsx(441,15): error TS17004: Cannot use JSX unless the '--jsx' flag is provided.
frontend/src/entities/player/ui/player-profile.tsx(442,17): error TS17004: Cannot use JSX unless the '--jsx' flag is provided.
frontend/src/entities/player/ui/player-profile.tsx(445,15): error TS17004: Cannot use JSX unless the '--jsx' flag is provided.
frontend/src/entities/player/ui/player-profile.tsx(446,17): error TS17004: Cannot use JSX unless the '--jsx' flag is provided.
frontend/src/entities/player/ui/player-profile.tsx(449,15): error TS17004: Cannot use JSX unless the '--jsx' flag is provided.
frontend/src/entities/player/ui/player-profile.tsx(450,17): error TS17004: Cannot use JSX unless the '--jsx' flag is provided.
frontend/src/entities/player/ui/player-profile.tsx(453,15): error TS17004: Cannot use JSX unless the '--jsx' flag is provided.
frontend/src/entities/player/ui/player-profile.tsx(454,17): error TS17004: Cannot use JSX unless the '--jsx' flag is provided.
frontend/src/entities/player/ui/player-profile.tsx(459,13): error TS17004: Cannot use JSX unless the '--jsx' flag is provided.
frontend/src/entities/player/ui/player-profile.tsx(460,15): error TS17004: Cannot use JSX unless the '--jsx' flag is provided.
frontend/src/entities/player/ui/player-profile.tsx(463,13): error TS17004: Cannot use JSX unless the '--jsx' flag is provided.
frontend/src/entities/player/ui/player-profile.tsx(464,15): error TS17004: Cannot use JSX unless the '--jsx' flag is provided.
frontend/src/entities/player/ui/player-profile.tsx(464,25): error TS2322: Type '{ stats: any; }' is not assignable to type 'IntrinsicAttributes'.
  Property 'stats' does not exist on type 'IntrinsicAttributes'.
frontend/src/entities/player/ui/player-profile.tsx(467,13): error TS17004: Cannot use JSX unless the '--jsx' flag is provided.
frontend/src/entities/player/ui/player-profile.tsx(468,15): error TS17004: Cannot use JSX unless the '--jsx' flag is provided.
frontend/src/entities/player/ui/player-profile.tsx(471,13): error TS17004: Cannot use JSX unless the '--jsx' flag is provided.
frontend/src/entities/player/ui/player-profile.tsx(472,15): error TS17004: Cannot use JSX unless the '--jsx' flag is provided.
frontend/src/entities/player/ui/player-profile.tsx(475,13): error TS17004: Cannot use JSX unless the '--jsx' flag is provided.
frontend/src/entities/player/ui/player-profile.tsx(476,15): error TS17004: Cannot use JSX unless the '--jsx' flag is provided.
frontend/src/entities/player/ui/player-profile.tsx(477,17): error TS2322: Type '{ careerHistory: CareerHistoryItem[]; isCurrentUser: boolean; }' is not assignable to type 'IntrinsicAttributes'.
  Property 'careerHistory' does not exist on type 'IntrinsicAttributes'.
frontend/src/entities/player/ui/player-profile.tsx(482,13): error TS17004: Cannot use JSX unless the '--jsx' flag is provided.
frontend/src/entities/player/ui/player-profile.tsx(483,15): error TS17004: Cannot use JSX unless the '--jsx' flag is provided.
frontend/src/entities/player/ui/player-profile.tsx(483,32): error TS2322: Type '{ achievements: Achievement[]; }' is not assignable to type 'IntrinsicAttributes'.
  Property 'achievements' does not exist on type 'IntrinsicAttributes'.
frontend/src/entities/player/ui/player-profile.tsx(486,13): error TS17004: Cannot use JSX unless the '--jsx' flag is provided.
frontend/src/entities/player/ui/player-profile.tsx(487,15): error TS17004: Cannot use JSX unless the '--jsx' flag is provided.
frontend/src/entities/player/ui/player-profile.tsx(488,17): error TS2322: Type '{ teams: UserTeam[]; isCurrentUser: boolean; userName: any; }' is not assignable to type 'IntrinsicAttributes'.
  Property 'teams' does not exist on type 'IntrinsicAttributes'.
frontend/src/entities/player/ui/player-profile.tsx(494,13): error TS17004: Cannot use JSX unless the '--jsx' flag is provided.
frontend/src/entities/player/ui/player-profile.tsx(495,15): error TS17004: Cannot use JSX unless the '--jsx' flag is provided.
frontend/src/entities/player/ui/player-profile.tsx(495,27): error TS2322: Type '{ gallery: GalleryItem[]; isCurrentUser: boolean; }' is not assignable to type 'IntrinsicAttributes'.
  Property 'gallery' does not exist on type 'IntrinsicAttributes'.
frontend/src/entities/player/ui/player-profile.tsx(500,7): error TS17004: Cannot use JSX unless the '--jsx' flag is provided.
frontend/src/entities/player/ui/player-profile.tsx(506,7): error TS17004: Cannot use JSX unless the '--jsx' flag is provided.
frontend/src/entities/player/ui/player-profile.tsx(513,7): error TS17004: Cannot use JSX unless the '--jsx' flag is provided.
frontend/src/entities/player/ui/player-profile.tsx(519,7): error TS17004: Cannot use JSX unless the '--jsx' flag is provided.
frontend/src/entities/playground/api/activity.ts(3,31): error TS2307: Cannot find module '@/shared/lib/api-client' or its corresponding type declarations.
frontend/src/entities/playground/api/condition.ts(2,31): error TS2307: Cannot find module '@/shared/lib/api-client' or its corresponding type declarations.
frontend/src/entities/playground/api/leaderboard.ts(3,31): error TS2307: Cannot find module '@/shared/lib/api-client' or its corresponding type declarations.
frontend/src/entities/playground/api/playgrounds.ts(7,8): error TS2307: Cannot find module '@/entities/playground/model/types' or its corresponding type declarations.
frontend/src/entities/playground/api/playgrounds.ts(9,31): error TS2307: Cannot find module '@/shared/lib/api-client' or its corresponding type declarations.
frontend/src/entities/playground/api/report.ts(3,31): error TS2307: Cannot find module '@/shared/lib/api-client' or its corresponding type declarations.
frontend/src/entities/playground/api/review-summary.ts(3,31): error TS2307: Cannot find module '@/shared/lib/api-client' or its corresponding type declarations.
frontend/src/entities/playground/api/reviews.ts(3,49): error TS2307: Cannot find module '@/shared/lib/api-client' or its corresponding type declarations.
frontend/src/entities/playground/api/schedule.ts(3,31): error TS2307: Cannot find module '@/shared/lib/api-client' or its corresponding type declarations.
frontend/src/entities/playground/api/schedule.ts(4,31): error TS2307: Cannot find module '@/entities/lfg/model/types' or its corresponding type declarations.
frontend/src/entities/poll/api/polls.ts(3,31): error TS2307: Cannot find module '@/shared/lib/api-client' or its corresponding type declarations.
frontend/src/entities/promotion/api/promotions.ts(3,31): error TS2307: Cannot find module '@/shared/lib/api-client' or its corresponding type declarations.
frontend/src/entities/quest/api/quests.ts(3,31): error TS2307: Cannot find module '@/shared/lib/api-client' or its corresponding type declarations.
frontend/src/entities/report/api/reports.ts(3,31): error TS2307: Cannot find module '@/shared/lib/api-client' or its corresponding type declarations.
frontend/src/entities/sponsor/api/sponsors.ts(3,30): error TS2307: Cannot find module '@/entities/sponsor/model/types' or its corresponding type declarations.
frontend/src/entities/sponsor/api/sponsors.ts(4,36): error TS2307: Cannot find module '@/entities/sponsorship/model/types' or its corresponding type declarations.
frontend/src/entities/sponsor/api/sponsors.ts(5,32): error TS2307: Cannot find module '@/entities/promotion/model/types' or its corresponding type declarations.
frontend/src/entities/sponsorship/api/offers.ts(3,31): error TS2307: Cannot find module '@/shared/lib/api-client' or its corresponding type declarations.
frontend/src/entities/sponsorship/api/sponsorship.ts(3,47): error TS2307: Cannot find module '@/entities/sponsorship/model/types' or its corresponding type declarations.
frontend/src/entities/sponsorship/api/sponsorship.ts(4,31): error TS2307: Cannot find module '@/shared/lib/api-client' or its corresponding type declarations.
frontend/src/entities/sponsorship/model/types.ts(1,27): error TS2307: Cannot find module '@/entities/team/model/types' or its corresponding type declarations.
frontend/src/entities/sport/api/sports.ts(4,31): error TS2307: Cannot find module '@/shared/lib/api-client' or its corresponding type declarations.
frontend/src/entities/store/api/store.ts(4,31): error TS2307: Cannot find module '@/shared/lib/api-client' or its corresponding type declarations.
frontend/src/entities/team-application/api/applications.ts(3,31): error TS2307: Cannot find module '@/shared/lib/api-client' or its corresponding type declarations.
frontend/src/entities/team-application/model/types.ts(1,27): error TS2307: Cannot find module '@/shared/lib/types' or its corresponding type declarations.
frontend/src/entities/team/api/create-team.ts(3,31): error TS2307: Cannot find module '@/shared/lib/api-client' or its corresponding type declarations.
frontend/src/entities/team/api/get-leaderboard.ts(3,42): error TS2307: Cannot find module '@/entities/leaderboard/model/types' or its corresponding type declarations.
frontend/src/entities/team/api/get-team-by-slug.ts(6,8): error TS2307: Cannot find module '@/entities/team/model/types' or its corresponding type declarations.
frontend/src/entities/team/api/get-team-by-slug.ts(7,31): error TS2307: Cannot find module '@/shared/lib/api-client' or its corresponding type declarations.
frontend/src/entities/team/api/get-team-dashboard.ts(3,28): error TS2307: Cannot find module '@/entities/match/model/types' or its corresponding type declarations.
frontend/src/entities/team/api/get-team-dashboard.ts(4,31): error TS2307: Cannot find module '@/shared/lib/api-client' or its corresponding type declarations.
frontend/src/entities/team/api/join-team.ts(3,28): error TS2307: Cannot find module '@/features/auth/session' or its corresponding type declarations.
frontend/src/entities/team/api/join-team.ts(5,31): error TS2307: Cannot find module '@/shared/lib/api-client' or its corresponding type declarations.
frontend/src/entities/team/api/practices.ts(3,31): error TS2307: Cannot find module '@/shared/lib/api-client' or its corresponding type declarations.
frontend/src/entities/team/api/teams.ts(3,40): error TS2307: Cannot find module '@/entities/team/model/types' or its corresponding type declarations.
frontend/src/entities/team/api/teams.ts(4,31): error TS2307: Cannot find module '@/shared/lib/api-client' or its corresponding type declarations.
frontend/src/entities/team/api/teams.ts(6,51): error TS2307: Cannot find module '@/shared/api/genkit/flows/analyze-team-performance-flow' or its corresponding type declarations.
frontend/src/entities/tournament/api/announcements.ts(3,31): error TS2307: Cannot find module '@/shared/lib/api-client' or its corresponding type declarations.
frontend/src/entities/tournament/api/get-tournament.ts(9,8): error TS2307: Cannot find module '@/entities/tournament/model/types' or its corresponding type declarations.
frontend/src/entities/tournament/api/get-tournament.ts(10,31): error TS2307: Cannot find module '@/shared/lib/api-client' or its corresponding type declarations.
frontend/src/entities/tournament/api/get-tournaments.ts(3,33): error TS2307: Cannot find module '@/entities/tournament/model/types' or its corresponding type declarations.
frontend/src/entities/tournament/api/get-tournaments.ts(4,36): error TS2307: Cannot find module '@/entities/user/model/types' or its corresponding type declarations.
frontend/src/entities/tournament/api/get-tournaments.ts(5,31): error TS2307: Cannot find module '@/shared/lib/api-client' or its corresponding type declarations.
frontend/src/entities/tournament/api/judges.ts(3,31): error TS2307: Cannot find module '@/shared/lib/api-client' or its corresponding type declarations.
frontend/src/entities/tournament/api/judges.ts(5,34): error TS2307: Cannot find module '@/shared/lib/types' or its corresponding type declarations.
frontend/src/entities/tournament/api/media.ts(3,31): error TS2307: Cannot find module '@/shared/lib/api-client' or its corresponding type declarations.
frontend/src/entities/tournament/api/medical.ts(3,31): error TS2307: Cannot find module '@/shared/lib/api-client' or its corresponding type declarations.
frontend/src/entities/tournament/api/participants.ts(3,31): error TS2307: Cannot find module '@/shared/lib/api-client' or its corresponding type declarations.
frontend/src/entities/tournament/api/participants.ts(5,27): error TS2307: Cannot find module '@/shared/lib/types' or its corresponding type declarations.
frontend/src/entities/tournament/api/participants.ts(9,8): error TS2307: Cannot find module '@/entities/team-application/model/types' or its corresponding type declarations.
frontend/src/entities/tournament/api/register-team.ts(3,28): error TS2307: Cannot find module '@/features/auth/session' or its corresponding type declarations.
frontend/src/entities/tournament/api/register-team.ts(5,47): error TS2307: Cannot find module '@/entities/team/model/types' or its corresponding type declarations.
frontend/src/entities/tournament/api/register-team.ts(6,31): error TS2307: Cannot find module '@/shared/lib/api-client' or its corresponding type declarations.
frontend/src/entities/tournament/api/register-team.ts(7,38): error TS2307: Cannot find module '@/entities/user/model/types' or its corresponding type declarations.
frontend/src/entities/tournament/api/sponsors.ts(3,31): error TS2307: Cannot find module '@/shared/lib/api-client' or its corresponding type declarations.
frontend/src/entities/tournament/api/sponsors.ts(5,45): error TS2307: Cannot find module '@/entities/sponsor/model/types' or its corresponding type declarations.
frontend/src/entities/tournament/api/tournaments.ts(4,31): error TS2307: Cannot find module '@/shared/lib/api-client' or its corresponding type declarations.
frontend/src/entities/training-program/api/assign-program.ts(3,31): error TS2307: Cannot find module '@/shared/lib/api-client' or its corresponding type declarations.
frontend/src/entities/training-program/api/get-programs.ts(3,38): error TS2307: Cannot find module '@/entities/training-program/model/types' or its corresponding type declarations.
frontend/src/entities/training-program/api/get-training-log.ts(4,31): error TS2307: Cannot find module '@/shared/lib/api-client' or its corresponding type declarations.
frontend/src/entities/training-program/api/programs.ts(3,31): error TS2307: Cannot find module '@/shared/lib/api-client' or its corresponding type declarations.
frontend/src/entities/training-proposal/api/training-proposals.ts(3,31): error TS2307: Cannot find module '@/shared/lib/api-client' or its corresponding type declarations.
frontend/src/entities/user/api/friends.ts(4,31): error TS2307: Cannot find module '@/shared/lib/api-client' or its corresponding type declarations.
frontend/src/entities/user/api/get-player-stats.ts(3,31): error TS2307: Cannot find module '@/shared/lib/api-client' or its corresponding type declarations.
frontend/src/entities/user/api/get-user.ts(3,41): error TS2307: Cannot find module '@/widgets/player-activity-feed' or its corresponding type declarations.
frontend/src/entities/user/api/get-user.ts(9,8): error TS2307: Cannot find module '@/entities/user/model/types' or its corresponding type declarations.
frontend/src/entities/user/api/get-user.ts(13,31): error TS2307: Cannot find module '@/shared/lib/api-client' or its corresponding type declarations.
frontend/src/entities/user/api/get-user.ts(15,40): error TS2307: Cannot find module '@/entities/achievement/api/achievements' or its corresponding type declarations.
frontend/src/entities/user/api/get-user.ts(16,34): error TS2307: Cannot find module '@/entities/achievement/model/types' or its corresponding type declarations.
frontend/src/entities/user/api/get-user.ts(17,31): error TS2307: Cannot find module '@/entities/feed/model/types' or its corresponding type declarations.
frontend/src/entities/user/api/get-users.ts(3,27): error TS2307: Cannot find module '@/shared/lib/types' or its corresponding type declarations.
frontend/src/entities/user/api/get-users.ts(4,31): error TS2307: Cannot find module '@/shared/lib/api-client' or its corresponding type declarations.
frontend/src/entities/user/model/types.ts(1,31): error TS2307: Cannot find module '@/entities/feed/model/types' or its corresponding type declarations.
frontend/src/entities/user/ui/admin-profile-tabs/achievements-tab.tsx(3,35): error TS2307: Cannot find module '@/shared/ui/card' or its corresponding type declarations.
frontend/src/entities/user/ui/admin-profile-tabs/achievements-tab.tsx(4,34): error TS2307: Cannot find module '@/entities/achievement/model/types' or its corresponding type declarations.
frontend/src/entities/user/ui/admin-profile-tabs/achievements-tab.tsx(31,5): error TS17004: Cannot use JSX unless the '--jsx' flag is provided.
frontend/src/entities/user/ui/admin-profile-tabs/achievements-tab.tsx(32,7): error TS17004: Cannot use JSX unless the '--jsx' flag is provided.
frontend/src/entities/user/ui/admin-profile-tabs/achievements-tab.tsx(33,9): error TS17004: Cannot use JSX unless the '--jsx' flag is provided.
frontend/src/entities/user/ui/admin-profile-tabs/achievements-tab.tsx(38,15): error TS17004: Cannot use JSX unless the '--jsx' flag is provided.
frontend/src/entities/user/ui/admin-profile-tabs/achievements-tab.tsx(42,17): error TS17004: Cannot use JSX unless the '--jsx' flag is provided.
frontend/src/entities/user/ui/admin-profile-tabs/achievements-tab.tsx(45,28): error TS17004: Cannot use JSX unless the '--jsx' flag is provided.
frontend/src/entities/user/ui/admin-profile-tabs/achievements-tab.tsx(47,17): error TS17004: Cannot use JSX unless the '--jsx' flag is provided.
frontend/src/entities/user/ui/admin-profile-tabs/achievements-tab.tsx(48,17): error TS17004: Cannot use JSX unless the '--jsx' flag is provided.
frontend/src/entities/user/ui/admin-profile-tabs/stats-tab.tsx(3,62): error TS2307: Cannot find module '@/shared/ui/card' or its corresponding type declarations.
frontend/src/entities/user/ui/admin-profile-tabs/stats-tab.tsx(7,5): error TS17004: Cannot use JSX unless the '--jsx' flag is provided.
frontend/src/entities/user/ui/admin-profile-tabs/stats-tab.tsx(8,7): error TS17004: Cannot use JSX unless the '--jsx' flag is provided.
frontend/src/entities/user/ui/admin-profile-tabs/stats-tab.tsx(9,9): error TS17004: Cannot use JSX unless the '--jsx' flag is provided.
frontend/src/entities/user/ui/admin-profile-tabs/stats-tab.tsx(10,11): error TS17004: Cannot use JSX unless the '--jsx' flag is provided.
frontend/src/entities/user/ui/admin-profile-tabs/stats-tab.tsx(11,11): error TS17004: Cannot use JSX unless the '--jsx' flag is provided.
frontend/src/entities/user/ui/admin-profile-tabs/stats-tab.tsx(14,7): error TS17004: Cannot use JSX unless the '--jsx' flag is provided.
frontend/src/entities/user/ui/admin-profile-tabs/stats-tab.tsx(15,9): error TS17004: Cannot use JSX unless the '--jsx' flag is provided.
frontend/src/entities/user/ui/admin-profile-tabs/stats-tab.tsx(16,11): error TS17004: Cannot use JSX unless the '--jsx' flag is provided.
frontend/src/entities/user/ui/admin-profile-tabs/stats-tab.tsx(17,11): error TS17004: Cannot use JSX unless the '--jsx' flag is provided.
frontend/src/entities/user/ui/admin-profile-tabs/stats-tab.tsx(20,7): error TS17004: Cannot use JSX unless the '--jsx' flag is provided.
frontend/src/entities/user/ui/admin-profile-tabs/stats-tab.tsx(21,9): error TS17004: Cannot use JSX unless the '--jsx' flag is provided.
frontend/src/entities/user/ui/admin-profile-tabs/stats-tab.tsx(22,11): error TS17004: Cannot use JSX unless the '--jsx' flag is provided.
frontend/src/entities/user/ui/admin-profile-tabs/stats-tab.tsx(23,11): error TS17004: Cannot use JSX unless the '--jsx' flag is provided.
frontend/src/entities/user/ui/admin-profile-tabs/stats-tab.tsx(26,7): error TS17004: Cannot use JSX unless the '--jsx' flag is provided.
frontend/src/entities/user/ui/admin-profile-tabs/stats-tab.tsx(27,9): error TS17004: Cannot use JSX unless the '--jsx' flag is provided.
frontend/src/entities/user/ui/admin-profile-tabs/stats-tab.tsx(28,11): error TS17004: Cannot use JSX unless the '--jsx' flag is provided.
frontend/src/entities/user/ui/admin-profile-tabs/stats-tab.tsx(29,11): error TS17004: Cannot use JSX unless the '--jsx' flag is provided.
frontend/src/entities/user/ui/admin-profile.tsx(5,53): error TS2307: Cannot find module '@/shared/ui/avatar' or its corresponding type declarations.
frontend/src/entities/user/ui/admin-profile.tsx(6,23): error TS2307: Cannot find module '@/shared/ui/badge' or its corresponding type declarations.
frontend/src/entities/user/ui/admin-profile.tsx(7,24): error TS2307: Cannot find module '@/shared/ui/button' or its corresponding type declarations.
frontend/src/entities/user/ui/admin-profile.tsx(8,35): error TS2307: Cannot find module '@/shared/ui/card' or its corresponding type declarations.
frontend/src/entities/user/ui/admin-profile.tsx(9,58): error TS2307: Cannot find module '@/shared/ui/tabs' or its corresponding type declarations.
frontend/src/entities/user/ui/admin-profile.tsx(10,26): error TS2307: Cannot find module '@/shared/ui/skeleton' or its corresponding type declarations.
frontend/src/entities/user/ui/admin-profile.tsx(13,43): error TS2307: Cannot find module '@/features/user-avatar-generator' or its corresponding type declarations.
frontend/src/entities/user/ui/admin-profile.tsx(15,46): error TS2307: Cannot find module '@/features/profile-banner-generator' or its corresponding type declarations.
frontend/src/entities/user/ui/admin-profile.tsx(17,34): error TS2307: Cannot find module '@/entities/achievement/model/types' or its corresponding type declarations.
frontend/src/entities/user/ui/admin-profile.tsx(21,5): error TS1323: Dynamic imports are only supported when the '--module' flag is set to 'es2020', 'es2022', 'esnext', 'commonjs', 'amd', 'system', 'umd', 'node16', 'node18', or 'nodenext'.
frontend/src/entities/user/ui/admin-profile.tsx(21,12): error TS2307: Cannot find module '@/entities/user/ui/admin-profile-tabs/stats-tab' or its corresponding type declarations.
frontend/src/entities/user/ui/admin-profile.tsx(26,7): error TS17004: Cannot use JSX unless the '--jsx' flag is provided.
frontend/src/entities/user/ui/admin-profile.tsx(27,9): error TS17004: Cannot use JSX unless the '--jsx' flag is provided.
frontend/src/entities/user/ui/admin-profile.tsx(28,9): error TS17004: Cannot use JSX unless the '--jsx' flag is provided.
frontend/src/entities/user/ui/admin-profile.tsx(29,9): error TS17004: Cannot use JSX unless the '--jsx' flag is provided.
frontend/src/entities/user/ui/admin-profile.tsx(30,9): error TS17004: Cannot use JSX unless the '--jsx' flag is provided.
frontend/src/entities/user/ui/admin-profile.tsx(38,5): error TS1323: Dynamic imports are only supported when the '--module' flag is set to 'es2020', 'es2022', 'esnext', 'commonjs', 'amd', 'system', 'umd', 'node16', 'node18', or 'nodenext'.
frontend/src/entities/user/ui/admin-profile.tsx(38,12): error TS2307: Cannot find module '@/entities/user/ui/admin-profile-tabs/achievements-tab' or its corresponding type declarations.
frontend/src/entities/user/ui/admin-profile.tsx(43,7): error TS17004: Cannot use JSX unless the '--jsx' flag is provided.
frontend/src/entities/user/ui/admin-profile.tsx(44,9): error TS17004: Cannot use JSX unless the '--jsx' flag is provided.
frontend/src/entities/user/ui/admin-profile.tsx(45,11): error TS17004: Cannot use JSX unless the '--jsx' flag is provided.
frontend/src/entities/user/ui/admin-profile.tsx(69,5): error TS17004: Cannot use JSX unless the '--jsx' flag is provided.
frontend/src/entities/user/ui/admin-profile.tsx(70,7): error TS17004: Cannot use JSX unless the '--jsx' flag is provided.
frontend/src/entities/user/ui/admin-profile.tsx(71,9): error TS17004: Cannot use JSX unless the '--jsx' flag is provided.
frontend/src/entities/user/ui/admin-profile.tsx(72,11): error TS17004: Cannot use JSX unless the '--jsx' flag is provided.
frontend/src/entities/user/ui/admin-profile.tsx(79,11): error TS17004: Cannot use JSX unless the '--jsx' flag is provided.
frontend/src/entities/user/ui/admin-profile.tsx(80,11): error TS17004: Cannot use JSX unless the '--jsx' flag is provided.
frontend/src/entities/user/ui/admin-profile.tsx(87,13): error TS17004: Cannot use JSX unless the '--jsx' flag is provided.
frontend/src/entities/user/ui/admin-profile.tsx(88,13): error TS17004: Cannot use JSX unless the '--jsx' flag is provided.
frontend/src/entities/user/ui/admin-profile.tsx(91,9): error TS17004: Cannot use JSX unless the '--jsx' flag is provided.
frontend/src/entities/user/ui/admin-profile.tsx(92,11): error TS17004: Cannot use JSX unless the '--jsx' flag is provided.
frontend/src/entities/user/ui/admin-profile.tsx(93,13): error TS17004: Cannot use JSX unless the '--jsx' flag is provided.
frontend/src/entities/user/ui/admin-profile.tsx(94,15): error TS17004: Cannot use JSX unless the '--jsx' flag is provided.
frontend/src/entities/user/ui/admin-profile.tsx(95,17): error TS17004: Cannot use JSX unless the '--jsx' flag is provided.
frontend/src/entities/user/ui/admin-profile.tsx(100,17): error TS17004: Cannot use JSX unless the '--jsx' flag is provided.
frontend/src/entities/user/ui/admin-profile.tsx(102,15): error TS17004: Cannot use JSX unless the '--jsx' flag is provided.
frontend/src/entities/user/ui/admin-profile.tsx(109,17): error TS17004: Cannot use JSX unless the '--jsx' flag is provided.
frontend/src/entities/user/ui/admin-profile.tsx(110,17): error TS17004: Cannot use JSX unless the '--jsx' flag is provided.
frontend/src/entities/user/ui/admin-profile.tsx(113,13): error TS17004: Cannot use JSX unless the '--jsx' flag is provided.
frontend/src/entities/user/ui/admin-profile.tsx(114,15): error TS17004: Cannot use JSX unless the '--jsx' flag is provided.
frontend/src/entities/user/ui/admin-profile.tsx(115,17): error TS17004: Cannot use JSX unless the '--jsx' flag is provided.
frontend/src/entities/user/ui/admin-profile.tsx(116,19): error TS17004: Cannot use JSX unless the '--jsx' flag is provided.
frontend/src/entities/user/ui/admin-profile.tsx(119,19): error TS17004: Cannot use JSX unless the '--jsx' flag is provided.
frontend/src/entities/user/ui/admin-profile.tsx(121,17): error TS17004: Cannot use JSX unless the '--jsx' flag is provided.
frontend/src/entities/user/ui/admin-profile.tsx(122,19): error TS17004: Cannot use JSX unless the '--jsx' flag is provided.
frontend/src/entities/user/ui/admin-profile.tsx(123,21): error TS17004: Cannot use JSX unless the '--jsx' flag is provided.
frontend/src/entities/user/ui/admin-profile.tsx(127,15): error TS17004: Cannot use JSX unless the '--jsx' flag is provided.
frontend/src/entities/user/ui/admin-profile.tsx(128,17): error TS17004: Cannot use JSX unless the '--jsx' flag is provided.
frontend/src/entities/user/ui/admin-profile.tsx(129,17): error TS17004: Cannot use JSX unless the '--jsx' flag is provided.
frontend/src/entities/user/ui/admin-profile.tsx(134,9): error TS17004: Cannot use JSX unless the '--jsx' flag is provided.
frontend/src/entities/user/ui/admin-profile.tsx(135,11): error TS17004: Cannot use JSX unless the '--jsx' flag is provided.
frontend/src/entities/user/ui/admin-profile.tsx(136,13): error TS17004: Cannot use JSX unless the '--jsx' flag is provided.
frontend/src/entities/user/ui/admin-profile.tsx(137,15): error TS17004: Cannot use JSX unless the '--jsx' flag is provided.
frontend/src/entities/user/ui/admin-profile.tsx(138,15): error TS17004: Cannot use JSX unless the '--jsx' flag is provided.
frontend/src/entities/user/ui/admin-profile.tsx(142,13): error TS17004: Cannot use JSX unless the '--jsx' flag is provided.
frontend/src/entities/user/ui/admin-profile.tsx(143,15): error TS17004: Cannot use JSX unless the '--jsx' flag is provided.
frontend/src/entities/user/ui/admin-profile.tsx(145,13): error TS17004: Cannot use JSX unless the '--jsx' flag is provided.
frontend/src/entities/user/ui/admin-profile.tsx(146,15): error TS17004: Cannot use JSX unless the '--jsx' flag is provided.
frontend/src/entities/user/ui/admin-profile.tsx(146,37): error TS2322: Type '{ achievements: Achievement[]; }' is not assignable to type 'IntrinsicAttributes'.
  Property 'achievements' does not exist on type 'IntrinsicAttributes'.
frontend/src/entities/user/ui/admin-profile.tsx(151,7): error TS17004: Cannot use JSX unless the '--jsx' flag is provided.
frontend/src/entities/user/ui/admin-profile.tsx(157,7): error TS17004: Cannot use JSX unless the '--jsx' flag is provided.
frontend/src/entities/user/ui/coach-profile-tabs/achievements-tab.tsx(3,35): error TS2307: Cannot find module '@/shared/ui/card' or its corresponding type declarations.
frontend/src/entities/user/ui/coach-profile-tabs/achievements-tab.tsx(4,34): error TS2307: Cannot find module '@/entities/achievement/model/types' or its corresponding type declarations.
frontend/src/entities/user/ui/coach-profile-tabs/achievements-tab.tsx(31,5): error TS17004: Cannot use JSX unless the '--jsx' flag is provided.
frontend/src/entities/user/ui/coach-profile-tabs/achievements-tab.tsx(32,7): error TS17004: Cannot use JSX unless the '--jsx' flag is provided.
frontend/src/entities/user/ui/coach-profile-tabs/achievements-tab.tsx(33,9): error TS17004: Cannot use JSX unless the '--jsx' flag is provided.
frontend/src/entities/user/ui/coach-profile-tabs/achievements-tab.tsx(38,15): error TS17004: Cannot use JSX unless the '--jsx' flag is provided.
frontend/src/entities/user/ui/coach-profile-tabs/achievements-tab.tsx(42,17): error TS17004: Cannot use JSX unless the '--jsx' flag is provided.
frontend/src/entities/user/ui/coach-profile-tabs/achievements-tab.tsx(45,28): error TS17004: Cannot use JSX unless the '--jsx' flag is provided.
frontend/src/entities/user/ui/coach-profile-tabs/achievements-tab.tsx(47,17): error TS17004: Cannot use JSX unless the '--jsx' flag is provided.
frontend/src/entities/user/ui/coach-profile-tabs/achievements-tab.tsx(48,17): error TS17004: Cannot use JSX unless the '--jsx' flag is provided.
frontend/src/entities/user/ui/coach-profile-tabs/my-players-tab.tsx(10,8): error TS2307: Cannot find module '@/shared/ui/card' or its corresponding type declarations.
frontend/src/entities/user/ui/coach-profile-tabs/my-players-tab.tsx(11,53): error TS2307: Cannot find module '@/shared/ui/avatar' or its corresponding type declarations.
frontend/src/entities/user/ui/coach-profile-tabs/my-players-tab.tsx(12,24): error TS2307: Cannot find module '@/shared/ui/button' or its corresponding type declarations.
frontend/src/entities/user/ui/coach-profile-tabs/my-players-tab.tsx(14,23): error TS2307: Cannot find module '@/shared/ui/badge' or its corresponding type declarations.
frontend/src/entities/user/ui/coach-profile-tabs/my-players-tab.tsx(16,38): error TS2307: Cannot find module '@/entities/user/ui/player-analysis-dialog' or its corresponding type declarations.
frontend/src/entities/user/ui/coach-profile-tabs/my-players-tab.tsx(17,36): error TS2307: Cannot find module '@/entities/user/model/types' or its corresponding type declarations.
frontend/src/entities/user/ui/coach-profile-tabs/my-players-tab.tsx(35,5): error TS17004: Cannot use JSX unless the '--jsx' flag is provided.
frontend/src/entities/user/ui/coach-profile-tabs/my-players-tab.tsx(36,7): error TS17004: Cannot use JSX unless the '--jsx' flag is provided.
frontend/src/entities/user/ui/coach-profile-tabs/my-players-tab.tsx(37,9): error TS17004: Cannot use JSX unless the '--jsx' flag is provided.
frontend/src/entities/user/ui/coach-profile-tabs/my-players-tab.tsx(38,11): error TS17004: Cannot use JSX unless the '--jsx' flag is provided.
frontend/src/entities/user/ui/coach-profile-tabs/my-players-tab.tsx(39,11): error TS17004: Cannot use JSX unless the '--jsx' flag is provided.
frontend/src/entities/user/ui/coach-profile-tabs/my-players-tab.tsx(43,9): error TS17004: Cannot use JSX unless the '--jsx' flag is provided.
frontend/src/entities/user/ui/coach-profile-tabs/my-players-tab.tsx(45,13): error TS17004: Cannot use JSX unless the '--jsx' flag is provided.
frontend/src/entities/user/ui/coach-profile-tabs/my-players-tab.tsx(49,15): error TS17004: Cannot use JSX unless the '--jsx' flag is provided.
frontend/src/entities/user/ui/coach-profile-tabs/my-players-tab.tsx(50,17): error TS17004: Cannot use JSX unless the '--jsx' flag is provided.
frontend/src/entities/user/ui/coach-profile-tabs/my-players-tab.tsx(51,19): error TS17004: Cannot use JSX unless the '--jsx' flag is provided.
frontend/src/entities/user/ui/coach-profile-tabs/my-players-tab.tsx(56,19): error TS17004: Cannot use JSX unless the '--jsx' flag is provided.
frontend/src/entities/user/ui/coach-profile-tabs/my-players-tab.tsx(58,17): error TS17004: Cannot use JSX unless the '--jsx' flag is provided.
frontend/src/entities/user/ui/coach-profile-tabs/my-players-tab.tsx(59,19): error TS17004: Cannot use JSX unless the '--jsx' flag is provided.
frontend/src/entities/user/ui/coach-profile-tabs/my-players-tab.tsx(60,19): error TS17004: Cannot use JSX unless the '--jsx' flag is provided.
frontend/src/entities/user/ui/coach-profile-tabs/my-players-tab.tsx(63,15): error TS17004: Cannot use JSX unless the '--jsx' flag is provided.
frontend/src/entities/user/ui/coach-profile-tabs/my-players-tab.tsx(64,17): error TS17004: Cannot use JSX unless the '--jsx' flag is provided.
frontend/src/entities/user/ui/coach-profile-tabs/my-players-tab.tsx(65,17): error TS17004: Cannot use JSX unless the '--jsx' flag is provided.
frontend/src/entities/user/ui/coach-profile-tabs/my-players-tab.tsx(66,17): error TS17004: Cannot use JSX unless the '--jsx' flag is provided.
frontend/src/entities/user/ui/coach-profile-tabs/my-players-tab.tsx(71,19): error TS17004: Cannot use JSX unless the '--jsx' flag is provided.
frontend/src/entities/user/ui/coach-profile-tabs/my-players-tab.tsx(74,17): error TS17004: Cannot use JSX unless the '--jsx' flag is provided.
frontend/src/entities/user/ui/coach-profile-tabs/my-players-tab.tsx(75,19): error TS17004: Cannot use JSX unless the '--jsx' flag is provided.
frontend/src/entities/user/ui/coach-profile-tabs/my-players-tab.tsx(76,21): error TS17004: Cannot use JSX unless the '--jsx' flag is provided.
frontend/src/entities/user/ui/coach-profile-tabs/my-players-tab.tsx(85,7): error TS17004: Cannot use JSX unless the '--jsx' flag is provided.
frontend/src/entities/user/ui/coach-profile-tabs/my-programs-tab.tsx(10,8): error TS2307: Cannot find module '@/shared/ui/card' or its corresponding type declarations.
frontend/src/entities/user/ui/coach-profile-tabs/my-programs-tab.tsx(13,38): error TS2307: Cannot find module '@/entities/training-program/model/types' or its corresponding type declarations.
frontend/src/entities/user/ui/coach-profile-tabs/my-programs-tab.tsx(14,24): error TS2307: Cannot find module '@/shared/ui/button' or its corresponding type declarations.
frontend/src/entities/user/ui/coach-profile-tabs/my-programs-tab.tsx(16,29): error TS2307: Cannot find module '@/shared/context/training-provider' or its corresponding type declarations.
frontend/src/entities/user/ui/coach-profile-tabs/my-programs-tab.tsx(35,5): error TS17004: Cannot use JSX unless the '--jsx' flag is provided.
frontend/src/entities/user/ui/coach-profile-tabs/my-programs-tab.tsx(36,7): error TS17004: Cannot use JSX unless the '--jsx' flag is provided.
frontend/src/entities/user/ui/coach-profile-tabs/my-programs-tab.tsx(37,9): error TS17004: Cannot use JSX unless the '--jsx' flag is provided.
frontend/src/entities/user/ui/coach-profile-tabs/my-programs-tab.tsx(38,11): error TS17004: Cannot use JSX unless the '--jsx' flag is provided.
frontend/src/entities/user/ui/coach-profile-tabs/my-programs-tab.tsx(39,13): error TS17004: Cannot use JSX unless the '--jsx' flag is provided.
frontend/src/entities/user/ui/coach-profile-tabs/my-programs-tab.tsx(40,13): error TS17004: Cannot use JSX unless the '--jsx' flag is provided.
frontend/src/entities/user/ui/coach-profile-tabs/my-programs-tab.tsx(44,11): error TS17004: Cannot use JSX unless the '--jsx' flag is provided.
frontend/src/entities/user/ui/coach-profile-tabs/my-programs-tab.tsx(45,13): error TS17004: Cannot use JSX unless the '--jsx' flag is provided.
frontend/src/entities/user/ui/coach-profile-tabs/my-programs-tab.tsx(46,15): error TS17004: Cannot use JSX unless the '--jsx' flag is provided.
frontend/src/entities/user/ui/coach-profile-tabs/my-programs-tab.tsx(52,7): error TS17004: Cannot use JSX unless the '--jsx' flag is provided.
frontend/src/entities/user/ui/coach-profile-tabs/my-programs-tab.tsx(53,9): error TS17004: Cannot use JSX unless the '--jsx' flag is provided.
frontend/src/entities/user/ui/coach-profile-tabs/my-programs-tab.tsx(55,13): error TS17004: Cannot use JSX unless the '--jsx' flag is provided.
frontend/src/entities/user/ui/coach-profile-tabs/my-programs-tab.tsx(56,15): error TS17004: Cannot use JSX unless the '--jsx' flag is provided.
frontend/src/entities/user/ui/coach-profile-tabs/my-programs-tab.tsx(57,17): error TS17004: Cannot use JSX unless the '--jsx' flag is provided.
frontend/src/entities/user/ui/coach-profile-tabs/my-programs-tab.tsx(58,19): error TS17004: Cannot use JSX unless the '--jsx' flag is provided.
frontend/src/entities/user/ui/coach-profile-tabs/my-programs-tab.tsx(66,17): error TS17004: Cannot use JSX unless the '--jsx' flag is provided.
frontend/src/entities/user/ui/coach-profile-tabs/my-programs-tab.tsx(67,19): error TS17004: Cannot use JSX unless the '--jsx' flag is provided.
frontend/src/entities/user/ui/coach-profile-tabs/my-programs-tab.tsx(70,19): error TS17004: Cannot use JSX unless the '--jsx' flag is provided.
frontend/src/entities/user/ui/coach-profile-tabs/my-programs-tab.tsx(75,15): error TS17004: Cannot use JSX unless the '--jsx' flag is provided.
frontend/src/entities/user/ui/coach-profile-tabs/my-programs-tab.tsx(76,17): error TS17004: Cannot use JSX unless the '--jsx' flag is provided.
frontend/src/entities/user/ui/coach-profile-tabs/my-programs-tab.tsx(81,19): error TS17004: Cannot use JSX unless the '--jsx' flag is provided.
frontend/src/entities/user/ui/coach-profile-tabs/my-programs-tab.tsx(88,13): error TS17004: Cannot use JSX unless the '--jsx' flag is provided.
frontend/src/entities/user/ui/coach-profile-tabs/stats-tab.tsx(3,62): error TS2307: Cannot find module '@/shared/ui/card' or its corresponding type declarations.
frontend/src/entities/user/ui/coach-profile-tabs/stats-tab.tsx(7,5): error TS17004: Cannot use JSX unless the '--jsx' flag is provided.
frontend/src/entities/user/ui/coach-profile-tabs/stats-tab.tsx(8,7): error TS17004: Cannot use JSX unless the '--jsx' flag is provided.
frontend/src/entities/user/ui/coach-profile-tabs/stats-tab.tsx(9,9): error TS17004: Cannot use JSX unless the '--jsx' flag is provided.
frontend/src/entities/user/ui/coach-profile-tabs/stats-tab.tsx(10,11): error TS17004: Cannot use JSX unless the '--jsx' flag is provided.
frontend/src/entities/user/ui/coach-profile-tabs/stats-tab.tsx(11,11): error TS17004: Cannot use JSX unless the '--jsx' flag is provided.
frontend/src/entities/user/ui/coach-profile-tabs/stats-tab.tsx(14,7): error TS17004: Cannot use JSX unless the '--jsx' flag is provided.
frontend/src/entities/user/ui/coach-profile-tabs/stats-tab.tsx(15,9): error TS17004: Cannot use JSX unless the '--jsx' flag is provided.
frontend/src/entities/user/ui/coach-profile-tabs/stats-tab.tsx(16,11): error TS17004: Cannot use JSX unless the '--jsx' flag is provided.
frontend/src/entities/user/ui/coach-profile-tabs/stats-tab.tsx(17,11): error TS17004: Cannot use JSX unless the '--jsx' flag is provided.
frontend/src/entities/user/ui/coach-profile-tabs/stats-tab.tsx(20,7): error TS17004: Cannot use JSX unless the '--jsx' flag is provided.
frontend/src/entities/user/ui/coach-profile-tabs/stats-tab.tsx(21,9): error TS17004: Cannot use JSX unless the '--jsx' flag is provided.
frontend/src/entities/user/ui/coach-profile-tabs/stats-tab.tsx(22,11): error TS17004: Cannot use JSX unless the '--jsx' flag is provided.
frontend/src/entities/user/ui/coach-profile-tabs/stats-tab.tsx(23,11): error TS17004: Cannot use JSX unless the '--jsx' flag is provided.
frontend/src/entities/user/ui/coach-profile-tabs/stats-tab.tsx(26,7): error TS17004: Cannot use JSX unless the '--jsx' flag is provided.
frontend/src/entities/user/ui/coach-profile-tabs/stats-tab.tsx(27,9): error TS17004: Cannot use JSX unless the '--jsx' flag is provided.
frontend/src/entities/user/ui/coach-profile-tabs/stats-tab.tsx(28,11): error TS17004: Cannot use JSX unless the '--jsx' flag is provided.
frontend/src/entities/user/ui/coach-profile-tabs/stats-tab.tsx(29,11): error TS17004: Cannot use JSX unless the '--jsx' flag is provided.
frontend/src/entities/user/ui/coach-profile.tsx(6,53): error TS2307: Cannot find module '@/shared/ui/avatar' or its corresponding type declarations.
frontend/src/entities/user/ui/coach-profile.tsx(7,23): error TS2307: Cannot find module '@/shared/ui/badge' or its corresponding type declarations.
frontend/src/entities/user/ui/coach-profile.tsx(8,24): error TS2307: Cannot find module '@/shared/ui/button' or its corresponding type declarations.
frontend/src/entities/user/ui/coach-profile.tsx(9,22): error TS2307: Cannot find module '@/shared/ui/card' or its corresponding type declarations.
frontend/src/entities/user/ui/coach-profile.tsx(10,58): error TS2307: Cannot find module '@/shared/ui/tabs' or its corresponding type declarations.
frontend/src/entities/user/ui/coach-profile.tsx(11,38): error TS2307: Cannot find module '@/entities/training-program/model/types' or its corresponding type declarations.
frontend/src/entities/user/ui/coach-profile.tsx(12,26): error TS2307: Cannot find module '@/shared/ui/skeleton' or its corresponding type declarations.
frontend/src/entities/user/ui/coach-profile.tsx(13,37): error TS2307: Cannot find module '@/widgets/assign-program-dialog' or its corresponding type declarations.
frontend/src/entities/user/ui/coach-profile.tsx(15,43): error TS2307: Cannot find module '@/features/user-avatar-generator' or its corresponding type declarations.
frontend/src/entities/user/ui/coach-profile.tsx(17,46): error TS2307: Cannot find module '@/features/profile-banner-generator' or its corresponding type declarations.
frontend/src/entities/user/ui/coach-profile.tsx(19,36): error TS2307: Cannot find module '@/entities/user/model/types' or its corresponding type declarations.
frontend/src/entities/user/ui/coach-profile.tsx(20,34): error TS2307: Cannot find module '@/entities/achievement/model/types' or its corresponding type declarations.
frontend/src/entities/user/ui/coach-profile.tsx(24,5): error TS1323: Dynamic imports are only supported when the '--module' flag is set to 'es2020', 'es2022', 'esnext', 'commonjs', 'amd', 'system', 'umd', 'node16', 'node18', or 'nodenext'.
frontend/src/entities/user/ui/coach-profile.tsx(24,12): error TS2307: Cannot find module '@/entities/user/ui/coach-profile-tabs/stats-tab' or its corresponding type declarations.
frontend/src/entities/user/ui/coach-profile.tsx(29,7): error TS17004: Cannot use JSX unless the '--jsx' flag is provided.
frontend/src/entities/user/ui/coach-profile.tsx(30,9): error TS17004: Cannot use JSX unless the '--jsx' flag is provided.
frontend/src/entities/user/ui/coach-profile.tsx(31,9): error TS17004: Cannot use JSX unless the '--jsx' flag is provided.
frontend/src/entities/user/ui/coach-profile.tsx(32,9): error TS17004: Cannot use JSX unless the '--jsx' flag is provided.
frontend/src/entities/user/ui/coach-profile.tsx(33,9): error TS17004: Cannot use JSX unless the '--jsx' flag is provided.
frontend/src/entities/user/ui/coach-profile.tsx(41,5): error TS1323: Dynamic imports are only supported when the '--module' flag is set to 'es2020', 'es2022', 'esnext', 'commonjs', 'amd', 'system', 'umd', 'node16', 'node18', or 'nodenext'.
frontend/src/entities/user/ui/coach-profile.tsx(41,12): error TS2307: Cannot find module '@/entities/user/ui/coach-profile-tabs/achievements-tab' or its corresponding type declarations.
frontend/src/entities/user/ui/coach-profile.tsx(46,7): error TS17004: Cannot use JSX unless the '--jsx' flag is provided.
frontend/src/entities/user/ui/coach-profile.tsx(47,9): error TS17004: Cannot use JSX unless the '--jsx' flag is provided.
frontend/src/entities/user/ui/coach-profile.tsx(55,5): error TS1323: Dynamic imports are only supported when the '--module' flag is set to 'es2020', 'es2022', 'esnext', 'commonjs', 'amd', 'system', 'umd', 'node16', 'node18', or 'nodenext'.
frontend/src/entities/user/ui/coach-profile.tsx(55,12): error TS2307: Cannot find module '@/entities/user/ui/coach-profile-tabs/my-players-tab' or its corresponding type declarations.
frontend/src/entities/user/ui/coach-profile.tsx(60,7): error TS17004: Cannot use JSX unless the '--jsx' flag is provided.
frontend/src/entities/user/ui/coach-profile.tsx(61,9): error TS17004: Cannot use JSX unless the '--jsx' flag is provided.
frontend/src/entities/user/ui/coach-profile.tsx(69,5): error TS1323: Dynamic imports are only supported when the '--module' flag is set to 'es2020', 'es2022', 'esnext', 'commonjs', 'amd', 'system', 'umd', 'node16', 'node18', or 'nodenext'.
frontend/src/entities/user/ui/coach-profile.tsx(69,12): error TS2307: Cannot find module '@/entities/user/ui/coach-profile-tabs/my-programs-tab' or its corresponding type declarations.
frontend/src/entities/user/ui/coach-profile.tsx(74,7): error TS17004: Cannot use JSX unless the '--jsx' flag is provided.
frontend/src/entities/user/ui/coach-profile.tsx(75,9): error TS17004: Cannot use JSX unless the '--jsx' flag is provided.
frontend/src/entities/user/ui/coach-profile.tsx(113,5): error TS17004: Cannot use JSX unless the '--jsx' flag is provided.
frontend/src/entities/user/ui/coach-profile.tsx(114,7): error TS17004: Cannot use JSX unless the '--jsx' flag is provided.
frontend/src/entities/user/ui/coach-profile.tsx(115,9): error TS17004: Cannot use JSX unless the '--jsx' flag is provided.
frontend/src/entities/user/ui/coach-profile.tsx(116,11): error TS17004: Cannot use JSX unless the '--jsx' flag is provided.
frontend/src/entities/user/ui/coach-profile.tsx(123,11): error TS17004: Cannot use JSX unless the '--jsx' flag is provided.
frontend/src/entities/user/ui/coach-profile.tsx(124,11): error TS17004: Cannot use JSX unless the '--jsx' flag is provided.
frontend/src/entities/user/ui/coach-profile.tsx(131,13): error TS17004: Cannot use JSX unless the '--jsx' flag is provided.
frontend/src/entities/user/ui/coach-profile.tsx(132,13): error TS17004: Cannot use JSX unless the '--jsx' flag is provided.
frontend/src/entities/user/ui/coach-profile.tsx(135,9): error TS17004: Cannot use JSX unless the '--jsx' flag is provided.
frontend/src/entities/user/ui/coach-profile.tsx(136,11): error TS17004: Cannot use JSX unless the '--jsx' flag is provided.
frontend/src/entities/user/ui/coach-profile.tsx(137,13): error TS17004: Cannot use JSX unless the '--jsx' flag is provided.
frontend/src/entities/user/ui/coach-profile.tsx(138,15): error TS17004: Cannot use JSX unless the '--jsx' flag is provided.
frontend/src/entities/user/ui/coach-profile.tsx(139,17): error TS17004: Cannot use JSX unless the '--jsx' flag is provided.
frontend/src/entities/user/ui/coach-profile.tsx(144,17): error TS17004: Cannot use JSX unless the '--jsx' flag is provided.
frontend/src/entities/user/ui/coach-profile.tsx(146,15): error TS17004: Cannot use JSX unless the '--jsx' flag is provided.
frontend/src/entities/user/ui/coach-profile.tsx(153,17): error TS17004: Cannot use JSX unless the '--jsx' flag is provided.
frontend/src/entities/user/ui/coach-profile.tsx(154,17): error TS17004: Cannot use JSX unless the '--jsx' flag is provided.
frontend/src/entities/user/ui/coach-profile.tsx(157,13): error TS17004: Cannot use JSX unless the '--jsx' flag is provided.
frontend/src/entities/user/ui/coach-profile.tsx(158,15): error TS17004: Cannot use JSX unless the '--jsx' flag is provided.
frontend/src/entities/user/ui/coach-profile.tsx(159,17): error TS17004: Cannot use JSX unless the '--jsx' flag is provided.
frontend/src/entities/user/ui/coach-profile.tsx(160,19): error TS17004: Cannot use JSX unless the '--jsx' flag is provided.
frontend/src/entities/user/ui/coach-profile.tsx(163,19): error TS17004: Cannot use JSX unless the '--jsx' flag is provided.
frontend/src/entities/user/ui/coach-profile.tsx(165,17): error TS17004: Cannot use JSX unless the '--jsx' flag is provided.
frontend/src/entities/user/ui/coach-profile.tsx(166,19): error TS17004: Cannot use JSX unless the '--jsx' flag is provided.
frontend/src/entities/user/ui/coach-profile.tsx(167,21): error TS17004: Cannot use JSX unless the '--jsx' flag is provided.
frontend/src/entities/user/ui/coach-profile.tsx(171,15): error TS17004: Cannot use JSX unless the '--jsx' flag is provided.
frontend/src/entities/user/ui/coach-profile.tsx(172,17): error TS17004: Cannot use JSX unless the '--jsx' flag is provided.
frontend/src/entities/user/ui/coach-profile.tsx(173,17): error TS17004: Cannot use JSX unless the '--jsx' flag is provided.
frontend/src/entities/user/ui/coach-profile.tsx(178,9): error TS17004: Cannot use JSX unless the '--jsx' flag is provided.
frontend/src/entities/user/ui/coach-profile.tsx(179,11): error TS17004: Cannot use JSX unless the '--jsx' flag is provided.
frontend/src/entities/user/ui/coach-profile.tsx(180,13): error TS17004: Cannot use JSX unless the '--jsx' flag is provided.
frontend/src/entities/user/ui/coach-profile.tsx(181,15): error TS17004: Cannot use JSX unless the '--jsx' flag is provided.
frontend/src/entities/user/ui/coach-profile.tsx(182,15): error TS17004: Cannot use JSX unless the '--jsx' flag is provided.
frontend/src/entities/user/ui/coach-profile.tsx(183,15): error TS17004: Cannot use JSX unless the '--jsx' flag is provided.
frontend/src/entities/user/ui/coach-profile.tsx(184,15): error TS17004: Cannot use JSX unless the '--jsx' flag is provided.
frontend/src/entities/user/ui/coach-profile.tsx(186,13): error TS17004: Cannot use JSX unless the '--jsx' flag is provided.
frontend/src/entities/user/ui/coach-profile.tsx(187,15): error TS17004: Cannot use JSX unless the '--jsx' flag is provided.
frontend/src/entities/user/ui/coach-profile.tsx(189,13): error TS17004: Cannot use JSX unless the '--jsx' flag is provided.
frontend/src/entities/user/ui/coach-profile.tsx(190,15): error TS17004: Cannot use JSX unless the '--jsx' flag is provided.
frontend/src/entities/user/ui/coach-profile.tsx(190,37): error TS2322: Type '{ achievements: Achievement[]; }' is not assignable to type 'IntrinsicAttributes'.
  Property 'achievements' does not exist on type 'IntrinsicAttributes'.
frontend/src/entities/user/ui/coach-profile.tsx(192,13): error TS17004: Cannot use JSX unless the '--jsx' flag is provided.
frontend/src/entities/user/ui/coach-profile.tsx(193,15): error TS17004: Cannot use JSX unless the '--jsx' flag is provided.
frontend/src/entities/user/ui/coach-profile.tsx(193,29): error TS2322: Type '{ players: CoachedPlayer[]; }' is not assignable to type 'IntrinsicAttributes'.
  Property 'players' does not exist on type 'IntrinsicAttributes'.
frontend/src/entities/user/ui/coach-profile.tsx(195,13): error TS17004: Cannot use JSX unless the '--jsx' flag is provided.
frontend/src/entities/user/ui/coach-profile.tsx(196,15): error TS17004: Cannot use JSX unless the '--jsx' flag is provided.
frontend/src/entities/user/ui/coach-profile.tsx(197,17): error TS2322: Type '{ onAssignProgram: (program: TrainingProgram) => void; authorName: string; }' is not assignable to type 'IntrinsicAttributes'.
  Property 'onAssignProgram' does not exist on type 'IntrinsicAttributes'.
frontend/src/entities/user/ui/coach-profile.tsx(204,7): error TS17004: Cannot use JSX unless the '--jsx' flag is provided.
frontend/src/entities/user/ui/coach-profile.tsx(210,7): error TS17004: Cannot use JSX unless the '--jsx' flag is provided.
frontend/src/entities/user/ui/coach-profile.tsx(216,7): error TS17004: Cannot use JSX unless the '--jsx' flag is provided.
frontend/src/entities/user/ui/fan-profile-tabs/achievements-tab.tsx(3,35): error TS2307: Cannot find module '@/shared/ui/card' or its corresponding type declarations.
frontend/src/entities/user/ui/fan-profile-tabs/achievements-tab.tsx(12,34): error TS2307: Cannot find module '@/entities/achievement/model/types' or its corresponding type declarations.
frontend/src/entities/user/ui/fan-profile-tabs/achievements-tab.tsx(29,5): error TS17004: Cannot use JSX unless the '--jsx' flag is provided.
frontend/src/entities/user/ui/fan-profile-tabs/achievements-tab.tsx(30,7): error TS17004: Cannot use JSX unless the '--jsx' flag is provided.
frontend/src/entities/user/ui/fan-profile-tabs/achievements-tab.tsx(31,9): error TS17004: Cannot use JSX unless the '--jsx' flag is provided.
frontend/src/entities/user/ui/fan-profile-tabs/achievements-tab.tsx(36,15): error TS17004: Cannot use JSX unless the '--jsx' flag is provided.
frontend/src/entities/user/ui/fan-profile-tabs/achievements-tab.tsx(40,17): error TS17004: Cannot use JSX unless the '--jsx' flag is provided.
frontend/src/entities/user/ui/fan-profile-tabs/achievements-tab.tsx(43,28): error TS17004: Cannot use JSX unless the '--jsx' flag is provided.
frontend/src/entities/user/ui/fan-profile-tabs/achievements-tab.tsx(45,17): error TS17004: Cannot use JSX unless the '--jsx' flag is provided.
frontend/src/entities/user/ui/fan-profile-tabs/achievements-tab.tsx(46,17): error TS17004: Cannot use JSX unless the '--jsx' flag is provided.
frontend/src/entities/user/ui/fan-profile-tabs/favorite-teams-tab.tsx(11,8): error TS2307: Cannot find module '@/shared/ui/card' or its corresponding type declarations.
frontend/src/entities/user/ui/fan-profile-tabs/favorite-teams-tab.tsx(12,27): error TS2307: Cannot find module '@/entities/team/model/types' or its corresponding type declarations.
frontend/src/entities/user/ui/fan-profile-tabs/favorite-teams-tab.tsx(13,23): error TS2307: Cannot find module '@/shared/ui/badge' or its corresponding type declarations.
frontend/src/entities/user/ui/fan-profile-tabs/favorite-teams-tab.tsx(22,5): error TS17004: Cannot use JSX unless the '--jsx' flag is provided.
frontend/src/entities/user/ui/fan-profile-tabs/favorite-teams-tab.tsx(23,7): error TS17004: Cannot use JSX unless the '--jsx' flag is provided.
frontend/src/entities/user/ui/fan-profile-tabs/favorite-teams-tab.tsx(24,9): error TS17004: Cannot use JSX unless the '--jsx' flag is provided.
frontend/src/entities/user/ui/fan-profile-tabs/favorite-teams-tab.tsx(25,9): error TS17004: Cannot use JSX unless the '--jsx' flag is provided.
frontend/src/entities/user/ui/fan-profile-tabs/favorite-teams-tab.tsx(29,7): error TS17004: Cannot use JSX unless the '--jsx' flag is provided.
frontend/src/entities/user/ui/fan-profile-tabs/favorite-teams-tab.tsx(30,9): error TS17004: Cannot use JSX unless the '--jsx' flag is provided.
frontend/src/entities/user/ui/fan-profile-tabs/favorite-teams-tab.tsx(32,13): error TS17004: Cannot use JSX unless the '--jsx' flag is provided.
frontend/src/entities/user/ui/fan-profile-tabs/favorite-teams-tab.tsx(37,15): error TS17004: Cannot use JSX unless the '--jsx' flag is provided.
frontend/src/entities/user/ui/fan-profile-tabs/favorite-teams-tab.tsx(38,17): error TS17004: Cannot use JSX unless the '--jsx' flag is provided.
frontend/src/entities/user/ui/fan-profile-tabs/favorite-teams-tab.tsx(46,17): error TS17004: Cannot use JSX unless the '--jsx' flag is provided.
frontend/src/entities/user/ui/fan-profile-tabs/favorite-teams-tab.tsx(49,17): error TS17004: Cannot use JSX unless the '--jsx' flag is provided.
frontend/src/entities/user/ui/fan-profile-tabs/favorite-teams-tab.tsx(50,17): error TS17004: Cannot use JSX unless the '--jsx' flag is provided.
frontend/src/entities/user/ui/fan-profile-tabs/favorite-teams-tab.tsx(51,19): error TS17004: Cannot use JSX unless the '--jsx' flag is provided.
frontend/src/entities/user/ui/fan-profile-tabs/stats-tab.tsx(3,62): error TS2307: Cannot find module '@/shared/ui/card' or its corresponding type declarations.
frontend/src/entities/user/ui/fan-profile-tabs/stats-tab.tsx(7,5): error TS17004: Cannot use JSX unless the '--jsx' flag is provided.
frontend/src/entities/user/ui/fan-profile-tabs/stats-tab.tsx(8,7): error TS17004: Cannot use JSX unless the '--jsx' flag is provided.
frontend/src/entities/user/ui/fan-profile-tabs/stats-tab.tsx(9,9): error TS17004: Cannot use JSX unless the '--jsx' flag is provided.
frontend/src/entities/user/ui/fan-profile-tabs/stats-tab.tsx(10,11): error TS17004: Cannot use JSX unless the '--jsx' flag is provided.
frontend/src/entities/user/ui/fan-profile-tabs/stats-tab.tsx(11,11): error TS17004: Cannot use JSX unless the '--jsx' flag is provided.
frontend/src/entities/user/ui/fan-profile-tabs/stats-tab.tsx(14,7): error TS17004: Cannot use JSX unless the '--jsx' flag is provided.
frontend/src/entities/user/ui/fan-profile-tabs/stats-tab.tsx(15,9): error TS17004: Cannot use JSX unless the '--jsx' flag is provided.
frontend/src/entities/user/ui/fan-profile-tabs/stats-tab.tsx(16,11): error TS17004: Cannot use JSX unless the '--jsx' flag is provided.
frontend/src/entities/user/ui/fan-profile-tabs/stats-tab.tsx(17,11): error TS17004: Cannot use JSX unless the '--jsx' flag is provided.
frontend/src/entities/user/ui/fan-profile-tabs/stats-tab.tsx(20,7): error TS17004: Cannot use JSX unless the '--jsx' flag is provided.
frontend/src/entities/user/ui/fan-profile-tabs/stats-tab.tsx(21,9): error TS17004: Cannot use JSX unless the '--jsx' flag is provided.
frontend/src/entities/user/ui/fan-profile-tabs/stats-tab.tsx(22,11): error TS17004: Cannot use JSX unless the '--jsx' flag is provided.
frontend/src/entities/user/ui/fan-profile-tabs/stats-tab.tsx(23,11): error TS17004: Cannot use JSX unless the '--jsx' flag is provided.
frontend/src/entities/user/ui/fan-profile-tabs/stats-tab.tsx(26,7): error TS17004: Cannot use JSX unless the '--jsx' flag is provided.
frontend/src/entities/user/ui/fan-profile-tabs/stats-tab.tsx(27,9): error TS17004: Cannot use JSX unless the '--jsx' flag is provided.
frontend/src/entities/user/ui/fan-profile-tabs/stats-tab.tsx(28,11): error TS17004: Cannot use JSX unless the '--jsx' flag is provided.
frontend/src/entities/user/ui/fan-profile-tabs/stats-tab.tsx(29,11): error TS17004: Cannot use JSX unless the '--jsx' flag is provided.
frontend/src/entities/user/ui/fan-profile.tsx(5,53): error TS2307: Cannot find module '@/shared/ui/avatar' or its corresponding type declarations.
frontend/src/entities/user/ui/fan-profile.tsx(6,23): error TS2307: Cannot find module '@/shared/ui/badge' or its corresponding type declarations.
frontend/src/entities/user/ui/fan-profile.tsx(7,24): error TS2307: Cannot find module '@/shared/ui/button' or its corresponding type declarations.
frontend/src/entities/user/ui/fan-profile.tsx(8,22): error TS2307: Cannot find module '@/shared/ui/card' or its corresponding type declarations.
frontend/src/entities/user/ui/fan-profile.tsx(9,58): error TS2307: Cannot find module '@/shared/ui/tabs' or its corresponding type declarations.
frontend/src/entities/user/ui/fan-profile.tsx(10,26): error TS2307: Cannot find module '@/shared/ui/skeleton' or its corresponding type declarations.
frontend/src/entities/user/ui/fan-profile.tsx(12,43): error TS2307: Cannot find module '@/features/user-avatar-generator' or its corresponding type declarations.
frontend/src/entities/user/ui/fan-profile.tsx(13,27): error TS2307: Cannot find module '@/entities/team/model/types' or its corresponding type declarations.
frontend/src/entities/user/ui/fan-profile.tsx(14,34): error TS2307: Cannot find module '@/entities/achievement/model/types' or its corresponding type declarations.
frontend/src/entities/user/ui/fan-profile.tsx(18,46): error TS2307: Cannot find module '@/features/profile-banner-generator' or its corresponding type declarations.
frontend/src/entities/user/ui/fan-profile.tsx(22,5): error TS1323: Dynamic imports are only supported when the '--module' flag is set to 'es2020', 'es2022', 'esnext', 'commonjs', 'amd', 'system', 'umd', 'node16', 'node18', or 'nodenext'.
frontend/src/entities/user/ui/fan-profile.tsx(22,12): error TS2307: Cannot find module '@/entities/user/ui/fan-profile-tabs/stats-tab' or its corresponding type declarations.
frontend/src/entities/user/ui/fan-profile.tsx(27,7): error TS17004: Cannot use JSX unless the '--jsx' flag is provided.
frontend/src/entities/user/ui/fan-profile.tsx(28,9): error TS17004: Cannot use JSX unless the '--jsx' flag is provided.
frontend/src/entities/user/ui/fan-profile.tsx(29,9): error TS17004: Cannot use JSX unless the '--jsx' flag is provided.
frontend/src/entities/user/ui/fan-profile.tsx(30,9): error TS17004: Cannot use JSX unless the '--jsx' flag is provided.
frontend/src/entities/user/ui/fan-profile.tsx(31,9): error TS17004: Cannot use JSX unless the '--jsx' flag is provided.
frontend/src/entities/user/ui/fan-profile.tsx(39,5): error TS1323: Dynamic imports are only supported when the '--module' flag is set to 'es2020', 'es2022', 'esnext', 'commonjs', 'amd', 'system', 'umd', 'node16', 'node18', or 'nodenext'.
frontend/src/entities/user/ui/fan-profile.tsx(39,12): error TS2307: Cannot find module '@/entities/user/ui/fan-profile-tabs/achievements-tab' or its corresponding type declarations.
frontend/src/entities/user/ui/fan-profile.tsx(44,7): error TS17004: Cannot use JSX unless the '--jsx' flag is provided.
frontend/src/entities/user/ui/fan-profile.tsx(45,9): error TS17004: Cannot use JSX unless the '--jsx' flag is provided.
frontend/src/entities/user/ui/fan-profile.tsx(53,5): error TS1323: Dynamic imports are only supported when the '--module' flag is set to 'es2020', 'es2022', 'esnext', 'commonjs', 'amd', 'system', 'umd', 'node16', 'node18', or 'nodenext'.
frontend/src/entities/user/ui/fan-profile.tsx(53,12): error TS2307: Cannot find module '@/entities/user/ui/fan-profile-tabs/favorite-teams-tab' or its corresponding type declarations.
frontend/src/entities/user/ui/fan-profile.tsx(58,7): error TS17004: Cannot use JSX unless the '--jsx' flag is provided.
frontend/src/entities/user/ui/fan-profile.tsx(59,9): error TS17004: Cannot use JSX unless the '--jsx' flag is provided.
frontend/src/entities/user/ui/fan-profile.tsx(89,5): error TS17004: Cannot use JSX unless the '--jsx' flag is provided.
frontend/src/entities/user/ui/fan-profile.tsx(90,7): error TS17004: Cannot use JSX unless the '--jsx' flag is provided.
frontend/src/entities/user/ui/fan-profile.tsx(91,9): error TS17004: Cannot use JSX unless the '--jsx' flag is provided.
frontend/src/entities/user/ui/fan-profile.tsx(92,11): error TS17004: Cannot use JSX unless the '--jsx' flag is provided.
frontend/src/entities/user/ui/fan-profile.tsx(99,11): error TS17004: Cannot use JSX unless the '--jsx' flag is provided.
frontend/src/entities/user/ui/fan-profile.tsx(101,13): error TS17004: Cannot use JSX unless the '--jsx' flag is provided.
frontend/src/entities/user/ui/fan-profile.tsx(108,15): error TS17004: Cannot use JSX unless the '--jsx' flag is provided.
frontend/src/entities/user/ui/fan-profile.tsx(109,15): error TS17004: Cannot use JSX unless the '--jsx' flag is provided.
frontend/src/entities/user/ui/fan-profile.tsx(113,9): error TS17004: Cannot use JSX unless the '--jsx' flag is provided.
frontend/src/entities/user/ui/fan-profile.tsx(114,11): error TS17004: Cannot use JSX unless the '--jsx' flag is provided.
frontend/src/entities/user/ui/fan-profile.tsx(115,13): error TS17004: Cannot use JSX unless the '--jsx' flag is provided.
frontend/src/entities/user/ui/fan-profile.tsx(116,15): error TS17004: Cannot use JSX unless the '--jsx' flag is provided.
frontend/src/entities/user/ui/fan-profile.tsx(117,17): error TS17004: Cannot use JSX unless the '--jsx' flag is provided.
frontend/src/entities/user/ui/fan-profile.tsx(122,17): error TS17004: Cannot use JSX unless the '--jsx' flag is provided.
frontend/src/entities/user/ui/fan-profile.tsx(125,17): error TS17004: Cannot use JSX unless the '--jsx' flag is provided.
frontend/src/entities/user/ui/fan-profile.tsx(132,19): error TS17004: Cannot use JSX unless the '--jsx' flag is provided.
frontend/src/entities/user/ui/fan-profile.tsx(133,19): error TS17004: Cannot use JSX unless the '--jsx' flag is provided.
frontend/src/entities/user/ui/fan-profile.tsx(137,13): error TS17004: Cannot use JSX unless the '--jsx' flag is provided.
frontend/src/entities/user/ui/fan-profile.tsx(138,15): error TS17004: Cannot use JSX unless the '--jsx' flag is provided.
frontend/src/entities/user/ui/fan-profile.tsx(139,17): error TS17004: Cannot use JSX unless the '--jsx' flag is provided.
frontend/src/entities/user/ui/fan-profile.tsx(140,19): error TS17004: Cannot use JSX unless the '--jsx' flag is provided.
frontend/src/entities/user/ui/fan-profile.tsx(143,19): error TS17004: Cannot use JSX unless the '--jsx' flag is provided.
frontend/src/entities/user/ui/fan-profile.tsx(145,17): error TS17004: Cannot use JSX unless the '--jsx' flag is provided.
frontend/src/entities/user/ui/fan-profile.tsx(147,21): error TS17004: Cannot use JSX unless the '--jsx' flag is provided.
frontend/src/entities/user/ui/fan-profile.tsx(148,23): error TS17004: Cannot use JSX unless the '--jsx' flag is provided.
frontend/src/entities/user/ui/fan-profile.tsx(151,21): error TS17004: Cannot use JSX unless the '--jsx' flag is provided.
frontend/src/entities/user/ui/fan-profile.tsx(155,15): error TS17004: Cannot use JSX unless the '--jsx' flag is provided.
frontend/src/entities/user/ui/fan-profile.tsx(156,17): error TS17004: Cannot use JSX unless the '--jsx' flag is provided.
frontend/src/entities/user/ui/fan-profile.tsx(157,17): error TS17004: Cannot use JSX unless the '--jsx' flag is provided.
frontend/src/entities/user/ui/fan-profile.tsx(162,9): error TS17004: Cannot use JSX unless the '--jsx' flag is provided.
frontend/src/entities/user/ui/fan-profile.tsx(163,11): error TS17004: Cannot use JSX unless the '--jsx' flag is provided.
frontend/src/entities/user/ui/fan-profile.tsx(164,13): error TS17004: Cannot use JSX unless the '--jsx' flag is provided.
frontend/src/entities/user/ui/fan-profile.tsx(165,15): error TS17004: Cannot use JSX unless the '--jsx' flag is provided.
frontend/src/entities/user/ui/fan-profile.tsx(166,15): error TS17004: Cannot use JSX unless the '--jsx' flag is provided.
frontend/src/entities/user/ui/fan-profile.tsx(167,15): error TS17004: Cannot use JSX unless the '--jsx' flag is provided.
frontend/src/entities/user/ui/fan-profile.tsx(169,13): error TS17004: Cannot use JSX unless the '--jsx' flag is provided.
frontend/src/entities/user/ui/fan-profile.tsx(170,15): error TS17004: Cannot use JSX unless the '--jsx' flag is provided.
frontend/src/entities/user/ui/fan-profile.tsx(172,13): error TS17004: Cannot use JSX unless the '--jsx' flag is provided.
frontend/src/entities/user/ui/fan-profile.tsx(173,15): error TS17004: Cannot use JSX unless the '--jsx' flag is provided.
frontend/src/entities/user/ui/fan-profile.tsx(173,35): error TS2322: Type '{ achievements: Achievement[]; }' is not assignable to type 'IntrinsicAttributes'.
  Property 'achievements' does not exist on type 'IntrinsicAttributes'.
frontend/src/entities/user/ui/fan-profile.tsx(175,13): error TS17004: Cannot use JSX unless the '--jsx' flag is provided.
frontend/src/entities/user/ui/fan-profile.tsx(176,15): error TS17004: Cannot use JSX unless the '--jsx' flag is provided.
frontend/src/entities/user/ui/fan-profile.tsx(176,33): error TS2322: Type '{ teams: Team[]; userName: string; }' is not assignable to type 'IntrinsicAttributes'.
  Property 'teams' does not exist on type 'IntrinsicAttributes'.
frontend/src/entities/user/ui/fan-profile.tsx(181,7): error TS17004: Cannot use JSX unless the '--jsx' flag is provided.
frontend/src/entities/user/ui/fan-profile.tsx(187,7): error TS17004: Cannot use JSX unless the '--jsx' flag is provided.
frontend/src/entities/user/ui/judge-profile-tabs/achievements-tab.tsx(3,35): error TS2307: Cannot find module '@/shared/ui/card' or its corresponding type declarations.
frontend/src/entities/user/ui/judge-profile-tabs/achievements-tab.tsx(4,34): error TS2307: Cannot find module '@/entities/achievement/model/types' or its corresponding type declarations.
frontend/src/entities/user/ui/judge-profile-tabs/achievements-tab.tsx(31,5): error TS17004: Cannot use JSX unless the '--jsx' flag is provided.
frontend/src/entities/user/ui/judge-profile-tabs/achievements-tab.tsx(32,7): error TS17004: Cannot use JSX unless the '--jsx' flag is provided.
frontend/src/entities/user/ui/judge-profile-tabs/achievements-tab.tsx(33,9): error TS17004: Cannot use JSX unless the '--jsx' flag is provided.
frontend/src/entities/user/ui/judge-profile-tabs/achievements-tab.tsx(38,15): error TS17004: Cannot use JSX unless the '--jsx' flag is provided.
frontend/src/entities/user/ui/judge-profile-tabs/achievements-tab.tsx(42,17): error TS17004: Cannot use JSX unless the '--jsx' flag is provided.
frontend/src/entities/user/ui/judge-profile-tabs/achievements-tab.tsx(45,28): error TS17004: Cannot use JSX unless the '--jsx' flag is provided.
frontend/src/entities/user/ui/judge-profile-tabs/achievements-tab.tsx(47,17): error TS17004: Cannot use JSX unless the '--jsx' flag is provided.
frontend/src/entities/user/ui/judge-profile-tabs/achievements-tab.tsx(48,17): error TS17004: Cannot use JSX unless the '--jsx' flag is provided.
frontend/src/entities/user/ui/judge-profile-tabs/judged-matches-tab.tsx(9,8): error TS2307: Cannot find module '@/shared/ui/card' or its corresponding type declarations.
frontend/src/entities/user/ui/judge-profile-tabs/judged-matches-tab.tsx(17,8): error TS2307: Cannot find module '@/shared/ui/table' or its corresponding type declarations.
frontend/src/entities/user/ui/judge-profile-tabs/judged-matches-tab.tsx(20,34): error TS2307: Cannot find module '@/entities/user/model/types' or its corresponding type declarations.
frontend/src/entities/user/ui/judge-profile-tabs/judged-matches-tab.tsx(29,7): error TS17004: Cannot use JSX unless the '--jsx' flag is provided.
frontend/src/entities/user/ui/judge-profile-tabs/judged-matches-tab.tsx(30,9): error TS17004: Cannot use JSX unless the '--jsx' flag is provided.
frontend/src/entities/user/ui/judge-profile-tabs/judged-matches-tab.tsx(31,11): error TS17004: Cannot use JSX unless the '--jsx' flag is provided.
frontend/src/entities/user/ui/judge-profile-tabs/judged-matches-tab.tsx(32,11): error TS17004: Cannot use JSX unless the '--jsx' flag is provided.
frontend/src/entities/user/ui/judge-profile-tabs/judged-matches-tab.tsx(39,5): error TS17004: Cannot use JSX unless the '--jsx' flag is provided.
frontend/src/entities/user/ui/judge-profile-tabs/judged-matches-tab.tsx(40,7): error TS17004: Cannot use JSX unless the '--jsx' flag is provided.
frontend/src/entities/user/ui/judge-profile-tabs/judged-matches-tab.tsx(41,9): error TS17004: Cannot use JSX unless the '--jsx' flag is provided.
frontend/src/entities/user/ui/judge-profile-tabs/judged-matches-tab.tsx(42,9): error TS17004: Cannot use JSX unless the '--jsx' flag is provided.
frontend/src/entities/user/ui/judge-profile-tabs/judged-matches-tab.tsx(46,7): error TS17004: Cannot use JSX unless the '--jsx' flag is provided.
frontend/src/entities/user/ui/judge-profile-tabs/judged-matches-tab.tsx(47,9): error TS17004: Cannot use JSX unless the '--jsx' flag is provided.
frontend/src/entities/user/ui/judge-profile-tabs/judged-matches-tab.tsx(48,11): error TS17004: Cannot use JSX unless the '--jsx' flag is provided.
frontend/src/entities/user/ui/judge-profile-tabs/judged-matches-tab.tsx(49,13): error TS17004: Cannot use JSX unless the '--jsx' flag is provided.
frontend/src/entities/user/ui/judge-profile-tabs/judged-matches-tab.tsx(50,15): error TS17004: Cannot use JSX unless the '--jsx' flag is provided.
frontend/src/entities/user/ui/judge-profile-tabs/judged-matches-tab.tsx(51,15): error TS17004: Cannot use JSX unless the '--jsx' flag is provided.
frontend/src/entities/user/ui/judge-profile-tabs/judged-matches-tab.tsx(52,15): error TS17004: Cannot use JSX unless the '--jsx' flag is provided.
frontend/src/entities/user/ui/judge-profile-tabs/judged-matches-tab.tsx(55,11): error TS17004: Cannot use JSX unless the '--jsx' flag is provided.
frontend/src/entities/user/ui/judge-profile-tabs/judged-matches-tab.tsx(57,15): error TS17004: Cannot use JSX unless the '--jsx' flag is provided.
frontend/src/entities/user/ui/judge-profile-tabs/judged-matches-tab.tsx(58,17): error TS17004: Cannot use JSX unless the '--jsx' flag is provided.
frontend/src/entities/user/ui/judge-profile-tabs/judged-matches-tab.tsx(61,17): error TS17004: Cannot use JSX unless the '--jsx' flag is provided.
frontend/src/entities/user/ui/judge-profile-tabs/judged-matches-tab.tsx(64,17): error TS17004: Cannot use JSX unless the '--jsx' flag is provided.
frontend/src/entities/user/ui/judge-profile-tabs/stats-tab.tsx(3,62): error TS2307: Cannot find module '@/shared/ui/card' or its corresponding type declarations.
frontend/src/entities/user/ui/judge-profile-tabs/stats-tab.tsx(7,5): error TS17004: Cannot use JSX unless the '--jsx' flag is provided.
frontend/src/entities/user/ui/judge-profile-tabs/stats-tab.tsx(8,7): error TS17004: Cannot use JSX unless the '--jsx' flag is provided.
frontend/src/entities/user/ui/judge-profile-tabs/stats-tab.tsx(9,9): error TS17004: Cannot use JSX unless the '--jsx' flag is provided.
frontend/src/entities/user/ui/judge-profile-tabs/stats-tab.tsx(10,11): error TS17004: Cannot use JSX unless the '--jsx' flag is provided.
frontend/src/entities/user/ui/judge-profile-tabs/stats-tab.tsx(11,11): error TS17004: Cannot use JSX unless the '--jsx' flag is provided.
frontend/src/entities/user/ui/judge-profile-tabs/stats-tab.tsx(14,7): error TS17004: Cannot use JSX unless the '--jsx' flag is provided.
frontend/src/entities/user/ui/judge-profile-tabs/stats-tab.tsx(15,9): error TS17004: Cannot use JSX unless the '--jsx' flag is provided.
frontend/src/entities/user/ui/judge-profile-tabs/stats-tab.tsx(16,11): error TS17004: Cannot use JSX unless the '--jsx' flag is provided.
frontend/src/entities/user/ui/judge-profile-tabs/stats-tab.tsx(17,11): error TS17004: Cannot use JSX unless the '--jsx' flag is provided.
frontend/src/entities/user/ui/judge-profile-tabs/stats-tab.tsx(20,7): error TS17004: Cannot use JSX unless the '--jsx' flag is provided.
frontend/src/entities/user/ui/judge-profile-tabs/stats-tab.tsx(21,9): error TS17004: Cannot use JSX unless the '--jsx' flag is provided.
frontend/src/entities/user/ui/judge-profile-tabs/stats-tab.tsx(22,11): error TS17004: Cannot use JSX unless the '--jsx' flag is provided.
frontend/src/entities/user/ui/judge-profile-tabs/stats-tab.tsx(23,11): error TS17004: Cannot use JSX unless the '--jsx' flag is provided.
frontend/src/entities/user/ui/judge-profile-tabs/stats-tab.tsx(26,7): error TS17004: Cannot use JSX unless the '--jsx' flag is provided.
frontend/src/entities/user/ui/judge-profile-tabs/stats-tab.tsx(27,9): error TS17004: Cannot use JSX unless the '--jsx' flag is provided.
frontend/src/entities/user/ui/judge-profile-tabs/stats-tab.tsx(28,11): error TS17004: Cannot use JSX unless the '--jsx' flag is provided.
frontend/src/entities/user/ui/judge-profile-tabs/stats-tab.tsx(29,11): error TS17004: Cannot use JSX unless the '--jsx' flag is provided.
frontend/src/entities/user/ui/judge-profile.tsx(5,53): error TS2307: Cannot find module '@/shared/ui/avatar' or its corresponding type declarations.
frontend/src/entities/user/ui/judge-profile.tsx(6,23): error TS2307: Cannot find module '@/shared/ui/badge' or its corresponding type declarations.
frontend/src/entities/user/ui/judge-profile.tsx(7,24): error TS2307: Cannot find module '@/shared/ui/button' or its corresponding type declarations.
frontend/src/entities/user/ui/judge-profile.tsx(8,22): error TS2307: Cannot find module '@/shared/ui/card' or its corresponding type declarations.
frontend/src/entities/user/ui/judge-profile.tsx(9,58): error TS2307: Cannot find module '@/shared/ui/tabs' or its corresponding type declarations.
frontend/src/entities/user/ui/judge-profile.tsx(10,26): error TS2307: Cannot find module '@/shared/ui/skeleton' or its corresponding type declarations.
frontend/src/entities/user/ui/judge-profile.tsx(13,43): error TS2307: Cannot find module '@/features/user-avatar-generator' or its corresponding type declarations.
frontend/src/entities/user/ui/judge-profile.tsx(15,46): error TS2307: Cannot find module '@/features/profile-banner-generator' or its corresponding type declarations.
frontend/src/entities/user/ui/judge-profile.tsx(17,34): error TS2307: Cannot find module '@/entities/achievement/model/types' or its corresponding type declarations.
frontend/src/entities/user/ui/judge-profile.tsx(21,5): error TS1323: Dynamic imports are only supported when the '--module' flag is set to 'es2020', 'es2022', 'esnext', 'commonjs', 'amd', 'system', 'umd', 'node16', 'node18', or 'nodenext'.
frontend/src/entities/user/ui/judge-profile.tsx(21,12): error TS2307: Cannot find module '@/entities/user/ui/judge-profile-tabs/stats-tab' or its corresponding type declarations.
frontend/src/entities/user/ui/judge-profile.tsx(26,7): error TS17004: Cannot use JSX unless the '--jsx' flag is provided.
frontend/src/entities/user/ui/judge-profile.tsx(27,9): error TS17004: Cannot use JSX unless the '--jsx' flag is provided.
frontend/src/entities/user/ui/judge-profile.tsx(28,9): error TS17004: Cannot use JSX unless the '--jsx' flag is provided.
frontend/src/entities/user/ui/judge-profile.tsx(29,9): error TS17004: Cannot use JSX unless the '--jsx' flag is provided.
frontend/src/entities/user/ui/judge-profile.tsx(30,9): error TS17004: Cannot use JSX unless the '--jsx' flag is provided.
frontend/src/entities/user/ui/judge-profile.tsx(38,5): error TS1323: Dynamic imports are only supported when the '--module' flag is set to 'es2020', 'es2022', 'esnext', 'commonjs', 'amd', 'system', 'umd', 'node16', 'node18', or 'nodenext'.
frontend/src/entities/user/ui/judge-profile.tsx(38,12): error TS2307: Cannot find module '@/entities/user/ui/judge-profile-tabs/achievements-tab' or its corresponding type declarations.
frontend/src/entities/user/ui/judge-profile.tsx(43,7): error TS17004: Cannot use JSX unless the '--jsx' flag is provided.
frontend/src/entities/user/ui/judge-profile.tsx(44,9): error TS17004: Cannot use JSX unless the '--jsx' flag is provided.
frontend/src/entities/user/ui/judge-profile.tsx(52,5): error TS1323: Dynamic imports are only supported when the '--module' flag is set to 'es2020', 'es2022', 'esnext', 'commonjs', 'amd', 'system', 'umd', 'node16', 'node18', or 'nodenext'.
frontend/src/entities/user/ui/judge-profile.tsx(52,12): error TS2307: Cannot find module '@/entities/user/ui/judge-profile-tabs/judged-matches-tab' or its corresponding type declarations.
frontend/src/entities/user/ui/judge-profile.tsx(57,7): error TS17004: Cannot use JSX unless the '--jsx' flag is provided.
frontend/src/entities/user/ui/judge-profile.tsx(58,9): error TS17004: Cannot use JSX unless the '--jsx' flag is provided.
frontend/src/entities/user/ui/judge-profile.tsx(81,5): error TS17004: Cannot use JSX unless the '--jsx' flag is provided.
frontend/src/entities/user/ui/judge-profile.tsx(82,7): error TS17004: Cannot use JSX unless the '--jsx' flag is provided.
frontend/src/entities/user/ui/judge-profile.tsx(83,9): error TS17004: Cannot use JSX unless the '--jsx' flag is provided.
frontend/src/entities/user/ui/judge-profile.tsx(84,11): error TS17004: Cannot use JSX unless the '--jsx' flag is provided.
frontend/src/entities/user/ui/judge-profile.tsx(91,11): error TS17004: Cannot use JSX unless the '--jsx' flag is provided.
frontend/src/entities/user/ui/judge-profile.tsx(92,11): error TS17004: Cannot use JSX unless the '--jsx' flag is provided.
frontend/src/entities/user/ui/judge-profile.tsx(99,13): error TS17004: Cannot use JSX unless the '--jsx' flag is provided.
frontend/src/entities/user/ui/judge-profile.tsx(100,13): error TS17004: Cannot use JSX unless the '--jsx' flag is provided.
frontend/src/entities/user/ui/judge-profile.tsx(103,9): error TS17004: Cannot use JSX unless the '--jsx' flag is provided.
frontend/src/entities/user/ui/judge-profile.tsx(104,11): error TS17004: Cannot use JSX unless the '--jsx' flag is provided.
frontend/src/entities/user/ui/judge-profile.tsx(105,13): error TS17004: Cannot use JSX unless the '--jsx' flag is provided.
frontend/src/entities/user/ui/judge-profile.tsx(106,15): error TS17004: Cannot use JSX unless the '--jsx' flag is provided.
frontend/src/entities/user/ui/judge-profile.tsx(107,17): error TS17004: Cannot use JSX unless the '--jsx' flag is provided.
frontend/src/entities/user/ui/judge-profile.tsx(112,17): error TS17004: Cannot use JSX unless the '--jsx' flag is provided.
frontend/src/entities/user/ui/judge-profile.tsx(114,15): error TS17004: Cannot use JSX unless the '--jsx' flag is provided.
frontend/src/entities/user/ui/judge-profile.tsx(121,17): error TS17004: Cannot use JSX unless the '--jsx' flag is provided.
frontend/src/entities/user/ui/judge-profile.tsx(122,17): error TS17004: Cannot use JSX unless the '--jsx' flag is provided.
frontend/src/entities/user/ui/judge-profile.tsx(125,13): error TS17004: Cannot use JSX unless the '--jsx' flag is provided.
frontend/src/entities/user/ui/judge-profile.tsx(126,15): error TS17004: Cannot use JSX unless the '--jsx' flag is provided.
frontend/src/entities/user/ui/judge-profile.tsx(127,17): error TS17004: Cannot use JSX unless the '--jsx' flag is provided.
frontend/src/entities/user/ui/judge-profile.tsx(128,19): error TS17004: Cannot use JSX unless the '--jsx' flag is provided.
frontend/src/entities/user/ui/judge-profile.tsx(131,19): error TS17004: Cannot use JSX unless the '--jsx' flag is provided.
frontend/src/entities/user/ui/judge-profile.tsx(133,17): error TS17004: Cannot use JSX unless the '--jsx' flag is provided.
frontend/src/entities/user/ui/judge-profile.tsx(134,19): error TS17004: Cannot use JSX unless the '--jsx' flag is provided.
frontend/src/entities/user/ui/judge-profile.tsx(135,21): error TS17004: Cannot use JSX unless the '--jsx' flag is provided.
frontend/src/entities/user/ui/judge-profile.tsx(139,15): error TS17004: Cannot use JSX unless the '--jsx' flag is provided.
frontend/src/entities/user/ui/judge-profile.tsx(140,17): error TS17004: Cannot use JSX unless the '--jsx' flag is provided.
frontend/src/entities/user/ui/judge-profile.tsx(141,17): error TS17004: Cannot use JSX unless the '--jsx' flag is provided.
frontend/src/entities/user/ui/judge-profile.tsx(146,9): error TS17004: Cannot use JSX unless the '--jsx' flag is provided.
frontend/src/entities/user/ui/judge-profile.tsx(147,11): error TS17004: Cannot use JSX unless the '--jsx' flag is provided.
frontend/src/entities/user/ui/judge-profile.tsx(148,13): error TS17004: Cannot use JSX unless the '--jsx' flag is provided.
frontend/src/entities/user/ui/judge-profile.tsx(149,15): error TS17004: Cannot use JSX unless the '--jsx' flag is provided.
frontend/src/entities/user/ui/judge-profile.tsx(150,15): error TS17004: Cannot use JSX unless the '--jsx' flag is provided.
frontend/src/entities/user/ui/judge-profile.tsx(151,15): error TS17004: Cannot use JSX unless the '--jsx' flag is provided.
frontend/src/entities/user/ui/judge-profile.tsx(153,13): error TS17004: Cannot use JSX unless the '--jsx' flag is provided.
frontend/src/entities/user/ui/judge-profile.tsx(154,15): error TS17004: Cannot use JSX unless the '--jsx' flag is provided.
frontend/src/entities/user/ui/judge-profile.tsx(156,13): error TS17004: Cannot use JSX unless the '--jsx' flag is provided.
frontend/src/entities/user/ui/judge-profile.tsx(157,15): error TS17004: Cannot use JSX unless the '--jsx' flag is provided.
frontend/src/entities/user/ui/judge-profile.tsx(157,33): error TS2322: Type '{ matches: JudgedMatch[]; }' is not assignable to type 'IntrinsicAttributes'.
  Property 'matches' does not exist on type 'IntrinsicAttributes'.
frontend/src/entities/user/ui/judge-profile.tsx(159,13): error TS17004: Cannot use JSX unless the '--jsx' flag is provided.
frontend/src/entities/user/ui/judge-profile.tsx(160,15): error TS17004: Cannot use JSX unless the '--jsx' flag is provided.
frontend/src/entities/user/ui/judge-profile.tsx(160,37): error TS2322: Type '{ achievements: Achievement[]; }' is not assignable to type 'IntrinsicAttributes'.
  Property 'achievements' does not exist on type 'IntrinsicAttributes'.
frontend/src/entities/user/ui/judge-profile.tsx(165,7): error TS17004: Cannot use JSX unless the '--jsx' flag is provided.
frontend/src/entities/user/ui/judge-profile.tsx(171,7): error TS17004: Cannot use JSX unless the '--jsx' flag is provided.
frontend/src/entities/user/ui/manager-profile-tabs/achievements-tab.tsx(3,35): error TS2307: Cannot find module '@/shared/ui/card' or its corresponding type declarations.
frontend/src/entities/user/ui/manager-profile-tabs/achievements-tab.tsx(4,34): error TS2307: Cannot find module '@/entities/achievement/model/types' or its corresponding type declarations.
frontend/src/entities/user/ui/manager-profile-tabs/achievements-tab.tsx(31,5): error TS17004: Cannot use JSX unless the '--jsx' flag is provided.
frontend/src/entities/user/ui/manager-profile-tabs/achievements-tab.tsx(32,7): error TS17004: Cannot use JSX unless the '--jsx' flag is provided.
frontend/src/entities/user/ui/manager-profile-tabs/achievements-tab.tsx(33,9): error TS17004: Cannot use JSX unless the '--jsx' flag is provided.
frontend/src/entities/user/ui/manager-profile-tabs/achievements-tab.tsx(38,15): error TS17004: Cannot use JSX unless the '--jsx' flag is provided.
frontend/src/entities/user/ui/manager-profile-tabs/achievements-tab.tsx(42,17): error TS17004: Cannot use JSX unless the '--jsx' flag is provided.
frontend/src/entities/user/ui/manager-profile-tabs/achievements-tab.tsx(45,28): error TS17004: Cannot use JSX unless the '--jsx' flag is provided.
frontend/src/entities/user/ui/manager-profile-tabs/achievements-tab.tsx(47,17): error TS17004: Cannot use JSX unless the '--jsx' flag is provided.
frontend/src/entities/user/ui/manager-profile-tabs/achievements-tab.tsx(48,17): error TS17004: Cannot use JSX unless the '--jsx' flag is provided.
frontend/src/entities/user/ui/manager-profile-tabs/managed-players-tab.tsx(9,8): error TS2307: Cannot find module '@/shared/ui/card' or its corresponding type declarations.
frontend/src/entities/user/ui/manager-profile-tabs/managed-players-tab.tsx(17,8): error TS2307: Cannot find module '@/shared/ui/table' or its corresponding type declarations.
frontend/src/entities/user/ui/manager-profile-tabs/managed-players-tab.tsx(18,53): error TS2307: Cannot find module '@/shared/ui/avatar' or its corresponding type declarations.
frontend/src/entities/user/ui/manager-profile-tabs/managed-players-tab.tsx(19,24): error TS2307: Cannot find module '@/shared/ui/button' or its corresponding type declarations.
frontend/src/entities/user/ui/manager-profile-tabs/managed-players-tab.tsx(21,26): error TS2307: Cannot find module '@/entities/user/api/get-users' or its corresponding type declarations.
frontend/src/entities/user/ui/manager-profile-tabs/managed-players-tab.tsx(23,27): error TS2307: Cannot find module '@/shared/lib/types' or its corresponding type declarations.
frontend/src/entities/user/ui/manager-profile-tabs/managed-players-tab.tsx(24,26): error TS2307: Cannot find module '@/shared/ui/skeleton' or its corresponding type declarations.
frontend/src/entities/user/ui/manager-profile-tabs/managed-players-tab.tsx(44,12): error TS17004: Cannot use JSX unless the '--jsx' flag is provided.
frontend/src/entities/user/ui/manager-profile-tabs/managed-players-tab.tsx(48,5): error TS17004: Cannot use JSX unless the '--jsx' flag is provided.
frontend/src/entities/user/ui/manager-profile-tabs/managed-players-tab.tsx(49,7): error TS17004: Cannot use JSX unless the '--jsx' flag is provided.
frontend/src/entities/user/ui/manager-profile-tabs/managed-players-tab.tsx(50,9): error TS17004: Cannot use JSX unless the '--jsx' flag is provided.
frontend/src/entities/user/ui/manager-profile-tabs/managed-players-tab.tsx(51,9): error TS17004: Cannot use JSX unless the '--jsx' flag is provided.
frontend/src/entities/user/ui/manager-profile-tabs/managed-players-tab.tsx(55,7): error TS17004: Cannot use JSX unless the '--jsx' flag is provided.
frontend/src/entities/user/ui/manager-profile-tabs/managed-players-tab.tsx(56,9): error TS17004: Cannot use JSX unless the '--jsx' flag is provided.
frontend/src/entities/user/ui/manager-profile-tabs/managed-players-tab.tsx(57,11): error TS17004: Cannot use JSX unless the '--jsx' flag is provided.
frontend/src/entities/user/ui/manager-profile-tabs/managed-players-tab.tsx(58,13): error TS17004: Cannot use JSX unless the '--jsx' flag is provided.
frontend/src/entities/user/ui/manager-profile-tabs/managed-players-tab.tsx(59,15): error TS17004: Cannot use JSX unless the '--jsx' flag is provided.
frontend/src/entities/user/ui/manager-profile-tabs/managed-players-tab.tsx(60,15): error TS17004: Cannot use JSX unless the '--jsx' flag is provided.
frontend/src/entities/user/ui/manager-profile-tabs/managed-players-tab.tsx(61,15): error TS17004: Cannot use JSX unless the '--jsx' flag is provided.
frontend/src/entities/user/ui/manager-profile-tabs/managed-players-tab.tsx(64,11): error TS17004: Cannot use JSX unless the '--jsx' flag is provided.
frontend/src/entities/user/ui/manager-profile-tabs/managed-players-tab.tsx(66,15): error TS17004: Cannot use JSX unless the '--jsx' flag is provided.
frontend/src/entities/user/ui/manager-profile-tabs/managed-players-tab.tsx(66,37): error TS2339: Property 'id' does not exist on type 'PlayerWithSport'.
frontend/src/entities/user/ui/manager-profile-tabs/managed-players-tab.tsx(67,17): error TS17004: Cannot use JSX unless the '--jsx' flag is provided.
frontend/src/entities/user/ui/manager-profile-tabs/managed-players-tab.tsx(68,19): error TS17004: Cannot use JSX unless the '--jsx' flag is provided.
frontend/src/entities/user/ui/manager-profile-tabs/managed-players-tab.tsx(69,21): error TS17004: Cannot use JSX unless the '--jsx' flag is provided.
frontend/src/entities/user/ui/manager-profile-tabs/managed-players-tab.tsx(70,23): error TS17004: Cannot use JSX unless the '--jsx' flag is provided.
frontend/src/entities/user/ui/manager-profile-tabs/managed-players-tab.tsx(71,37): error TS2339: Property 'avatar' does not exist on type 'PlayerWithSport'.
frontend/src/entities/user/ui/manager-profile-tabs/managed-players-tab.tsx(72,37): error TS2339: Property 'name' does not exist on type 'PlayerWithSport'.
frontend/src/entities/user/ui/manager-profile-tabs/managed-players-tab.tsx(74,23): error TS17004: Cannot use JSX unless the '--jsx' flag is provided.
frontend/src/entities/user/ui/manager-profile-tabs/managed-players-tab.tsx(74,47): error TS2339: Property 'name' does not exist on type 'PlayerWithSport'.
frontend/src/entities/user/ui/manager-profile-tabs/managed-players-tab.tsx(76,21): error TS17004: Cannot use JSX unless the '--jsx' flag is provided.
frontend/src/entities/user/ui/manager-profile-tabs/managed-players-tab.tsx(76,59): error TS2339: Property 'name' does not exist on type 'PlayerWithSport'.
frontend/src/entities/user/ui/manager-profile-tabs/managed-players-tab.tsx(79,17): error TS17004: Cannot use JSX unless the '--jsx' flag is provided.
frontend/src/entities/user/ui/manager-profile-tabs/managed-players-tab.tsx(82,17): error TS17004: Cannot use JSX unless the '--jsx' flag is provided.
frontend/src/entities/user/ui/manager-profile-tabs/managed-players-tab.tsx(83,19): error TS17004: Cannot use JSX unless the '--jsx' flag is provided.
frontend/src/entities/user/ui/manager-profile-tabs/managed-players-tab.tsx(84,21): error TS17004: Cannot use JSX unless the '--jsx' flag is provided.
frontend/src/entities/user/ui/manager-profile-tabs/managed-players-tab.tsx(84,60): error TS2339: Property 'id' does not exist on type 'PlayerWithSport'.
frontend/src/entities/user/ui/manager-profile-tabs/stats-tab.tsx(3,62): error TS2307: Cannot find module '@/shared/ui/card' or its corresponding type declarations.
frontend/src/entities/user/ui/manager-profile-tabs/stats-tab.tsx(7,5): error TS17004: Cannot use JSX unless the '--jsx' flag is provided.
frontend/src/entities/user/ui/manager-profile-tabs/stats-tab.tsx(8,7): error TS17004: Cannot use JSX unless the '--jsx' flag is provided.
frontend/src/entities/user/ui/manager-profile-tabs/stats-tab.tsx(9,9): error TS17004: Cannot use JSX unless the '--jsx' flag is provided.
frontend/src/entities/user/ui/manager-profile-tabs/stats-tab.tsx(10,11): error TS17004: Cannot use JSX unless the '--jsx' flag is provided.
frontend/src/entities/user/ui/manager-profile-tabs/stats-tab.tsx(11,11): error TS17004: Cannot use JSX unless the '--jsx' flag is provided.
frontend/src/entities/user/ui/manager-profile-tabs/stats-tab.tsx(14,7): error TS17004: Cannot use JSX unless the '--jsx' flag is provided.
frontend/src/entities/user/ui/manager-profile-tabs/stats-tab.tsx(15,9): error TS17004: Cannot use JSX unless the '--jsx' flag is provided.
frontend/src/entities/user/ui/manager-profile-tabs/stats-tab.tsx(16,11): error TS17004: Cannot use JSX unless the '--jsx' flag is provided.
frontend/src/entities/user/ui/manager-profile-tabs/stats-tab.tsx(17,11): error TS17004: Cannot use JSX unless the '--jsx' flag is provided.
frontend/src/entities/user/ui/manager-profile-tabs/stats-tab.tsx(20,7): error TS17004: Cannot use JSX unless the '--jsx' flag is provided.
frontend/src/entities/user/ui/manager-profile-tabs/stats-tab.tsx(21,9): error TS17004: Cannot use JSX unless the '--jsx' flag is provided.
frontend/src/entities/user/ui/manager-profile-tabs/stats-tab.tsx(22,11): error TS17004: Cannot use JSX unless the '--jsx' flag is provided.
frontend/src/entities/user/ui/manager-profile-tabs/stats-tab.tsx(23,11): error TS17004: Cannot use JSX unless the '--jsx' flag is provided.
frontend/src/entities/user/ui/manager-profile-tabs/stats-tab.tsx(26,7): error TS17004: Cannot use JSX unless the '--jsx' flag is provided.
frontend/src/entities/user/ui/manager-profile-tabs/stats-tab.tsx(27,9): error TS17004: Cannot use JSX unless the '--jsx' flag is provided.
frontend/src/entities/user/ui/manager-profile-tabs/stats-tab.tsx(28,11): error TS17004: Cannot use JSX unless the '--jsx' flag is provided.
frontend/src/entities/user/ui/manager-profile-tabs/stats-tab.tsx(29,11): error TS17004: Cannot use JSX unless the '--jsx' flag is provided.
frontend/src/entities/user/ui/manager-profile.tsx(5,53): error TS2307: Cannot find module '@/shared/ui/avatar' or its corresponding type declarations.
frontend/src/entities/user/ui/manager-profile.tsx(6,23): error TS2307: Cannot find module '@/shared/ui/badge' or its corresponding type declarations.
frontend/src/entities/user/ui/manager-profile.tsx(7,24): error TS2307: Cannot find module '@/shared/ui/button' or its corresponding type declarations.
frontend/src/entities/user/ui/manager-profile.tsx(8,22): error TS2307: Cannot find module '@/shared/ui/card' or its corresponding type declarations.
frontend/src/entities/user/ui/manager-profile.tsx(9,58): error TS2307: Cannot find module '@/shared/ui/tabs' or its corresponding type declarations.
frontend/src/entities/user/ui/manager-profile.tsx(10,26): error TS2307: Cannot find module '@/shared/ui/skeleton' or its corresponding type declarations.
frontend/src/entities/user/ui/manager-profile.tsx(13,43): error TS2307: Cannot find module '@/features/user-avatar-generator' or its corresponding type declarations.
frontend/src/entities/user/ui/manager-profile.tsx(15,46): error TS2307: Cannot find module '@/features/profile-banner-generator' or its corresponding type declarations.
frontend/src/entities/user/ui/manager-profile.tsx(17,34): error TS2307: Cannot find module '@/entities/achievement/model/types' or its corresponding type declarations.
frontend/src/entities/user/ui/manager-profile.tsx(21,5): error TS1323: Dynamic imports are only supported when the '--module' flag is set to 'es2020', 'es2022', 'esnext', 'commonjs', 'amd', 'system', 'umd', 'node16', 'node18', or 'nodenext'.
frontend/src/entities/user/ui/manager-profile.tsx(21,12): error TS2307: Cannot find module '@/entities/user/ui/manager-profile-tabs/stats-tab' or its corresponding type declarations.
frontend/src/entities/user/ui/manager-profile.tsx(26,7): error TS17004: Cannot use JSX unless the '--jsx' flag is provided.
frontend/src/entities/user/ui/manager-profile.tsx(27,9): error TS17004: Cannot use JSX unless the '--jsx' flag is provided.
frontend/src/entities/user/ui/manager-profile.tsx(28,9): error TS17004: Cannot use JSX unless the '--jsx' flag is provided.
frontend/src/entities/user/ui/manager-profile.tsx(29,9): error TS17004: Cannot use JSX unless the '--jsx' flag is provided.
frontend/src/entities/user/ui/manager-profile.tsx(30,9): error TS17004: Cannot use JSX unless the '--jsx' flag is provided.
frontend/src/entities/user/ui/manager-profile.tsx(38,5): error TS1323: Dynamic imports are only supported when the '--module' flag is set to 'es2020', 'es2022', 'esnext', 'commonjs', 'amd', 'system', 'umd', 'node16', 'node18', or 'nodenext'.
frontend/src/entities/user/ui/manager-profile.tsx(38,12): error TS2307: Cannot find module '@/entities/user/ui/manager-profile-tabs/managed-players-tab' or its corresponding type declarations.
frontend/src/entities/user/ui/manager-profile.tsx(43,7): error TS17004: Cannot use JSX unless the '--jsx' flag is provided.
frontend/src/entities/user/ui/manager-profile.tsx(44,9): error TS17004: Cannot use JSX unless the '--jsx' flag is provided.
frontend/src/entities/user/ui/manager-profile.tsx(52,5): error TS1323: Dynamic imports are only supported when the '--module' flag is set to 'es2020', 'es2022', 'esnext', 'commonjs', 'amd', 'system', 'umd', 'node16', 'node18', or 'nodenext'.
frontend/src/entities/user/ui/manager-profile.tsx(52,12): error TS2307: Cannot find module '@/entities/user/ui/manager-profile-tabs/achievements-tab' or its corresponding type declarations.
frontend/src/entities/user/ui/manager-profile.tsx(57,7): error TS17004: Cannot use JSX unless the '--jsx' flag is provided.
frontend/src/entities/user/ui/manager-profile.tsx(58,9): error TS17004: Cannot use JSX unless the '--jsx' flag is provided.
frontend/src/entities/user/ui/manager-profile.tsx(81,5): error TS17004: Cannot use JSX unless the '--jsx' flag is provided.
frontend/src/entities/user/ui/manager-profile.tsx(82,7): error TS17004: Cannot use JSX unless the '--jsx' flag is provided.
frontend/src/entities/user/ui/manager-profile.tsx(83,9): error TS17004: Cannot use JSX unless the '--jsx' flag is provided.
frontend/src/entities/user/ui/manager-profile.tsx(84,11): error TS17004: Cannot use JSX unless the '--jsx' flag is provided.
frontend/src/entities/user/ui/manager-profile.tsx(91,11): error TS17004: Cannot use JSX unless the '--jsx' flag is provided.
frontend/src/entities/user/ui/manager-profile.tsx(92,11): error TS17004: Cannot use JSX unless the '--jsx' flag is provided.
frontend/src/entities/user/ui/manager-profile.tsx(99,13): error TS17004: Cannot use JSX unless the '--jsx' flag is provided.
frontend/src/entities/user/ui/manager-profile.tsx(100,13): error TS17004: Cannot use JSX unless the '--jsx' flag is provided.
frontend/src/entities/user/ui/manager-profile.tsx(103,9): error TS17004: Cannot use JSX unless the '--jsx' flag is provided.
frontend/src/entities/user/ui/manager-profile.tsx(104,11): error TS17004: Cannot use JSX unless the '--jsx' flag is provided.
frontend/src/entities/user/ui/manager-profile.tsx(105,13): error TS17004: Cannot use JSX unless the '--jsx' flag is provided.
frontend/src/entities/user/ui/manager-profile.tsx(106,15): error TS17004: Cannot use JSX unless the '--jsx' flag is provided.
frontend/src/entities/user/ui/manager-profile.tsx(107,17): error TS17004: Cannot use JSX unless the '--jsx' flag is provided.
frontend/src/entities/user/ui/manager-profile.tsx(112,17): error TS17004: Cannot use JSX unless the '--jsx' flag is provided.
frontend/src/entities/user/ui/manager-profile.tsx(114,15): error TS17004: Cannot use JSX unless the '--jsx' flag is provided.
frontend/src/entities/user/ui/manager-profile.tsx(121,17): error TS17004: Cannot use JSX unless the '--jsx' flag is provided.
frontend/src/entities/user/ui/manager-profile.tsx(122,17): error TS17004: Cannot use JSX unless the '--jsx' flag is provided.
frontend/src/entities/user/ui/manager-profile.tsx(125,13): error TS17004: Cannot use JSX unless the '--jsx' flag is provided.
frontend/src/entities/user/ui/manager-profile.tsx(126,15): error TS17004: Cannot use JSX unless the '--jsx' flag is provided.
frontend/src/entities/user/ui/manager-profile.tsx(127,17): error TS17004: Cannot use JSX unless the '--jsx' flag is provided.
frontend/src/entities/user/ui/manager-profile.tsx(128,19): error TS17004: Cannot use JSX unless the '--jsx' flag is provided.
frontend/src/entities/user/ui/manager-profile.tsx(131,19): error TS17004: Cannot use JSX unless the '--jsx' flag is provided.
frontend/src/entities/user/ui/manager-profile.tsx(133,17): error TS17004: Cannot use JSX unless the '--jsx' flag is provided.
frontend/src/entities/user/ui/manager-profile.tsx(134,19): error TS17004: Cannot use JSX unless the '--jsx' flag is provided.
frontend/src/entities/user/ui/manager-profile.tsx(135,21): error TS17004: Cannot use JSX unless the '--jsx' flag is provided.
frontend/src/entities/user/ui/manager-profile.tsx(139,15): error TS17004: Cannot use JSX unless the '--jsx' flag is provided.
frontend/src/entities/user/ui/manager-profile.tsx(140,17): error TS17004: Cannot use JSX unless the '--jsx' flag is provided.
frontend/src/entities/user/ui/manager-profile.tsx(146,17): error TS17004: Cannot use JSX unless the '--jsx' flag is provided.
frontend/src/entities/user/ui/manager-profile.tsx(151,9): error TS17004: Cannot use JSX unless the '--jsx' flag is provided.
frontend/src/entities/user/ui/manager-profile.tsx(152,11): error TS17004: Cannot use JSX unless the '--jsx' flag is provided.
frontend/src/entities/user/ui/manager-profile.tsx(153,13): error TS17004: Cannot use JSX unless the '--jsx' flag is provided.
frontend/src/entities/user/ui/manager-profile.tsx(154,15): error TS17004: Cannot use JSX unless the '--jsx' flag is provided.
frontend/src/entities/user/ui/manager-profile.tsx(155,15): error TS17004: Cannot use JSX unless the '--jsx' flag is provided.
frontend/src/entities/user/ui/manager-profile.tsx(156,15): error TS17004: Cannot use JSX unless the '--jsx' flag is provided.
frontend/src/entities/user/ui/manager-profile.tsx(158,13): error TS17004: Cannot use JSX unless the '--jsx' flag is provided.
frontend/src/entities/user/ui/manager-profile.tsx(159,15): error TS17004: Cannot use JSX unless the '--jsx' flag is provided.
frontend/src/entities/user/ui/manager-profile.tsx(161,13): error TS17004: Cannot use JSX unless the '--jsx' flag is provided.
frontend/src/entities/user/ui/manager-profile.tsx(162,15): error TS17004: Cannot use JSX unless the '--jsx' flag is provided.
frontend/src/entities/user/ui/manager-profile.tsx(164,13): error TS17004: Cannot use JSX unless the '--jsx' flag is provided.
frontend/src/entities/user/ui/manager-profile.tsx(165,15): error TS17004: Cannot use JSX unless the '--jsx' flag is provided.
frontend/src/entities/user/ui/manager-profile.tsx(165,39): error TS2322: Type '{ achievements: Achievement[]; }' is not assignable to type 'IntrinsicAttributes'.
  Property 'achievements' does not exist on type 'IntrinsicAttributes'.
frontend/src/entities/user/ui/manager-profile.tsx(170,7): error TS17004: Cannot use JSX unless the '--jsx' flag is provided.
frontend/src/entities/user/ui/manager-profile.tsx(176,7): error TS17004: Cannot use JSX unless the '--jsx' flag is provided.
frontend/src/entities/user/ui/moderator-profile-tabs/achievements-tab.tsx(3,35): error TS2307: Cannot find module '@/shared/ui/card' or its corresponding type declarations.
frontend/src/entities/user/ui/moderator-profile-tabs/achievements-tab.tsx(4,34): error TS2307: Cannot find module '@/entities/achievement/model/types' or its corresponding type declarations.
frontend/src/entities/user/ui/moderator-profile-tabs/achievements-tab.tsx(31,5): error TS17004: Cannot use JSX unless the '--jsx' flag is provided.
frontend/src/entities/user/ui/moderator-profile-tabs/achievements-tab.tsx(32,7): error TS17004: Cannot use JSX unless the '--jsx' flag is provided.
frontend/src/entities/user/ui/moderator-profile-tabs/achievements-tab.tsx(33,9): error TS17004: Cannot use JSX unless the '--jsx' flag is provided.
frontend/src/entities/user/ui/moderator-profile-tabs/achievements-tab.tsx(38,15): error TS17004: Cannot use JSX unless the '--jsx' flag is provided.
frontend/src/entities/user/ui/moderator-profile-tabs/achievements-tab.tsx(42,17): error TS17004: Cannot use JSX unless the '--jsx' flag is provided.
frontend/src/entities/user/ui/moderator-profile-tabs/achievements-tab.tsx(45,28): error TS17004: Cannot use JSX unless the '--jsx' flag is provided.
frontend/src/entities/user/ui/moderator-profile-tabs/achievements-tab.tsx(47,17): error TS17004: Cannot use JSX unless the '--jsx' flag is provided.
frontend/src/entities/user/ui/moderator-profile-tabs/achievements-tab.tsx(48,17): error TS17004: Cannot use JSX unless the '--jsx' flag is provided.
frontend/src/entities/user/ui/moderator-profile-tabs/stats-tab.tsx(3,62): error TS2307: Cannot find module '@/shared/ui/card' or its corresponding type declarations.
frontend/src/entities/user/ui/moderator-profile-tabs/stats-tab.tsx(7,5): error TS17004: Cannot use JSX unless the '--jsx' flag is provided.
frontend/src/entities/user/ui/moderator-profile-tabs/stats-tab.tsx(8,7): error TS17004: Cannot use JSX unless the '--jsx' flag is provided.
frontend/src/entities/user/ui/moderator-profile-tabs/stats-tab.tsx(9,9): error TS17004: Cannot use JSX unless the '--jsx' flag is provided.
frontend/src/entities/user/ui/moderator-profile-tabs/stats-tab.tsx(10,11): error TS17004: Cannot use JSX unless the '--jsx' flag is provided.
frontend/src/entities/user/ui/moderator-profile-tabs/stats-tab.tsx(11,11): error TS17004: Cannot use JSX unless the '--jsx' flag is provided.
frontend/src/entities/user/ui/moderator-profile-tabs/stats-tab.tsx(14,7): error TS17004: Cannot use JSX unless the '--jsx' flag is provided.
frontend/src/entities/user/ui/moderator-profile-tabs/stats-tab.tsx(15,9): error TS17004: Cannot use JSX unless the '--jsx' flag is provided.
frontend/src/entities/user/ui/moderator-profile-tabs/stats-tab.tsx(16,11): error TS17004: Cannot use JSX unless the '--jsx' flag is provided.
frontend/src/entities/user/ui/moderator-profile-tabs/stats-tab.tsx(17,11): error TS17004: Cannot use JSX unless the '--jsx' flag is provided.
frontend/src/entities/user/ui/moderator-profile-tabs/stats-tab.tsx(20,7): error TS17004: Cannot use JSX unless the '--jsx' flag is provided.
frontend/src/entities/user/ui/moderator-profile-tabs/stats-tab.tsx(21,9): error TS17004: Cannot use JSX unless the '--jsx' flag is provided.
frontend/src/entities/user/ui/moderator-profile-tabs/stats-tab.tsx(22,11): error TS17004: Cannot use JSX unless the '--jsx' flag is provided.
frontend/src/entities/user/ui/moderator-profile-tabs/stats-tab.tsx(23,11): error TS17004: Cannot use JSX unless the '--jsx' flag is provided.
frontend/src/entities/user/ui/moderator-profile-tabs/stats-tab.tsx(26,7): error TS17004: Cannot use JSX unless the '--jsx' flag is provided.
frontend/src/entities/user/ui/moderator-profile-tabs/stats-tab.tsx(27,9): error TS17004: Cannot use JSX unless the '--jsx' flag is provided.
frontend/src/entities/user/ui/moderator-profile-tabs/stats-tab.tsx(28,11): error TS17004: Cannot use JSX unless the '--jsx' flag is provided.
frontend/src/entities/user/ui/moderator-profile-tabs/stats-tab.tsx(29,11): error TS17004: Cannot use JSX unless the '--jsx' flag is provided.
frontend/src/entities/user/ui/moderator-profile.tsx(5,53): error TS2307: Cannot find module '@/shared/ui/avatar' or its corresponding type declarations.
frontend/src/entities/user/ui/moderator-profile.tsx(6,23): error TS2307: Cannot find module '@/shared/ui/badge' or its corresponding type declarations.
frontend/src/entities/user/ui/moderator-profile.tsx(7,24): error TS2307: Cannot find module '@/shared/ui/button' or its corresponding type declarations.
frontend/src/entities/user/ui/moderator-profile.tsx(8,22): error TS2307: Cannot find module '@/shared/ui/card' or its corresponding type declarations.
frontend/src/entities/user/ui/moderator-profile.tsx(9,58): error TS2307: Cannot find module '@/shared/ui/tabs' or its corresponding type declarations.
frontend/src/entities/user/ui/moderator-profile.tsx(10,26): error TS2307: Cannot find module '@/shared/ui/skeleton' or its corresponding type declarations.
frontend/src/entities/user/ui/moderator-profile.tsx(13,43): error TS2307: Cannot find module '@/features/user-avatar-generator' or its corresponding type declarations.
frontend/src/entities/user/ui/moderator-profile.tsx(15,46): error TS2307: Cannot find module '@/features/profile-banner-generator' or its corresponding type declarations.
frontend/src/entities/user/ui/moderator-profile.tsx(17,34): error TS2307: Cannot find module '@/entities/achievement/model/types' or its corresponding type declarations.
frontend/src/entities/user/ui/moderator-profile.tsx(21,5): error TS1323: Dynamic imports are only supported when the '--module' flag is set to 'es2020', 'es2022', 'esnext', 'commonjs', 'amd', 'system', 'umd', 'node16', 'node18', or 'nodenext'.
frontend/src/entities/user/ui/moderator-profile.tsx(21,12): error TS2307: Cannot find module '@/entities/user/ui/moderator-profile-tabs/stats-tab' or its corresponding type declarations.
frontend/src/entities/user/ui/moderator-profile.tsx(26,7): error TS17004: Cannot use JSX unless the '--jsx' flag is provided.
frontend/src/entities/user/ui/moderator-profile.tsx(27,9): error TS17004: Cannot use JSX unless the '--jsx' flag is provided.
frontend/src/entities/user/ui/moderator-profile.tsx(28,9): error TS17004: Cannot use JSX unless the '--jsx' flag is provided.
frontend/src/entities/user/ui/moderator-profile.tsx(29,9): error TS17004: Cannot use JSX unless the '--jsx' flag is provided.
frontend/src/entities/user/ui/moderator-profile.tsx(30,9): error TS17004: Cannot use JSX unless the '--jsx' flag is provided.
frontend/src/entities/user/ui/moderator-profile.tsx(38,5): error TS1323: Dynamic imports are only supported when the '--module' flag is set to 'es2020', 'es2022', 'esnext', 'commonjs', 'amd', 'system', 'umd', 'node16', 'node18', or 'nodenext'.
frontend/src/entities/user/ui/moderator-profile.tsx(38,12): error TS2307: Cannot find module '@/entities/user/ui/moderator-profile-tabs/achievements-tab' or its corresponding type declarations.
frontend/src/entities/user/ui/moderator-profile.tsx(43,7): error TS17004: Cannot use JSX unless the '--jsx' flag is provided.
frontend/src/entities/user/ui/moderator-profile.tsx(44,9): error TS17004: Cannot use JSX unless the '--jsx' flag is provided.
frontend/src/entities/user/ui/moderator-profile.tsx(70,5): error TS17004: Cannot use JSX unless the '--jsx' flag is provided.
frontend/src/entities/user/ui/moderator-profile.tsx(71,7): error TS17004: Cannot use JSX unless the '--jsx' flag is provided.
frontend/src/entities/user/ui/moderator-profile.tsx(72,9): error TS17004: Cannot use JSX unless the '--jsx' flag is provided.
frontend/src/entities/user/ui/moderator-profile.tsx(73,11): error TS17004: Cannot use JSX unless the '--jsx' flag is provided.
frontend/src/entities/user/ui/moderator-profile.tsx(80,11): error TS17004: Cannot use JSX unless the '--jsx' flag is provided.
frontend/src/entities/user/ui/moderator-profile.tsx(81,11): error TS17004: Cannot use JSX unless the '--jsx' flag is provided.
frontend/src/entities/user/ui/moderator-profile.tsx(88,13): error TS17004: Cannot use JSX unless the '--jsx' flag is provided.
frontend/src/entities/user/ui/moderator-profile.tsx(89,13): error TS17004: Cannot use JSX unless the '--jsx' flag is provided.
frontend/src/entities/user/ui/moderator-profile.tsx(92,9): error TS17004: Cannot use JSX unless the '--jsx' flag is provided.
frontend/src/entities/user/ui/moderator-profile.tsx(93,11): error TS17004: Cannot use JSX unless the '--jsx' flag is provided.
frontend/src/entities/user/ui/moderator-profile.tsx(94,13): error TS17004: Cannot use JSX unless the '--jsx' flag is provided.
frontend/src/entities/user/ui/moderator-profile.tsx(95,15): error TS17004: Cannot use JSX unless the '--jsx' flag is provided.
frontend/src/entities/user/ui/moderator-profile.tsx(96,17): error TS17004: Cannot use JSX unless the '--jsx' flag is provided.
frontend/src/entities/user/ui/moderator-profile.tsx(101,17): error TS17004: Cannot use JSX unless the '--jsx' flag is provided.
frontend/src/entities/user/ui/moderator-profile.tsx(103,15): error TS17004: Cannot use JSX unless the '--jsx' flag is provided.
frontend/src/entities/user/ui/moderator-profile.tsx(110,17): error TS17004: Cannot use JSX unless the '--jsx' flag is provided.
frontend/src/entities/user/ui/moderator-profile.tsx(111,17): error TS17004: Cannot use JSX unless the '--jsx' flag is provided.
frontend/src/entities/user/ui/moderator-profile.tsx(114,13): error TS17004: Cannot use JSX unless the '--jsx' flag is provided.
frontend/src/entities/user/ui/moderator-profile.tsx(115,15): error TS17004: Cannot use JSX unless the '--jsx' flag is provided.
frontend/src/entities/user/ui/moderator-profile.tsx(116,17): error TS17004: Cannot use JSX unless the '--jsx' flag is provided.
frontend/src/entities/user/ui/moderator-profile.tsx(117,19): error TS17004: Cannot use JSX unless the '--jsx' flag is provided.
frontend/src/entities/user/ui/moderator-profile.tsx(120,19): error TS17004: Cannot use JSX unless the '--jsx' flag is provided.
frontend/src/entities/user/ui/moderator-profile.tsx(122,17): error TS17004: Cannot use JSX unless the '--jsx' flag is provided.
frontend/src/entities/user/ui/moderator-profile.tsx(123,19): error TS17004: Cannot use JSX unless the '--jsx' flag is provided.
frontend/src/entities/user/ui/moderator-profile.tsx(124,21): error TS17004: Cannot use JSX unless the '--jsx' flag is provided.
frontend/src/entities/user/ui/moderator-profile.tsx(128,15): error TS17004: Cannot use JSX unless the '--jsx' flag is provided.
frontend/src/entities/user/ui/moderator-profile.tsx(129,17): error TS17004: Cannot use JSX unless the '--jsx' flag is provided.
frontend/src/entities/user/ui/moderator-profile.tsx(135,17): error TS17004: Cannot use JSX unless the '--jsx' flag is provided.
frontend/src/entities/user/ui/moderator-profile.tsx(140,9): error TS17004: Cannot use JSX unless the '--jsx' flag is provided.
frontend/src/entities/user/ui/moderator-profile.tsx(141,11): error TS17004: Cannot use JSX unless the '--jsx' flag is provided.
frontend/src/entities/user/ui/moderator-profile.tsx(142,13): error TS17004: Cannot use JSX unless the '--jsx' flag is provided.
frontend/src/entities/user/ui/moderator-profile.tsx(143,15): error TS17004: Cannot use JSX unless the '--jsx' flag is provided.
frontend/src/entities/user/ui/moderator-profile.tsx(144,15): error TS17004: Cannot use JSX unless the '--jsx' flag is provided.
frontend/src/entities/user/ui/moderator-profile.tsx(148,13): error TS17004: Cannot use JSX unless the '--jsx' flag is provided.
frontend/src/entities/user/ui/moderator-profile.tsx(149,15): error TS17004: Cannot use JSX unless the '--jsx' flag is provided.
frontend/src/entities/user/ui/moderator-profile.tsx(151,13): error TS17004: Cannot use JSX unless the '--jsx' flag is provided.
frontend/src/entities/user/ui/moderator-profile.tsx(152,15): error TS17004: Cannot use JSX unless the '--jsx' flag is provided.
frontend/src/entities/user/ui/moderator-profile.tsx(152,41): error TS2322: Type '{ achievements: Achievement[]; }' is not assignable to type 'IntrinsicAttributes'.
  Property 'achievements' does not exist on type 'IntrinsicAttributes'.
frontend/src/entities/user/ui/moderator-profile.tsx(157,7): error TS17004: Cannot use JSX unless the '--jsx' flag is provided.
frontend/src/entities/user/ui/moderator-profile.tsx(163,7): error TS17004: Cannot use JSX unless the '--jsx' flag is provided.
frontend/src/entities/user/ui/organizer-profile-tabs/achievements-tab.tsx(3,35): error TS2307: Cannot find module '@/shared/ui/card' or its corresponding type declarations.
frontend/src/entities/user/ui/organizer-profile-tabs/achievements-tab.tsx(4,74): error TS2307: Cannot find module '@/shared/lib/mock-data/organizer-profile' or its corresponding type declarations.
frontend/src/entities/user/ui/organizer-profile-tabs/achievements-tab.tsx(33,5): error TS17004: Cannot use JSX unless the '--jsx' flag is provided.
frontend/src/entities/user/ui/organizer-profile-tabs/achievements-tab.tsx(34,7): error TS17004: Cannot use JSX unless the '--jsx' flag is provided.
frontend/src/entities/user/ui/organizer-profile-tabs/achievements-tab.tsx(35,9): error TS17004: Cannot use JSX unless the '--jsx' flag is provided.
frontend/src/entities/user/ui/organizer-profile-tabs/achievements-tab.tsx(40,15): error TS17004: Cannot use JSX unless the '--jsx' flag is provided.
frontend/src/entities/user/ui/organizer-profile-tabs/achievements-tab.tsx(44,17): error TS17004: Cannot use JSX unless the '--jsx' flag is provided.
frontend/src/entities/user/ui/organizer-profile-tabs/achievements-tab.tsx(47,28): error TS17004: Cannot use JSX unless the '--jsx' flag is provided.
frontend/src/entities/user/ui/organizer-profile-tabs/achievements-tab.tsx(49,17): error TS17004: Cannot use JSX unless the '--jsx' flag is provided.
frontend/src/entities/user/ui/organizer-profile-tabs/achievements-tab.tsx(50,17): error TS17004: Cannot use JSX unless the '--jsx' flag is provided.
frontend/src/entities/user/ui/organizer-profile-tabs/managed-tournaments-tab.tsx(10,8): error TS2307: Cannot find module '@/shared/ui/card' or its corresponding type declarations.
frontend/src/entities/user/ui/organizer-profile-tabs/managed-tournaments-tab.tsx(18,8): error TS2307: Cannot find module '@/shared/ui/table' or its corresponding type declarations.
frontend/src/entities/user/ui/organizer-profile-tabs/managed-tournaments-tab.tsx(19,23): error TS2307: Cannot find module '@/shared/ui/badge' or its corresponding type declarations.
frontend/src/entities/user/ui/organizer-profile-tabs/managed-tournaments-tab.tsx(20,24): error TS2307: Cannot find module '@/shared/ui/button' or its corresponding type declarations.
frontend/src/entities/user/ui/organizer-profile-tabs/managed-tournaments-tab.tsx(21,36): error TS2307: Cannot find module '@/entities/user/model/types' or its corresponding type declarations.
frontend/src/entities/user/ui/organizer-profile-tabs/managed-tournaments-tab.tsx(57,5): error TS17004: Cannot use JSX unless the '--jsx' flag is provided.
frontend/src/entities/user/ui/organizer-profile-tabs/managed-tournaments-tab.tsx(58,7): error TS17004: Cannot use JSX unless the '--jsx' flag is provided.
frontend/src/entities/user/ui/organizer-profile-tabs/managed-tournaments-tab.tsx(59,9): error TS17004: Cannot use JSX unless the '--jsx' flag is provided.
frontend/src/entities/user/ui/organizer-profile-tabs/managed-tournaments-tab.tsx(60,9): error TS17004: Cannot use JSX unless the '--jsx' flag is provided.
frontend/src/entities/user/ui/organizer-profile-tabs/managed-tournaments-tab.tsx(64,7): error TS17004: Cannot use JSX unless the '--jsx' flag is provided.
frontend/src/entities/user/ui/organizer-profile-tabs/managed-tournaments-tab.tsx(65,9): error TS17004: Cannot use JSX unless the '--jsx' flag is provided.
frontend/src/entities/user/ui/organizer-profile-tabs/managed-tournaments-tab.tsx(66,11): error TS17004: Cannot use JSX unless the '--jsx' flag is provided.
frontend/src/entities/user/ui/organizer-profile-tabs/managed-tournaments-tab.tsx(67,13): error TS17004: Cannot use JSX unless the '--jsx' flag is provided.
frontend/src/entities/user/ui/organizer-profile-tabs/managed-tournaments-tab.tsx(68,15): error TS17004: Cannot use JSX unless the '--jsx' flag is provided.
frontend/src/entities/user/ui/organizer-profile-tabs/managed-tournaments-tab.tsx(69,15): error TS17004: Cannot use JSX unless the '--jsx' flag is provided.
frontend/src/entities/user/ui/organizer-profile-tabs/managed-tournaments-tab.tsx(70,15): error TS17004: Cannot use JSX unless the '--jsx' flag is provided.
frontend/src/entities/user/ui/organizer-profile-tabs/managed-tournaments-tab.tsx(71,15): error TS17004: Cannot use JSX unless the '--jsx' flag is provided.
frontend/src/entities/user/ui/organizer-profile-tabs/managed-tournaments-tab.tsx(74,11): error TS17004: Cannot use JSX unless the '--jsx' flag is provided.
frontend/src/entities/user/ui/organizer-profile-tabs/managed-tournaments-tab.tsx(76,15): error TS17004: Cannot use JSX unless the '--jsx' flag is provided.
frontend/src/entities/user/ui/organizer-profile-tabs/managed-tournaments-tab.tsx(77,17): error TS17004: Cannot use JSX unless the '--jsx' flag is provided.
frontend/src/entities/user/ui/organizer-profile-tabs/managed-tournaments-tab.tsx(78,17): error TS17004: Cannot use JSX unless the '--jsx' flag is provided.
frontend/src/entities/user/ui/organizer-profile-tabs/managed-tournaments-tab.tsx(81,17): error TS17004: Cannot use JSX unless the '--jsx' flag is provided.
frontend/src/entities/user/ui/organizer-profile-tabs/managed-tournaments-tab.tsx(82,19): error TS17004: Cannot use JSX unless the '--jsx' flag is provided.
frontend/src/entities/user/ui/organizer-profile-tabs/managed-tournaments-tab.tsx(98,17): error TS17004: Cannot use JSX unless the '--jsx' flag is provided.
frontend/src/entities/user/ui/organizer-profile-tabs/managed-tournaments-tab.tsx(99,19): error TS17004: Cannot use JSX unless the '--jsx' flag is provided.
frontend/src/entities/user/ui/organizer-profile-tabs/managed-tournaments-tab.tsx(100,21): error TS17004: Cannot use JSX unless the '--jsx' flag is provided.
frontend/src/entities/user/ui/organizer-profile-tabs/stats-tab.tsx(3,62): error TS2307: Cannot find module '@/shared/ui/card' or its corresponding type declarations.
frontend/src/entities/user/ui/organizer-profile-tabs/stats-tab.tsx(7,5): error TS17004: Cannot use JSX unless the '--jsx' flag is provided.
frontend/src/entities/user/ui/organizer-profile-tabs/stats-tab.tsx(8,7): error TS17004: Cannot use JSX unless the '--jsx' flag is provided.
frontend/src/entities/user/ui/organizer-profile-tabs/stats-tab.tsx(9,9): error TS17004: Cannot use JSX unless the '--jsx' flag is provided.
frontend/src/entities/user/ui/organizer-profile-tabs/stats-tab.tsx(10,11): error TS17004: Cannot use JSX unless the '--jsx' flag is provided.
frontend/src/entities/user/ui/organizer-profile-tabs/stats-tab.tsx(11,11): error TS17004: Cannot use JSX unless the '--jsx' flag is provided.
frontend/src/entities/user/ui/organizer-profile-tabs/stats-tab.tsx(14,7): error TS17004: Cannot use JSX unless the '--jsx' flag is provided.
frontend/src/entities/user/ui/organizer-profile-tabs/stats-tab.tsx(15,9): error TS17004: Cannot use JSX unless the '--jsx' flag is provided.
frontend/src/entities/user/ui/organizer-profile-tabs/stats-tab.tsx(16,11): error TS17004: Cannot use JSX unless the '--jsx' flag is provided.
frontend/src/entities/user/ui/organizer-profile-tabs/stats-tab.tsx(17,11): error TS17004: Cannot use JSX unless the '--jsx' flag is provided.
frontend/src/entities/user/ui/organizer-profile-tabs/stats-tab.tsx(20,7): error TS17004: Cannot use JSX unless the '--jsx' flag is provided.
frontend/src/entities/user/ui/organizer-profile-tabs/stats-tab.tsx(21,9): error TS17004: Cannot use JSX unless the '--jsx' flag is provided.
frontend/src/entities/user/ui/organizer-profile-tabs/stats-tab.tsx(22,11): error TS17004: Cannot use JSX unless the '--jsx' flag is provided.
frontend/src/entities/user/ui/organizer-profile-tabs/stats-tab.tsx(23,11): error TS17004: Cannot use JSX unless the '--jsx' flag is provided.
frontend/src/entities/user/ui/organizer-profile-tabs/stats-tab.tsx(26,7): error TS17004: Cannot use JSX unless the '--jsx' flag is provided.
frontend/src/entities/user/ui/organizer-profile-tabs/stats-tab.tsx(27,9): error TS17004: Cannot use JSX unless the '--jsx' flag is provided.
frontend/src/entities/user/ui/organizer-profile-tabs/stats-tab.tsx(28,11): error TS17004: Cannot use JSX unless the '--jsx' flag is provided.
frontend/src/entities/user/ui/organizer-profile-tabs/stats-tab.tsx(29,11): error TS17004: Cannot use JSX unless the '--jsx' flag is provided.
frontend/src/entities/user/ui/organizer-profile.tsx(5,53): error TS2307: Cannot find module '@/shared/ui/avatar' or its corresponding type declarations.
frontend/src/entities/user/ui/organizer-profile.tsx(6,23): error TS2307: Cannot find module '@/shared/ui/badge' or its corresponding type declarations.
frontend/src/entities/user/ui/organizer-profile.tsx(7,24): error TS2307: Cannot find module '@/shared/ui/button' or its corresponding type declarations.
frontend/src/entities/user/ui/organizer-profile.tsx(8,22): error TS2307: Cannot find module '@/shared/ui/card' or its corresponding type declarations.
frontend/src/entities/user/ui/organizer-profile.tsx(9,58): error TS2307: Cannot find module '@/shared/ui/tabs' or its corresponding type declarations.
frontend/src/entities/user/ui/organizer-profile.tsx(10,26): error TS2307: Cannot find module '@/shared/ui/skeleton' or its corresponding type declarations.
frontend/src/entities/user/ui/organizer-profile.tsx(14,43): error TS2307: Cannot find module '@/features/user-avatar-generator' or its corresponding type declarations.
frontend/src/entities/user/ui/organizer-profile.tsx(15,46): error TS2307: Cannot find module '@/features/profile-banner-generator' or its corresponding type declarations.
frontend/src/entities/user/ui/organizer-profile.tsx(17,34): error TS2307: Cannot find module '@/entities/achievement/model/types' or its corresponding type declarations.
frontend/src/entities/user/ui/organizer-profile.tsx(21,5): error TS1323: Dynamic imports are only supported when the '--module' flag is set to 'es2020', 'es2022', 'esnext', 'commonjs', 'amd', 'system', 'umd', 'node16', 'node18', or 'nodenext'.
frontend/src/entities/user/ui/organizer-profile.tsx(21,12): error TS2307: Cannot find module '@/entities/user/ui/organizer-profile-tabs/stats-tab' or its corresponding type declarations.
frontend/src/entities/user/ui/organizer-profile.tsx(26,7): error TS17004: Cannot use JSX unless the '--jsx' flag is provided.
frontend/src/entities/user/ui/organizer-profile.tsx(27,9): error TS17004: Cannot use JSX unless the '--jsx' flag is provided.
frontend/src/entities/user/ui/organizer-profile.tsx(28,9): error TS17004: Cannot use JSX unless the '--jsx' flag is provided.
frontend/src/entities/user/ui/organizer-profile.tsx(29,9): error TS17004: Cannot use JSX unless the '--jsx' flag is provided.
frontend/src/entities/user/ui/organizer-profile.tsx(30,9): error TS17004: Cannot use JSX unless the '--jsx' flag is provided.
frontend/src/entities/user/ui/organizer-profile.tsx(38,5): error TS1323: Dynamic imports are only supported when the '--module' flag is set to 'es2020', 'es2022', 'esnext', 'commonjs', 'amd', 'system', 'umd', 'node16', 'node18', or 'nodenext'.
frontend/src/entities/user/ui/organizer-profile.tsx(38,12): error TS2307: Cannot find module '@/entities/user/ui/organizer-profile-tabs/achievements-tab' or its corresponding type declarations.
frontend/src/entities/user/ui/organizer-profile.tsx(43,7): error TS17004: Cannot use JSX unless the '--jsx' flag is provided.
frontend/src/entities/user/ui/organizer-profile.tsx(44,9): error TS17004: Cannot use JSX unless the '--jsx' flag is provided.
frontend/src/entities/user/ui/organizer-profile.tsx(52,5): error TS1323: Dynamic imports are only supported when the '--module' flag is set to 'es2020', 'es2022', 'esnext', 'commonjs', 'amd', 'system', 'umd', 'node16', 'node18', or 'nodenext'.
frontend/src/entities/user/ui/organizer-profile.tsx(53,7): error TS2307: Cannot find module '@/entities/user/ui/organizer-profile-tabs/managed-tournaments-tab' or its corresponding type declarations.
frontend/src/entities/user/ui/organizer-profile.tsx(57,7): error TS17004: Cannot use JSX unless the '--jsx' flag is provided.
frontend/src/entities/user/ui/organizer-profile.tsx(58,9): error TS17004: Cannot use JSX unless the '--jsx' flag is provided.
frontend/src/entities/user/ui/organizer-profile.tsx(86,5): error TS17004: Cannot use JSX unless the '--jsx' flag is provided.
frontend/src/entities/user/ui/organizer-profile.tsx(87,7): error TS17004: Cannot use JSX unless the '--jsx' flag is provided.
frontend/src/entities/user/ui/organizer-profile.tsx(88,9): error TS17004: Cannot use JSX unless the '--jsx' flag is provided.
frontend/src/entities/user/ui/organizer-profile.tsx(89,11): error TS17004: Cannot use JSX unless the '--jsx' flag is provided.
frontend/src/entities/user/ui/organizer-profile.tsx(96,11): error TS17004: Cannot use JSX unless the '--jsx' flag is provided.
frontend/src/entities/user/ui/organizer-profile.tsx(97,11): error TS17004: Cannot use JSX unless the '--jsx' flag is provided.
frontend/src/entities/user/ui/organizer-profile.tsx(104,13): error TS17004: Cannot use JSX unless the '--jsx' flag is provided.
frontend/src/entities/user/ui/organizer-profile.tsx(105,13): error TS17004: Cannot use JSX unless the '--jsx' flag is provided.
frontend/src/entities/user/ui/organizer-profile.tsx(108,9): error TS17004: Cannot use JSX unless the '--jsx' flag is provided.
frontend/src/entities/user/ui/organizer-profile.tsx(109,11): error TS17004: Cannot use JSX unless the '--jsx' flag is provided.
frontend/src/entities/user/ui/organizer-profile.tsx(110,13): error TS17004: Cannot use JSX unless the '--jsx' flag is provided.
frontend/src/entities/user/ui/organizer-profile.tsx(111,15): error TS17004: Cannot use JSX unless the '--jsx' flag is provided.
frontend/src/entities/user/ui/organizer-profile.tsx(112,17): error TS17004: Cannot use JSX unless the '--jsx' flag is provided.
frontend/src/entities/user/ui/organizer-profile.tsx(117,17): error TS17004: Cannot use JSX unless the '--jsx' flag is provided.
frontend/src/entities/user/ui/organizer-profile.tsx(119,15): error TS17004: Cannot use JSX unless the '--jsx' flag is provided.
frontend/src/entities/user/ui/organizer-profile.tsx(126,17): error TS17004: Cannot use JSX unless the '--jsx' flag is provided.
frontend/src/entities/user/ui/organizer-profile.tsx(127,17): error TS17004: Cannot use JSX unless the '--jsx' flag is provided.
frontend/src/entities/user/ui/organizer-profile.tsx(130,13): error TS17004: Cannot use JSX unless the '--jsx' flag is provided.
frontend/src/entities/user/ui/organizer-profile.tsx(131,15): error TS17004: Cannot use JSX unless the '--jsx' flag is provided.
frontend/src/entities/user/ui/organizer-profile.tsx(132,17): error TS17004: Cannot use JSX unless the '--jsx' flag is provided.
frontend/src/entities/user/ui/organizer-profile.tsx(133,19): error TS17004: Cannot use JSX unless the '--jsx' flag is provided.
frontend/src/entities/user/ui/organizer-profile.tsx(136,19): error TS17004: Cannot use JSX unless the '--jsx' flag is provided.
frontend/src/entities/user/ui/organizer-profile.tsx(138,17): error TS17004: Cannot use JSX unless the '--jsx' flag is provided.
frontend/src/entities/user/ui/organizer-profile.tsx(139,19): error TS17004: Cannot use JSX unless the '--jsx' flag is provided.
frontend/src/entities/user/ui/organizer-profile.tsx(140,21): error TS17004: Cannot use JSX unless the '--jsx' flag is provided.
frontend/src/entities/user/ui/organizer-profile.tsx(144,15): error TS17004: Cannot use JSX unless the '--jsx' flag is provided.
frontend/src/entities/user/ui/organizer-profile.tsx(145,17): error TS17004: Cannot use JSX unless the '--jsx' flag is provided.
frontend/src/entities/user/ui/organizer-profile.tsx(146,17): error TS17004: Cannot use JSX unless the '--jsx' flag is provided.
frontend/src/entities/user/ui/organizer-profile.tsx(151,9): error TS17004: Cannot use JSX unless the '--jsx' flag is provided.
frontend/src/entities/user/ui/organizer-profile.tsx(152,11): error TS17004: Cannot use JSX unless the '--jsx' flag is provided.
frontend/src/entities/user/ui/organizer-profile.tsx(153,13): error TS17004: Cannot use JSX unless the '--jsx' flag is provided.
frontend/src/entities/user/ui/organizer-profile.tsx(154,15): error TS17004: Cannot use JSX unless the '--jsx' flag is provided.
frontend/src/entities/user/ui/organizer-profile.tsx(155,15): error TS17004: Cannot use JSX unless the '--jsx' flag is provided.
frontend/src/entities/user/ui/organizer-profile.tsx(156,15): error TS17004: Cannot use JSX unless the '--jsx' flag is provided.
frontend/src/entities/user/ui/organizer-profile.tsx(158,13): error TS17004: Cannot use JSX unless the '--jsx' flag is provided.
frontend/src/entities/user/ui/organizer-profile.tsx(159,15): error TS17004: Cannot use JSX unless the '--jsx' flag is provided.
frontend/src/entities/user/ui/organizer-profile.tsx(161,13): error TS17004: Cannot use JSX unless the '--jsx' flag is provided.
frontend/src/entities/user/ui/organizer-profile.tsx(162,15): error TS17004: Cannot use JSX unless the '--jsx' flag is provided.
frontend/src/entities/user/ui/organizer-profile.tsx(162,38): error TS2322: Type '{ tournaments: TournamentCrm[]; }' is not assignable to type 'IntrinsicAttributes'.
  Property 'tournaments' does not exist on type 'IntrinsicAttributes'.
frontend/src/entities/user/ui/organizer-profile.tsx(164,13): error TS17004: Cannot use JSX unless the '--jsx' flag is provided.
frontend/src/entities/user/ui/organizer-profile.tsx(165,15): error TS17004: Cannot use JSX unless the '--jsx' flag is provided.
frontend/src/entities/user/ui/organizer-profile.tsx(165,41): error TS2322: Type '{ achievements: Achievement[]; }' is not assignable to type 'IntrinsicAttributes'.
  Property 'achievements' does not exist on type 'IntrinsicAttributes'.
frontend/src/entities/user/ui/organizer-profile.tsx(170,7): error TS17004: Cannot use JSX unless the '--jsx' flag is provided.
frontend/src/entities/user/ui/organizer-profile.tsx(176,7): error TS17004: Cannot use JSX unless the '--jsx' flag is provided.
frontend/src/entities/user/ui/player-analysis-dialog.tsx(11,8): error TS2307: Cannot find module '@/shared/ui/dialog' or its corresponding type declarations.
frontend/src/entities/user/ui/player-analysis-dialog.tsx(12,24): error TS2307: Cannot find module '@/shared/ui/button' or its corresponding type declarations.
frontend/src/entities/user/ui/player-analysis-dialog.tsx(13,53): error TS2307: Cannot find module '@/shared/ui/alert' or its corresponding type declarations.
frontend/src/entities/user/ui/player-analysis-dialog.tsx(14,26): error TS2307: Cannot find module '@/shared/ui/skeleton' or its corresponding type declarations.
frontend/src/entities/user/ui/player-analysis-dialog.tsx(26,8): error TS2307: Cannot find module '@/shared/api/genkit/flows/analyze-esports-performance-flow' or its corresponding type declarations.
frontend/src/entities/user/ui/player-analysis-dialog.tsx(27,36): error TS2307: Cannot find module '@/entities/user/model/types' or its corresponding type declarations.
frontend/src/entities/user/ui/player-analysis-dialog.tsx(80,5): error TS17004: Cannot use JSX unless the '--jsx' flag is provided.
frontend/src/entities/user/ui/player-analysis-dialog.tsx(81,7): error TS17004: Cannot use JSX unless the '--jsx' flag is provided.
frontend/src/entities/user/ui/player-analysis-dialog.tsx(82,9): error TS17004: Cannot use JSX unless the '--jsx' flag is provided.
frontend/src/entities/user/ui/player-analysis-dialog.tsx(83,11): error TS17004: Cannot use JSX unless the '--jsx' flag is provided.
frontend/src/entities/user/ui/player-analysis-dialog.tsx(84,11): error TS17004: Cannot use JSX unless the '--jsx' flag is provided.
frontend/src/entities/user/ui/player-analysis-dialog.tsx(88,9): error TS17004: Cannot use JSX unless the '--jsx' flag is provided.
frontend/src/entities/user/ui/player-analysis-dialog.tsx(90,13): error TS17004: Cannot use JSX unless the '--jsx' flag is provided.
frontend/src/entities/user/ui/player-analysis-dialog.tsx(91,15): error TS17004: Cannot use JSX unless the '--jsx' flag is provided.
frontend/src/entities/user/ui/player-analysis-dialog.tsx(92,15): error TS17004: Cannot use JSX unless the '--jsx' flag is provided.
frontend/src/entities/user/ui/player-analysis-dialog.tsx(93,15): error TS17004: Cannot use JSX unless the '--jsx' flag is provided.
frontend/src/entities/user/ui/player-analysis-dialog.tsx(97,13): error TS17004: Cannot use JSX unless the '--jsx' flag is provided.
frontend/src/entities/user/ui/player-analysis-dialog.tsx(98,15): error TS17004: Cannot use JSX unless the '--jsx' flag is provided.
frontend/src/entities/user/ui/player-analysis-dialog.tsx(99,15): error TS17004: Cannot use JSX unless the '--jsx' flag is provided.
frontend/src/entities/user/ui/player-analysis-dialog.tsx(100,15): error TS17004: Cannot use JSX unless the '--jsx' flag is provided.
frontend/src/entities/user/ui/player-analysis-dialog.tsx(104,13): error TS17004: Cannot use JSX unless the '--jsx' flag is provided.
frontend/src/entities/user/ui/player-analysis-dialog.tsx(105,15): error TS17004: Cannot use JSX unless the '--jsx' flag is provided.
frontend/src/entities/user/ui/player-analysis-dialog.tsx(106,17): error TS17004: Cannot use JSX unless the '--jsx' flag is provided.
frontend/src/entities/user/ui/player-analysis-dialog.tsx(107,19): error TS17004: Cannot use JSX unless the '--jsx' flag is provided.
frontend/src/entities/user/ui/player-analysis-dialog.tsx(110,17): error TS17004: Cannot use JSX unless the '--jsx' flag is provided.
frontend/src/entities/user/ui/player-analysis-dialog.tsx(112,21): error TS17004: Cannot use JSX unless the '--jsx' flag is provided.
frontend/src/entities/user/ui/player-analysis-dialog.tsx(116,15): error TS17004: Cannot use JSX unless the '--jsx' flag is provided.
frontend/src/entities/user/ui/player-analysis-dialog.tsx(117,17): error TS17004: Cannot use JSX unless the '--jsx' flag is provided.
frontend/src/entities/user/ui/player-analysis-dialog.tsx(118,19): error TS17004: Cannot use JSX unless the '--jsx' flag is provided.
frontend/src/entities/user/ui/player-analysis-dialog.tsx(121,17): error TS17004: Cannot use JSX unless the '--jsx' flag is provided.
frontend/src/entities/user/ui/player-analysis-dialog.tsx(123,21): error TS17004: Cannot use JSX unless the '--jsx' flag is provided.
frontend/src/entities/user/ui/player-analysis-dialog.tsx(127,15): error TS17004: Cannot use JSX unless the '--jsx' flag is provided.
frontend/src/entities/user/ui/player-analysis-dialog.tsx(128,17): error TS17004: Cannot use JSX unless the '--jsx' flag is provided.
frontend/src/entities/user/ui/player-analysis-dialog.tsx(129,19): error TS17004: Cannot use JSX unless the '--jsx' flag is provided.
frontend/src/entities/user/ui/player-analysis-dialog.tsx(132,17): error TS17004: Cannot use JSX unless the '--jsx' flag is provided.
frontend/src/entities/user/ui/player-analysis-dialog.tsx(134,21): error TS17004: Cannot use JSX unless the '--jsx' flag is provided.
frontend/src/entities/user/ui/player-analysis-dialog.tsx(141,9): error TS17004: Cannot use JSX unless the '--jsx' flag is provided.
frontend/src/entities/user/ui/player-analysis-dialog.tsx(142,11): error TS17004: Cannot use JSX unless the '--jsx' flag is provided.
frontend/src/entities/user/ui/player-analysis-dialog.tsx(145,11): error TS17004: Cannot use JSX unless the '--jsx' flag is provided.
frontend/src/entities/user/ui/player-analysis-dialog.tsx(147,15): error TS17004: Cannot use JSX unless the '--jsx' flag is provided.
frontend/src/entities/user/ui/player-analysis-dialog.tsx(149,15): error TS17004: Cannot use JSX unless the '--jsx' flag is provided.
frontend/src/entities/user/ui/player-profile.tsx(4,53): error TS2307: Cannot find module '@/shared/ui/avatar' or its corresponding type declarations.
frontend/src/entities/user/ui/player-profile.tsx(5,23): error TS2307: Cannot find module '@/shared/ui/badge' or its corresponding type declarations.
frontend/src/entities/user/ui/player-profile.tsx(6,24): error TS2307: Cannot find module '@/shared/ui/button' or its corresponding type declarations.
frontend/src/entities/user/ui/player-profile.tsx(7,35): error TS2307: Cannot find module '@/shared/ui/card' or its corresponding type declarations.
frontend/src/entities/user/ui/player-profile.tsx(8,26): error TS2307: Cannot find module '@/shared/ui/progress' or its corresponding type declarations.
frontend/src/entities/user/ui/player-profile.tsx(9,58): error TS2307: Cannot find module '@/shared/ui/tabs' or its corresponding type declarations.
frontend/src/entities/user/ui/player-profile.tsx(34,26): error TS2307: Cannot find module '@/shared/ui/skeleton' or its corresponding type declarations.
frontend/src/entities/user/ui/player-profile.tsx(35,33): error TS2307: Cannot find module '@/shared/config/ranks' or its corresponding type declarations.
frontend/src/entities/user/ui/player-profile.tsx(41,8): error TS2307: Cannot find module '@/shared/ui/tooltip' or its corresponding type declarations.
frontend/src/entities/user/ui/player-profile.tsx(42,20): error TS2307: Cannot find module '@/shared/lib/utils' or its corresponding type declarations.
frontend/src/entities/user/ui/player-profile.tsx(44,43): error TS2307: Cannot find module '@/features/user-avatar-generator' or its corresponding type declarations.
frontend/src/entities/user/ui/player-profile.tsx(51,8): error TS2307: Cannot find module '@/shared/ui/dropdown-menu' or its corresponding type declarations.
frontend/src/entities/user/ui/player-profile.tsx(52,36): error TS2307: Cannot find module '@/features/report-player-dialog' or its corresponding type declarations.
frontend/src/entities/user/ui/player-profile.tsx(56,46): error TS2307: Cannot find module '@/features/profile-banner-generator' or its corresponding type declarations.
frontend/src/entities/user/ui/player-profile.tsx(57,37): error TS2307: Cannot find module '@/widgets/holistic-analysis-tab' or its corresponding type declarations.
frontend/src/entities/user/ui/player-profile.tsx(61,8): error TS2307: Cannot find module '@/widgets/player-activity-feed' or its corresponding type declarations.
frontend/src/entities/user/ui/player-profile.tsx(67,8): error TS2307: Cannot find module '@/entities/user/model/types' or its corresponding type declarations.
frontend/src/entities/user/ui/player-profile.tsx(68,31): error TS2307: Cannot find module '@/entities/team/model/types' or its corresponding type declarations.
frontend/src/entities/user/ui/player-profile.tsx(69,34): error TS2307: Cannot find module '@/entities/achievement/model/types' or its corresponding type declarations.
frontend/src/entities/user/ui/player-profile.tsx(70,39): error TS2307: Cannot find module '@/widgets/propose-training-dialog' or its corresponding type declarations.
frontend/src/entities/user/ui/player-profile.tsx(74,5): error TS1323: Dynamic imports are only supported when the '--module' flag is set to 'es2020', 'es2022', 'esnext', 'commonjs', 'amd', 'system', 'umd', 'node16', 'node18', or 'nodenext'.
frontend/src/entities/user/ui/player-profile.tsx(74,12): error TS2307: Cannot find module '@/entities/player/ui/player-profile-tabs/career-tab' or its corresponding type declarations.
frontend/src/entities/user/ui/player-profile.tsx(79,7): error TS17004: Cannot use JSX unless the '--jsx' flag is provided.
frontend/src/entities/user/ui/player-profile.tsx(80,9): error TS17004: Cannot use JSX unless the '--jsx' flag is provided.
frontend/src/entities/user/ui/player-profile.tsx(81,11): error TS17004: Cannot use JSX unless the '--jsx' flag is provided.
frontend/src/entities/user/ui/player-profile.tsx(90,5): error TS1323: Dynamic imports are only supported when the '--module' flag is set to 'es2020', 'es2022', 'esnext', 'commonjs', 'amd', 'system', 'umd', 'node16', 'node18', or 'nodenext'.
frontend/src/entities/user/ui/player-profile.tsx(90,12): error TS2307: Cannot find module '@/entities/player/ui/player-profile-tabs/achievements-tab' or its corresponding type declarations.
frontend/src/entities/user/ui/player-profile.tsx(95,7): error TS17004: Cannot use JSX unless the '--jsx' flag is provided.
frontend/src/entities/user/ui/player-profile.tsx(96,9): error TS17004: Cannot use JSX unless the '--jsx' flag is provided.
frontend/src/entities/user/ui/player-profile.tsx(97,11): error TS17004: Cannot use JSX unless the '--jsx' flag is provided.
frontend/src/entities/user/ui/player-profile.tsx(106,5): error TS1323: Dynamic imports are only supported when the '--module' flag is set to 'es2020', 'es2022', 'esnext', 'commonjs', 'amd', 'system', 'umd', 'node16', 'node18', or 'nodenext'.
frontend/src/entities/user/ui/player-profile.tsx(106,12): error TS2307: Cannot find module '@/entities/player/ui/player-profile-tabs/teams-tab' or its corresponding type declarations.
frontend/src/entities/user/ui/player-profile.tsx(111,7): error TS17004: Cannot use JSX unless the '--jsx' flag is provided.
frontend/src/entities/user/ui/player-profile.tsx(112,9): error TS17004: Cannot use JSX unless the '--jsx' flag is provided.
frontend/src/entities/user/ui/player-profile.tsx(113,11): error TS17004: Cannot use JSX unless the '--jsx' flag is provided.
frontend/src/entities/user/ui/player-profile.tsx(122,5): error TS1323: Dynamic imports are only supported when the '--module' flag is set to 'es2020', 'es2022', 'esnext', 'commonjs', 'amd', 'system', 'umd', 'node16', 'node18', or 'nodenext'.
frontend/src/entities/user/ui/player-profile.tsx(122,12): error TS2307: Cannot find module '@/entities/player/ui/player-profile-tabs/gallery-tab' or its corresponding type declarations.
frontend/src/entities/user/ui/player-profile.tsx(127,7): error TS17004: Cannot use JSX unless the '--jsx' flag is provided.
frontend/src/entities/user/ui/player-profile.tsx(128,9): error TS17004: Cannot use JSX unless the '--jsx' flag is provided.
frontend/src/entities/user/ui/player-profile.tsx(129,11): error TS17004: Cannot use JSX unless the '--jsx' flag is provided.
frontend/src/entities/user/ui/player-profile.tsx(138,5): error TS1323: Dynamic imports are only supported when the '--module' flag is set to 'es2020', 'es2022', 'esnext', 'commonjs', 'amd', 'system', 'umd', 'node16', 'node18', or 'nodenext'.
frontend/src/entities/user/ui/player-profile.tsx(138,12): error TS2307: Cannot find module '@/entities/player/ui/player-profile-tabs/stats-tab' or its corresponding type declarations.
frontend/src/entities/user/ui/player-profile.tsx(143,7): error TS17004: Cannot use JSX unless the '--jsx' flag is provided.
frontend/src/entities/user/ui/player-profile.tsx(144,9): error TS17004: Cannot use JSX unless the '--jsx' flag is provided.
frontend/src/entities/user/ui/player-profile.tsx(145,11): error TS17004: Cannot use JSX unless the '--jsx' flag is provided.
frontend/src/entities/user/ui/player-profile.tsx(154,5): error TS1323: Dynamic imports are only supported when the '--module' flag is set to 'es2020', 'es2022', 'esnext', 'commonjs', 'amd', 'system', 'umd', 'node16', 'node18', or 'nodenext'.
frontend/src/entities/user/ui/player-profile.tsx(154,12): error TS2307: Cannot find module '@/entities/player/ui/player-profile-tabs/physical-prep-tab' or its corresponding type declarations.
frontend/src/entities/user/ui/player-profile.tsx(159,7): error TS17004: Cannot use JSX unless the '--jsx' flag is provided.
frontend/src/entities/user/ui/player-profile.tsx(160,9): error TS17004: Cannot use JSX unless the '--jsx' flag is provided.
frontend/src/entities/user/ui/player-profile.tsx(161,11): error TS17004: Cannot use JSX unless the '--jsx' flag is provided.
frontend/src/entities/user/ui/player-profile.tsx(209,5): error TS17004: Cannot use JSX unless the '--jsx' flag is provided.
frontend/src/entities/user/ui/player-profile.tsx(210,7): error TS17004: Cannot use JSX unless the '--jsx' flag is provided.
frontend/src/entities/user/ui/player-profile.tsx(211,9): error TS17004: Cannot use JSX unless the '--jsx' flag is provided.
frontend/src/entities/user/ui/player-profile.tsx(212,11): error TS17004: Cannot use JSX unless the '--jsx' flag is provided.
frontend/src/entities/user/ui/player-profile.tsx(219,11): error TS17004: Cannot use JSX unless the '--jsx' flag is provided.
frontend/src/entities/user/ui/player-profile.tsx(221,13): error TS17004: Cannot use JSX unless the '--jsx' flag is provided.
frontend/src/entities/user/ui/player-profile.tsx(228,15): error TS17004: Cannot use JSX unless the '--jsx' flag is provided.
frontend/src/entities/user/ui/player-profile.tsx(229,15): error TS17004: Cannot use JSX unless the '--jsx' flag is provided.
frontend/src/entities/user/ui/player-profile.tsx(234,9): error TS17004: Cannot use JSX unless the '--jsx' flag is provided.
frontend/src/entities/user/ui/player-profile.tsx(235,11): error TS17004: Cannot use JSX unless the '--jsx' flag is provided.
frontend/src/entities/user/ui/player-profile.tsx(236,13): error TS17004: Cannot use JSX unless the '--jsx' flag is provided.
frontend/src/entities/user/ui/player-profile.tsx(237,15): error TS17004: Cannot use JSX unless the '--jsx' flag is provided.
frontend/src/entities/user/ui/player-profile.tsx(238,17): error TS17004: Cannot use JSX unless the '--jsx' flag is provided.
frontend/src/entities/user/ui/player-profile.tsx(243,17): error TS17004: Cannot use JSX unless the '--jsx' flag is provided.
frontend/src/entities/user/ui/player-profile.tsx(246,17): error TS17004: Cannot use JSX unless the '--jsx' flag is provided.
frontend/src/entities/user/ui/player-profile.tsx(253,19): error TS17004: Cannot use JSX unless the '--jsx' flag is provided.
frontend/src/entities/user/ui/player-profile.tsx(254,19): error TS17004: Cannot use JSX unless the '--jsx' flag is provided.
frontend/src/entities/user/ui/player-profile.tsx(259,13): error TS17004: Cannot use JSX unless the '--jsx' flag is provided.
frontend/src/entities/user/ui/player-profile.tsx(260,15): error TS17004: Cannot use JSX unless the '--jsx' flag is provided.
frontend/src/entities/user/ui/player-profile.tsx(261,17): error TS17004: Cannot use JSX unless the '--jsx' flag is provided.
frontend/src/entities/user/ui/player-profile.tsx(262,19): error TS17004: Cannot use JSX unless the '--jsx' flag is provided.
frontend/src/entities/user/ui/player-profile.tsx(263,21): error TS17004: Cannot use JSX unless the '--jsx' flag is provided.
frontend/src/entities/user/ui/player-profile.tsx(267,23): error TS17004: Cannot use JSX unless the '--jsx' flag is provided.
frontend/src/entities/user/ui/player-profile.tsx(270,19): error TS17004: Cannot use JSX unless the '--jsx' flag is provided.
frontend/src/entities/user/ui/player-profile.tsx(272,17): error TS17004: Cannot use JSX unless the '--jsx' flag is provided.
frontend/src/entities/user/ui/player-profile.tsx(274,21): error TS17004: Cannot use JSX unless the '--jsx' flag is provided.
frontend/src/entities/user/ui/player-profile.tsx(275,23): error TS17004: Cannot use JSX unless the '--jsx' flag is provided.
frontend/src/entities/user/ui/player-profile.tsx(276,25): error TS17004: Cannot use JSX unless the '--jsx' flag is provided.
frontend/src/entities/user/ui/player-profile.tsx(278,23): error TS17004: Cannot use JSX unless the '--jsx' flag is provided.
frontend/src/entities/user/ui/player-profile.tsx(279,25): error TS17004: Cannot use JSX unless the '--jsx' flag is provided.
frontend/src/entities/user/ui/player-profile.tsx(283,21): error TS17004: Cannot use JSX unless the '--jsx' flag is provided.
frontend/src/entities/user/ui/player-profile.tsx(284,23): error TS17004: Cannot use JSX unless the '--jsx' flag is provided.
frontend/src/entities/user/ui/player-profile.tsx(285,25): error TS17004: Cannot use JSX unless the '--jsx' flag is provided.
frontend/src/entities/user/ui/player-profile.tsx(287,23): error TS17004: Cannot use JSX unless the '--jsx' flag is provided.
frontend/src/entities/user/ui/player-profile.tsx(288,25): error TS17004: Cannot use JSX unless the '--jsx' flag is provided.
frontend/src/entities/user/ui/player-profile.tsx(289,27): error TS17004: Cannot use JSX unless the '--jsx' flag is provided.
frontend/src/entities/user/ui/player-profile.tsx(290,29): error TS17004: Cannot use JSX unless the '--jsx' flag is provided.
frontend/src/entities/user/ui/player-profile.tsx(291,29): error TS17004: Cannot use JSX unless the '--jsx' flag is provided.
frontend/src/entities/user/ui/player-profile.tsx(294,25): error TS17004: Cannot use JSX unless the '--jsx' flag is provided.
frontend/src/entities/user/ui/player-profile.tsx(295,27): error TS17004: Cannot use JSX unless the '--jsx' flag is provided.
frontend/src/entities/user/ui/player-profile.tsx(298,29): error TS17004: Cannot use JSX unless the '--jsx' flag is provided.
frontend/src/entities/user/ui/player-profile.tsx(301,27): error TS17004: Cannot use JSX unless the '--jsx' flag is provided.
frontend/src/entities/user/ui/player-profile.tsx(302,29): error TS17004: Cannot use JSX unless the '--jsx' flag is provided.
frontend/src/entities/user/ui/player-profile.tsx(305,27): error TS17004: Cannot use JSX unless the '--jsx' flag is provided.
frontend/src/entities/user/ui/player-profile.tsx(306,27): error TS17004: Cannot use JSX unless the '--jsx' flag is provided.
frontend/src/entities/user/ui/player-profile.tsx(310,29): error TS17004: Cannot use JSX unless the '--jsx' flag is provided.
frontend/src/entities/user/ui/player-profile.tsx(318,15): error TS17004: Cannot use JSX unless the '--jsx' flag is provided.
frontend/src/entities/user/ui/player-profile.tsx(319,17): error TS17004: Cannot use JSX unless the '--jsx' flag is provided.
frontend/src/entities/user/ui/player-profile.tsx(320,17): error TS17004: Cannot use JSX unless the '--jsx' flag is provided.
frontend/src/entities/user/ui/player-profile.tsx(323,17): error TS17004: Cannot use JSX unless the '--jsx' flag is provided.
frontend/src/entities/user/ui/player-profile.tsx(325,19): error TS17004: Cannot use JSX unless the '--jsx' flag is provided.
frontend/src/entities/user/ui/player-profile.tsx(326,21): error TS17004: Cannot use JSX unless the '--jsx' flag is provided.
frontend/src/entities/user/ui/player-profile.tsx(327,23): error TS17004: Cannot use JSX unless the '--jsx' flag is provided.
frontend/src/entities/user/ui/player-profile.tsx(328,25): error TS17004: Cannot use JSX unless the '--jsx' flag is provided.
frontend/src/entities/user/ui/player-profile.tsx(332,27): error TS17004: Cannot use JSX unless the '--jsx' flag is provided.
frontend/src/entities/user/ui/player-profile.tsx(338,23): error TS17004: Cannot use JSX unless the '--jsx' flag is provided.
frontend/src/entities/user/ui/player-profile.tsx(339,25): error TS17004: Cannot use JSX unless the '--jsx' flag is provided.
frontend/src/entities/user/ui/player-profile.tsx(340,25): error TS17004: Cannot use JSX unless the '--jsx' flag is provided.
frontend/src/entities/user/ui/player-profile.tsx(352,9): error TS17004: Cannot use JSX unless the '--jsx' flag is provided.
frontend/src/entities/user/ui/player-profile.tsx(353,11): error TS17004: Cannot use JSX unless the '--jsx' flag is provided.
frontend/src/entities/user/ui/player-profile.tsx(354,13): error TS17004: Cannot use JSX unless the '--jsx' flag is provided.
frontend/src/entities/user/ui/player-profile.tsx(355,15): error TS17004: Cannot use JSX unless the '--jsx' flag is provided.
frontend/src/entities/user/ui/player-profile.tsx(356,15): error TS17004: Cannot use JSX unless the '--jsx' flag is provided.
frontend/src/entities/user/ui/player-profile.tsx(364,13): error TS17004: Cannot use JSX unless the '--jsx' flag is provided.
frontend/src/entities/user/ui/player-profile.tsx(368,9): error TS17004: Cannot use JSX unless the '--jsx' flag is provided.
frontend/src/entities/user/ui/player-profile.tsx(369,11): error TS17004: Cannot use JSX unless the '--jsx' flag is provided.
frontend/src/entities/user/ui/player-profile.tsx(370,13): error TS17004: Cannot use JSX unless the '--jsx' flag is provided.
frontend/src/entities/user/ui/player-profile.tsx(371,13): error TS17004: Cannot use JSX unless the '--jsx' flag is provided.
frontend/src/entities/user/ui/player-profile.tsx(372,15): error TS17004: Cannot use JSX unless the '--jsx' flag is provided.
frontend/src/entities/user/ui/player-profile.tsx(381,11): error TS17004: Cannot use JSX unless the '--jsx' flag is provided.
frontend/src/entities/user/ui/player-profile.tsx(382,13): error TS17004: Cannot use JSX unless the '--jsx' flag is provided.
frontend/src/entities/user/ui/player-profile.tsx(383,13): error TS17004: Cannot use JSX unless the '--jsx' flag is provided.
frontend/src/entities/user/ui/player-profile.tsx(384,15): error TS17004: Cannot use JSX unless the '--jsx' flag is provided.
frontend/src/entities/user/ui/player-profile.tsx(387,11): error TS17004: Cannot use JSX unless the '--jsx' flag is provided.
frontend/src/entities/user/ui/player-profile.tsx(388,13): error TS17004: Cannot use JSX unless the '--jsx' flag is provided.
frontend/src/entities/user/ui/player-profile.tsx(389,13): error TS17004: Cannot use JSX unless the '--jsx' flag is provided.
frontend/src/entities/user/ui/player-profile.tsx(391,17): error TS17004: Cannot use JSX unless the '--jsx' flag is provided.
frontend/src/entities/user/ui/player-profile.tsx(397,11): error TS17004: Cannot use JSX unless the '--jsx' flag is provided.
frontend/src/entities/user/ui/player-profile.tsx(398,13): error TS17004: Cannot use JSX unless the '--jsx' flag is provided.
frontend/src/entities/user/ui/player-profile.tsx(399,13): error TS17004: Cannot use JSX unless the '--jsx' flag is provided.
frontend/src/entities/user/ui/player-profile.tsx(400,15): error TS17004: Cannot use JSX unless the '--jsx' flag is provided.
frontend/src/entities/user/ui/player-profile.tsx(401,17): error TS17004: Cannot use JSX unless the '--jsx' flag is provided.
frontend/src/entities/user/ui/player-profile.tsx(408,15): error TS17004: Cannot use JSX unless the '--jsx' flag is provided.
frontend/src/entities/user/ui/player-profile.tsx(409,17): error TS17004: Cannot use JSX unless the '--jsx' flag is provided.
frontend/src/entities/user/ui/player-profile.tsx(410,19): error TS17004: Cannot use JSX unless the '--jsx' flag is provided.
frontend/src/entities/user/ui/player-profile.tsx(411,21): error TS17004: Cannot use JSX unless the '--jsx' flag is provided.
frontend/src/entities/user/ui/player-profile.tsx(415,19): error TS17004: Cannot use JSX unless the '--jsx' flag is provided.
frontend/src/entities/user/ui/player-profile.tsx(416,21): error TS17004: Cannot use JSX unless the '--jsx' flag is provided.
frontend/src/entities/user/ui/player-profile.tsx(424,9): error TS17004: Cannot use JSX unless the '--jsx' flag is provided.
frontend/src/entities/user/ui/player-profile.tsx(425,11): error TS17004: Cannot use JSX unless the '--jsx' flag is provided.
frontend/src/entities/user/ui/player-profile.tsx(426,13): error TS17004: Cannot use JSX unless the '--jsx' flag is provided.
frontend/src/entities/user/ui/player-profile.tsx(427,15): error TS17004: Cannot use JSX unless the '--jsx' flag is provided.
frontend/src/entities/user/ui/player-profile.tsx(428,17): error TS17004: Cannot use JSX unless the '--jsx' flag is provided.
frontend/src/entities/user/ui/player-profile.tsx(431,15): error TS17004: Cannot use JSX unless the '--jsx' flag is provided.
frontend/src/entities/user/ui/player-profile.tsx(432,17): error TS17004: Cannot use JSX unless the '--jsx' flag is provided.
frontend/src/entities/user/ui/player-profile.tsx(435,15): error TS17004: Cannot use JSX unless the '--jsx' flag is provided.
frontend/src/entities/user/ui/player-profile.tsx(436,17): error TS17004: Cannot use JSX unless the '--jsx' flag is provided.
frontend/src/entities/user/ui/player-profile.tsx(439,15): error TS17004: Cannot use JSX unless the '--jsx' flag is provided.
frontend/src/entities/user/ui/player-profile.tsx(440,17): error TS17004: Cannot use JSX unless the '--jsx' flag is provided.
frontend/src/entities/user/ui/player-profile.tsx(443,15): error TS17004: Cannot use JSX unless the '--jsx' flag is provided.
frontend/src/entities/user/ui/player-profile.tsx(444,17): error TS17004: Cannot use JSX unless the '--jsx' flag is provided.
frontend/src/entities/user/ui/player-profile.tsx(447,15): error TS17004: Cannot use JSX unless the '--jsx' flag is provided.
frontend/src/entities/user/ui/player-profile.tsx(448,17): error TS17004: Cannot use JSX unless the '--jsx' flag is provided.
frontend/src/entities/user/ui/player-profile.tsx(451,15): error TS17004: Cannot use JSX unless the '--jsx' flag is provided.
frontend/src/entities/user/ui/player-profile.tsx(452,17): error TS17004: Cannot use JSX unless the '--jsx' flag is provided.
frontend/src/entities/user/ui/player-profile.tsx(455,15): error TS17004: Cannot use JSX unless the '--jsx' flag is provided.
frontend/src/entities/user/ui/player-profile.tsx(456,17): error TS17004: Cannot use JSX unless the '--jsx' flag is provided.
frontend/src/entities/user/ui/player-profile.tsx(461,13): error TS17004: Cannot use JSX unless the '--jsx' flag is provided.
frontend/src/entities/user/ui/player-profile.tsx(462,15): error TS17004: Cannot use JSX unless the '--jsx' flag is provided.
frontend/src/entities/user/ui/player-profile.tsx(465,13): error TS17004: Cannot use JSX unless the '--jsx' flag is provided.
frontend/src/entities/user/ui/player-profile.tsx(466,15): error TS17004: Cannot use JSX unless the '--jsx' flag is provided.
frontend/src/entities/user/ui/player-profile.tsx(466,25): error TS2322: Type '{ stats: any; }' is not assignable to type 'IntrinsicAttributes'.
  Property 'stats' does not exist on type 'IntrinsicAttributes'.
frontend/src/entities/user/ui/player-profile.tsx(469,13): error TS17004: Cannot use JSX unless the '--jsx' flag is provided.
frontend/src/entities/user/ui/player-profile.tsx(470,15): error TS17004: Cannot use JSX unless the '--jsx' flag is provided.
frontend/src/entities/user/ui/player-profile.tsx(473,13): error TS17004: Cannot use JSX unless the '--jsx' flag is provided.
frontend/src/entities/user/ui/player-profile.tsx(474,15): error TS17004: Cannot use JSX unless the '--jsx' flag is provided.
frontend/src/entities/user/ui/player-profile.tsx(477,13): error TS17004: Cannot use JSX unless the '--jsx' flag is provided.
frontend/src/entities/user/ui/player-profile.tsx(478,15): error TS17004: Cannot use JSX unless the '--jsx' flag is provided.
frontend/src/entities/user/ui/player-profile.tsx(479,17): error TS2322: Type '{ careerHistory: CareerHistoryItem[]; isCurrentUser: boolean; }' is not assignable to type 'IntrinsicAttributes'.
  Property 'careerHistory' does not exist on type 'IntrinsicAttributes'.
frontend/src/entities/user/ui/player-profile.tsx(484,13): error TS17004: Cannot use JSX unless the '--jsx' flag is provided.
frontend/src/entities/user/ui/player-profile.tsx(485,15): error TS17004: Cannot use JSX unless the '--jsx' flag is provided.
frontend/src/entities/user/ui/player-profile.tsx(485,32): error TS2322: Type '{ achievements: Achievement[]; }' is not assignable to type 'IntrinsicAttributes'.
  Property 'achievements' does not exist on type 'IntrinsicAttributes'.
frontend/src/entities/user/ui/player-profile.tsx(488,13): error TS17004: Cannot use JSX unless the '--jsx' flag is provided.
frontend/src/entities/user/ui/player-profile.tsx(489,15): error TS17004: Cannot use JSX unless the '--jsx' flag is provided.
frontend/src/entities/user/ui/player-profile.tsx(490,17): error TS2322: Type '{ teams: UserTeam[]; isCurrentUser: boolean; userName: any; }' is not assignable to type 'IntrinsicAttributes'.
  Property 'teams' does not exist on type 'IntrinsicAttributes'.
frontend/src/entities/user/ui/player-profile.tsx(496,13): error TS17004: Cannot use JSX unless the '--jsx' flag is provided.
frontend/src/entities/user/ui/player-profile.tsx(497,15): error TS17004: Cannot use JSX unless the '--jsx' flag is provided.
frontend/src/entities/user/ui/player-profile.tsx(497,27): error TS2322: Type '{ gallery: GalleryItem[]; isCurrentUser: boolean; }' is not assignable to type 'IntrinsicAttributes'.
  Property 'gallery' does not exist on type 'IntrinsicAttributes'.
frontend/src/entities/user/ui/player-profile.tsx(502,7): error TS17004: Cannot use JSX unless the '--jsx' flag is provided.
frontend/src/entities/user/ui/player-profile.tsx(508,7): error TS17004: Cannot use JSX unless the '--jsx' flag is provided.
frontend/src/entities/user/ui/player-profile.tsx(515,7): error TS17004: Cannot use JSX unless the '--jsx' flag is provided.
frontend/src/entities/user/ui/player-profile.tsx(521,7): error TS17004: Cannot use JSX unless the '--jsx' flag is provided.
frontend/src/entities/user/ui/sponsor-profile-tabs/achievements-tab.tsx(3,35): error TS2307: Cannot find module '@/shared/ui/card' or its corresponding type declarations.
frontend/src/entities/user/ui/sponsor-profile-tabs/achievements-tab.tsx(4,70): error TS2307: Cannot find module '@/shared/lib/mock-data/sponsor-profile' or its corresponding type declarations.
frontend/src/entities/user/ui/sponsor-profile-tabs/achievements-tab.tsx(33,5): error TS17004: Cannot use JSX unless the '--jsx' flag is provided.
frontend/src/entities/user/ui/sponsor-profile-tabs/achievements-tab.tsx(34,7): error TS17004: Cannot use JSX unless the '--jsx' flag is provided.
frontend/src/entities/user/ui/sponsor-profile-tabs/achievements-tab.tsx(35,9): error TS17004: Cannot use JSX unless the '--jsx' flag is provided.
frontend/src/entities/user/ui/sponsor-profile-tabs/achievements-tab.tsx(40,15): error TS17004: Cannot use JSX unless the '--jsx' flag is provided.
frontend/src/entities/user/ui/sponsor-profile-tabs/achievements-tab.tsx(44,17): error TS17004: Cannot use JSX unless the '--jsx' flag is provided.
frontend/src/entities/user/ui/sponsor-profile-tabs/achievements-tab.tsx(47,28): error TS17004: Cannot use JSX unless the '--jsx' flag is provided.
frontend/src/entities/user/ui/sponsor-profile-tabs/achievements-tab.tsx(49,17): error TS17004: Cannot use JSX unless the '--jsx' flag is provided.
frontend/src/entities/user/ui/sponsor-profile-tabs/achievements-tab.tsx(50,17): error TS17004: Cannot use JSX unless the '--jsx' flag is provided.
frontend/src/entities/user/ui/sponsor-profile-tabs/active-campaigns-tab.tsx(10,8): error TS2307: Cannot find module '@/shared/ui/card' or its corresponding type declarations.
frontend/src/entities/user/ui/sponsor-profile-tabs/active-campaigns-tab.tsx(13,24): error TS2307: Cannot find module '@/shared/ui/button' or its corresponding type declarations.
frontend/src/entities/user/ui/sponsor-profile-tabs/active-campaigns-tab.tsx(17,32): error TS2307: Cannot find module '@/entities/promotion/model/types' or its corresponding type declarations.
frontend/src/entities/user/ui/sponsor-profile-tabs/active-campaigns-tab.tsx(25,5): error TS17004: Cannot use JSX unless the '--jsx' flag is provided.
frontend/src/entities/user/ui/sponsor-profile-tabs/active-campaigns-tab.tsx(26,7): error TS17004: Cannot use JSX unless the '--jsx' flag is provided.
frontend/src/entities/user/ui/sponsor-profile-tabs/active-campaigns-tab.tsx(27,9): error TS17004: Cannot use JSX unless the '--jsx' flag is provided.
frontend/src/entities/user/ui/sponsor-profile-tabs/active-campaigns-tab.tsx(28,9): error TS17004: Cannot use JSX unless the '--jsx' flag is provided.
frontend/src/entities/user/ui/sponsor-profile-tabs/active-campaigns-tab.tsx(32,7): error TS17004: Cannot use JSX unless the '--jsx' flag is provided.
frontend/src/entities/user/ui/sponsor-profile-tabs/active-campaigns-tab.tsx(34,11): error TS17004: Cannot use JSX unless the '--jsx' flag is provided.
frontend/src/entities/user/ui/sponsor-profile-tabs/active-campaigns-tab.tsx(35,13): error TS17004: Cannot use JSX unless the '--jsx' flag is provided.
frontend/src/entities/user/ui/sponsor-profile-tabs/active-campaigns-tab.tsx(36,15): error TS17004: Cannot use JSX unless the '--jsx' flag is provided.
frontend/src/entities/user/ui/sponsor-profile-tabs/active-campaigns-tab.tsx(44,13): error TS17004: Cannot use JSX unless the '--jsx' flag is provided.
frontend/src/entities/user/ui/sponsor-profile-tabs/active-campaigns-tab.tsx(45,15): error TS17004: Cannot use JSX unless the '--jsx' flag is provided.
frontend/src/entities/user/ui/sponsor-profile-tabs/active-campaigns-tab.tsx(47,13): error TS17004: Cannot use JSX unless the '--jsx' flag is provided.
frontend/src/entities/user/ui/sponsor-profile-tabs/active-campaigns-tab.tsx(48,15): error TS17004: Cannot use JSX unless the '--jsx' flag is provided.
frontend/src/entities/user/ui/sponsor-profile-tabs/active-campaigns-tab.tsx(52,13): error TS17004: Cannot use JSX unless the '--jsx' flag is provided.
frontend/src/entities/user/ui/sponsor-profile-tabs/active-campaigns-tab.tsx(53,15): error TS17004: Cannot use JSX unless the '--jsx' flag is provided.
frontend/src/entities/user/ui/sponsor-profile-tabs/active-campaigns-tab.tsx(54,17): error TS17004: Cannot use JSX unless the '--jsx' flag is provided.
frontend/src/entities/user/ui/sponsor-profile-tabs/active-campaigns-tab.tsx(57,17): error TS17004: Cannot use JSX unless the '--jsx' flag is provided.
frontend/src/entities/user/ui/sponsor-profile-tabs/active-campaigns-tab.tsx(59,15): error TS17004: Cannot use JSX unless the '--jsx' flag is provided.
frontend/src/entities/user/ui/sponsor-profile-tabs/active-campaigns-tab.tsx(60,17): error TS17004: Cannot use JSX unless the '--jsx' flag is provided.
frontend/src/entities/user/ui/sponsor-profile-tabs/active-campaigns-tab.tsx(61,17): error TS17004: Cannot use JSX unless the '--jsx' flag is provided.
frontend/src/entities/user/ui/sponsor-profile-tabs/active-campaigns-tab.tsx(68,15): error TS17004: Cannot use JSX unless the '--jsx' flag is provided.
frontend/src/entities/user/ui/sponsor-profile-tabs/active-campaigns-tab.tsx(69,17): error TS17004: Cannot use JSX unless the '--jsx' flag is provided.
frontend/src/entities/user/ui/sponsor-profile-tabs/active-campaigns-tab.tsx(70,19): error TS17004: Cannot use JSX unless the '--jsx' flag is provided.
frontend/src/entities/user/ui/sponsor-profile-tabs/active-campaigns-tab.tsx(78,11): error TS17004: Cannot use JSX unless the '--jsx' flag is provided.
frontend/src/entities/user/ui/sponsor-profile-tabs/sponsored-teams-tab.tsx(9,8): error TS2307: Cannot find module '@/shared/ui/card' or its corresponding type declarations.
frontend/src/entities/user/ui/sponsor-profile-tabs/sponsored-teams-tab.tsx(17,8): error TS2307: Cannot find module '@/shared/ui/table' or its corresponding type declarations.
frontend/src/entities/user/ui/sponsor-profile-tabs/sponsored-teams-tab.tsx(18,53): error TS2307: Cannot find module '@/shared/ui/avatar' or its corresponding type declarations.
frontend/src/entities/user/ui/sponsor-profile-tabs/sponsored-teams-tab.tsx(19,24): error TS2307: Cannot find module '@/shared/ui/button' or its corresponding type declarations.
frontend/src/entities/user/ui/sponsor-profile-tabs/sponsored-teams-tab.tsx(23,36): error TS2307: Cannot find module '@/entities/sponsorship/model/types' or its corresponding type declarations.
frontend/src/entities/user/ui/sponsor-profile-tabs/sponsored-teams-tab.tsx(31,5): error TS17004: Cannot use JSX unless the '--jsx' flag is provided.
frontend/src/entities/user/ui/sponsor-profile-tabs/sponsored-teams-tab.tsx(32,7): error TS17004: Cannot use JSX unless the '--jsx' flag is provided.
frontend/src/entities/user/ui/sponsor-profile-tabs/sponsored-teams-tab.tsx(33,9): error TS17004: Cannot use JSX unless the '--jsx' flag is provided.
frontend/src/entities/user/ui/sponsor-profile-tabs/sponsored-teams-tab.tsx(34,9): error TS17004: Cannot use JSX unless the '--jsx' flag is provided.
frontend/src/entities/user/ui/sponsor-profile-tabs/sponsored-teams-tab.tsx(38,7): error TS17004: Cannot use JSX unless the '--jsx' flag is provided.
frontend/src/entities/user/ui/sponsor-profile-tabs/sponsored-teams-tab.tsx(39,9): error TS17004: Cannot use JSX unless the '--jsx' flag is provided.
frontend/src/entities/user/ui/sponsor-profile-tabs/sponsored-teams-tab.tsx(40,11): error TS17004: Cannot use JSX unless the '--jsx' flag is provided.
frontend/src/entities/user/ui/sponsor-profile-tabs/sponsored-teams-tab.tsx(41,13): error TS17004: Cannot use JSX unless the '--jsx' flag is provided.
frontend/src/entities/user/ui/sponsor-profile-tabs/sponsored-teams-tab.tsx(42,15): error TS17004: Cannot use JSX unless the '--jsx' flag is provided.
frontend/src/entities/user/ui/sponsor-profile-tabs/sponsored-teams-tab.tsx(43,15): error TS17004: Cannot use JSX unless the '--jsx' flag is provided.
frontend/src/entities/user/ui/sponsor-profile-tabs/sponsored-teams-tab.tsx(44,15): error TS17004: Cannot use JSX unless the '--jsx' flag is provided.
frontend/src/entities/user/ui/sponsor-profile-tabs/sponsored-teams-tab.tsx(47,15): error TS17004: Cannot use JSX unless the '--jsx' flag is provided.
frontend/src/entities/user/ui/sponsor-profile-tabs/sponsored-teams-tab.tsx(50,11): error TS17004: Cannot use JSX unless the '--jsx' flag is provided.
frontend/src/entities/user/ui/sponsor-profile-tabs/sponsored-teams-tab.tsx(52,15): error TS17004: Cannot use JSX unless the '--jsx' flag is provided.
frontend/src/entities/user/ui/sponsor-profile-tabs/sponsored-teams-tab.tsx(53,17): error TS17004: Cannot use JSX unless the '--jsx' flag is provided.
frontend/src/entities/user/ui/sponsor-profile-tabs/sponsored-teams-tab.tsx(54,19): error TS17004: Cannot use JSX unless the '--jsx' flag is provided.
frontend/src/entities/user/ui/sponsor-profile-tabs/sponsored-teams-tab.tsx(55,21): error TS17004: Cannot use JSX unless the '--jsx' flag is provided.
frontend/src/entities/user/ui/sponsor-profile-tabs/sponsored-teams-tab.tsx(56,23): error TS17004: Cannot use JSX unless the '--jsx' flag is provided.
frontend/src/entities/user/ui/sponsor-profile-tabs/sponsored-teams-tab.tsx(61,23): error TS17004: Cannot use JSX unless the '--jsx' flag is provided.
frontend/src/entities/user/ui/sponsor-profile-tabs/sponsored-teams-tab.tsx(63,21): error TS17004: Cannot use JSX unless the '--jsx' flag is provided.
frontend/src/entities/user/ui/sponsor-profile-tabs/sponsored-teams-tab.tsx(66,17): error TS17004: Cannot use JSX unless the '--jsx' flag is provided.
frontend/src/entities/user/ui/sponsor-profile-tabs/sponsored-teams-tab.tsx(69,17): error TS17004: Cannot use JSX unless the '--jsx' flag is provided.
frontend/src/entities/user/ui/sponsor-profile-tabs/sponsored-teams-tab.tsx(72,17): error TS17004: Cannot use JSX unless the '--jsx' flag is provided.
frontend/src/entities/user/ui/sponsor-profile-tabs/sponsored-teams-tab.tsx(73,19): error TS17004: Cannot use JSX unless the '--jsx' flag is provided.
frontend/src/entities/user/ui/sponsor-profile-tabs/sponsored-teams-tab.tsx(74,21): error TS17004: Cannot use JSX unless the '--jsx' flag is provided.
frontend/src/entities/user/ui/sponsor-profile-tabs/stats-tab.tsx(3,62): error TS2307: Cannot find module '@/shared/ui/card' or its corresponding type declarations.
frontend/src/entities/user/ui/sponsor-profile-tabs/stats-tab.tsx(7,5): error TS17004: Cannot use JSX unless the '--jsx' flag is provided.
frontend/src/entities/user/ui/sponsor-profile-tabs/stats-tab.tsx(8,7): error TS17004: Cannot use JSX unless the '--jsx' flag is provided.
frontend/src/entities/user/ui/sponsor-profile-tabs/stats-tab.tsx(9,9): error TS17004: Cannot use JSX unless the '--jsx' flag is provided.
frontend/src/entities/user/ui/sponsor-profile-tabs/stats-tab.tsx(10,11): error TS17004: Cannot use JSX unless the '--jsx' flag is provided.
frontend/src/entities/user/ui/sponsor-profile-tabs/stats-tab.tsx(11,11): error TS17004: Cannot use JSX unless the '--jsx' flag is provided.
frontend/src/entities/user/ui/sponsor-profile-tabs/stats-tab.tsx(14,7): error TS17004: Cannot use JSX unless the '--jsx' flag is provided.
frontend/src/entities/user/ui/sponsor-profile-tabs/stats-tab.tsx(15,9): error TS17004: Cannot use JSX unless the '--jsx' flag is provided.
frontend/src/entities/user/ui/sponsor-profile-tabs/stats-tab.tsx(16,11): error TS17004: Cannot use JSX unless the '--jsx' flag is provided.
frontend/src/entities/user/ui/sponsor-profile-tabs/stats-tab.tsx(17,11): error TS17004: Cannot use JSX unless the '--jsx' flag is provided.
frontend/src/entities/user/ui/sponsor-profile-tabs/stats-tab.tsx(20,7): error TS17004: Cannot use JSX unless the '--jsx' flag is provided.
frontend/src/entities/user/ui/sponsor-profile-tabs/stats-tab.tsx(21,9): error TS17004: Cannot use JSX unless the '--jsx' flag is provided.
frontend/src/entities/user/ui/sponsor-profile-tabs/stats-tab.tsx(22,11): error TS17004: Cannot use JSX unless the '--jsx' flag is provided.
frontend/src/entities/user/ui/sponsor-profile-tabs/stats-tab.tsx(23,11): error TS17004: Cannot use JSX unless the '--jsx' flag is provided.
frontend/src/entities/user/ui/sponsor-profile-tabs/stats-tab.tsx(26,7): error TS17004: Cannot use JSX unless the '--jsx' flag is provided.
frontend/src/entities/user/ui/sponsor-profile-tabs/stats-tab.tsx(27,9): error TS17004: Cannot use JSX unless the '--jsx' flag is provided.
frontend/src/entities/user/ui/sponsor-profile-tabs/stats-tab.tsx(28,11): error TS17004: Cannot use JSX unless the '--jsx' flag is provided.
frontend/src/entities/user/ui/sponsor-profile-tabs/stats-tab.tsx(29,11): error TS17004: Cannot use JSX unless the '--jsx' flag is provided.
frontend/src/entities/user/ui/sponsor-profile.tsx(5,53): error TS2307: Cannot find module '@/shared/ui/avatar' or its corresponding type declarations.
frontend/src/entities/user/ui/sponsor-profile.tsx(6,23): error TS2307: Cannot find module '@/shared/ui/badge' or its corresponding type declarations.
frontend/src/entities/user/ui/sponsor-profile.tsx(7,24): error TS2307: Cannot find module '@/shared/ui/button' or its corresponding type declarations.
frontend/src/entities/user/ui/sponsor-profile.tsx(8,22): error TS2307: Cannot find module '@/shared/ui/card' or its corresponding type declarations.
frontend/src/entities/user/ui/sponsor-profile.tsx(9,58): error TS2307: Cannot find module '@/shared/ui/tabs' or its corresponding type declarations.
frontend/src/entities/user/ui/sponsor-profile.tsx(10,26): error TS2307: Cannot find module '@/shared/ui/skeleton' or its corresponding type declarations.
frontend/src/entities/user/ui/sponsor-profile.tsx(14,43): error TS2307: Cannot find module '@/features/user-avatar-generator' or its corresponding type declarations.
frontend/src/entities/user/ui/sponsor-profile.tsx(15,46): error TS2307: Cannot find module '@/features/profile-banner-generator' or its corresponding type declarations.
frontend/src/entities/user/ui/sponsor-profile.tsx(16,30): error TS2307: Cannot find module '@/entities/sponsor/model/types' or its corresponding type declarations.
frontend/src/entities/user/ui/sponsor-profile.tsx(17,36): error TS2307: Cannot find module '@/entities/sponsorship/model/types' or its corresponding type declarations.
frontend/src/entities/user/ui/sponsor-profile.tsx(18,32): error TS2307: Cannot find module '@/entities/promotion/model/types' or its corresponding type declarations.
frontend/src/entities/user/ui/sponsor-profile.tsx(19,53): error TS2307: Cannot find module '@/shared/lib/mock-data/sponsor-profile' or its corresponding type declarations.
frontend/src/entities/user/ui/sponsor-profile.tsx(23,5): error TS1323: Dynamic imports are only supported when the '--module' flag is set to 'es2020', 'es2022', 'esnext', 'commonjs', 'amd', 'system', 'umd', 'node16', 'node18', or 'nodenext'.
frontend/src/entities/user/ui/sponsor-profile.tsx(23,12): error TS2307: Cannot find module '@/entities/user/ui/sponsor-profile-tabs/stats-tab' or its corresponding type declarations.
frontend/src/entities/user/ui/sponsor-profile.tsx(28,7): error TS17004: Cannot use JSX unless the '--jsx' flag is provided.
frontend/src/entities/user/ui/sponsor-profile.tsx(29,9): error TS17004: Cannot use JSX unless the '--jsx' flag is provided.
frontend/src/entities/user/ui/sponsor-profile.tsx(30,9): error TS17004: Cannot use JSX unless the '--jsx' flag is provided.
frontend/src/entities/user/ui/sponsor-profile.tsx(31,9): error TS17004: Cannot use JSX unless the '--jsx' flag is provided.
frontend/src/entities/user/ui/sponsor-profile.tsx(32,9): error TS17004: Cannot use JSX unless the '--jsx' flag is provided.
frontend/src/entities/user/ui/sponsor-profile.tsx(40,5): error TS1323: Dynamic imports are only supported when the '--module' flag is set to 'es2020', 'es2022', 'esnext', 'commonjs', 'amd', 'system', 'umd', 'node16', 'node18', or 'nodenext'.
frontend/src/entities/user/ui/sponsor-profile.tsx(40,12): error TS2307: Cannot find module '@/entities/user/ui/sponsor-profile-tabs/achievements-tab' or its corresponding type declarations.
frontend/src/entities/user/ui/sponsor-profile.tsx(45,7): error TS17004: Cannot use JSX unless the '--jsx' flag is provided.
frontend/src/entities/user/ui/sponsor-profile.tsx(46,9): error TS17004: Cannot use JSX unless the '--jsx' flag is provided.
frontend/src/entities/user/ui/sponsor-profile.tsx(54,5): error TS1323: Dynamic imports are only supported when the '--module' flag is set to 'es2020', 'es2022', 'esnext', 'commonjs', 'amd', 'system', 'umd', 'node16', 'node18', or 'nodenext'.
frontend/src/entities/user/ui/sponsor-profile.tsx(54,12): error TS2307: Cannot find module '@/entities/user/ui/sponsor-profile-tabs/sponsored-teams-tab' or its corresponding type declarations.
frontend/src/entities/user/ui/sponsor-profile.tsx(59,7): error TS17004: Cannot use JSX unless the '--jsx' flag is provided.
frontend/src/entities/user/ui/sponsor-profile.tsx(60,9): error TS17004: Cannot use JSX unless the '--jsx' flag is provided.
frontend/src/entities/user/ui/sponsor-profile.tsx(68,5): error TS1323: Dynamic imports are only supported when the '--module' flag is set to 'es2020', 'es2022', 'esnext', 'commonjs', 'amd', 'system', 'umd', 'node16', 'node18', or 'nodenext'.
frontend/src/entities/user/ui/sponsor-profile.tsx(68,12): error TS2307: Cannot find module '@/entities/user/ui/sponsor-profile-tabs/active-campaigns-tab' or its corresponding type declarations.
frontend/src/entities/user/ui/sponsor-profile.tsx(73,7): error TS17004: Cannot use JSX unless the '--jsx' flag is provided.
frontend/src/entities/user/ui/sponsor-profile.tsx(74,9): error TS17004: Cannot use JSX unless the '--jsx' flag is provided.
frontend/src/entities/user/ui/sponsor-profile.tsx(102,5): error TS17004: Cannot use JSX unless the '--jsx' flag is provided.
frontend/src/entities/user/ui/sponsor-profile.tsx(103,7): error TS17004: Cannot use JSX unless the '--jsx' flag is provided.
frontend/src/entities/user/ui/sponsor-profile.tsx(104,9): error TS17004: Cannot use JSX unless the '--jsx' flag is provided.
frontend/src/entities/user/ui/sponsor-profile.tsx(105,11): error TS17004: Cannot use JSX unless the '--jsx' flag is provided.
frontend/src/entities/user/ui/sponsor-profile.tsx(112,11): error TS17004: Cannot use JSX unless the '--jsx' flag is provided.
frontend/src/entities/user/ui/sponsor-profile.tsx(113,11): error TS17004: Cannot use JSX unless the '--jsx' flag is provided.
frontend/src/entities/user/ui/sponsor-profile.tsx(120,13): error TS17004: Cannot use JSX unless the '--jsx' flag is provided.
frontend/src/entities/user/ui/sponsor-profile.tsx(121,13): error TS17004: Cannot use JSX unless the '--jsx' flag is provided.
frontend/src/entities/user/ui/sponsor-profile.tsx(124,9): error TS17004: Cannot use JSX unless the '--jsx' flag is provided.
frontend/src/entities/user/ui/sponsor-profile.tsx(125,11): error TS17004: Cannot use JSX unless the '--jsx' flag is provided.
frontend/src/entities/user/ui/sponsor-profile.tsx(126,13): error TS17004: Cannot use JSX unless the '--jsx' flag is provided.
frontend/src/entities/user/ui/sponsor-profile.tsx(127,15): error TS17004: Cannot use JSX unless the '--jsx' flag is provided.
frontend/src/entities/user/ui/sponsor-profile.tsx(128,17): error TS17004: Cannot use JSX unless the '--jsx' flag is provided.
frontend/src/entities/user/ui/sponsor-profile.tsx(133,17): error TS17004: Cannot use JSX unless the '--jsx' flag is provided.
frontend/src/entities/user/ui/sponsor-profile.tsx(135,15): error TS17004: Cannot use JSX unless the '--jsx' flag is provided.
frontend/src/entities/user/ui/sponsor-profile.tsx(142,17): error TS17004: Cannot use JSX unless the '--jsx' flag is provided.
frontend/src/entities/user/ui/sponsor-profile.tsx(143,17): error TS17004: Cannot use JSX unless the '--jsx' flag is provided.
frontend/src/entities/user/ui/sponsor-profile.tsx(146,13): error TS17004: Cannot use JSX unless the '--jsx' flag is provided.
frontend/src/entities/user/ui/sponsor-profile.tsx(147,15): error TS17004: Cannot use JSX unless the '--jsx' flag is provided.
frontend/src/entities/user/ui/sponsor-profile.tsx(148,17): error TS17004: Cannot use JSX unless the '--jsx' flag is provided.
frontend/src/entities/user/ui/sponsor-profile.tsx(149,19): error TS17004: Cannot use JSX unless the '--jsx' flag is provided.
frontend/src/entities/user/ui/sponsor-profile.tsx(152,19): error TS17004: Cannot use JSX unless the '--jsx' flag is provided.
frontend/src/entities/user/ui/sponsor-profile.tsx(154,17): error TS17004: Cannot use JSX unless the '--jsx' flag is provided.
frontend/src/entities/user/ui/sponsor-profile.tsx(155,19): error TS17004: Cannot use JSX unless the '--jsx' flag is provided.
frontend/src/entities/user/ui/sponsor-profile.tsx(156,21): error TS17004: Cannot use JSX unless the '--jsx' flag is provided.
frontend/src/entities/user/ui/sponsor-profile.tsx(160,15): error TS17004: Cannot use JSX unless the '--jsx' flag is provided.
frontend/src/entities/user/ui/sponsor-profile.tsx(161,17): error TS17004: Cannot use JSX unless the '--jsx' flag is provided.
frontend/src/entities/user/ui/sponsor-profile.tsx(162,17): error TS17004: Cannot use JSX unless the '--jsx' flag is provided.
frontend/src/entities/user/ui/sponsor-profile.tsx(167,9): error TS17004: Cannot use JSX unless the '--jsx' flag is provided.
frontend/src/entities/user/ui/sponsor-profile.tsx(168,11): error TS17004: Cannot use JSX unless the '--jsx' flag is provided.
frontend/src/entities/user/ui/sponsor-profile.tsx(169,13): error TS17004: Cannot use JSX unless the '--jsx' flag is provided.
frontend/src/entities/user/ui/sponsor-profile.tsx(170,15): error TS17004: Cannot use JSX unless the '--jsx' flag is provided.
frontend/src/entities/user/ui/sponsor-profile.tsx(171,15): error TS17004: Cannot use JSX unless the '--jsx' flag is provided.
frontend/src/entities/user/ui/sponsor-profile.tsx(172,15): error TS17004: Cannot use JSX unless the '--jsx' flag is provided.
frontend/src/entities/user/ui/sponsor-profile.tsx(173,15): error TS17004: Cannot use JSX unless the '--jsx' flag is provided.
frontend/src/entities/user/ui/sponsor-profile.tsx(175,13): error TS17004: Cannot use JSX unless the '--jsx' flag is provided.
frontend/src/entities/user/ui/sponsor-profile.tsx(176,15): error TS17004: Cannot use JSX unless the '--jsx' flag is provided.
frontend/src/entities/user/ui/sponsor-profile.tsx(178,13): error TS17004: Cannot use JSX unless the '--jsx' flag is provided.
frontend/src/entities/user/ui/sponsor-profile.tsx(179,15): error TS17004: Cannot use JSX unless the '--jsx' flag is provided.
frontend/src/entities/user/ui/sponsor-profile.tsx(179,34): error TS2322: Type '{ teams: SponsoredTeam[]; }' is not assignable to type 'IntrinsicAttributes'.
  Property 'teams' does not exist on type 'IntrinsicAttributes'.
frontend/src/entities/user/ui/sponsor-profile.tsx(181,13): error TS17004: Cannot use JSX unless the '--jsx' flag is provided.
frontend/src/entities/user/ui/sponsor-profile.tsx(182,15): error TS17004: Cannot use JSX unless the '--jsx' flag is provided.
frontend/src/entities/user/ui/sponsor-profile.tsx(182,35): error TS2322: Type '{ campaigns: Promotion[]; }' is not assignable to type 'IntrinsicAttributes'.
  Property 'campaigns' does not exist on type 'IntrinsicAttributes'.
frontend/src/entities/user/ui/sponsor-profile.tsx(184,13): error TS17004: Cannot use JSX unless the '--jsx' flag is provided.
frontend/src/entities/user/ui/sponsor-profile.tsx(185,15): error TS17004: Cannot use JSX unless the '--jsx' flag is provided.
frontend/src/entities/user/ui/sponsor-profile.tsx(185,39): error TS2322: Type '{ achievements: any; }' is not assignable to type 'IntrinsicAttributes'.
  Property 'achievements' does not exist on type 'IntrinsicAttributes'.
frontend/src/entities/user/ui/sponsor-profile.tsx(190,7): error TS17004: Cannot use JSX unless the '--jsx' flag is provided.
frontend/src/entities/user/ui/sponsor-profile.tsx(196,7): error TS17004: Cannot use JSX unless the '--jsx' flag is provided.
frontend/src/entities/user/ui/user-table.tsx(13,53): error TS2307: Cannot find module '@/shared/ui/avatar' or its corresponding type declarations.
frontend/src/entities/user/ui/user-table.tsx(14,23): error TS2307: Cannot find module '@/shared/ui/badge' or its corresponding type declarations.
frontend/src/entities/user/ui/user-table.tsx(15,24): error TS2307: Cannot find module '@/shared/ui/button' or its corresponding type declarations.
frontend/src/entities/user/ui/user-table.tsx(16,35): error TS2307: Cannot find module '@/shared/ui/card' or its corresponding type declarations.
frontend/src/entities/user/ui/user-table.tsx(24,8): error TS2307: Cannot find module '@/shared/ui/table' or its corresponding type declarations.
frontend/src/entities/user/ui/user-table.tsx(25,27): error TS2307: Cannot find module '@/shared/lib/types' or its corresponding type declarations.
frontend/src/entities/user/ui/user-table.tsx(26,28): error TS2307: Cannot find module '@/shared/lib/types' or its corresponding type declarations.
frontend/src/entities/user/ui/user-table.tsx(33,8): error TS2307: Cannot find module '@/shared/ui/dropdown-menu' or its corresponding type declarations.
frontend/src/entities/user/ui/user-table.tsx(68,7): error TS17004: Cannot use JSX unless the '--jsx' flag is provided.
frontend/src/entities/user/ui/user-table.tsx(69,9): error TS17004: Cannot use JSX unless the '--jsx' flag is provided.
frontend/src/entities/user/ui/user-table.tsx(70,9): error TS17004: Cannot use JSX unless the '--jsx' flag is provided.
frontend/src/entities/user/ui/user-table.tsx(71,9): error TS17004: Cannot use JSX unless the '--jsx' flag is provided.
frontend/src/entities/user/ui/user-table.tsx(78,5): error TS17004: Cannot use JSX unless the '--jsx' flag is provided.
frontend/src/entities/user/ui/user-table.tsx(79,7): error TS17004: Cannot use JSX unless the '--jsx' flag is provided.
frontend/src/entities/user/ui/user-table.tsx(80,9): error TS17004: Cannot use JSX unless the '--jsx' flag is provided.
frontend/src/entities/user/ui/user-table.tsx(81,11): error TS17004: Cannot use JSX unless the '--jsx' flag is provided.
frontend/src/entities/user/ui/user-table.tsx(82,13): error TS17004: Cannot use JSX unless the '--jsx' flag is provided.
frontend/src/entities/user/ui/user-table.tsx(83,15): error TS17004: Cannot use JSX unless the '--jsx' flag is provided.
frontend/src/entities/user/ui/user-table.tsx(84,15): error TS17004: Cannot use JSX unless the '--jsx' flag is provided.
frontend/src/entities/user/ui/user-table.tsx(85,15): error TS17004: Cannot use JSX unless the '--jsx' flag is provided.
frontend/src/entities/user/ui/user-table.tsx(86,15): error TS17004: Cannot use JSX unless the '--jsx' flag is provided.
frontend/src/entities/user/ui/user-table.tsx(87,15): error TS17004: Cannot use JSX unless the '--jsx' flag is provided.
frontend/src/entities/user/ui/user-table.tsx(90,11): error TS17004: Cannot use JSX unless the '--jsx' flag is provided.
frontend/src/entities/user/ui/user-table.tsx(92,15): error TS17004: Cannot use JSX unless the '--jsx' flag is provided.
frontend/src/entities/user/ui/user-table.tsx(93,17): error TS17004: Cannot use JSX unless the '--jsx' flag is provided.
frontend/src/entities/user/ui/user-table.tsx(94,19): error TS17004: Cannot use JSX unless the '--jsx' flag is provided.
frontend/src/entities/user/ui/user-table.tsx(95,21): error TS17004: Cannot use JSX unless the '--jsx' flag is provided.
frontend/src/entities/user/ui/user-table.tsx(99,21): error TS17004: Cannot use JSX unless the '--jsx' flag is provided.
frontend/src/entities/user/ui/user-table.tsx(102,17): error TS17004: Cannot use JSX unless the '--jsx' flag is provided.
frontend/src/entities/user/ui/user-table.tsx(103,19): error TS17004: Cannot use JSX unless the '--jsx' flag is provided.
frontend/src/entities/user/ui/user-table.tsx(104,19): error TS17004: Cannot use JSX unless the '--jsx' flag is provided.
frontend/src/entities/user/ui/user-table.tsx(106,17): error TS17004: Cannot use JSX unless the '--jsx' flag is provided.
frontend/src/entities/user/ui/user-table.tsx(107,19): error TS17004: Cannot use JSX unless the '--jsx' flag is provided.
frontend/src/entities/user/ui/user-table.tsx(109,17): error TS17004: Cannot use JSX unless the '--jsx' flag is provided.
frontend/src/entities/user/ui/user-table.tsx(110,19): error TS17004: Cannot use JSX unless the '--jsx' flag is provided.
frontend/src/entities/user/ui/user-table.tsx(120,17): error TS17004: Cannot use JSX unless the '--jsx' flag is provided.
frontend/src/entities/user/ui/user-table.tsx(121,19): error TS17004: Cannot use JSX unless the '--jsx' flag is provided.
frontend/src/entities/user/ui/user-table.tsx(122,21): error TS17004: Cannot use JSX unless the '--jsx' flag is provided.
frontend/src/entities/user/ui/user-table.tsx(123,23): error TS17004: Cannot use JSX unless the '--jsx' flag is provided.
frontend/src/entities/user/ui/user-table.tsx(124,25): error TS17004: Cannot use JSX unless the '--jsx' flag is provided.
frontend/src/entities/user/ui/user-table.tsx(125,25): error TS17004: Cannot use JSX unless the '--jsx' flag is provided.
frontend/src/entities/user/ui/user-table.tsx(128,21): error TS17004: Cannot use JSX unless the '--jsx' flag is provided.
frontend/src/entities/user/ui/user-table.tsx(129,23): error TS17004: Cannot use JSX unless the '--jsx' flag is provided.
frontend/src/entities/user/ui/user-table.tsx(130,25): error TS17004: Cannot use JSX unless the '--jsx' flag is provided.
frontend/src/entities/user/ui/user-table.tsx(132,23): error TS17004: Cannot use JSX unless the '--jsx' flag is provided.
frontend/src/entities/user/ui/user-table.tsx(133,25): error TS17004: Cannot use JSX unless the '--jsx' flag is provided.
frontend/src/entities/user/ui/user-table.tsx(136,23): error TS17004: Cannot use JSX unless the '--jsx' flag is provided.
frontend/src/entities/user/ui/user-table.tsx(137,23): error TS17004: Cannot use JSX unless the '--jsx' flag is provided.
frontend/src/entities/user/ui/user-table.tsx(140,25): error TS17004: Cannot use JSX unless the '--jsx' flag is provided.
frontend/src/entities/user/ui/user-table.tsx(143,23): error TS17004: Cannot use JSX unless the '--jsx' flag is provided.
frontend/src/entities/user/ui/user-table.tsx(146,25): error TS17004: Cannot use JSX unless the '--jsx' flag is provided.
frontend/src/entities/user/ui/user-table.tsx(149,23): error TS17004: Cannot use JSX unless the '--jsx' flag is provided.
frontend/src/entities/user/ui/user-table.tsx(151,25): error TS17004: Cannot use JSX unless the '--jsx' flag is provided.
frontend/src/entities/user/ui/user-table.tsx(155,27): error TS17004: Cannot use JSX unless the '--jsx' flag is provided.
frontend/src/entities/user/ui/user-table.tsx(159,25): error TS17004: Cannot use JSX unless the '--jsx' flag is provided.
frontend/src/entities/user/ui/user-table.tsx(163,27): error TS17004: Cannot use JSX unless the '--jsx' flag is provided.
frontend/src/features/auth/actions.ts(7,40): error TS2307: Cannot find module '@/routes' or its corresponding type declarations.
frontend/src/features/auth/session.ts(4,27): error TS2307: Cannot find module '@/shared/lib/types' or its corresponding type declarations.
frontend/src/features/donation-dialog/index.tsx(11,8): error TS2307: Cannot find module '@/shared/ui/dialog' or its corresponding type declarations.
frontend/src/features/donation-dialog/index.tsx(12,24): error TS2307: Cannot find module '@/shared/ui/button' or its corresponding type declarations.
frontend/src/features/donation-dialog/index.tsx(13,23): error TS2307: Cannot find module '@/shared/ui/input' or its corresponding type declarations.
frontend/src/features/donation-dialog/index.tsx(14,23): error TS2307: Cannot find module '@/shared/ui/label' or its corresponding type declarations.
frontend/src/features/donation-dialog/index.tsx(15,26): error TS2307: Cannot find module '@/shared/ui/textarea' or its corresponding type declarations.
frontend/src/features/donation-dialog/index.tsx(16,26): error TS2307: Cannot find module '@/shared/hooks/use-toast' or its corresponding type declarations.
frontend/src/features/donation-dialog/index.tsx(67,5): error TS17004: Cannot use JSX unless the '--jsx' flag is provided.
frontend/src/features/donation-dialog/index.tsx(68,7): error TS17004: Cannot use JSX unless the '--jsx' flag is provided.
frontend/src/features/donation-dialog/index.tsx(69,9): error TS17004: Cannot use JSX unless the '--jsx' flag is provided.
frontend/src/features/donation-dialog/index.tsx(70,11): error TS17004: Cannot use JSX unless the '--jsx' flag is provided.
frontend/src/features/donation-dialog/index.tsx(71,13): error TS17004: Cannot use JSX unless the '--jsx' flag is provided.
frontend/src/features/donation-dialog/index.tsx(74,11): error TS17004: Cannot use JSX unless the '--jsx' flag is provided.
frontend/src/features/donation-dialog/index.tsx(78,9): error TS17004: Cannot use JSX unless the '--jsx' flag is provided.
frontend/src/features/donation-dialog/index.tsx(79,11): error TS17004: Cannot use JSX unless the '--jsx' flag is provided.
frontend/src/features/donation-dialog/index.tsx(80,13): error TS17004: Cannot use JSX unless the '--jsx' flag is provided.
frontend/src/features/donation-dialog/index.tsx(83,13): error TS17004: Cannot use JSX unless the '--jsx' flag is provided.
frontend/src/features/donation-dialog/index.tsx(84,15): error TS17004: Cannot use JSX unless the '--jsx' flag is provided.
frontend/src/features/donation-dialog/index.tsx(85,15): error TS17004: Cannot use JSX unless the '--jsx' flag is provided.
frontend/src/features/donation-dialog/index.tsx(93,13): error TS17004: Cannot use JSX unless the '--jsx' flag is provided.
frontend/src/features/donation-dialog/index.tsx(95,17): error TS17004: Cannot use JSX unless the '--jsx' flag is provided.
frontend/src/features/donation-dialog/index.tsx(106,11): error TS17004: Cannot use JSX unless the '--jsx' flag is provided.
frontend/src/features/donation-dialog/index.tsx(107,13): error TS17004: Cannot use JSX unless the '--jsx' flag is provided.
frontend/src/features/donation-dialog/index.tsx(108,13): error TS17004: Cannot use JSX unless the '--jsx' flag is provided.
frontend/src/features/donation-dialog/index.tsx(116,9): error TS17004: Cannot use JSX unless the '--jsx' flag is provided.
frontend/src/features/donation-dialog/index.tsx(117,11): error TS17004: Cannot use JSX unless the '--jsx' flag is provided.
frontend/src/features/donation-dialog/index.tsx(120,11): error TS17004: Cannot use JSX unless the '--jsx' flag is provided.
frontend/src/features/donation-dialog/index.tsx(121,28): error TS17004: Cannot use JSX unless the '--jsx' flag is provided.
frontend/src/features/global-search/ui/global-search-dialog.tsx(4,39): error TS2307: Cannot find module '@/shared/ui/dialog' or its corresponding type declarations.
frontend/src/features/global-search/ui/global-search-dialog.tsx(5,23): error TS2307: Cannot find module '@/shared/ui/input' or its corresponding type declarations.
frontend/src/features/global-search/ui/global-search-dialog.tsx(9,8): error TS2307: Cannot find module '@/shared/api/genkit/flows/smart-search-flow' or its corresponding type declarations.
frontend/src/features/global-search/ui/global-search-dialog.tsx(13,53): error TS2307: Cannot find module '@/shared/ui/avatar' or its corresponding type declarations.
frontend/src/features/global-search/ui/global-search-dialog.tsx(14,28): error TS2307: Cannot find module '@/shared/ui/scroll-area' or its corresponding type declarations.
frontend/src/features/global-search/ui/global-search-dialog.tsx(15,24): error TS2307: Cannot find module '@/shared/ui/button' or its corresponding type declarations.
frontend/src/features/global-search/ui/global-search-dialog.tsx(76,5): error TS17004: Cannot use JSX unless the '--jsx' flag is provided.
frontend/src/features/global-search/ui/global-search-dialog.tsx(77,7): error TS17004: Cannot use JSX unless the '--jsx' flag is provided.
frontend/src/features/global-search/ui/global-search-dialog.tsx(78,9): error TS17004: Cannot use JSX unless the '--jsx' flag is provided.
frontend/src/features/global-search/ui/global-search-dialog.tsx(79,11): error TS17004: Cannot use JSX unless the '--jsx' flag is provided.
frontend/src/features/global-search/ui/global-search-dialog.tsx(80,11): error TS17004: Cannot use JSX unless the '--jsx' flag is provided.
frontend/src/features/global-search/ui/global-search-dialog.tsx(87,9): error TS17004: Cannot use JSX unless the '--jsx' flag is provided.
frontend/src/features/global-search/ui/global-search-dialog.tsx(88,11): error TS17004: Cannot use JSX unless the '--jsx' flag is provided.
frontend/src/features/global-search/ui/global-search-dialog.tsx(90,15): error TS17004: Cannot use JSX unless the '--jsx' flag is provided.
frontend/src/features/global-search/ui/global-search-dialog.tsx(91,17): error TS17004: Cannot use JSX unless the '--jsx' flag is provided.
frontend/src/features/global-search/ui/global-search-dialog.tsx(96,15): error TS17004: Cannot use JSX unless the '--jsx' flag is provided.
frontend/src/features/global-search/ui/global-search-dialog.tsx(106,17): error TS17004: Cannot use JSX unless the '--jsx' flag is provided.
frontend/src/features/global-search/ui/global-search-dialog.tsx(112,15): error TS17004: Cannot use JSX unless the '--jsx' flag is provided.
frontend/src/features/global-search/ui/global-search-dialog.tsx(113,17): error TS17004: Cannot use JSX unless the '--jsx' flag is provided.
frontend/src/features/global-search/ui/global-search-dialog.tsx(115,19): error TS17004: Cannot use JSX unless the '--jsx' flag is provided.
frontend/src/features/global-search/ui/global-search-dialog.tsx(121,21): error TS17004: Cannot use JSX unless the '--jsx' flag is provided.
frontend/src/features/global-search/ui/global-search-dialog.tsx(122,23): error TS17004: Cannot use JSX unless the '--jsx' flag is provided.
frontend/src/features/global-search/ui/global-search-dialog.tsx(126,23): error TS17004: Cannot use JSX unless the '--jsx' flag is provided.
frontend/src/features/global-search/ui/global-search-dialog.tsx(128,21): error TS17004: Cannot use JSX unless the '--jsx' flag is provided.
frontend/src/features/global-search/ui/global-search-dialog.tsx(135,15): error TS17004: Cannot use JSX unless the '--jsx' flag is provided.
frontend/src/features/global-search/ui/global-search-dialog.tsx(136,17): error TS17004: Cannot use JSX unless the '--jsx' flag is provided.
frontend/src/features/global-search/ui/global-search-dialog.tsx(138,19): error TS17004: Cannot use JSX unless the '--jsx' flag is provided.
frontend/src/features/global-search/ui/global-search-dialog.tsx(144,21): error TS17004: Cannot use JSX unless the '--jsx' flag is provided.
frontend/src/features/global-search/ui/global-search-dialog.tsx(145,23): error TS17004: Cannot use JSX unless the '--jsx' flag is provided.
frontend/src/features/global-search/ui/global-search-dialog.tsx(146,23): error TS17004: Cannot use JSX unless the '--jsx' flag is provided.
frontend/src/features/global-search/ui/global-search-dialog.tsx(148,21): error TS17004: Cannot use JSX unless the '--jsx' flag is provided.
frontend/src/features/global-search/ui/global-search-dialog.tsx(155,15): error TS17004: Cannot use JSX unless the '--jsx' flag is provided.
frontend/src/features/global-search/ui/global-search-dialog.tsx(156,17): error TS17004: Cannot use JSX unless the '--jsx' flag is provided.
frontend/src/features/global-search/ui/global-search-dialog.tsx(158,19): error TS17004: Cannot use JSX unless the '--jsx' flag is provided.
frontend/src/features/global-search/ui/global-search-dialog.tsx(164,21): error TS17004: Cannot use JSX unless the '--jsx' flag is provided.
frontend/src/features/global-search/ui/global-search-dialog.tsx(165,23): error TS17004: Cannot use JSX unless the '--jsx' flag is provided.
frontend/src/features/global-search/ui/global-search-dialog.tsx(167,21): error TS17004: Cannot use JSX unless the '--jsx' flag is provided.
frontend/src/features/profile-banner-generator/index.tsx(4,24): error TS2307: Cannot find module '@/shared/ui/button' or its corresponding type declarations.
frontend/src/features/profile-banner-generator/index.tsx(12,8): error TS2307: Cannot find module '@/shared/ui/dialog' or its corresponding type declarations.
frontend/src/features/profile-banner-generator/index.tsx(13,23): error TS2307: Cannot find module '@/shared/ui/input' or its corresponding type declarations.
frontend/src/features/profile-banner-generator/index.tsx(14,23): error TS2307: Cannot find module '@/shared/ui/label' or its corresponding type declarations.
frontend/src/features/profile-banner-generator/index.tsx(16,39): error TS2307: Cannot find module '@/shared/api/genkit/flows/generate-profile-banner-flow' or its corresponding type declarations.
frontend/src/features/profile-banner-generator/index.tsx(17,53): error TS2307: Cannot find module '@/shared/ui/alert' or its corresponding type declarations.
frontend/src/features/profile-banner-generator/index.tsx(19,26): error TS2307: Cannot find module '@/shared/hooks/use-toast' or its corresponding type declarations.
frontend/src/features/profile-banner-generator/index.tsx(20,24): error TS2307: Cannot find module '@/shared/ui/loader' or its corresponding type declarations.
frontend/src/features/profile-banner-generator/index.tsx(21,58): error TS2307: Cannot find module '@/shared/ui/tabs' or its corresponding type declarations.
frontend/src/features/profile-banner-generator/index.tsx(114,5): error TS17004: Cannot use JSX unless the '--jsx' flag is provided.
frontend/src/features/profile-banner-generator/index.tsx(115,7): error TS17004: Cannot use JSX unless the '--jsx' flag is provided.
frontend/src/features/profile-banner-generator/index.tsx(116,9): error TS17004: Cannot use JSX unless the '--jsx' flag is provided.
frontend/src/features/profile-banner-generator/index.tsx(117,11): error TS17004: Cannot use JSX unless the '--jsx' flag is provided.
frontend/src/features/profile-banner-generator/index.tsx(118,11): error TS17004: Cannot use JSX unless the '--jsx' flag is provided.
frontend/src/features/profile-banner-generator/index.tsx(122,9): error TS17004: Cannot use JSX unless the '--jsx' flag is provided.
frontend/src/features/profile-banner-generator/index.tsx(123,11): error TS17004: Cannot use JSX unless the '--jsx' flag is provided.
frontend/src/features/profile-banner-generator/index.tsx(124,13): error TS17004: Cannot use JSX unless the '--jsx' flag is provided.
frontend/src/features/profile-banner-generator/index.tsx(125,13): error TS17004: Cannot use JSX unless the '--jsx' flag is provided.
frontend/src/features/profile-banner-generator/index.tsx(127,11): error TS17004: Cannot use JSX unless the '--jsx' flag is provided.
frontend/src/features/profile-banner-generator/index.tsx(128,13): error TS17004: Cannot use JSX unless the '--jsx' flag is provided.
frontend/src/features/profile-banner-generator/index.tsx(129,15): error TS17004: Cannot use JSX unless the '--jsx' flag is provided.
frontend/src/features/profile-banner-generator/index.tsx(130,15): error TS17004: Cannot use JSX unless the '--jsx' flag is provided.
frontend/src/features/profile-banner-generator/index.tsx(138,13): error TS17004: Cannot use JSX unless the '--jsx' flag is provided.
frontend/src/features/profile-banner-generator/index.tsx(144,17): error TS17004: Cannot use JSX unless the '--jsx' flag is provided.
frontend/src/features/profile-banner-generator/index.tsx(146,17): error TS17004: Cannot use JSX unless the '--jsx' flag is provided.
frontend/src/features/profile-banner-generator/index.tsx(152,15): error TS17004: Cannot use JSX unless the '--jsx' flag is provided.
frontend/src/features/profile-banner-generator/index.tsx(153,17): error TS17004: Cannot use JSX unless the '--jsx' flag is provided.
frontend/src/features/profile-banner-generator/index.tsx(154,17): error TS17004: Cannot use JSX unless the '--jsx' flag is provided.
frontend/src/features/profile-banner-generator/index.tsx(155,17): error TS17004: Cannot use JSX unless the '--jsx' flag is provided.
frontend/src/features/profile-banner-generator/index.tsx(159,13): error TS17004: Cannot use JSX unless the '--jsx' flag is provided.
frontend/src/features/profile-banner-generator/index.tsx(161,17): error TS17004: Cannot use JSX unless the '--jsx' flag is provided.
frontend/src/features/profile-banner-generator/index.tsx(163,17): error TS17004: Cannot use JSX unless the '--jsx' flag is provided.
frontend/src/features/profile-banner-generator/index.tsx(172,11): error TS17004: Cannot use JSX unless the '--jsx' flag is provided.
frontend/src/features/profile-banner-generator/index.tsx(173,13): error TS17004: Cannot use JSX unless the '--jsx' flag is provided.
frontend/src/features/profile-banner-generator/index.tsx(174,15): error TS17004: Cannot use JSX unless the '--jsx' flag is provided.
frontend/src/features/profile-banner-generator/index.tsx(179,19): error TS17004: Cannot use JSX unless the '--jsx' flag is provided.
frontend/src/features/profile-banner-generator/index.tsx(186,19): error TS17004: Cannot use JSX unless the '--jsx' flag is provided.
frontend/src/features/profile-banner-generator/index.tsx(187,21): error TS17004: Cannot use JSX unless the '--jsx' flag is provided.
frontend/src/features/profile-banner-generator/index.tsx(188,21): error TS17004: Cannot use JSX unless the '--jsx' flag is provided.
frontend/src/features/profile-banner-generator/index.tsx(191,21): error TS17004: Cannot use JSX unless the '--jsx' flag is provided.
frontend/src/features/profile-banner-generator/index.tsx(196,17): error TS17004: Cannot use JSX unless the '--jsx' flag is provided.
frontend/src/features/profile-banner-generator/index.tsx(207,9): error TS17004: Cannot use JSX unless the '--jsx' flag is provided.
frontend/src/features/profile-banner-generator/index.tsx(208,11): error TS17004: Cannot use JSX unless the '--jsx' flag is provided.
frontend/src/features/profile-banner-generator/index.tsx(211,11): error TS17004: Cannot use JSX unless the '--jsx' flag is provided.
frontend/src/features/report-player-dialog/index.tsx(11,8): error TS2307: Cannot find module '@/shared/ui/dialog' or its corresponding type declarations.
frontend/src/features/report-player-dialog/index.tsx(12,24): error TS2307: Cannot find module '@/shared/ui/button' or its corresponding type declarations.
frontend/src/features/report-player-dialog/index.tsx(13,23): error TS2307: Cannot find module '@/shared/ui/label' or its corresponding type declarations.
frontend/src/features/report-player-dialog/index.tsx(14,26): error TS2307: Cannot find module '@/shared/ui/textarea' or its corresponding type declarations.
frontend/src/features/report-player-dialog/index.tsx(15,26): error TS2307: Cannot find module '@/shared/hooks/use-toast' or its corresponding type declarations.
frontend/src/features/report-player-dialog/index.tsx(23,8): error TS2307: Cannot find module '@/shared/ui/select' or its corresponding type declarations.
frontend/src/features/report-player-dialog/index.tsx(24,30): error TS2307: Cannot find module '@/entities/report/api/reports' or its corresponding type declarations.
frontend/src/features/report-player-dialog/index.tsx(97,5): error TS17004: Cannot use JSX unless the '--jsx' flag is provided.
frontend/src/features/report-player-dialog/index.tsx(98,7): error TS17004: Cannot use JSX unless the '--jsx' flag is provided.
frontend/src/features/report-player-dialog/index.tsx(99,9): error TS17004: Cannot use JSX unless the '--jsx' flag is provided.
frontend/src/features/report-player-dialog/index.tsx(100,11): error TS17004: Cannot use JSX unless the '--jsx' flag is provided.
frontend/src/features/report-player-dialog/index.tsx(101,13): error TS17004: Cannot use JSX unless the '--jsx' flag is provided.
frontend/src/features/report-player-dialog/index.tsx(104,11): error TS17004: Cannot use JSX unless the '--jsx' flag is provided.
frontend/src/features/report-player-dialog/index.tsx(109,9): error TS17004: Cannot use JSX unless the '--jsx' flag is provided.
frontend/src/features/report-player-dialog/index.tsx(110,11): error TS17004: Cannot use JSX unless the '--jsx' flag is provided.
frontend/src/features/report-player-dialog/index.tsx(111,13): error TS17004: Cannot use JSX unless the '--jsx' flag is provided.
frontend/src/features/report-player-dialog/index.tsx(112,13): error TS17004: Cannot use JSX unless the '--jsx' flag is provided.
frontend/src/features/report-player-dialog/index.tsx(113,15): error TS17004: Cannot use JSX unless the '--jsx' flag is provided.
frontend/src/features/report-player-dialog/index.tsx(114,17): error TS17004: Cannot use JSX unless the '--jsx' flag is provided.
frontend/src/features/report-player-dialog/index.tsx(116,15): error TS17004: Cannot use JSX unless the '--jsx' flag is provided.
frontend/src/features/report-player-dialog/index.tsx(118,19): error TS17004: Cannot use JSX unless the '--jsx' flag is provided.
frontend/src/features/report-player-dialog/index.tsx(125,11): error TS17004: Cannot use JSX unless the '--jsx' flag is provided.
frontend/src/features/report-player-dialog/index.tsx(126,13): error TS17004: Cannot use JSX unless the '--jsx' flag is provided.
frontend/src/features/report-player-dialog/index.tsx(127,13): error TS17004: Cannot use JSX unless the '--jsx' flag is provided.
frontend/src/features/report-player-dialog/index.tsx(135,9): error TS17004: Cannot use JSX unless the '--jsx' flag is provided.
frontend/src/features/report-player-dialog/index.tsx(136,11): error TS17004: Cannot use JSX unless the '--jsx' flag is provided.
frontend/src/features/report-player-dialog/index.tsx(139,11): error TS17004: Cannot use JSX unless the '--jsx' flag is provided.
frontend/src/features/report-player-dialog/index.tsx(144,30): error TS17004: Cannot use JSX unless the '--jsx' flag is provided.
frontend/src/features/user-avatar-generator/index.tsx(4,24): error TS2307: Cannot find module '@/shared/ui/button' or its corresponding type declarations.
frontend/src/features/user-avatar-generator/index.tsx(11,8): error TS2307: Cannot find module '@/shared/ui/dialog' or its corresponding type declarations.
frontend/src/features/user-avatar-generator/index.tsx(12,23): error TS2307: Cannot find module '@/shared/ui/input' or its corresponding type declarations.
frontend/src/features/user-avatar-generator/index.tsx(13,23): error TS2307: Cannot find module '@/shared/ui/label' or its corresponding type declarations.
frontend/src/features/user-avatar-generator/index.tsx(15,36): error TS2307: Cannot find module '@/shared/api/genkit/flows/generate-user-avatar-flow' or its corresponding type declarations.
frontend/src/features/user-avatar-generator/index.tsx(16,53): error TS2307: Cannot find module '@/shared/ui/alert' or its corresponding type declarations.
frontend/src/features/user-avatar-generator/index.tsx(18,26): error TS2307: Cannot find module '@/shared/hooks/use-toast' or its corresponding type declarations.
frontend/src/features/user-avatar-generator/index.tsx(19,24): error TS2307: Cannot find module '@/shared/ui/loader' or its corresponding type declarations.
frontend/src/features/user-avatar-generator/index.tsx(20,58): error TS2307: Cannot find module '@/shared/ui/tabs' or its corresponding type declarations.
frontend/src/features/user-avatar-generator/index.tsx(111,5): error TS17004: Cannot use JSX unless the '--jsx' flag is provided.
frontend/src/features/user-avatar-generator/index.tsx(112,7): error TS17004: Cannot use JSX unless the '--jsx' flag is provided.
frontend/src/features/user-avatar-generator/index.tsx(113,9): error TS17004: Cannot use JSX unless the '--jsx' flag is provided.
frontend/src/features/user-avatar-generator/index.tsx(114,11): error TS17004: Cannot use JSX unless the '--jsx' flag is provided.
frontend/src/features/user-avatar-generator/index.tsx(116,9): error TS17004: Cannot use JSX unless the '--jsx' flag is provided.
frontend/src/features/user-avatar-generator/index.tsx(117,11): error TS17004: Cannot use JSX unless the '--jsx' flag is provided.
frontend/src/features/user-avatar-generator/index.tsx(118,13): error TS17004: Cannot use JSX unless the '--jsx' flag is provided.
frontend/src/features/user-avatar-generator/index.tsx(119,13): error TS17004: Cannot use JSX unless the '--jsx' flag is provided.
frontend/src/features/user-avatar-generator/index.tsx(121,11): error TS17004: Cannot use JSX unless the '--jsx' flag is provided.
frontend/src/features/user-avatar-generator/index.tsx(122,13): error TS17004: Cannot use JSX unless the '--jsx' flag is provided.
frontend/src/features/user-avatar-generator/index.tsx(123,15): error TS17004: Cannot use JSX unless the '--jsx' flag is provided.
frontend/src/features/user-avatar-generator/index.tsx(124,15): error TS17004: Cannot use JSX unless the '--jsx' flag is provided.
frontend/src/features/user-avatar-generator/index.tsx(132,13): error TS17004: Cannot use JSX unless the '--jsx' flag is provided.
frontend/src/features/user-avatar-generator/index.tsx(138,17): error TS17004: Cannot use JSX unless the '--jsx' flag is provided.
frontend/src/features/user-avatar-generator/index.tsx(140,17): error TS17004: Cannot use JSX unless the '--jsx' flag is provided.
frontend/src/features/user-avatar-generator/index.tsx(146,15): error TS17004: Cannot use JSX unless the '--jsx' flag is provided.
frontend/src/features/user-avatar-generator/index.tsx(147,17): error TS17004: Cannot use JSX unless the '--jsx' flag is provided.
frontend/src/features/user-avatar-generator/index.tsx(148,17): error TS17004: Cannot use JSX unless the '--jsx' flag is provided.
frontend/src/features/user-avatar-generator/index.tsx(149,17): error TS17004: Cannot use JSX unless the '--jsx' flag is provided.
frontend/src/features/user-avatar-generator/index.tsx(153,13): error TS17004: Cannot use JSX unless the '--jsx' flag is provided.
frontend/src/features/user-avatar-generator/index.tsx(155,17): error TS17004: Cannot use JSX unless the '--jsx' flag is provided.
frontend/src/features/user-avatar-generator/index.tsx(157,17): error TS17004: Cannot use JSX unless the '--jsx' flag is provided.
frontend/src/features/user-avatar-generator/index.tsx(167,11): error TS17004: Cannot use JSX unless the '--jsx' flag is provided.
frontend/src/features/user-avatar-generator/index.tsx(168,13): error TS17004: Cannot use JSX unless the '--jsx' flag is provided.
frontend/src/features/user-avatar-generator/index.tsx(169,15): error TS17004: Cannot use JSX unless the '--jsx' flag is provided.
frontend/src/features/user-avatar-generator/index.tsx(174,19): error TS17004: Cannot use JSX unless the '--jsx' flag is provided.
frontend/src/features/user-avatar-generator/index.tsx(182,19): error TS17004: Cannot use JSX unless the '--jsx' flag is provided.
frontend/src/features/user-avatar-generator/index.tsx(183,21): error TS17004: Cannot use JSX unless the '--jsx' flag is provided.
frontend/src/features/user-avatar-generator/index.tsx(184,21): error TS17004: Cannot use JSX unless the '--jsx' flag is provided.
frontend/src/features/user-avatar-generator/index.tsx(187,21): error TS17004: Cannot use JSX unless the '--jsx' flag is provided.
frontend/src/features/user-avatar-generator/index.tsx(192,17): error TS17004: Cannot use JSX unless the '--jsx' flag is provided.
frontend/src/features/user-avatar-generator/index.tsx(204,9): error TS17004: Cannot use JSX unless the '--jsx' flag is provided.
frontend/src/features/user-avatar-generator/index.tsx(205,11): error TS17004: Cannot use JSX unless the '--jsx' flag is provided.
frontend/src/features/user-avatar-generator/index.tsx(208,11): error TS17004: Cannot use JSX unless the '--jsx' flag is provided.
frontend/src/middleware.ts(8,8): error TS2307: Cannot find module '@/routes' or its corresponding type declarations.
frontend/src/shared/api/genkit/flows/find-venues-flow.ts(3,33): error TS2307: Cannot find module '@/entities/playground/model/types' or its corresponding type declarations.
frontend/src/shared/api/genkit/flows/generate-dashboard-tip-flow.ts(3,31): error TS2307: Cannot find module '@/shared/lib/api-client' or its corresponding type declarations.
frontend/src/shared/api/genkit/flows/generate-match-commentary-flow.ts(3,31): error TS2307: Cannot find module '@/shared/lib/api-client' or its corresponding type declarations.
frontend/src/shared/api/genkit/flows/generate-match-commentary-flow.ts(4,33): error TS2307: Cannot find module '@/entities/match/model/types' or its corresponding type declarations.
frontend/src/shared/api/genkit/flows/generate-match-interview-flow.ts(3,31): error TS2307: Cannot find module '@/shared/lib/api-client' or its corresponding type declarations.
frontend/src/shared/api/genkit/flows/generate-match-post-flow.ts(3,31): error TS2307: Cannot find module '@/shared/lib/api-client' or its corresponding type declarations.
frontend/src/shared/api/genkit/flows/generate-nutrition-plan-flow.ts(3,31): error TS2307: Cannot find module '@/shared/lib/api-client' or its corresponding type declarations.
frontend/src/shared/api/genkit/flows/generate-playground-summary-flow.ts(3,31): error TS2307: Cannot find module '@/shared/lib/api-client' or its corresponding type declarations.
frontend/src/shared/api/genkit/flows/generate-playground-tactic-flow.ts(3,31): error TS2307: Cannot find module '@/shared/lib/api-client' or its corresponding type declarations.
frontend/src/shared/api/genkit/flows/generate-playground-workout-flow.ts(3,31): error TS2307: Cannot find module '@/shared/lib/api-client' or its corresponding type declarations.
frontend/src/shared/api/genkit/flows/generate-post-image-flow.ts(3,31): error TS2307: Cannot find module '@/shared/lib/api-client' or its corresponding type declarations.
frontend/src/shared/api/genkit/flows/generate-profile-banner-flow.ts(3,31): error TS2307: Cannot find module '@/shared/lib/api-client' or its corresponding type declarations.
frontend/src/shared/api/genkit/flows/generate-promotion-details.ts(3,31): error TS2307: Cannot find module '@/shared/lib/api-client' or its corresponding type declarations.
frontend/src/shared/api/genkit/flows/generate-promotion-image-flow.ts(3,31): error TS2307: Cannot find module '@/shared/lib/api-client' or its corresponding type declarations.
frontend/src/shared/api/genkit/flows/generate-promotion-wizard-flow.ts(3,31): error TS2307: Cannot find module '@/shared/lib/api-client' or its corresponding type declarations.
frontend/src/shared/api/genkit/flows/generate-social-media-post-flow.ts(3,31): error TS2307: Cannot find module '@/shared/lib/api-client' or its corresponding type declarations.
frontend/src/shared/api/genkit/flows/generate-sponsorship-pitch.ts(3,31): error TS2307: Cannot find module '@/shared/lib/api-client' or its corresponding type declarations.
frontend/src/shared/api/genkit/flows/generate-sport-summary-flow.ts(3,31): error TS2307: Cannot find module '@/shared/lib/api-client' or its corresponding type declarations.
frontend/src/shared/api/genkit/flows/generate-team-avatar-flow.ts(3,31): error TS2307: Cannot find module '@/shared/lib/api-client' or its corresponding type declarations.
frontend/src/shared/api/genkit/flows/generate-team-concept-flow.ts(3,31): error TS2307: Cannot find module '@/shared/lib/api-client' or its corresponding type declarations.
frontend/src/shared/api/genkit/flows/generate-tournament-summary-flow.ts(3,31): error TS2307: Cannot find module '@/shared/lib/api-client' or its corresponding type declarations.
frontend/src/shared/api/genkit/flows/generate-tournament-wizard-flow.ts(3,31): error TS2307: Cannot find module '@/shared/lib/api-client' or its corresponding type declarations.
frontend/src/shared/api/genkit/flows/generate-training-plan-flow.ts(3,31): error TS2307: Cannot find module '@/shared/lib/api-client' or its corresponding type declarations.
frontend/src/shared/api/genkit/flows/generate-training-program-flow.ts(3,31): error TS2307: Cannot find module '@/shared/lib/api-client' or its corresponding type declarations.
frontend/src/shared/api/genkit/flows/generate-user-avatar-flow.ts(3,31): error TS2307: Cannot find module '@/shared/lib/api-client' or its corresponding type declarations.
frontend/src/shared/context/accent-theme-provider.tsx(78,5): error TS17004: Cannot use JSX unless the '--jsx' flag is provided.
frontend/src/shared/context/cart-provider.tsx(10,32): error TS2307: Cannot find module '@/entities/store/model/types' or its corresponding type declarations.
frontend/src/shared/context/cart-provider.tsx(94,10): error TS17004: Cannot use JSX unless the '--jsx' flag is provided.
frontend/src/shared/context/inventory-provider.tsx(11,36): error TS2307: Cannot find module '@/entities/inventory/model/types' or its corresponding type declarations.
frontend/src/shared/context/inventory-provider.tsx(12,32): error TS2307: Cannot find module '@/entities/store/model/types' or its corresponding type declarations.
frontend/src/shared/context/inventory-provider.tsx(18,8): error TS2307: Cannot find module '@/entities/inventory/api/inventory' or its corresponding type declarations.
frontend/src/shared/context/inventory-provider.tsx(19,26): error TS2307: Cannot find module '@/shared/hooks/use-toast' or its corresponding type declarations.
frontend/src/shared/context/inventory-provider.tsx(139,5): error TS17004: Cannot use JSX unless the '--jsx' flag is provided.
frontend/src/shared/context/lfg-provider.tsx(11,31): error TS2307: Cannot find module '@/entities/lfg/model/types' or its corresponding type declarations.
frontend/src/shared/context/lfg-provider.tsx(17,8): error TS2307: Cannot find module '@/entities/lfg/api/lfg' or its corresponding type declarations.
frontend/src/shared/context/lfg-provider.tsx(18,26): error TS2307: Cannot find module '@/shared/hooks/use-toast' or its corresponding type declarations.
frontend/src/shared/context/lfg-provider.tsx(86,5): error TS17004: Cannot use JSX unless the '--jsx' flag is provided.
frontend/src/shared/context/measurements-provider.tsx(11,34): error TS2307: Cannot find module '@/entities/user/model/types' or its corresponding type declarations.
frontend/src/shared/context/measurements-provider.tsx(15,8): error TS2307: Cannot find module '@/entities/measurement/api/measurements' or its corresponding type declarations.
frontend/src/shared/context/measurements-provider.tsx(16,26): error TS2307: Cannot find module '@/shared/hooks/use-toast' or its corresponding type declarations.
frontend/src/shared/context/measurements-provider.tsx(17,34): error TS2307: Cannot find module '@/shared/lib/api-client' or its corresponding type declarations.
frontend/src/shared/context/measurements-provider.tsx(71,5): error TS17004: Cannot use JSX unless the '--jsx' flag is provided.
frontend/src/shared/context/nutrition-provider.tsx(12,45): error TS2307: Cannot find module '@/entities/nutrition/model/types' or its corresponding type declarations.
frontend/src/shared/context/nutrition-provider.tsx(13,26): error TS2307: Cannot find module '@/shared/hooks/use-toast' or its corresponding type declarations.
frontend/src/shared/context/nutrition-provider.tsx(18,8): error TS2307: Cannot find module '@/entities/nutrition/api/nutrition' or its corresponding type declarations.
frontend/src/shared/context/nutrition-provider.tsx(19,31): error TS2307: Cannot find module '@/entities/nutrition/model/enums' or its corresponding type declarations.
frontend/src/shared/context/nutrition-provider.tsx(152,5): error TS17004: Cannot use JSX unless the '--jsx' flag is provided.
frontend/src/shared/context/pd-provider.tsx(10,47): error TS2307: Cannot find module '@/shared/config/gamification' or its corresponding type declarations.
frontend/src/shared/context/pd-provider.tsx(54,5): error TS17004: Cannot use JSX unless the '--jsx' flag is provided.
frontend/src/shared/context/training-proposal-provider.tsx(11,28): error TS2307: Cannot find module '@/shared/lib/session/client' or its corresponding type declarations.
frontend/src/shared/context/training-proposal-provider.tsx(12,41): error TS2307: Cannot find module '@/entities/user/api/friends' or its corresponding type declarations.
frontend/src/shared/context/training-proposal-provider.tsx(17,8): error TS2307: Cannot find module '@/entities/training-proposal/api/training-proposals' or its corresponding type declarations.
frontend/src/shared/context/training-proposal-provider.tsx(130,5): error TS17004: Cannot use JSX unless the '--jsx' flag is provided.
frontend/src/shared/context/training-provider.tsx(14,8): error TS2307: Cannot find module '@/entities/training-program/model/types' or its corresponding type declarations.
frontend/src/shared/context/training-provider.tsx(15,37): error TS2307: Cannot find module '@/entities/training-program/api/get-programs' or its corresponding type declarations.
frontend/src/shared/context/training-provider.tsx(16,32): error TS2307: Cannot find module '@/entities/training-program/api/get-training-log' or its corresponding type declarations.
frontend/src/shared/context/training-provider.tsx(17,26): error TS2307: Cannot find module '@/shared/hooks/use-toast' or its corresponding type declarations.
frontend/src/shared/context/training-provider.tsx(18,28): error TS2307: Cannot find module '@/shared/lib/session/client' or its corresponding type declarations.
frontend/src/shared/context/training-provider.tsx(24,8): error TS2307: Cannot find module '@/entities/training-program/api/programs' or its corresponding type declarations.
frontend/src/shared/context/training-provider.tsx(161,5): error TS17004: Cannot use JSX unless the '--jsx' flag is provided.
frontend/src/shared/hooks/use-toast.ts(4,53): error TS2307: Cannot find module '@/shared/ui/toast' or its corresponding type declarations.
frontend/src/shared/lib/api-client.ts(3,28): error TS2307: Cannot find module '@/features/auth/session' or its corresponding type declarations.
frontend/src/shared/lib/get-king-of-the-court.ts(3,31): error TS2307: Cannot find module '@/entities/playground/model/types' or its corresponding type declarations.
frontend/src/shared/lib/get-king-of-the-court.ts(19,12): error TS2339: Property 'error' does not exist on type 'FetchResult<KingTeam>'.
  Property 'error' does not exist on type '{ success: true; data: KingTeam; status: number; }'.
frontend/src/shared/lib/get-training-analytics.ts(7,8): error TS2307: Cannot find module '@/entities/training-program/model/types' or its corresponding type declarations.
frontend/src/shared/lib/session/client.ts(4,27): error TS2307: Cannot find module '@/shared/lib/types' or its corresponding type declarations.
frontend/src/shared/ui/accordion.tsx(7,20): error TS2307: Cannot find module '@/shared/lib/utils' or its corresponding type declarations.
frontend/src/shared/ui/accordion.tsx(15,3): error TS17004: Cannot use JSX unless the '--jsx' flag is provided.
frontend/src/shared/ui/accordion.tsx(27,3): error TS17004: Cannot use JSX unless the '--jsx' flag is provided.
frontend/src/shared/ui/accordion.tsx(28,5): error TS17004: Cannot use JSX unless the '--jsx' flag is provided.
frontend/src/shared/ui/accordion.tsx(37,7): error TS17004: Cannot use JSX unless the '--jsx' flag is provided.
frontend/src/shared/ui/accordion.tsx(47,3): error TS17004: Cannot use JSX unless the '--jsx' flag is provided.
frontend/src/shared/ui/accordion.tsx(52,5): error TS17004: Cannot use JSX unless the '--jsx' flag is provided.
frontend/src/shared/ui/alert-dialog.tsx(6,20): error TS2307: Cannot find module '@/shared/lib/utils' or its corresponding type declarations.
frontend/src/shared/ui/alert-dialog.tsx(7,32): error TS2307: Cannot find module '@/shared/ui/button' or its corresponding type declarations.
frontend/src/shared/ui/alert-dialog.tsx(19,3): error TS17004: Cannot use JSX unless the '--jsx' flag is provided.
frontend/src/shared/ui/alert-dialog.tsx(34,3): error TS17004: Cannot use JSX unless the '--jsx' flag is provided.
frontend/src/shared/ui/alert-dialog.tsx(35,5): error TS17004: Cannot use JSX unless the '--jsx' flag is provided.
frontend/src/shared/ui/alert-dialog.tsx(36,5): error TS17004: Cannot use JSX unless the '--jsx' flag is provided.
frontend/src/shared/ui/alert-dialog.tsx(52,3): error TS17004: Cannot use JSX unless the '--jsx' flag is provided.
frontend/src/shared/ui/alert-dialog.tsx(66,3): error TS17004: Cannot use JSX unless the '--jsx' flag is provided.
frontend/src/shared/ui/alert-dialog.tsx(80,3): error TS17004: Cannot use JSX unless the '--jsx' flag is provided.
frontend/src/shared/ui/alert-dialog.tsx(92,3): error TS17004: Cannot use JSX unless the '--jsx' flag is provided.
frontend/src/shared/ui/alert-dialog.tsx(105,3): error TS17004: Cannot use JSX unless the '--jsx' flag is provided.
frontend/src/shared/ui/alert-dialog.tsx(117,3): error TS17004: Cannot use JSX unless the '--jsx' flag is provided.
frontend/src/shared/ui/alert.tsx(4,20): error TS2307: Cannot find module '@/shared/lib/utils' or its corresponding type declarations.
frontend/src/shared/ui/alert.tsx(26,3): error TS17004: Cannot use JSX unless the '--jsx' flag is provided.
frontend/src/shared/ui/alert.tsx(39,3): error TS17004: Cannot use JSX unless the '--jsx' flag is provided.
frontend/src/shared/ui/alert.tsx(51,3): error TS17004: Cannot use JSX unless the '--jsx' flag is provided.
frontend/src/shared/ui/avatar.tsx(6,20): error TS2307: Cannot find module '@/shared/lib/utils' or its corresponding type declarations.
frontend/src/shared/ui/avatar.tsx(12,3): error TS17004: Cannot use JSX unless the '--jsx' flag is provided.
frontend/src/shared/ui/avatar.tsx(27,3): error TS17004: Cannot use JSX unless the '--jsx' flag is provided.
frontend/src/shared/ui/avatar.tsx(39,3): error TS17004: Cannot use JSX unless the '--jsx' flag is provided.
frontend/src/shared/ui/badge.tsx(4,20): error TS2307: Cannot find module '@/shared/lib/utils' or its corresponding type declarations.
frontend/src/shared/ui/badge.tsx(32,5): error TS17004: Cannot use JSX unless the '--jsx' flag is provided.
frontend/src/shared/ui/bottom-nav.tsx(12,20): error TS2307: Cannot find module '@/shared/lib/utils' or its corresponding type declarations.
frontend/src/shared/ui/bottom-nav.tsx(26,5): error TS17004: Cannot use JSX unless the '--jsx' flag is provided.
frontend/src/shared/ui/bottom-nav.tsx(27,7): error TS17004: Cannot use JSX unless the '--jsx' flag is provided.
frontend/src/shared/ui/bottom-nav.tsx(35,13): error TS17004: Cannot use JSX unless the '--jsx' flag is provided.
frontend/src/shared/ui/bottom-nav.tsx(45,15): error TS17004: Cannot use JSX unless the '--jsx' flag is provided.
frontend/src/shared/ui/bottom-nav.tsx(46,15): error TS17004: Cannot use JSX unless the '--jsx' flag is provided.
frontend/src/shared/ui/button.tsx(5,20): error TS2307: Cannot find module '@/shared/lib/utils' or its corresponding type declarations.
frontend/src/shared/ui/button.tsx(46,7): error TS17004: Cannot use JSX unless the '--jsx' flag is provided.
frontend/src/shared/ui/calendar.tsx(7,20): error TS2307: Cannot find module '@/shared/lib/utils' or its corresponding type declarations.
frontend/src/shared/ui/calendar.tsx(8,32): error TS2307: Cannot find module '@/shared/ui/button' or its corresponding type declarations.
frontend/src/shared/ui/calendar.tsx(19,5): error TS17004: Cannot use JSX unless the '--jsx' flag is provided.
frontend/src/shared/ui/calendar.tsx(57,25): error TS17004: Cannot use JSX unless the '--jsx' flag is provided.
frontend/src/shared/ui/calendar.tsx(58,26): error TS17004: Cannot use JSX unless the '--jsx' flag is provided.
frontend/src/shared/ui/card.tsx(3,20): error TS2307: Cannot find module '@/shared/lib/utils' or its corresponding type declarations.
frontend/src/shared/ui/card.tsx(9,3): error TS17004: Cannot use JSX unless the '--jsx' flag is provided.
frontend/src/shared/ui/card.tsx(24,3): error TS17004: Cannot use JSX unless the '--jsx' flag is provided.
frontend/src/shared/ui/card.tsx(36,3): error TS17004: Cannot use JSX unless the '--jsx' flag is provided.
frontend/src/shared/ui/card.tsx(51,3): error TS17004: Cannot use JSX unless the '--jsx' flag is provided.
frontend/src/shared/ui/card.tsx(63,3): error TS17004: Cannot use JSX unless the '--jsx' flag is provided.
frontend/src/shared/ui/card.tsx(71,3): error TS17004: Cannot use JSX unless the '--jsx' flag is provided.
frontend/src/shared/ui/checkbox.tsx(7,20): error TS2307: Cannot find module '@/shared/lib/utils' or its corresponding type declarations.
frontend/src/shared/ui/checkbox.tsx(13,3): error TS17004: Cannot use JSX unless the '--jsx' flag is provided.
frontend/src/shared/ui/checkbox.tsx(21,5): error TS17004: Cannot use JSX unless the '--jsx' flag is provided.
frontend/src/shared/ui/checkbox.tsx(24,7): error TS17004: Cannot use JSX unless the '--jsx' flag is provided.
frontend/src/shared/ui/dialog.tsx(7,20): error TS2307: Cannot find module '@/shared/lib/utils' or its corresponding type declarations.
frontend/src/shared/ui/dialog.tsx(21,3): error TS17004: Cannot use JSX unless the '--jsx' flag is provided.
frontend/src/shared/ui/dialog.tsx(36,3): error TS17004: Cannot use JSX unless the '--jsx' flag is provided.
frontend/src/shared/ui/dialog.tsx(37,5): error TS17004: Cannot use JSX unless the '--jsx' flag is provided.
frontend/src/shared/ui/dialog.tsx(38,5): error TS17004: Cannot use JSX unless the '--jsx' flag is provided.
frontend/src/shared/ui/dialog.tsx(47,7): error TS17004: Cannot use JSX unless the '--jsx' flag is provided.
frontend/src/shared/ui/dialog.tsx(48,9): error TS17004: Cannot use JSX unless the '--jsx' flag is provided.
frontend/src/shared/ui/dialog.tsx(49,9): error TS17004: Cannot use JSX unless the '--jsx' flag is provided.
frontend/src/shared/ui/dialog.tsx(60,3): error TS17004: Cannot use JSX unless the '--jsx' flag is provided.
frontend/src/shared/ui/dialog.tsx(74,3): error TS17004: Cannot use JSX unless the '--jsx' flag is provided.
frontend/src/shared/ui/dialog.tsx(88,3): error TS17004: Cannot use JSX unless the '--jsx' flag is provided.
frontend/src/shared/ui/dialog.tsx(103,3): error TS17004: Cannot use JSX unless the '--jsx' flag is provided.
frontend/src/shared/ui/dropdown-menu.tsx(7,20): error TS2307: Cannot find module '@/shared/lib/utils' or its corresponding type declarations.
frontend/src/shared/ui/dropdown-menu.tsx(27,3): error TS17004: Cannot use JSX unless the '--jsx' flag is provided.
frontend/src/shared/ui/dropdown-menu.tsx(37,5): error TS17004: Cannot use JSX unless the '--jsx' flag is provided.
frontend/src/shared/ui/dropdown-menu.tsx(47,3): error TS17004: Cannot use JSX unless the '--jsx' flag is provided.
frontend/src/shared/ui/dropdown-menu.tsx(63,3): error TS17004: Cannot use JSX unless the '--jsx' flag is provided.
frontend/src/shared/ui/dropdown-menu.tsx(64,5): error TS17004: Cannot use JSX unless the '--jsx' flag is provided.
frontend/src/shared/ui/dropdown-menu.tsx(83,3): error TS17004: Cannot use JSX unless the '--jsx' flag is provided.
frontend/src/shared/ui/dropdown-menu.tsx(99,3): error TS17004: Cannot use JSX unless the '--jsx' flag is provided.
frontend/src/shared/ui/dropdown-menu.tsx(108,5): error TS17004: Cannot use JSX unless the '--jsx' flag is provided.
frontend/src/shared/ui/dropdown-menu.tsx(109,7): error TS17004: Cannot use JSX unless the '--jsx' flag is provided.
frontend/src/shared/ui/dropdown-menu.tsx(110,9): error TS17004: Cannot use JSX unless the '--jsx' flag is provided.
frontend/src/shared/ui/dropdown-menu.tsx(123,3): error TS17004: Cannot use JSX unless the '--jsx' flag is provided.
frontend/src/shared/ui/dropdown-menu.tsx(131,5): error TS17004: Cannot use JSX unless the '--jsx' flag is provided.
frontend/src/shared/ui/dropdown-menu.tsx(132,7): error TS17004: Cannot use JSX unless the '--jsx' flag is provided.
frontend/src/shared/ui/dropdown-menu.tsx(133,9): error TS17004: Cannot use JSX unless the '--jsx' flag is provided.
frontend/src/shared/ui/dropdown-menu.tsx(147,3): error TS17004: Cannot use JSX unless the '--jsx' flag is provided.
frontend/src/shared/ui/dropdown-menu.tsx(163,3): error TS17004: Cannot use JSX unless the '--jsx' flag is provided.
frontend/src/shared/ui/dropdown-menu.tsx(176,5): error TS17004: Cannot use JSX unless the '--jsx' flag is provided.
frontend/src/shared/ui/dynamic-icon.tsx(17,10): error TS17004: Cannot use JSX unless the '--jsx' flag is provided.
frontend/src/shared/ui/form.tsx(13,20): error TS2307: Cannot find module '@/shared/lib/utils' or its corresponding type declarations.
frontend/src/shared/ui/form.tsx(14,23): error TS2307: Cannot find module '@/shared/ui/label' or its corresponding type declarations.
frontend/src/shared/ui/form.tsx(36,5): error TS17004: Cannot use JSX unless the '--jsx' flag is provided.
frontend/src/shared/ui/form.tsx(37,7): error TS17004: Cannot use JSX unless the '--jsx' flag is provided.
frontend/src/shared/ui/form.tsx(80,5): error TS17004: Cannot use JSX unless the '--jsx' flag is provided.
frontend/src/shared/ui/form.tsx(81,7): error TS17004: Cannot use JSX unless the '--jsx' flag is provided.
frontend/src/shared/ui/form.tsx(94,5): error TS17004: Cannot use JSX unless the '--jsx' flag is provided.
frontend/src/shared/ui/form.tsx(112,5): error TS17004: Cannot use JSX unless the '--jsx' flag is provided.
frontend/src/shared/ui/form.tsx(134,5): error TS17004: Cannot use JSX unless the '--jsx' flag is provided.
frontend/src/shared/ui/form.tsx(156,5): error TS17004: Cannot use JSX unless the '--jsx' flag is provided.
frontend/src/shared/ui/icons.tsx(5,5): error TS17004: Cannot use JSX unless the '--jsx' flag is provided.
frontend/src/shared/ui/icons.tsx(15,7): error TS17004: Cannot use JSX unless the '--jsx' flag is provided.
frontend/src/shared/ui/icons.tsx(16,7): error TS17004: Cannot use JSX unless the '--jsx' flag is provided.
frontend/src/shared/ui/icons.tsx(17,7): error TS17004: Cannot use JSX unless the '--jsx' flag is provided.
frontend/src/shared/ui/icons.tsx(24,5): error TS17004: Cannot use JSX unless the '--jsx' flag is provided.
frontend/src/shared/ui/icons.tsx(32,7): error TS17004: Cannot use JSX unless the '--jsx' flag is provided.
frontend/src/shared/ui/icons.tsx(33,7): error TS17004: Cannot use JSX unless the '--jsx' flag is provided.
frontend/src/shared/ui/icons.tsx(43,5): error TS17004: Cannot use JSX unless the '--jsx' flag is provided.
frontend/src/shared/ui/icons.tsx(51,7): error TS17004: Cannot use JSX unless the '--jsx' flag is provided.
frontend/src/shared/ui/icons.tsx(52,7): error TS17004: Cannot use JSX unless the '--jsx' flag is provided.
frontend/src/shared/ui/icons.tsx(62,5): error TS17004: Cannot use JSX unless the '--jsx' flag is provided.
frontend/src/shared/ui/icons.tsx(70,7): error TS17004: Cannot use JSX unless the '--jsx' flag is provided.
frontend/src/shared/ui/icons.tsx(71,7): error TS17004: Cannot use JSX unless the '--jsx' flag is provided.
frontend/src/shared/ui/icons.tsx(81,5): error TS17004: Cannot use JSX unless the '--jsx' flag is provided.
frontend/src/shared/ui/icons.tsx(89,7): error TS17004: Cannot use JSX unless the '--jsx' flag is provided.
frontend/src/shared/ui/icons.tsx(90,7): error TS17004: Cannot use JSX unless the '--jsx' flag is provided.
frontend/src/shared/ui/icons.tsx(94,7): error TS17004: Cannot use JSX unless the '--jsx' flag is provided.
frontend/src/shared/ui/icons.tsx(98,7): error TS17004: Cannot use JSX unless the '--jsx' flag is provided.
frontend/src/shared/ui/icons.tsx(102,7): error TS17004: Cannot use JSX unless the '--jsx' flag is provided.
frontend/src/shared/ui/input.tsx(3,20): error TS2307: Cannot find module '@/shared/lib/utils' or its corresponding type declarations.
frontend/src/shared/ui/input.tsx(10,7): error TS17004: Cannot use JSX unless the '--jsx' flag is provided.
frontend/src/shared/ui/label.tsx(7,20): error TS2307: Cannot find module '@/shared/lib/utils' or its corresponding type declarations.
frontend/src/shared/ui/label.tsx(18,3): error TS17004: Cannot use JSX unless the '--jsx' flag is provided.
frontend/src/shared/ui/loader.tsx(4,20): error TS2307: Cannot find module '@/shared/lib/utils' or its corresponding type declarations.
frontend/src/shared/ui/loader.tsx(41,5): error TS17004: Cannot use JSX unless the '--jsx' flag is provided.
frontend/src/shared/ui/loader.tsx(48,7): error TS17004: Cannot use JSX unless the '--jsx' flag is provided.
frontend/src/shared/ui/loader.tsx(51,11): error TS17004: Cannot use JSX unless the '--jsx' flag is provided.
frontend/src/shared/ui/loader.tsx(68,9): error TS17004: Cannot use JSX unless the '--jsx' flag is provided.
frontend/src/shared/ui/popover.tsx(6,20): error TS2307: Cannot find module '@/shared/lib/utils' or its corresponding type declarations.
frontend/src/shared/ui/popover.tsx(16,3): error TS17004: Cannot use JSX unless the '--jsx' flag is provided.
frontend/src/shared/ui/popover.tsx(17,5): error TS17004: Cannot use JSX unless the '--jsx' flag is provided.
frontend/src/shared/ui/progress.tsx(6,20): error TS2307: Cannot find module '@/shared/lib/utils' or its corresponding type declarations.
frontend/src/shared/ui/progress.tsx(12,3): error TS17004: Cannot use JSX unless the '--jsx' flag is provided.
frontend/src/shared/ui/progress.tsx(20,5): error TS17004: Cannot use JSX unless the '--jsx' flag is provided.
frontend/src/shared/ui/radio-group.tsx(7,20): error TS2307: Cannot find module '@/shared/lib/utils' or its corresponding type declarations.
frontend/src/shared/ui/radio-group.tsx(14,5): error TS17004: Cannot use JSX unless the '--jsx' flag is provided.
frontend/src/shared/ui/radio-group.tsx(28,5): error TS17004: Cannot use JSX unless the '--jsx' flag is provided.
frontend/src/shared/ui/radio-group.tsx(36,7): error TS17004: Cannot use JSX unless the '--jsx' flag is provided.
frontend/src/shared/ui/radio-group.tsx(37,9): error TS17004: Cannot use JSX unless the '--jsx' flag is provided.
frontend/src/shared/ui/scroll-area.tsx(6,20): error TS2307: Cannot find module '@/shared/lib/utils' or its corresponding type declarations.
frontend/src/shared/ui/scroll-area.tsx(12,3): error TS17004: Cannot use JSX unless the '--jsx' flag is provided.
frontend/src/shared/ui/scroll-area.tsx(17,5): error TS17004: Cannot use JSX unless the '--jsx' flag is provided.
frontend/src/shared/ui/scroll-area.tsx(20,5): error TS17004: Cannot use JSX unless the '--jsx' flag is provided.
frontend/src/shared/ui/scroll-area.tsx(21,5): error TS17004: Cannot use JSX unless the '--jsx' flag is provided.
frontend/src/shared/ui/scroll-area.tsx(30,3): error TS17004: Cannot use JSX unless the '--jsx' flag is provided.
frontend/src/shared/ui/scroll-area.tsx(43,5): error TS17004: Cannot use JSX unless the '--jsx' flag is provided.
frontend/src/shared/ui/select.tsx(7,20): error TS2307: Cannot find module '@/shared/lib/utils' or its corresponding type declarations.
frontend/src/shared/ui/select.tsx(19,3): error TS17004: Cannot use JSX unless the '--jsx' flag is provided.
frontend/src/shared/ui/select.tsx(28,5): error TS17004: Cannot use JSX unless the '--jsx' flag is provided.
frontend/src/shared/ui/select.tsx(29,7): error TS17004: Cannot use JSX unless the '--jsx' flag is provided.
frontend/src/shared/ui/select.tsx(39,3): error TS17004: Cannot use JSX unless the '--jsx' flag is provided.
frontend/src/shared/ui/select.tsx(47,5): error TS17004: Cannot use JSX unless the '--jsx' flag is provided.
frontend/src/shared/ui/select.tsx(56,3): error TS17004: Cannot use JSX unless the '--jsx' flag is provided.
frontend/src/shared/ui/select.tsx(64,5): error TS17004: Cannot use JSX unless the '--jsx' flag is provided.
frontend/src/shared/ui/select.tsx(74,3): error TS17004: Cannot use JSX unless the '--jsx' flag is provided.
frontend/src/shared/ui/select.tsx(75,5): error TS17004: Cannot use JSX unless the '--jsx' flag is provided.
frontend/src/shared/ui/select.tsx(86,7): error TS17004: Cannot use JSX unless the '--jsx' flag is provided.
frontend/src/shared/ui/select.tsx(87,7): error TS17004: Cannot use JSX unless the '--jsx' flag is provided.
frontend/src/shared/ui/select.tsx(96,7): error TS17004: Cannot use JSX unless the '--jsx' flag is provided.
frontend/src/shared/ui/select.tsx(106,3): error TS17004: Cannot use JSX unless the '--jsx' flag is provided.
frontend/src/shared/ui/select.tsx(118,3): error TS17004: Cannot use JSX unless the '--jsx' flag is provided.
frontend/src/shared/ui/select.tsx(126,5): error TS17004: Cannot use JSX unless the '--jsx' flag is provided.
frontend/src/shared/ui/select.tsx(127,7): error TS17004: Cannot use JSX unless the '--jsx' flag is provided.
frontend/src/shared/ui/select.tsx(128,9): error TS17004: Cannot use JSX unless the '--jsx' flag is provided.
frontend/src/shared/ui/select.tsx(132,5): error TS17004: Cannot use JSX unless the '--jsx' flag is provided.
frontend/src/shared/ui/select.tsx(141,3): error TS17004: Cannot use JSX unless the '--jsx' flag is provided.
frontend/src/shared/ui/separator.tsx(6,20): error TS2307: Cannot find module '@/shared/lib/utils' or its corresponding type declarations.
frontend/src/shared/ui/separator.tsx(16,5): error TS17004: Cannot use JSX unless the '--jsx' flag is provided.
frontend/src/shared/ui/sidebar.tsx(18,8): error TS2307: Cannot find module '@/shared/ui/tooltip' or its corresponding type declarations.
frontend/src/shared/ui/sidebar.tsx(19,20): error TS2307: Cannot find module '@/shared/lib/utils' or its corresponding type declarations.
frontend/src/shared/ui/sidebar.tsx(21,24): error TS2307: Cannot find module '@/shared/ui/button' or its corresponding type declarations.
frontend/src/shared/ui/sidebar.tsx(61,5): error TS17004: Cannot use JSX unless the '--jsx' flag is provided.
frontend/src/shared/ui/sidebar.tsx(73,5): error TS17004: Cannot use JSX unless the '--jsx' flag is provided.
frontend/src/shared/ui/sidebar.tsx(80,7): error TS17004: Cannot use JSX unless the '--jsx' flag is provided.
frontend/src/shared/ui/sidebar.tsx(91,5): error TS17004: Cannot use JSX unless the '--jsx' flag is provided.
frontend/src/shared/ui/sidebar.tsx(108,5): error TS17004: Cannot use JSX unless the '--jsx' flag is provided.
frontend/src/shared/ui/sidebar.tsx(124,5): error TS17004: Cannot use JSX unless the '--jsx' flag is provided.
frontend/src/shared/ui/sidebar.tsx(131,7): error TS17004: Cannot use JSX unless the '--jsx' flag is provided.
frontend/src/shared/ui/sidebar.tsx(147,5): error TS17004: Cannot use JSX unless the '--jsx' flag is provided.
frontend/src/shared/ui/sidebar.tsx(157,9): error TS17004: Cannot use JSX unless the '--jsx' flag is provided.
frontend/src/shared/ui/sidebar.tsx(158,11): error TS17004: Cannot use JSX unless the '--jsx' flag is provided.
frontend/src/shared/ui/sidebar.tsx(159,13): error TS17004: Cannot use JSX unless the '--jsx' flag is provided.
frontend/src/shared/ui/sidebar.tsx(160,13): error TS17004: Cannot use JSX unless the '--jsx' flag is provided.
frontend/src/shared/ui/sidebar.tsx(172,10): error TS17004: Cannot use JSX unless the '--jsx' flag is provided.
frontend/src/shared/ui/sidebar.tsx(179,10): error TS17004: Cannot use JSX unless the '--jsx' flag is provided.
frontend/src/shared/ui/sidebar.tsx(186,10): error TS17004: Cannot use JSX unless the '--jsx' flag is provided.
frontend/src/shared/ui/sidebar.tsx(196,10): error TS17004: Cannot use JSX unless the '--jsx' flag is provided.
frontend/src/shared/ui/sidebar.tsx(238,7): error TS17004: Cannot use JSX unless the '--jsx' flag is provided.
frontend/src/shared/ui/sidebar.tsx(239,9): error TS17004: Cannot use JSX unless the '--jsx' flag is provided.
frontend/src/shared/ui/sidebar.tsx(240,11): error TS17004: Cannot use JSX unless the '--jsx' flag is provided.
frontend/src/shared/ui/sidebar.tsx(241,13): error TS17004: Cannot use JSX unless the '--jsx' flag is provided.
frontend/src/shared/ui/sidebar.tsx(254,13): error TS17004: Cannot use JSX unless the '--jsx' flag is provided.
frontend/src/shared/ui/sidebar.tsx(294,5): error TS17004: Cannot use JSX unless the '--jsx' flag is provided.
frontend/src/shared/ui/sidebar.tsx(311,10): error TS17004: Cannot use JSX unless the '--jsx' flag is provided.
frontend/src/shared/ui/skeleton.tsx(1,20): error TS2307: Cannot find module '@/shared/lib/utils' or its corresponding type declarations.
frontend/src/shared/ui/skeleton.tsx(7,10): error TS17004: Cannot use JSX unless the '--jsx' flag is provided.
frontend/src/shared/ui/slider.tsx(6,20): error TS2307: Cannot find module '@/shared/lib/utils' or its corresponding type declarations.
frontend/src/shared/ui/slider.tsx(12,3): error TS17004: Cannot use JSX unless the '--jsx' flag is provided.
frontend/src/shared/ui/slider.tsx(20,5): error TS17004: Cannot use JSX unless the '--jsx' flag is provided.
frontend/src/shared/ui/slider.tsx(21,7): error TS17004: Cannot use JSX unless the '--jsx' flag is provided.
frontend/src/shared/ui/slider.tsx(23,5): error TS17004: Cannot use JSX unless the '--jsx' flag is provided.
frontend/src/shared/ui/switch.tsx(6,20): error TS2307: Cannot find module '@/shared/lib/utils' or its corresponding type declarations.
frontend/src/shared/ui/switch.tsx(12,3): error TS17004: Cannot use JSX unless the '--jsx' flag is provided.
frontend/src/shared/ui/switch.tsx(20,5): error TS17004: Cannot use JSX unless the '--jsx' flag is provided.
frontend/src/shared/ui/table.tsx(3,20): error TS2307: Cannot find module '@/shared/lib/utils' or its corresponding type declarations.
frontend/src/shared/ui/table.tsx(9,3): error TS17004: Cannot use JSX unless the '--jsx' flag is provided.
frontend/src/shared/ui/table.tsx(10,5): error TS17004: Cannot use JSX unless the '--jsx' flag is provided.
frontend/src/shared/ui/table.tsx(23,3): error TS17004: Cannot use JSX unless the '--jsx' flag is provided.
frontend/src/shared/ui/table.tsx(31,3): error TS17004: Cannot use JSX unless the '--jsx' flag is provided.
frontend/src/shared/ui/table.tsx(43,3): error TS17004: Cannot use JSX unless the '--jsx' flag is provided.
frontend/src/shared/ui/table.tsx(58,3): error TS17004: Cannot use JSX unless the '--jsx' flag is provided.
frontend/src/shared/ui/table.tsx(73,3): error TS17004: Cannot use JSX unless the '--jsx' flag is provided.
frontend/src/shared/ui/table.tsx(88,3): error TS17004: Cannot use JSX unless the '--jsx' flag is provided.
frontend/src/shared/ui/table.tsx(100,3): error TS17004: Cannot use JSX unless the '--jsx' flag is provided.
frontend/src/shared/ui/tabs.tsx(6,20): error TS2307: Cannot find module '@/shared/lib/utils' or its corresponding type declarations.
frontend/src/shared/ui/tabs.tsx(14,3): error TS17004: Cannot use JSX unless the '--jsx' flag is provided.
frontend/src/shared/ui/tabs.tsx(29,3): error TS17004: Cannot use JSX unless the '--jsx' flag is provided.
frontend/src/shared/ui/tabs.tsx(44,3): error TS17004: Cannot use JSX unless the '--jsx' flag is provided.
frontend/src/shared/ui/textarea.tsx(3,20): error TS2307: Cannot find module '@/shared/lib/utils' or its corresponding type declarations.
frontend/src/shared/ui/textarea.tsx(10,7): error TS17004: Cannot use JSX unless the '--jsx' flag is provided.
frontend/src/shared/ui/theme-customizer.tsx(4,32): error TS2307: Cannot find module '@/shared/context/accent-theme-provider' or its corresponding type declarations.
frontend/src/shared/ui/theme-customizer.tsx(5,24): error TS2307: Cannot find module '@/shared/ui/button' or its corresponding type declarations.
frontend/src/shared/ui/theme-customizer.tsx(6,57): error TS2307: Cannot find module '@/shared/ui/popover' or its corresponding type declarations.
frontend/src/shared/ui/theme-customizer.tsx(23,5): error TS17004: Cannot use JSX unless the '--jsx' flag is provided.
frontend/src/shared/ui/theme-customizer.tsx(24,7): error TS17004: Cannot use JSX unless the '--jsx' flag is provided.
frontend/src/shared/ui/theme-customizer.tsx(25,9): error TS17004: Cannot use JSX unless the '--jsx' flag is provided.
frontend/src/shared/ui/theme-customizer.tsx(26,11): error TS17004: Cannot use JSX unless the '--jsx' flag is provided.
frontend/src/shared/ui/theme-customizer.tsx(27,11): error TS17004: Cannot use JSX unless the '--jsx' flag is provided.
frontend/src/shared/ui/theme-customizer.tsx(30,7): error TS17004: Cannot use JSX unless the '--jsx' flag is provided.
frontend/src/shared/ui/theme-customizer.tsx(31,9): error TS17004: Cannot use JSX unless the '--jsx' flag is provided.
frontend/src/shared/ui/theme-customizer.tsx(34,9): error TS17004: Cannot use JSX unless the '--jsx' flag is provided.
frontend/src/shared/ui/theme-customizer.tsx(36,13): error TS17004: Cannot use JSX unless the '--jsx' flag is provided.
frontend/src/shared/ui/theme-customizer.tsx(45,17): error TS17004: Cannot use JSX unless the '--jsx' flag is provided.
frontend/src/shared/ui/theme-customizer.tsx(47,15): error TS17004: Cannot use JSX unless the '--jsx' flag is provided.
frontend/src/shared/ui/theme-toggle.tsx(7,24): error TS2307: Cannot find module '@/shared/ui/button' or its corresponding type declarations.
frontend/src/shared/ui/theme-toggle.tsx(13,8): error TS2307: Cannot find module '@/shared/ui/dropdown-menu' or its corresponding type declarations.
frontend/src/shared/ui/theme-toggle.tsx(19,5): error TS17004: Cannot use JSX unless the '--jsx' flag is provided.
frontend/src/shared/ui/theme-toggle.tsx(20,7): error TS17004: Cannot use JSX unless the '--jsx' flag is provided.
frontend/src/shared/ui/theme-toggle.tsx(21,9): error TS17004: Cannot use JSX unless the '--jsx' flag is provided.
frontend/src/shared/ui/theme-toggle.tsx(22,11): error TS17004: Cannot use JSX unless the '--jsx' flag is provided.
frontend/src/shared/ui/theme-toggle.tsx(23,11): error TS17004: Cannot use JSX unless the '--jsx' flag is provided.
frontend/src/shared/ui/theme-toggle.tsx(24,11): error TS17004: Cannot use JSX unless the '--jsx' flag is provided.
frontend/src/shared/ui/theme-toggle.tsx(27,7): error TS17004: Cannot use JSX unless the '--jsx' flag is provided.
frontend/src/shared/ui/theme-toggle.tsx(28,9): error TS17004: Cannot use JSX unless the '--jsx' flag is provided.
frontend/src/shared/ui/theme-toggle.tsx(31,9): error TS17004: Cannot use JSX unless the '--jsx' flag is provided.
frontend/src/shared/ui/theme-toggle.tsx(34,9): error TS17004: Cannot use JSX unless the '--jsx' flag is provided.
frontend/src/shared/ui/toast.tsx(8,20): error TS2307: Cannot find module '@/shared/lib/utils' or its corresponding type declarations.
frontend/src/shared/ui/toast.tsx(16,3): error TS17004: Cannot use JSX unless the '--jsx' flag is provided.
frontend/src/shared/ui/toast.tsx(49,5): error TS17004: Cannot use JSX unless the '--jsx' flag is provided.
frontend/src/shared/ui/toast.tsx(62,3): error TS17004: Cannot use JSX unless the '--jsx' flag is provided.
frontend/src/shared/ui/toast.tsx(77,3): error TS17004: Cannot use JSX unless the '--jsx' flag is provided.
frontend/src/shared/ui/toast.tsx(86,5): error TS17004: Cannot use JSX unless the '--jsx' flag is provided.
frontend/src/shared/ui/toast.tsx(95,3): error TS17004: Cannot use JSX unless the '--jsx' flag is provided.
frontend/src/shared/ui/toast.tsx(107,3): error TS17004: Cannot use JSX unless the '--jsx' flag is provided.
frontend/src/shared/ui/toaster.tsx(10,8): error TS2307: Cannot find module '@/shared/ui/toast' or its corresponding type declarations.
frontend/src/shared/ui/toaster.tsx(11,26): error TS2307: Cannot find module '@/shared/hooks/use-toast' or its corresponding type declarations.
frontend/src/shared/ui/toaster.tsx(17,5): error TS17004: Cannot use JSX unless the '--jsx' flag is provided.
frontend/src/shared/ui/toaster.tsx(20,11): error TS17004: Cannot use JSX unless the '--jsx' flag is provided.
frontend/src/shared/ui/toaster.tsx(21,13): error TS17004: Cannot use JSX unless the '--jsx' flag is provided.
frontend/src/shared/ui/toaster.tsx(22,25): error TS17004: Cannot use JSX unless the '--jsx' flag is provided.
frontend/src/shared/ui/toaster.tsx(24,17): error TS17004: Cannot use JSX unless the '--jsx' flag is provided.
frontend/src/shared/ui/toaster.tsx(28,13): error TS17004: Cannot use JSX unless the '--jsx' flag is provided.
frontend/src/shared/ui/toaster.tsx(32,7): error TS17004: Cannot use JSX unless the '--jsx' flag is provided.
frontend/src/shared/ui/tooltip.tsx(6,20): error TS2307: Cannot find module '@/shared/lib/utils' or its corresponding type declarations.
frontend/src/shared/ui/tooltip.tsx(18,3): error TS17004: Cannot use JSX unless the '--jsx' flag is provided.
frontend/src/views/admin-dashboard/index.tsx(1,32): error TS2307: Cannot find module '@/widgets/admin-dashboard' or its corresponding type declarations.
frontend/src/views/admin-dashboard/index.tsx(4,10): error TS17004: Cannot use JSX unless the '--jsx' flag is provided.
frontend/src/views/admin-profile-demo/index.tsx(1,33): error TS2307: Cannot find module '@/app/(app)/administration/administrator/client' or its corresponding type declarations.
frontend/src/views/admin-profile-demo/index.tsx(2,34): error TS2307: Cannot find module '@/entities/user/api/get-user' or its corresponding type declarations.
frontend/src/views/admin-profile-demo/index.tsx(3,40): error TS2307: Cannot find module '@/entities/achievement/api/achievements' or its corresponding type declarations.
frontend/src/views/admin-profile-demo/index.tsx(19,5): error TS17004: Cannot use JSX unless the '--jsx' flag is provided.
frontend/src/views/admin-profile/index.tsx(1,58): error TS2307: Cannot find module '@/views/admin-profile-demo' or its corresponding type declarations.
frontend/src/views/admin-profile/index.tsx(4,10): error TS17004: Cannot use JSX unless the '--jsx' flag is provided.
frontend/src/views/ai-analysis/index.tsx(4,24): error TS2307: Cannot find module '@/shared/ui/button' or its corresponding type declarations.
frontend/src/views/ai-analysis/index.tsx(11,8): error TS2307: Cannot find module '@/shared/ui/card' or its corresponding type declarations.
frontend/src/views/ai-analysis/index.tsx(12,26): error TS2307: Cannot find module '@/shared/ui/textarea' or its corresponding type declarations.
frontend/src/views/ai-analysis/index.tsx(13,23): error TS2307: Cannot find module '@/shared/ui/input' or its corresponding type declarations.
frontend/src/views/ai-analysis/index.tsx(14,23): error TS2307: Cannot find module '@/shared/ui/label' or its corresponding type declarations.
frontend/src/views/ai-analysis/index.tsx(28,53): error TS2307: Cannot find module '@/shared/ui/alert' or its corresponding type declarations.
frontend/src/views/ai-analysis/index.tsx(35,8): error TS2307: Cannot find module '@/shared/ui/select' or its corresponding type declarations.
frontend/src/views/ai-analysis/index.tsx(36,26): error TS2307: Cannot find module '@/shared/ui/skeleton' or its corresponding type declarations.
frontend/src/views/ai-analysis/index.tsx(37,23): error TS2307: Cannot find module '@/shared/ui/badge' or its corresponding type declarations.
frontend/src/views/ai-analysis/index.tsx(38,58): error TS2307: Cannot find module '@/shared/ui/tabs' or its corresponding type declarations.
frontend/src/views/ai-analysis/index.tsx(42,8): error TS2307: Cannot find module '@/shared/api/genkit/flows/analyze-content-generation' or its corresponding type declarations.
frontend/src/views/ai-analysis/index.tsx(46,8): error TS2307: Cannot find module '@/shared/api/genkit/flows/generate-content-flow' or its corresponding type declarations.
frontend/src/views/ai-analysis/index.tsx(50,8): error TS2307: Cannot find module '@/shared/api/genkit/flows/tts-flow' or its corresponding type declarations.
frontend/src/views/ai-analysis/index.tsx(54,8): error TS2307: Cannot find module '@/shared/api/genkit/flows/dialogue-generation-flow' or its corresponding type declarations.
frontend/src/views/ai-analysis/index.tsx(58,8): error TS2307: Cannot find module '@/shared/api/genkit/flows/multi-speaker-tts-flow' or its corresponding type declarations.
frontend/src/views/ai-analysis/index.tsx(62,8): error TS2307: Cannot find module '@/shared/api/genkit/flows/analyze-esports-performance-flow' or its corresponding type declarations.
frontend/src/views/ai-analysis/index.tsx(66,8): error TS2307: Cannot find module '@/shared/api/genkit/flows/analyze-team-performance-flow' or its corresponding type declarations.
frontend/src/views/ai-analysis/index.tsx(70,8): error TS2307: Cannot find module '@/shared/api/genkit/flows/analyze-dispute-flow' or its corresponding type declarations.
frontend/src/views/ai-analysis/index.tsx(71,20): error TS2307: Cannot find module '@/shared/lib/utils' or its corresponding type declarations.
frontend/src/views/ai-analysis/index.tsx(142,11): error TS17004: Cannot use JSX unless the '--jsx' flag is provided.
frontend/src/views/ai-analysis/index.tsx(147,16): error TS17004: Cannot use JSX unless the '--jsx' flag is provided.
frontend/src/views/ai-analysis/index.tsx(149,16): error TS17004: Cannot use JSX unless the '--jsx' flag is provided.
frontend/src/views/ai-analysis/index.tsx(151,16): error TS17004: Cannot use JSX unless the '--jsx' flag is provided.
frontend/src/views/ai-analysis/index.tsx(156,5): error TS17004: Cannot use JSX unless the '--jsx' flag is provided.
frontend/src/views/ai-analysis/index.tsx(157,7): error TS17004: Cannot use JSX unless the '--jsx' flag is provided.
frontend/src/views/ai-analysis/index.tsx(158,9): error TS17004: Cannot use JSX unless the '--jsx' flag is provided.
frontend/src/views/ai-analysis/index.tsx(159,11): error TS17004: Cannot use JSX unless the '--jsx' flag is provided.
frontend/src/views/ai-analysis/index.tsx(160,13): error TS17004: Cannot use JSX unless the '--jsx' flag is provided.
frontend/src/views/ai-analysis/index.tsx(162,11): error TS17004: Cannot use JSX unless the '--jsx' flag is provided.
frontend/src/views/ai-analysis/index.tsx(167,9): error TS17004: Cannot use JSX unless the '--jsx' flag is provided.
frontend/src/views/ai-analysis/index.tsx(168,11): error TS17004: Cannot use JSX unless the '--jsx' flag is provided.
frontend/src/views/ai-analysis/index.tsx(175,11): error TS17004: Cannot use JSX unless the '--jsx' flag is provided.
frontend/src/views/ai-analysis/index.tsx(180,13): error TS17004: Cannot use JSX unless the '--jsx' flag is provided.
frontend/src/views/ai-analysis/index.tsx(181,15): error TS17004: Cannot use JSX unless the '--jsx' flag is provided.
frontend/src/views/ai-analysis/index.tsx(183,13): error TS17004: Cannot use JSX unless the '--jsx' flag is provided.
frontend/src/views/ai-analysis/index.tsx(184,15): error TS17004: Cannot use JSX unless the '--jsx' flag is provided.
frontend/src/views/ai-analysis/index.tsx(185,15): error TS17004: Cannot use JSX unless the '--jsx' flag is provided.
frontend/src/views/ai-analysis/index.tsx(186,15): error TS17004: Cannot use JSX unless the '--jsx' flag is provided.
frontend/src/views/ai-analysis/index.tsx(189,11): error TS17004: Cannot use JSX unless the '--jsx' flag is provided.
frontend/src/views/ai-analysis/index.tsx(195,15): error TS17004: Cannot use JSX unless the '--jsx' flag is provided.
frontend/src/views/ai-analysis/index.tsx(197,15): error TS17004: Cannot use JSX unless the '--jsx' flag is provided.
frontend/src/views/ai-analysis/index.tsx(203,13): error TS17004: Cannot use JSX unless the '--jsx' flag is provided.
frontend/src/views/ai-analysis/index.tsx(204,15): error TS17004: Cannot use JSX unless the '--jsx' flag is provided.
frontend/src/views/ai-analysis/index.tsx(205,15): error TS17004: Cannot use JSX unless the '--jsx' flag is provided.
frontend/src/views/ai-analysis/index.tsx(209,27): error TS17004: Cannot use JSX unless the '--jsx' flag is provided.
frontend/src/views/ai-analysis/index.tsx(212,13): error TS17004: Cannot use JSX unless the '--jsx' flag is provided.
frontend/src/views/ai-analysis/index.tsx(213,15): error TS17004: Cannot use JSX unless the '--jsx' flag is provided.
frontend/src/views/ai-analysis/index.tsx(214,17): error TS17004: Cannot use JSX unless the '--jsx' flag is provided.
frontend/src/views/ai-analysis/index.tsx(217,15): error TS17004: Cannot use JSX unless the '--jsx' flag is provided.
frontend/src/views/ai-analysis/index.tsx(218,17): error TS17004: Cannot use JSX unless the '--jsx' flag is provided.
frontend/src/views/ai-analysis/index.tsx(219,17): error TS17004: Cannot use JSX unless the '--jsx' flag is provided.
frontend/src/views/ai-analysis/index.tsx(221,21): error TS17004: Cannot use JSX unless the '--jsx' flag is provided.
frontend/src/views/ai-analysis/index.tsx(227,15): error TS17004: Cannot use JSX unless the '--jsx' flag is provided.
frontend/src/views/ai-analysis/index.tsx(228,17): error TS17004: Cannot use JSX unless the '--jsx' flag is provided.
frontend/src/views/ai-analysis/index.tsx(229,17): error TS17004: Cannot use JSX unless the '--jsx' flag is provided.
frontend/src/views/ai-analysis/index.tsx(238,7): error TS17004: Cannot use JSX unless the '--jsx' flag is provided.
frontend/src/views/ai-analysis/index.tsx(239,9): error TS17004: Cannot use JSX unless the '--jsx' flag is provided.
frontend/src/views/ai-analysis/index.tsx(240,11): error TS17004: Cannot use JSX unless the '--jsx' flag is provided.
frontend/src/views/ai-analysis/index.tsx(241,13): error TS17004: Cannot use JSX unless the '--jsx' flag is provided.
frontend/src/views/ai-analysis/index.tsx(243,11): error TS17004: Cannot use JSX unless the '--jsx' flag is provided.
frontend/src/views/ai-analysis/index.tsx(247,9): error TS17004: Cannot use JSX unless the '--jsx' flag is provided.
frontend/src/views/ai-analysis/index.tsx(248,11): error TS17004: Cannot use JSX unless the '--jsx' flag is provided.
frontend/src/views/ai-analysis/index.tsx(255,11): error TS17004: Cannot use JSX unless the '--jsx' flag is provided.
frontend/src/views/ai-analysis/index.tsx(256,13): error TS17004: Cannot use JSX unless the '--jsx' flag is provided.
frontend/src/views/ai-analysis/index.tsx(261,15): error TS17004: Cannot use JSX unless the '--jsx' flag is provided.
frontend/src/views/ai-analysis/index.tsx(262,17): error TS17004: Cannot use JSX unless the '--jsx' flag is provided.
frontend/src/views/ai-analysis/index.tsx(264,15): error TS17004: Cannot use JSX unless the '--jsx' flag is provided.
frontend/src/views/ai-analysis/index.tsx(265,17): error TS17004: Cannot use JSX unless the '--jsx' flag is provided.
frontend/src/views/ai-analysis/index.tsx(266,17): error TS17004: Cannot use JSX unless the '--jsx' flag is provided.
frontend/src/views/ai-analysis/index.tsx(267,17): error TS17004: Cannot use JSX unless the '--jsx' flag is provided.
frontend/src/views/ai-analysis/index.tsx(270,13): error TS17004: Cannot use JSX unless the '--jsx' flag is provided.
frontend/src/views/ai-analysis/index.tsx(275,15): error TS17004: Cannot use JSX unless the '--jsx' flag is provided.
frontend/src/views/ai-analysis/index.tsx(276,17): error TS17004: Cannot use JSX unless the '--jsx' flag is provided.
frontend/src/views/ai-analysis/index.tsx(278,15): error TS17004: Cannot use JSX unless the '--jsx' flag is provided.
frontend/src/views/ai-analysis/index.tsx(279,17): error TS17004: Cannot use JSX unless the '--jsx' flag is provided.
frontend/src/views/ai-analysis/index.tsx(280,17): error TS17004: Cannot use JSX unless the '--jsx' flag is provided.
frontend/src/views/ai-analysis/index.tsx(283,17): error TS17004: Cannot use JSX unless the '--jsx' flag is provided.
frontend/src/views/ai-analysis/index.tsx(284,17): error TS17004: Cannot use JSX unless the '--jsx' flag is provided.
frontend/src/views/ai-analysis/index.tsx(288,11): error TS17004: Cannot use JSX unless the '--jsx' flag is provided.
frontend/src/views/ai-analysis/index.tsx(294,15): error TS17004: Cannot use JSX unless the '--jsx' flag is provided.
frontend/src/views/ai-analysis/index.tsx(296,15): error TS17004: Cannot use JSX unless the '--jsx' flag is provided.
frontend/src/views/ai-analysis/index.tsx(302,13): error TS17004: Cannot use JSX unless the '--jsx' flag is provided.
frontend/src/views/ai-analysis/index.tsx(303,15): error TS17004: Cannot use JSX unless the '--jsx' flag is provided.
frontend/src/views/ai-analysis/index.tsx(304,15): error TS17004: Cannot use JSX unless the '--jsx' flag is provided.
frontend/src/views/ai-analysis/index.tsx(308,28): error TS17004: Cannot use JSX unless the '--jsx' flag is provided.
frontend/src/views/ai-analysis/index.tsx(311,13): error TS17004: Cannot use JSX unless the '--jsx' flag is provided.
frontend/src/views/ai-analysis/index.tsx(312,15): error TS17004: Cannot use JSX unless the '--jsx' flag is provided.
frontend/src/views/ai-analysis/index.tsx(313,15): error TS17004: Cannot use JSX unless the '--jsx' flag is provided.
frontend/src/views/ai-analysis/index.tsx(403,5): error TS17004: Cannot use JSX unless the '--jsx' flag is provided.
frontend/src/views/ai-analysis/index.tsx(404,7): error TS17004: Cannot use JSX unless the '--jsx' flag is provided.
frontend/src/views/ai-analysis/index.tsx(405,9): error TS17004: Cannot use JSX unless the '--jsx' flag is provided.
frontend/src/views/ai-analysis/index.tsx(406,11): error TS17004: Cannot use JSX unless the '--jsx' flag is provided.
frontend/src/views/ai-analysis/index.tsx(407,13): error TS17004: Cannot use JSX unless the '--jsx' flag is provided.
frontend/src/views/ai-analysis/index.tsx(409,11): error TS17004: Cannot use JSX unless the '--jsx' flag is provided.
frontend/src/views/ai-analysis/index.tsx(413,9): error TS17004: Cannot use JSX unless the '--jsx' flag is provided.
frontend/src/views/ai-analysis/index.tsx(414,11): error TS17004: Cannot use JSX unless the '--jsx' flag is provided.
frontend/src/views/ai-analysis/index.tsx(421,11): error TS17004: Cannot use JSX unless the '--jsx' flag is provided.
frontend/src/views/ai-analysis/index.tsx(427,15): error TS17004: Cannot use JSX unless the '--jsx' flag is provided.
frontend/src/views/ai-analysis/index.tsx(429,15): error TS17004: Cannot use JSX unless the '--jsx' flag is provided.
frontend/src/views/ai-analysis/index.tsx(433,31): error TS17004: Cannot use JSX unless the '--jsx' flag is provided.
frontend/src/views/ai-analysis/index.tsx(435,13): error TS17004: Cannot use JSX unless the '--jsx' flag is provided.
frontend/src/views/ai-analysis/index.tsx(436,15): error TS17004: Cannot use JSX unless the '--jsx' flag is provided.
frontend/src/views/ai-analysis/index.tsx(437,15): error TS17004: Cannot use JSX unless the '--jsx' flag is provided.
frontend/src/views/ai-analysis/index.tsx(441,13): error TS17004: Cannot use JSX unless the '--jsx' flag is provided.
frontend/src/views/ai-analysis/index.tsx(450,7): error TS17004: Cannot use JSX unless the '--jsx' flag is provided.
frontend/src/views/ai-analysis/index.tsx(451,9): error TS17004: Cannot use JSX unless the '--jsx' flag is provided.
frontend/src/views/ai-analysis/index.tsx(452,11): error TS17004: Cannot use JSX unless the '--jsx' flag is provided.
frontend/src/views/ai-analysis/index.tsx(453,13): error TS17004: Cannot use JSX unless the '--jsx' flag is provided.
frontend/src/views/ai-analysis/index.tsx(455,11): error TS17004: Cannot use JSX unless the '--jsx' flag is provided.
frontend/src/views/ai-analysis/index.tsx(459,9): error TS17004: Cannot use JSX unless the '--jsx' flag is provided.
frontend/src/views/ai-analysis/index.tsx(460,11): error TS17004: Cannot use JSX unless the '--jsx' flag is provided.
frontend/src/views/ai-analysis/index.tsx(461,13): error TS17004: Cannot use JSX unless the '--jsx' flag is provided.
frontend/src/views/ai-analysis/index.tsx(462,13): error TS17004: Cannot use JSX unless the '--jsx' flag is provided.
frontend/src/views/ai-analysis/index.tsx(463,15): error TS17004: Cannot use JSX unless the '--jsx' flag is provided.
frontend/src/views/ai-analysis/index.tsx(470,15): error TS17004: Cannot use JSX unless the '--jsx' flag is provided.
frontend/src/views/ai-analysis/index.tsx(475,19): error TS17004: Cannot use JSX unless the '--jsx' flag is provided.
frontend/src/views/ai-analysis/index.tsx(477,19): error TS17004: Cannot use JSX unless the '--jsx' flag is provided.
frontend/src/views/ai-analysis/index.tsx(484,36): error TS17004: Cannot use JSX unless the '--jsx' flag is provided.
frontend/src/views/ai-analysis/index.tsx(486,13): error TS17004: Cannot use JSX unless the '--jsx' flag is provided.
frontend/src/views/ai-analysis/index.tsx(487,15): error TS17004: Cannot use JSX unless the '--jsx' flag is provided.
frontend/src/views/ai-analysis/index.tsx(488,15): error TS17004: Cannot use JSX unless the '--jsx' flag is provided.
frontend/src/views/ai-analysis/index.tsx(493,13): error TS17004: Cannot use JSX unless the '--jsx' flag is provided.
frontend/src/views/ai-analysis/index.tsx(494,15): error TS17004: Cannot use JSX unless the '--jsx' flag is provided.
frontend/src/views/ai-analysis/index.tsx(499,15): error TS17004: Cannot use JSX unless the '--jsx' flag is provided.
frontend/src/views/ai-analysis/index.tsx(505,19): error TS17004: Cannot use JSX unless the '--jsx' flag is provided.
frontend/src/views/ai-analysis/index.tsx(507,19): error TS17004: Cannot use JSX unless the '--jsx' flag is provided.
frontend/src/views/ai-analysis/index.tsx(512,17): error TS17004: Cannot use JSX unless the '--jsx' flag is provided.
frontend/src/views/ai-analysis/index.tsx(515,17): error TS17004: Cannot use JSX unless the '--jsx' flag is provided.
frontend/src/views/ai-analysis/index.tsx(516,19): error TS17004: Cannot use JSX unless the '--jsx' flag is provided.
frontend/src/views/ai-analysis/index.tsx(517,19): error TS17004: Cannot use JSX unless the '--jsx' flag is provided.
frontend/src/views/ai-analysis/index.tsx(521,17): error TS17004: Cannot use JSX unless the '--jsx' flag is provided.
frontend/src/views/ai-analysis/index.tsx(661,5): error TS17004: Cannot use JSX unless the '--jsx' flag is provided.
frontend/src/views/ai-analysis/index.tsx(662,7): error TS17004: Cannot use JSX unless the '--jsx' flag is provided.
frontend/src/views/ai-analysis/index.tsx(663,9): error TS17004: Cannot use JSX unless the '--jsx' flag is provided.
frontend/src/views/ai-analysis/index.tsx(664,11): error TS17004: Cannot use JSX unless the '--jsx' flag is provided.
frontend/src/views/ai-analysis/index.tsx(665,13): error TS17004: Cannot use JSX unless the '--jsx' flag is provided.
frontend/src/views/ai-analysis/index.tsx(667,11): error TS17004: Cannot use JSX unless the '--jsx' flag is provided.
frontend/src/views/ai-analysis/index.tsx(671,9): error TS17004: Cannot use JSX unless the '--jsx' flag is provided.
frontend/src/views/ai-analysis/index.tsx(672,11): error TS17004: Cannot use JSX unless the '--jsx' flag is provided.
frontend/src/views/ai-analysis/index.tsx(678,15): error TS17004: Cannot use JSX unless the '--jsx' flag is provided.
frontend/src/views/ai-analysis/index.tsx(680,15): error TS17004: Cannot use JSX unless the '--jsx' flag is provided.
frontend/src/views/ai-analysis/index.tsx(684,33): error TS17004: Cannot use JSX unless the '--jsx' flag is provided.
frontend/src/views/ai-analysis/index.tsx(686,13): error TS17004: Cannot use JSX unless the '--jsx' flag is provided.
frontend/src/views/ai-analysis/index.tsx(687,15): error TS17004: Cannot use JSX unless the '--jsx' flag is provided.
frontend/src/views/ai-analysis/index.tsx(688,15): error TS17004: Cannot use JSX unless the '--jsx' flag is provided.
frontend/src/views/ai-analysis/index.tsx(692,13): error TS17004: Cannot use JSX unless the '--jsx' flag is provided.
frontend/src/views/ai-analysis/index.tsx(693,15): error TS17004: Cannot use JSX unless the '--jsx' flag is provided.
frontend/src/views/ai-analysis/index.tsx(694,17): error TS17004: Cannot use JSX unless the '--jsx' flag is provided.
frontend/src/views/ai-analysis/index.tsx(695,19): error TS17004: Cannot use JSX unless the '--jsx' flag is provided.
frontend/src/views/ai-analysis/index.tsx(697,17): error TS17004: Cannot use JSX unless the '--jsx' flag is provided.
frontend/src/views/ai-analysis/index.tsx(700,23): error TS17004: Cannot use JSX unless the '--jsx' flag is provided.
frontend/src/views/ai-analysis/index.tsx(705,15): error TS17004: Cannot use JSX unless the '--jsx' flag is provided.
frontend/src/views/ai-analysis/index.tsx(706,17): error TS17004: Cannot use JSX unless the '--jsx' flag is provided.
frontend/src/views/ai-analysis/index.tsx(707,19): error TS17004: Cannot use JSX unless the '--jsx' flag is provided.
frontend/src/views/ai-analysis/index.tsx(709,17): error TS17004: Cannot use JSX unless the '--jsx' flag is provided.
frontend/src/views/ai-analysis/index.tsx(712,23): error TS17004: Cannot use JSX unless the '--jsx' flag is provided.
frontend/src/views/ai-analysis/index.tsx(717,15): error TS17004: Cannot use JSX unless the '--jsx' flag is provided.
frontend/src/views/ai-analysis/index.tsx(718,17): error TS17004: Cannot use JSX unless the '--jsx' flag is provided.
frontend/src/views/ai-analysis/index.tsx(719,19): error TS17004: Cannot use JSX unless the '--jsx' flag is provided.
frontend/src/views/ai-analysis/index.tsx(721,17): error TS17004: Cannot use JSX unless the '--jsx' flag is provided.
frontend/src/views/ai-analysis/index.tsx(724,23): error TS17004: Cannot use JSX unless the '--jsx' flag is provided.
frontend/src/views/ai-analysis/index.tsx(734,7): error TS17004: Cannot use JSX unless the '--jsx' flag is provided.
frontend/src/views/ai-analysis/index.tsx(735,9): error TS17004: Cannot use JSX unless the '--jsx' flag is provided.
frontend/src/views/ai-analysis/index.tsx(736,11): error TS17004: Cannot use JSX unless the '--jsx' flag is provided.
frontend/src/views/ai-analysis/index.tsx(737,13): error TS17004: Cannot use JSX unless the '--jsx' flag is provided.
frontend/src/views/ai-analysis/index.tsx(739,11): error TS17004: Cannot use JSX unless the '--jsx' flag is provided.
frontend/src/views/ai-analysis/index.tsx(743,9): error TS17004: Cannot use JSX unless the '--jsx' flag is provided.
frontend/src/views/ai-analysis/index.tsx(744,11): error TS17004: Cannot use JSX unless the '--jsx' flag is provided.
frontend/src/views/ai-analysis/index.tsx(750,15): error TS17004: Cannot use JSX unless the '--jsx' flag is provided.
frontend/src/views/ai-analysis/index.tsx(752,15): error TS17004: Cannot use JSX unless the '--jsx' flag is provided.
frontend/src/views/ai-analysis/index.tsx(756,31): error TS17004: Cannot use JSX unless the '--jsx' flag is provided.
frontend/src/views/ai-analysis/index.tsx(758,13): error TS17004: Cannot use JSX unless the '--jsx' flag is provided.
frontend/src/views/ai-analysis/index.tsx(759,15): error TS17004: Cannot use JSX unless the '--jsx' flag is provided.
frontend/src/views/ai-analysis/index.tsx(760,15): error TS17004: Cannot use JSX unless the '--jsx' flag is provided.
frontend/src/views/ai-analysis/index.tsx(764,13): error TS17004: Cannot use JSX unless the '--jsx' flag is provided.
frontend/src/views/ai-analysis/index.tsx(765,15): error TS17004: Cannot use JSX unless the '--jsx' flag is provided.
frontend/src/views/ai-analysis/index.tsx(766,17): error TS17004: Cannot use JSX unless the '--jsx' flag is provided.
frontend/src/views/ai-analysis/index.tsx(767,17): error TS17004: Cannot use JSX unless the '--jsx' flag is provided.
frontend/src/views/ai-analysis/index.tsx(771,15): error TS17004: Cannot use JSX unless the '--jsx' flag is provided.
frontend/src/views/ai-analysis/index.tsx(772,17): error TS17004: Cannot use JSX unless the '--jsx' flag is provided.
frontend/src/views/ai-analysis/index.tsx(774,19): error TS17004: Cannot use JSX unless the '--jsx' flag is provided.
frontend/src/views/ai-analysis/index.tsx(778,17): error TS17004: Cannot use JSX unless the '--jsx' flag is provided.
frontend/src/views/ai-analysis/index.tsx(787,7): error TS17004: Cannot use JSX unless the '--jsx' flag is provided.
frontend/src/views/ai-analysis/index.tsx(788,9): error TS17004: Cannot use JSX unless the '--jsx' flag is provided.
frontend/src/views/ai-analysis/index.tsx(789,11): error TS17004: Cannot use JSX unless the '--jsx' flag is provided.
frontend/src/views/ai-analysis/index.tsx(790,13): error TS17004: Cannot use JSX unless the '--jsx' flag is provided.
frontend/src/views/ai-analysis/index.tsx(792,11): error TS17004: Cannot use JSX unless the '--jsx' flag is provided.
frontend/src/views/ai-analysis/index.tsx(796,9): error TS17004: Cannot use JSX unless the '--jsx' flag is provided.
frontend/src/views/ai-analysis/index.tsx(797,11): error TS17004: Cannot use JSX unless the '--jsx' flag is provided.
frontend/src/views/ai-analysis/index.tsx(803,15): error TS17004: Cannot use JSX unless the '--jsx' flag is provided.
frontend/src/views/ai-analysis/index.tsx(805,15): error TS17004: Cannot use JSX unless the '--jsx' flag is provided.
frontend/src/views/ai-analysis/index.tsx(809,34): error TS17004: Cannot use JSX unless the '--jsx' flag is provided.
frontend/src/views/ai-analysis/index.tsx(811,13): error TS17004: Cannot use JSX unless the '--jsx' flag is provided.
frontend/src/views/ai-analysis/index.tsx(812,15): error TS17004: Cannot use JSX unless the '--jsx' flag is provided.
frontend/src/views/ai-analysis/index.tsx(813,15): error TS17004: Cannot use JSX unless the '--jsx' flag is provided.
frontend/src/views/ai-analysis/index.tsx(817,13): error TS17004: Cannot use JSX unless the '--jsx' flag is provided.
frontend/src/views/ai-analysis/index.tsx(818,15): error TS17004: Cannot use JSX unless the '--jsx' flag is provided.
frontend/src/views/ai-analysis/index.tsx(819,17): error TS17004: Cannot use JSX unless the '--jsx' flag is provided.
frontend/src/views/ai-analysis/index.tsx(820,17): error TS17004: Cannot use JSX unless the '--jsx' flag is provided.
frontend/src/views/ai-analysis/index.tsx(821,19): error TS17004: Cannot use JSX unless the '--jsx' flag is provided.
frontend/src/views/ai-analysis/index.tsx(822,19): error TS17004: Cannot use JSX unless the '--jsx' flag is provided.
frontend/src/views/ai-analysis/index.tsx(831,17): error TS17004: Cannot use JSX unless the '--jsx' flag is provided.
frontend/src/views/ai-analysis/index.tsx(846,5): error TS17004: Cannot use JSX unless the '--jsx' flag is provided.
frontend/src/views/ai-analysis/index.tsx(847,7): error TS17004: Cannot use JSX unless the '--jsx' flag is provided.
frontend/src/views/ai-analysis/index.tsx(848,9): error TS17004: Cannot use JSX unless the '--jsx' flag is provided.
frontend/src/views/ai-analysis/index.tsx(851,9): error TS17004: Cannot use JSX unless the '--jsx' flag is provided.
frontend/src/views/ai-analysis/index.tsx(855,7): error TS17004: Cannot use JSX unless the '--jsx' flag is provided.
frontend/src/views/ai-analysis/index.tsx(856,9): error TS17004: Cannot use JSX unless the '--jsx' flag is provided.
frontend/src/views/ai-analysis/index.tsx(857,11): error TS17004: Cannot use JSX unless the '--jsx' flag is provided.
frontend/src/views/ai-analysis/index.tsx(858,11): error TS17004: Cannot use JSX unless the '--jsx' flag is provided.
frontend/src/views/ai-analysis/index.tsx(859,11): error TS17004: Cannot use JSX unless the '--jsx' flag is provided.
frontend/src/views/ai-analysis/index.tsx(861,9): error TS17004: Cannot use JSX unless the '--jsx' flag is provided.
frontend/src/views/ai-analysis/index.tsx(862,11): error TS17004: Cannot use JSX unless the '--jsx' flag is provided.
frontend/src/views/ai-analysis/index.tsx(864,9): error TS17004: Cannot use JSX unless the '--jsx' flag is provided.
frontend/src/views/ai-analysis/index.tsx(865,11): error TS17004: Cannot use JSX unless the '--jsx' flag is provided.
frontend/src/views/ai-analysis/index.tsx(867,9): error TS17004: Cannot use JSX unless the '--jsx' flag is provided.
frontend/src/views/ai-analysis/index.tsx(868,11): error TS17004: Cannot use JSX unless the '--jsx' flag is provided.
frontend/src/views/auth/index.tsx(4,27): error TS2307: Cannot find module '@/widgets/login-form' or its corresponding type declarations.
frontend/src/views/auth/index.tsx(5,30): error TS2307: Cannot find module '@/widgets/register-form' or its corresponding type declarations.
frontend/src/views/auth/index.tsx(7,58): error TS2307: Cannot find module '@/shared/ui/card' or its corresponding type declarations.
frontend/src/views/auth/index.tsx(13,8): error TS2307: Cannot find module '@/shared/ui/icons' or its corresponding type declarations.
frontend/src/views/auth/index.tsx(14,24): error TS2307: Cannot find module '@/shared/ui/button' or its corresponding type declarations.
frontend/src/views/auth/index.tsx(20,5): error TS17004: Cannot use JSX unless the '--jsx' flag is provided.
frontend/src/views/auth/index.tsx(21,7): error TS17004: Cannot use JSX unless the '--jsx' flag is provided.
frontend/src/views/auth/index.tsx(22,9): error TS17004: Cannot use JSX unless the '--jsx' flag is provided.
frontend/src/views/auth/index.tsx(24,13): error TS17004: Cannot use JSX unless the '--jsx' flag is provided.
frontend/src/views/auth/index.tsx(32,15): error TS17004: Cannot use JSX unless the '--jsx' flag is provided.
frontend/src/views/auth/index.tsx(35,13): error TS17004: Cannot use JSX unless the '--jsx' flag is provided.
frontend/src/views/auth/index.tsx(43,15): error TS17004: Cannot use JSX unless the '--jsx' flag is provided.
frontend/src/views/auth/index.tsx(47,9): error TS17004: Cannot use JSX unless the '--jsx' flag is provided.
frontend/src/views/auth/index.tsx(48,11): error TS17004: Cannot use JSX unless the '--jsx' flag is provided.
frontend/src/views/auth/index.tsx(49,13): error TS17004: Cannot use JSX unless the '--jsx' flag is provided.
frontend/src/views/auth/index.tsx(53,11): error TS17004: Cannot use JSX unless the '--jsx' flag is provided.
frontend/src/views/auth/index.tsx(54,13): error TS17004: Cannot use JSX unless the '--jsx' flag is provided.
frontend/src/views/auth/index.tsx(55,15): error TS17004: Cannot use JSX unless the '--jsx' flag is provided.
frontend/src/views/auth/index.tsx(57,13): error TS17004: Cannot use JSX unless the '--jsx' flag is provided.
frontend/src/views/auth/index.tsx(58,15): error TS17004: Cannot use JSX unless the '--jsx' flag is provided.
frontend/src/views/auth/index.tsx(60,13): error TS17004: Cannot use JSX unless the '--jsx' flag is provided.
frontend/src/views/auth/index.tsx(61,15): error TS17004: Cannot use JSX unless the '--jsx' flag is provided.
frontend/src/views/auth/index.tsx(63,13): error TS17004: Cannot use JSX unless the '--jsx' flag is provided.
frontend/src/views/auth/index.tsx(64,15): error TS17004: Cannot use JSX unless the '--jsx' flag is provided.
frontend/src/views/challenges/index.tsx(4,24): error TS2307: Cannot find module '@/shared/ui/button' or its corresponding type declarations.
frontend/src/views/challenges/index.tsx(6,33): error TS2307: Cannot find module '@/widgets/challenges-board' or its corresponding type declarations.
frontend/src/views/challenges/index.tsx(7,39): error TS2307: Cannot find module '@/widgets/challenge-create-dialog' or its corresponding type declarations.
frontend/src/views/challenges/index.tsx(8,32): error TS2307: Cannot find module '@/entities/challenge/model/types' or its corresponding type declarations.
frontend/src/views/challenges/index.tsx(9,26): error TS2307: Cannot find module '@/shared/hooks/use-toast' or its corresponding type declarations.
frontend/src/views/challenges/index.tsx(10,28): error TS2307: Cannot find module '@/shared/lib/session/client' or its corresponding type declarations.
frontend/src/views/challenges/index.tsx(16,8): error TS2307: Cannot find module '@/entities/challenge/api/challenges' or its corresponding type declarations.
frontend/src/views/challenges/index.tsx(17,26): error TS2307: Cannot find module '@/shared/ui/skeleton' or its corresponding type declarations.
frontend/src/views/challenges/index.tsx(101,5): error TS17004: Cannot use JSX unless the '--jsx' flag is provided.
frontend/src/views/challenges/index.tsx(102,7): error TS17004: Cannot use JSX unless the '--jsx' flag is provided.
frontend/src/views/challenges/index.tsx(103,9): error TS17004: Cannot use JSX unless the '--jsx' flag is provided.
frontend/src/views/challenges/index.tsx(104,11): error TS17004: Cannot use JSX unless the '--jsx' flag is provided.
frontend/src/views/challenges/index.tsx(105,13): error TS17004: Cannot use JSX unless the '--jsx' flag is provided.
frontend/src/views/challenges/index.tsx(106,15): error TS17004: Cannot use JSX unless the '--jsx' flag is provided.
frontend/src/views/challenges/index.tsx(107,15): error TS17004: Cannot use JSX unless the '--jsx' flag is provided.
frontend/src/views/challenges/index.tsx(111,13): error TS17004: Cannot use JSX unless the '--jsx' flag is provided.
frontend/src/views/challenges/index.tsx(116,11): error TS17004: Cannot use JSX unless the '--jsx' flag is provided.
frontend/src/views/challenges/index.tsx(117,13): error TS17004: Cannot use JSX unless the '--jsx' flag is provided.
frontend/src/views/challenges/index.tsx(122,11): error TS17004: Cannot use JSX unless the '--jsx' flag is provided.
frontend/src/views/challenges/index.tsx(123,13): error TS17004: Cannot use JSX unless the '--jsx' flag is provided.
frontend/src/views/challenges/index.tsx(124,13): error TS17004: Cannot use JSX unless the '--jsx' flag is provided.
frontend/src/views/challenges/index.tsx(125,13): error TS17004: Cannot use JSX unless the '--jsx' flag is provided.
frontend/src/views/challenges/index.tsx(128,11): error TS17004: Cannot use JSX unless the '--jsx' flag is provided.
frontend/src/views/challenges/index.tsx(137,7): error TS17004: Cannot use JSX unless the '--jsx' flag is provided.
frontend/src/views/chats/index.tsx(5,33): error TS2307: Cannot find module '@/widgets/chat-contact-list' or its corresponding type declarations.
frontend/src/views/chats/index.tsx(6,28): error TS2307: Cannot find module '@/widgets/chat-window' or its corresponding type declarations.
frontend/src/views/chats/index.tsx(7,35): error TS2307: Cannot find module '@/shared/ui/card' or its corresponding type declarations.
frontend/src/views/chats/index.tsx(8,34): error TS2307: Cannot find module '@/entities/chat/model/types' or its corresponding type declarations.
frontend/src/views/chats/index.tsx(14,5): error TS17004: Cannot use JSX unless the '--jsx' flag is provided.
frontend/src/views/chats/index.tsx(15,7): error TS17004: Cannot use JSX unless the '--jsx' flag is provided.
frontend/src/views/chats/index.tsx(16,9): error TS17004: Cannot use JSX unless the '--jsx' flag is provided.
frontend/src/views/chats/index.tsx(21,7): error TS17004: Cannot use JSX unless the '--jsx' flag is provided.
frontend/src/views/chats/index.tsx(23,11): error TS17004: Cannot use JSX unless the '--jsx' flag is provided.
frontend/src/views/chats/index.tsx(25,11): error TS17004: Cannot use JSX unless the '--jsx' flag is provided.
frontend/src/views/chats/index.tsx(26,13): error TS17004: Cannot use JSX unless the '--jsx' flag is provided.
frontend/src/views/chats/index.tsx(27,15): error TS17004: Cannot use JSX unless the '--jsx' flag is provided.
frontend/src/views/chats/index.tsx(28,15): error TS17004: Cannot use JSX unless the '--jsx' flag is provided.
frontend/src/views/chats/index.tsx(29,15): error TS17004: Cannot use JSX unless the '--jsx' flag is provided.
frontend/src/views/coach-center/index.tsx(4,58): error TS2307: Cannot find module '@/shared/ui/card' or its corresponding type declarations.
frontend/src/views/coach-center/index.tsx(12,58): error TS2307: Cannot find module '@/shared/ui/tabs' or its corresponding type declarations.
frontend/src/views/coach-center/index.tsx(13,26): error TS2307: Cannot find module '@/shared/ui/skeleton' or its corresponding type declarations.
frontend/src/views/coach-center/index.tsx(14,30): error TS2307: Cannot find module '@/entities/user/ui/coach-profile-tabs/my-players-tab' or its corresponding type declarations.
frontend/src/views/coach-center/index.tsx(15,31): error TS2307: Cannot find module '@/entities/user/ui/coach-profile-tabs/my-programs-tab' or its corresponding type declarations.
frontend/src/views/coach-center/index.tsx(16,39): error TS2307: Cannot find module '@/widgets/team-training-analytics' or its corresponding type declarations.
frontend/src/views/coach-center/index.tsx(17,37): error TS2307: Cannot find module '@/widgets/assign-program-dialog' or its corresponding type declarations.
frontend/src/views/coach-center/index.tsx(18,38): error TS2307: Cannot find module '@/entities/training-program/model/types' or its corresponding type declarations.
frontend/src/views/coach-center/index.tsx(19,28): error TS2307: Cannot find module '@/shared/lib/session/client' or its corresponding type declarations.
frontend/src/views/coach-center/index.tsx(23,8): error TS2307: Cannot find module '@/entities/user/api/get-user' or its corresponding type declarations.
frontend/src/views/coach-center/index.tsx(24,29): error TS2307: Cannot find module '@/shared/context/training-provider' or its corresponding type declarations.
frontend/src/views/coach-center/index.tsx(28,8): error TS2307: Cannot find module '@/entities/user/model/types' or its corresponding type declarations.
frontend/src/views/coach-center/index.tsx(39,3): error TS17004: Cannot use JSX unless the '--jsx' flag is provided.
frontend/src/views/coach-center/index.tsx(40,5): error TS17004: Cannot use JSX unless the '--jsx' flag is provided.
frontend/src/views/coach-center/index.tsx(41,7): error TS17004: Cannot use JSX unless the '--jsx' flag is provided.
frontend/src/views/coach-center/index.tsx(42,7): error TS17004: Cannot use JSX unless the '--jsx' flag is provided.
frontend/src/views/coach-center/index.tsx(44,5): error TS17004: Cannot use JSX unless the '--jsx' flag is provided.
frontend/src/views/coach-center/index.tsx(45,7): error TS17004: Cannot use JSX unless the '--jsx' flag is provided.
frontend/src/views/coach-center/index.tsx(51,3): error TS17004: Cannot use JSX unless the '--jsx' flag is provided.
frontend/src/views/coach-center/index.tsx(52,5): error TS17004: Cannot use JSX unless the '--jsx' flag is provided.
frontend/src/views/coach-center/index.tsx(53,7): error TS17004: Cannot use JSX unless the '--jsx' flag is provided.
frontend/src/views/coach-center/index.tsx(54,7): error TS17004: Cannot use JSX unless the '--jsx' flag is provided.
frontend/src/views/coach-center/index.tsx(55,7): error TS17004: Cannot use JSX unless the '--jsx' flag is provided.
frontend/src/views/coach-center/index.tsx(56,7): error TS17004: Cannot use JSX unless the '--jsx' flag is provided.
frontend/src/views/coach-center/index.tsx(58,5): error TS17004: Cannot use JSX unless the '--jsx' flag is provided.
frontend/src/views/coach-center/index.tsx(93,12): error TS17004: Cannot use JSX unless the '--jsx' flag is provided.
frontend/src/views/coach-center/index.tsx(97,12): error TS17004: Cannot use JSX unless the '--jsx' flag is provided.
frontend/src/views/coach-center/index.tsx(124,5): error TS17004: Cannot use JSX unless the '--jsx' flag is provided.
frontend/src/views/coach-center/index.tsx(125,7): error TS17004: Cannot use JSX unless the '--jsx' flag is provided.
frontend/src/views/coach-center/index.tsx(126,9): error TS17004: Cannot use JSX unless the '--jsx' flag is provided.
frontend/src/views/coach-center/index.tsx(127,11): error TS17004: Cannot use JSX unless the '--jsx' flag is provided.
frontend/src/views/coach-center/index.tsx(130,11): error TS17004: Cannot use JSX unless the '--jsx' flag is provided.
frontend/src/views/coach-center/index.tsx(135,9): error TS17004: Cannot use JSX unless the '--jsx' flag is provided.
frontend/src/views/coach-center/index.tsx(136,11): error TS17004: Cannot use JSX unless the '--jsx' flag is provided.
frontend/src/views/coach-center/index.tsx(141,11): error TS17004: Cannot use JSX unless the '--jsx' flag is provided.
frontend/src/views/coach-center/index.tsx(142,11): error TS17004: Cannot use JSX unless the '--jsx' flag is provided.
frontend/src/views/coach-center/index.tsx(147,11): error TS17004: Cannot use JSX unless the '--jsx' flag is provided.
frontend/src/views/coach-center/index.tsx(150,9): error TS17004: Cannot use JSX unless the '--jsx' flag is provided.
frontend/src/views/coach-center/index.tsx(151,11): error TS17004: Cannot use JSX unless the '--jsx' flag is provided.
frontend/src/views/coach-center/index.tsx(152,13): error TS17004: Cannot use JSX unless the '--jsx' flag is provided.
frontend/src/views/coach-center/index.tsx(153,13): error TS17004: Cannot use JSX unless the '--jsx' flag is provided.
frontend/src/views/coach-center/index.tsx(154,13): error TS17004: Cannot use JSX unless the '--jsx' flag is provided.
frontend/src/views/coach-center/index.tsx(155,15): error TS17004: Cannot use JSX unless the '--jsx' flag is provided.
frontend/src/views/coach-center/index.tsx(159,11): error TS17004: Cannot use JSX unless the '--jsx' flag is provided.
frontend/src/views/coach-center/index.tsx(160,13): error TS17004: Cannot use JSX unless the '--jsx' flag is provided.
frontend/src/views/coach-center/index.tsx(162,11): error TS17004: Cannot use JSX unless the '--jsx' flag is provided.
frontend/src/views/coach-center/index.tsx(163,13): error TS17004: Cannot use JSX unless the '--jsx' flag is provided.
frontend/src/views/coach-center/index.tsx(168,11): error TS17004: Cannot use JSX unless the '--jsx' flag is provided.
frontend/src/views/coach-center/index.tsx(169,13): error TS17004: Cannot use JSX unless the '--jsx' flag is provided.
frontend/src/views/coach-center/index.tsx(173,7): error TS17004: Cannot use JSX unless the '--jsx' flag is provided.
frontend/src/views/coach-profile-demo/index.tsx(1,25): error TS2307: Cannot find module '@/app/(app)/administration/coach/client' or its corresponding type declarations.
frontend/src/views/coach-profile-demo/index.tsx(2,34): error TS2307: Cannot find module '@/entities/user/api/get-user' or its corresponding type declarations.
frontend/src/views/coach-profile-demo/index.tsx(7,8): error TS2307: Cannot find module '@/entities/user/model/types' or its corresponding type declarations.
frontend/src/views/coach-profile-demo/index.tsx(8,40): error TS2307: Cannot find module '@/entities/achievement/api/achievements' or its corresponding type declarations.
frontend/src/views/coach-profile-demo/index.tsx(40,5): error TS17004: Cannot use JSX unless the '--jsx' flag is provided.
frontend/src/views/coach-profile/index.tsx(1,58): error TS2307: Cannot find module '@/views/coach-profile-demo' or its corresponding type declarations.
frontend/src/views/coach-profile/index.tsx(4,10): error TS17004: Cannot use JSX unless the '--jsx' flag is provided.
frontend/src/views/coaches/index.tsx(4,29): error TS2307: Cannot find module '@/widgets/coach-finder' or its corresponding type declarations.
frontend/src/views/coaches/index.tsx(12,8): error TS2307: Cannot find module '@/shared/ui/card' or its corresponding type declarations.
frontend/src/views/coaches/index.tsx(13,24): error TS2307: Cannot find module '@/shared/ui/button' or its corresponding type declarations.
frontend/src/views/coaches/index.tsx(14,53): error TS2307: Cannot find module '@/shared/ui/avatar' or its corresponding type declarations.
frontend/src/views/coaches/index.tsx(15,23): error TS2307: Cannot find module '@/shared/ui/badge' or its corresponding type declarations.
frontend/src/views/coaches/index.tsx(18,26): error TS2307: Cannot find module '@/shared/hooks/use-toast' or its corresponding type declarations.
frontend/src/views/coaches/index.tsx(19,28): error TS2307: Cannot find module '@/entities/coach/api/get-coaches' or its corresponding type declarations.
frontend/src/views/coaches/index.tsx(20,28): error TS2307: Cannot find module '@/entities/coach/model/types' or its corresponding type declarations.
frontend/src/views/coaches/index.tsx(21,26): error TS2307: Cannot find module '@/shared/ui/skeleton' or its corresponding type declarations.
frontend/src/views/coaches/index.tsx(33,5): error TS17004: Cannot use JSX unless the '--jsx' flag is provided.
frontend/src/views/coaches/index.tsx(34,7): error TS17004: Cannot use JSX unless the '--jsx' flag is provided.
frontend/src/views/coaches/index.tsx(35,9): error TS17004: Cannot use JSX unless the '--jsx' flag is provided.
frontend/src/views/coaches/index.tsx(36,11): error TS17004: Cannot use JSX unless the '--jsx' flag is provided.
frontend/src/views/coaches/index.tsx(41,11): error TS17004: Cannot use JSX unless the '--jsx' flag is provided.
frontend/src/views/coaches/index.tsx(43,9): error TS17004: Cannot use JSX unless the '--jsx' flag is provided.
frontend/src/views/coaches/index.tsx(44,11): error TS17004: Cannot use JSX unless the '--jsx' flag is provided.
frontend/src/views/coaches/index.tsx(45,13): error TS17004: Cannot use JSX unless the '--jsx' flag is provided.
frontend/src/views/coaches/index.tsx(49,11): error TS17004: Cannot use JSX unless the '--jsx' flag is provided.
frontend/src/views/coaches/index.tsx(50,11): error TS17004: Cannot use JSX unless the '--jsx' flag is provided.
frontend/src/views/coaches/index.tsx(51,13): error TS17004: Cannot use JSX unless the '--jsx' flag is provided.
frontend/src/views/coaches/index.tsx(52,13): error TS17004: Cannot use JSX unless the '--jsx' flag is provided.
frontend/src/views/coaches/index.tsx(53,13): error TS17004: Cannot use JSX unless the '--jsx' flag is provided.
frontend/src/views/coaches/index.tsx(57,7): error TS17004: Cannot use JSX unless the '--jsx' flag is provided.
frontend/src/views/coaches/index.tsx(58,9): error TS17004: Cannot use JSX unless the '--jsx' flag is provided.
frontend/src/views/coaches/index.tsx(61,9): error TS17004: Cannot use JSX unless the '--jsx' flag is provided.
frontend/src/views/coaches/index.tsx(63,13): error TS17004: Cannot use JSX unless the '--jsx' flag is provided.
frontend/src/views/coaches/index.tsx(69,7): error TS17004: Cannot use JSX unless the '--jsx' flag is provided.
frontend/src/views/coaches/index.tsx(70,9): error TS17004: Cannot use JSX unless the '--jsx' flag is provided.
frontend/src/views/coaches/index.tsx(71,11): error TS17004: Cannot use JSX unless the '--jsx' flag is provided.
frontend/src/views/coaches/index.tsx(79,3): error TS17004: Cannot use JSX unless the '--jsx' flag is provided.
frontend/src/views/coaches/index.tsx(80,5): error TS17004: Cannot use JSX unless the '--jsx' flag is provided.
frontend/src/views/coaches/index.tsx(81,5): error TS17004: Cannot use JSX unless the '--jsx' flag is provided.
frontend/src/views/coaches/index.tsx(82,5): error TS17004: Cannot use JSX unless the '--jsx' flag is provided.
frontend/src/views/coaches/index.tsx(101,5): error TS17004: Cannot use JSX unless the '--jsx' flag is provided.
frontend/src/views/coaches/index.tsx(102,7): error TS17004: Cannot use JSX unless the '--jsx' flag is provided.
frontend/src/views/coaches/index.tsx(103,9): error TS17004: Cannot use JSX unless the '--jsx' flag is provided.
frontend/src/views/coaches/index.tsx(104,9): error TS17004: Cannot use JSX unless the '--jsx' flag is provided.
frontend/src/views/coaches/index.tsx(107,9): error TS17004: Cannot use JSX unless the '--jsx' flag is provided.
frontend/src/views/coaches/index.tsx(112,7): error TS17004: Cannot use JSX unless the '--jsx' flag is provided.
frontend/src/views/coaches/index.tsx(113,7): error TS17004: Cannot use JSX unless the '--jsx' flag is provided.
frontend/src/views/coaches/index.tsx(114,9): error TS17004: Cannot use JSX unless the '--jsx' flag is provided.
frontend/src/views/coaches/index.tsx(116,11): error TS17004: Cannot use JSX unless the '--jsx' flag is provided.
frontend/src/views/coaches/index.tsx(118,11): error TS17004: Cannot use JSX unless the '--jsx' flag is provided.
frontend/src/views/coaches/index.tsx(120,15): error TS17004: Cannot use JSX unless the '--jsx' flag is provided.
frontend/src/views/coaches/index.tsx(124,11): error TS17004: Cannot use JSX unless the '--jsx' flag is provided.
frontend/src/views/dashboard/index.tsx(3,26): error TS2307: Cannot find module '@/widgets/poll-card' or its corresponding type declarations.
frontend/src/views/dashboard/index.tsx(4,22): error TS2307: Cannot find module '@/widgets/feed' or its corresponding type declarations.
frontend/src/views/dashboard/index.tsx(5,34): error TS2307: Cannot find module '@/widgets/status-update-form' or its corresponding type declarations.
frontend/src/views/dashboard/index.tsx(6,30): error TS2307: Cannot find module '@/widgets/ai-news-digest' or its corresponding type declarations.
frontend/src/views/dashboard/index.tsx(7,39): error TS2307: Cannot find module '@/widgets/match-predictions-widget' or its corresponding type declarations.
frontend/src/views/dashboard/index.tsx(8,28): error TS2307: Cannot find module '@/widgets/ai-coach-tip' or its corresponding type declarations.
frontend/src/views/dashboard/index.tsx(10,43): error TS2307: Cannot find module '@/entities/poll/api/polls' or its corresponding type declarations.
frontend/src/views/dashboard/index.tsx(11,27): error TS2307: Cannot find module '@/entities/poll/model/types' or its corresponding type declarations.
frontend/src/views/dashboard/index.tsx(12,26): error TS2307: Cannot find module '@/shared/hooks/use-toast' or its corresponding type declarations.
frontend/src/views/dashboard/index.tsx(13,26): error TS2307: Cannot find module '@/shared/ui/skeleton' or its corresponding type declarations.
frontend/src/views/dashboard/index.tsx(49,5): error TS17004: Cannot use JSX unless the '--jsx' flag is provided.
frontend/src/views/dashboard/index.tsx(50,7): error TS17004: Cannot use JSX unless the '--jsx' flag is provided.
frontend/src/views/dashboard/index.tsx(51,9): error TS17004: Cannot use JSX unless the '--jsx' flag is provided.
frontend/src/views/dashboard/index.tsx(52,11): error TS17004: Cannot use JSX unless the '--jsx' flag is provided.
frontend/src/views/dashboard/index.tsx(54,9): error TS17004: Cannot use JSX unless the '--jsx' flag is provided.
frontend/src/views/dashboard/index.tsx(55,11): error TS17004: Cannot use JSX unless the '--jsx' flag is provided.
frontend/src/views/dashboard/index.tsx(57,9): error TS17004: Cannot use JSX unless the '--jsx' flag is provided.
frontend/src/views/dashboard/index.tsx(58,11): error TS17004: Cannot use JSX unless the '--jsx' flag is provided.
frontend/src/views/dashboard/index.tsx(60,9): error TS17004: Cannot use JSX unless the '--jsx' flag is provided.
frontend/src/views/dashboard/index.tsx(62,7): error TS17004: Cannot use JSX unless the '--jsx' flag is provided.
frontend/src/views/dashboard/index.tsx(63,9): error TS17004: Cannot use JSX unless the '--jsx' flag is provided.
frontend/src/views/dashboard/index.tsx(65,11): error TS17004: Cannot use JSX unless the '--jsx' flag is provided.
frontend/src/views/dashboard/index.tsx(67,11): error TS17004: Cannot use JSX unless the '--jsx' flag is provided.
frontend/src/views/dispute-resolution-dialog/index.tsx(11,8): error TS2307: Cannot find module '@/shared/ui/dialog' or its corresponding type declarations.
frontend/src/views/dispute-resolution-dialog/index.tsx(12,24): error TS2307: Cannot find module '@/shared/ui/button' or its corresponding type declarations.
frontend/src/views/dispute-resolution-dialog/index.tsx(13,53): error TS2307: Cannot find module '@/shared/ui/avatar' or its corresponding type declarations.
frontend/src/views/dispute-resolution-dialog/index.tsx(14,27): error TS2307: Cannot find module '@/shared/ui/separator' or its corresponding type declarations.
frontend/src/views/dispute-resolution-dialog/index.tsx(27,8): error TS2307: Cannot find module '@/shared/api/genkit/flows/analyze-dispute-flow' or its corresponding type declarations.
frontend/src/views/dispute-resolution-dialog/index.tsx(28,53): error TS2307: Cannot find module '@/shared/ui/alert' or its corresponding type declarations.
frontend/src/views/dispute-resolution-dialog/index.tsx(29,23): error TS2307: Cannot find module '@/shared/ui/badge' or its corresponding type declarations.
frontend/src/views/dispute-resolution-dialog/index.tsx(30,20): error TS2307: Cannot find module '@/shared/lib/utils' or its corresponding type declarations.
frontend/src/views/dispute-resolution-dialog/index.tsx(33,28): error TS2307: Cannot find module '@/entities/match/model/types' or its corresponding type declarations.
frontend/src/views/dispute-resolution-dialog/index.tsx(127,5): error TS17004: Cannot use JSX unless the '--jsx' flag is provided.
frontend/src/views/dispute-resolution-dialog/index.tsx(128,7): error TS17004: Cannot use JSX unless the '--jsx' flag is provided.
frontend/src/views/dispute-resolution-dialog/index.tsx(129,9): error TS17004: Cannot use JSX unless the '--jsx' flag is provided.
frontend/src/views/dispute-resolution-dialog/index.tsx(130,11): error TS17004: Cannot use JSX unless the '--jsx' flag is provided.
frontend/src/views/dispute-resolution-dialog/index.tsx(133,11): error TS17004: Cannot use JSX unless the '--jsx' flag is provided.
frontend/src/views/dispute-resolution-dialog/index.tsx(137,9): error TS17004: Cannot use JSX unless the '--jsx' flag is provided.
frontend/src/views/dispute-resolution-dialog/index.tsx(138,11): error TS17004: Cannot use JSX unless the '--jsx' flag is provided.
frontend/src/views/dispute-resolution-dialog/index.tsx(139,13): error TS17004: Cannot use JSX unless the '--jsx' flag is provided.
frontend/src/views/dispute-resolution-dialog/index.tsx(140,13): error TS17004: Cannot use JSX unless the '--jsx' flag is provided.
frontend/src/views/dispute-resolution-dialog/index.tsx(144,15): error TS17004: Cannot use JSX unless the '--jsx' flag is provided.
frontend/src/views/dispute-resolution-dialog/index.tsx(152,11): error TS17004: Cannot use JSX unless the '--jsx' flag is provided.
frontend/src/views/dispute-resolution-dialog/index.tsx(153,11): error TS17004: Cannot use JSX unless the '--jsx' flag is provided.
frontend/src/views/dispute-resolution-dialog/index.tsx(154,13): error TS17004: Cannot use JSX unless the '--jsx' flag is provided.
frontend/src/views/dispute-resolution-dialog/index.tsx(155,13): error TS17004: Cannot use JSX unless the '--jsx' flag is provided.
frontend/src/views/dispute-resolution-dialog/index.tsx(156,15): error TS17004: Cannot use JSX unless the '--jsx' flag is provided.
frontend/src/views/dispute-resolution-dialog/index.tsx(157,17): error TS17004: Cannot use JSX unless the '--jsx' flag is provided.
frontend/src/views/dispute-resolution-dialog/index.tsx(158,19): error TS17004: Cannot use JSX unless the '--jsx' flag is provided.
frontend/src/views/dispute-resolution-dialog/index.tsx(159,21): error TS17004: Cannot use JSX unless the '--jsx' flag is provided.
frontend/src/views/dispute-resolution-dialog/index.tsx(163,21): error TS17004: Cannot use JSX unless the '--jsx' flag is provided.
frontend/src/views/dispute-resolution-dialog/index.tsx(167,19): error TS17004: Cannot use JSX unless the '--jsx' flag is provided.
frontend/src/views/dispute-resolution-dialog/index.tsx(169,17): error TS17004: Cannot use JSX unless the '--jsx' flag is provided.
frontend/src/views/dispute-resolution-dialog/index.tsx(170,19): error TS17004: Cannot use JSX unless the '--jsx' flag is provided.
frontend/src/views/dispute-resolution-dialog/index.tsx(171,21): error TS17004: Cannot use JSX unless the '--jsx' flag is provided.
frontend/src/views/dispute-resolution-dialog/index.tsx(173,19): error TS17004: Cannot use JSX unless the '--jsx' flag is provided.
frontend/src/views/dispute-resolution-dialog/index.tsx(174,21): error TS17004: Cannot use JSX unless the '--jsx' flag is provided.
frontend/src/views/dispute-resolution-dialog/index.tsx(178,15): error TS17004: Cannot use JSX unless the '--jsx' flag is provided.
frontend/src/views/dispute-resolution-dialog/index.tsx(179,17): error TS17004: Cannot use JSX unless the '--jsx' flag is provided.
frontend/src/views/dispute-resolution-dialog/index.tsx(180,19): error TS17004: Cannot use JSX unless the '--jsx' flag is provided.
frontend/src/views/dispute-resolution-dialog/index.tsx(181,21): error TS17004: Cannot use JSX unless the '--jsx' flag is provided.
frontend/src/views/dispute-resolution-dialog/index.tsx(185,21): error TS17004: Cannot use JSX unless the '--jsx' flag is provided.
frontend/src/views/dispute-resolution-dialog/index.tsx(189,19): error TS17004: Cannot use JSX unless the '--jsx' flag is provided.
frontend/src/views/dispute-resolution-dialog/index.tsx(191,17): error TS17004: Cannot use JSX unless the '--jsx' flag is provided.
frontend/src/views/dispute-resolution-dialog/index.tsx(192,19): error TS17004: Cannot use JSX unless the '--jsx' flag is provided.
frontend/src/views/dispute-resolution-dialog/index.tsx(193,21): error TS17004: Cannot use JSX unless the '--jsx' flag is provided.
frontend/src/views/dispute-resolution-dialog/index.tsx(196,19): error TS17004: Cannot use JSX unless the '--jsx' flag is provided.
frontend/src/views/dispute-resolution-dialog/index.tsx(197,21): error TS17004: Cannot use JSX unless the '--jsx' flag is provided.
frontend/src/views/dispute-resolution-dialog/index.tsx(203,11): error TS17004: Cannot use JSX unless the '--jsx' flag is provided.
frontend/src/views/dispute-resolution-dialog/index.tsx(204,11): error TS17004: Cannot use JSX unless the '--jsx' flag is provided.
frontend/src/views/dispute-resolution-dialog/index.tsx(205,13): error TS17004: Cannot use JSX unless the '--jsx' flag is provided.
frontend/src/views/dispute-resolution-dialog/index.tsx(206,15): error TS17004: Cannot use JSX unless the '--jsx' flag is provided.
frontend/src/views/dispute-resolution-dialog/index.tsx(207,15): error TS17004: Cannot use JSX unless the '--jsx' flag is provided.
frontend/src/views/dispute-resolution-dialog/index.tsx(214,19): error TS17004: Cannot use JSX unless the '--jsx' flag is provided.
frontend/src/views/dispute-resolution-dialog/index.tsx(216,19): error TS17004: Cannot use JSX unless the '--jsx' flag is provided.
frontend/src/views/dispute-resolution-dialog/index.tsx(222,15): error TS17004: Cannot use JSX unless the '--jsx' flag is provided.
frontend/src/views/dispute-resolution-dialog/index.tsx(223,17): error TS17004: Cannot use JSX unless the '--jsx' flag is provided.
frontend/src/views/dispute-resolution-dialog/index.tsx(224,19): error TS17004: Cannot use JSX unless the '--jsx' flag is provided.
frontend/src/views/dispute-resolution-dialog/index.tsx(229,15): error TS17004: Cannot use JSX unless the '--jsx' flag is provided.
frontend/src/views/dispute-resolution-dialog/index.tsx(230,17): error TS17004: Cannot use JSX unless the '--jsx' flag is provided.
frontend/src/views/dispute-resolution-dialog/index.tsx(231,17): error TS17004: Cannot use JSX unless the '--jsx' flag is provided.
frontend/src/views/dispute-resolution-dialog/index.tsx(232,17): error TS17004: Cannot use JSX unless the '--jsx' flag is provided.
frontend/src/views/dispute-resolution-dialog/index.tsx(236,15): error TS17004: Cannot use JSX unless the '--jsx' flag is provided.
frontend/src/views/dispute-resolution-dialog/index.tsx(237,17): error TS17004: Cannot use JSX unless the '--jsx' flag is provided.
frontend/src/views/dispute-resolution-dialog/index.tsx(238,17): error TS17004: Cannot use JSX unless the '--jsx' flag is provided.
frontend/src/views/dispute-resolution-dialog/index.tsx(239,19): error TS17004: Cannot use JSX unless the '--jsx' flag is provided.
frontend/src/views/dispute-resolution-dialog/index.tsx(243,19): error TS17004: Cannot use JSX unless the '--jsx' flag is provided.
frontend/src/views/dispute-resolution-dialog/index.tsx(250,17): error TS17004: Cannot use JSX unless the '--jsx' flag is provided.
frontend/src/views/dispute-resolution-dialog/index.tsx(256,11): error TS17004: Cannot use JSX unless the '--jsx' flag is provided.
frontend/src/views/dispute-resolution-dialog/index.tsx(257,11): error TS17004: Cannot use JSX unless the '--jsx' flag is provided.
frontend/src/views/dispute-resolution-dialog/index.tsx(258,13): error TS17004: Cannot use JSX unless the '--jsx' flag is provided.
frontend/src/views/dispute-resolution-dialog/index.tsx(259,13): error TS17004: Cannot use JSX unless the '--jsx' flag is provided.
frontend/src/views/dispute-resolution-dialog/index.tsx(260,15): error TS17004: Cannot use JSX unless the '--jsx' flag is provided.
frontend/src/views/dispute-resolution-dialog/index.tsx(269,17): error TS17004: Cannot use JSX unless the '--jsx' flag is provided.
frontend/src/views/dispute-resolution-dialog/index.tsx(272,15): error TS17004: Cannot use JSX unless the '--jsx' flag is provided.
frontend/src/views/dispute-resolution-dialog/index.tsx(281,17): error TS17004: Cannot use JSX unless the '--jsx' flag is provided.
frontend/src/views/dispute-resolution-dialog/index.tsx(284,15): error TS17004: Cannot use JSX unless the '--jsx' flag is provided.
frontend/src/views/dispute-resolution-dialog/index.tsx(296,9): error TS17004: Cannot use JSX unless the '--jsx' flag is provided.
frontend/src/views/dispute-resolution-dialog/index.tsx(297,11): error TS17004: Cannot use JSX unless the '--jsx' flag is provided.
frontend/src/views/doc-architecture/index.tsx(3,32): error TS2307: Cannot find module '@/app/(app)/documents/architecture/client' or its corresponding type declarations.
frontend/src/views/doc-architecture/index.tsx(9,10): error TS17004: Cannot use JSX unless the '--jsx' flag is provided.
frontend/src/views/doc-backend-documentation/client.tsx(3,27): error TS2307: Cannot find module '@/widgets/code-block' or its corresponding type declarations.
frontend/src/views/doc-backend-documentation/client.tsx(12,7): error TS17004: Cannot use JSX unless the '--jsx' flag is provided.
frontend/src/views/doc-backend-documentation/client.tsx(17,7): error TS17004: Cannot use JSX unless the '--jsx' flag is provided.
frontend/src/views/doc-backend-documentation/client.tsx(30,5): error TS17004: Cannot use JSX unless the '--jsx' flag is provided.
frontend/src/views/doc-backend-documentation/client.tsx(31,7): error TS17004: Cannot use JSX unless the '--jsx' flag is provided.
frontend/src/views/doc-backend-documentation/index.tsx(3,40): error TS6142: Module './client' was resolved to '/home/user/studio/frontend/src/views/doc-backend-documentation/client.tsx', but '--jsx' is not set.
frontend/src/views/doc-backend-documentation/index.tsx(9,10): error TS17004: Cannot use JSX unless the '--jsx' flag is provided.
frontend/src/views/doc-backend-production/index.tsx(3,58): error TS2307: Cannot find module '@/shared/ui/card' or its corresponding type declarations.
frontend/src/views/doc-backend-production/index.tsx(4,53): error TS2307: Cannot find module '@/shared/ui/alert' or its corresponding type declarations.
frontend/src/views/doc-backend-production/index.tsx(9,5): error TS17004: Cannot use JSX unless the '--jsx' flag is provided.
frontend/src/views/doc-backend-production/index.tsx(10,7): error TS17004: Cannot use JSX unless the '--jsx' flag is provided.
frontend/src/views/doc-backend-production/index.tsx(11,7): error TS17004: Cannot use JSX unless the '--jsx' flag is provided.
frontend/src/views/doc-backend-production/index.tsx(16,7): error TS17004: Cannot use JSX unless the '--jsx' flag is provided.
frontend/src/views/doc-backend-production/index.tsx(17,9): error TS17004: Cannot use JSX unless the '--jsx' flag is provided.
frontend/src/views/doc-backend-production/index.tsx(18,9): error TS17004: Cannot use JSX unless the '--jsx' flag is provided.
frontend/src/views/doc-backend-production/index.tsx(19,9): error TS17004: Cannot use JSX unless the '--jsx' flag is provided.
frontend/src/views/doc-backend-production/index.tsx(25,7): error TS17004: Cannot use JSX unless the '--jsx' flag is provided.
frontend/src/views/doc-backend-production/index.tsx(26,7): error TS17004: Cannot use JSX unless the '--jsx' flag is provided.
frontend/src/views/doc-backend-production/index.tsx(27,9): error TS17004: Cannot use JSX unless the '--jsx' flag is provided.
frontend/src/views/doc-backend-production/index.tsx(28,11): error TS17004: Cannot use JSX unless the '--jsx' flag is provided.
frontend/src/views/doc-backend-production/index.tsx(29,13): error TS17004: Cannot use JSX unless the '--jsx' flag is provided.
frontend/src/views/doc-backend-production/index.tsx(32,9): error TS17004: Cannot use JSX unless the '--jsx' flag is provided.
frontend/src/views/doc-backend-production/index.tsx(33,11): error TS17004: Cannot use JSX unless the '--jsx' flag is provided.
frontend/src/views/doc-backend-production/index.tsx(34,13): error TS17004: Cannot use JSX unless the '--jsx' flag is provided.
frontend/src/views/doc-backend-production/index.tsx(35,13): error TS17004: Cannot use JSX unless the '--jsx' flag is provided.
frontend/src/views/doc-backend-production/index.tsx(37,11): error TS17004: Cannot use JSX unless the '--jsx' flag is provided.
frontend/src/views/doc-backend-production/index.tsx(38,13): error TS17004: Cannot use JSX unless the '--jsx' flag is provided.
frontend/src/views/doc-backend-production/index.tsx(39,13): error TS17004: Cannot use JSX unless the '--jsx' flag is provided.
frontend/src/views/doc-backend-production/index.tsx(42,11): error TS17004: Cannot use JSX unless the '--jsx' flag is provided.
frontend/src/views/doc-backend-production/index.tsx(43,13): error TS17004: Cannot use JSX unless the '--jsx' flag is provided.
frontend/src/views/doc-backend-production/index.tsx(44,13): error TS17004: Cannot use JSX unless the '--jsx' flag is provided.
frontend/src/views/doc-backend-production/index.tsx(50,7): error TS17004: Cannot use JSX unless the '--jsx' flag is provided.
frontend/src/views/doc-backend-production/index.tsx(51,7): error TS17004: Cannot use JSX unless the '--jsx' flag is provided.
frontend/src/views/doc-backend-production/index.tsx(52,9): error TS17004: Cannot use JSX unless the '--jsx' flag is provided.
frontend/src/views/doc-backend-production/index.tsx(53,11): error TS17004: Cannot use JSX unless the '--jsx' flag is provided.
frontend/src/views/doc-backend-production/index.tsx(54,13): error TS17004: Cannot use JSX unless the '--jsx' flag is provided.
frontend/src/views/doc-backend-production/index.tsx(57,9): error TS17004: Cannot use JSX unless the '--jsx' flag is provided.
frontend/src/views/doc-backend-production/index.tsx(58,11): error TS17004: Cannot use JSX unless the '--jsx' flag is provided.
frontend/src/views/doc-backend-production/index.tsx(59,13): error TS17004: Cannot use JSX unless the '--jsx' flag is provided.
frontend/src/views/doc-backend-production/index.tsx(60,13): error TS17004: Cannot use JSX unless the '--jsx' flag is provided.
frontend/src/views/doc-backend-production/index.tsx(63,11): error TS17004: Cannot use JSX unless the '--jsx' flag is provided.
frontend/src/views/doc-backend-production/index.tsx(64,13): error TS17004: Cannot use JSX unless the '--jsx' flag is provided.
frontend/src/views/doc-backend-production/index.tsx(65,13): error TS17004: Cannot use JSX unless the '--jsx' flag is provided.
frontend/src/views/doc-backend-production/index.tsx(68,11): error TS17004: Cannot use JSX unless the '--jsx' flag is provided.
frontend/src/views/doc-backend-production/index.tsx(69,13): error TS17004: Cannot use JSX unless the '--jsx' flag is provided.
frontend/src/views/doc-backend-production/index.tsx(70,13): error TS17004: Cannot use JSX unless the '--jsx' flag is provided.
frontend/src/views/doc-backend-production/index.tsx(76,7): error TS17004: Cannot use JSX unless the '--jsx' flag is provided.
frontend/src/views/doc-backend-production/index.tsx(77,7): error TS17004: Cannot use JSX unless the '--jsx' flag is provided.
frontend/src/views/doc-backend-roadmap/client.tsx(3,27): error TS2307: Cannot find module '@/widgets/code-block' or its corresponding type declarations.
frontend/src/views/doc-backend-roadmap/client.tsx(12,7): error TS17004: Cannot use JSX unless the '--jsx' flag is provided.
frontend/src/views/doc-backend-roadmap/client.tsx(17,7): error TS17004: Cannot use JSX unless the '--jsx' flag is provided.
frontend/src/views/doc-backend-roadmap/client.tsx(30,5): error TS17004: Cannot use JSX unless the '--jsx' flag is provided.
frontend/src/views/doc-backend-roadmap/client.tsx(31,7): error TS17004: Cannot use JSX unless the '--jsx' flag is provided.
frontend/src/views/doc-backend-roadmap/index.tsx(3,34): error TS6142: Module './client' was resolved to '/home/user/studio/frontend/src/views/doc-backend-roadmap/client.tsx', but '--jsx' is not set.
frontend/src/views/doc-backend-roadmap/index.tsx(9,10): error TS17004: Cannot use JSX unless the '--jsx' flag is provided.
frontend/src/views/doc-med-accreditation/index.tsx(10,8): error TS2307: Cannot find module '@/shared/ui/card' or its corresponding type declarations.
frontend/src/views/doc-med-accreditation/index.tsx(11,24): error TS2307: Cannot find module '@/shared/ui/button' or its corresponding type declarations.
frontend/src/views/doc-med-accreditation/index.tsx(12,23): error TS2307: Cannot find module '@/shared/ui/input' or its corresponding type declarations.
frontend/src/views/doc-med-accreditation/index.tsx(13,23): error TS2307: Cannot find module '@/shared/ui/label' or its corresponding type declarations.
frontend/src/views/doc-med-accreditation/index.tsx(14,26): error TS2307: Cannot find module '@/shared/ui/textarea' or its corresponding type declarations.
frontend/src/views/doc-med-accreditation/index.tsx(15,26): error TS2307: Cannot find module '@/shared/hooks/use-toast' or its corresponding type declarations.
frontend/src/views/doc-med-accreditation/index.tsx(30,5): error TS17004: Cannot use JSX unless the '--jsx' flag is provided.
frontend/src/views/doc-med-accreditation/index.tsx(31,7): error TS17004: Cannot use JSX unless the '--jsx' flag is provided.
frontend/src/views/doc-med-accreditation/index.tsx(32,9): error TS17004: Cannot use JSX unless the '--jsx' flag is provided.
frontend/src/views/doc-med-accreditation/index.tsx(35,9): error TS17004: Cannot use JSX unless the '--jsx' flag is provided.
frontend/src/views/doc-med-accreditation/index.tsx(41,7): error TS17004: Cannot use JSX unless the '--jsx' flag is provided.
frontend/src/views/doc-med-accreditation/index.tsx(42,9): error TS17004: Cannot use JSX unless the '--jsx' flag is provided.
frontend/src/views/doc-med-accreditation/index.tsx(43,11): error TS17004: Cannot use JSX unless the '--jsx' flag is provided.
frontend/src/views/doc-med-accreditation/index.tsx(44,11): error TS17004: Cannot use JSX unless the '--jsx' flag is provided.
frontend/src/views/doc-med-accreditation/index.tsx(49,9): error TS17004: Cannot use JSX unless the '--jsx' flag is provided.
frontend/src/views/doc-med-accreditation/index.tsx(50,11): error TS17004: Cannot use JSX unless the '--jsx' flag is provided.
frontend/src/views/doc-med-accreditation/index.tsx(51,13): error TS17004: Cannot use JSX unless the '--jsx' flag is provided.
frontend/src/views/doc-med-accreditation/index.tsx(52,13): error TS17004: Cannot use JSX unless the '--jsx' flag is provided.
frontend/src/views/doc-med-accreditation/index.tsx(54,11): error TS17004: Cannot use JSX unless the '--jsx' flag is provided.
frontend/src/views/doc-med-accreditation/index.tsx(55,13): error TS17004: Cannot use JSX unless the '--jsx' flag is provided.
frontend/src/views/doc-med-accreditation/index.tsx(56,13): error TS17004: Cannot use JSX unless the '--jsx' flag is provided.
frontend/src/views/doc-med-accreditation/index.tsx(58,11): error TS17004: Cannot use JSX unless the '--jsx' flag is provided.
frontend/src/views/doc-med-accreditation/index.tsx(59,13): error TS17004: Cannot use JSX unless the '--jsx' flag is provided.
frontend/src/views/doc-med-accreditation/index.tsx(60,13): error TS17004: Cannot use JSX unless the '--jsx' flag is provided.
frontend/src/views/doc-med-accreditation/index.tsx(65,11): error TS17004: Cannot use JSX unless the '--jsx' flag is provided.
frontend/src/views/doc-med-accreditation/index.tsx(66,13): error TS17004: Cannot use JSX unless the '--jsx' flag is provided.
frontend/src/views/doc-med-accreditation/index.tsx(67,13): error TS17004: Cannot use JSX unless the '--jsx' flag is provided.
frontend/src/views/doc-med-accreditation/index.tsx(68,15): error TS17004: Cannot use JSX unless the '--jsx' flag is provided.
frontend/src/views/doc-med-accreditation/index.tsx(72,11): error TS17004: Cannot use JSX unless the '--jsx' flag is provided.
frontend/src/views/doc-med-accreditation/index.tsx(73,13): error TS17004: Cannot use JSX unless the '--jsx' flag is provided.
frontend/src/views/doc-med-accreditation/index.tsx(74,13): error TS17004: Cannot use JSX unless the '--jsx' flag is provided.
frontend/src/views/doc-med-accreditation/index.tsx(80,9): error TS17004: Cannot use JSX unless the '--jsx' flag is provided.
frontend/src/views/doc-med-accreditation/index.tsx(81,11): error TS17004: Cannot use JSX unless the '--jsx' flag is provided.
frontend/src/views/doc-med-accreditation/index.tsx(82,13): error TS17004: Cannot use JSX unless the '--jsx' flag is provided.
frontend/src/views/doc-privacy/index.tsx(3,5): error TS17004: Cannot use JSX unless the '--jsx' flag is provided.
frontend/src/views/doc-privacy/index.tsx(4,7): error TS17004: Cannot use JSX unless the '--jsx' flag is provided.
frontend/src/views/doc-privacy/index.tsx(5,7): error TS17004: Cannot use JSX unless the '--jsx' flag is provided.
frontend/src/views/doc-privacy/index.tsx(7,7): error TS17004: Cannot use JSX unless the '--jsx' flag is provided.
frontend/src/views/doc-privacy/index.tsx(8,7): error TS17004: Cannot use JSX unless the '--jsx' flag is provided.
frontend/src/views/doc-privacy/index.tsx(17,7): error TS17004: Cannot use JSX unless the '--jsx' flag is provided.
frontend/src/views/doc-privacy/index.tsx(18,7): error TS17004: Cannot use JSX unless the '--jsx' flag is provided.
frontend/src/views/doc-privacy/index.tsx(22,7): error TS17004: Cannot use JSX unless the '--jsx' flag is provided.
frontend/src/views/doc-privacy/index.tsx(23,9): error TS17004: Cannot use JSX unless the '--jsx' flag is provided.
frontend/src/views/doc-privacy/index.tsx(24,9): error TS17004: Cannot use JSX unless the '--jsx' flag is provided.
frontend/src/views/doc-privacy/index.tsx(28,9): error TS17004: Cannot use JSX unless the '--jsx' flag is provided.
frontend/src/views/doc-privacy/index.tsx(32,9): error TS17004: Cannot use JSX unless the '--jsx' flag is provided.
frontend/src/views/doc-privacy/index.tsx(38,7): error TS17004: Cannot use JSX unless the '--jsx' flag is provided.
frontend/src/views/doc-privacy/index.tsx(39,7): error TS17004: Cannot use JSX unless the '--jsx' flag is provided.
frontend/src/views/doc-privacy/index.tsx(45,7): error TS17004: Cannot use JSX unless the '--jsx' flag is provided.
frontend/src/views/doc-privacy/index.tsx(46,9): error TS17004: Cannot use JSX unless the '--jsx' flag is provided.
frontend/src/views/doc-privacy/index.tsx(51,9): error TS17004: Cannot use JSX unless the '--jsx' flag is provided.
frontend/src/views/doc-privacy/index.tsx(58,7): error TS17004: Cannot use JSX unless the '--jsx' flag is provided.
frontend/src/views/doc-privacy/index.tsx(59,7): error TS17004: Cannot use JSX unless the '--jsx' flag is provided.
frontend/src/views/doc-project-readme/index.tsx(3,58): error TS2307: Cannot find module '@/shared/ui/card' or its corresponding type declarations.
frontend/src/views/doc-project-readme/index.tsx(4,27): error TS2307: Cannot find module '@/widgets/code-block' or its corresponding type declarations.
frontend/src/views/doc-project-readme/index.tsx(65,5): error TS17004: Cannot use JSX unless the '--jsx' flag is provided.
frontend/src/views/doc-project-readme/index.tsx(66,7): error TS17004: Cannot use JSX unless the '--jsx' flag is provided.
frontend/src/views/doc-project-readme/index.tsx(67,9): error TS17004: Cannot use JSX unless the '--jsx' flag is provided.
frontend/src/views/doc-project-readme/index.tsx(76,7): error TS17004: Cannot use JSX unless the '--jsx' flag is provided.
frontend/src/views/doc-project-readme/index.tsx(78,7): error TS17004: Cannot use JSX unless the '--jsx' flag is provided.
frontend/src/views/doc-project-readme/index.tsx(85,7): error TS17004: Cannot use JSX unless the '--jsx' flag is provided.
frontend/src/views/doc-project-readme/index.tsx(92,7): error TS17004: Cannot use JSX unless the '--jsx' flag is provided.
frontend/src/views/doc-project-readme/index.tsx(98,7): error TS17004: Cannot use JSX unless the '--jsx' flag is provided.
frontend/src/views/doc-project-readme/index.tsx(100,7): error TS17004: Cannot use JSX unless the '--jsx' flag is provided.
frontend/src/views/doc-project-readme/index.tsx(101,9): error TS17004: Cannot use JSX unless the '--jsx' flag is provided.
frontend/src/views/doc-project-readme/index.tsx(103,7): error TS17004: Cannot use JSX unless the '--jsx' flag is provided.
frontend/src/views/doc-project-readme/index.tsx(107,9): error TS17004: Cannot use JSX unless the '--jsx' flag is provided.
frontend/src/views/doc-project-readme/index.tsx(110,7): error TS17004: Cannot use JSX unless the '--jsx' flag is provided.
frontend/src/views/doc-project-readme/index.tsx(111,9): error TS17004: Cannot use JSX unless the '--jsx' flag is provided.
frontend/src/views/doc-project-readme/index.tsx(112,11): error TS17004: Cannot use JSX unless the '--jsx' flag is provided.
frontend/src/views/doc-project-readme/index.tsx(113,13): error TS17004: Cannot use JSX unless the '--jsx' flag is provided.
frontend/src/views/doc-project-readme/index.tsx(115,11): error TS17004: Cannot use JSX unless the '--jsx' flag is provided.
frontend/src/views/doc-project-readme/index.tsx(121,9): error TS17004: Cannot use JSX unless the '--jsx' flag is provided.
frontend/src/views/doc-project-readme/index.tsx(122,11): error TS17004: Cannot use JSX unless the '--jsx' flag is provided.
frontend/src/views/doc-project-readme/index.tsx(123,13): error TS17004: Cannot use JSX unless the '--jsx' flag is provided.
frontend/src/views/doc-project-readme/index.tsx(125,11): error TS17004: Cannot use JSX unless the '--jsx' flag is provided.
frontend/src/views/doc-project-readme/index.tsx(131,9): error TS17004: Cannot use JSX unless the '--jsx' flag is provided.
frontend/src/views/doc-project-readme/index.tsx(132,11): error TS17004: Cannot use JSX unless the '--jsx' flag is provided.
frontend/src/views/doc-project-readme/index.tsx(133,13): error TS17004: Cannot use JSX unless the '--jsx' flag is provided.
frontend/src/views/doc-project-readme/index.tsx(135,11): error TS17004: Cannot use JSX unless the '--jsx' flag is provided.
frontend/src/views/doc-project-readme/index.tsx(142,7): error TS17004: Cannot use JSX unless the '--jsx' flag is provided.
frontend/src/views/doc-project-readme/index.tsx(144,7): error TS17004: Cannot use JSX unless the '--jsx' flag is provided.
frontend/src/views/doc-project-readme/index.tsx(145,9): error TS17004: Cannot use JSX unless the '--jsx' flag is provided.
frontend/src/views/doc-project-readme/index.tsx(147,7): error TS17004: Cannot use JSX unless the '--jsx' flag is provided.
frontend/src/views/doc-project-readme/index.tsx(149,11): error TS17004: Cannot use JSX unless the '--jsx' flag is provided.
frontend/src/views/doc-project-readme/index.tsx(153,7): error TS17004: Cannot use JSX unless the '--jsx' flag is provided.
frontend/src/views/doc-project-readme/index.tsx(155,7): error TS17004: Cannot use JSX unless the '--jsx' flag is provided.
frontend/src/views/doc-project-readme/index.tsx(156,9): error TS17004: Cannot use JSX unless the '--jsx' flag is provided.
frontend/src/views/doc-project-readme/index.tsx(159,9): error TS17004: Cannot use JSX unless the '--jsx' flag is provided.
frontend/src/views/doc-project-readme/index.tsx(160,11): error TS17004: Cannot use JSX unless the '--jsx' flag is provided.
frontend/src/views/doc-project-readme/index.tsx(161,13): error TS17004: Cannot use JSX unless the '--jsx' flag is provided.
frontend/src/views/doc-project-readme/index.tsx(163,11): error TS17004: Cannot use JSX unless the '--jsx' flag is provided.
frontend/src/views/doc-project-readme/index.tsx(167,7): error TS17004: Cannot use JSX unless the '--jsx' flag is provided.
frontend/src/views/doc-project-readme/index.tsx(169,7): error TS17004: Cannot use JSX unless the '--jsx' flag is provided.
frontend/src/views/doc-project-readme/index.tsx(170,9): error TS17004: Cannot use JSX unless the '--jsx' flag is provided.
frontend/src/views/doc-project-readme/index.tsx(172,7): error TS17004: Cannot use JSX unless the '--jsx' flag is provided.
frontend/src/views/doc-project-readme/index.tsx(175,9): error TS17004: Cannot use JSX unless the '--jsx' flag is provided.
frontend/src/views/doc-project-readme/index.tsx(177,7): error TS17004: Cannot use JSX unless the '--jsx' flag is provided.
frontend/src/views/doc-project-readme/index.tsx(179,11): error TS17004: Cannot use JSX unless the '--jsx' flag is provided.
frontend/src/views/doc-project-readme/index.tsx(180,13): error TS17004: Cannot use JSX unless the '--jsx' flag is provided.
frontend/src/views/doc-project-readme/index.tsx(181,15): error TS17004: Cannot use JSX unless the '--jsx' flag is provided.
frontend/src/views/doc-project-readme/index.tsx(187,7): error TS17004: Cannot use JSX unless the '--jsx' flag is provided.
frontend/src/views/doc-project-readme/index.tsx(189,7): error TS17004: Cannot use JSX unless the '--jsx' flag is provided.
frontend/src/views/doc-project-readme/index.tsx(190,9): error TS17004: Cannot use JSX unless the '--jsx' flag is provided.
frontend/src/views/doc-project-readme/index.tsx(193,7): error TS17004: Cannot use JSX unless the '--jsx' flag is provided.
frontend/src/views/doc-project-readme/index.tsx(197,7): error TS17004: Cannot use JSX unless the '--jsx' flag is provided.
frontend/src/views/doc-project-readme/index.tsx(199,11): error TS17004: Cannot use JSX unless the '--jsx' flag is provided.
frontend/src/views/doc-schema-analysis/client.tsx(3,27): error TS2307: Cannot find module '@/widgets/code-block' or its corresponding type declarations.
frontend/src/views/doc-schema-analysis/client.tsx(12,7): error TS17004: Cannot use JSX unless the '--jsx' flag is provided.
frontend/src/views/doc-schema-analysis/client.tsx(17,7): error TS17004: Cannot use JSX unless the '--jsx' flag is provided.
frontend/src/views/doc-schema-analysis/client.tsx(30,5): error TS17004: Cannot use JSX unless the '--jsx' flag is provided.
frontend/src/views/doc-schema-analysis/client.tsx(31,7): error TS17004: Cannot use JSX unless the '--jsx' flag is provided.
frontend/src/views/doc-schema-analysis/index.tsx(3,34): error TS6142: Module './client' was resolved to '/home/user/studio/frontend/src/views/doc-schema-analysis/client.tsx', but '--jsx' is not set.
frontend/src/views/doc-schema-analysis/index.tsx(12,10): error TS17004: Cannot use JSX unless the '--jsx' flag is provided.
frontend/src/views/doc-terms/index.tsx(3,5): error TS17004: Cannot use JSX unless the '--jsx' flag is provided.
frontend/src/views/doc-terms/index.tsx(4,7): error TS17004: Cannot use JSX unless the '--jsx' flag is provided.
frontend/src/views/doc-terms/index.tsx(5,7): error TS17004: Cannot use JSX unless the '--jsx' flag is provided.
frontend/src/views/doc-terms/index.tsx(7,7): error TS17004: Cannot use JSX unless the '--jsx' flag is provided.
frontend/src/views/doc-terms/index.tsx(8,7): error TS17004: Cannot use JSX unless the '--jsx' flag is provided.
frontend/src/views/doc-terms/index.tsx(15,7): error TS17004: Cannot use JSX unless the '--jsx' flag is provided.
frontend/src/views/doc-terms/index.tsx(16,7): error TS17004: Cannot use JSX unless the '--jsx' flag is provided.
frontend/src/views/doc-terms/index.tsx(24,7): error TS17004: Cannot use JSX unless the '--jsx' flag is provided.
frontend/src/views/doc-terms/index.tsx(25,7): error TS17004: Cannot use JSX unless the '--jsx' flag is provided.
frontend/src/views/doc-terms/index.tsx(26,7): error TS17004: Cannot use JSX unless the '--jsx' flag is provided.
frontend/src/views/doc-terms/index.tsx(27,9): error TS17004: Cannot use JSX unless the '--jsx' flag is provided.
frontend/src/views/doc-terms/index.tsx(31,9): error TS17004: Cannot use JSX unless the '--jsx' flag is provided.
frontend/src/views/doc-terms/index.tsx(32,9): error TS17004: Cannot use JSX unless the '--jsx' flag is provided.
frontend/src/views/doc-terms/index.tsx(34,7): error TS17004: Cannot use JSX unless the '--jsx' flag is provided.
frontend/src/views/doc-terms/index.tsx(39,7): error TS17004: Cannot use JSX unless the '--jsx' flag is provided.
frontend/src/views/doc-terms/index.tsx(40,7): error TS17004: Cannot use JSX unless the '--jsx' flag is provided.
frontend/src/views/doc-terms/index.tsx(48,7): error TS17004: Cannot use JSX unless the '--jsx' flag is provided.
frontend/src/views/doc-terms/index.tsx(49,7): error TS17004: Cannot use JSX unless the '--jsx' flag is provided.
frontend/src/views/doc-user-guide/index.tsx(3,29): error TS2307: Cannot find module '@/app/(app)/documents/user-guide/client' or its corresponding type declarations.
frontend/src/views/doc-user-guide/index.tsx(9,10): error TS17004: Cannot use JSX unless the '--jsx' flag is provided.
frontend/src/views/doc-vision/index.tsx(3,58): error TS2307: Cannot find module '@/shared/ui/card' or its corresponding type declarations.
frontend/src/views/doc-vision/index.tsx(8,5): error TS17004: Cannot use JSX unless the '--jsx' flag is provided.
frontend/src/views/doc-vision/index.tsx(9,7): error TS17004: Cannot use JSX unless the '--jsx' flag is provided.
frontend/src/views/doc-vision/index.tsx(10,7): error TS17004: Cannot use JSX unless the '--jsx' flag is provided.
frontend/src/views/doc-vision/index.tsx(16,7): error TS17004: Cannot use JSX unless the '--jsx' flag is provided.
frontend/src/views/doc-vision/index.tsx(17,7): error TS17004: Cannot use JSX unless the '--jsx' flag is provided.
frontend/src/views/doc-vision/index.tsx(24,7): error TS17004: Cannot use JSX unless the '--jsx' flag is provided.
frontend/src/views/doc-vision/index.tsx(25,7): error TS17004: Cannot use JSX unless the '--jsx' flag is provided.
frontend/src/views/doc-vision/index.tsx(26,9): error TS17004: Cannot use JSX unless the '--jsx' flag is provided.
frontend/src/views/doc-vision/index.tsx(27,11): error TS17004: Cannot use JSX unless the '--jsx' flag is provided.
frontend/src/views/doc-vision/index.tsx(28,13): error TS17004: Cannot use JSX unless the '--jsx' flag is provided.
frontend/src/views/doc-vision/index.tsx(29,13): error TS17004: Cannot use JSX unless the '--jsx' flag is provided.
frontend/src/views/doc-vision/index.tsx(31,11): error TS17004: Cannot use JSX unless the '--jsx' flag is provided.
frontend/src/views/doc-vision/index.tsx(36,9): error TS17004: Cannot use JSX unless the '--jsx' flag is provided.
frontend/src/views/doc-vision/index.tsx(37,11): error TS17004: Cannot use JSX unless the '--jsx' flag is provided.
frontend/src/views/doc-vision/index.tsx(38,13): error TS17004: Cannot use JSX unless the '--jsx' flag is provided.
frontend/src/views/doc-vision/index.tsx(39,13): error TS17004: Cannot use JSX unless the '--jsx' flag is provided.
frontend/src/views/doc-vision/index.tsx(41,11): error TS17004: Cannot use JSX unless the '--jsx' flag is provided.
frontend/src/views/doc-vision/index.tsx(46,9): error TS17004: Cannot use JSX unless the '--jsx' flag is provided.
frontend/src/views/doc-vision/index.tsx(47,11): error TS17004: Cannot use JSX unless the '--jsx' flag is provided.
frontend/src/views/doc-vision/index.tsx(48,13): error TS17004: Cannot use JSX unless the '--jsx' flag is provided.
frontend/src/views/doc-vision/index.tsx(49,13): error TS17004: Cannot use JSX unless the '--jsx' flag is provided.
frontend/src/views/doc-vision/index.tsx(51,11): error TS17004: Cannot use JSX unless the '--jsx' flag is provided.
frontend/src/views/doc-vision/index.tsx(56,9): error TS17004: Cannot use JSX unless the '--jsx' flag is provided.
frontend/src/views/doc-vision/index.tsx(57,11): error TS17004: Cannot use JSX unless the '--jsx' flag is provided.
frontend/src/views/doc-vision/index.tsx(58,13): error TS17004: Cannot use JSX unless the '--jsx' flag is provided.
frontend/src/views/doc-vision/index.tsx(59,13): error TS17004: Cannot use JSX unless the '--jsx' flag is provided.
frontend/src/views/doc-vision/index.tsx(61,11): error TS17004: Cannot use JSX unless the '--jsx' flag is provided.
frontend/src/views/exercise-details/index.tsx(11,8): error TS2307: Cannot find module '@/shared/ui/card' or its corresponding type declarations.
frontend/src/views/exercise-details/index.tsx(12,23): error TS2307: Cannot find module '@/shared/ui/badge' or its corresponding type declarations.
frontend/src/views/exercise-details/index.tsx(20,38): error TS2307: Cannot find module '@/shared/lib/get-training-analytics' or its corresponding type declarations.
frontend/src/views/exercise-details/index.tsx(21,44): error TS2307: Cannot find module '@/widgets/analytics-charts/personal-record-chart' or its corresponding type declarations.
frontend/src/views/exercise-details/index.tsx(22,38): error TS2307: Cannot find module '@/widgets/exercise-history-table' or its corresponding type declarations.
frontend/src/views/exercise-details/index.tsx(25,31): error TS2307: Cannot find module '@/entities/exercise/model/types' or its corresponding type declarations.
frontend/src/views/exercise-details/index.tsx(26,29): error TS2307: Cannot find module '@/shared/context/training-provider' or its corresponding type declarations.
frontend/src/views/exercise-details/index.tsx(50,5): error TS17004: Cannot use JSX unless the '--jsx' flag is provided.
frontend/src/views/exercise-details/index.tsx(51,7): error TS17004: Cannot use JSX unless the '--jsx' flag is provided.
frontend/src/views/exercise-details/index.tsx(52,9): error TS17004: Cannot use JSX unless the '--jsx' flag is provided.
frontend/src/views/exercise-details/index.tsx(55,9): error TS17004: Cannot use JSX unless the '--jsx' flag is provided.
frontend/src/views/exercise-details/index.tsx(56,11): error TS17004: Cannot use JSX unless the '--jsx' flag is provided.
frontend/src/views/exercise-details/index.tsx(57,11): error TS17004: Cannot use JSX unless the '--jsx' flag is provided.
frontend/src/views/exercise-details/index.tsx(61,7): error TS17004: Cannot use JSX unless the '--jsx' flag is provided.
frontend/src/views/exercise-details/index.tsx(62,9): error TS17004: Cannot use JSX unless the '--jsx' flag is provided.
frontend/src/views/exercise-details/index.tsx(63,11): error TS17004: Cannot use JSX unless the '--jsx' flag is provided.
frontend/src/views/exercise-details/index.tsx(64,13): error TS17004: Cannot use JSX unless the '--jsx' flag is provided.
frontend/src/views/exercise-details/index.tsx(65,15): error TS17004: Cannot use JSX unless the '--jsx' flag is provided.
frontend/src/views/exercise-details/index.tsx(67,19): error TS17004: Cannot use JSX unless the '--jsx' flag is provided.
frontend/src/views/exercise-details/index.tsx(75,19): error TS17004: Cannot use JSX unless the '--jsx' flag is provided.
frontend/src/views/exercise-details/index.tsx(85,13): error TS17004: Cannot use JSX unless the '--jsx' flag is provided.
frontend/src/views/exercise-details/index.tsx(86,15): error TS17004: Cannot use JSX unless the '--jsx' flag is provided.
frontend/src/views/exercise-details/index.tsx(93,13): error TS17004: Cannot use JSX unless the '--jsx' flag is provided.
frontend/src/views/exercise-details/index.tsx(94,15): error TS17004: Cannot use JSX unless the '--jsx' flag is provided.
frontend/src/views/exercise-details/index.tsx(95,17): error TS17004: Cannot use JSX unless the '--jsx' flag is provided.
frontend/src/views/exercise-details/index.tsx(96,19): error TS17004: Cannot use JSX unless the '--jsx' flag is provided.
frontend/src/views/exercise-details/index.tsx(99,17): error TS17004: Cannot use JSX unless the '--jsx' flag is provided.
frontend/src/views/exercise-details/index.tsx(103,15): error TS17004: Cannot use JSX unless the '--jsx' flag is provided.
frontend/src/views/exercise-details/index.tsx(104,17): error TS17004: Cannot use JSX unless the '--jsx' flag is provided.
frontend/src/views/exercise-details/index.tsx(110,9): error TS17004: Cannot use JSX unless the '--jsx' flag is provided.
frontend/src/views/exercise-details/index.tsx(111,11): error TS17004: Cannot use JSX unless the '--jsx' flag is provided.
frontend/src/views/exercise-details/index.tsx(112,13): error TS17004: Cannot use JSX unless the '--jsx' flag is provided.
frontend/src/views/exercise-details/index.tsx(113,15): error TS17004: Cannot use JSX unless the '--jsx' flag is provided.
frontend/src/views/exercise-details/index.tsx(115,13): error TS17004: Cannot use JSX unless the '--jsx' flag is provided.
frontend/src/views/exercise-details/index.tsx(117,17): error TS17004: Cannot use JSX unless the '--jsx' flag is provided.
frontend/src/views/exercise-details/index.tsx(118,19): error TS17004: Cannot use JSX unless the '--jsx' flag is provided.
frontend/src/views/exercise-details/index.tsx(119,21): error TS17004: Cannot use JSX unless the '--jsx' flag is provided.
frontend/src/views/exercise-details/index.tsx(122,21): error TS17004: Cannot use JSX unless the '--jsx' flag is provided.
frontend/src/views/exercise-details/index.tsx(123,23): error TS17004: Cannot use JSX unless the '--jsx' flag is provided.
frontend/src/views/exercise-details/index.tsx(126,21): error TS17004: Cannot use JSX unless the '--jsx' flag is provided.
frontend/src/views/exercise-details/index.tsx(134,19): error TS17004: Cannot use JSX unless the '--jsx' flag is provided.
frontend/src/views/exercise-details/index.tsx(135,21): error TS17004: Cannot use JSX unless the '--jsx' flag is provided.
frontend/src/views/exercise-details/index.tsx(136,21): error TS17004: Cannot use JSX unless the '--jsx' flag is provided.
frontend/src/views/exercise-details/index.tsx(138,19): error TS17004: Cannot use JSX unless the '--jsx' flag is provided.
frontend/src/views/exercise-details/index.tsx(139,21): error TS17004: Cannot use JSX unless the '--jsx' flag is provided.
frontend/src/views/exercise-details/index.tsx(140,21): error TS17004: Cannot use JSX unless the '--jsx' flag is provided.
frontend/src/views/exercise-details/index.tsx(141,23): error TS17004: Cannot use JSX unless the '--jsx' flag is provided.
frontend/src/views/exercise-details/index.tsx(147,17): error TS17004: Cannot use JSX unless the '--jsx' flag is provided.
frontend/src/views/exercise-details/index.tsx(155,11): error TS17004: Cannot use JSX unless the '--jsx' flag is provided.
frontend/src/views/exercise-details/index.tsx(156,13): error TS17004: Cannot use JSX unless the '--jsx' flag is provided.
frontend/src/views/exercise-details/index.tsx(157,15): error TS17004: Cannot use JSX unless the '--jsx' flag is provided.
frontend/src/views/exercise-details/index.tsx(158,17): error TS17004: Cannot use JSX unless the '--jsx' flag is provided.
frontend/src/views/exercise-details/index.tsx(161,13): error TS17004: Cannot use JSX unless the '--jsx' flag is provided.
frontend/src/views/exercise-details/index.tsx(162,15): error TS17004: Cannot use JSX unless the '--jsx' flag is provided.
frontend/src/views/exercise-details/index.tsx(164,19): error TS17004: Cannot use JSX unless the '--jsx' flag is provided.
frontend/src/views/exercise-details/index.tsx(170,11): error TS17004: Cannot use JSX unless the '--jsx' flag is provided.
frontend/src/views/exercise-details/index.tsx(171,13): error TS17004: Cannot use JSX unless the '--jsx' flag is provided.
frontend/src/views/exercise-details/index.tsx(172,15): error TS17004: Cannot use JSX unless the '--jsx' flag is provided.
frontend/src/views/exercise-details/index.tsx(173,17): error TS17004: Cannot use JSX unless the '--jsx' flag is provided.
frontend/src/views/exercise-details/index.tsx(176,13): error TS17004: Cannot use JSX unless the '--jsx' flag is provided.
frontend/src/views/exercise-details/index.tsx(177,15): error TS17004: Cannot use JSX unless the '--jsx' flag is provided.
frontend/src/views/exercise-details/index.tsx(179,19): error TS17004: Cannot use JSX unless the '--jsx' flag is provided.
frontend/src/views/exercise-details/index.tsx(188,9): error TS17004: Cannot use JSX unless the '--jsx' flag is provided.
frontend/src/views/exercise-details/index.tsx(189,11): error TS17004: Cannot use JSX unless the '--jsx' flag is provided.
frontend/src/views/exercise-details/index.tsx(190,13): error TS17004: Cannot use JSX unless the '--jsx' flag is provided.
frontend/src/views/exercise-details/index.tsx(191,13): error TS17004: Cannot use JSX unless the '--jsx' flag is provided.
frontend/src/views/exercise-details/index.tsx(195,11): error TS17004: Cannot use JSX unless the '--jsx' flag is provided.
frontend/src/views/exercise-details/index.tsx(196,13): error TS17004: Cannot use JSX unless the '--jsx' flag is provided.
frontend/src/views/exercises-catalog/index.tsx(4,58): error TS2307: Cannot find module '@/shared/ui/card' or its corresponding type declarations.
frontend/src/views/exercises-catalog/index.tsx(5,24): error TS2307: Cannot find module '@/shared/ui/button' or its corresponding type declarations.
frontend/src/views/exercises-catalog/index.tsx(6,23): error TS2307: Cannot find module '@/shared/ui/badge' or its corresponding type declarations.
frontend/src/views/exercises-catalog/index.tsx(7,23): error TS2307: Cannot find module '@/shared/ui/input' or its corresponding type declarations.
frontend/src/views/exercises-catalog/index.tsx(10,30): error TS2307: Cannot find module '@/entities/exercise/api/get-exercises' or its corresponding type declarations.
frontend/src/views/exercises-catalog/index.tsx(11,31): error TS2307: Cannot find module '@/entities/exercise/model/types' or its corresponding type declarations.
frontend/src/views/exercises-catalog/index.tsx(12,26): error TS2307: Cannot find module '@/shared/ui/skeleton' or its corresponding type declarations.
frontend/src/views/exercises-catalog/index.tsx(13,26): error TS2307: Cannot find module '@/shared/hooks/use-toast' or its corresponding type declarations.
frontend/src/views/exercises-catalog/index.tsx(80,5): error TS17004: Cannot use JSX unless the '--jsx' flag is provided.
frontend/src/views/exercises-catalog/index.tsx(81,7): error TS17004: Cannot use JSX unless the '--jsx' flag is provided.
frontend/src/views/exercises-catalog/index.tsx(82,9): error TS17004: Cannot use JSX unless the '--jsx' flag is provided.
frontend/src/views/exercises-catalog/index.tsx(85,9): error TS17004: Cannot use JSX unless the '--jsx' flag is provided.
frontend/src/views/exercises-catalog/index.tsx(90,7): error TS17004: Cannot use JSX unless the '--jsx' flag is provided.
frontend/src/views/exercises-catalog/index.tsx(91,9): error TS17004: Cannot use JSX unless the '--jsx' flag is provided.
frontend/src/views/exercises-catalog/index.tsx(92,11): error TS17004: Cannot use JSX unless the '--jsx' flag is provided.
frontend/src/views/exercises-catalog/index.tsx(93,13): error TS17004: Cannot use JSX unless the '--jsx' flag is provided.
frontend/src/views/exercises-catalog/index.tsx(94,13): error TS17004: Cannot use JSX unless the '--jsx' flag is provided.
frontend/src/views/exercises-catalog/index.tsx(101,11): error TS17004: Cannot use JSX unless the '--jsx' flag is provided.
frontend/src/views/exercises-catalog/index.tsx(102,13): error TS17004: Cannot use JSX unless the '--jsx' flag is provided.
frontend/src/views/exercises-catalog/index.tsx(104,15): error TS17004: Cannot use JSX unless the '--jsx' flag is provided.
frontend/src/views/exercises-catalog/index.tsx(113,11): error TS17004: Cannot use JSX unless the '--jsx' flag is provided.
frontend/src/views/exercises-catalog/index.tsx(114,13): error TS17004: Cannot use JSX unless the '--jsx' flag is provided.
frontend/src/views/exercises-catalog/index.tsx(116,15): error TS17004: Cannot use JSX unless the '--jsx' flag is provided.
frontend/src/views/exercises-catalog/index.tsx(129,9): error TS17004: Cannot use JSX unless the '--jsx' flag is provided.
frontend/src/views/exercises-catalog/index.tsx(131,13): error TS17004: Cannot use JSX unless the '--jsx' flag is provided.
frontend/src/views/exercises-catalog/index.tsx(135,9): error TS17004: Cannot use JSX unless the '--jsx' flag is provided.
frontend/src/views/exercises-catalog/index.tsx(137,13): error TS17004: Cannot use JSX unless the '--jsx' flag is provided.
frontend/src/views/exercises-catalog/index.tsx(142,15): error TS17004: Cannot use JSX unless the '--jsx' flag is provided.
frontend/src/views/exercises-catalog/index.tsx(143,17): error TS17004: Cannot use JSX unless the '--jsx' flag is provided.
frontend/src/views/exercises-catalog/index.tsx(144,19): error TS17004: Cannot use JSX unless the '--jsx' flag is provided.
frontend/src/views/exercises-catalog/index.tsx(152,17): error TS17004: Cannot use JSX unless the '--jsx' flag is provided.
frontend/src/views/exercises-catalog/index.tsx(153,19): error TS17004: Cannot use JSX unless the '--jsx' flag is provided.
frontend/src/views/exercises-catalog/index.tsx(154,19): error TS17004: Cannot use JSX unless the '--jsx' flag is provided.
frontend/src/views/exercises-catalog/index.tsx(155,21): error TS17004: Cannot use JSX unless the '--jsx' flag is provided.
frontend/src/views/exercises-catalog/index.tsx(156,21): error TS17004: Cannot use JSX unless the '--jsx' flag is provided.
frontend/src/views/exercises-catalog/index.tsx(163,13): error TS17004: Cannot use JSX unless the '--jsx' flag is provided.
frontend/src/views/exercises-catalog/index.tsx(164,15): error TS17004: Cannot use JSX unless the '--jsx' flag is provided.
frontend/src/views/fan-profile-demo/index.tsx(1,23): error TS2307: Cannot find module '@/app/(app)/administration/fan/client' or its corresponding type declarations.
frontend/src/views/fan-profile-demo/index.tsx(2,34): error TS2307: Cannot find module '@/entities/user/api/get-user' or its corresponding type declarations.
frontend/src/views/fan-profile-demo/index.tsx(3,40): error TS2307: Cannot find module '@/entities/achievement/api/achievements' or its corresponding type declarations.
frontend/src/views/fan-profile-demo/index.tsx(4,26): error TS2307: Cannot find module '@/entities/team/api/teams' or its corresponding type declarations.
frontend/src/views/fan-profile-demo/index.tsx(24,5): error TS17004: Cannot use JSX unless the '--jsx' flag is provided.
frontend/src/views/fan-profile/index.tsx(1,54): error TS2307: Cannot find module '@/views/fan-profile-demo' or its corresponding type declarations.
frontend/src/views/fan-profile/index.tsx(4,10): error TS17004: Cannot use JSX unless the '--jsx' flag is provided.
frontend/src/views/fan-zone/index.tsx(10,8): error TS2307: Cannot find module '@/shared/ui/card' or its corresponding type declarations.
frontend/src/views/fan-zone/index.tsx(11,26): error TS2307: Cannot find module '@/widgets/poll-card' or its corresponding type declarations.
frontend/src/views/fan-zone/index.tsx(15,24): error TS2307: Cannot find module '@/shared/ui/button' or its corresponding type declarations.
frontend/src/views/fan-zone/index.tsx(16,38): error TS2307: Cannot find module '@/widgets/match-of-the-week' or its corresponding type declarations.
frontend/src/views/fan-zone/index.tsx(17,26): error TS2307: Cannot find module '@/entities/team/api/teams' or its corresponding type declarations.
frontend/src/views/fan-zone/index.tsx(18,31): error TS2307: Cannot find module '@/entities/promotion/api/promotions' or its corresponding type declarations.
frontend/src/views/fan-zone/index.tsx(19,27): error TS2307: Cannot find module '@/entities/team/model/types' or its corresponding type declarations.
frontend/src/views/fan-zone/index.tsx(20,32): error TS2307: Cannot find module '@/entities/promotion/model/types' or its corresponding type declarations.
frontend/src/views/fan-zone/index.tsx(21,26): error TS2307: Cannot find module '@/shared/ui/skeleton' or its corresponding type declarations.
frontend/src/views/fan-zone/index.tsx(22,43): error TS2307: Cannot find module '@/entities/poll/api/polls' or its corresponding type declarations.
frontend/src/views/fan-zone/index.tsx(23,27): error TS2307: Cannot find module '@/entities/poll/model/types' or its corresponding type declarations.
frontend/src/views/fan-zone/index.tsx(24,26): error TS2307: Cannot find module '@/shared/hooks/use-toast' or its corresponding type declarations.
frontend/src/views/fan-zone/index.tsx(77,5): error TS17004: Cannot use JSX unless the '--jsx' flag is provided.
frontend/src/views/fan-zone/index.tsx(78,7): error TS17004: Cannot use JSX unless the '--jsx' flag is provided.
frontend/src/views/fan-zone/index.tsx(79,9): error TS17004: Cannot use JSX unless the '--jsx' flag is provided.
frontend/src/views/fan-zone/index.tsx(82,9): error TS17004: Cannot use JSX unless the '--jsx' flag is provided.
frontend/src/views/fan-zone/index.tsx(88,7): error TS17004: Cannot use JSX unless the '--jsx' flag is provided.
frontend/src/views/fan-zone/index.tsx(89,9): error TS17004: Cannot use JSX unless the '--jsx' flag is provided.
frontend/src/views/fan-zone/index.tsx(90,11): error TS17004: Cannot use JSX unless the '--jsx' flag is provided.
frontend/src/views/fan-zone/index.tsx(91,11): error TS17004: Cannot use JSX unless the '--jsx' flag is provided.
frontend/src/views/fan-zone/index.tsx(92,13): error TS17004: Cannot use JSX unless the '--jsx' flag is provided.
frontend/src/views/fan-zone/index.tsx(93,15): error TS17004: Cannot use JSX unless the '--jsx' flag is provided.
frontend/src/views/fan-zone/index.tsx(94,17): error TS17004: Cannot use JSX unless the '--jsx' flag is provided.
frontend/src/views/fan-zone/index.tsx(97,15): error TS17004: Cannot use JSX unless the '--jsx' flag is provided.
frontend/src/views/fan-zone/index.tsx(102,13): error TS17004: Cannot use JSX unless the '--jsx' flag is provided.
frontend/src/views/fan-zone/index.tsx(104,17): error TS17004: Cannot use JSX unless the '--jsx' flag is provided.
frontend/src/views/fan-zone/index.tsx(106,19): error TS17004: Cannot use JSX unless the '--jsx' flag is provided.
frontend/src/views/fan-zone/index.tsx(107,19): error TS17004: Cannot use JSX unless the '--jsx' flag is provided.
frontend/src/views/fan-zone/index.tsx(111,19): error TS17004: Cannot use JSX unless the '--jsx' flag is provided.
frontend/src/views/fan-zone/index.tsx(115,21): error TS17004: Cannot use JSX unless the '--jsx' flag is provided.
frontend/src/views/fan-zone/index.tsx(116,23): error TS17004: Cannot use JSX unless the '--jsx' flag is provided.
frontend/src/views/fan-zone/index.tsx(124,21): error TS17004: Cannot use JSX unless the '--jsx' flag is provided.
frontend/src/views/fan-zone/index.tsx(125,23): error TS17004: Cannot use JSX unless the '--jsx' flag is provided.
frontend/src/views/fan-zone/index.tsx(126,23): error TS17004: Cannot use JSX unless the '--jsx' flag is provided.
frontend/src/views/fan-zone/index.tsx(129,23): error TS17004: Cannot use JSX unless the '--jsx' flag is provided.
frontend/src/views/fan-zone/index.tsx(130,25): error TS17004: Cannot use JSX unless the '--jsx' flag is provided.
frontend/src/views/fan-zone/index.tsx(139,9): error TS17004: Cannot use JSX unless the '--jsx' flag is provided.
frontend/src/views/fan-zone/index.tsx(140,11): error TS17004: Cannot use JSX unless the '--jsx' flag is provided.
frontend/src/views/fan-zone/index.tsx(141,13): error TS17004: Cannot use JSX unless the '--jsx' flag is provided.
frontend/src/views/fan-zone/index.tsx(142,15): error TS17004: Cannot use JSX unless the '--jsx' flag is provided.
frontend/src/views/fan-zone/index.tsx(143,15): error TS17004: Cannot use JSX unless the '--jsx' flag is provided.
frontend/src/views/fan-zone/index.tsx(147,13): error TS17004: Cannot use JSX unless the '--jsx' flag is provided.
frontend/src/views/fan-zone/index.tsx(150,21): error TS17004: Cannot use JSX unless the '--jsx' flag is provided.
frontend/src/views/fan-zone/index.tsx(153,21): error TS17004: Cannot use JSX unless the '--jsx' flag is provided.
frontend/src/views/fan-zone/index.tsx(158,23): error TS17004: Cannot use JSX unless the '--jsx' flag is provided.
frontend/src/views/fan-zone/index.tsx(159,25): error TS17004: Cannot use JSX unless the '--jsx' flag is provided.
frontend/src/views/fan-zone/index.tsx(167,25): error TS17004: Cannot use JSX unless the '--jsx' flag is provided.
frontend/src/views/fan-zone/index.tsx(168,27): error TS17004: Cannot use JSX unless the '--jsx' flag is provided.
frontend/src/views/fan-zone/index.tsx(175,11): error TS17004: Cannot use JSX unless the '--jsx' flag is provided.
frontend/src/views/fan-zone/index.tsx(176,13): error TS17004: Cannot use JSX unless the '--jsx' flag is provided.
frontend/src/views/fan-zone/index.tsx(177,15): error TS17004: Cannot use JSX unless the '--jsx' flag is provided.
frontend/src/views/fan-zone/index.tsx(178,17): error TS17004: Cannot use JSX unless the '--jsx' flag is provided.
frontend/src/views/fan-zone/index.tsx(181,15): error TS17004: Cannot use JSX unless the '--jsx' flag is provided.
frontend/src/views/fan-zone/index.tsx(186,13): error TS17004: Cannot use JSX unless the '--jsx' flag is provided.
frontend/src/views/fan-zone/index.tsx(188,17): error TS17004: Cannot use JSX unless the '--jsx' flag is provided.
frontend/src/views/fan-zone/index.tsx(190,17): error TS17004: Cannot use JSX unless the '--jsx' flag is provided.
frontend/src/views/friends/index.tsx(10,8): error TS2307: Cannot find module '@/shared/ui/card' or its corresponding type declarations.
frontend/src/views/friends/index.tsx(11,58): error TS2307: Cannot find module '@/shared/ui/tabs' or its corresponding type declarations.
frontend/src/views/friends/index.tsx(12,24): error TS2307: Cannot find module '@/shared/ui/button' or its corresponding type declarations.
frontend/src/views/friends/index.tsx(13,53): error TS2307: Cannot find module '@/shared/ui/avatar' or its corresponding type declarations.
frontend/src/views/friends/index.tsx(14,23): error TS2307: Cannot find module '@/shared/ui/badge' or its corresponding type declarations.
frontend/src/views/friends/index.tsx(16,26): error TS2307: Cannot find module '@/shared/hooks/use-toast' or its corresponding type declarations.
frontend/src/views/friends/index.tsx(17,26): error TS2307: Cannot find module '@/shared/ui/skeleton' or its corresponding type declarations.
frontend/src/views/friends/index.tsx(29,8): error TS2307: Cannot find module '@/entities/user/api/friends' or its corresponding type declarations.
frontend/src/views/friends/index.tsx(32,3): error TS17004: Cannot use JSX unless the '--jsx' flag is provided.
frontend/src/views/friends/index.tsx(33,5): error TS17004: Cannot use JSX unless the '--jsx' flag is provided.
frontend/src/views/friends/index.tsx(34,7): error TS17004: Cannot use JSX unless the '--jsx' flag is provided.
frontend/src/views/friends/index.tsx(35,7): error TS17004: Cannot use JSX unless the '--jsx' flag is provided.
frontend/src/views/friends/index.tsx(36,9): error TS17004: Cannot use JSX unless the '--jsx' flag is provided.
frontend/src/views/friends/index.tsx(37,9): error TS17004: Cannot use JSX unless the '--jsx' flag is provided.
frontend/src/views/friends/index.tsx(40,5): error TS17004: Cannot use JSX unless the '--jsx' flag is provided.
frontend/src/views/friends/index.tsx(41,7): error TS17004: Cannot use JSX unless the '--jsx' flag is provided.
frontend/src/views/friends/index.tsx(42,7): error TS17004: Cannot use JSX unless the '--jsx' flag is provided.
frontend/src/views/friends/index.tsx(54,3): error TS17004: Cannot use JSX unless the '--jsx' flag is provided.
frontend/src/views/friends/index.tsx(56,7): error TS17004: Cannot use JSX unless the '--jsx' flag is provided.
frontend/src/views/friends/index.tsx(57,9): error TS17004: Cannot use JSX unless the '--jsx' flag is provided.
frontend/src/views/friends/index.tsx(58,11): error TS17004: Cannot use JSX unless the '--jsx' flag is provided.
frontend/src/views/friends/index.tsx(59,13): error TS17004: Cannot use JSX unless the '--jsx' flag is provided.
frontend/src/views/friends/index.tsx(64,13): error TS17004: Cannot use JSX unless the '--jsx' flag is provided.
frontend/src/views/friends/index.tsx(66,11): error TS17004: Cannot use JSX unless the '--jsx' flag is provided.
frontend/src/views/friends/index.tsx(67,13): error TS17004: Cannot use JSX unless the '--jsx' flag is provided.
frontend/src/views/friends/index.tsx(68,13): error TS17004: Cannot use JSX unless the '--jsx' flag is provided.
frontend/src/views/friends/index.tsx(75,9): error TS17004: Cannot use JSX unless the '--jsx' flag is provided.
frontend/src/views/friends/index.tsx(76,11): error TS17004: Cannot use JSX unless the '--jsx' flag is provided.
frontend/src/views/friends/index.tsx(77,13): error TS17004: Cannot use JSX unless the '--jsx' flag is provided.
frontend/src/views/friends/index.tsx(79,11): error TS17004: Cannot use JSX unless the '--jsx' flag is provided.
frontend/src/views/friends/index.tsx(85,13): error TS17004: Cannot use JSX unless the '--jsx' flag is provided.
frontend/src/views/friends/index.tsx(102,3): error TS17004: Cannot use JSX unless the '--jsx' flag is provided.
frontend/src/views/friends/index.tsx(104,7): error TS17004: Cannot use JSX unless the '--jsx' flag is provided.
frontend/src/views/friends/index.tsx(105,9): error TS17004: Cannot use JSX unless the '--jsx' flag is provided.
frontend/src/views/friends/index.tsx(106,11): error TS17004: Cannot use JSX unless the '--jsx' flag is provided.
frontend/src/views/friends/index.tsx(107,13): error TS17004: Cannot use JSX unless the '--jsx' flag is provided.
frontend/src/views/friends/index.tsx(112,13): error TS17004: Cannot use JSX unless the '--jsx' flag is provided.
frontend/src/views/friends/index.tsx(114,11): error TS17004: Cannot use JSX unless the '--jsx' flag is provided.
frontend/src/views/friends/index.tsx(115,13): error TS17004: Cannot use JSX unless the '--jsx' flag is provided.
frontend/src/views/friends/index.tsx(116,13): error TS17004: Cannot use JSX unless the '--jsx' flag is provided.
frontend/src/views/friends/index.tsx(121,9): error TS17004: Cannot use JSX unless the '--jsx' flag is provided.
frontend/src/views/friends/index.tsx(122,11): error TS17004: Cannot use JSX unless the '--jsx' flag is provided.
frontend/src/views/friends/index.tsx(128,13): error TS17004: Cannot use JSX unless the '--jsx' flag is provided.
frontend/src/views/friends/index.tsx(130,11): error TS17004: Cannot use JSX unless the '--jsx' flag is provided.
frontend/src/views/friends/index.tsx(136,13): error TS17004: Cannot use JSX unless the '--jsx' flag is provided.
frontend/src/views/friends/index.tsx(151,3): error TS17004: Cannot use JSX unless the '--jsx' flag is provided.
frontend/src/views/friends/index.tsx(153,7): error TS17004: Cannot use JSX unless the '--jsx' flag is provided.
frontend/src/views/friends/index.tsx(157,9): error TS17004: Cannot use JSX unless the '--jsx' flag is provided.
frontend/src/views/friends/index.tsx(158,11): error TS17004: Cannot use JSX unless the '--jsx' flag is provided.
frontend/src/views/friends/index.tsx(159,13): error TS17004: Cannot use JSX unless the '--jsx' flag is provided.
frontend/src/views/friends/index.tsx(164,13): error TS17004: Cannot use JSX unless the '--jsx' flag is provided.
frontend/src/views/friends/index.tsx(166,11): error TS17004: Cannot use JSX unless the '--jsx' flag is provided.
frontend/src/views/friends/index.tsx(167,13): error TS17004: Cannot use JSX unless the '--jsx' flag is provided.
frontend/src/views/friends/index.tsx(168,13): error TS17004: Cannot use JSX unless the '--jsx' flag is provided.
frontend/src/views/friends/index.tsx(171,9): error TS17004: Cannot use JSX unless the '--jsx' flag is provided.
frontend/src/views/friends/index.tsx(172,11): error TS17004: Cannot use JSX unless the '--jsx' flag is provided.
frontend/src/views/friends/index.tsx(266,5): error TS17004: Cannot use JSX unless the '--jsx' flag is provided.
frontend/src/views/friends/index.tsx(267,7): error TS17004: Cannot use JSX unless the '--jsx' flag is provided.
frontend/src/views/friends/index.tsx(268,9): error TS17004: Cannot use JSX unless the '--jsx' flag is provided.
frontend/src/views/friends/index.tsx(271,9): error TS17004: Cannot use JSX unless the '--jsx' flag is provided.
frontend/src/views/friends/index.tsx(276,7): error TS17004: Cannot use JSX unless the '--jsx' flag is provided.
frontend/src/views/friends/index.tsx(277,9): error TS17004: Cannot use JSX unless the '--jsx' flag is provided.
frontend/src/views/friends/index.tsx(278,11): error TS17004: Cannot use JSX unless the '--jsx' flag is provided.
frontend/src/views/friends/index.tsx(279,24): error TS17004: Cannot use JSX unless the '--jsx' flag is provided.
frontend/src/views/friends/index.tsx(281,11): error TS17004: Cannot use JSX unless the '--jsx' flag is provided.
frontend/src/views/friends/index.tsx(282,21): error TS17004: Cannot use JSX unless the '--jsx' flag is provided.
frontend/src/views/friends/index.tsx(284,11): error TS17004: Cannot use JSX unless the '--jsx' flag is provided.
frontend/src/views/friends/index.tsx(287,9): error TS17004: Cannot use JSX unless the '--jsx' flag is provided.
frontend/src/views/friends/index.tsx(288,11): error TS17004: Cannot use JSX unless the '--jsx' flag is provided.
frontend/src/views/friends/index.tsx(289,13): error TS17004: Cannot use JSX unless the '--jsx' flag is provided.
frontend/src/views/friends/index.tsx(290,15): error TS17004: Cannot use JSX unless the '--jsx' flag is provided.
frontend/src/views/friends/index.tsx(292,13): error TS17004: Cannot use JSX unless the '--jsx' flag is provided.
frontend/src/views/friends/index.tsx(294,17): error TS17004: Cannot use JSX unless the '--jsx' flag is provided.
frontend/src/views/friends/index.tsx(295,19): error TS17004: Cannot use JSX unless the '--jsx' flag is provided.
frontend/src/views/friends/index.tsx(296,19): error TS17004: Cannot use JSX unless the '--jsx' flag is provided.
frontend/src/views/friends/index.tsx(297,19): error TS17004: Cannot use JSX unless the '--jsx' flag is provided.
frontend/src/views/friends/index.tsx(300,17): error TS17004: Cannot use JSX unless the '--jsx' flag is provided.
frontend/src/views/friends/index.tsx(304,17): error TS17004: Cannot use JSX unless the '--jsx' flag is provided.
frontend/src/views/friends/index.tsx(310,9): error TS17004: Cannot use JSX unless the '--jsx' flag is provided.
frontend/src/views/friends/index.tsx(311,11): error TS17004: Cannot use JSX unless the '--jsx' flag is provided.
frontend/src/views/friends/index.tsx(312,13): error TS17004: Cannot use JSX unless the '--jsx' flag is provided.
frontend/src/views/friends/index.tsx(313,15): error TS17004: Cannot use JSX unless the '--jsx' flag is provided.
frontend/src/views/friends/index.tsx(314,15): error TS17004: Cannot use JSX unless the '--jsx' flag is provided.
frontend/src/views/friends/index.tsx(318,13): error TS17004: Cannot use JSX unless the '--jsx' flag is provided.
frontend/src/views/friends/index.tsx(320,17): error TS17004: Cannot use JSX unless the '--jsx' flag is provided.
frontend/src/views/friends/index.tsx(321,19): error TS17004: Cannot use JSX unless the '--jsx' flag is provided.
frontend/src/views/friends/index.tsx(324,17): error TS17004: Cannot use JSX unless the '--jsx' flag is provided.
frontend/src/views/friends/index.tsx(328,17): error TS17004: Cannot use JSX unless the '--jsx' flag is provided.
frontend/src/views/friends/index.tsx(338,9): error TS17004: Cannot use JSX unless the '--jsx' flag is provided.
frontend/src/views/friends/index.tsx(339,11): error TS17004: Cannot use JSX unless the '--jsx' flag is provided.
frontend/src/views/friends/index.tsx(340,13): error TS17004: Cannot use JSX unless the '--jsx' flag is provided.
frontend/src/views/friends/index.tsx(341,15): error TS17004: Cannot use JSX unless the '--jsx' flag is provided.
frontend/src/views/friends/index.tsx(342,15): error TS17004: Cannot use JSX unless the '--jsx' flag is provided.
frontend/src/views/friends/index.tsx(346,13): error TS17004: Cannot use JSX unless the '--jsx' flag is provided.
frontend/src/views/friends/index.tsx(348,17): error TS17004: Cannot use JSX unless the '--jsx' flag is provided.
frontend/src/views/friends/index.tsx(349,19): error TS17004: Cannot use JSX unless the '--jsx' flag is provided.
frontend/src/views/friends/index.tsx(352,17): error TS17004: Cannot use JSX unless the '--jsx' flag is provided.
frontend/src/views/friends/index.tsx(356,17): error TS17004: Cannot use JSX unless the '--jsx' flag is provided.
frontend/src/views/gamification-admin/index.tsx(11,8): error TS2307: Cannot find module '@/shared/ui/card' or its corresponding type declarations.
frontend/src/views/gamification-admin/index.tsx(19,8): error TS2307: Cannot find module '@/shared/ui/table' or its corresponding type declarations.
frontend/src/views/gamification-admin/index.tsx(20,24): error TS2307: Cannot find module '@/shared/ui/button' or its corresponding type declarations.
frontend/src/views/gamification-admin/index.tsx(21,23): error TS2307: Cannot find module '@/shared/ui/input' or its corresponding type declarations.
frontend/src/views/gamification-admin/index.tsx(22,23): error TS2307: Cannot find module '@/shared/ui/label' or its corresponding type declarations.
frontend/src/views/gamification-admin/index.tsx(23,26): error TS2307: Cannot find module '@/shared/hooks/use-toast' or its corresponding type declarations.
frontend/src/views/gamification-admin/index.tsx(25,23): error TS2307: Cannot find module '@/shared/config/ranks' or its corresponding type declarations.
frontend/src/views/gamification-admin/index.tsx(26,20): error TS2307: Cannot find module '@/shared/lib/utils' or its corresponding type declarations.
frontend/src/views/gamification-admin/index.tsx(33,8): error TS2307: Cannot find module '@/shared/ui/select' or its corresponding type declarations.
frontend/src/views/gamification-admin/index.tsx(39,8): error TS2307: Cannot find module '@/entities/quest/api/quests' or its corresponding type declarations.
frontend/src/views/gamification-admin/index.tsx(40,26): error TS2307: Cannot find module '@/shared/ui/skeleton' or its corresponding type declarations.
frontend/src/views/gamification-admin/index.tsx(41,27): error TS2307: Cannot find module '@/entities/quest/model/types' or its corresponding type declarations.
frontend/src/views/gamification-admin/index.tsx(122,5): error TS17004: Cannot use JSX unless the '--jsx' flag is provided.
frontend/src/views/gamification-admin/index.tsx(123,7): error TS17004: Cannot use JSX unless the '--jsx' flag is provided.
frontend/src/views/gamification-admin/index.tsx(124,9): error TS17004: Cannot use JSX unless the '--jsx' flag is provided.
frontend/src/views/gamification-admin/index.tsx(126,7): error TS17004: Cannot use JSX unless the '--jsx' flag is provided.
frontend/src/views/gamification-admin/index.tsx(127,9): error TS17004: Cannot use JSX unless the '--jsx' flag is provided.
frontend/src/views/gamification-admin/index.tsx(128,11): error TS17004: Cannot use JSX unless the '--jsx' flag is provided.
frontend/src/views/gamification-admin/index.tsx(129,13): error TS17004: Cannot use JSX unless the '--jsx' flag is provided.
frontend/src/views/gamification-admin/index.tsx(130,15): error TS17004: Cannot use JSX unless the '--jsx' flag is provided.
frontend/src/views/gamification-admin/index.tsx(131,15): error TS17004: Cannot use JSX unless the '--jsx' flag is provided.
frontend/src/views/gamification-admin/index.tsx(132,15): error TS17004: Cannot use JSX unless the '--jsx' flag is provided.
frontend/src/views/gamification-admin/index.tsx(135,11): error TS17004: Cannot use JSX unless the '--jsx' flag is provided.
frontend/src/views/gamification-admin/index.tsx(137,15): error TS17004: Cannot use JSX unless the '--jsx' flag is provided.
frontend/src/views/gamification-admin/index.tsx(138,17): error TS17004: Cannot use JSX unless the '--jsx' flag is provided.
frontend/src/views/gamification-admin/index.tsx(139,17): error TS17004: Cannot use JSX unless the '--jsx' flag is provided.
frontend/src/views/gamification-admin/index.tsx(140,17): error TS17004: Cannot use JSX unless the '--jsx' flag is provided.
frontend/src/views/gamification-admin/index.tsx(141,19): error TS17004: Cannot use JSX unless the '--jsx' flag is provided.
frontend/src/views/gamification-admin/index.tsx(146,21): error TS17004: Cannot use JSX unless the '--jsx' flag is provided.
frontend/src/views/gamification-admin/index.tsx(158,5): error TS17004: Cannot use JSX unless the '--jsx' flag is provided.
frontend/src/views/gamification-admin/index.tsx(159,7): error TS17004: Cannot use JSX unless the '--jsx' flag is provided.
frontend/src/views/gamification-admin/index.tsx(160,9): error TS17004: Cannot use JSX unless the '--jsx' flag is provided.
frontend/src/views/gamification-admin/index.tsx(163,9): error TS17004: Cannot use JSX unless the '--jsx' flag is provided.
frontend/src/views/gamification-admin/index.tsx(168,7): error TS17004: Cannot use JSX unless the '--jsx' flag is provided.
frontend/src/views/gamification-admin/index.tsx(169,9): error TS17004: Cannot use JSX unless the '--jsx' flag is provided.
frontend/src/views/gamification-admin/index.tsx(170,11): error TS17004: Cannot use JSX unless the '--jsx' flag is provided.
frontend/src/views/gamification-admin/index.tsx(171,13): error TS17004: Cannot use JSX unless the '--jsx' flag is provided.
frontend/src/views/gamification-admin/index.tsx(172,15): error TS17004: Cannot use JSX unless the '--jsx' flag is provided.
frontend/src/views/gamification-admin/index.tsx(173,15): error TS17004: Cannot use JSX unless the '--jsx' flag is provided.
frontend/src/views/gamification-admin/index.tsx(177,13): error TS17004: Cannot use JSX unless the '--jsx' flag is provided.
frontend/src/views/gamification-admin/index.tsx(179,17): error TS17004: Cannot use JSX unless the '--jsx' flag is provided.
frontend/src/views/gamification-admin/index.tsx(181,17): error TS17004: Cannot use JSX unless the '--jsx' flag is provided.
frontend/src/views/gamification-admin/index.tsx(182,19): error TS17004: Cannot use JSX unless the '--jsx' flag is provided.
frontend/src/views/gamification-admin/index.tsx(186,19): error TS17004: Cannot use JSX unless the '--jsx' flag is provided.
frontend/src/views/gamification-admin/index.tsx(190,19): error TS17004: Cannot use JSX unless the '--jsx' flag is provided.
frontend/src/views/gamification-admin/index.tsx(198,11): error TS17004: Cannot use JSX unless the '--jsx' flag is provided.
frontend/src/views/gamification-admin/index.tsx(199,13): error TS17004: Cannot use JSX unless the '--jsx' flag is provided.
frontend/src/views/gamification-admin/index.tsx(200,15): error TS17004: Cannot use JSX unless the '--jsx' flag is provided.
frontend/src/views/gamification-admin/index.tsx(202,13): error TS17004: Cannot use JSX unless the '--jsx' flag is provided.
frontend/src/views/gamification-admin/index.tsx(203,15): error TS17004: Cannot use JSX unless the '--jsx' flag is provided.
frontend/src/views/gamification-admin/index.tsx(204,17): error TS17004: Cannot use JSX unless the '--jsx' flag is provided.
frontend/src/views/gamification-admin/index.tsx(205,19): error TS17004: Cannot use JSX unless the '--jsx' flag is provided.
frontend/src/views/gamification-admin/index.tsx(206,19): error TS17004: Cannot use JSX unless the '--jsx' flag is provided.
frontend/src/views/gamification-admin/index.tsx(218,17): error TS17004: Cannot use JSX unless the '--jsx' flag is provided.
frontend/src/views/gamification-admin/index.tsx(219,19): error TS17004: Cannot use JSX unless the '--jsx' flag is provided.
frontend/src/views/gamification-admin/index.tsx(220,19): error TS17004: Cannot use JSX unless the '--jsx' flag is provided.
frontend/src/views/gamification-admin/index.tsx(226,21): error TS17004: Cannot use JSX unless the '--jsx' flag is provided.
frontend/src/views/gamification-admin/index.tsx(227,23): error TS17004: Cannot use JSX unless the '--jsx' flag is provided.
frontend/src/views/gamification-admin/index.tsx(229,21): error TS17004: Cannot use JSX unless the '--jsx' flag is provided.
frontend/src/views/gamification-admin/index.tsx(230,23): error TS17004: Cannot use JSX unless the '--jsx' flag is provided.
frontend/src/views/gamification-admin/index.tsx(233,23): error TS17004: Cannot use JSX unless the '--jsx' flag is provided.
frontend/src/views/gamification-admin/index.tsx(236,23): error TS17004: Cannot use JSX unless the '--jsx' flag is provided.
frontend/src/views/gamification-admin/index.tsx(243,15): error TS17004: Cannot use JSX unless the '--jsx' flag is provided.
frontend/src/views/gamification-admin/index.tsx(244,17): error TS17004: Cannot use JSX unless the '--jsx' flag is provided.
frontend/src/views/gamification-admin/index.tsx(245,17): error TS17004: Cannot use JSX unless the '--jsx' flag is provided.
frontend/src/views/gamification-admin/index.tsx(257,15): error TS17004: Cannot use JSX unless the '--jsx' flag is provided.
frontend/src/views/gamification-admin/index.tsx(258,17): error TS17004: Cannot use JSX unless the '--jsx' flag is provided.
frontend/src/views/gamification-admin/index.tsx(259,19): error TS17004: Cannot use JSX unless the '--jsx' flag is provided.
frontend/src/views/gamification-admin/index.tsx(260,19): error TS17004: Cannot use JSX unless the '--jsx' flag is provided.
frontend/src/views/gamification-admin/index.tsx(272,17): error TS17004: Cannot use JSX unless the '--jsx' flag is provided.
frontend/src/views/gamification-admin/index.tsx(273,19): error TS17004: Cannot use JSX unless the '--jsx' flag is provided.
frontend/src/views/gamification-admin/index.tsx(274,19): error TS17004: Cannot use JSX unless the '--jsx' flag is provided.
frontend/src/views/gamification-admin/index.tsx(285,13): error TS17004: Cannot use JSX unless the '--jsx' flag is provided.
frontend/src/views/gamification-admin/index.tsx(286,15): error TS17004: Cannot use JSX unless the '--jsx' flag is provided.
frontend/src/views/gamification-admin/index.tsx(287,17): error TS17004: Cannot use JSX unless the '--jsx' flag is provided.
frontend/src/views/gamification-admin/index.tsx(292,9): error TS17004: Cannot use JSX unless the '--jsx' flag is provided.
frontend/src/views/gamification-admin/index.tsx(293,11): error TS17004: Cannot use JSX unless the '--jsx' flag is provided.
frontend/src/views/gamification-admin/index.tsx(294,13): error TS17004: Cannot use JSX unless the '--jsx' flag is provided.
frontend/src/views/gamification-admin/index.tsx(295,13): error TS17004: Cannot use JSX unless the '--jsx' flag is provided.
frontend/src/views/gamification-admin/index.tsx(299,11): error TS17004: Cannot use JSX unless the '--jsx' flag is provided.
frontend/src/views/gamification-admin/index.tsx(300,13): error TS17004: Cannot use JSX unless the '--jsx' flag is provided.
frontend/src/views/gamification-admin/index.tsx(301,15): error TS17004: Cannot use JSX unless the '--jsx' flag is provided.
frontend/src/views/gamification-admin/index.tsx(302,17): error TS17004: Cannot use JSX unless the '--jsx' flag is provided.
frontend/src/views/gamification-admin/index.tsx(303,19): error TS17004: Cannot use JSX unless the '--jsx' flag is provided.
frontend/src/views/gamification-admin/index.tsx(304,19): error TS17004: Cannot use JSX unless the '--jsx' flag is provided.
frontend/src/views/gamification-admin/index.tsx(307,15): error TS17004: Cannot use JSX unless the '--jsx' flag is provided.
frontend/src/views/gamification-admin/index.tsx(309,19): error TS17004: Cannot use JSX unless the '--jsx' flag is provided.
frontend/src/views/gamification-admin/index.tsx(310,21): error TS17004: Cannot use JSX unless the '--jsx' flag is provided.
frontend/src/views/gamification-admin/index.tsx(311,23): error TS17004: Cannot use JSX unless the '--jsx' flag is provided.
frontend/src/views/gamification-admin/index.tsx(312,25): error TS17004: Cannot use JSX unless the '--jsx' flag is provided.
frontend/src/views/gamification-admin/index.tsx(313,25): error TS17004: Cannot use JSX unless the '--jsx' flag is provided.
frontend/src/views/gamification-admin/index.tsx(316,21): error TS17004: Cannot use JSX unless the '--jsx' flag is provided.
frontend/src/views/inventory/index.tsx(10,8): error TS2307: Cannot find module '@/shared/ui/card' or its corresponding type declarations.
frontend/src/views/inventory/index.tsx(11,24): error TS2307: Cannot find module '@/shared/ui/button' or its corresponding type declarations.
frontend/src/views/inventory/index.tsx(12,26): error TS2307: Cannot find module '@/shared/ui/progress' or its corresponding type declarations.
frontend/src/views/inventory/index.tsx(14,36): error TS2307: Cannot find module '@/entities/inventory/model/types' or its corresponding type declarations.
frontend/src/views/inventory/index.tsx(17,36): error TS2307: Cannot find module '@/widgets/ai-equipment-advisor' or its corresponding type declarations.
frontend/src/views/inventory/index.tsx(18,31): error TS2307: Cannot find module '@/widgets/add-item-dialog' or its corresponding type declarations.
frontend/src/views/inventory/index.tsx(19,30): error TS2307: Cannot find module '@/shared/context/inventory-provider' or its corresponding type declarations.
frontend/src/views/inventory/index.tsx(20,26): error TS2307: Cannot find module '@/shared/ui/skeleton' or its corresponding type declarations.
frontend/src/views/inventory/index.tsx(35,5): error TS17004: Cannot use JSX unless the '--jsx' flag is provided.
frontend/src/views/inventory/index.tsx(36,7): error TS17004: Cannot use JSX unless the '--jsx' flag is provided.
frontend/src/views/inventory/index.tsx(37,9): error TS17004: Cannot use JSX unless the '--jsx' flag is provided.
frontend/src/views/inventory/index.tsx(45,9): error TS17004: Cannot use JSX unless the '--jsx' flag is provided.
frontend/src/views/inventory/index.tsx(46,11): error TS17004: Cannot use JSX unless the '--jsx' flag is provided.
frontend/src/views/inventory/index.tsx(47,11): error TS17004: Cannot use JSX unless the '--jsx' flag is provided.
frontend/src/views/inventory/index.tsx(50,7): error TS17004: Cannot use JSX unless the '--jsx' flag is provided.
frontend/src/views/inventory/index.tsx(51,9): error TS17004: Cannot use JSX unless the '--jsx' flag is provided.
frontend/src/views/inventory/index.tsx(52,11): error TS17004: Cannot use JSX unless the '--jsx' flag is provided.
frontend/src/views/inventory/index.tsx(53,13): error TS17004: Cannot use JSX unless the '--jsx' flag is provided.
frontend/src/views/inventory/index.tsx(54,13): error TS17004: Cannot use JSX unless the '--jsx' flag is provided.
frontend/src/views/inventory/index.tsx(56,11): error TS17004: Cannot use JSX unless the '--jsx' flag is provided.
frontend/src/views/inventory/index.tsx(59,7): error TS17004: Cannot use JSX unless the '--jsx' flag is provided.
frontend/src/views/inventory/index.tsx(65,9): error TS17004: Cannot use JSX unless the '--jsx' flag is provided.
frontend/src/views/inventory/index.tsx(83,5): error TS17004: Cannot use JSX unless the '--jsx' flag is provided.
frontend/src/views/inventory/index.tsx(84,7): error TS17004: Cannot use JSX unless the '--jsx' flag is provided.
frontend/src/views/inventory/index.tsx(85,9): error TS17004: Cannot use JSX unless the '--jsx' flag is provided.
frontend/src/views/inventory/index.tsx(86,11): error TS17004: Cannot use JSX unless the '--jsx' flag is provided.
frontend/src/views/inventory/index.tsx(87,13): error TS17004: Cannot use JSX unless the '--jsx' flag is provided.
frontend/src/views/inventory/index.tsx(88,15): error TS17004: Cannot use JSX unless the '--jsx' flag is provided.
frontend/src/views/inventory/index.tsx(89,15): error TS17004: Cannot use JSX unless the '--jsx' flag is provided.
frontend/src/views/inventory/index.tsx(93,13): error TS17004: Cannot use JSX unless the '--jsx' flag is provided.
frontend/src/views/inventory/index.tsx(98,11): error TS17004: Cannot use JSX unless the '--jsx' flag is provided.
frontend/src/views/inventory/index.tsx(99,13): error TS17004: Cannot use JSX unless the '--jsx' flag is provided.
frontend/src/views/inventory/index.tsx(104,9): error TS17004: Cannot use JSX unless the '--jsx' flag is provided.
frontend/src/views/inventory/index.tsx(105,11): error TS17004: Cannot use JSX unless the '--jsx' flag is provided.
frontend/src/views/inventory/index.tsx(108,17): error TS17004: Cannot use JSX unless the '--jsx' flag is provided.
frontend/src/views/inventory/index.tsx(112,19): error TS17004: Cannot use JSX unless the '--jsx' flag is provided.
frontend/src/views/inventory/index.tsx(119,19): error TS17004: Cannot use JSX unless the '--jsx' flag is provided.
frontend/src/views/inventory/index.tsx(120,21): error TS17004: Cannot use JSX unless the '--jsx' flag is provided.
frontend/src/views/inventory/index.tsx(126,11): error TS17004: Cannot use JSX unless the '--jsx' flag is provided.
frontend/src/views/inventory/index.tsx(127,13): error TS17004: Cannot use JSX unless the '--jsx' flag is provided.
frontend/src/views/inventory/index.tsx(131,7): error TS17004: Cannot use JSX unless the '--jsx' flag is provided.
frontend/src/views/judge-center/index.tsx(10,8): error TS2307: Cannot find module '@/shared/ui/card' or its corresponding type declarations.
frontend/src/views/judge-center/index.tsx(11,58): error TS2307: Cannot find module '@/shared/ui/tabs' or its corresponding type declarations.
frontend/src/views/judge-center/index.tsx(19,8): error TS2307: Cannot find module '@/shared/ui/table' or its corresponding type declarations.
frontend/src/views/judge-center/index.tsx(20,24): error TS2307: Cannot find module '@/shared/ui/button' or its corresponding type declarations.
frontend/src/views/judge-center/index.tsx(21,41): error TS2307: Cannot find module '@/widgets/dispute-resolution-dialog' or its corresponding type declarations.
frontend/src/views/judge-center/index.tsx(22,26): error TS2307: Cannot find module '@/shared/hooks/use-toast' or its corresponding type declarations.
frontend/src/views/judge-center/index.tsx(25,30): error TS2307: Cannot find module '@/entities/match/api/get-matches' or its corresponding type declarations.
frontend/src/views/judge-center/index.tsx(26,28): error TS2307: Cannot find module '@/entities/match/model/types' or its corresponding type declarations.
frontend/src/views/judge-center/index.tsx(27,26): error TS2307: Cannot find module '@/shared/ui/skeleton' or its corresponding type declarations.
frontend/src/views/judge-center/index.tsx(28,32): error TS2307: Cannot find module '@/entities/match/api/resolve-dispute' or its corresponding type declarations.
frontend/src/views/judge-center/index.tsx(29,23): error TS2307: Cannot find module '@/shared/ui/badge' or its corresponding type declarations.
frontend/src/views/judge-center/index.tsx(112,5): error TS17004: Cannot use JSX unless the '--jsx' flag is provided.
frontend/src/views/judge-center/index.tsx(113,7): error TS17004: Cannot use JSX unless the '--jsx' flag is provided.
frontend/src/views/judge-center/index.tsx(114,9): error TS17004: Cannot use JSX unless the '--jsx' flag is provided.
frontend/src/views/judge-center/index.tsx(115,11): error TS17004: Cannot use JSX unless the '--jsx' flag is provided.
frontend/src/views/judge-center/index.tsx(118,11): error TS17004: Cannot use JSX unless the '--jsx' flag is provided.
frontend/src/views/judge-center/index.tsx(123,9): error TS17004: Cannot use JSX unless the '--jsx' flag is provided.
frontend/src/views/judge-center/index.tsx(124,11): error TS17004: Cannot use JSX unless the '--jsx' flag is provided.
frontend/src/views/judge-center/index.tsx(125,13): error TS17004: Cannot use JSX unless the '--jsx' flag is provided.
frontend/src/views/judge-center/index.tsx(127,15): error TS17004: Cannot use JSX unless the '--jsx' flag is provided.
frontend/src/views/judge-center/index.tsx(129,13): error TS17004: Cannot use JSX unless the '--jsx' flag is provided.
frontend/src/views/judge-center/index.tsx(132,11): error TS17004: Cannot use JSX unless the '--jsx' flag is provided.
frontend/src/views/judge-center/index.tsx(133,13): error TS17004: Cannot use JSX unless the '--jsx' flag is provided.
frontend/src/views/judge-center/index.tsx(134,15): error TS17004: Cannot use JSX unless the '--jsx' flag is provided.
frontend/src/views/judge-center/index.tsx(135,17): error TS17004: Cannot use JSX unless the '--jsx' flag is provided.
frontend/src/views/judge-center/index.tsx(136,17): error TS17004: Cannot use JSX unless the '--jsx' flag is provided.
frontend/src/views/judge-center/index.tsx(140,15): error TS17004: Cannot use JSX unless the '--jsx' flag is provided.
frontend/src/views/judge-center/index.tsx(142,19): error TS17004: Cannot use JSX unless the '--jsx' flag is provided.
frontend/src/views/judge-center/index.tsx(143,21): error TS17004: Cannot use JSX unless the '--jsx' flag is provided.
frontend/src/views/judge-center/index.tsx(144,21): error TS17004: Cannot use JSX unless the '--jsx' flag is provided.
frontend/src/views/judge-center/index.tsx(147,19): error TS17004: Cannot use JSX unless the '--jsx' flag is provided.
frontend/src/views/judge-center/index.tsx(148,21): error TS17004: Cannot use JSX unless the '--jsx' flag is provided.
frontend/src/views/judge-center/index.tsx(149,23): error TS17004: Cannot use JSX unless the '--jsx' flag is provided.
frontend/src/views/judge-center/index.tsx(150,25): error TS17004: Cannot use JSX unless the '--jsx' flag is provided.
frontend/src/views/judge-center/index.tsx(151,25): error TS17004: Cannot use JSX unless the '--jsx' flag is provided.
frontend/src/views/judge-center/index.tsx(154,25): error TS17004: Cannot use JSX unless the '--jsx' flag is provided.
frontend/src/views/judge-center/index.tsx(157,25): error TS17004: Cannot use JSX unless the '--jsx' flag is provided.
frontend/src/views/judge-center/index.tsx(160,21): error TS17004: Cannot use JSX unless the '--jsx' flag is provided.
frontend/src/views/judge-center/index.tsx(163,27): error TS17004: Cannot use JSX unless the '--jsx' flag is provided.
frontend/src/views/judge-center/index.tsx(164,29): error TS17004: Cannot use JSX unless the '--jsx' flag is provided.
frontend/src/views/judge-center/index.tsx(167,29): error TS17004: Cannot use JSX unless the '--jsx' flag is provided.
frontend/src/views/judge-center/index.tsx(170,29): error TS17004: Cannot use JSX unless the '--jsx' flag is provided.
frontend/src/views/judge-center/index.tsx(178,29): error TS17004: Cannot use JSX unless the '--jsx' flag is provided.
frontend/src/views/judge-center/index.tsx(179,31): error TS17004: Cannot use JSX unless the '--jsx' flag is provided.
frontend/src/views/judge-center/index.tsx(189,25): error TS17004: Cannot use JSX unless the '--jsx' flag is provided.
frontend/src/views/judge-center/index.tsx(190,27): error TS17004: Cannot use JSX unless the '--jsx' flag is provided.
frontend/src/views/judge-center/index.tsx(202,11): error TS17004: Cannot use JSX unless the '--jsx' flag is provided.
frontend/src/views/judge-center/index.tsx(203,13): error TS17004: Cannot use JSX unless the '--jsx' flag is provided.
frontend/src/views/judge-center/index.tsx(204,15): error TS17004: Cannot use JSX unless the '--jsx' flag is provided.
frontend/src/views/judge-center/index.tsx(205,17): error TS17004: Cannot use JSX unless the '--jsx' flag is provided.
frontend/src/views/judge-center/index.tsx(206,17): error TS17004: Cannot use JSX unless the '--jsx' flag is provided.
frontend/src/views/judge-center/index.tsx(208,15): error TS17004: Cannot use JSX unless the '--jsx' flag is provided.
frontend/src/views/judge-center/index.tsx(210,19): error TS17004: Cannot use JSX unless the '--jsx' flag is provided.
frontend/src/views/judge-center/index.tsx(211,21): error TS17004: Cannot use JSX unless the '--jsx' flag is provided.
frontend/src/views/judge-center/index.tsx(212,21): error TS17004: Cannot use JSX unless the '--jsx' flag is provided.
frontend/src/views/judge-center/index.tsx(215,19): error TS17004: Cannot use JSX unless the '--jsx' flag is provided.
frontend/src/views/judge-center/index.tsx(216,21): error TS17004: Cannot use JSX unless the '--jsx' flag is provided.
frontend/src/views/judge-center/index.tsx(217,23): error TS17004: Cannot use JSX unless the '--jsx' flag is provided.
frontend/src/views/judge-center/index.tsx(218,25): error TS17004: Cannot use JSX unless the '--jsx' flag is provided.
frontend/src/views/judge-center/index.tsx(219,25): error TS17004: Cannot use JSX unless the '--jsx' flag is provided.
frontend/src/views/judge-center/index.tsx(220,25): error TS17004: Cannot use JSX unless the '--jsx' flag is provided.
frontend/src/views/judge-center/index.tsx(223,21): error TS17004: Cannot use JSX unless the '--jsx' flag is provided.
frontend/src/views/judge-center/index.tsx(226,27): error TS17004: Cannot use JSX unless the '--jsx' flag is provided.
frontend/src/views/judge-center/index.tsx(227,29): error TS17004: Cannot use JSX unless the '--jsx' flag is provided.
frontend/src/views/judge-center/index.tsx(230,29): error TS17004: Cannot use JSX unless the '--jsx' flag is provided.
frontend/src/views/judge-center/index.tsx(233,29): error TS17004: Cannot use JSX unless the '--jsx' flag is provided.
frontend/src/views/judge-center/index.tsx(239,25): error TS17004: Cannot use JSX unless the '--jsx' flag is provided.
frontend/src/views/judge-center/index.tsx(240,27): error TS17004: Cannot use JSX unless the '--jsx' flag is provided.
frontend/src/views/judge-center/index.tsx(253,9): error TS17004: Cannot use JSX unless the '--jsx' flag is provided.
frontend/src/views/judge-profile-demo/index.tsx(1,25): error TS2307: Cannot find module '@/app/(app)/administration/judge/client' or its corresponding type declarations.
frontend/src/views/judge-profile-demo/index.tsx(2,34): error TS2307: Cannot find module '@/entities/user/api/get-user' or its corresponding type declarations.
frontend/src/views/judge-profile-demo/index.tsx(4,40): error TS2307: Cannot find module '@/entities/achievement/api/achievements' or its corresponding type declarations.
frontend/src/views/judge-profile-demo/index.tsx(18,10): error TS17004: Cannot use JSX unless the '--jsx' flag is provided.
frontend/src/views/judge-profile/index.tsx(1,58): error TS2307: Cannot find module '@/views/judge-profile-demo' or its corresponding type declarations.
frontend/src/views/judge-profile/index.tsx(4,10): error TS17004: Cannot use JSX unless the '--jsx' flag is provided.
frontend/src/views/landing/index.tsx(1,50): error TS2307: Cannot find module '@/widgets/landing' or its corresponding type declarations.
frontend/src/views/landing/index.tsx(4,10): error TS17004: Cannot use JSX unless the '--jsx' flag is provided.
frontend/src/views/leaderboards/index.tsx(1,36): error TS2307: Cannot find module '@/entities/team/api/get-leaderboard' or its corresponding type declarations.
frontend/src/views/leaderboards/index.tsx(2,38): error TS2307: Cannot find module '@/entities/leaderboard/api/get-player-leaderboard' or its corresponding type declarations.
frontend/src/views/leaderboards/index.tsx(3,32): error TS2307: Cannot find module '@/app/(app)/leaderboards/client' or its corresponding type declarations.
frontend/src/views/leaderboards/index.tsx(12,5): error TS17004: Cannot use JSX unless the '--jsx' flag is provided.
frontend/src/views/league-details/index.tsx(3,58): error TS2307: Cannot find module '@/shared/ui/card' or its corresponding type declarations.
frontend/src/views/league-details/index.tsx(11,8): error TS2307: Cannot find module '@/shared/ui/table' or its corresponding type declarations.
frontend/src/views/league-details/index.tsx(12,53): error TS2307: Cannot find module '@/shared/ui/avatar' or its corresponding type declarations.
frontend/src/views/league-details/index.tsx(13,58): error TS2307: Cannot find module '@/shared/ui/tabs' or its corresponding type declarations.
frontend/src/views/league-details/index.tsx(15,36): error TS2307: Cannot find module '@/entities/league/model/types' or its corresponding type declarations.
frontend/src/views/league-details/index.tsx(26,5): error TS17004: Cannot use JSX unless the '--jsx' flag is provided.
frontend/src/views/league-details/index.tsx(27,7): error TS17004: Cannot use JSX unless the '--jsx' flag is provided.
frontend/src/views/league-details/index.tsx(28,9): error TS17004: Cannot use JSX unless the '--jsx' flag is provided.
frontend/src/views/league-details/index.tsx(29,11): error TS17004: Cannot use JSX unless the '--jsx' flag is provided.
frontend/src/views/league-details/index.tsx(36,11): error TS17004: Cannot use JSX unless the '--jsx' flag is provided.
frontend/src/views/league-details/index.tsx(37,13): error TS17004: Cannot use JSX unless the '--jsx' flag is provided.
frontend/src/views/league-details/index.tsx(44,7): error TS17004: Cannot use JSX unless the '--jsx' flag is provided.
frontend/src/views/league-details/index.tsx(45,9): error TS17004: Cannot use JSX unless the '--jsx' flag is provided.
frontend/src/views/league-details/index.tsx(46,11): error TS17004: Cannot use JSX unless the '--jsx' flag is provided.
frontend/src/views/league-details/index.tsx(47,13): error TS17004: Cannot use JSX unless the '--jsx' flag is provided.
frontend/src/views/league-details/index.tsx(50,11): error TS17004: Cannot use JSX unless the '--jsx' flag is provided.
frontend/src/views/league-details/index.tsx(51,13): error TS17004: Cannot use JSX unless the '--jsx' flag is provided.
frontend/src/views/league-details/index.tsx(54,11): error TS17004: Cannot use JSX unless the '--jsx' flag is provided.
frontend/src/views/league-details/index.tsx(55,13): error TS17004: Cannot use JSX unless the '--jsx' flag is provided.
frontend/src/views/league-details/index.tsx(59,9): error TS17004: Cannot use JSX unless the '--jsx' flag is provided.
frontend/src/views/league-details/index.tsx(60,11): error TS17004: Cannot use JSX unless the '--jsx' flag is provided.
frontend/src/views/league-details/index.tsx(61,13): error TS17004: Cannot use JSX unless the '--jsx' flag is provided.
frontend/src/views/league-details/index.tsx(62,15): error TS17004: Cannot use JSX unless the '--jsx' flag is provided.
frontend/src/views/league-details/index.tsx(64,13): error TS17004: Cannot use JSX unless the '--jsx' flag is provided.
frontend/src/views/league-details/index.tsx(65,15): error TS17004: Cannot use JSX unless the '--jsx' flag is provided.
frontend/src/views/league-details/index.tsx(66,17): error TS17004: Cannot use JSX unless the '--jsx' flag is provided.
frontend/src/views/league-details/index.tsx(67,19): error TS17004: Cannot use JSX unless the '--jsx' flag is provided.
frontend/src/views/league-details/index.tsx(68,21): error TS17004: Cannot use JSX unless the '--jsx' flag is provided.
frontend/src/views/league-details/index.tsx(69,21): error TS17004: Cannot use JSX unless the '--jsx' flag is provided.
frontend/src/views/league-details/index.tsx(70,21): error TS17004: Cannot use JSX unless the '--jsx' flag is provided.
frontend/src/views/league-details/index.tsx(71,21): error TS17004: Cannot use JSX unless the '--jsx' flag is provided.
frontend/src/views/league-details/index.tsx(72,21): error TS17004: Cannot use JSX unless the '--jsx' flag is provided.
frontend/src/views/league-details/index.tsx(73,21): error TS17004: Cannot use JSX unless the '--jsx' flag is provided.
frontend/src/views/league-details/index.tsx(74,21): error TS17004: Cannot use JSX unless the '--jsx' flag is provided.
frontend/src/views/league-details/index.tsx(77,17): error TS17004: Cannot use JSX unless the '--jsx' flag is provided.
frontend/src/views/league-details/index.tsx(81,23): error TS17004: Cannot use JSX unless the '--jsx' flag is provided.
frontend/src/views/league-details/index.tsx(82,25): error TS17004: Cannot use JSX unless the '--jsx' flag is provided.
frontend/src/views/league-details/index.tsx(85,25): error TS17004: Cannot use JSX unless the '--jsx' flag is provided.
frontend/src/views/league-details/index.tsx(86,27): error TS17004: Cannot use JSX unless the '--jsx' flag is provided.
frontend/src/views/league-details/index.tsx(87,29): error TS17004: Cannot use JSX unless the '--jsx' flag is provided.
frontend/src/views/league-details/index.tsx(88,31): error TS17004: Cannot use JSX unless the '--jsx' flag is provided.
frontend/src/views/league-details/index.tsx(92,31): error TS17004: Cannot use JSX unless the '--jsx' flag is provided.
frontend/src/views/league-details/index.tsx(96,29): error TS17004: Cannot use JSX unless the '--jsx' flag is provided.
frontend/src/views/league-details/index.tsx(99,25): error TS17004: Cannot use JSX unless the '--jsx' flag is provided.
frontend/src/views/league-details/index.tsx(102,25): error TS17004: Cannot use JSX unless the '--jsx' flag is provided.
frontend/src/views/league-details/index.tsx(105,25): error TS17004: Cannot use JSX unless the '--jsx' flag is provided.
frontend/src/views/league-details/index.tsx(108,25): error TS17004: Cannot use JSX unless the '--jsx' flag is provided.
frontend/src/views/league-details/index.tsx(111,25): error TS17004: Cannot use JSX unless the '--jsx' flag is provided.
frontend/src/views/league-details/index.tsx(121,9): error TS17004: Cannot use JSX unless the '--jsx' flag is provided.
frontend/src/views/league-details/index.tsx(122,11): error TS17004: Cannot use JSX unless the '--jsx' flag is provided.
frontend/src/views/league-details/index.tsx(123,13): error TS17004: Cannot use JSX unless the '--jsx' flag is provided.
frontend/src/views/league-details/index.tsx(124,15): error TS17004: Cannot use JSX unless the '--jsx' flag is provided.
frontend/src/views/league-details/index.tsx(126,13): error TS17004: Cannot use JSX unless the '--jsx' flag is provided.
frontend/src/views/league-details/index.tsx(128,17): error TS17004: Cannot use JSX unless the '--jsx' flag is provided.
frontend/src/views/league-details/index.tsx(132,19): error TS17004: Cannot use JSX unless the '--jsx' flag is provided.
frontend/src/views/league-details/index.tsx(135,19): error TS17004: Cannot use JSX unless the '--jsx' flag is provided.
frontend/src/views/league-details/index.tsx(136,21): error TS17004: Cannot use JSX unless the '--jsx' flag is provided.
frontend/src/views/league-details/index.tsx(137,21): error TS17004: Cannot use JSX unless the '--jsx' flag is provided.
frontend/src/views/league-details/index.tsx(138,23): error TS17004: Cannot use JSX unless the '--jsx' flag is provided.
frontend/src/views/league-details/index.tsx(143,21): error TS17004: Cannot use JSX unless the '--jsx' flag is provided.
frontend/src/views/league-details/index.tsx(144,21): error TS17004: Cannot use JSX unless the '--jsx' flag is provided.
frontend/src/views/league-details/index.tsx(145,23): error TS17004: Cannot use JSX unless the '--jsx' flag is provided.
frontend/src/views/league-details/index.tsx(150,21): error TS17004: Cannot use JSX unless the '--jsx' flag is provided.
frontend/src/views/league-details/index.tsx(157,9): error TS17004: Cannot use JSX unless the '--jsx' flag is provided.
frontend/src/views/league-details/index.tsx(158,11): error TS17004: Cannot use JSX unless the '--jsx' flag is provided.
frontend/src/views/league-details/index.tsx(159,13): error TS17004: Cannot use JSX unless the '--jsx' flag is provided.
frontend/src/views/league-details/index.tsx(160,15): error TS17004: Cannot use JSX unless the '--jsx' flag is provided.
frontend/src/views/league-details/index.tsx(162,13): error TS17004: Cannot use JSX unless the '--jsx' flag is provided.
frontend/src/views/league-details/index.tsx(164,17): error TS17004: Cannot use JSX unless the '--jsx' flag is provided.
frontend/src/views/league-details/index.tsx(168,19): error TS17004: Cannot use JSX unless the '--jsx' flag is provided.
frontend/src/views/league-details/index.tsx(169,21): error TS17004: Cannot use JSX unless the '--jsx' flag is provided.
frontend/src/views/league-details/index.tsx(173,21): error TS17004: Cannot use JSX unless the '--jsx' flag is provided.
frontend/src/views/league-details/index.tsx(175,19): error TS17004: Cannot use JSX unless the '--jsx' flag is provided.
frontend/src/views/leagues-list/index.tsx(3,46): error TS2307: Cannot find module '@/shared/ui/card' or its corresponding type declarations.
frontend/src/views/leagues-list/index.tsx(6,23): error TS2307: Cannot find module '@/shared/ui/badge' or its corresponding type declarations.
frontend/src/views/leagues-list/index.tsx(8,26): error TS2307: Cannot find module '@/shared/ui/skeleton' or its corresponding type declarations.
frontend/src/views/leagues-list/index.tsx(10,29): error TS2307: Cannot find module '@/entities/league/model/types' or its corresponding type declarations.
frontend/src/views/leagues-list/index.tsx(21,5): error TS17004: Cannot use JSX unless the '--jsx' flag is provided.
frontend/src/views/leagues-list/index.tsx(22,7): error TS17004: Cannot use JSX unless the '--jsx' flag is provided.
frontend/src/views/leagues-list/index.tsx(23,9): error TS17004: Cannot use JSX unless the '--jsx' flag is provided.
frontend/src/views/leagues-list/index.tsx(26,9): error TS17004: Cannot use JSX unless the '--jsx' flag is provided.
frontend/src/views/leagues-list/index.tsx(31,7): error TS17004: Cannot use JSX unless the '--jsx' flag is provided.
frontend/src/views/leagues-list/index.tsx(33,11): error TS17004: Cannot use JSX unless the '--jsx' flag is provided.
frontend/src/views/leagues-list/index.tsx(36,13): error TS17004: Cannot use JSX unless the '--jsx' flag is provided.
frontend/src/views/leagues-list/index.tsx(41,15): error TS17004: Cannot use JSX unless the '--jsx' flag is provided.
frontend/src/views/leagues-list/index.tsx(42,17): error TS17004: Cannot use JSX unless the '--jsx' flag is provided.
frontend/src/views/leagues-list/index.tsx(43,19): error TS17004: Cannot use JSX unless the '--jsx' flag is provided.
frontend/src/views/leagues-list/index.tsx(50,19): error TS17004: Cannot use JSX unless the '--jsx' flag is provided.
frontend/src/views/leagues-list/index.tsx(51,19): error TS17004: Cannot use JSX unless the '--jsx' flag is provided.
frontend/src/views/leagues-list/index.tsx(55,17): error TS17004: Cannot use JSX unless the '--jsx' flag is provided.
frontend/src/views/leagues-list/index.tsx(56,19): error TS17004: Cannot use JSX unless the '--jsx' flag is provided.
frontend/src/views/leagues-list/index.tsx(59,19): error TS17004: Cannot use JSX unless the '--jsx' flag is provided.
frontend/src/views/leagues-list/index.tsx(60,21): error TS17004: Cannot use JSX unless the '--jsx' flag is provided.
frontend/src/views/leagues-list/index.tsx(64,23): error TS17004: Cannot use JSX unless the '--jsx' flag is provided.
frontend/src/views/leagues-list/index.tsx(67,21): error TS17004: Cannot use JSX unless the '--jsx' flag is provided.
frontend/src/views/leagues-list/index.tsx(71,23): error TS17004: Cannot use JSX unless the '--jsx' flag is provided.
frontend/src/views/leagues-list/index.tsx(80,11): error TS17004: Cannot use JSX unless the '--jsx' flag is provided.
frontend/src/views/leagues-list/index.tsx(81,13): error TS17004: Cannot use JSX unless the '--jsx' flag is provided.
frontend/src/views/leagues/[id]/page.tsx(1,35): error TS2307: Cannot find module '@/views/league-details' or its corresponding type declarations.
frontend/src/views/leagues/[id]/page.tsx(2,31): error TS2307: Cannot find module '@/entities/league/api/leagues' or its corresponding type declarations.
frontend/src/views/leagues/[id]/page.tsx(14,10): error TS17004: Cannot use JSX unless the '--jsx' flag is provided.
frontend/src/views/leagues/page.tsx(1,33): error TS2307: Cannot find module '@/views/leagues-list' or its corresponding type declarations.
frontend/src/views/leagues/page.tsx(2,28): error TS2307: Cannot find module '@/entities/league/api/leagues' or its corresponding type declarations.
frontend/src/views/leagues/page.tsx(6,10): error TS17004: Cannot use JSX unless the '--jsx' flag is provided.
frontend/src/views/lfg/index.tsx(11,8): error TS2307: Cannot find module '@/shared/ui/card' or its corresponding type declarations.
frontend/src/views/lfg/index.tsx(12,24): error TS2307: Cannot find module '@/shared/ui/button' or its corresponding type declarations.
frontend/src/views/lfg/index.tsx(17,8): error TS2307: Cannot find module '@/widgets/lfg-create-dialog' or its corresponding type declarations.
frontend/src/views/lfg/index.tsx(18,26): error TS2307: Cannot find module '@/shared/ui/textarea' or its corresponding type declarations.
frontend/src/views/lfg/index.tsx(19,32): error TS2307: Cannot find module '@/shared/api/genkit/flows/find-lfg-lobbies-flow' or its corresponding type declarations.
frontend/src/views/lfg/index.tsx(23,8): error TS2307: Cannot find module '@/shared/api/genkit/flows/find-lfg-lobbies-flow' or its corresponding type declarations.
frontend/src/views/lfg/index.tsx(24,53): error TS2307: Cannot find module '@/entities/lfg/model/types' or its corresponding type declarations.
frontend/src/views/lfg/index.tsx(25,26): error TS2307: Cannot find module '@/shared/ui/skeleton' or its corresponding type declarations.
frontend/src/views/lfg/index.tsx(26,53): error TS2307: Cannot find module '@/shared/ui/alert' or its corresponding type declarations.
frontend/src/views/lfg/index.tsx(27,24): error TS2307: Cannot find module '@/shared/context/lfg-provider' or its corresponding type declarations.
frontend/src/views/lfg/index.tsx(28,25): error TS2307: Cannot find module '@/widgets/lfg-card' or its corresponding type declarations.
frontend/src/views/lfg/index.tsx(29,26): error TS2307: Cannot find module '@/shared/hooks/use-toast' or its corresponding type declarations.
frontend/src/views/lfg/index.tsx(30,41): error TS2307: Cannot find module '@/entities/lfg/api/lfg' or its corresponding type declarations.
frontend/src/views/lfg/index.tsx(122,5): error TS17004: Cannot use JSX unless the '--jsx' flag is provided.
frontend/src/views/lfg/index.tsx(123,7): error TS17004: Cannot use JSX unless the '--jsx' flag is provided.
frontend/src/views/lfg/index.tsx(124,9): error TS17004: Cannot use JSX unless the '--jsx' flag is provided.
frontend/src/views/lfg/index.tsx(125,11): error TS17004: Cannot use JSX unless the '--jsx' flag is provided.
frontend/src/views/lfg/index.tsx(126,13): error TS17004: Cannot use JSX unless the '--jsx' flag is provided.
frontend/src/views/lfg/index.tsx(127,15): error TS17004: Cannot use JSX unless the '--jsx' flag is provided.
frontend/src/views/lfg/index.tsx(128,15): error TS17004: Cannot use JSX unless the '--jsx' flag is provided.
frontend/src/views/lfg/index.tsx(132,13): error TS17004: Cannot use JSX unless the '--jsx' flag is provided.
frontend/src/views/lfg/index.tsx(137,11): error TS17004: Cannot use JSX unless the '--jsx' flag is provided.
frontend/src/views/lfg/index.tsx(138,13): error TS17004: Cannot use JSX unless the '--jsx' flag is provided.
frontend/src/views/lfg/index.tsx(143,9): error TS17004: Cannot use JSX unless the '--jsx' flag is provided.
frontend/src/views/lfg/index.tsx(144,11): error TS17004: Cannot use JSX unless the '--jsx' flag is provided.
frontend/src/views/lfg/index.tsx(145,13): error TS17004: Cannot use JSX unless the '--jsx' flag is provided.
frontend/src/views/lfg/index.tsx(146,15): error TS17004: Cannot use JSX unless the '--jsx' flag is provided.
frontend/src/views/lfg/index.tsx(148,13): error TS17004: Cannot use JSX unless the '--jsx' flag is provided.
frontend/src/views/lfg/index.tsx(152,11): error TS17004: Cannot use JSX unless the '--jsx' flag is provided.
frontend/src/views/lfg/index.tsx(153,13): error TS17004: Cannot use JSX unless the '--jsx' flag is provided.
frontend/src/views/lfg/index.tsx(161,15): error TS17004: Cannot use JSX unless the '--jsx' flag is provided.
frontend/src/views/lfg/index.tsx(162,17): error TS17004: Cannot use JSX unless the '--jsx' flag is provided.
frontend/src/views/lfg/index.tsx(163,17): error TS17004: Cannot use JSX unless the '--jsx' flag is provided.
frontend/src/views/lfg/index.tsx(167,11): error TS17004: Cannot use JSX unless the '--jsx' flag is provided.
frontend/src/views/lfg/index.tsx(168,13): error TS17004: Cannot use JSX unless the '--jsx' flag is provided.
frontend/src/views/lfg/index.tsx(175,17): error TS17004: Cannot use JSX unless the '--jsx' flag is provided.
frontend/src/views/lfg/index.tsx(177,17): error TS17004: Cannot use JSX unless the '--jsx' flag is provided.
frontend/src/views/lfg/index.tsx(184,9): error TS17004: Cannot use JSX unless the '--jsx' flag is provided.
frontend/src/views/lfg/index.tsx(185,11): error TS17004: Cannot use JSX unless the '--jsx' flag is provided.
frontend/src/views/lfg/index.tsx(191,11): error TS17004: Cannot use JSX unless the '--jsx' flag is provided.
frontend/src/views/lfg/index.tsx(197,11): error TS17004: Cannot use JSX unless the '--jsx' flag is provided.
frontend/src/views/lfg/index.tsx(205,9): error TS17004: Cannot use JSX unless the '--jsx' flag is provided.
frontend/src/views/lfg/index.tsx(208,15): error TS17004: Cannot use JSX unless the '--jsx' flag is provided.
frontend/src/views/lfg/index.tsx(209,17): error TS17004: Cannot use JSX unless the '--jsx' flag is provided.
frontend/src/views/lfg/index.tsx(216,15): error TS17004: Cannot use JSX unless the '--jsx' flag is provided.
frontend/src/views/lfg/index.tsx(220,11): error TS17004: Cannot use JSX unless the '--jsx' flag is provided.
frontend/src/views/lfg/index.tsx(221,13): error TS17004: Cannot use JSX unless the '--jsx' flag is provided.
frontend/src/views/lfg/index.tsx(222,13): error TS17004: Cannot use JSX unless the '--jsx' flag is provided.
frontend/src/views/lfg/index.tsx(226,7): error TS17004: Cannot use JSX unless the '--jsx' flag is provided.
frontend/src/views/manager-profile-demo/index.tsx(1,34): error TS2307: Cannot find module '@/entities/user/api/get-user' or its corresponding type declarations.
frontend/src/views/manager-profile-demo/index.tsx(2,27): error TS2307: Cannot find module '@/app/(app)/administration/manager/client' or its corresponding type declarations.
frontend/src/views/manager-profile-demo/index.tsx(4,40): error TS2307: Cannot find module '@/entities/achievement/api/achievements' or its corresponding type declarations.
frontend/src/views/manager-profile-demo/index.tsx(18,10): error TS17004: Cannot use JSX unless the '--jsx' flag is provided.
frontend/src/views/manager-profile/index.tsx(1,62): error TS2307: Cannot find module '@/views/manager-profile-demo' or its corresponding type declarations.
frontend/src/views/manager-profile/index.tsx(4,10): error TS17004: Cannot use JSX unless the '--jsx' flag is provided.
frontend/src/views/match-create/index.tsx(3,58): error TS2307: Cannot find module '@/shared/ui/tabs' or its corresponding type declarations.
frontend/src/views/match-create/index.tsx(4,31): error TS2307: Cannot find module '@/widgets/ai-match-wizard' or its corresponding type declarations.
frontend/src/views/match-create/index.tsx(5,33): error TS2307: Cannot find module '@/widgets/manual-match-form' or its corresponding type declarations.
frontend/src/views/match-create/index.tsx(10,5): error TS17004: Cannot use JSX unless the '--jsx' flag is provided.
frontend/src/views/match-create/index.tsx(11,7): error TS17004: Cannot use JSX unless the '--jsx' flag is provided.
frontend/src/views/match-create/index.tsx(12,9): error TS17004: Cannot use JSX unless the '--jsx' flag is provided.
frontend/src/views/match-create/index.tsx(15,9): error TS17004: Cannot use JSX unless the '--jsx' flag is provided.
frontend/src/views/match-create/index.tsx(20,7): error TS17004: Cannot use JSX unless the '--jsx' flag is provided.
frontend/src/views/match-create/index.tsx(21,9): error TS17004: Cannot use JSX unless the '--jsx' flag is provided.
frontend/src/views/match-create/index.tsx(22,11): error TS17004: Cannot use JSX unless the '--jsx' flag is provided.
frontend/src/views/match-create/index.tsx(23,13): error TS17004: Cannot use JSX unless the '--jsx' flag is provided.
frontend/src/views/match-create/index.tsx(25,11): error TS17004: Cannot use JSX unless the '--jsx' flag is provided.
frontend/src/views/match-create/index.tsx(26,13): error TS17004: Cannot use JSX unless the '--jsx' flag is provided.
frontend/src/views/match-create/index.tsx(29,9): error TS17004: Cannot use JSX unless the '--jsx' flag is provided.
frontend/src/views/match-create/index.tsx(30,11): error TS17004: Cannot use JSX unless the '--jsx' flag is provided.
frontend/src/views/match-create/index.tsx(32,9): error TS17004: Cannot use JSX unless the '--jsx' flag is provided.
frontend/src/views/match-create/index.tsx(33,11): error TS17004: Cannot use JSX unless the '--jsx' flag is provided.
frontend/src/views/match-details/index.tsx(4,53): error TS2307: Cannot find module '@/shared/ui/avatar' or its corresponding type declarations.
frontend/src/views/match-details/index.tsx(5,23): error TS2307: Cannot find module '@/shared/ui/badge' or its corresponding type declarations.
frontend/src/views/match-details/index.tsx(6,58): error TS2307: Cannot find module '@/shared/ui/card' or its corresponding type declarations.
frontend/src/views/match-details/index.tsx(7,58): error TS2307: Cannot find module '@/shared/ui/tabs' or its corresponding type declarations.
frontend/src/views/match-details/index.tsx(9,29): error TS2307: Cannot find module '@/widgets/match-details-tabs/ui/overview-tab' or its corresponding type declarations.
frontend/src/views/match-details/index.tsx(10,26): error TS2307: Cannot find module '@/widgets/match-details-tabs/ui/stats-tab' or its corresponding type declarations.
frontend/src/views/match-details/index.tsx(11,28): error TS2307: Cannot find module '@/widgets/match-details-tabs/ui/lineups-tab' or its corresponding type declarations.
frontend/src/views/match-details/index.tsx(12,26): error TS2307: Cannot find module '@/widgets/match-details-tabs/ui/media-tab' or its corresponding type declarations.
frontend/src/views/match-details/index.tsx(13,31): error TS2307: Cannot find module '@/widgets/match-details-tabs/ui/ai-analysis-tab' or its corresponding type declarations.
frontend/src/views/match-details/index.tsx(14,35): error TS2307: Cannot find module '@/entities/match/model/types' or its corresponding type declarations.
frontend/src/views/match-details/index.tsx(27,5): error TS17004: Cannot use JSX unless the '--jsx' flag is provided.
frontend/src/views/match-details/index.tsx(28,7): error TS17004: Cannot use JSX unless the '--jsx' flag is provided.
frontend/src/views/match-details/index.tsx(29,9): error TS17004: Cannot use JSX unless the '--jsx' flag is provided.
frontend/src/views/match-details/index.tsx(30,11): error TS17004: Cannot use JSX unless the '--jsx' flag is provided.
frontend/src/views/match-details/index.tsx(37,11): error TS17004: Cannot use JSX unless the '--jsx' flag is provided.
frontend/src/views/match-details/index.tsx(38,13): error TS17004: Cannot use JSX unless the '--jsx' flag is provided.
frontend/src/views/match-details/index.tsx(39,15): error TS17004: Cannot use JSX unless the '--jsx' flag is provided.
frontend/src/views/match-details/index.tsx(40,17): error TS17004: Cannot use JSX unless the '--jsx' flag is provided.
frontend/src/views/match-details/index.tsx(41,19): error TS17004: Cannot use JSX unless the '--jsx' flag is provided.
frontend/src/views/match-details/index.tsx(45,19): error TS17004: Cannot use JSX unless the '--jsx' flag is provided.
frontend/src/views/match-details/index.tsx(47,17): error TS17004: Cannot use JSX unless the '--jsx' flag is provided.
frontend/src/views/match-details/index.tsx(51,15): error TS17004: Cannot use JSX unless the '--jsx' flag is provided.
frontend/src/views/match-details/index.tsx(52,17): error TS17004: Cannot use JSX unless the '--jsx' flag is provided.
frontend/src/views/match-details/index.tsx(55,17): error TS17004: Cannot use JSX unless the '--jsx' flag is provided.
frontend/src/views/match-details/index.tsx(59,15): error TS17004: Cannot use JSX unless the '--jsx' flag is provided.
frontend/src/views/match-details/index.tsx(60,17): error TS17004: Cannot use JSX unless the '--jsx' flag is provided.
frontend/src/views/match-details/index.tsx(63,17): error TS17004: Cannot use JSX unless the '--jsx' flag is provided.
frontend/src/views/match-details/index.tsx(64,19): error TS17004: Cannot use JSX unless the '--jsx' flag is provided.
frontend/src/views/match-details/index.tsx(68,19): error TS17004: Cannot use JSX unless the '--jsx' flag is provided.
frontend/src/views/match-details/index.tsx(76,7): error TS17004: Cannot use JSX unless the '--jsx' flag is provided.
frontend/src/views/match-details/index.tsx(77,9): error TS17004: Cannot use JSX unless the '--jsx' flag is provided.
frontend/src/views/match-details/index.tsx(78,11): error TS17004: Cannot use JSX unless the '--jsx' flag is provided.
frontend/src/views/match-details/index.tsx(79,13): error TS17004: Cannot use JSX unless the '--jsx' flag is provided.
frontend/src/views/match-details/index.tsx(82,11): error TS17004: Cannot use JSX unless the '--jsx' flag is provided.
frontend/src/views/match-details/index.tsx(83,13): error TS17004: Cannot use JSX unless the '--jsx' flag is provided.
frontend/src/views/match-details/index.tsx(86,11): error TS17004: Cannot use JSX unless the '--jsx' flag is provided.
frontend/src/views/match-details/index.tsx(87,13): error TS17004: Cannot use JSX unless the '--jsx' flag is provided.
frontend/src/views/match-details/index.tsx(90,11): error TS17004: Cannot use JSX unless the '--jsx' flag is provided.
frontend/src/views/match-details/index.tsx(91,13): error TS17004: Cannot use JSX unless the '--jsx' flag is provided.
frontend/src/views/match-details/index.tsx(94,11): error TS17004: Cannot use JSX unless the '--jsx' flag is provided.
frontend/src/views/match-details/index.tsx(95,13): error TS17004: Cannot use JSX unless the '--jsx' flag is provided.
frontend/src/views/match-details/index.tsx(99,9): error TS17004: Cannot use JSX unless the '--jsx' flag is provided.
frontend/src/views/match-details/index.tsx(100,11): error TS17004: Cannot use JSX unless the '--jsx' flag is provided.
frontend/src/views/match-details/index.tsx(102,9): error TS17004: Cannot use JSX unless the '--jsx' flag is provided.
frontend/src/views/match-details/index.tsx(103,11): error TS17004: Cannot use JSX unless the '--jsx' flag is provided.
frontend/src/views/match-details/index.tsx(105,9): error TS17004: Cannot use JSX unless the '--jsx' flag is provided.
frontend/src/views/match-details/index.tsx(106,11): error TS17004: Cannot use JSX unless the '--jsx' flag is provided.
frontend/src/views/match-details/index.tsx(108,9): error TS17004: Cannot use JSX unless the '--jsx' flag is provided.
frontend/src/views/match-details/index.tsx(109,11): error TS17004: Cannot use JSX unless the '--jsx' flag is provided.
frontend/src/views/match-details/index.tsx(116,9): error TS17004: Cannot use JSX unless the '--jsx' flag is provided.
frontend/src/views/match-details/index.tsx(117,11): error TS17004: Cannot use JSX unless the '--jsx' flag is provided.
frontend/src/views/matches-list/index.tsx(5,53): error TS2307: Cannot find module '@/shared/ui/avatar' or its corresponding type declarations.
frontend/src/views/matches-list/index.tsx(6,23): error TS2307: Cannot find module '@/shared/ui/badge' or its corresponding type declarations.
frontend/src/views/matches-list/index.tsx(7,24): error TS2307: Cannot find module '@/shared/ui/button' or its corresponding type declarations.
frontend/src/views/matches-list/index.tsx(14,8): error TS2307: Cannot find module '@/shared/ui/card' or its corresponding type declarations.
frontend/src/views/matches-list/index.tsx(22,8): error TS2307: Cannot find module '@/shared/ui/table' or its corresponding type declarations.
frontend/src/views/matches-list/index.tsx(23,26): error TS2307: Cannot find module '@/shared/hooks/use-toast' or its corresponding type declarations.
frontend/src/views/matches-list/index.tsx(25,30): error TS2307: Cannot find module '@/entities/match/api/get-matches' or its corresponding type declarations.
frontend/src/views/matches-list/index.tsx(26,28): error TS2307: Cannot find module '@/entities/match/model/types' or its corresponding type declarations.
frontend/src/views/matches-list/index.tsx(27,26): error TS2307: Cannot find module '@/shared/ui/skeleton' or its corresponding type declarations.
frontend/src/views/matches-list/index.tsx(33,8): error TS2307: Cannot find module '@/widgets/crm-score-dialog' or its corresponding type declarations.
frontend/src/views/matches-list/index.tsx(34,34): error TS2307: Cannot find module '@/entities/match/api/update-match-score' or its corresponding type declarations.
frontend/src/views/matches-list/index.tsx(118,5): error TS17004: Cannot use JSX unless the '--jsx' flag is provided.
frontend/src/views/matches-list/index.tsx(119,7): error TS17004: Cannot use JSX unless the '--jsx' flag is provided.
frontend/src/views/matches-list/index.tsx(120,9): error TS17004: Cannot use JSX unless the '--jsx' flag is provided.
frontend/src/views/matches-list/index.tsx(121,11): error TS17004: Cannot use JSX unless the '--jsx' flag is provided.
frontend/src/views/matches-list/index.tsx(124,11): error TS17004: Cannot use JSX unless the '--jsx' flag is provided.
frontend/src/views/matches-list/index.tsx(128,9): error TS17004: Cannot use JSX unless the '--jsx' flag is provided.
frontend/src/views/matches-list/index.tsx(129,11): error TS17004: Cannot use JSX unless the '--jsx' flag is provided.
frontend/src/views/matches-list/index.tsx(130,13): error TS17004: Cannot use JSX unless the '--jsx' flag is provided.
frontend/src/views/matches-list/index.tsx(136,7): error TS17004: Cannot use JSX unless the '--jsx' flag is provided.
frontend/src/views/matches-list/index.tsx(137,9): error TS17004: Cannot use JSX unless the '--jsx' flag is provided.
frontend/src/views/matches-list/index.tsx(138,11): error TS17004: Cannot use JSX unless the '--jsx' flag is provided.
frontend/src/views/matches-list/index.tsx(139,11): error TS17004: Cannot use JSX unless the '--jsx' flag is provided.
frontend/src/views/matches-list/index.tsx(141,9): error TS17004: Cannot use JSX unless the '--jsx' flag is provided.
frontend/src/views/matches-list/index.tsx(143,13): error TS17004: Cannot use JSX unless the '--jsx' flag is provided.
frontend/src/views/matches-list/index.tsx(144,15): error TS17004: Cannot use JSX unless the '--jsx' flag is provided.
frontend/src/views/matches-list/index.tsx(145,15): error TS17004: Cannot use JSX unless the '--jsx' flag is provided.
frontend/src/views/matches-list/index.tsx(146,15): error TS17004: Cannot use JSX unless the '--jsx' flag is provided.
frontend/src/views/matches-list/index.tsx(149,13): error TS17004: Cannot use JSX unless the '--jsx' flag is provided.
frontend/src/views/matches-list/index.tsx(150,15): error TS17004: Cannot use JSX unless the '--jsx' flag is provided.
frontend/src/views/matches-list/index.tsx(151,17): error TS17004: Cannot use JSX unless the '--jsx' flag is provided.
frontend/src/views/matches-list/index.tsx(152,19): error TS17004: Cannot use JSX unless the '--jsx' flag is provided.
frontend/src/views/matches-list/index.tsx(153,19): error TS17004: Cannot use JSX unless the '--jsx' flag is provided.
frontend/src/views/matches-list/index.tsx(154,19): error TS17004: Cannot use JSX unless the '--jsx' flag is provided.
frontend/src/views/matches-list/index.tsx(155,19): error TS17004: Cannot use JSX unless the '--jsx' flag is provided.
frontend/src/views/matches-list/index.tsx(158,15): error TS17004: Cannot use JSX unless the '--jsx' flag is provided.
frontend/src/views/matches-list/index.tsx(160,19): error TS17004: Cannot use JSX unless the '--jsx' flag is provided.
frontend/src/views/matches-list/index.tsx(161,21): error TS17004: Cannot use JSX unless the '--jsx' flag is provided.
frontend/src/views/matches-list/index.tsx(162,23): error TS17004: Cannot use JSX unless the '--jsx' flag is provided.
frontend/src/views/matches-list/index.tsx(166,25): error TS17004: Cannot use JSX unless the '--jsx' flag is provided.
frontend/src/views/matches-list/index.tsx(167,27): error TS17004: Cannot use JSX unless the '--jsx' flag is provided.
frontend/src/views/matches-list/index.tsx(170,27): error TS17004: Cannot use JSX unless the '--jsx' flag is provided.
frontend/src/views/matches-list/index.tsx(171,29): error TS17004: Cannot use JSX unless the '--jsx' flag is provided.
frontend/src/views/matches-list/index.tsx(175,29): error TS17004: Cannot use JSX unless the '--jsx' flag is provided.
frontend/src/views/matches-list/index.tsx(180,25): error TS17004: Cannot use JSX unless the '--jsx' flag is provided.
frontend/src/views/matches-list/index.tsx(183,25): error TS17004: Cannot use JSX unless the '--jsx' flag is provided.
frontend/src/views/matches-list/index.tsx(184,27): error TS17004: Cannot use JSX unless the '--jsx' flag is provided.
frontend/src/views/matches-list/index.tsx(185,29): error TS17004: Cannot use JSX unless the '--jsx' flag is provided.
frontend/src/views/matches-list/index.tsx(189,29): error TS17004: Cannot use JSX unless the '--jsx' flag is provided.
frontend/src/views/matches-list/index.tsx(193,27): error TS17004: Cannot use JSX unless the '--jsx' flag is provided.
frontend/src/views/matches-list/index.tsx(199,21): error TS17004: Cannot use JSX unless the '--jsx' flag is provided.
frontend/src/views/matches-list/index.tsx(202,21): error TS17004: Cannot use JSX unless the '--jsx' flag is provided.
frontend/src/views/matches-list/index.tsx(207,21): error TS17004: Cannot use JSX unless the '--jsx' flag is provided.
frontend/src/views/matches-list/index.tsx(208,23): error TS17004: Cannot use JSX unless the '--jsx' flag is provided.
frontend/src/views/matches-list/index.tsx(213,25): error TS17004: Cannot use JSX unless the '--jsx' flag is provided.
frontend/src/views/matches-list/index.tsx(218,27): error TS17004: Cannot use JSX unless the '--jsx' flag is provided.
frontend/src/views/matches-list/index.tsx(231,7): error TS17004: Cannot use JSX unless the '--jsx' flag is provided.
frontend/src/views/measurements/index.tsx(4,58): error TS2307: Cannot find module '@/shared/ui/card' or its corresponding type declarations.
frontend/src/views/measurements/index.tsx(5,24): error TS2307: Cannot find module '@/shared/ui/button' or its corresponding type declarations.
frontend/src/views/measurements/index.tsx(7,34): error TS2307: Cannot find module '@/entities/user/model/types' or its corresponding type declarations.
frontend/src/views/measurements/index.tsx(8,38): error TS2307: Cannot find module '@/widgets/log-measurement-dialog' or its corresponding type declarations.
frontend/src/views/measurements/index.tsx(9,34): error TS2307: Cannot find module '@/widgets/analytics-charts/measurements-chart' or its corresponding type declarations.
frontend/src/views/measurements/index.tsx(10,42): error TS2307: Cannot find module '@/widgets/measurements-history-table' or its corresponding type declarations.
frontend/src/views/measurements/index.tsx(17,8): error TS2307: Cannot find module '@/shared/ui/select' or its corresponding type declarations.
frontend/src/views/measurements/index.tsx(18,33): error TS2307: Cannot find module '@/shared/context/measurements-provider' or its corresponding type declarations.
frontend/src/views/measurements/index.tsx(19,26): error TS2307: Cannot find module '@/shared/ui/skeleton' or its corresponding type declarations.
frontend/src/views/measurements/index.tsx(43,3): error TS17004: Cannot use JSX unless the '--jsx' flag is provided.
frontend/src/views/measurements/index.tsx(44,5): error TS17004: Cannot use JSX unless the '--jsx' flag is provided.
frontend/src/views/measurements/index.tsx(45,7): error TS17004: Cannot use JSX unless the '--jsx' flag is provided.
frontend/src/views/measurements/index.tsx(47,5): error TS17004: Cannot use JSX unless the '--jsx' flag is provided.
frontend/src/views/measurements/index.tsx(48,7): error TS17004: Cannot use JSX unless the '--jsx' flag is provided.
frontend/src/views/measurements/index.tsx(50,9): error TS17004: Cannot use JSX unless the '--jsx' flag is provided.
frontend/src/views/measurements/index.tsx(57,3): error TS17004: Cannot use JSX unless the '--jsx' flag is provided.
frontend/src/views/measurements/index.tsx(58,5): error TS17004: Cannot use JSX unless the '--jsx' flag is provided.
frontend/src/views/measurements/index.tsx(59,7): error TS17004: Cannot use JSX unless the '--jsx' flag is provided.
frontend/src/views/measurements/index.tsx(61,5): error TS17004: Cannot use JSX unless the '--jsx' flag is provided.
frontend/src/views/measurements/index.tsx(62,7): error TS17004: Cannot use JSX unless the '--jsx' flag is provided.
frontend/src/views/measurements/index.tsx(76,5): error TS17004: Cannot use JSX unless the '--jsx' flag is provided.
frontend/src/views/measurements/index.tsx(77,7): error TS17004: Cannot use JSX unless the '--jsx' flag is provided.
frontend/src/views/measurements/index.tsx(78,9): error TS17004: Cannot use JSX unless the '--jsx' flag is provided.
frontend/src/views/measurements/index.tsx(79,11): error TS17004: Cannot use JSX unless the '--jsx' flag is provided.
frontend/src/views/measurements/index.tsx(80,13): error TS17004: Cannot use JSX unless the '--jsx' flag is provided.
frontend/src/views/measurements/index.tsx(83,13): error TS17004: Cannot use JSX unless the '--jsx' flag is provided.
frontend/src/views/measurements/index.tsx(88,11): error TS17004: Cannot use JSX unless the '--jsx' flag is provided.
frontend/src/views/measurements/index.tsx(89,13): error TS17004: Cannot use JSX unless the '--jsx' flag is provided.
frontend/src/views/measurements/index.tsx(95,11): error TS17004: Cannot use JSX unless the '--jsx' flag is provided.
frontend/src/views/measurements/index.tsx(96,13): error TS17004: Cannot use JSX unless the '--jsx' flag is provided.
frontend/src/views/measurements/index.tsx(97,13): error TS17004: Cannot use JSX unless the '--jsx' flag is provided.
frontend/src/views/measurements/index.tsx(98,13): error TS17004: Cannot use JSX unless the '--jsx' flag is provided.
frontend/src/views/measurements/index.tsx(99,13): error TS17004: Cannot use JSX unless the '--jsx' flag is provided.
frontend/src/views/measurements/index.tsx(102,11): error TS17004: Cannot use JSX unless the '--jsx' flag is provided.
frontend/src/views/measurements/index.tsx(103,13): error TS17004: Cannot use JSX unless the '--jsx' flag is provided.
frontend/src/views/measurements/index.tsx(104,13): error TS17004: Cannot use JSX unless the '--jsx' flag is provided.
frontend/src/views/measurements/index.tsx(105,13): error TS17004: Cannot use JSX unless the '--jsx' flag is provided.
frontend/src/views/measurements/index.tsx(110,13): error TS17004: Cannot use JSX unless the '--jsx' flag is provided.
frontend/src/views/measurements/index.tsx(118,9): error TS17004: Cannot use JSX unless the '--jsx' flag is provided.
frontend/src/views/measurements/index.tsx(119,11): error TS17004: Cannot use JSX unless the '--jsx' flag is provided.
frontend/src/views/measurements/index.tsx(120,13): error TS17004: Cannot use JSX unless the '--jsx' flag is provided.
frontend/src/views/measurements/index.tsx(121,15): error TS17004: Cannot use JSX unless the '--jsx' flag is provided.
frontend/src/views/measurements/index.tsx(122,17): error TS17004: Cannot use JSX unless the '--jsx' flag is provided.
frontend/src/views/measurements/index.tsx(123,19): error TS17004: Cannot use JSX unless the '--jsx' flag is provided.
frontend/src/views/measurements/index.tsx(125,17): error TS17004: Cannot use JSX unless the '--jsx' flag is provided.
frontend/src/views/measurements/index.tsx(129,15): error TS17004: Cannot use JSX unless the '--jsx' flag is provided.
frontend/src/views/measurements/index.tsx(137,17): error TS17004: Cannot use JSX unless the '--jsx' flag is provided.
frontend/src/views/measurements/index.tsx(138,19): error TS17004: Cannot use JSX unless the '--jsx' flag is provided.
frontend/src/views/measurements/index.tsx(140,17): error TS17004: Cannot use JSX unless the '--jsx' flag is provided.
frontend/src/views/measurements/index.tsx(142,21): error TS17004: Cannot use JSX unless the '--jsx' flag is provided.
frontend/src/views/measurements/index.tsx(150,11): error TS17004: Cannot use JSX unless the '--jsx' flag is provided.
frontend/src/views/measurements/index.tsx(152,15): error TS17004: Cannot use JSX unless the '--jsx' flag is provided.
frontend/src/views/measurements/index.tsx(154,15): error TS17004: Cannot use JSX unless the '--jsx' flag is provided.
frontend/src/views/measurements/index.tsx(159,9): error TS17004: Cannot use JSX unless the '--jsx' flag is provided.
frontend/src/views/measurements/index.tsx(160,11): error TS17004: Cannot use JSX unless the '--jsx' flag is provided.
frontend/src/views/measurements/index.tsx(161,13): error TS17004: Cannot use JSX unless the '--jsx' flag is provided.
frontend/src/views/measurements/index.tsx(162,15): error TS17004: Cannot use JSX unless the '--jsx' flag is provided.
frontend/src/views/measurements/index.tsx(165,11): error TS17004: Cannot use JSX unless the '--jsx' flag is provided.
frontend/src/views/measurements/index.tsx(167,15): error TS17004: Cannot use JSX unless the '--jsx' flag is provided.
frontend/src/views/measurements/index.tsx(168,17): error TS17004: Cannot use JSX unless the '--jsx' flag is provided.
frontend/src/views/measurements/index.tsx(169,17): error TS17004: Cannot use JSX unless the '--jsx' flag is provided.
frontend/src/views/measurements/index.tsx(170,17): error TS17004: Cannot use JSX unless the '--jsx' flag is provided.
frontend/src/views/measurements/index.tsx(173,15): error TS17004: Cannot use JSX unless the '--jsx' flag is provided.
frontend/src/views/measurements/index.tsx(178,7): error TS17004: Cannot use JSX unless the '--jsx' flag is provided.
frontend/src/views/moderation-queue/index.tsx(10,8): error TS2307: Cannot find module '@/shared/ui/card' or its corresponding type declarations.
frontend/src/views/moderation-queue/index.tsx(18,8): error TS2307: Cannot find module '@/shared/ui/table' or its corresponding type declarations.
frontend/src/views/moderation-queue/index.tsx(19,24): error TS2307: Cannot find module '@/shared/ui/button' or its corresponding type declarations.
frontend/src/views/moderation-queue/index.tsx(20,38): error TS2307: Cannot find module '@/widgets/report-analysis-dialog' or its corresponding type declarations.
frontend/src/views/moderation-queue/index.tsx(21,26): error TS2307: Cannot find module '@/shared/hooks/use-toast' or its corresponding type declarations.
frontend/src/views/moderation-queue/index.tsx(24,26): error TS2307: Cannot find module '@/shared/ui/skeleton' or its corresponding type declarations.
frontend/src/views/moderation-queue/index.tsx(29,8): error TS2307: Cannot find module '@/entities/report/api/reports' or its corresponding type declarations.
frontend/src/views/moderation-queue/index.tsx(90,5): error TS17004: Cannot use JSX unless the '--jsx' flag is provided.
frontend/src/views/moderation-queue/index.tsx(91,7): error TS17004: Cannot use JSX unless the '--jsx' flag is provided.
frontend/src/views/moderation-queue/index.tsx(92,9): error TS17004: Cannot use JSX unless the '--jsx' flag is provided.
frontend/src/views/moderation-queue/index.tsx(93,11): error TS17004: Cannot use JSX unless the '--jsx' flag is provided.
frontend/src/views/moderation-queue/index.tsx(96,11): error TS17004: Cannot use JSX unless the '--jsx' flag is provided.
frontend/src/views/moderation-queue/index.tsx(100,9): error TS17004: Cannot use JSX unless the '--jsx' flag is provided.
frontend/src/views/moderation-queue/index.tsx(101,11): error TS17004: Cannot use JSX unless the '--jsx' flag is provided.
frontend/src/views/moderation-queue/index.tsx(102,13): error TS17004: Cannot use JSX unless the '--jsx' flag is provided.
frontend/src/views/moderation-queue/index.tsx(103,13): error TS17004: Cannot use JSX unless the '--jsx' flag is provided.
frontend/src/views/moderation-queue/index.tsx(111,11): error TS17004: Cannot use JSX unless the '--jsx' flag is provided.
frontend/src/views/moderation-queue/index.tsx(113,15): error TS17004: Cannot use JSX unless the '--jsx' flag is provided.
frontend/src/views/moderation-queue/index.tsx(114,17): error TS17004: Cannot use JSX unless the '--jsx' flag is provided.
frontend/src/views/moderation-queue/index.tsx(115,17): error TS17004: Cannot use JSX unless the '--jsx' flag is provided.
frontend/src/views/moderation-queue/index.tsx(118,15): error TS17004: Cannot use JSX unless the '--jsx' flag is provided.
frontend/src/views/moderation-queue/index.tsx(119,17): error TS17004: Cannot use JSX unless the '--jsx' flag is provided.
frontend/src/views/moderation-queue/index.tsx(120,19): error TS17004: Cannot use JSX unless the '--jsx' flag is provided.
frontend/src/views/moderation-queue/index.tsx(121,21): error TS17004: Cannot use JSX unless the '--jsx' flag is provided.
frontend/src/views/moderation-queue/index.tsx(122,21): error TS17004: Cannot use JSX unless the '--jsx' flag is provided.
frontend/src/views/moderation-queue/index.tsx(123,21): error TS17004: Cannot use JSX unless the '--jsx' flag is provided.
frontend/src/views/moderation-queue/index.tsx(126,21): error TS17004: Cannot use JSX unless the '--jsx' flag is provided.
frontend/src/views/moderation-queue/index.tsx(129,21): error TS17004: Cannot use JSX unless the '--jsx' flag is provided.
frontend/src/views/moderation-queue/index.tsx(132,17): error TS17004: Cannot use JSX unless the '--jsx' flag is provided.
frontend/src/views/moderation-queue/index.tsx(135,23): error TS17004: Cannot use JSX unless the '--jsx' flag is provided.
frontend/src/views/moderation-queue/index.tsx(136,25): error TS17004: Cannot use JSX unless the '--jsx' flag is provided.
frontend/src/views/moderation-queue/index.tsx(139,25): error TS17004: Cannot use JSX unless the '--jsx' flag is provided.
frontend/src/views/moderation-queue/index.tsx(142,25): error TS17004: Cannot use JSX unless the '--jsx' flag is provided.
frontend/src/views/moderation-queue/index.tsx(145,25): error TS17004: Cannot use JSX unless the '--jsx' flag is provided.
frontend/src/views/moderation-queue/index.tsx(151,25): error TS17004: Cannot use JSX unless the '--jsx' flag is provided.
frontend/src/views/moderation-queue/index.tsx(152,27): error TS17004: Cannot use JSX unless the '--jsx' flag is provided.
frontend/src/views/moderation-queue/index.tsx(162,21): error TS17004: Cannot use JSX unless the '--jsx' flag is provided.
frontend/src/views/moderation-queue/index.tsx(163,23): error TS17004: Cannot use JSX unless the '--jsx' flag is provided.
frontend/src/views/moderation-queue/index.tsx(175,7): error TS17004: Cannot use JSX unless the '--jsx' flag is provided.
frontend/src/views/moderator-profile-demo/index.tsx(1,34): error TS2307: Cannot find module '@/entities/user/api/get-user' or its corresponding type declarations.
frontend/src/views/moderator-profile-demo/index.tsx(2,40): error TS2307: Cannot find module '@/entities/achievement/api/achievements' or its corresponding type declarations.
frontend/src/views/moderator-profile-demo/index.tsx(3,29): error TS2307: Cannot find module '@/app/(app)/administration/moderator/client' or its corresponding type declarations.
frontend/src/views/moderator-profile-demo/index.tsx(18,10): error TS17004: Cannot use JSX unless the '--jsx' flag is provided.
frontend/src/views/moderator-profile/index.tsx(1,66): error TS2307: Cannot find module '@/views/moderator-profile-demo' or its corresponding type declarations.
frontend/src/views/moderator-profile/index.tsx(4,10): error TS17004: Cannot use JSX unless the '--jsx' flag is provided.
frontend/src/views/monetization/index.tsx(10,8): error TS2307: Cannot find module '@/shared/ui/card' or its corresponding type declarations.
frontend/src/views/monetization/index.tsx(11,24): error TS2307: Cannot find module '@/shared/ui/button' or its corresponding type declarations.
frontend/src/views/monetization/index.tsx(13,20): error TS2307: Cannot find module '@/shared/lib/utils' or its corresponding type declarations.
frontend/src/views/monetization/index.tsx(14,26): error TS2307: Cannot find module '@/shared/hooks/use-toast' or its corresponding type declarations.
frontend/src/views/monetization/index.tsx(67,5): error TS17004: Cannot use JSX unless the '--jsx' flag is provided.
frontend/src/views/monetization/index.tsx(68,7): error TS17004: Cannot use JSX unless the '--jsx' flag is provided.
frontend/src/views/monetization/index.tsx(69,9): error TS17004: Cannot use JSX unless the '--jsx' flag is provided.
frontend/src/views/monetization/index.tsx(72,9): error TS17004: Cannot use JSX unless the '--jsx' flag is provided.
frontend/src/views/monetization/index.tsx(78,7): error TS17004: Cannot use JSX unless the '--jsx' flag is provided.
frontend/src/views/monetization/index.tsx(80,11): error TS17004: Cannot use JSX unless the '--jsx' flag is provided.
frontend/src/views/monetization/index.tsx(87,13): error TS17004: Cannot use JSX unless the '--jsx' flag is provided.
frontend/src/views/monetization/index.tsx(88,15): error TS17004: Cannot use JSX unless the '--jsx' flag is provided.
frontend/src/views/monetization/index.tsx(89,15): error TS17004: Cannot use JSX unless the '--jsx' flag is provided.
frontend/src/views/monetization/index.tsx(90,15): error TS17004: Cannot use JSX unless the '--jsx' flag is provided.
frontend/src/views/monetization/index.tsx(92,13): error TS17004: Cannot use JSX unless the '--jsx' flag is provided.
frontend/src/views/monetization/index.tsx(93,15): error TS17004: Cannot use JSX unless the '--jsx' flag is provided.
frontend/src/views/monetization/index.tsx(95,19): error TS17004: Cannot use JSX unless the '--jsx' flag is provided.
frontend/src/views/monetization/index.tsx(96,21): error TS17004: Cannot use JSX unless the '--jsx' flag is provided.
frontend/src/views/monetization/index.tsx(97,21): error TS17004: Cannot use JSX unless the '--jsx' flag is provided.
frontend/src/views/monetization/index.tsx(102,13): error TS17004: Cannot use JSX unless the '--jsx' flag is provided.
frontend/src/views/monetization/index.tsx(103,15): error TS17004: Cannot use JSX unless the '--jsx' flag is provided.
frontend/src/views/nutrition-center/index.tsx(10,8): error TS2307: Cannot find module '@/shared/ui/card' or its corresponding type declarations.
frontend/src/views/nutrition-center/index.tsx(11,24): error TS2307: Cannot find module '@/shared/ui/button' or its corresponding type declarations.
frontend/src/views/nutrition-center/index.tsx(19,8): error TS2307: Cannot find module '@/shared/ui/table' or its corresponding type declarations.
frontend/src/views/nutrition-center/index.tsx(31,57): error TS2307: Cannot find module '@/shared/ui/popover' or its corresponding type declarations.
frontend/src/views/nutrition-center/index.tsx(32,26): error TS2307: Cannot find module '@/shared/ui/calendar' or its corresponding type declarations.
frontend/src/views/nutrition-center/index.tsx(35,35): error TS2307: Cannot find module '@/entities/nutrition/model/types' or its corresponding type declarations.
frontend/src/views/nutrition-center/index.tsx(36,31): error TS2307: Cannot find module '@/entities/nutrition/model/types' or its corresponding type declarations.
frontend/src/views/nutrition-center/index.tsx(37,26): error TS2307: Cannot find module '@/shared/hooks/use-toast' or its corresponding type declarations.
frontend/src/views/nutrition-center/index.tsx(38,30): error TS2307: Cannot find module '@/shared/context/nutrition-provider' or its corresponding type declarations.
frontend/src/views/nutrition-center/index.tsx(39,26): error TS2307: Cannot find module '@/shared/ui/progress' or its corresponding type declarations.
frontend/src/views/nutrition-center/index.tsx(40,58): error TS2307: Cannot find module '@/shared/ui/tabs' or its corresponding type declarations.
frontend/src/views/nutrition-center/index.tsx(41,32): error TS2307: Cannot find module '@/widgets/ai-nutritionist' or its corresponding type declarations.
frontend/src/views/nutrition-center/index.tsx(42,23): error TS2307: Cannot find module '@/shared/ui/input' or its corresponding type declarations.
frontend/src/views/nutrition-center/index.tsx(45,31): error TS2307: Cannot find module '@/widgets/add-food-dialog' or its corresponding type declarations.
frontend/src/views/nutrition-center/index.tsx(46,30): error TS2307: Cannot find module '@/entities/nutrition/api/nutrition' or its corresponding type declarations.
frontend/src/views/nutrition-center/index.tsx(47,26): error TS2307: Cannot find module '@/shared/ui/skeleton' or its corresponding type declarations.
frontend/src/views/nutrition-center/index.tsx(48,26): error TS2307: Cannot find module '@/entities/nutrition/model/enums' or its corresponding type declarations.
frontend/src/views/nutrition-center/index.tsx(82,7): error TS17004: Cannot use JSX unless the '--jsx' flag is provided.
frontend/src/views/nutrition-center/index.tsx(83,9): error TS17004: Cannot use JSX unless the '--jsx' flag is provided.
frontend/src/views/nutrition-center/index.tsx(84,11): error TS17004: Cannot use JSX unless the '--jsx' flag is provided.
frontend/src/views/nutrition-center/index.tsx(86,9): error TS17004: Cannot use JSX unless the '--jsx' flag is provided.
frontend/src/views/nutrition-center/index.tsx(87,11): error TS17004: Cannot use JSX unless the '--jsx' flag is provided.
frontend/src/views/nutrition-center/index.tsx(90,11): error TS17004: Cannot use JSX unless the '--jsx' flag is provided.
frontend/src/views/nutrition-center/index.tsx(93,11): error TS17004: Cannot use JSX unless the '--jsx' flag is provided.
frontend/src/views/nutrition-center/index.tsx(100,5): error TS17004: Cannot use JSX unless the '--jsx' flag is provided.
frontend/src/views/nutrition-center/index.tsx(101,7): error TS17004: Cannot use JSX unless the '--jsx' flag is provided.
frontend/src/views/nutrition-center/index.tsx(102,9): error TS17004: Cannot use JSX unless the '--jsx' flag is provided.
frontend/src/views/nutrition-center/index.tsx(103,11): error TS17004: Cannot use JSX unless the '--jsx' flag is provided.
frontend/src/views/nutrition-center/index.tsx(104,13): error TS17004: Cannot use JSX unless the '--jsx' flag is provided.
frontend/src/views/nutrition-center/index.tsx(109,15): error TS17004: Cannot use JSX unless the '--jsx' flag is provided.
frontend/src/views/nutrition-center/index.tsx(111,13): error TS17004: Cannot use JSX unless the '--jsx' flag is provided.
frontend/src/views/nutrition-center/index.tsx(112,15): error TS17004: Cannot use JSX unless the '--jsx' flag is provided.
frontend/src/views/nutrition-center/index.tsx(113,17): error TS17004: Cannot use JSX unless the '--jsx' flag is provided.
frontend/src/views/nutrition-center/index.tsx(114,19): error TS17004: Cannot use JSX unless the '--jsx' flag is provided.
frontend/src/views/nutrition-center/index.tsx(118,15): error TS17004: Cannot use JSX unless the '--jsx' flag is provided.
frontend/src/views/nutrition-center/index.tsx(119,17): error TS17004: Cannot use JSX unless the '--jsx' flag is provided.
frontend/src/views/nutrition-center/index.tsx(127,13): error TS17004: Cannot use JSX unless the '--jsx' flag is provided.
frontend/src/views/nutrition-center/index.tsx(132,15): error TS17004: Cannot use JSX unless the '--jsx' flag is provided.
frontend/src/views/nutrition-center/index.tsx(136,9): error TS17004: Cannot use JSX unless the '--jsx' flag is provided.
frontend/src/views/nutrition-center/index.tsx(137,11): error TS17004: Cannot use JSX unless the '--jsx' flag is provided.
frontend/src/views/nutrition-center/index.tsx(143,11): error TS17004: Cannot use JSX unless the '--jsx' flag is provided.
frontend/src/views/nutrition-center/index.tsx(149,11): error TS17004: Cannot use JSX unless the '--jsx' flag is provided.
frontend/src/views/nutrition-center/index.tsx(155,11): error TS17004: Cannot use JSX unless the '--jsx' flag is provided.
frontend/src/views/nutrition-center/index.tsx(164,7): error TS17004: Cannot use JSX unless the '--jsx' flag is provided.
frontend/src/views/nutrition-center/index.tsx(166,11): error TS17004: Cannot use JSX unless the '--jsx' flag is provided.
frontend/src/views/nutrition-center/index.tsx(173,15): error TS17004: Cannot use JSX unless the '--jsx' flag is provided.
frontend/src/views/nutrition-center/index.tsx(174,17): error TS17004: Cannot use JSX unless the '--jsx' flag is provided.
frontend/src/views/nutrition-center/index.tsx(175,19): error TS17004: Cannot use JSX unless the '--jsx' flag is provided.
frontend/src/views/nutrition-center/index.tsx(177,17): error TS17004: Cannot use JSX unless the '--jsx' flag is provided.
frontend/src/views/nutrition-center/index.tsx(178,19): error TS17004: Cannot use JSX unless the '--jsx' flag is provided.
frontend/src/views/nutrition-center/index.tsx(179,21): error TS17004: Cannot use JSX unless the '--jsx' flag is provided.
frontend/src/views/nutrition-center/index.tsx(180,23): error TS17004: Cannot use JSX unless the '--jsx' flag is provided.
frontend/src/views/nutrition-center/index.tsx(181,25): error TS17004: Cannot use JSX unless the '--jsx' flag is provided.
frontend/src/views/nutrition-center/index.tsx(182,25): error TS17004: Cannot use JSX unless the '--jsx' flag is provided.
frontend/src/views/nutrition-center/index.tsx(183,25): error TS17004: Cannot use JSX unless the '--jsx' flag is provided.
frontend/src/views/nutrition-center/index.tsx(184,25): error TS17004: Cannot use JSX unless the '--jsx' flag is provided.
frontend/src/views/nutrition-center/index.tsx(187,21): error TS17004: Cannot use JSX unless the '--jsx' flag is provided.
frontend/src/views/nutrition-center/index.tsx(189,25): error TS17004: Cannot use JSX unless the '--jsx' flag is provided.
frontend/src/views/nutrition-center/index.tsx(190,27): error TS17004: Cannot use JSX unless the '--jsx' flag is provided.
frontend/src/views/nutrition-center/index.tsx(193,27): error TS17004: Cannot use JSX unless the '--jsx' flag is provided.
frontend/src/views/nutrition-center/index.tsx(196,27): error TS17004: Cannot use JSX unless the '--jsx' flag is provided.
frontend/src/views/nutrition-center/index.tsx(199,27): error TS17004: Cannot use JSX unless the '--jsx' flag is provided.
frontend/src/views/nutrition-center/index.tsx(200,29): error TS17004: Cannot use JSX unless the '--jsx' flag is provided.
frontend/src/views/nutrition-center/index.tsx(205,31): error TS17004: Cannot use JSX unless the '--jsx' flag is provided.
frontend/src/views/nutrition-center/index.tsx(268,7): error TS17004: Cannot use JSX unless the '--jsx' flag is provided.
frontend/src/views/nutrition-center/index.tsx(269,9): error TS17004: Cannot use JSX unless the '--jsx' flag is provided.
frontend/src/views/nutrition-center/index.tsx(270,11): error TS17004: Cannot use JSX unless the '--jsx' flag is provided.
frontend/src/views/nutrition-center/index.tsx(278,9): error TS17004: Cannot use JSX unless the '--jsx' flag is provided.
frontend/src/views/nutrition-center/index.tsx(279,11): error TS17004: Cannot use JSX unless the '--jsx' flag is provided.
frontend/src/views/nutrition-center/index.tsx(280,11): error TS17004: Cannot use JSX unless the '--jsx' flag is provided.
frontend/src/views/nutrition-center/index.tsx(281,13): error TS17004: Cannot use JSX unless the '--jsx' flag is provided.
frontend/src/views/nutrition-center/index.tsx(286,15): error TS17004: Cannot use JSX unless the '--jsx' flag is provided.
frontend/src/views/nutrition-center/index.tsx(290,9): error TS17004: Cannot use JSX unless the '--jsx' flag is provided.
frontend/src/views/nutrition-center/index.tsx(291,11): error TS17004: Cannot use JSX unless the '--jsx' flag is provided.
frontend/src/views/nutrition-center/index.tsx(292,13): error TS17004: Cannot use JSX unless the '--jsx' flag is provided.
frontend/src/views/nutrition-center/index.tsx(301,5): error TS17004: Cannot use JSX unless the '--jsx' flag is provided.
frontend/src/views/nutrition-center/index.tsx(303,9): error TS17004: Cannot use JSX unless the '--jsx' flag is provided.
frontend/src/views/nutrition-center/index.tsx(309,5): error TS17004: Cannot use JSX unless the '--jsx' flag is provided.
frontend/src/views/nutrition-center/index.tsx(310,7): error TS17004: Cannot use JSX unless the '--jsx' flag is provided.
frontend/src/views/nutrition-center/index.tsx(311,9): error TS17004: Cannot use JSX unless the '--jsx' flag is provided.
frontend/src/views/nutrition-center/index.tsx(312,11): error TS17004: Cannot use JSX unless the '--jsx' flag is provided.
frontend/src/views/nutrition-center/index.tsx(313,13): error TS17004: Cannot use JSX unless the '--jsx' flag is provided.
frontend/src/views/nutrition-center/index.tsx(314,13): error TS17004: Cannot use JSX unless the '--jsx' flag is provided.
frontend/src/views/nutrition-center/index.tsx(322,9): error TS17004: Cannot use JSX unless the '--jsx' flag is provided.
frontend/src/views/nutrition-center/index.tsx(323,11): error TS17004: Cannot use JSX unless the '--jsx' flag is provided.
frontend/src/views/nutrition-center/index.tsx(324,13): error TS17004: Cannot use JSX unless the '--jsx' flag is provided.
frontend/src/views/nutrition-center/index.tsx(325,15): error TS17004: Cannot use JSX unless the '--jsx' flag is provided.
frontend/src/views/nutrition-center/index.tsx(326,15): error TS17004: Cannot use JSX unless the '--jsx' flag is provided.
frontend/src/views/nutrition-center/index.tsx(328,13): error TS17004: Cannot use JSX unless the '--jsx' flag is provided.
frontend/src/views/nutrition-center/index.tsx(330,17): error TS17004: Cannot use JSX unless the '--jsx' flag is provided.
frontend/src/views/nutrition-center/index.tsx(332,17): error TS17004: Cannot use JSX unless the '--jsx' flag is provided.
frontend/src/views/nutrition-center/index.tsx(334,21): error TS17004: Cannot use JSX unless the '--jsx' flag is provided.
frontend/src/views/nutrition-center/index.tsx(342,17): error TS17004: Cannot use JSX unless the '--jsx' flag is provided.
frontend/src/views/nutrition-center/index.tsx(343,19): error TS17004: Cannot use JSX unless the '--jsx' flag is provided.
frontend/src/views/nutrition-center/index.tsx(344,19): error TS17004: Cannot use JSX unless the '--jsx' flag is provided.
frontend/src/views/nutrition-center/index.tsx(348,13): error TS17004: Cannot use JSX unless the '--jsx' flag is provided.
frontend/src/views/nutrition-center/index.tsx(350,17): error TS17004: Cannot use JSX unless the '--jsx' flag is provided.
frontend/src/views/nutrition-center/index.tsx(352,17): error TS17004: Cannot use JSX unless the '--jsx' flag is provided.
frontend/src/views/nutrition-center/index.tsx(354,21): error TS17004: Cannot use JSX unless the '--jsx' flag is provided.
frontend/src/views/nutrition-center/index.tsx(362,17): error TS17004: Cannot use JSX unless the '--jsx' flag is provided.
frontend/src/views/nutrition-center/index.tsx(363,19): error TS17004: Cannot use JSX unless the '--jsx' flag is provided.
frontend/src/views/nutrition-center/index.tsx(364,19): error TS17004: Cannot use JSX unless the '--jsx' flag is provided.
frontend/src/views/nutrition-center/index.tsx(371,7): error TS17004: Cannot use JSX unless the '--jsx' flag is provided.
frontend/src/views/nutrition-center/index.tsx(383,5): error TS17004: Cannot use JSX unless the '--jsx' flag is provided.
frontend/src/views/nutrition-center/index.tsx(384,7): error TS17004: Cannot use JSX unless the '--jsx' flag is provided.
frontend/src/views/nutrition-center/index.tsx(385,9): error TS17004: Cannot use JSX unless the '--jsx' flag is provided.
frontend/src/views/nutrition-center/index.tsx(388,9): error TS17004: Cannot use JSX unless the '--jsx' flag is provided.
frontend/src/views/nutrition-center/index.tsx(394,7): error TS17004: Cannot use JSX unless the '--jsx' flag is provided.
frontend/src/views/nutrition-center/index.tsx(395,9): error TS17004: Cannot use JSX unless the '--jsx' flag is provided.
frontend/src/views/nutrition-center/index.tsx(396,11): error TS17004: Cannot use JSX unless the '--jsx' flag is provided.
frontend/src/views/nutrition-center/index.tsx(397,13): error TS17004: Cannot use JSX unless the '--jsx' flag is provided.
frontend/src/views/nutrition-center/index.tsx(400,11): error TS17004: Cannot use JSX unless the '--jsx' flag is provided.
frontend/src/views/nutrition-center/index.tsx(401,13): error TS17004: Cannot use JSX unless the '--jsx' flag is provided.
frontend/src/views/nutrition-center/index.tsx(404,11): error TS17004: Cannot use JSX unless the '--jsx' flag is provided.
frontend/src/views/nutrition-center/index.tsx(405,13): error TS17004: Cannot use JSX unless the '--jsx' flag is provided.
frontend/src/views/nutrition-center/index.tsx(409,9): error TS17004: Cannot use JSX unless the '--jsx' flag is provided.
frontend/src/views/nutrition-center/index.tsx(410,11): error TS17004: Cannot use JSX unless the '--jsx' flag is provided.
frontend/src/views/nutrition-center/index.tsx(412,9): error TS17004: Cannot use JSX unless the '--jsx' flag is provided.
frontend/src/views/nutrition-center/index.tsx(413,11): error TS17004: Cannot use JSX unless the '--jsx' flag is provided.
frontend/src/views/nutrition-center/index.tsx(415,9): error TS17004: Cannot use JSX unless the '--jsx' flag is provided.
frontend/src/views/nutrition-center/index.tsx(416,11): error TS17004: Cannot use JSX unless the '--jsx' flag is provided.
frontend/src/views/organizer-profile-demo/index.tsx(1,29): error TS2307: Cannot find module '@/app/(app)/administration/organizer/client' or its corresponding type declarations.
frontend/src/views/organizer-profile-demo/index.tsx(2,34): error TS2307: Cannot find module '@/entities/user/api/get-user' or its corresponding type declarations.
frontend/src/views/organizer-profile-demo/index.tsx(4,40): error TS2307: Cannot find module '@/entities/achievement/api/achievements' or its corresponding type declarations.
frontend/src/views/organizer-profile-demo/index.tsx(22,5): error TS17004: Cannot use JSX unless the '--jsx' flag is provided.
frontend/src/views/organizer-profile/index.tsx(1,66): error TS2307: Cannot find module '@/views/organizer-profile-demo' or its corresponding type declarations.
frontend/src/views/organizer-profile/index.tsx(4,10): error TS17004: Cannot use JSX unless the '--jsx' flag is provided.
frontend/src/views/partners/index.tsx(3,58): error TS2307: Cannot find module '@/shared/ui/card' or its corresponding type declarations.
frontend/src/views/partners/index.tsx(4,23): error TS2307: Cannot find module '@/shared/ui/badge' or its corresponding type declarations.
frontend/src/views/partners/index.tsx(8,29): error TS2307: Cannot find module '@/entities/sponsor/api/sponsors' or its corresponding type declarations.
frontend/src/views/partners/index.tsx(9,30): error TS2307: Cannot find module '@/entities/sponsor/model/types' or its corresponding type declarations.
frontend/src/views/partners/index.tsx(10,26): error TS2307: Cannot find module '@/shared/ui/skeleton' or its corresponding type declarations.
frontend/src/views/partners/index.tsx(11,26): error TS2307: Cannot find module '@/shared/hooks/use-toast' or its corresponding type declarations.
frontend/src/views/partners/index.tsx(42,5): error TS17004: Cannot use JSX unless the '--jsx' flag is provided.
frontend/src/views/partners/index.tsx(43,7): error TS17004: Cannot use JSX unless the '--jsx' flag is provided.
frontend/src/views/partners/index.tsx(44,9): error TS17004: Cannot use JSX unless the '--jsx' flag is provided.
frontend/src/views/partners/index.tsx(47,9): error TS17004: Cannot use JSX unless the '--jsx' flag is provided.
frontend/src/views/partners/index.tsx(52,7): error TS17004: Cannot use JSX unless the '--jsx' flag is provided.
frontend/src/views/partners/index.tsx(54,11): error TS17004: Cannot use JSX unless the '--jsx' flag is provided.
frontend/src/views/partners/index.tsx(55,13): error TS17004: Cannot use JSX unless the '--jsx' flag is provided.
frontend/src/views/partners/index.tsx(56,13): error TS17004: Cannot use JSX unless the '--jsx' flag is provided.
frontend/src/views/partners/index.tsx(60,13): error TS17004: Cannot use JSX unless the '--jsx' flag is provided.
frontend/src/views/partners/index.tsx(65,15): error TS17004: Cannot use JSX unless the '--jsx' flag is provided.
frontend/src/views/partners/index.tsx(66,17): error TS17004: Cannot use JSX unless the '--jsx' flag is provided.
frontend/src/views/partners/index.tsx(67,19): error TS17004: Cannot use JSX unless the '--jsx' flag is provided.
frontend/src/views/partners/index.tsx(75,19): error TS17004: Cannot use JSX unless the '--jsx' flag is provided.
frontend/src/views/partners/index.tsx(76,21): error TS17004: Cannot use JSX unless the '--jsx' flag is provided.
frontend/src/views/partners/index.tsx(77,21): error TS17004: Cannot use JSX unless the '--jsx' flag is provided.
frontend/src/views/partners/index.tsx(79,25): error TS17004: Cannot use JSX unless the '--jsx' flag is provided.
frontend/src/views/partners/index.tsx(86,17): error TS17004: Cannot use JSX unless the '--jsx' flag is provided.
frontend/src/views/partners/index.tsx(87,19): error TS17004: Cannot use JSX unless the '--jsx' flag is provided.
frontend/src/views/pd-economy-admin/index.tsx(4,58): error TS2307: Cannot find module '@/shared/ui/card' or its corresponding type declarations.
frontend/src/views/pd-economy-admin/index.tsx(12,8): error TS2307: Cannot find module '@/shared/ui/table' or its corresponding type declarations.
frontend/src/views/pd-economy-admin/index.tsx(13,24): error TS2307: Cannot find module '@/shared/ui/button' or its corresponding type declarations.
frontend/src/views/pd-economy-admin/index.tsx(14,23): error TS2307: Cannot find module '@/shared/ui/input' or its corresponding type declarations.
frontend/src/views/pd-economy-admin/index.tsx(15,23): error TS2307: Cannot find module '@/shared/ui/label' or its corresponding type declarations.
frontend/src/views/pd-economy-admin/index.tsx(22,8): error TS2307: Cannot find module '@/shared/ui/select' or its corresponding type declarations.
frontend/src/views/pd-economy-admin/index.tsx(23,26): error TS2307: Cannot find module '@/shared/hooks/use-toast' or its corresponding type declarations.
frontend/src/views/pd-economy-admin/index.tsx(27,8): error TS2307: Cannot find module '@/shared/config/gamification' or its corresponding type declarations.
frontend/src/views/pd-economy-admin/index.tsx(29,23): error TS2307: Cannot find module '@/shared/ui/badge' or its corresponding type declarations.
frontend/src/views/pd-economy-admin/index.tsx(30,20): error TS2307: Cannot find module '@/shared/lib/utils' or its corresponding type declarations.
frontend/src/views/pd-economy-admin/index.tsx(78,5): error TS17004: Cannot use JSX unless the '--jsx' flag is provided.
frontend/src/views/pd-economy-admin/index.tsx(79,7): error TS17004: Cannot use JSX unless the '--jsx' flag is provided.
frontend/src/views/pd-economy-admin/index.tsx(80,9): error TS17004: Cannot use JSX unless the '--jsx' flag is provided.
frontend/src/views/pd-economy-admin/index.tsx(83,9): error TS17004: Cannot use JSX unless the '--jsx' flag is provided.
frontend/src/views/pd-economy-admin/index.tsx(88,7): error TS17004: Cannot use JSX unless the '--jsx' flag is provided.
frontend/src/views/pd-economy-admin/index.tsx(89,9): error TS17004: Cannot use JSX unless the '--jsx' flag is provided.
frontend/src/views/pd-economy-admin/index.tsx(90,11): error TS17004: Cannot use JSX unless the '--jsx' flag is provided.
frontend/src/views/pd-economy-admin/index.tsx(91,13): error TS17004: Cannot use JSX unless the '--jsx' flag is provided.
frontend/src/views/pd-economy-admin/index.tsx(92,15): error TS17004: Cannot use JSX unless the '--jsx' flag is provided.
frontend/src/views/pd-economy-admin/index.tsx(94,13): error TS17004: Cannot use JSX unless the '--jsx' flag is provided.
frontend/src/views/pd-economy-admin/index.tsx(95,15): error TS17004: Cannot use JSX unless the '--jsx' flag is provided.
frontend/src/views/pd-economy-admin/index.tsx(96,17): error TS17004: Cannot use JSX unless the '--jsx' flag is provided.
frontend/src/views/pd-economy-admin/index.tsx(97,19): error TS17004: Cannot use JSX unless the '--jsx' flag is provided.
frontend/src/views/pd-economy-admin/index.tsx(98,21): error TS17004: Cannot use JSX unless the '--jsx' flag is provided.
frontend/src/views/pd-economy-admin/index.tsx(99,21): error TS17004: Cannot use JSX unless the '--jsx' flag is provided.
frontend/src/views/pd-economy-admin/index.tsx(100,21): error TS17004: Cannot use JSX unless the '--jsx' flag is provided.
frontend/src/views/pd-economy-admin/index.tsx(101,21): error TS17004: Cannot use JSX unless the '--jsx' flag is provided.
frontend/src/views/pd-economy-admin/index.tsx(104,17): error TS17004: Cannot use JSX unless the '--jsx' flag is provided.
frontend/src/views/pd-economy-admin/index.tsx(106,21): error TS17004: Cannot use JSX unless the '--jsx' flag is provided.
frontend/src/views/pd-economy-admin/index.tsx(107,23): error TS17004: Cannot use JSX unless the '--jsx' flag is provided.
frontend/src/views/pd-economy-admin/index.tsx(110,23): error TS17004: Cannot use JSX unless the '--jsx' flag is provided.
frontend/src/views/pd-economy-admin/index.tsx(118,23): error TS17004: Cannot use JSX unless the '--jsx' flag is provided.
frontend/src/views/pd-economy-admin/index.tsx(120,27): error TS17004: Cannot use JSX unless the '--jsx' flag is provided.
frontend/src/views/pd-economy-admin/index.tsx(124,29): error TS17004: Cannot use JSX unless the '--jsx' flag is provided.
frontend/src/views/pd-economy-admin/index.tsx(127,27): error TS17004: Cannot use JSX unless the '--jsx' flag is provided.
frontend/src/views/pd-economy-admin/index.tsx(131,29): error TS17004: Cannot use JSX unless the '--jsx' flag is provided.
frontend/src/views/pd-economy-admin/index.tsx(135,23): error TS17004: Cannot use JSX unless the '--jsx' flag is provided.
frontend/src/views/pd-economy-admin/index.tsx(137,27): error TS17004: Cannot use JSX unless the '--jsx' flag is provided.
frontend/src/views/pd-economy-admin/index.tsx(142,29): error TS17004: Cannot use JSX unless the '--jsx' flag is provided.
frontend/src/views/pd-economy-admin/index.tsx(145,27): error TS17004: Cannot use JSX unless the '--jsx' flag is provided.
frontend/src/views/pd-economy-admin/index.tsx(155,9): error TS17004: Cannot use JSX unless the '--jsx' flag is provided.
frontend/src/views/pd-economy-admin/index.tsx(156,11): error TS17004: Cannot use JSX unless the '--jsx' flag is provided.
frontend/src/views/pd-economy-admin/index.tsx(157,13): error TS17004: Cannot use JSX unless the '--jsx' flag is provided.
frontend/src/views/pd-economy-admin/index.tsx(158,15): error TS17004: Cannot use JSX unless the '--jsx' flag is provided.
frontend/src/views/pd-economy-admin/index.tsx(160,13): error TS17004: Cannot use JSX unless the '--jsx' flag is provided.
frontend/src/views/pd-economy-admin/index.tsx(161,15): error TS17004: Cannot use JSX unless the '--jsx' flag is provided.
frontend/src/views/pd-economy-admin/index.tsx(162,17): error TS17004: Cannot use JSX unless the '--jsx' flag is provided.
frontend/src/views/pd-economy-admin/index.tsx(163,17): error TS17004: Cannot use JSX unless the '--jsx' flag is provided.
frontend/src/views/pd-economy-admin/index.tsx(170,15): error TS17004: Cannot use JSX unless the '--jsx' flag is provided.
frontend/src/views/pd-economy-admin/index.tsx(171,17): error TS17004: Cannot use JSX unless the '--jsx' flag is provided.
frontend/src/views/pd-economy-admin/index.tsx(172,19): error TS17004: Cannot use JSX unless the '--jsx' flag is provided.
frontend/src/views/pd-economy-admin/index.tsx(173,19): error TS17004: Cannot use JSX unless the '--jsx' flag is provided.
frontend/src/views/pd-economy-admin/index.tsx(180,17): error TS17004: Cannot use JSX unless the '--jsx' flag is provided.
frontend/src/views/pd-economy-admin/index.tsx(181,19): error TS17004: Cannot use JSX unless the '--jsx' flag is provided.
frontend/src/views/pd-economy-admin/index.tsx(182,19): error TS17004: Cannot use JSX unless the '--jsx' flag is provided.
frontend/src/views/pd-economy-admin/index.tsx(188,21): error TS17004: Cannot use JSX unless the '--jsx' flag is provided.
frontend/src/views/pd-economy-admin/index.tsx(189,23): error TS17004: Cannot use JSX unless the '--jsx' flag is provided.
frontend/src/views/pd-economy-admin/index.tsx(191,21): error TS17004: Cannot use JSX unless the '--jsx' flag is provided.
frontend/src/views/pd-economy-admin/index.tsx(192,23): error TS17004: Cannot use JSX unless the '--jsx' flag is provided.
frontend/src/views/pd-economy-admin/index.tsx(193,23): error TS17004: Cannot use JSX unless the '--jsx' flag is provided.
frontend/src/views/pd-economy-admin/index.tsx(199,13): error TS17004: Cannot use JSX unless the '--jsx' flag is provided.
frontend/src/views/pd-economy-admin/index.tsx(200,15): error TS17004: Cannot use JSX unless the '--jsx' flag is provided.
frontend/src/views/pd-economy-admin/index.tsx(201,17): error TS17004: Cannot use JSX unless the '--jsx' flag is provided.
frontend/src/views/pd-economy/index.tsx(9,8): error TS2307: Cannot find module '@/shared/ui/card' or its corresponding type declarations.
frontend/src/views/pd-economy/index.tsx(17,8): error TS2307: Cannot find module '@/shared/ui/table' or its corresponding type declarations.
frontend/src/views/pd-economy/index.tsx(25,25): error TS2307: Cannot find module '@/shared/config/gamification' or its corresponding type declarations.
frontend/src/views/pd-economy/index.tsx(28,20): error TS2307: Cannot find module '@/shared/lib/utils' or its corresponding type declarations.
frontend/src/views/pd-economy/index.tsx(29,24): error TS2307: Cannot find module '@/shared/ui/button' or its corresponding type declarations.
frontend/src/views/pd-economy/index.tsx(31,30): error TS2307: Cannot find module '@/shared/context/pd-provider' or its corresponding type declarations.
frontend/src/views/pd-economy/index.tsx(44,3): error TS17004: Cannot use JSX unless the '--jsx' flag is provided.
frontend/src/views/pd-economy/index.tsx(45,5): error TS17004: Cannot use JSX unless the '--jsx' flag is provided.
frontend/src/views/pd-economy/index.tsx(46,7): error TS17004: Cannot use JSX unless the '--jsx' flag is provided.
frontend/src/views/pd-economy/index.tsx(47,7): error TS17004: Cannot use JSX unless the '--jsx' flag is provided.
frontend/src/views/pd-economy/index.tsx(49,5): error TS17004: Cannot use JSX unless the '--jsx' flag is provided.
frontend/src/views/pd-economy/index.tsx(50,7): error TS17004: Cannot use JSX unless the '--jsx' flag is provided.
frontend/src/views/pd-economy/index.tsx(69,5): error TS17004: Cannot use JSX unless the '--jsx' flag is provided.
frontend/src/views/pd-economy/index.tsx(70,7): error TS17004: Cannot use JSX unless the '--jsx' flag is provided.
frontend/src/views/pd-economy/index.tsx(71,9): error TS17004: Cannot use JSX unless the '--jsx' flag is provided.
frontend/src/views/pd-economy/index.tsx(74,9): error TS17004: Cannot use JSX unless the '--jsx' flag is provided.
frontend/src/views/pd-economy/index.tsx(80,7): error TS17004: Cannot use JSX unless the '--jsx' flag is provided.
frontend/src/views/pd-economy/index.tsx(81,9): error TS17004: Cannot use JSX unless the '--jsx' flag is provided.
frontend/src/views/pd-economy/index.tsx(87,9): error TS17004: Cannot use JSX unless the '--jsx' flag is provided.
frontend/src/views/pd-economy/index.tsx(93,9): error TS17004: Cannot use JSX unless the '--jsx' flag is provided.
frontend/src/views/pd-economy/index.tsx(101,7): error TS17004: Cannot use JSX unless the '--jsx' flag is provided.
frontend/src/views/pd-economy/index.tsx(102,9): error TS17004: Cannot use JSX unless the '--jsx' flag is provided.
frontend/src/views/pd-economy/index.tsx(103,11): error TS17004: Cannot use JSX unless the '--jsx' flag is provided.
frontend/src/views/pd-economy/index.tsx(104,13): error TS17004: Cannot use JSX unless the '--jsx' flag is provided.
frontend/src/views/pd-economy/index.tsx(105,15): error TS17004: Cannot use JSX unless the '--jsx' flag is provided.
frontend/src/views/pd-economy/index.tsx(107,13): error TS17004: Cannot use JSX unless the '--jsx' flag is provided.
frontend/src/views/pd-economy/index.tsx(111,11): error TS17004: Cannot use JSX unless the '--jsx' flag is provided.
frontend/src/views/pd-economy/index.tsx(112,13): error TS17004: Cannot use JSX unless the '--jsx' flag is provided.
frontend/src/views/pd-economy/index.tsx(114,17): error TS17004: Cannot use JSX unless the '--jsx' flag is provided.
frontend/src/views/pd-economy/index.tsx(118,19): error TS17004: Cannot use JSX unless the '--jsx' flag is provided.
frontend/src/views/pd-economy/index.tsx(119,19): error TS17004: Cannot use JSX unless the '--jsx' flag is provided.
frontend/src/views/pd-economy/index.tsx(127,9): error TS17004: Cannot use JSX unless the '--jsx' flag is provided.
frontend/src/views/pd-economy/index.tsx(128,11): error TS17004: Cannot use JSX unless the '--jsx' flag is provided.
frontend/src/views/pd-economy/index.tsx(129,13): error TS17004: Cannot use JSX unless the '--jsx' flag is provided.
frontend/src/views/pd-economy/index.tsx(130,15): error TS17004: Cannot use JSX unless the '--jsx' flag is provided.
frontend/src/views/pd-economy/index.tsx(132,13): error TS17004: Cannot use JSX unless the '--jsx' flag is provided.
frontend/src/views/pd-economy/index.tsx(136,11): error TS17004: Cannot use JSX unless the '--jsx' flag is provided.
frontend/src/views/pd-economy/index.tsx(137,13): error TS17004: Cannot use JSX unless the '--jsx' flag is provided.
frontend/src/views/pd-economy/index.tsx(139,17): error TS17004: Cannot use JSX unless the '--jsx' flag is provided.
frontend/src/views/pd-economy/index.tsx(143,19): error TS17004: Cannot use JSX unless the '--jsx' flag is provided.
frontend/src/views/pd-economy/index.tsx(144,19): error TS17004: Cannot use JSX unless the '--jsx' flag is provided.
frontend/src/views/pd-economy/index.tsx(151,11): error TS17004: Cannot use JSX unless the '--jsx' flag is provided.
frontend/src/views/pd-economy/index.tsx(152,13): error TS17004: Cannot use JSX unless the '--jsx' flag is provided.
frontend/src/views/pd-economy/index.tsx(153,15): error TS17004: Cannot use JSX unless the '--jsx' flag is provided.
frontend/src/views/pd-economy/index.tsx(154,35): error TS17004: Cannot use JSX unless the '--jsx' flag is provided.
frontend/src/views/pd-economy/index.tsx(159,9): error TS17004: Cannot use JSX unless the '--jsx' flag is provided.
frontend/src/views/pd-economy/index.tsx(160,11): error TS17004: Cannot use JSX unless the '--jsx' flag is provided.
frontend/src/views/pd-economy/index.tsx(161,13): error TS17004: Cannot use JSX unless the '--jsx' flag is provided.
frontend/src/views/pd-economy/index.tsx(162,15): error TS17004: Cannot use JSX unless the '--jsx' flag is provided.
frontend/src/views/pd-economy/index.tsx(164,13): error TS17004: Cannot use JSX unless the '--jsx' flag is provided.
frontend/src/views/pd-economy/index.tsx(168,11): error TS17004: Cannot use JSX unless the '--jsx' flag is provided.
frontend/src/views/pd-economy/index.tsx(169,13): error TS17004: Cannot use JSX unless the '--jsx' flag is provided.
frontend/src/views/pd-economy/index.tsx(175,21): error TS17004: Cannot use JSX unless the '--jsx' flag is provided.
frontend/src/views/pd-economy/index.tsx(179,23): error TS17004: Cannot use JSX unless the '--jsx' flag is provided.
frontend/src/views/pd-economy/index.tsx(182,23): error TS17004: Cannot use JSX unless the '--jsx' flag is provided.
frontend/src/views/pd-economy/index.tsx(190,11): error TS17004: Cannot use JSX unless the '--jsx' flag is provided.
frontend/src/views/pd-economy/index.tsx(191,13): error TS17004: Cannot use JSX unless the '--jsx' flag is provided.
frontend/src/views/pd-economy/index.tsx(192,15): error TS17004: Cannot use JSX unless the '--jsx' flag is provided.
frontend/src/views/pd-economy/index.tsx(198,7): error TS17004: Cannot use JSX unless the '--jsx' flag is provided.
frontend/src/views/pd-economy/index.tsx(199,9): error TS17004: Cannot use JSX unless the '--jsx' flag is provided.
frontend/src/views/pd-economy/index.tsx(200,11): error TS17004: Cannot use JSX unless the '--jsx' flag is provided.
frontend/src/views/pd-economy/index.tsx(201,11): error TS17004: Cannot use JSX unless the '--jsx' flag is provided.
frontend/src/views/pd-economy/index.tsx(205,9): error TS17004: Cannot use JSX unless the '--jsx' flag is provided.
frontend/src/views/pd-economy/index.tsx(206,11): error TS17004: Cannot use JSX unless the '--jsx' flag is provided.
frontend/src/views/pd-economy/index.tsx(207,13): error TS17004: Cannot use JSX unless the '--jsx' flag is provided.
frontend/src/views/pd-economy/index.tsx(208,15): error TS17004: Cannot use JSX unless the '--jsx' flag is provided.
frontend/src/views/pd-economy/index.tsx(209,17): error TS17004: Cannot use JSX unless the '--jsx' flag is provided.
frontend/src/views/pd-economy/index.tsx(210,17): error TS17004: Cannot use JSX unless the '--jsx' flag is provided.
frontend/src/views/pd-economy/index.tsx(211,17): error TS17004: Cannot use JSX unless the '--jsx' flag is provided.
frontend/src/views/pd-economy/index.tsx(214,13): error TS17004: Cannot use JSX unless the '--jsx' flag is provided.
frontend/src/views/pd-economy/index.tsx(218,19): error TS17004: Cannot use JSX unless the '--jsx' flag is provided.
frontend/src/views/pd-economy/index.tsx(219,21): error TS17004: Cannot use JSX unless the '--jsx' flag is provided.
frontend/src/views/pd-economy/index.tsx(224,21): error TS17004: Cannot use JSX unless the '--jsx' flag is provided.
frontend/src/views/pd-economy/index.tsx(225,21): error TS17004: Cannot use JSX unless the '--jsx' flag is provided.
frontend/src/views/personal-records/index.tsx(4,38): error TS2307: Cannot find module '@/shared/lib/get-training-analytics' or its corresponding type declarations.
frontend/src/views/personal-records/index.tsx(11,8): error TS2307: Cannot find module '@/shared/ui/card' or its corresponding type declarations.
frontend/src/views/personal-records/index.tsx(19,8): error TS2307: Cannot find module '@/shared/ui/table' or its corresponding type declarations.
frontend/src/views/personal-records/index.tsx(23,44): error TS2307: Cannot find module '@/widgets/analytics-charts/personal-record-chart' or its corresponding type declarations.
frontend/src/views/personal-records/index.tsx(24,37): error TS2307: Cannot find module '@/shared/lib/get-training-analytics' or its corresponding type declarations.
frontend/src/views/personal-records/index.tsx(25,20): error TS2307: Cannot find module '@/shared/lib/utils' or its corresponding type declarations.
frontend/src/views/personal-records/index.tsx(26,28): error TS2307: Cannot find module '@/shared/ui/scroll-area' or its corresponding type declarations.
frontend/src/views/personal-records/index.tsx(27,38): error TS2307: Cannot find module '@/widgets/exercise-history-table' or its corresponding type declarations.
frontend/src/views/personal-records/index.tsx(28,29): error TS2307: Cannot find module '@/shared/context/training-provider' or its corresponding type declarations.
frontend/src/views/personal-records/index.tsx(58,5): error TS17004: Cannot use JSX unless the '--jsx' flag is provided.
frontend/src/views/personal-records/index.tsx(59,7): error TS17004: Cannot use JSX unless the '--jsx' flag is provided.
frontend/src/views/personal-records/index.tsx(60,9): error TS17004: Cannot use JSX unless the '--jsx' flag is provided.
frontend/src/views/personal-records/index.tsx(63,9): error TS17004: Cannot use JSX unless the '--jsx' flag is provided.
frontend/src/views/personal-records/index.tsx(69,7): error TS17004: Cannot use JSX unless the '--jsx' flag is provided.
frontend/src/views/personal-records/index.tsx(70,9): error TS17004: Cannot use JSX unless the '--jsx' flag is provided.
frontend/src/views/personal-records/index.tsx(71,11): error TS17004: Cannot use JSX unless the '--jsx' flag is provided.
frontend/src/views/personal-records/index.tsx(72,13): error TS17004: Cannot use JSX unless the '--jsx' flag is provided.
frontend/src/views/personal-records/index.tsx(73,13): error TS17004: Cannot use JSX unless the '--jsx' flag is provided.
frontend/src/views/personal-records/index.tsx(77,11): error TS17004: Cannot use JSX unless the '--jsx' flag is provided.
frontend/src/views/personal-records/index.tsx(78,13): error TS17004: Cannot use JSX unless the '--jsx' flag is provided.
frontend/src/views/personal-records/index.tsx(79,15): error TS17004: Cannot use JSX unless the '--jsx' flag is provided.
frontend/src/views/personal-records/index.tsx(80,17): error TS17004: Cannot use JSX unless the '--jsx' flag is provided.
frontend/src/views/personal-records/index.tsx(81,19): error TS17004: Cannot use JSX unless the '--jsx' flag is provided.
frontend/src/views/personal-records/index.tsx(82,21): error TS17004: Cannot use JSX unless the '--jsx' flag is provided.
frontend/src/views/personal-records/index.tsx(83,21): error TS17004: Cannot use JSX unless the '--jsx' flag is provided.
frontend/src/views/personal-records/index.tsx(86,17): error TS17004: Cannot use JSX unless the '--jsx' flag is provided.
frontend/src/views/personal-records/index.tsx(88,21): error TS17004: Cannot use JSX unless the '--jsx' flag is provided.
frontend/src/views/personal-records/index.tsx(97,23): error TS17004: Cannot use JSX unless the '--jsx' flag is provided.
frontend/src/views/personal-records/index.tsx(100,23): error TS17004: Cannot use JSX unless the '--jsx' flag is provided.
frontend/src/views/personal-records/index.tsx(111,9): error TS17004: Cannot use JSX unless the '--jsx' flag is provided.
frontend/src/views/personal-records/index.tsx(113,13): error TS17004: Cannot use JSX unless the '--jsx' flag is provided.
frontend/src/views/personal-records/index.tsx(114,15): error TS17004: Cannot use JSX unless the '--jsx' flag is provided.
frontend/src/views/personal-records/index.tsx(115,17): error TS17004: Cannot use JSX unless the '--jsx' flag is provided.
frontend/src/views/personal-records/index.tsx(116,19): error TS17004: Cannot use JSX unless the '--jsx' flag is provided.
frontend/src/views/personal-records/index.tsx(117,21): error TS17004: Cannot use JSX unless the '--jsx' flag is provided.
frontend/src/views/personal-records/index.tsx(120,19): error TS17004: Cannot use JSX unless the '--jsx' flag is provided.
frontend/src/views/personal-records/index.tsx(125,17): error TS17004: Cannot use JSX unless the '--jsx' flag is provided.
frontend/src/views/personal-records/index.tsx(126,19): error TS17004: Cannot use JSX unless the '--jsx' flag is provided.
frontend/src/views/personal-records/index.tsx(129,15): error TS17004: Cannot use JSX unless the '--jsx' flag is provided.
frontend/src/views/personal-records/index.tsx(130,17): error TS17004: Cannot use JSX unless the '--jsx' flag is provided.
frontend/src/views/personal-records/index.tsx(131,19): error TS17004: Cannot use JSX unless the '--jsx' flag is provided.
frontend/src/views/personal-records/index.tsx(133,17): error TS17004: Cannot use JSX unless the '--jsx' flag is provided.
frontend/src/views/personal-records/index.tsx(134,19): error TS17004: Cannot use JSX unless the '--jsx' flag is provided.
frontend/src/views/personal-records/index.tsx(135,21): error TS17004: Cannot use JSX unless the '--jsx' flag is provided.
frontend/src/views/personal-records/index.tsx(138,21): error TS17004: Cannot use JSX unless the '--jsx' flag is provided.
frontend/src/views/personal-records/index.tsx(139,23): error TS17004: Cannot use JSX unless the '--jsx' flag is provided.
frontend/src/views/personal-records/index.tsx(142,21): error TS17004: Cannot use JSX unless the '--jsx' flag is provided.
frontend/src/views/personal-records/index.tsx(150,19): error TS17004: Cannot use JSX unless the '--jsx' flag is provided.
frontend/src/views/personal-records/index.tsx(151,21): error TS17004: Cannot use JSX unless the '--jsx' flag is provided.
frontend/src/views/personal-records/index.tsx(154,21): error TS17004: Cannot use JSX unless the '--jsx' flag is provided.
frontend/src/views/personal-records/index.tsx(158,23): error TS17004: Cannot use JSX unless the '--jsx' flag is provided.
frontend/src/views/personal-records/index.tsx(167,19): error TS17004: Cannot use JSX unless the '--jsx' flag is provided.
frontend/src/views/personal-records/index.tsx(168,21): error TS17004: Cannot use JSX unless the '--jsx' flag is provided.
frontend/src/views/personal-records/index.tsx(169,21): error TS17004: Cannot use JSX unless the '--jsx' flag is provided.
frontend/src/views/personal-records/index.tsx(170,23): error TS17004: Cannot use JSX unless the '--jsx' flag is provided.
frontend/src/views/personal-records/index.tsx(173,21): error TS17004: Cannot use JSX unless the '--jsx' flag is provided.
frontend/src/views/personal-records/index.tsx(178,17): error TS17004: Cannot use JSX unless the '--jsx' flag is provided.
frontend/src/views/personal-records/index.tsx(179,19): error TS17004: Cannot use JSX unless the '--jsx' flag is provided.
frontend/src/views/personal-records/index.tsx(180,21): error TS17004: Cannot use JSX unless the '--jsx' flag is provided.
frontend/src/views/personal-records/index.tsx(181,23): error TS17004: Cannot use JSX unless the '--jsx' flag is provided.
frontend/src/views/personal-records/index.tsx(184,21): error TS17004: Cannot use JSX unless the '--jsx' flag is provided.
frontend/src/views/personal-records/index.tsx(189,19): error TS17004: Cannot use JSX unless the '--jsx' flag is provided.
frontend/src/views/personal-records/index.tsx(190,21): error TS17004: Cannot use JSX unless the '--jsx' flag is provided.
frontend/src/views/personal-records/index.tsx(191,23): error TS17004: Cannot use JSX unless the '--jsx' flag is provided.
frontend/src/views/personal-records/index.tsx(198,13): error TS17004: Cannot use JSX unless the '--jsx' flag is provided.
frontend/src/views/personal-records/index.tsx(199,15): error TS17004: Cannot use JSX unless the '--jsx' flag is provided.
frontend/src/views/player-profile-demo/index.tsx(1,26): error TS2307: Cannot find module '@/app/(app)/administration/player/client' or its corresponding type declarations.
frontend/src/views/player-profile-demo/index.tsx(2,42): error TS2307: Cannot find module '@/entities/user/api/get-user' or its corresponding type declarations.
frontend/src/views/player-profile-demo/index.tsx(3,28): error TS2307: Cannot find module '@/features/auth/session' or its corresponding type declarations.
frontend/src/views/player-profile-demo/index.tsx(27,5): error TS17004: Cannot use JSX unless the '--jsx' flag is provided.
frontend/src/views/playground-create/index.tsx(1,38): error TS2307: Cannot find module '@/widgets/playground-create-form' or its corresponding type declarations.
frontend/src/views/playground-create/index.tsx(5,5): error TS17004: Cannot use JSX unless the '--jsx' flag is provided.
frontend/src/views/playground-create/index.tsx(6,7): error TS17004: Cannot use JSX unless the '--jsx' flag is provided.
frontend/src/views/playground-create/index.tsx(7,9): error TS17004: Cannot use JSX unless the '--jsx' flag is provided.
frontend/src/views/playground-create/index.tsx(10,9): error TS17004: Cannot use JSX unless the '--jsx' flag is provided.
frontend/src/views/playground-create/index.tsx(14,7): error TS17004: Cannot use JSX unless the '--jsx' flag is provided.
frontend/src/views/playground-details/index.tsx(4,22): error TS2307: Cannot find module '@/shared/ui/card' or its corresponding type declarations.
frontend/src/views/playground-details/index.tsx(6,33): error TS2307: Cannot find module '@/entities/playground/model/types' or its corresponding type declarations.
frontend/src/views/playground-details/index.tsx(16,23): error TS2307: Cannot find module '@/shared/ui/badge' or its corresponding type declarations.
frontend/src/views/playground-details/index.tsx(17,24): error TS2307: Cannot find module '@/shared/ui/button' or its corresponding type declarations.
frontend/src/views/playground-details/index.tsx(18,26): error TS2307: Cannot find module '@/shared/hooks/use-toast' or its corresponding type declarations.
frontend/src/views/playground-details/index.tsx(19,41): error TS2307: Cannot find module '@/widgets/playground-check-in-dialog' or its corresponding type declarations.
frontend/src/views/playground-details/index.tsx(20,28): error TS2307: Cannot find module '@/shared/lib/session/client' or its corresponding type declarations.
frontend/src/views/playground-details/index.tsx(21,58): error TS2307: Cannot find module '@/shared/ui/tabs' or its corresponding type declarations.
frontend/src/views/playground-details/index.tsx(22,24): error TS2307: Cannot find module '@/app/providers/lfg-provider' or its corresponding type declarations.
frontend/src/views/playground-details/index.tsx(26,8): error TS2307: Cannot find module '@/widgets/plan-game-dialog' or its corresponding type declarations.
frontend/src/views/playground-details/index.tsx(27,35): error TS2307: Cannot find module '@/widgets/playground-info-tab' or its corresponding type declarations.
frontend/src/views/playground-details/index.tsx(28,39): error TS2307: Cannot find module '@/widgets/playground-activity-tab' or its corresponding type declarations.
frontend/src/views/playground-details/index.tsx(29,38): error TS2307: Cannot find module '@/widgets/playground-reviews-tab' or its corresponding type declarations.
frontend/src/views/playground-details/index.tsx(30,42): error TS2307: Cannot find module '@/widgets/playground-leaderboard-tab' or its corresponding type declarations.
frontend/src/views/playground-details/index.tsx(31,36): error TS2307: Cannot find module '@/widgets/playground-media-tab' or its corresponding type declarations.
frontend/src/views/playground-details/index.tsx(32,39): error TS2307: Cannot find module '@/widgets/playground-schedule-tab' or its corresponding type declarations.
frontend/src/views/playground-details/index.tsx(33,45): error TS2307: Cannot find module '@/widgets/report-playground-issue-dialog' or its corresponding type declarations.
frontend/src/views/playground-details/index.tsx(37,8): error TS2307: Cannot find module '@/entities/playground/api/activity' or its corresponding type declarations.
frontend/src/views/playground-details/index.tsx(43,8): error TS2307: Cannot find module '@/entities/playground/api/reviews' or its corresponding type declarations.
frontend/src/views/playground-details/index.tsx(44,48): error TS2307: Cannot find module '@/entities/playground/api/condition' or its corresponding type declarations.
frontend/src/views/playground-details/index.tsx(45,31): error TS2307: Cannot find module '@/entities/lfg/model/types' or its corresponding type declarations.
frontend/src/views/playground-details/index.tsx(46,39): error TS2307: Cannot find module '@/entities/playground/api/schedule' or its corresponding type declarations.
frontend/src/views/playground-details/index.tsx(47,39): error TS2307: Cannot find module '@/entities/playground/api/report' or its corresponding type declarations.
frontend/src/views/playground-details/index.tsx(48,31): error TS2307: Cannot find module '@/entities/feed/model/types' or its corresponding type declarations.
frontend/src/views/playground-details/index.tsx(246,5): error TS17004: Cannot use JSX unless the '--jsx' flag is provided.
frontend/src/views/playground-details/index.tsx(247,7): error TS17004: Cannot use JSX unless the '--jsx' flag is provided.
frontend/src/views/playground-details/index.tsx(248,9): error TS17004: Cannot use JSX unless the '--jsx' flag is provided.
frontend/src/views/playground-details/index.tsx(249,11): error TS17004: Cannot use JSX unless the '--jsx' flag is provided.
frontend/src/views/playground-details/index.tsx(250,13): error TS17004: Cannot use JSX unless the '--jsx' flag is provided.
frontend/src/views/playground-details/index.tsx(257,13): error TS17004: Cannot use JSX unless the '--jsx' flag is provided.
frontend/src/views/playground-details/index.tsx(258,13): error TS17004: Cannot use JSX unless the '--jsx' flag is provided.
frontend/src/views/playground-details/index.tsx(259,15): error TS17004: Cannot use JSX unless the '--jsx' flag is provided.
frontend/src/views/playground-details/index.tsx(260,15): error TS17004: Cannot use JSX unless the '--jsx' flag is provided.
frontend/src/views/playground-details/index.tsx(263,15): error TS17004: Cannot use JSX unless the '--jsx' flag is provided.
frontend/src/views/playground-details/index.tsx(264,17): error TS17004: Cannot use JSX unless the '--jsx' flag is provided.
frontend/src/views/playground-details/index.tsx(267,13): error TS17004: Cannot use JSX unless the '--jsx' flag is provided.
frontend/src/views/playground-details/index.tsx(268,15): error TS17004: Cannot use JSX unless the '--jsx' flag is provided.
frontend/src/views/playground-details/index.tsx(272,17): error TS17004: Cannot use JSX unless the '--jsx' flag is provided.
frontend/src/views/playground-details/index.tsx(275,15): error TS17004: Cannot use JSX unless the '--jsx' flag is provided.
frontend/src/views/playground-details/index.tsx(276,17): error TS17004: Cannot use JSX unless the '--jsx' flag is provided.
frontend/src/views/playground-details/index.tsx(283,9): error TS17004: Cannot use JSX unless the '--jsx' flag is provided.
frontend/src/views/playground-details/index.tsx(284,11): error TS17004: Cannot use JSX unless the '--jsx' flag is provided.
frontend/src/views/playground-details/index.tsx(285,13): error TS17004: Cannot use JSX unless the '--jsx' flag is provided.
frontend/src/views/playground-details/index.tsx(286,15): error TS17004: Cannot use JSX unless the '--jsx' flag is provided.
frontend/src/views/playground-details/index.tsx(289,13): error TS17004: Cannot use JSX unless the '--jsx' flag is provided.
frontend/src/views/playground-details/index.tsx(290,13): error TS17004: Cannot use JSX unless the '--jsx' flag is provided.
frontend/src/views/playground-details/index.tsx(291,15): error TS17004: Cannot use JSX unless the '--jsx' flag is provided.
frontend/src/views/playground-details/index.tsx(294,13): error TS17004: Cannot use JSX unless the '--jsx' flag is provided.
frontend/src/views/playground-details/index.tsx(295,15): error TS17004: Cannot use JSX unless the '--jsx' flag is provided.
frontend/src/views/playground-details/index.tsx(298,13): error TS17004: Cannot use JSX unless the '--jsx' flag is provided.
frontend/src/views/playground-details/index.tsx(299,15): error TS17004: Cannot use JSX unless the '--jsx' flag is provided.
frontend/src/views/playground-details/index.tsx(302,13): error TS17004: Cannot use JSX unless the '--jsx' flag is provided.
frontend/src/views/playground-details/index.tsx(303,15): error TS17004: Cannot use JSX unless the '--jsx' flag is provided.
frontend/src/views/playground-details/index.tsx(307,11): error TS17004: Cannot use JSX unless the '--jsx' flag is provided.
frontend/src/views/playground-details/index.tsx(308,13): error TS17004: Cannot use JSX unless the '--jsx' flag is provided.
frontend/src/views/playground-details/index.tsx(313,11): error TS17004: Cannot use JSX unless the '--jsx' flag is provided.
frontend/src/views/playground-details/index.tsx(314,13): error TS17004: Cannot use JSX unless the '--jsx' flag is provided.
frontend/src/views/playground-details/index.tsx(320,11): error TS17004: Cannot use JSX unless the '--jsx' flag is provided.
frontend/src/views/playground-details/index.tsx(321,13): error TS17004: Cannot use JSX unless the '--jsx' flag is provided.
frontend/src/views/playground-details/index.tsx(329,11): error TS17004: Cannot use JSX unless the '--jsx' flag is provided.
frontend/src/views/playground-details/index.tsx(330,13): error TS17004: Cannot use JSX unless the '--jsx' flag is provided.
frontend/src/views/playground-details/index.tsx(335,11): error TS17004: Cannot use JSX unless the '--jsx' flag is provided.
frontend/src/views/playground-details/index.tsx(336,13): error TS17004: Cannot use JSX unless the '--jsx' flag is provided.
frontend/src/views/playground-details/index.tsx(338,11): error TS17004: Cannot use JSX unless the '--jsx' flag is provided.
frontend/src/views/playground-details/index.tsx(339,13): error TS17004: Cannot use JSX unless the '--jsx' flag is provided.
frontend/src/views/playground-details/index.tsx(344,7): error TS17004: Cannot use JSX unless the '--jsx' flag is provided.
frontend/src/views/playground-details/index.tsx(350,7): error TS17004: Cannot use JSX unless the '--jsx' flag is provided.
frontend/src/views/playground-details/index.tsx(357,7): error TS17004: Cannot use JSX unless the '--jsx' flag is provided.
frontend/src/views/playground-overview-tab/actions.ts(3,28): error TS2307: Cannot find module '@/features/auth/session' or its corresponding type declarations.
frontend/src/views/playground-overview-tab/actions.ts(4,34): error TS2307: Cannot find module '@/entities/user/api/get-user' or its corresponding type declarations.
frontend/src/views/playground-overview-tab/actions.ts(5,59): error TS2307: Cannot find module '@/entities/team/api/teams' or its corresponding type declarations.
frontend/src/views/playground-overview-tab/actions.ts(6,29): error TS2307: Cannot find module '@/shared/lib/api-client' or its corresponding type declarations.
frontend/src/views/playground-overview-tab/actions.ts(7,38): error TS2307: Cannot find module '@/entities/user/model/types' or its corresponding type declarations.
frontend/src/views/playground-overview-tab/index.tsx(14,8): error TS2307: Cannot find module '@/shared/ui/alert-dialog' or its corresponding type declarations.
frontend/src/views/playground-overview-tab/index.tsx(15,24): error TS2307: Cannot find module '@/shared/ui/button' or its corresponding type declarations.
frontend/src/views/playground-overview-tab/index.tsx(16,58): error TS2307: Cannot find module '@/shared/ui/card' or its corresponding type declarations.
frontend/src/views/playground-overview-tab/index.tsx(17,26): error TS2307: Cannot find module '@/shared/hooks/use-toast' or its corresponding type declarations.
frontend/src/views/playground-overview-tab/index.tsx(19,38): error TS2307: Cannot find module '@/widgets/playground-home-team' or its corresponding type declarations.
frontend/src/views/playground-overview-tab/index.tsx(20,53): error TS2307: Cannot find module '@/shared/ui/avatar' or its corresponding type declarations.
frontend/src/views/playground-overview-tab/index.tsx(22,33): error TS2307: Cannot find module '@/entities/playground/model/types' or its corresponding type declarations.
frontend/src/views/playground-overview-tab/index.tsx(23,23): error TS2307: Cannot find module '@/shared/ui/badge' or its corresponding type declarations.
frontend/src/views/playground-overview-tab/index.tsx(54,5): error TS17004: Cannot use JSX unless the '--jsx' flag is provided.
frontend/src/views/playground-overview-tab/index.tsx(55,7): error TS17004: Cannot use JSX unless the '--jsx' flag is provided.
frontend/src/views/playground-overview-tab/index.tsx(56,9): error TS17004: Cannot use JSX unless the '--jsx' flag is provided.
frontend/src/views/playground-overview-tab/index.tsx(60,9): error TS17004: Cannot use JSX unless the '--jsx' flag is provided.
frontend/src/views/playground-overview-tab/index.tsx(61,11): error TS17004: Cannot use JSX unless the '--jsx' flag is provided.
frontend/src/views/playground-overview-tab/index.tsx(62,13): error TS17004: Cannot use JSX unless the '--jsx' flag is provided.
frontend/src/views/playground-overview-tab/index.tsx(64,11): error TS17004: Cannot use JSX unless the '--jsx' flag is provided.
frontend/src/views/playground-overview-tab/index.tsx(65,13): error TS17004: Cannot use JSX unless the '--jsx' flag is provided.
frontend/src/views/playground-overview-tab/index.tsx(66,15): error TS17004: Cannot use JSX unless the '--jsx' flag is provided.
frontend/src/views/playground-overview-tab/index.tsx(67,15): error TS17004: Cannot use JSX unless the '--jsx' flag is provided.
frontend/src/views/playground-overview-tab/index.tsx(69,13): error TS17004: Cannot use JSX unless the '--jsx' flag is provided.
frontend/src/views/playground-overview-tab/index.tsx(70,15): error TS17004: Cannot use JSX unless the '--jsx' flag is provided.
frontend/src/views/playground-overview-tab/index.tsx(71,15): error TS17004: Cannot use JSX unless the '--jsx' flag is provided.
frontend/src/views/playground-overview-tab/index.tsx(73,17): error TS17004: Cannot use JSX unless the '--jsx' flag is provided.
frontend/src/views/playground-overview-tab/index.tsx(76,13): error TS17004: Cannot use JSX unless the '--jsx' flag is provided.
frontend/src/views/playground-overview-tab/index.tsx(77,15): error TS17004: Cannot use JSX unless the '--jsx' flag is provided.
frontend/src/views/playground-overview-tab/index.tsx(78,15): error TS17004: Cannot use JSX unless the '--jsx' flag is provided.
frontend/src/views/playground-overview-tab/index.tsx(80,13): error TS17004: Cannot use JSX unless the '--jsx' flag is provided.
frontend/src/views/playground-overview-tab/index.tsx(81,15): error TS17004: Cannot use JSX unless the '--jsx' flag is provided.
frontend/src/views/playground-overview-tab/index.tsx(82,15): error TS17004: Cannot use JSX unless the '--jsx' flag is provided.
frontend/src/views/playground-overview-tab/index.tsx(84,19): error TS17004: Cannot use JSX unless the '--jsx' flag is provided.
frontend/src/views/playground-overview-tab/index.tsx(91,7): error TS17004: Cannot use JSX unless the '--jsx' flag is provided.
frontend/src/views/playground-overview-tab/index.tsx(92,9): error TS17004: Cannot use JSX unless the '--jsx' flag is provided.
frontend/src/views/playground-overview-tab/index.tsx(93,11): error TS17004: Cannot use JSX unless the '--jsx' flag is provided.
frontend/src/views/playground-overview-tab/index.tsx(94,13): error TS17004: Cannot use JSX unless the '--jsx' flag is provided.
frontend/src/views/playground-overview-tab/index.tsx(96,11): error TS17004: Cannot use JSX unless the '--jsx' flag is provided.
frontend/src/views/playground-overview-tab/index.tsx(97,13): error TS17004: Cannot use JSX unless the '--jsx' flag is provided.
frontend/src/views/playground-overview-tab/index.tsx(98,15): error TS17004: Cannot use JSX unless the '--jsx' flag is provided.
frontend/src/views/playground-overview-tab/index.tsx(99,15): error TS17004: Cannot use JSX unless the '--jsx' flag is provided.
frontend/src/views/playground-overview-tab/index.tsx(100,17): error TS17004: Cannot use JSX unless the '--jsx' flag is provided.
frontend/src/views/playground-overview-tab/index.tsx(103,13): error TS17004: Cannot use JSX unless the '--jsx' flag is provided.
frontend/src/views/playground-overview-tab/index.tsx(106,9): error TS17004: Cannot use JSX unless the '--jsx' flag is provided.
frontend/src/views/playground-overview-tab/index.tsx(107,11): error TS17004: Cannot use JSX unless the '--jsx' flag is provided.
frontend/src/views/playground-overview-tab/index.tsx(108,13): error TS17004: Cannot use JSX unless the '--jsx' flag is provided.
frontend/src/views/playground-overview-tab/index.tsx(109,15): error TS17004: Cannot use JSX unless the '--jsx' flag is provided.
frontend/src/views/playground-overview-tab/index.tsx(110,17): error TS17004: Cannot use JSX unless the '--jsx' flag is provided.
frontend/src/views/playground-overview-tab/index.tsx(113,13): error TS17004: Cannot use JSX unless the '--jsx' flag is provided.
frontend/src/views/playground-overview-tab/index.tsx(114,15): error TS17004: Cannot use JSX unless the '--jsx' flag is provided.
frontend/src/views/playground-overview-tab/index.tsx(115,17): error TS17004: Cannot use JSX unless the '--jsx' flag is provided.
frontend/src/views/playground-overview-tab/index.tsx(116,17): error TS17004: Cannot use JSX unless the '--jsx' flag is provided.
frontend/src/views/playground-overview-tab/index.tsx(124,15): error TS17004: Cannot use JSX unless the '--jsx' flag is provided.
frontend/src/views/playground-overview-tab/index.tsx(125,17): error TS17004: Cannot use JSX unless the '--jsx' flag is provided.
frontend/src/views/playground-overview-tab/index.tsx(126,17): error TS17004: Cannot use JSX unless the '--jsx' flag is provided.
frontend/src/views/playground-overview-tab/index.tsx(128,21): error TS17004: Cannot use JSX unless the '--jsx' flag is provided.
frontend/src/views/playgrounds-admin/index.tsx(4,58): error TS2307: Cannot find module '@/shared/ui/card' or its corresponding type declarations.
frontend/src/views/playgrounds-admin/index.tsx(12,8): error TS2307: Cannot find module '@/shared/ui/table' or its corresponding type declarations.
frontend/src/views/playgrounds-admin/index.tsx(13,24): error TS2307: Cannot find module '@/shared/ui/button' or its corresponding type declarations.
frontend/src/views/playgrounds-admin/index.tsx(14,23): error TS2307: Cannot find module '@/shared/ui/badge' or its corresponding type declarations.
frontend/src/views/playgrounds-admin/index.tsx(21,8): error TS2307: Cannot find module '@/shared/ui/select' or its corresponding type declarations.
frontend/src/views/playgrounds-admin/index.tsx(23,26): error TS2307: Cannot find module '@/shared/hooks/use-toast' or its corresponding type declarations.
frontend/src/views/playgrounds-admin/index.tsx(24,53): error TS2307: Cannot find module '@/shared/ui/avatar' or its corresponding type declarations.
frontend/src/views/playgrounds-admin/index.tsx(26,33): error TS2307: Cannot find module '@/entities/playground/model/types' or its corresponding type declarations.
frontend/src/views/playgrounds-admin/index.tsx(27,31): error TS2307: Cannot find module '@/shared/lib/api-client' or its corresponding type declarations.
frontend/src/views/playgrounds-admin/index.tsx(28,26): error TS2307: Cannot find module '@/shared/ui/skeleton' or its corresponding type declarations.
frontend/src/views/playgrounds-admin/index.tsx(101,5): error TS17004: Cannot use JSX unless the '--jsx' flag is provided.
frontend/src/views/playgrounds-admin/index.tsx(102,7): error TS17004: Cannot use JSX unless the '--jsx' flag is provided.
frontend/src/views/playgrounds-admin/index.tsx(103,9): error TS17004: Cannot use JSX unless the '--jsx' flag is provided.
frontend/src/views/playgrounds-admin/index.tsx(106,9): error TS17004: Cannot use JSX unless the '--jsx' flag is provided.
frontend/src/views/playgrounds-admin/index.tsx(111,7): error TS17004: Cannot use JSX unless the '--jsx' flag is provided.
frontend/src/views/playgrounds-admin/index.tsx(112,9): error TS17004: Cannot use JSX unless the '--jsx' flag is provided.
frontend/src/views/playgrounds-admin/index.tsx(113,11): error TS17004: Cannot use JSX unless the '--jsx' flag is provided.
frontend/src/views/playgrounds-admin/index.tsx(114,13): error TS17004: Cannot use JSX unless the '--jsx' flag is provided.
frontend/src/views/playgrounds-admin/index.tsx(115,13): error TS17004: Cannot use JSX unless the '--jsx' flag is provided.
frontend/src/views/playgrounds-admin/index.tsx(116,15): error TS17004: Cannot use JSX unless the '--jsx' flag is provided.
frontend/src/views/playgrounds-admin/index.tsx(117,17): error TS17004: Cannot use JSX unless the '--jsx' flag is provided.
frontend/src/views/playgrounds-admin/index.tsx(119,15): error TS17004: Cannot use JSX unless the '--jsx' flag is provided.
frontend/src/views/playgrounds-admin/index.tsx(120,17): error TS17004: Cannot use JSX unless the '--jsx' flag is provided.
frontend/src/views/playgrounds-admin/index.tsx(121,17): error TS17004: Cannot use JSX unless the '--jsx' flag is provided.
frontend/src/views/playgrounds-admin/index.tsx(122,17): error TS17004: Cannot use JSX unless the '--jsx' flag is provided.
frontend/src/views/playgrounds-admin/index.tsx(127,9): error TS17004: Cannot use JSX unless the '--jsx' flag is provided.
frontend/src/views/playgrounds-admin/index.tsx(129,13): error TS17004: Cannot use JSX unless the '--jsx' flag is provided.
frontend/src/views/playgrounds-admin/index.tsx(130,15): error TS17004: Cannot use JSX unless the '--jsx' flag is provided.
frontend/src/views/playgrounds-admin/index.tsx(131,15): error TS17004: Cannot use JSX unless the '--jsx' flag is provided.
frontend/src/views/playgrounds-admin/index.tsx(132,15): error TS17004: Cannot use JSX unless the '--jsx' flag is provided.
frontend/src/views/playgrounds-admin/index.tsx(135,13): error TS17004: Cannot use JSX unless the '--jsx' flag is provided.
frontend/src/views/playgrounds-admin/index.tsx(136,15): error TS17004: Cannot use JSX unless the '--jsx' flag is provided.
frontend/src/views/playgrounds-admin/index.tsx(137,17): error TS17004: Cannot use JSX unless the '--jsx' flag is provided.
frontend/src/views/playgrounds-admin/index.tsx(138,19): error TS17004: Cannot use JSX unless the '--jsx' flag is provided.
frontend/src/views/playgrounds-admin/index.tsx(139,19): error TS17004: Cannot use JSX unless the '--jsx' flag is provided.
frontend/src/views/playgrounds-admin/index.tsx(140,19): error TS17004: Cannot use JSX unless the '--jsx' flag is provided.
frontend/src/views/playgrounds-admin/index.tsx(143,19): error TS17004: Cannot use JSX unless the '--jsx' flag is provided.
frontend/src/views/playgrounds-admin/index.tsx(144,19): error TS17004: Cannot use JSX unless the '--jsx' flag is provided.
frontend/src/views/playgrounds-admin/index.tsx(147,15): error TS17004: Cannot use JSX unless the '--jsx' flag is provided.
frontend/src/views/playgrounds-admin/index.tsx(149,19): error TS17004: Cannot use JSX unless the '--jsx' flag is provided.
frontend/src/views/playgrounds-admin/index.tsx(150,21): error TS17004: Cannot use JSX unless the '--jsx' flag is provided.
frontend/src/views/playgrounds-admin/index.tsx(151,23): error TS17004: Cannot use JSX unless the '--jsx' flag is provided.
frontend/src/views/playgrounds-admin/index.tsx(158,21): error TS17004: Cannot use JSX unless the '--jsx' flag is provided.
frontend/src/views/playgrounds-admin/index.tsx(161,21): error TS17004: Cannot use JSX unless the '--jsx' flag is provided.
frontend/src/views/playgrounds-admin/index.tsx(162,23): error TS17004: Cannot use JSX unless the '--jsx' flag is provided.
frontend/src/views/playgrounds-admin/index.tsx(163,25): error TS17004: Cannot use JSX unless the '--jsx' flag is provided.
frontend/src/views/playgrounds-admin/index.tsx(164,27): error TS17004: Cannot use JSX unless the '--jsx' flag is provided.
frontend/src/views/playgrounds-admin/index.tsx(165,27): error TS17004: Cannot use JSX unless the '--jsx' flag is provided.
frontend/src/views/playgrounds-admin/index.tsx(169,25): error TS17004: Cannot use JSX unless the '--jsx' flag is provided.
frontend/src/views/playgrounds-admin/index.tsx(172,21): error TS17004: Cannot use JSX unless the '--jsx' flag is provided.
frontend/src/views/playgrounds-admin/index.tsx(174,25): error TS17004: Cannot use JSX unless the '--jsx' flag is provided.
frontend/src/views/playgrounds-admin/index.tsx(178,27): error TS17004: Cannot use JSX unless the '--jsx' flag is provided.
frontend/src/views/playgrounds-admin/index.tsx(181,25): error TS17004: Cannot use JSX unless the '--jsx' flag is provided.
frontend/src/views/playgrounds-admin/index.tsx(185,27): error TS17004: Cannot use JSX unless the '--jsx' flag is provided.
frontend/src/views/playgrounds-admin/index.tsx(189,21): error TS17004: Cannot use JSX unless the '--jsx' flag is provided.
frontend/src/views/playgrounds-admin/index.tsx(191,25): error TS17004: Cannot use JSX unless the '--jsx' flag is provided.
frontend/src/views/playgrounds-admin/index.tsx(197,27): error TS17004: Cannot use JSX unless the '--jsx' flag is provided.
frontend/src/views/playgrounds-admin/index.tsx(201,23): error TS17004: Cannot use JSX unless the '--jsx' flag is provided.
frontend/src/views/playgrounds-admin/index.tsx(206,25): error TS17004: Cannot use JSX unless the '--jsx' flag is provided.
frontend/src/views/playgrounds-list/index.tsx(4,24): error TS2307: Cannot find module '@/shared/ui/button' or its corresponding type declarations.
frontend/src/views/playgrounds-list/index.tsx(6,32): error TS2307: Cannot find module '@/widgets/playground-card' or its corresponding type declarations.
frontend/src/views/playgrounds-list/index.tsx(8,23): error TS2307: Cannot find module '@/shared/ui/input' or its corresponding type declarations.
frontend/src/views/playgrounds-list/index.tsx(9,34): error TS2307: Cannot find module '@/shared/ui/card' or its corresponding type declarations.
frontend/src/views/playgrounds-list/index.tsx(10,32): error TS2307: Cannot find module '@/entities/playground/api/playgrounds' or its corresponding type declarations.
frontend/src/views/playgrounds-list/index.tsx(11,33): error TS2307: Cannot find module '@/entities/playground/model/types' or its corresponding type declarations.
frontend/src/views/playgrounds-list/index.tsx(12,26): error TS2307: Cannot find module '@/shared/ui/skeleton' or its corresponding type declarations.
frontend/src/views/playgrounds-list/index.tsx(13,26): error TS2307: Cannot find module '@/shared/hooks/use-toast' or its corresponding type declarations.
frontend/src/views/playgrounds-list/index.tsx(73,5): error TS17004: Cannot use JSX unless the '--jsx' flag is provided.
frontend/src/views/playgrounds-list/index.tsx(74,7): error TS17004: Cannot use JSX unless the '--jsx' flag is provided.
frontend/src/views/playgrounds-list/index.tsx(75,9): error TS17004: Cannot use JSX unless the '--jsx' flag is provided.
frontend/src/views/playgrounds-list/index.tsx(76,11): error TS17004: Cannot use JSX unless the '--jsx' flag is provided.
frontend/src/views/playgrounds-list/index.tsx(77,13): error TS17004: Cannot use JSX unless the '--jsx' flag is provided.
frontend/src/views/playgrounds-list/index.tsx(80,11): error TS17004: Cannot use JSX unless the '--jsx' flag is provided.
frontend/src/views/playgrounds-list/index.tsx(84,9): error TS17004: Cannot use JSX unless the '--jsx' flag is provided.
frontend/src/views/playgrounds-list/index.tsx(85,11): error TS17004: Cannot use JSX unless the '--jsx' flag is provided.
frontend/src/views/playgrounds-list/index.tsx(86,13): error TS17004: Cannot use JSX unless the '--jsx' flag is provided.
frontend/src/views/playgrounds-list/index.tsx(92,7): error TS17004: Cannot use JSX unless the '--jsx' flag is provided.
frontend/src/views/playgrounds-list/index.tsx(93,9): error TS17004: Cannot use JSX unless the '--jsx' flag is provided.
frontend/src/views/playgrounds-list/index.tsx(94,11): error TS17004: Cannot use JSX unless the '--jsx' flag is provided.
frontend/src/views/playgrounds-list/index.tsx(95,13): error TS17004: Cannot use JSX unless the '--jsx' flag is provided.
frontend/src/views/playgrounds-list/index.tsx(96,13): error TS17004: Cannot use JSX unless the '--jsx' flag is provided.
frontend/src/views/playgrounds-list/index.tsx(103,11): error TS17004: Cannot use JSX unless the '--jsx' flag is provided.
frontend/src/views/playgrounds-list/index.tsx(105,15): error TS17004: Cannot use JSX unless the '--jsx' flag is provided.
frontend/src/views/playgrounds-list/index.tsx(118,9): error TS17004: Cannot use JSX unless the '--jsx' flag is provided.
frontend/src/views/playgrounds-list/index.tsx(120,13): error TS17004: Cannot use JSX unless the '--jsx' flag is provided.
frontend/src/views/playgrounds-list/index.tsx(124,9): error TS17004: Cannot use JSX unless the '--jsx' flag is provided.
frontend/src/views/playgrounds-list/index.tsx(129,15): error TS17004: Cannot use JSX unless the '--jsx' flag is provided.
frontend/src/views/playgrounds-list/index.tsx(140,9): error TS17004: Cannot use JSX unless the '--jsx' flag is provided.
frontend/src/views/playgrounds-list/index.tsx(141,11): error TS17004: Cannot use JSX unless the '--jsx' flag is provided.
frontend/src/views/playgrounds/[id]/page.tsx(1,35): error TS2307: Cannot find module '@/entities/playground/api/playgrounds' or its corresponding type declarations.
frontend/src/views/playgrounds/[id]/page.tsx(2,40): error TS2307: Cannot find module '@/entities/playground/api/condition' or its corresponding type declarations.
frontend/src/views/playgrounds/[id]/page.tsx(3,35): error TS2307: Cannot find module '@/views/playground-details' or its corresponding type declarations.
frontend/src/views/playgrounds/[id]/page.tsx(5,48): error TS2307: Cannot find module '@/entities/playground/api/condition' or its corresponding type declarations.
frontend/src/views/playgrounds/[id]/page.tsx(21,5): error TS17004: Cannot use JSX unless the '--jsx' flag is provided.
frontend/src/views/playgrounds/page.tsx(1,37): error TS2307: Cannot find module '@/views/playgrounds-list' or its corresponding type declarations.
frontend/src/views/profiles/player/[id]/page.tsx(1,26): error TS2307: Cannot find module '@/app/(app)/administration/player/client' or its corresponding type declarations.
frontend/src/views/profiles/player/[id]/page.tsx(2,42): error TS2307: Cannot find module '@/entities/user/api/get-user' or its corresponding type declarations.
frontend/src/views/profiles/player/[id]/page.tsx(3,28): error TS2307: Cannot find module '@/features/auth/session' or its corresponding type declarations.
frontend/src/views/profiles/player/[id]/page.tsx(23,5): error TS17004: Cannot use JSX unless the '--jsx' flag is provided.
frontend/src/views/profiles/player/page.tsx(4,53): error TS2307: Cannot find module '@/shared/ui/avatar' or its corresponding type declarations.
frontend/src/views/profiles/player/page.tsx(5,23): error TS2307: Cannot find module '@/shared/ui/badge' or its corresponding type declarations.
frontend/src/views/profiles/player/page.tsx(6,24): error TS2307: Cannot find module '@/shared/ui/button' or its corresponding type declarations.
frontend/src/views/profiles/player/page.tsx(7,35): error TS2307: Cannot find module '@/shared/ui/card' or its corresponding type declarations.
frontend/src/views/profiles/player/page.tsx(8,26): error TS2307: Cannot find module '@/shared/ui/progress' or its corresponding type declarations.
frontend/src/views/profiles/player/page.tsx(9,58): error TS2307: Cannot find module '@/shared/ui/tabs' or its corresponding type declarations.
frontend/src/views/profiles/player/page.tsx(34,26): error TS2307: Cannot find module '@/shared/ui/skeleton' or its corresponding type declarations.
frontend/src/views/profiles/player/page.tsx(35,33): error TS2307: Cannot find module '@/shared/config/ranks' or its corresponding type declarations.
frontend/src/views/profiles/player/page.tsx(41,8): error TS2307: Cannot find module '@/shared/ui/tooltip' or its corresponding type declarations.
frontend/src/views/profiles/player/page.tsx(42,20): error TS2307: Cannot find module '@/shared/lib/utils' or its corresponding type declarations.
frontend/src/views/profiles/player/page.tsx(44,43): error TS2307: Cannot find module '@/features/user-avatar-generator' or its corresponding type declarations.
frontend/src/views/profiles/player/page.tsx(51,8): error TS2307: Cannot find module '@/shared/ui/dropdown-menu' or its corresponding type declarations.
frontend/src/views/profiles/player/page.tsx(52,36): error TS2307: Cannot find module '@/features/report-player-dialog' or its corresponding type declarations.
frontend/src/views/profiles/player/page.tsx(56,46): error TS2307: Cannot find module '@/features/profile-banner-generator' or its corresponding type declarations.
frontend/src/views/profiles/player/page.tsx(57,37): error TS2307: Cannot find module '@/widgets/holistic-analysis-tab' or its corresponding type declarations.
frontend/src/views/profiles/player/page.tsx(61,8): error TS2307: Cannot find module '@/widgets/player-activity-feed' or its corresponding type declarations.
frontend/src/views/profiles/player/page.tsx(67,8): error TS2307: Cannot find module '@/entities/user/model/types' or its corresponding type declarations.
frontend/src/views/profiles/player/page.tsx(68,31): error TS2307: Cannot find module '@/entities/team/model/types' or its corresponding type declarations.
frontend/src/views/profiles/player/page.tsx(69,34): error TS2307: Cannot find module '@/entities/achievement/model/types' or its corresponding type declarations.
frontend/src/views/profiles/player/page.tsx(70,39): error TS2307: Cannot find module '@/widgets/propose-training-dialog' or its corresponding type declarations.
frontend/src/views/profiles/player/page.tsx(74,5): error TS1323: Dynamic imports are only supported when the '--module' flag is set to 'es2020', 'es2022', 'esnext', 'commonjs', 'amd', 'system', 'umd', 'node16', 'node18', or 'nodenext'.
frontend/src/views/profiles/player/page.tsx(74,12): error TS2307: Cannot find module '@/entities/player/ui/player-profile-tabs/career-tab' or its corresponding type declarations.
frontend/src/views/profiles/player/page.tsx(79,7): error TS17004: Cannot use JSX unless the '--jsx' flag is provided.
frontend/src/views/profiles/player/page.tsx(80,9): error TS17004: Cannot use JSX unless the '--jsx' flag is provided.
frontend/src/views/profiles/player/page.tsx(81,11): error TS17004: Cannot use JSX unless the '--jsx' flag is provided.
frontend/src/views/profiles/player/page.tsx(90,5): error TS1323: Dynamic imports are only supported when the '--module' flag is set to 'es2020', 'es2022', 'esnext', 'commonjs', 'amd', 'system', 'umd', 'node16', 'node18', or 'nodenext'.
frontend/src/views/profiles/player/page.tsx(90,12): error TS2307: Cannot find module '@/entities/player/ui/player-profile-tabs/achievements-tab' or its corresponding type declarations.
frontend/src/views/profiles/player/page.tsx(95,7): error TS17004: Cannot use JSX unless the '--jsx' flag is provided.
frontend/src/views/profiles/player/page.tsx(96,9): error TS17004: Cannot use JSX unless the '--jsx' flag is provided.
frontend/src/views/profiles/player/page.tsx(97,11): error TS17004: Cannot use JSX unless the '--jsx' flag is provided.
frontend/src/views/profiles/player/page.tsx(106,5): error TS1323: Dynamic imports are only supported when the '--module' flag is set to 'es2020', 'es2022', 'esnext', 'commonjs', 'amd', 'system', 'umd', 'node16', 'node18', or 'nodenext'.
frontend/src/views/profiles/player/page.tsx(106,12): error TS2307: Cannot find module '@/entities/player/ui/player-profile-tabs/teams-tab' or its corresponding type declarations.
frontend/src/views/profiles/player/page.tsx(111,7): error TS17004: Cannot use JSX unless the '--jsx' flag is provided.
frontend/src/views/profiles/player/page.tsx(112,9): error TS17004: Cannot use JSX unless the '--jsx' flag is provided.
frontend/src/views/profiles/player/page.tsx(113,11): error TS17004: Cannot use JSX unless the '--jsx' flag is provided.
frontend/src/views/profiles/player/page.tsx(122,5): error TS1323: Dynamic imports are only supported when the '--module' flag is set to 'es2020', 'es2022', 'esnext', 'commonjs', 'amd', 'system', 'umd', 'node16', 'node18', or 'nodenext'.
frontend/src/views/profiles/player/page.tsx(122,12): error TS2307: Cannot find module '@/entities/player/ui/player-profile-tabs/gallery-tab' or its corresponding type declarations.
frontend/src/views/profiles/player/page.tsx(127,7): error TS17004: Cannot use JSX unless the '--jsx' flag is provided.
frontend/src/views/profiles/player/page.tsx(128,9): error TS17004: Cannot use JSX unless the '--jsx' flag is provided.
frontend/src/views/profiles/player/page.tsx(129,11): error TS17004: Cannot use JSX unless the '--jsx' flag is provided.
frontend/src/views/profiles/player/page.tsx(138,5): error TS1323: Dynamic imports are only supported when the '--module' flag is set to 'es2020', 'es2022', 'esnext', 'commonjs', 'amd', 'system', 'umd', 'node16', 'node18', or 'nodenext'.
frontend/src/views/profiles/player/page.tsx(138,12): error TS2307: Cannot find module '@/entities/player/ui/player-profile-tabs/stats-tab' or its corresponding type declarations.
frontend/src/views/profiles/player/page.tsx(143,7): error TS17004: Cannot use JSX unless the '--jsx' flag is provided.
frontend/src/views/profiles/player/page.tsx(144,9): error TS17004: Cannot use JSX unless the '--jsx' flag is provided.
frontend/src/views/profiles/player/page.tsx(145,11): error TS17004: Cannot use JSX unless the '--jsx' flag is provided.
frontend/src/views/profiles/player/page.tsx(154,5): error TS1323: Dynamic imports are only supported when the '--module' flag is set to 'es2020', 'es2022', 'esnext', 'commonjs', 'amd', 'system', 'umd', 'node16', 'node18', or 'nodenext'.
frontend/src/views/profiles/player/page.tsx(154,12): error TS2307: Cannot find module '@/entities/player/ui/player-profile-tabs/physical-prep-tab' or its corresponding type declarations.
frontend/src/views/profiles/player/page.tsx(159,7): error TS17004: Cannot use JSX unless the '--jsx' flag is provided.
frontend/src/views/profiles/player/page.tsx(160,9): error TS17004: Cannot use JSX unless the '--jsx' flag is provided.
frontend/src/views/profiles/player/page.tsx(161,11): error TS17004: Cannot use JSX unless the '--jsx' flag is provided.
frontend/src/views/profiles/player/page.tsx(209,5): error TS17004: Cannot use JSX unless the '--jsx' flag is provided.
frontend/src/views/profiles/player/page.tsx(210,7): error TS17004: Cannot use JSX unless the '--jsx' flag is provided.
frontend/src/views/profiles/player/page.tsx(211,9): error TS17004: Cannot use JSX unless the '--jsx' flag is provided.
frontend/src/views/profiles/player/page.tsx(212,11): error TS17004: Cannot use JSX unless the '--jsx' flag is provided.
frontend/src/views/profiles/player/page.tsx(219,11): error TS17004: Cannot use JSX unless the '--jsx' flag is provided.
frontend/src/views/profiles/player/page.tsx(221,13): error TS17004: Cannot use JSX unless the '--jsx' flag is provided.
frontend/src/views/profiles/player/page.tsx(228,15): error TS17004: Cannot use JSX unless the '--jsx' flag is provided.
frontend/src/views/profiles/player/page.tsx(229,15): error TS17004: Cannot use JSX unless the '--jsx' flag is provided.
frontend/src/views/profiles/player/page.tsx(234,9): error TS17004: Cannot use JSX unless the '--jsx' flag is provided.
frontend/src/views/profiles/player/page.tsx(235,11): error TS17004: Cannot use JSX unless the '--jsx' flag is provided.
frontend/src/views/profiles/player/page.tsx(236,13): error TS17004: Cannot use JSX unless the '--jsx' flag is provided.
frontend/src/views/profiles/player/page.tsx(237,15): error TS17004: Cannot use JSX unless the '--jsx' flag is provided.
frontend/src/views/profiles/player/page.tsx(238,17): error TS17004: Cannot use JSX unless the '--jsx' flag is provided.
frontend/src/views/profiles/player/page.tsx(243,17): error TS17004: Cannot use JSX unless the '--jsx' flag is provided.
frontend/src/views/profiles/player/page.tsx(246,17): error TS17004: Cannot use JSX unless the '--jsx' flag is provided.
frontend/src/views/profiles/player/page.tsx(253,19): error TS17004: Cannot use JSX unless the '--jsx' flag is provided.
frontend/src/views/profiles/player/page.tsx(254,19): error TS17004: Cannot use JSX unless the '--jsx' flag is provided.
frontend/src/views/profiles/player/page.tsx(259,13): error TS17004: Cannot use JSX unless the '--jsx' flag is provided.
frontend/src/views/profiles/player/page.tsx(260,15): error TS17004: Cannot use JSX unless the '--jsx' flag is provided.
frontend/src/views/profiles/player/page.tsx(261,17): error TS17004: Cannot use JSX unless the '--jsx' flag is provided.
frontend/src/views/profiles/player/page.tsx(262,19): error TS17004: Cannot use JSX unless the '--jsx' flag is provided.
frontend/src/views/profiles/player/page.tsx(263,21): error TS17004: Cannot use JSX unless the '--jsx' flag is provided.
frontend/src/views/profiles/player/page.tsx(267,23): error TS17004: Cannot use JSX unless the '--jsx' flag is provided.
frontend/src/views/profiles/player/page.tsx(270,19): error TS17004: Cannot use JSX unless the '--jsx' flag is provided.
frontend/src/views/profiles/player/page.tsx(272,17): error TS17004: Cannot use JSX unless the '--jsx' flag is provided.
frontend/src/views/profiles/player/page.tsx(274,21): error TS17004: Cannot use JSX unless the '--jsx' flag is provided.
frontend/src/views/profiles/player/page.tsx(275,23): error TS17004: Cannot use JSX unless the '--jsx' flag is provided.
frontend/src/views/profiles/player/page.tsx(276,25): error TS17004: Cannot use JSX unless the '--jsx' flag is provided.
frontend/src/views/profiles/player/page.tsx(278,23): error TS17004: Cannot use JSX unless the '--jsx' flag is provided.
frontend/src/views/profiles/player/page.tsx(279,25): error TS17004: Cannot use JSX unless the '--jsx' flag is provided.
frontend/src/views/profiles/player/page.tsx(283,21): error TS17004: Cannot use JSX unless the '--jsx' flag is provided.
frontend/src/views/profiles/player/page.tsx(284,23): error TS17004: Cannot use JSX unless the '--jsx' flag is provided.
frontend/src/views/profiles/player/page.tsx(285,25): error TS17004: Cannot use JSX unless the '--jsx' flag is provided.
frontend/src/views/profiles/player/page.tsx(287,23): error TS17004: Cannot use JSX unless the '--jsx' flag is provided.
frontend/src/views/profiles/player/page.tsx(288,25): error TS17004: Cannot use JSX unless the '--jsx' flag is provided.
frontend/src/views/profiles/player/page.tsx(289,27): error TS17004: Cannot use JSX unless the '--jsx' flag is provided.
frontend/src/views/profiles/player/page.tsx(290,29): error TS17004: Cannot use JSX unless the '--jsx' flag is provided.
frontend/src/views/profiles/player/page.tsx(291,29): error TS17004: Cannot use JSX unless the '--jsx' flag is provided.
frontend/src/views/profiles/player/page.tsx(294,25): error TS17004: Cannot use JSX unless the '--jsx' flag is provided.
frontend/src/views/profiles/player/page.tsx(295,27): error TS17004: Cannot use JSX unless the '--jsx' flag is provided.
frontend/src/views/profiles/player/page.tsx(298,29): error TS17004: Cannot use JSX unless the '--jsx' flag is provided.
frontend/src/views/profiles/player/page.tsx(301,27): error TS17004: Cannot use JSX unless the '--jsx' flag is provided.
frontend/src/views/profiles/player/page.tsx(302,29): error TS17004: Cannot use JSX unless the '--jsx' flag is provided.
frontend/src/views/profiles/player/page.tsx(305,27): error TS17004: Cannot use JSX unless the '--jsx' flag is provided.
frontend/src/views/profiles/player/page.tsx(306,27): error TS17004: Cannot use JSX unless the '--jsx' flag is provided.
frontend/src/views/profiles/player/page.tsx(310,29): error TS17004: Cannot use JSX unless the '--jsx' flag is provided.
frontend/src/views/profiles/player/page.tsx(318,15): error TS17004: Cannot use JSX unless the '--jsx' flag is provided.
frontend/src/views/profiles/player/page.tsx(319,17): error TS17004: Cannot use JSX unless the '--jsx' flag is provided.
frontend/src/views/profiles/player/page.tsx(320,17): error TS17004: Cannot use JSX unless the '--jsx' flag is provided.
frontend/src/views/profiles/player/page.tsx(321,17): error TS17004: Cannot use JSX unless the '--jsx' flag is provided.
frontend/src/views/profiles/player/page.tsx(323,19): error TS17004: Cannot use JSX unless the '--jsx' flag is provided.
frontend/src/views/profiles/player/page.tsx(324,21): error TS17004: Cannot use JSX unless the '--jsx' flag is provided.
frontend/src/views/profiles/player/page.tsx(325,23): error TS17004: Cannot use JSX unless the '--jsx' flag is provided.
frontend/src/views/profiles/player/page.tsx(326,25): error TS17004: Cannot use JSX unless the '--jsx' flag is provided.
frontend/src/views/profiles/player/page.tsx(330,27): error TS17004: Cannot use JSX unless the '--jsx' flag is provided.
frontend/src/views/profiles/player/page.tsx(336,23): error TS17004: Cannot use JSX unless the '--jsx' flag is provided.
frontend/src/views/profiles/player/page.tsx(337,25): error TS17004: Cannot use JSX unless the '--jsx' flag is provided.
frontend/src/views/profiles/player/page.tsx(338,25): error TS17004: Cannot use JSX unless the '--jsx' flag is provided.
frontend/src/views/profiles/player/page.tsx(350,9): error TS17004: Cannot use JSX unless the '--jsx' flag is provided.
frontend/src/views/profiles/player/page.tsx(351,11): error TS17004: Cannot use JSX unless the '--jsx' flag is provided.
frontend/src/views/profiles/player/page.tsx(352,13): error TS17004: Cannot use JSX unless the '--jsx' flag is provided.
frontend/src/views/profiles/player/page.tsx(353,15): error TS17004: Cannot use JSX unless the '--jsx' flag is provided.
frontend/src/views/profiles/player/page.tsx(354,15): error TS17004: Cannot use JSX unless the '--jsx' flag is provided.
frontend/src/views/profiles/player/page.tsx(362,13): error TS17004: Cannot use JSX unless the '--jsx' flag is provided.
frontend/src/views/profiles/player/page.tsx(366,9): error TS17004: Cannot use JSX unless the '--jsx' flag is provided.
frontend/src/views/profiles/player/page.tsx(367,11): error TS17004: Cannot use JSX unless the '--jsx' flag is provided.
frontend/src/views/profiles/player/page.tsx(368,13): error TS17004: Cannot use JSX unless the '--jsx' flag is provided.
frontend/src/views/profiles/player/page.tsx(369,13): error TS17004: Cannot use JSX unless the '--jsx' flag is provided.
frontend/src/views/profiles/player/page.tsx(370,15): error TS17004: Cannot use JSX unless the '--jsx' flag is provided.
frontend/src/views/profiles/player/page.tsx(379,11): error TS17004: Cannot use JSX unless the '--jsx' flag is provided.
frontend/src/views/profiles/player/page.tsx(380,13): error TS17004: Cannot use JSX unless the '--jsx' flag is provided.
frontend/src/views/profiles/player/page.tsx(381,13): error TS17004: Cannot use JSX unless the '--jsx' flag is provided.
frontend/src/views/profiles/player/page.tsx(382,15): error TS17004: Cannot use JSX unless the '--jsx' flag is provided.
frontend/src/views/profiles/player/page.tsx(385,11): error TS17004: Cannot use JSX unless the '--jsx' flag is provided.
frontend/src/views/profiles/player/page.tsx(386,13): error TS17004: Cannot use JSX unless the '--jsx' flag is provided.
frontend/src/views/profiles/player/page.tsx(387,13): error TS17004: Cannot use JSX unless the '--jsx' flag is provided.
frontend/src/views/profiles/player/page.tsx(389,17): error TS17004: Cannot use JSX unless the '--jsx' flag is provided.
frontend/src/views/profiles/player/page.tsx(395,11): error TS17004: Cannot use JSX unless the '--jsx' flag is provided.
frontend/src/views/profiles/player/page.tsx(396,13): error TS17004: Cannot use JSX unless the '--jsx' flag is provided.
frontend/src/views/profiles/player/page.tsx(397,13): error TS17004: Cannot use JSX unless the '--jsx' flag is provided.
frontend/src/views/profiles/player/page.tsx(398,15): error TS17004: Cannot use JSX unless the '--jsx' flag is provided.
frontend/src/views/profiles/player/page.tsx(399,17): error TS17004: Cannot use JSX unless the '--jsx' flag is provided.
frontend/src/views/profiles/player/page.tsx(406,15): error TS17004: Cannot use JSX unless the '--jsx' flag is provided.
frontend/src/views/profiles/player/page.tsx(407,17): error TS17004: Cannot use JSX unless the '--jsx' flag is provided.
frontend/src/views/profiles/player/page.tsx(408,19): error TS17004: Cannot use JSX unless the '--jsx' flag is provided.
frontend/src/views/profiles/player/page.tsx(409,21): error TS17004: Cannot use JSX unless the '--jsx' flag is provided.
frontend/src/views/profiles/player/page.tsx(413,19): error TS17004: Cannot use JSX unless the '--jsx' flag is provided.
frontend/src/views/profiles/player/page.tsx(414,21): error TS17004: Cannot use JSX unless the '--jsx' flag is provided.
frontend/src/views/profiles/player/page.tsx(422,9): error TS17004: Cannot use JSX unless the '--jsx' flag is provided.
frontend/src/views/profiles/player/page.tsx(423,11): error TS17004: Cannot use JSX unless the '--jsx' flag is provided.
frontend/src/views/profiles/player/page.tsx(424,13): error TS17004: Cannot use JSX unless the '--jsx' flag is provided.
frontend/src/views/profiles/player/page.tsx(425,15): error TS17004: Cannot use JSX unless the '--jsx' flag is provided.
frontend/src/views/profiles/player/page.tsx(426,17): error TS17004: Cannot use JSX unless the '--jsx' flag is provided.
frontend/src/views/profiles/player/page.tsx(429,15): error TS17004: Cannot use JSX unless the '--jsx' flag is provided.
frontend/src/views/profiles/player/page.tsx(430,17): error TS17004: Cannot use JSX unless the '--jsx' flag is provided.
frontend/src/views/profiles/player/page.tsx(433,15): error TS17004: Cannot use JSX unless the '--jsx' flag is provided.
frontend/src/views/profiles/player/page.tsx(434,17): error TS17004: Cannot use JSX unless the '--jsx' flag is provided.
frontend/src/views/profiles/player/page.tsx(437,15): error TS17004: Cannot use JSX unless the '--jsx' flag is provided.
frontend/src/views/profiles/player/page.tsx(438,17): error TS17004: Cannot use JSX unless the '--jsx' flag is provided.
frontend/src/views/profiles/player/page.tsx(441,15): error TS17004: Cannot use JSX unless the '--jsx' flag is provided.
frontend/src/views/profiles/player/page.tsx(442,17): error TS17004: Cannot use JSX unless the '--jsx' flag is provided.
frontend/src/views/profiles/player/page.tsx(445,15): error TS17004: Cannot use JSX unless the '--jsx' flag is provided.
frontend/src/views/profiles/player/page.tsx(446,17): error TS17004: Cannot use JSX unless the '--jsx' flag is provided.
frontend/src/views/profiles/player/page.tsx(449,15): error TS17004: Cannot use JSX unless the '--jsx' flag is provided.
frontend/src/views/profiles/player/page.tsx(450,17): error TS17004: Cannot use JSX unless the '--jsx' flag is provided.
frontend/src/views/profiles/player/page.tsx(453,15): error TS17004: Cannot use JSX unless the '--jsx' flag is provided.
frontend/src/views/profiles/player/page.tsx(454,17): error TS17004: Cannot use JSX unless the '--jsx' flag is provided.
frontend/src/views/profiles/player/page.tsx(459,13): error TS17004: Cannot use JSX unless the '--jsx' flag is provided.
frontend/src/views/profiles/player/page.tsx(460,15): error TS17004: Cannot use JSX unless the '--jsx' flag is provided.
frontend/src/views/profiles/player/page.tsx(463,13): error TS17004: Cannot use JSX unless the '--jsx' flag is provided.
frontend/src/views/profiles/player/page.tsx(464,15): error TS17004: Cannot use JSX unless the '--jsx' flag is provided.
frontend/src/views/profiles/player/page.tsx(464,25): error TS2322: Type '{ stats: any; }' is not assignable to type 'IntrinsicAttributes'.
  Property 'stats' does not exist on type 'IntrinsicAttributes'.
frontend/src/views/profiles/player/page.tsx(467,13): error TS17004: Cannot use JSX unless the '--jsx' flag is provided.
frontend/src/views/profiles/player/page.tsx(468,15): error TS17004: Cannot use JSX unless the '--jsx' flag is provided.
frontend/src/views/profiles/player/page.tsx(471,13): error TS17004: Cannot use JSX unless the '--jsx' flag is provided.
frontend/src/views/profiles/player/page.tsx(472,15): error TS17004: Cannot use JSX unless the '--jsx' flag is provided.
frontend/src/views/profiles/player/page.tsx(475,13): error TS17004: Cannot use JSX unless the '--jsx' flag is provided.
frontend/src/views/profiles/player/page.tsx(476,15): error TS17004: Cannot use JSX unless the '--jsx' flag is provided.
frontend/src/views/profiles/player/page.tsx(477,17): error TS2322: Type '{ careerHistory: CareerHistoryItem[]; isCurrentUser: boolean; }' is not assignable to type 'IntrinsicAttributes'.
  Property 'careerHistory' does not exist on type 'IntrinsicAttributes'.
frontend/src/views/profiles/player/page.tsx(482,13): error TS17004: Cannot use JSX unless the '--jsx' flag is provided.
frontend/src/views/profiles/player/page.tsx(483,15): error TS17004: Cannot use JSX unless the '--jsx' flag is provided.
frontend/src/views/profiles/player/page.tsx(483,32): error TS2322: Type '{ achievements: Achievement[]; }' is not assignable to type 'IntrinsicAttributes'.
  Property 'achievements' does not exist on type 'IntrinsicAttributes'.
frontend/src/views/profiles/player/page.tsx(486,13): error TS17004: Cannot use JSX unless the '--jsx' flag is provided.
frontend/src/views/profiles/player/page.tsx(487,15): error TS17004: Cannot use JSX unless the '--jsx' flag is provided.
frontend/src/views/profiles/player/page.tsx(488,17): error TS2322: Type '{ teams: UserTeam[]; isCurrentUser: boolean; userName: any; }' is not assignable to type 'IntrinsicAttributes'.
  Property 'teams' does not exist on type 'IntrinsicAttributes'.
frontend/src/views/profiles/player/page.tsx(494,13): error TS17004: Cannot use JSX unless the '--jsx' flag is provided.
frontend/src/views/profiles/player/page.tsx(495,15): error TS17004: Cannot use JSX unless the '--jsx' flag is provided.
frontend/src/views/profiles/player/page.tsx(495,27): error TS2322: Type '{ gallery: GalleryItem[]; isCurrentUser: boolean; }' is not assignable to type 'IntrinsicAttributes'.
  Property 'gallery' does not exist on type 'IntrinsicAttributes'.
frontend/src/views/profiles/player/page.tsx(500,7): error TS17004: Cannot use JSX unless the '--jsx' flag is provided.
frontend/src/views/profiles/player/page.tsx(506,7): error TS17004: Cannot use JSX unless the '--jsx' flag is provided.
frontend/src/views/profiles/player/page.tsx(513,7): error TS17004: Cannot use JSX unless the '--jsx' flag is provided.
frontend/src/views/profiles/player/page.tsx(519,7): error TS17004: Cannot use JSX unless the '--jsx' flag is provided.
frontend/src/views/profiles/sponsor/[id]/page.tsx(3,27): error TS2307: Cannot find module '@/app/(app)/administration/sponsor/client' or its corresponding type declarations.
frontend/src/views/profiles/sponsor/[id]/page.tsx(7,8): error TS2307: Cannot find module '@/entities/sponsor/api/sponsors' or its corresponding type declarations.
frontend/src/views/profiles/sponsor/[id]/page.tsx(9,36): error TS2307: Cannot find module '@/entities/sponsorship/model/types' or its corresponding type declarations.
frontend/src/views/profiles/sponsor/[id]/page.tsx(11,27): error TS2307: Cannot find module '@/entities/team/model/types' or its corresponding type declarations.
frontend/src/views/profiles/sponsor/[id]/page.tsx(41,5): error TS17004: Cannot use JSX unless the '--jsx' flag is provided.
frontend/src/views/promotion-create-wizard/index.tsx(3,58): error TS2307: Cannot find module '@/shared/ui/tabs' or its corresponding type declarations.
frontend/src/views/promotion-create-wizard/index.tsx(4,37): error TS2307: Cannot find module '@/widgets/manual-promotion-form' or its corresponding type declarations.
frontend/src/views/promotion-create-wizard/index.tsx(5,35): error TS2307: Cannot find module '@/widgets/ai-promotion-wizard' or its corresponding type declarations.
frontend/src/views/promotion-create-wizard/index.tsx(10,5): error TS17004: Cannot use JSX unless the '--jsx' flag is provided.
frontend/src/views/promotion-create-wizard/index.tsx(11,7): error TS17004: Cannot use JSX unless the '--jsx' flag is provided.
frontend/src/views/promotion-create-wizard/index.tsx(12,9): error TS17004: Cannot use JSX unless the '--jsx' flag is provided.
frontend/src/views/promotion-create-wizard/index.tsx(15,9): error TS17004: Cannot use JSX unless the '--jsx' flag is provided.
frontend/src/views/promotion-create-wizard/index.tsx(20,7): error TS17004: Cannot use JSX unless the '--jsx' flag is provided.
frontend/src/views/promotion-create-wizard/index.tsx(21,9): error TS17004: Cannot use JSX unless the '--jsx' flag is provided.
frontend/src/views/promotion-create-wizard/index.tsx(22,11): error TS17004: Cannot use JSX unless the '--jsx' flag is provided.
frontend/src/views/promotion-create-wizard/index.tsx(23,13): error TS17004: Cannot use JSX unless the '--jsx' flag is provided.
frontend/src/views/promotion-create-wizard/index.tsx(25,11): error TS17004: Cannot use JSX unless the '--jsx' flag is provided.
frontend/src/views/promotion-create-wizard/index.tsx(26,13): error TS17004: Cannot use JSX unless the '--jsx' flag is provided.
frontend/src/views/promotion-create-wizard/index.tsx(29,9): error TS17004: Cannot use JSX unless the '--jsx' flag is provided.
frontend/src/views/promotion-create-wizard/index.tsx(30,11): error TS17004: Cannot use JSX unless the '--jsx' flag is provided.
frontend/src/views/promotion-create-wizard/index.tsx(32,9): error TS17004: Cannot use JSX unless the '--jsx' flag is provided.
frontend/src/views/promotion-create-wizard/index.tsx(33,11): error TS17004: Cannot use JSX unless the '--jsx' flag is provided.
frontend/src/views/promotions/index.tsx(10,8): error TS2307: Cannot find module '@/shared/ui/card' or its corresponding type declarations.
frontend/src/views/promotions/index.tsx(11,24): error TS2307: Cannot find module '@/shared/ui/button' or its corresponding type declarations.
frontend/src/views/promotions/index.tsx(15,31): error TS2307: Cannot find module '@/entities/promotion/api/promotions' or its corresponding type declarations.
frontend/src/views/promotions/index.tsx(16,32): error TS2307: Cannot find module '@/entities/promotion/model/types' or its corresponding type declarations.
frontend/src/views/promotions/index.tsx(17,26): error TS2307: Cannot find module '@/shared/hooks/use-toast' or its corresponding type declarations.
frontend/src/views/promotions/index.tsx(18,26): error TS2307: Cannot find module '@/shared/ui/skeleton' or its corresponding type declarations.
frontend/src/views/promotions/index.tsx(21,3): error TS17004: Cannot use JSX unless the '--jsx' flag is provided.
frontend/src/views/promotions/index.tsx(22,5): error TS17004: Cannot use JSX unless the '--jsx' flag is provided.
frontend/src/views/promotions/index.tsx(23,5): error TS17004: Cannot use JSX unless the '--jsx' flag is provided.
frontend/src/views/promotions/index.tsx(24,7): error TS17004: Cannot use JSX unless the '--jsx' flag is provided.
frontend/src/views/promotions/index.tsx(26,5): error TS17004: Cannot use JSX unless the '--jsx' flag is provided.
frontend/src/views/promotions/index.tsx(27,7): error TS17004: Cannot use JSX unless the '--jsx' flag is provided.
frontend/src/views/promotions/index.tsx(28,7): error TS17004: Cannot use JSX unless the '--jsx' flag is provided.
frontend/src/views/promotions/index.tsx(30,5): error TS17004: Cannot use JSX unless the '--jsx' flag is provided.
frontend/src/views/promotions/index.tsx(31,7): error TS17004: Cannot use JSX unless the '--jsx' flag is provided.
frontend/src/views/promotions/index.tsx(62,5): error TS17004: Cannot use JSX unless the '--jsx' flag is provided.
frontend/src/views/promotions/index.tsx(63,7): error TS17004: Cannot use JSX unless the '--jsx' flag is provided.
frontend/src/views/promotions/index.tsx(64,9): error TS17004: Cannot use JSX unless the '--jsx' flag is provided.
frontend/src/views/promotions/index.tsx(65,11): error TS17004: Cannot use JSX unless the '--jsx' flag is provided.
frontend/src/views/promotions/index.tsx(68,11): error TS17004: Cannot use JSX unless the '--jsx' flag is provided.
frontend/src/views/promotions/index.tsx(73,9): error TS17004: Cannot use JSX unless the '--jsx' flag is provided.
frontend/src/views/promotions/index.tsx(74,11): error TS17004: Cannot use JSX unless the '--jsx' flag is provided.
frontend/src/views/promotions/index.tsx(75,13): error TS17004: Cannot use JSX unless the '--jsx' flag is provided.
frontend/src/views/promotions/index.tsx(81,7): error TS17004: Cannot use JSX unless the '--jsx' flag is provided.
frontend/src/views/promotions/index.tsx(83,11): error TS17004: Cannot use JSX unless the '--jsx' flag is provided.
frontend/src/views/promotions/index.tsx(84,13): error TS17004: Cannot use JSX unless the '--jsx' flag is provided.
frontend/src/views/promotions/index.tsx(85,13): error TS17004: Cannot use JSX unless the '--jsx' flag is provided.
frontend/src/views/promotions/index.tsx(86,13): error TS17004: Cannot use JSX unless the '--jsx' flag is provided.
frontend/src/views/promotions/index.tsx(90,13): error TS17004: Cannot use JSX unless the '--jsx' flag is provided.
frontend/src/views/promotions/index.tsx(91,15): error TS17004: Cannot use JSX unless the '--jsx' flag is provided.
frontend/src/views/promotions/index.tsx(92,17): error TS17004: Cannot use JSX unless the '--jsx' flag is provided.
frontend/src/views/promotions/index.tsx(99,17): error TS17004: Cannot use JSX unless the '--jsx' flag is provided.
frontend/src/views/promotions/index.tsx(100,17): error TS17004: Cannot use JSX unless the '--jsx' flag is provided.
frontend/src/views/promotions/index.tsx(105,17): error TS17004: Cannot use JSX unless the '--jsx' flag is provided.
frontend/src/views/promotions/index.tsx(106,19): error TS17004: Cannot use JSX unless the '--jsx' flag is provided.
frontend/src/views/promotions/index.tsx(107,21): error TS17004: Cannot use JSX unless the '--jsx' flag is provided.
frontend/src/views/promotions/index.tsx(115,21): error TS17004: Cannot use JSX unless the '--jsx' flag is provided.
frontend/src/views/promotions/index.tsx(121,15): error TS17004: Cannot use JSX unless the '--jsx' flag is provided.
frontend/src/views/promotions/index.tsx(122,17): error TS17004: Cannot use JSX unless the '--jsx' flag is provided.
frontend/src/views/promotions/index.tsx(126,15): error TS17004: Cannot use JSX unless the '--jsx' flag is provided.
frontend/src/views/promotions/index.tsx(127,17): error TS17004: Cannot use JSX unless the '--jsx' flag is provided.
frontend/src/views/promotions/index.tsx(128,19): error TS17004: Cannot use JSX unless the '--jsx' flag is provided.
frontend/src/views/promotions/index.tsx(131,19): error TS17004: Cannot use JSX unless the '--jsx' flag is provided.
frontend/src/views/promotions/index.tsx(133,17): error TS17004: Cannot use JSX unless the '--jsx' flag is provided.
frontend/src/views/promotions/index.tsx(134,19): error TS17004: Cannot use JSX unless the '--jsx' flag is provided.
frontend/src/views/promotions/index.tsx(136,19): error TS17004: Cannot use JSX unless the '--jsx' flag is provided.
frontend/src/views/promotions/index.tsx(145,9): error TS17004: Cannot use JSX unless the '--jsx' flag is provided.
frontend/src/views/quests/index.tsx(11,8): error TS2307: Cannot find module '@/shared/ui/card' or its corresponding type declarations.
frontend/src/views/quests/index.tsx(12,24): error TS2307: Cannot find module '@/shared/ui/button' or its corresponding type declarations.
frontend/src/views/quests/index.tsx(13,26): error TS2307: Cannot find module '@/shared/ui/progress' or its corresponding type declarations.
frontend/src/views/quests/index.tsx(14,26): error TS2307: Cannot find module '@/shared/hooks/use-toast' or its corresponding type declarations.
frontend/src/views/quests/index.tsx(15,39): error TS2307: Cannot find module '@/entities/quest/api/quests' or its corresponding type declarations.
frontend/src/views/quests/index.tsx(16,27): error TS2307: Cannot find module '@/entities/quest/model/types' or its corresponding type declarations.
frontend/src/views/quests/index.tsx(19,30): error TS2307: Cannot find module '@/shared/context/pd-provider' or its corresponding type declarations.
frontend/src/views/quests/index.tsx(20,58): error TS2307: Cannot find module '@/shared/ui/tabs' or its corresponding type declarations.
frontend/src/views/quests/index.tsx(34,5): error TS17004: Cannot use JSX unless the '--jsx' flag is provided.
frontend/src/views/quests/index.tsx(35,7): error TS17004: Cannot use JSX unless the '--jsx' flag is provided.
frontend/src/views/quests/index.tsx(36,9): error TS17004: Cannot use JSX unless the '--jsx' flag is provided.
frontend/src/views/quests/index.tsx(38,11): error TS17004: Cannot use JSX unless the '--jsx' flag is provided.
frontend/src/views/quests/index.tsx(41,7): error TS17004: Cannot use JSX unless the '--jsx' flag is provided.
frontend/src/views/quests/index.tsx(42,9): error TS17004: Cannot use JSX unless the '--jsx' flag is provided.
frontend/src/views/quests/index.tsx(43,11): error TS17004: Cannot use JSX unless the '--jsx' flag is provided.
frontend/src/views/quests/index.tsx(44,11): error TS17004: Cannot use JSX unless the '--jsx' flag is provided.
frontend/src/views/quests/index.tsx(48,9): error TS17004: Cannot use JSX unless the '--jsx' flag is provided.
frontend/src/views/quests/index.tsx(49,11): error TS17004: Cannot use JSX unless the '--jsx' flag is provided.
frontend/src/views/quests/index.tsx(50,11): error TS17004: Cannot use JSX unless the '--jsx' flag is provided.
frontend/src/views/quests/index.tsx(53,7): error TS17004: Cannot use JSX unless the '--jsx' flag is provided.
frontend/src/views/quests/index.tsx(55,11): error TS17004: Cannot use JSX unless the '--jsx' flag is provided.
frontend/src/views/quests/index.tsx(56,13): error TS17004: Cannot use JSX unless the '--jsx' flag is provided.
frontend/src/views/quests/index.tsx(60,11): error TS17004: Cannot use JSX unless the '--jsx' flag is provided.
frontend/src/views/quests/index.tsx(66,15): error TS17004: Cannot use JSX unless the '--jsx' flag is provided.
frontend/src/views/quests/index.tsx(67,17): error TS17004: Cannot use JSX unless the '--jsx' flag is provided.
frontend/src/views/quests/index.tsx(93,5): error TS17004: Cannot use JSX unless the '--jsx' flag is provided.
frontend/src/views/quests/index.tsx(94,7): error TS17004: Cannot use JSX unless the '--jsx' flag is provided.
frontend/src/views/quests/index.tsx(95,7): error TS17004: Cannot use JSX unless the '--jsx' flag is provided.
frontend/src/views/quests/index.tsx(97,11): error TS17004: Cannot use JSX unless the '--jsx' flag is provided.
frontend/src/views/quests/index.tsx(125,24): error TS2345: Argument of type 'Set<unknown>' is not assignable to parameter of type 'SetStateAction<Set<string>>'.
  Type 'Set<unknown>' is not assignable to type 'Set<string>'.
    Type 'unknown' is not assignable to type 'string'.
frontend/src/views/quests/index.tsx(154,5): error TS17004: Cannot use JSX unless the '--jsx' flag is provided.
frontend/src/views/quests/index.tsx(155,7): error TS17004: Cannot use JSX unless the '--jsx' flag is provided.
frontend/src/views/quests/index.tsx(156,9): error TS17004: Cannot use JSX unless the '--jsx' flag is provided.
frontend/src/views/quests/index.tsx(157,11): error TS17004: Cannot use JSX unless the '--jsx' flag is provided.
frontend/src/views/quests/index.tsx(158,13): error TS17004: Cannot use JSX unless the '--jsx' flag is provided.
frontend/src/views/quests/index.tsx(161,11): error TS17004: Cannot use JSX unless the '--jsx' flag is provided.
frontend/src/views/quests/index.tsx(165,9): error TS17004: Cannot use JSX unless the '--jsx' flag is provided.
frontend/src/views/quests/index.tsx(166,11): error TS17004: Cannot use JSX unless the '--jsx' flag is provided.
frontend/src/views/quests/index.tsx(171,7): error TS17004: Cannot use JSX unless the '--jsx' flag is provided.
frontend/src/views/quests/index.tsx(172,9): error TS17004: Cannot use JSX unless the '--jsx' flag is provided.
frontend/src/views/quests/index.tsx(173,11): error TS17004: Cannot use JSX unless the '--jsx' flag is provided.
frontend/src/views/quests/index.tsx(174,11): error TS17004: Cannot use JSX unless the '--jsx' flag is provided.
frontend/src/views/quests/index.tsx(175,11): error TS17004: Cannot use JSX unless the '--jsx' flag is provided.
frontend/src/views/quests/index.tsx(177,9): error TS17004: Cannot use JSX unless the '--jsx' flag is provided.
frontend/src/views/quests/index.tsx(178,11): error TS17004: Cannot use JSX unless the '--jsx' flag is provided.
frontend/src/views/quests/index.tsx(185,9): error TS17004: Cannot use JSX unless the '--jsx' flag is provided.
frontend/src/views/quests/index.tsx(186,11): error TS17004: Cannot use JSX unless the '--jsx' flag is provided.
frontend/src/views/quests/index.tsx(193,9): error TS17004: Cannot use JSX unless the '--jsx' flag is provided.
frontend/src/views/quests/index.tsx(194,11): error TS17004: Cannot use JSX unless the '--jsx' flag is provided.
frontend/src/views/search/index.tsx(3,58): error TS2307: Cannot find module '@/shared/ui/tabs' or its corresponding type declarations.
frontend/src/views/search/index.tsx(4,29): error TS2307: Cannot find module '@/widgets/player-scout' or its corresponding type declarations.
frontend/src/views/search/index.tsx(5,34): error TS2307: Cannot find module '@/widgets/playground-finder' or its corresponding type declarations.
frontend/src/views/search/index.tsx(6,36): error TS2307: Cannot find module '@/widgets/global-search' or its corresponding type declarations.
frontend/src/views/search/index.tsx(15,5): error TS17004: Cannot use JSX unless the '--jsx' flag is provided.
frontend/src/views/search/index.tsx(16,7): error TS17004: Cannot use JSX unless the '--jsx' flag is provided.
frontend/src/views/search/index.tsx(17,9): error TS17004: Cannot use JSX unless the '--jsx' flag is provided.
frontend/src/views/search/index.tsx(20,9): error TS17004: Cannot use JSX unless the '--jsx' flag is provided.
frontend/src/views/search/index.tsx(25,7): error TS17004: Cannot use JSX unless the '--jsx' flag is provided.
frontend/src/views/search/index.tsx(26,9): error TS17004: Cannot use JSX unless the '--jsx' flag is provided.
frontend/src/views/search/index.tsx(27,11): error TS17004: Cannot use JSX unless the '--jsx' flag is provided.
frontend/src/views/search/index.tsx(28,13): error TS17004: Cannot use JSX unless the '--jsx' flag is provided.
frontend/src/views/search/index.tsx(31,11): error TS17004: Cannot use JSX unless the '--jsx' flag is provided.
frontend/src/views/search/index.tsx(32,13): error TS17004: Cannot use JSX unless the '--jsx' flag is provided.
frontend/src/views/search/index.tsx(35,11): error TS17004: Cannot use JSX unless the '--jsx' flag is provided.
frontend/src/views/search/index.tsx(36,13): error TS17004: Cannot use JSX unless the '--jsx' flag is provided.
frontend/src/views/search/index.tsx(40,9): error TS17004: Cannot use JSX unless the '--jsx' flag is provided.
frontend/src/views/search/index.tsx(41,11): error TS17004: Cannot use JSX unless the '--jsx' flag is provided.
frontend/src/views/search/index.tsx(43,9): error TS17004: Cannot use JSX unless the '--jsx' flag is provided.
frontend/src/views/search/index.tsx(44,11): error TS17004: Cannot use JSX unless the '--jsx' flag is provided.
frontend/src/views/search/index.tsx(46,9): error TS17004: Cannot use JSX unless the '--jsx' flag is provided.
frontend/src/views/search/index.tsx(47,11): error TS17004: Cannot use JSX unless the '--jsx' flag is provided.
frontend/src/views/settings/index.tsx(7,28): error TS2307: Cannot find module '@/shared/lib/session/client' or its corresponding type declarations.
frontend/src/views/settings/index.tsx(8,26): error TS2307: Cannot find module '@/shared/hooks/use-toast' or its corresponding type declarations.
frontend/src/views/settings/index.tsx(10,24): error TS2307: Cannot find module '@/shared/ui/button' or its corresponding type declarations.
frontend/src/views/settings/index.tsx(18,8): error TS2307: Cannot find module '@/shared/ui/form' or its corresponding type declarations.
frontend/src/views/settings/index.tsx(19,23): error TS2307: Cannot find module '@/shared/ui/input' or its corresponding type declarations.
frontend/src/views/settings/index.tsx(26,8): error TS2307: Cannot find module '@/shared/ui/card' or its corresponding type declarations.
frontend/src/views/settings/index.tsx(27,58): error TS2307: Cannot find module '@/shared/ui/tabs' or its corresponding type declarations.
frontend/src/views/settings/index.tsx(31,8): error TS2307: Cannot find module '@/app/(app)/settings/actions' or its corresponding type declarations.
frontend/src/views/settings/index.tsx(33,37): error TS2307: Cannot find module '@/widgets/security-settings-tab' or its corresponding type declarations.
frontend/src/views/settings/index.tsx(74,5): error TS17004: Cannot use JSX unless the '--jsx' flag is provided.
frontend/src/views/settings/index.tsx(75,7): error TS17004: Cannot use JSX unless the '--jsx' flag is provided.
frontend/src/views/settings/index.tsx(76,9): error TS17004: Cannot use JSX unless the '--jsx' flag is provided.
frontend/src/views/settings/index.tsx(77,9): error TS17004: Cannot use JSX unless the '--jsx' flag is provided.
frontend/src/views/settings/index.tsx(81,7): error TS17004: Cannot use JSX unless the '--jsx' flag is provided.
frontend/src/views/settings/index.tsx(82,9): error TS17004: Cannot use JSX unless the '--jsx' flag is provided.
frontend/src/views/settings/index.tsx(83,11): error TS17004: Cannot use JSX unless the '--jsx' flag is provided.
frontend/src/views/settings/index.tsx(84,13): error TS17004: Cannot use JSX unless the '--jsx' flag is provided.
frontend/src/views/settings/index.tsx(88,17): error TS17004: Cannot use JSX unless the '--jsx' flag is provided.
frontend/src/views/settings/index.tsx(89,19): error TS17004: Cannot use JSX unless the '--jsx' flag is provided.
frontend/src/views/settings/index.tsx(90,19): error TS17004: Cannot use JSX unless the '--jsx' flag is provided.
frontend/src/views/settings/index.tsx(91,21): error TS17004: Cannot use JSX unless the '--jsx' flag is provided.
frontend/src/views/settings/index.tsx(93,19): error TS17004: Cannot use JSX unless the '--jsx' flag is provided.
frontend/src/views/settings/index.tsx(97,13): error TS17004: Cannot use JSX unless the '--jsx' flag is provided.
frontend/src/views/settings/index.tsx(101,17): error TS17004: Cannot use JSX unless the '--jsx' flag is provided.
frontend/src/views/settings/index.tsx(102,19): error TS17004: Cannot use JSX unless the '--jsx' flag is provided.
frontend/src/views/settings/index.tsx(103,19): error TS17004: Cannot use JSX unless the '--jsx' flag is provided.
frontend/src/views/settings/index.tsx(104,21): error TS17004: Cannot use JSX unless the '--jsx' flag is provided.
frontend/src/views/settings/index.tsx(106,19): error TS17004: Cannot use JSX unless the '--jsx' flag is provided.
frontend/src/views/settings/index.tsx(110,13): error TS17004: Cannot use JSX unless the '--jsx' flag is provided.
frontend/src/views/settings/index.tsx(114,17): error TS17004: Cannot use JSX unless the '--jsx' flag is provided.
frontend/src/views/settings/index.tsx(115,19): error TS17004: Cannot use JSX unless the '--jsx' flag is provided.
frontend/src/views/settings/index.tsx(116,19): error TS17004: Cannot use JSX unless the '--jsx' flag is provided.
frontend/src/views/settings/index.tsx(117,21): error TS17004: Cannot use JSX unless the '--jsx' flag is provided.
frontend/src/views/settings/index.tsx(122,19): error TS17004: Cannot use JSX unless the '--jsx' flag is provided.
frontend/src/views/settings/index.tsx(126,13): error TS17004: Cannot use JSX unless the '--jsx' flag is provided.
frontend/src/views/settings/index.tsx(127,29): error TS17004: Cannot use JSX unless the '--jsx' flag is provided.
frontend/src/views/settings/index.tsx(187,5): error TS17004: Cannot use JSX unless the '--jsx' flag is provided.
frontend/src/views/settings/index.tsx(188,7): error TS17004: Cannot use JSX unless the '--jsx' flag is provided.
frontend/src/views/settings/index.tsx(189,9): error TS17004: Cannot use JSX unless the '--jsx' flag is provided.
frontend/src/views/settings/index.tsx(190,9): error TS17004: Cannot use JSX unless the '--jsx' flag is provided.
frontend/src/views/settings/index.tsx(194,7): error TS17004: Cannot use JSX unless the '--jsx' flag is provided.
frontend/src/views/settings/index.tsx(195,9): error TS17004: Cannot use JSX unless the '--jsx' flag is provided.
frontend/src/views/settings/index.tsx(196,11): error TS17004: Cannot use JSX unless the '--jsx' flag is provided.
frontend/src/views/settings/index.tsx(197,13): error TS17004: Cannot use JSX unless the '--jsx' flag is provided.
frontend/src/views/settings/index.tsx(201,17): error TS17004: Cannot use JSX unless the '--jsx' flag is provided.
frontend/src/views/settings/index.tsx(202,19): error TS17004: Cannot use JSX unless the '--jsx' flag is provided.
frontend/src/views/settings/index.tsx(203,19): error TS17004: Cannot use JSX unless the '--jsx' flag is provided.
frontend/src/views/settings/index.tsx(204,21): error TS17004: Cannot use JSX unless the '--jsx' flag is provided.
frontend/src/views/settings/index.tsx(206,19): error TS17004: Cannot use JSX unless the '--jsx' flag is provided.
frontend/src/views/settings/index.tsx(210,13): error TS17004: Cannot use JSX unless the '--jsx' flag is provided.
frontend/src/views/settings/index.tsx(214,17): error TS17004: Cannot use JSX unless the '--jsx' flag is provided.
frontend/src/views/settings/index.tsx(215,19): error TS17004: Cannot use JSX unless the '--jsx' flag is provided.
frontend/src/views/settings/index.tsx(216,19): error TS17004: Cannot use JSX unless the '--jsx' flag is provided.
frontend/src/views/settings/index.tsx(217,21): error TS17004: Cannot use JSX unless the '--jsx' flag is provided.
frontend/src/views/settings/index.tsx(219,19): error TS17004: Cannot use JSX unless the '--jsx' flag is provided.
frontend/src/views/settings/index.tsx(223,13): error TS17004: Cannot use JSX unless the '--jsx' flag is provided.
frontend/src/views/settings/index.tsx(227,17): error TS17004: Cannot use JSX unless the '--jsx' flag is provided.
frontend/src/views/settings/index.tsx(228,19): error TS17004: Cannot use JSX unless the '--jsx' flag is provided.
frontend/src/views/settings/index.tsx(229,19): error TS17004: Cannot use JSX unless the '--jsx' flag is provided.
frontend/src/views/settings/index.tsx(230,21): error TS17004: Cannot use JSX unless the '--jsx' flag is provided.
frontend/src/views/settings/index.tsx(232,19): error TS17004: Cannot use JSX unless the '--jsx' flag is provided.
frontend/src/views/settings/index.tsx(236,13): error TS17004: Cannot use JSX unless the '--jsx' flag is provided.
frontend/src/views/settings/index.tsx(237,29): error TS17004: Cannot use JSX unless the '--jsx' flag is provided.
frontend/src/views/settings/index.tsx(250,5): error TS17004: Cannot use JSX unless the '--jsx' flag is provided.
frontend/src/views/settings/index.tsx(251,7): error TS17004: Cannot use JSX unless the '--jsx' flag is provided.
frontend/src/views/settings/index.tsx(252,9): error TS17004: Cannot use JSX unless the '--jsx' flag is provided.
frontend/src/views/settings/index.tsx(255,9): error TS17004: Cannot use JSX unless the '--jsx' flag is provided.
frontend/src/views/settings/index.tsx(259,7): error TS17004: Cannot use JSX unless the '--jsx' flag is provided.
frontend/src/views/settings/index.tsx(260,9): error TS17004: Cannot use JSX unless the '--jsx' flag is provided.
frontend/src/views/settings/index.tsx(261,11): error TS17004: Cannot use JSX unless the '--jsx' flag is provided.
frontend/src/views/settings/index.tsx(262,11): error TS17004: Cannot use JSX unless the '--jsx' flag is provided.
frontend/src/views/settings/index.tsx(263,11): error TS17004: Cannot use JSX unless the '--jsx' flag is provided.
frontend/src/views/settings/index.tsx(265,9): error TS17004: Cannot use JSX unless the '--jsx' flag is provided.
frontend/src/views/settings/index.tsx(266,11): error TS17004: Cannot use JSX unless the '--jsx' flag is provided.
frontend/src/views/settings/index.tsx(268,9): error TS17004: Cannot use JSX unless the '--jsx' flag is provided.
frontend/src/views/settings/index.tsx(269,11): error TS17004: Cannot use JSX unless the '--jsx' flag is provided.
frontend/src/views/settings/index.tsx(271,9): error TS17004: Cannot use JSX unless the '--jsx' flag is provided.
frontend/src/views/settings/index.tsx(272,11): error TS17004: Cannot use JSX unless the '--jsx' flag is provided.
frontend/src/views/sitemap/index.tsx(185,5): error TS17004: Cannot use JSX unless the '--jsx' flag is provided.
frontend/src/views/sitemap/index.tsx(187,9): error TS17004: Cannot use JSX unless the '--jsx' flag is provided.
frontend/src/views/sitemap/index.tsx(189,9): error TS17004: Cannot use JSX unless the '--jsx' flag is provided.
frontend/src/views/sitemap/index.tsx(191,7): error TS17004: Cannot use JSX unless the '--jsx' flag is provided.
frontend/src/views/sitemap/index.tsx(196,5): error TS17004: Cannot use JSX unless the '--jsx' flag is provided.
frontend/src/views/sitemap/index.tsx(197,20): error TS17004: Cannot use JSX unless the '--jsx' flag is provided.
frontend/src/views/sitemap/index.tsx(199,9): error TS17004: Cannot use JSX unless the '--jsx' flag is provided.
frontend/src/views/sitemap/index.tsx(201,13): error TS17004: Cannot use JSX unless the '--jsx' flag is provided.
frontend/src/views/sitemap/index.tsx(211,5): error TS17004: Cannot use JSX unless the '--jsx' flag is provided.
frontend/src/views/sitemap/index.tsx(212,7): error TS17004: Cannot use JSX unless the '--jsx' flag is provided.
frontend/src/views/sitemap/index.tsx(213,9): error TS17004: Cannot use JSX unless the '--jsx' flag is provided.
frontend/src/views/sitemap/index.tsx(216,9): error TS17004: Cannot use JSX unless the '--jsx' flag is provided.
frontend/src/views/sitemap/index.tsx(220,7): error TS17004: Cannot use JSX unless the '--jsx' flag is provided.
frontend/src/views/sitemap/index.tsx(222,11): error TS17004: Cannot use JSX unless the '--jsx' flag is provided.
frontend/src/views/sponsor-profile-demo/index.tsx(1,27): error TS2307: Cannot find module '@/app/(app)/administration/sponsor/client' or its corresponding type declarations.
frontend/src/views/sponsor-profile-demo/index.tsx(5,8): error TS2307: Cannot find module '@/entities/sponsor/api/sponsors' or its corresponding type declarations.
frontend/src/views/sponsor-profile-demo/index.tsx(7,36): error TS2307: Cannot find module '@/entities/sponsorship/model/types' or its corresponding type declarations.
frontend/src/views/sponsor-profile-demo/index.tsx(8,27): error TS2307: Cannot find module '@/entities/team/model/types' or its corresponding type declarations.
frontend/src/views/sponsor-profile-demo/index.tsx(32,5): error TS17004: Cannot use JSX unless the '--jsx' flag is provided.
frontend/src/views/sponsor-profile/index.tsx(1,62): error TS2307: Cannot find module '@/views/sponsor-profile-demo' or its corresponding type declarations.
frontend/src/views/sponsor-profile/index.tsx(4,10): error TS17004: Cannot use JSX unless the '--jsx' flag is provided.
frontend/src/views/sponsors/index.tsx(3,58): error TS2307: Cannot find module '@/shared/ui/card' or its corresponding type declarations.
frontend/src/views/sponsors/index.tsx(4,23): error TS2307: Cannot find module '@/shared/ui/badge' or its corresponding type declarations.
frontend/src/views/sponsors/index.tsx(8,29): error TS2307: Cannot find module '@/entities/sponsor/api/sponsors' or its corresponding type declarations.
frontend/src/views/sponsors/index.tsx(9,30): error TS2307: Cannot find module '@/entities/sponsor/model/types' or its corresponding type declarations.
frontend/src/views/sponsors/index.tsx(10,26): error TS2307: Cannot find module '@/shared/ui/skeleton' or its corresponding type declarations.
frontend/src/views/sponsors/index.tsx(11,26): error TS2307: Cannot find module '@/shared/hooks/use-toast' or its corresponding type declarations.
frontend/src/views/sponsors/index.tsx(38,5): error TS17004: Cannot use JSX unless the '--jsx' flag is provided.
frontend/src/views/sponsors/index.tsx(39,7): error TS17004: Cannot use JSX unless the '--jsx' flag is provided.
frontend/src/views/sponsors/index.tsx(40,9): error TS17004: Cannot use JSX unless the '--jsx' flag is provided.
frontend/src/views/sponsors/index.tsx(43,9): error TS17004: Cannot use JSX unless the '--jsx' flag is provided.
frontend/src/views/sponsors/index.tsx(48,7): error TS17004: Cannot use JSX unless the '--jsx' flag is provided.
frontend/src/views/sponsors/index.tsx(50,11): error TS17004: Cannot use JSX unless the '--jsx' flag is provided.
frontend/src/views/sponsors/index.tsx(51,13): error TS17004: Cannot use JSX unless the '--jsx' flag is provided.
frontend/src/views/sponsors/index.tsx(52,13): error TS17004: Cannot use JSX unless the '--jsx' flag is provided.
frontend/src/views/sponsors/index.tsx(56,13): error TS17004: Cannot use JSX unless the '--jsx' flag is provided.
frontend/src/views/sponsors/index.tsx(61,15): error TS17004: Cannot use JSX unless the '--jsx' flag is provided.
frontend/src/views/sponsors/index.tsx(62,17): error TS17004: Cannot use JSX unless the '--jsx' flag is provided.
frontend/src/views/sponsors/index.tsx(63,19): error TS17004: Cannot use JSX unless the '--jsx' flag is provided.
frontend/src/views/sponsors/index.tsx(71,19): error TS17004: Cannot use JSX unless the '--jsx' flag is provided.
frontend/src/views/sponsors/index.tsx(72,21): error TS17004: Cannot use JSX unless the '--jsx' flag is provided.
frontend/src/views/sponsors/index.tsx(73,21): error TS17004: Cannot use JSX unless the '--jsx' flag is provided.
frontend/src/views/sponsors/index.tsx(75,25): error TS17004: Cannot use JSX unless the '--jsx' flag is provided.
frontend/src/views/sponsors/index.tsx(82,17): error TS17004: Cannot use JSX unless the '--jsx' flag is provided.
frontend/src/views/sponsors/index.tsx(83,19): error TS17004: Cannot use JSX unless the '--jsx' flag is provided.
frontend/src/views/sponsors/index.tsx(91,11): error TS17004: Cannot use JSX unless the '--jsx' flag is provided.
frontend/src/views/sponsorship-management/index.tsx(4,38): error TS2307: Cannot find module '@/widgets/sponsorship-dashboard' or its corresponding type declarations.
frontend/src/views/sponsorship-management/index.tsx(5,45): error TS2307: Cannot find module '@/entities/sponsorship/api/sponsorship' or its corresponding type declarations.
frontend/src/views/sponsorship-management/index.tsx(6,26): error TS2307: Cannot find module '@/shared/ui/skeleton' or its corresponding type declarations.
frontend/src/views/sponsorship-management/index.tsx(7,47): error TS2307: Cannot find module '@/entities/sponsorship/model/types' or its corresponding type declarations.
frontend/src/views/sponsorship-management/index.tsx(22,7): error TS17004: Cannot use JSX unless the '--jsx' flag is provided.
frontend/src/views/sponsorship-management/index.tsx(23,9): error TS17004: Cannot use JSX unless the '--jsx' flag is provided.
frontend/src/views/sponsorship-management/index.tsx(24,11): error TS17004: Cannot use JSX unless the '--jsx' flag is provided.
frontend/src/views/sponsorship-management/index.tsx(25,11): error TS17004: Cannot use JSX unless the '--jsx' flag is provided.
frontend/src/views/sponsorship-management/index.tsx(26,11): error TS17004: Cannot use JSX unless the '--jsx' flag is provided.
frontend/src/views/sponsorship-management/index.tsx(27,11): error TS17004: Cannot use JSX unless the '--jsx' flag is provided.
frontend/src/views/sponsorship-management/index.tsx(29,9): error TS17004: Cannot use JSX unless the '--jsx' flag is provided.
frontend/src/views/sponsorship-management/index.tsx(30,11): error TS17004: Cannot use JSX unless the '--jsx' flag is provided.
frontend/src/views/sponsorship-management/index.tsx(31,11): error TS17004: Cannot use JSX unless the '--jsx' flag is provided.
frontend/src/views/sponsorship-management/index.tsx(37,10): error TS17004: Cannot use JSX unless the '--jsx' flag is provided.
frontend/src/views/sport-details/index.tsx(4,28): error TS2307: Cannot find module '@/entities/sport/model/types' or its corresponding type declarations.
frontend/src/views/sport-details/index.tsx(5,29): error TS2307: Cannot find module '@/shared/ui/dynamic-icon' or its corresponding type declarations.
frontend/src/views/sport-details/index.tsx(13,8): error TS2307: Cannot find module '@/shared/ui/card' or its corresponding type declarations.
frontend/src/views/sport-details/index.tsx(21,8): error TS2307: Cannot find module '@/shared/ui/table' or its corresponding type declarations.
frontend/src/views/sport-details/index.tsx(22,53): error TS2307: Cannot find module '@/shared/ui/avatar' or its corresponding type declarations.
frontend/src/views/sport-details/index.tsx(23,23): error TS2307: Cannot find module '@/shared/ui/badge' or its corresponding type declarations.
frontend/src/views/sport-details/index.tsx(24,25): error TS2307: Cannot find module '@/widgets/lfg-card' or its corresponding type declarations.
frontend/src/views/sport-details/index.tsx(25,24): error TS2307: Cannot find module '@/app/providers/lfg-provider' or its corresponding type declarations.
frontend/src/views/sport-details/index.tsx(27,20): error TS2307: Cannot find module '@/shared/lib/utils' or its corresponding type declarations.
frontend/src/views/sport-details/index.tsx(28,32): error TS2307: Cannot find module '@/widgets/ai-sport-summary' or its corresponding type declarations.
frontend/src/views/sport-details/index.tsx(30,58): error TS2307: Cannot find module '@/shared/ui/tabs' or its corresponding type declarations.
frontend/src/views/sport-details/index.tsx(31,26): error TS2307: Cannot find module '@/shared/hooks/use-toast' or its corresponding type declarations.
frontend/src/views/sport-details/index.tsx(35,8): error TS2307: Cannot find module '@/entities/leaderboard/api/get-player-leaderboard' or its corresponding type declarations.
frontend/src/views/sport-details/index.tsx(36,36): error TS2307: Cannot find module '@/entities/team/api/get-leaderboard' or its corresponding type declarations.
frontend/src/views/sport-details/index.tsx(37,42): error TS2307: Cannot find module '@/entities/leaderboard/model/types' or its corresponding type declarations.
frontend/src/views/sport-details/index.tsx(41,8): error TS2307: Cannot find module '@/entities/tournament/api/get-tournaments' or its corresponding type declarations.
frontend/src/views/sport-details/index.tsx(42,26): error TS2307: Cannot find module '@/shared/ui/skeleton' or its corresponding type declarations.
frontend/src/views/sport-details/index.tsx(115,5): error TS17004: Cannot use JSX unless the '--jsx' flag is provided.
frontend/src/views/sport-details/index.tsx(116,7): error TS17004: Cannot use JSX unless the '--jsx' flag is provided.
frontend/src/views/sport-details/index.tsx(117,9): error TS17004: Cannot use JSX unless the '--jsx' flag is provided.
frontend/src/views/sport-details/index.tsx(118,11): error TS17004: Cannot use JSX unless the '--jsx' flag is provided.
frontend/src/views/sport-details/index.tsx(123,9): error TS17004: Cannot use JSX unless the '--jsx' flag is provided.
frontend/src/views/sport-details/index.tsx(124,11): error TS17004: Cannot use JSX unless the '--jsx' flag is provided.
frontend/src/views/sport-details/index.tsx(127,11): error TS17004: Cannot use JSX unless the '--jsx' flag is provided.
frontend/src/views/sport-details/index.tsx(131,7): error TS17004: Cannot use JSX unless the '--jsx' flag is provided.
frontend/src/views/sport-details/index.tsx(132,9): error TS17004: Cannot use JSX unless the '--jsx' flag is provided.
frontend/src/views/sport-details/index.tsx(133,11): error TS17004: Cannot use JSX unless the '--jsx' flag is provided.
frontend/src/views/sport-details/index.tsx(134,11): error TS17004: Cannot use JSX unless the '--jsx' flag is provided.
frontend/src/views/sport-details/index.tsx(135,11): error TS17004: Cannot use JSX unless the '--jsx' flag is provided.
frontend/src/views/sport-details/index.tsx(136,11): error TS17004: Cannot use JSX unless the '--jsx' flag is provided.
frontend/src/views/sport-details/index.tsx(139,9): error TS17004: Cannot use JSX unless the '--jsx' flag is provided.
frontend/src/views/sport-details/index.tsx(140,11): error TS17004: Cannot use JSX unless the '--jsx' flag is provided.
frontend/src/views/sport-details/index.tsx(141,11): error TS17004: Cannot use JSX unless the '--jsx' flag is provided.
frontend/src/views/sport-details/index.tsx(142,13): error TS17004: Cannot use JSX unless the '--jsx' flag is provided.
frontend/src/views/sport-details/index.tsx(143,15): error TS17004: Cannot use JSX unless the '--jsx' flag is provided.
frontend/src/views/sport-details/index.tsx(144,15): error TS17004: Cannot use JSX unless the '--jsx' flag is provided.
frontend/src/views/sport-details/index.tsx(148,13): error TS17004: Cannot use JSX unless the '--jsx' flag is provided.
frontend/src/views/sport-details/index.tsx(150,17): error TS17004: Cannot use JSX unless the '--jsx' flag is provided.
frontend/src/views/sport-details/index.tsx(153,19): error TS17004: Cannot use JSX unless the '--jsx' flag is provided.
frontend/src/views/sport-details/index.tsx(154,21): error TS17004: Cannot use JSX unless the '--jsx' flag is provided.
frontend/src/views/sport-details/index.tsx(155,23): error TS17004: Cannot use JSX unless the '--jsx' flag is provided.
frontend/src/views/sport-details/index.tsx(156,25): error TS17004: Cannot use JSX unless the '--jsx' flag is provided.
frontend/src/views/sport-details/index.tsx(157,25): error TS17004: Cannot use JSX unless the '--jsx' flag is provided.
frontend/src/views/sport-details/index.tsx(161,23): error TS17004: Cannot use JSX unless the '--jsx' flag is provided.
frontend/src/views/sport-details/index.tsx(168,17): error TS17004: Cannot use JSX unless the '--jsx' flag is provided.
frontend/src/views/sport-details/index.tsx(176,9): error TS17004: Cannot use JSX unless the '--jsx' flag is provided.
frontend/src/views/sport-details/index.tsx(177,11): error TS17004: Cannot use JSX unless the '--jsx' flag is provided.
frontend/src/views/sport-details/index.tsx(178,13): error TS17004: Cannot use JSX unless the '--jsx' flag is provided.
frontend/src/views/sport-details/index.tsx(179,15): error TS17004: Cannot use JSX unless the '--jsx' flag is provided.
frontend/src/views/sport-details/index.tsx(180,15): error TS17004: Cannot use JSX unless the '--jsx' flag is provided.
frontend/src/views/sport-details/index.tsx(184,13): error TS17004: Cannot use JSX unless the '--jsx' flag is provided.
frontend/src/views/sport-details/index.tsx(186,17): error TS17004: Cannot use JSX unless the '--jsx' flag is provided.
frontend/src/views/sport-details/index.tsx(188,17): error TS17004: Cannot use JSX unless the '--jsx' flag is provided.
frontend/src/views/sport-details/index.tsx(189,19): error TS17004: Cannot use JSX unless the '--jsx' flag is provided.
frontend/src/views/sport-details/index.tsx(190,21): error TS17004: Cannot use JSX unless the '--jsx' flag is provided.
frontend/src/views/sport-details/index.tsx(191,23): error TS17004: Cannot use JSX unless the '--jsx' flag is provided.
frontend/src/views/sport-details/index.tsx(192,23): error TS17004: Cannot use JSX unless the '--jsx' flag is provided.
frontend/src/views/sport-details/index.tsx(193,23): error TS17004: Cannot use JSX unless the '--jsx' flag is provided.
frontend/src/views/sport-details/index.tsx(196,19): error TS17004: Cannot use JSX unless the '--jsx' flag is provided.
frontend/src/views/sport-details/index.tsx(198,23): error TS17004: Cannot use JSX unless the '--jsx' flag is provided.
frontend/src/views/sport-details/index.tsx(199,25): error TS17004: Cannot use JSX unless the '--jsx' flag is provided.
frontend/src/views/sport-details/index.tsx(200,27): error TS17004: Cannot use JSX unless the '--jsx' flag is provided.
frontend/src/views/sport-details/index.tsx(207,31): error TS17004: Cannot use JSX unless the '--jsx' flag is provided.
frontend/src/views/sport-details/index.tsx(213,25): error TS17004: Cannot use JSX unless the '--jsx' flag is provided.
frontend/src/views/sport-details/index.tsx(214,27): error TS17004: Cannot use JSX unless the '--jsx' flag is provided.
frontend/src/views/sport-details/index.tsx(215,29): error TS17004: Cannot use JSX unless the '--jsx' flag is provided.
frontend/src/views/sport-details/index.tsx(216,31): error TS17004: Cannot use JSX unless the '--jsx' flag is provided.
frontend/src/views/sport-details/index.tsx(221,31): error TS17004: Cannot use JSX unless the '--jsx' flag is provided.
frontend/src/views/sport-details/index.tsx(225,29): error TS17004: Cannot use JSX unless the '--jsx' flag is provided.
frontend/src/views/sport-details/index.tsx(230,25): error TS17004: Cannot use JSX unless the '--jsx' flag is provided.
frontend/src/views/sport-details/index.tsx(242,9): error TS17004: Cannot use JSX unless the '--jsx' flag is provided.
frontend/src/views/sport-details/index.tsx(243,11): error TS17004: Cannot use JSX unless the '--jsx' flag is provided.
frontend/src/views/sport-details/index.tsx(244,13): error TS17004: Cannot use JSX unless the '--jsx' flag is provided.
frontend/src/views/sport-details/index.tsx(245,15): error TS17004: Cannot use JSX unless the '--jsx' flag is provided.
frontend/src/views/sport-details/index.tsx(246,15): error TS17004: Cannot use JSX unless the '--jsx' flag is provided.
frontend/src/views/sport-details/index.tsx(250,13): error TS17004: Cannot use JSX unless the '--jsx' flag is provided.
frontend/src/views/sport-details/index.tsx(252,17): error TS17004: Cannot use JSX unless the '--jsx' flag is provided.
frontend/src/views/sport-details/index.tsx(254,17): error TS17004: Cannot use JSX unless the '--jsx' flag is provided.
frontend/src/views/sport-details/index.tsx(256,21): error TS17004: Cannot use JSX unless the '--jsx' flag is provided.
frontend/src/views/sport-details/index.tsx(261,23): error TS17004: Cannot use JSX unless the '--jsx' flag is provided.
frontend/src/views/sport-details/index.tsx(262,25): error TS17004: Cannot use JSX unless the '--jsx' flag is provided.
frontend/src/views/sport-details/index.tsx(263,27): error TS17004: Cannot use JSX unless the '--jsx' flag is provided.
frontend/src/views/sport-details/index.tsx(267,27): error TS17004: Cannot use JSX unless the '--jsx' flag is provided.
frontend/src/views/sport-details/index.tsx(269,25): error TS17004: Cannot use JSX unless the '--jsx' flag is provided.
frontend/src/views/sport-details/index.tsx(270,27): error TS17004: Cannot use JSX unless the '--jsx' flag is provided.
frontend/src/views/sport-details/index.tsx(271,27): error TS17004: Cannot use JSX unless the '--jsx' flag is provided.
frontend/src/views/sport-details/index.tsx(281,17): error TS17004: Cannot use JSX unless the '--jsx' flag is provided.
frontend/src/views/sport-details/index.tsx(289,9): error TS17004: Cannot use JSX unless the '--jsx' flag is provided.
frontend/src/views/sport-details/index.tsx(290,11): error TS17004: Cannot use JSX unless the '--jsx' flag is provided.
frontend/src/views/sport-details/index.tsx(291,13): error TS17004: Cannot use JSX unless the '--jsx' flag is provided.
frontend/src/views/sport-details/index.tsx(292,15): error TS17004: Cannot use JSX unless the '--jsx' flag is provided.
frontend/src/views/sport-details/index.tsx(293,15): error TS17004: Cannot use JSX unless the '--jsx' flag is provided.
frontend/src/views/sport-details/index.tsx(297,13): error TS17004: Cannot use JSX unless the '--jsx' flag is provided.
frontend/src/views/sport-details/index.tsx(298,15): error TS17004: Cannot use JSX unless the '--jsx' flag is provided.
frontend/src/views/sport-details/index.tsx(300,19): error TS17004: Cannot use JSX unless the '--jsx' flag is provided.
frontend/src/views/sport-details/index.tsx(308,17): error TS17004: Cannot use JSX unless the '--jsx' flag is provided.
frontend/src/views/sports-admin/index.tsx(4,58): error TS2307: Cannot find module '@/shared/ui/card' or its corresponding type declarations.
frontend/src/views/sports-admin/index.tsx(12,8): error TS2307: Cannot find module '@/shared/ui/table' or its corresponding type declarations.
frontend/src/views/sports-admin/index.tsx(13,24): error TS2307: Cannot find module '@/shared/ui/button' or its corresponding type declarations.
frontend/src/views/sports-admin/index.tsx(14,23): error TS2307: Cannot find module '@/shared/ui/input' or its corresponding type declarations.
frontend/src/views/sports-admin/index.tsx(15,23): error TS2307: Cannot find module '@/shared/ui/label' or its corresponding type declarations.
frontend/src/views/sports-admin/index.tsx(22,8): error TS2307: Cannot find module '@/shared/ui/select' or its corresponding type declarations.
frontend/src/views/sports-admin/index.tsx(23,26): error TS2307: Cannot find module '@/shared/hooks/use-toast' or its corresponding type declarations.
frontend/src/views/sports-admin/index.tsx(25,29): error TS2307: Cannot find module '@/shared/ui/dynamic-icon' or its corresponding type declarations.
frontend/src/views/sports-admin/index.tsx(31,8): error TS2307: Cannot find module '@/entities/sport/api/sports' or its corresponding type declarations.
frontend/src/views/sports-admin/index.tsx(32,28): error TS2307: Cannot find module '@/entities/sport/model/types' or its corresponding type declarations.
frontend/src/views/sports-admin/index.tsx(33,26): error TS2307: Cannot find module '@/shared/ui/skeleton' or its corresponding type declarations.
frontend/src/views/sports-admin/index.tsx(113,5): error TS17004: Cannot use JSX unless the '--jsx' flag is provided.
frontend/src/views/sports-admin/index.tsx(114,7): error TS17004: Cannot use JSX unless the '--jsx' flag is provided.
frontend/src/views/sports-admin/index.tsx(115,9): error TS17004: Cannot use JSX unless the '--jsx' flag is provided.
frontend/src/views/sports-admin/index.tsx(118,9): error TS17004: Cannot use JSX unless the '--jsx' flag is provided.
frontend/src/views/sports-admin/index.tsx(124,7): error TS17004: Cannot use JSX unless the '--jsx' flag is provided.
frontend/src/views/sports-admin/index.tsx(125,9): error TS17004: Cannot use JSX unless the '--jsx' flag is provided.
frontend/src/views/sports-admin/index.tsx(126,11): error TS17004: Cannot use JSX unless the '--jsx' flag is provided.
frontend/src/views/sports-admin/index.tsx(127,13): error TS17004: Cannot use JSX unless the '--jsx' flag is provided.
frontend/src/views/sports-admin/index.tsx(129,11): error TS17004: Cannot use JSX unless the '--jsx' flag is provided.
frontend/src/views/sports-admin/index.tsx(131,15): error TS17004: Cannot use JSX unless the '--jsx' flag is provided.
frontend/src/views/sports-admin/index.tsx(132,17): error TS17004: Cannot use JSX unless the '--jsx' flag is provided.
frontend/src/views/sports-admin/index.tsx(133,17): error TS17004: Cannot use JSX unless the '--jsx' flag is provided.
frontend/src/views/sports-admin/index.tsx(134,17): error TS17004: Cannot use JSX unless the '--jsx' flag is provided.
frontend/src/views/sports-admin/index.tsx(137,15): error TS17004: Cannot use JSX unless the '--jsx' flag is provided.
frontend/src/views/sports-admin/index.tsx(138,17): error TS17004: Cannot use JSX unless the '--jsx' flag is provided.
frontend/src/views/sports-admin/index.tsx(139,19): error TS17004: Cannot use JSX unless the '--jsx' flag is provided.
frontend/src/views/sports-admin/index.tsx(140,21): error TS17004: Cannot use JSX unless the '--jsx' flag is provided.
frontend/src/views/sports-admin/index.tsx(141,21): error TS17004: Cannot use JSX unless the '--jsx' flag is provided.
frontend/src/views/sports-admin/index.tsx(142,21): error TS17004: Cannot use JSX unless the '--jsx' flag is provided.
frontend/src/views/sports-admin/index.tsx(143,21): error TS17004: Cannot use JSX unless the '--jsx' flag is provided.
frontend/src/views/sports-admin/index.tsx(146,17): error TS17004: Cannot use JSX unless the '--jsx' flag is provided.
frontend/src/views/sports-admin/index.tsx(148,21): error TS17004: Cannot use JSX unless the '--jsx' flag is provided.
frontend/src/views/sports-admin/index.tsx(149,23): error TS17004: Cannot use JSX unless the '--jsx' flag is provided.
frontend/src/views/sports-admin/index.tsx(150,25): error TS17004: Cannot use JSX unless the '--jsx' flag is provided.
frontend/src/views/sports-admin/index.tsx(155,23): error TS17004: Cannot use JSX unless the '--jsx' flag is provided.
frontend/src/views/sports-admin/index.tsx(158,23): error TS17004: Cannot use JSX unless the '--jsx' flag is provided.
frontend/src/views/sports-admin/index.tsx(159,23): error TS17004: Cannot use JSX unless the '--jsx' flag is provided.
frontend/src/views/sports-admin/index.tsx(160,25): error TS17004: Cannot use JSX unless the '--jsx' flag is provided.
frontend/src/views/sports-admin/index.tsx(165,27): error TS17004: Cannot use JSX unless the '--jsx' flag is provided.
frontend/src/views/sports-admin/index.tsx(175,9): error TS17004: Cannot use JSX unless the '--jsx' flag is provided.
frontend/src/views/sports-admin/index.tsx(176,11): error TS17004: Cannot use JSX unless the '--jsx' flag is provided.
frontend/src/views/sports-admin/index.tsx(177,13): error TS17004: Cannot use JSX unless the '--jsx' flag is provided.
frontend/src/views/sports-admin/index.tsx(179,11): error TS17004: Cannot use JSX unless the '--jsx' flag is provided.
frontend/src/views/sports-admin/index.tsx(180,13): error TS17004: Cannot use JSX unless the '--jsx' flag is provided.
frontend/src/views/sports-admin/index.tsx(181,15): error TS17004: Cannot use JSX unless the '--jsx' flag is provided.
frontend/src/views/sports-admin/index.tsx(182,15): error TS17004: Cannot use JSX unless the '--jsx' flag is provided.
frontend/src/views/sports-admin/index.tsx(191,13): error TS17004: Cannot use JSX unless the '--jsx' flag is provided.
frontend/src/views/sports-admin/index.tsx(192,15): error TS17004: Cannot use JSX unless the '--jsx' flag is provided.
frontend/src/views/sports-admin/index.tsx(193,15): error TS17004: Cannot use JSX unless the '--jsx' flag is provided.
frontend/src/views/sports-admin/index.tsx(199,17): error TS17004: Cannot use JSX unless the '--jsx' flag is provided.
frontend/src/views/sports-admin/index.tsx(200,19): error TS17004: Cannot use JSX unless the '--jsx' flag is provided.
frontend/src/views/sports-admin/index.tsx(202,17): error TS17004: Cannot use JSX unless the '--jsx' flag is provided.
frontend/src/views/sports-admin/index.tsx(203,19): error TS17004: Cannot use JSX unless the '--jsx' flag is provided.
frontend/src/views/sports-admin/index.tsx(204,19): error TS17004: Cannot use JSX unless the '--jsx' flag is provided.
frontend/src/views/sports-admin/index.tsx(205,19): error TS17004: Cannot use JSX unless the '--jsx' flag is provided.
frontend/src/views/sports-admin/index.tsx(209,13): error TS17004: Cannot use JSX unless the '--jsx' flag is provided.
frontend/src/views/sports-admin/index.tsx(210,15): error TS17004: Cannot use JSX unless the '--jsx' flag is provided.
frontend/src/views/sports-admin/index.tsx(211,15): error TS17004: Cannot use JSX unless the '--jsx' flag is provided.
frontend/src/views/sports-admin/index.tsx(220,13): error TS17004: Cannot use JSX unless the '--jsx' flag is provided.
frontend/src/views/sports-admin/index.tsx(226,17): error TS17004: Cannot use JSX unless the '--jsx' flag is provided.
frontend/src/views/sports-admin/index.tsx(228,17): error TS17004: Cannot use JSX unless the '--jsx' flag is provided.
frontend/src/views/sports-list/index.tsx(3,45): error TS2307: Cannot find module '@/shared/ui/card' or its corresponding type declarations.
frontend/src/views/sports-list/index.tsx(5,29): error TS2307: Cannot find module '@/shared/ui/dynamic-icon' or its corresponding type declarations.
frontend/src/views/sports-list/index.tsx(7,23): error TS2307: Cannot find module '@/shared/ui/input' or its corresponding type declarations.
frontend/src/views/sports-list/index.tsx(10,26): error TS2307: Cannot find module '@/shared/ui/skeleton' or its corresponding type declarations.
frontend/src/views/sports-list/index.tsx(11,26): error TS2307: Cannot find module '@/shared/hooks/use-toast' or its corresponding type declarations.
frontend/src/views/sports-list/index.tsx(12,27): error TS2307: Cannot find module '@/entities/sport/api/sports' or its corresponding type declarations.
frontend/src/views/sports-list/index.tsx(13,28): error TS2307: Cannot find module '@/entities/sport/model/types' or its corresponding type declarations.
frontend/src/views/sports-list/index.tsx(48,5): error TS17004: Cannot use JSX unless the '--jsx' flag is provided.
frontend/src/views/sports-list/index.tsx(49,7): error TS17004: Cannot use JSX unless the '--jsx' flag is provided.
frontend/src/views/sports-list/index.tsx(50,9): error TS17004: Cannot use JSX unless the '--jsx' flag is provided.
frontend/src/views/sports-list/index.tsx(53,9): error TS17004: Cannot use JSX unless the '--jsx' flag is provided.
frontend/src/views/sports-list/index.tsx(58,7): error TS17004: Cannot use JSX unless the '--jsx' flag is provided.
frontend/src/views/sports-list/index.tsx(59,9): error TS17004: Cannot use JSX unless the '--jsx' flag is provided.
frontend/src/views/sports-list/index.tsx(60,9): error TS17004: Cannot use JSX unless the '--jsx' flag is provided.
frontend/src/views/sports-list/index.tsx(69,9): error TS17004: Cannot use JSX unless the '--jsx' flag is provided.
frontend/src/views/sports-list/index.tsx(71,13): error TS17004: Cannot use JSX unless the '--jsx' flag is provided.
frontend/src/views/sports-list/index.tsx(75,9): error TS17004: Cannot use JSX unless the '--jsx' flag is provided.
frontend/src/views/sports-list/index.tsx(77,13): error TS17004: Cannot use JSX unless the '--jsx' flag is provided.
frontend/src/views/sports-list/index.tsx(78,15): error TS17004: Cannot use JSX unless the '--jsx' flag is provided.
frontend/src/views/sports-list/index.tsx(79,17): error TS17004: Cannot use JSX unless the '--jsx' flag is provided.
frontend/src/views/sports-list/index.tsx(83,17): error TS17004: Cannot use JSX unless the '--jsx' flag is provided.
frontend/src/views/sports-list/index.tsx(84,19): error TS17004: Cannot use JSX unless the '--jsx' flag is provided.
frontend/src/views/sports/[id]/page.tsx(1,34): error TS2307: Cannot find module '@/views/sport-details' or its corresponding type declarations.
frontend/src/views/sports/[id]/page.tsx(2,30): error TS2307: Cannot find module '@/entities/sport/api/sports' or its corresponding type declarations.
frontend/src/views/sports/[id]/page.tsx(14,10): error TS17004: Cannot use JSX unless the '--jsx' flag is provided.
frontend/src/views/store-admin/index.tsx(7,58): error TS2307: Cannot find module '@/shared/ui/card' or its corresponding type declarations.
frontend/src/views/store-admin/index.tsx(15,8): error TS2307: Cannot find module '@/shared/ui/table' or its corresponding type declarations.
frontend/src/views/store-admin/index.tsx(16,24): error TS2307: Cannot find module '@/shared/ui/button' or its corresponding type declarations.
frontend/src/views/store-admin/index.tsx(17,23): error TS2307: Cannot find module '@/shared/ui/input' or its corresponding type declarations.
frontend/src/views/store-admin/index.tsx(25,8): error TS2307: Cannot find module '@/shared/ui/form' or its corresponding type declarations.
frontend/src/views/store-admin/index.tsx(26,26): error TS2307: Cannot find module '@/shared/hooks/use-toast' or its corresponding type declarations.
frontend/src/views/store-admin/index.tsx(27,32): error TS2307: Cannot find module '@/entities/store/model/types' or its corresponding type declarations.
frontend/src/views/store-admin/index.tsx(28,31): error TS2307: Cannot find module '@/entities/store/api/store' or its corresponding type declarations.
frontend/src/views/store-admin/index.tsx(30,24): error TS2307: Cannot find module '@/shared/ui/switch' or its corresponding type declarations.
frontend/src/views/store-admin/index.tsx(31,26): error TS2307: Cannot find module '@/shared/ui/textarea' or its corresponding type declarations.
frontend/src/views/store-admin/index.tsx(83,5): error TS17004: Cannot use JSX unless the '--jsx' flag is provided.
frontend/src/views/store-admin/index.tsx(84,7): error TS17004: Cannot use JSX unless the '--jsx' flag is provided.
frontend/src/views/store-admin/index.tsx(85,9): error TS17004: Cannot use JSX unless the '--jsx' flag is provided.
frontend/src/views/store-admin/index.tsx(88,9): error TS17004: Cannot use JSX unless the '--jsx' flag is provided.
frontend/src/views/store-admin/index.tsx(93,7): error TS17004: Cannot use JSX unless the '--jsx' flag is provided.
frontend/src/views/store-admin/index.tsx(94,9): error TS17004: Cannot use JSX unless the '--jsx' flag is provided.
frontend/src/views/store-admin/index.tsx(95,11): error TS17004: Cannot use JSX unless the '--jsx' flag is provided.
frontend/src/views/store-admin/index.tsx(96,13): error TS17004: Cannot use JSX unless the '--jsx' flag is provided.
frontend/src/views/store-admin/index.tsx(98,11): error TS17004: Cannot use JSX unless the '--jsx' flag is provided.
frontend/src/views/store-admin/index.tsx(99,13): error TS17004: Cannot use JSX unless the '--jsx' flag is provided.
frontend/src/views/store-admin/index.tsx(100,15): error TS17004: Cannot use JSX unless the '--jsx' flag is provided.
frontend/src/views/store-admin/index.tsx(101,17): error TS17004: Cannot use JSX unless the '--jsx' flag is provided.
frontend/src/views/store-admin/index.tsx(102,19): error TS17004: Cannot use JSX unless the '--jsx' flag is provided.
frontend/src/views/store-admin/index.tsx(103,19): error TS17004: Cannot use JSX unless the '--jsx' flag is provided.
frontend/src/views/store-admin/index.tsx(104,19): error TS17004: Cannot use JSX unless the '--jsx' flag is provided.
frontend/src/views/store-admin/index.tsx(105,19): error TS17004: Cannot use JSX unless the '--jsx' flag is provided.
frontend/src/views/store-admin/index.tsx(108,15): error TS17004: Cannot use JSX unless the '--jsx' flag is provided.
frontend/src/views/store-admin/index.tsx(110,19): error TS17004: Cannot use JSX unless the '--jsx' flag is provided.
frontend/src/views/store-admin/index.tsx(111,21): error TS17004: Cannot use JSX unless the '--jsx' flag is provided.
frontend/src/views/store-admin/index.tsx(112,21): error TS17004: Cannot use JSX unless the '--jsx' flag is provided.
frontend/src/views/store-admin/index.tsx(113,21): error TS17004: Cannot use JSX unless the '--jsx' flag is provided.
frontend/src/views/store-admin/index.tsx(114,23): error TS17004: Cannot use JSX unless the '--jsx' flag is provided.
frontend/src/views/store-admin/index.tsx(120,21): error TS17004: Cannot use JSX unless the '--jsx' flag is provided.
frontend/src/views/store-admin/index.tsx(121,23): error TS17004: Cannot use JSX unless the '--jsx' flag is provided.
frontend/src/views/store-admin/index.tsx(126,25): error TS17004: Cannot use JSX unless the '--jsx' flag is provided.
frontend/src/views/store-admin/index.tsx(136,9): error TS17004: Cannot use JSX unless the '--jsx' flag is provided.
frontend/src/views/store-admin/index.tsx(137,11): error TS17004: Cannot use JSX unless the '--jsx' flag is provided.
frontend/src/views/store-admin/index.tsx(138,13): error TS17004: Cannot use JSX unless the '--jsx' flag is provided.
frontend/src/views/store-admin/index.tsx(139,15): error TS17004: Cannot use JSX unless the '--jsx' flag is provided.
frontend/src/views/store-admin/index.tsx(140,17): error TS17004: Cannot use JSX unless the '--jsx' flag is provided.
frontend/src/views/store-admin/index.tsx(142,15): error TS17004: Cannot use JSX unless the '--jsx' flag is provided.
frontend/src/views/store-admin/index.tsx(143,17): error TS17004: Cannot use JSX unless the '--jsx' flag is provided.
frontend/src/views/store-admin/index.tsx(147,21): error TS17004: Cannot use JSX unless the '--jsx' flag is provided.
frontend/src/views/store-admin/index.tsx(148,23): error TS17004: Cannot use JSX unless the '--jsx' flag is provided.
frontend/src/views/store-admin/index.tsx(149,23): error TS17004: Cannot use JSX unless the '--jsx' flag is provided.
frontend/src/views/store-admin/index.tsx(150,25): error TS17004: Cannot use JSX unless the '--jsx' flag is provided.
frontend/src/views/store-admin/index.tsx(152,23): error TS17004: Cannot use JSX unless the '--jsx' flag is provided.
frontend/src/views/store-admin/index.tsx(156,17): error TS17004: Cannot use JSX unless the '--jsx' flag is provided.
frontend/src/views/store-admin/index.tsx(160,21): error TS17004: Cannot use JSX unless the '--jsx' flag is provided.
frontend/src/views/store-admin/index.tsx(161,23): error TS17004: Cannot use JSX unless the '--jsx' flag is provided.
frontend/src/views/store-admin/index.tsx(162,23): error TS17004: Cannot use JSX unless the '--jsx' flag is provided.
frontend/src/views/store-admin/index.tsx(163,25): error TS17004: Cannot use JSX unless the '--jsx' flag is provided.
frontend/src/views/store-admin/index.tsx(165,23): error TS17004: Cannot use JSX unless the '--jsx' flag is provided.
frontend/src/views/store-admin/index.tsx(169,17): error TS17004: Cannot use JSX unless the '--jsx' flag is provided.
frontend/src/views/store-admin/index.tsx(173,21): error TS17004: Cannot use JSX unless the '--jsx' flag is provided.
frontend/src/views/store-admin/index.tsx(174,23): error TS17004: Cannot use JSX unless the '--jsx' flag is provided.
frontend/src/views/store-admin/index.tsx(175,23): error TS17004: Cannot use JSX unless the '--jsx' flag is provided.
frontend/src/views/store-admin/index.tsx(176,25): error TS17004: Cannot use JSX unless the '--jsx' flag is provided.
frontend/src/views/store-admin/index.tsx(178,23): error TS17004: Cannot use JSX unless the '--jsx' flag is provided.
frontend/src/views/store-admin/index.tsx(182,17): error TS17004: Cannot use JSX unless the '--jsx' flag is provided.
frontend/src/views/store-admin/index.tsx(186,21): error TS17004: Cannot use JSX unless the '--jsx' flag is provided.
frontend/src/views/store-admin/index.tsx(187,23): error TS17004: Cannot use JSX unless the '--jsx' flag is provided.
frontend/src/views/store-admin/index.tsx(188,23): error TS17004: Cannot use JSX unless the '--jsx' flag is provided.
frontend/src/views/store-admin/index.tsx(189,25): error TS17004: Cannot use JSX unless the '--jsx' flag is provided.
frontend/src/views/store-admin/index.tsx(191,23): error TS17004: Cannot use JSX unless the '--jsx' flag is provided.
frontend/src/views/store-admin/index.tsx(195,17): error TS17004: Cannot use JSX unless the '--jsx' flag is provided.
frontend/src/views/store-admin/index.tsx(199,21): error TS17004: Cannot use JSX unless the '--jsx' flag is provided.
frontend/src/views/store-admin/index.tsx(200,23): error TS17004: Cannot use JSX unless the '--jsx' flag is provided.
frontend/src/views/store-admin/index.tsx(201,25): error TS17004: Cannot use JSX unless the '--jsx' flag is provided.
frontend/src/views/store-admin/index.tsx(203,23): error TS17004: Cannot use JSX unless the '--jsx' flag is provided.
frontend/src/views/store-admin/index.tsx(204,25): error TS17004: Cannot use JSX unless the '--jsx' flag is provided.
frontend/src/views/store-admin/index.tsx(213,15): error TS17004: Cannot use JSX unless the '--jsx' flag is provided.
frontend/src/views/store-admin/index.tsx(214,17): error TS17004: Cannot use JSX unless the '--jsx' flag is provided.
frontend/src/views/store-admin/index.tsx(215,19): error TS17004: Cannot use JSX unless the '--jsx' flag is provided.
frontend/src/views/store/index.tsx(11,8): error TS2307: Cannot find module '@/shared/ui/card' or its corresponding type declarations.
frontend/src/views/store/index.tsx(12,24): error TS2307: Cannot find module '@/shared/ui/button' or its corresponding type declarations.
frontend/src/views/store/index.tsx(26,26): error TS2307: Cannot find module '@/shared/hooks/use-toast' or its corresponding type declarations.
frontend/src/views/store/index.tsx(30,8): error TS2307: Cannot find module '@/shared/api/genkit/flows/find-equipment-flow' or its corresponding type declarations.
frontend/src/views/store/index.tsx(31,26): error TS2307: Cannot find module '@/shared/ui/textarea' or its corresponding type declarations.
frontend/src/views/store/index.tsx(32,53): error TS2307: Cannot find module '@/shared/ui/alert' or its corresponding type declarations.
frontend/src/views/store/index.tsx(33,26): error TS2307: Cannot find module '@/shared/ui/skeleton' or its corresponding type declarations.
frontend/src/views/store/index.tsx(35,25): error TS2307: Cannot find module '@/shared/context/cart-provider' or its corresponding type declarations.
frontend/src/views/store/index.tsx(36,30): error TS2307: Cannot find module '@/shared/context/pd-provider' or its corresponding type declarations.
frontend/src/views/store/index.tsx(37,32): error TS2307: Cannot find module '@/entities/store/model/types' or its corresponding type declarations.
frontend/src/views/store/index.tsx(38,31): error TS2307: Cannot find module '@/entities/store/api/store' or its corresponding type declarations.
frontend/src/views/store/index.tsx(50,9): error TS17004: Cannot use JSX unless the '--jsx' flag is provided.
frontend/src/views/store/index.tsx(62,5): error TS17004: Cannot use JSX unless the '--jsx' flag is provided.
frontend/src/views/store/index.tsx(63,7): error TS17004: Cannot use JSX unless the '--jsx' flag is provided.
frontend/src/views/store/index.tsx(64,9): error TS17004: Cannot use JSX unless the '--jsx' flag is provided.
frontend/src/views/store/index.tsx(72,7): error TS17004: Cannot use JSX unless the '--jsx' flag is provided.
frontend/src/views/store/index.tsx(73,9): error TS17004: Cannot use JSX unless the '--jsx' flag is provided.
frontend/src/views/store/index.tsx(74,9): error TS17004: Cannot use JSX unless the '--jsx' flag is provided.
frontend/src/views/store/index.tsx(76,7): error TS17004: Cannot use JSX unless the '--jsx' flag is provided.
frontend/src/views/store/index.tsx(77,9): error TS17004: Cannot use JSX unless the '--jsx' flag is provided.
frontend/src/views/store/index.tsx(79,13): error TS17004: Cannot use JSX unless the '--jsx' flag is provided.
frontend/src/views/store/index.tsx(80,15): error TS17004: Cannot use JSX unless the '--jsx' flag is provided.
frontend/src/views/store/index.tsx(81,15): error TS17004: Cannot use JSX unless the '--jsx' flag is provided.
frontend/src/views/store/index.tsx(84,13): error TS17004: Cannot use JSX unless the '--jsx' flag is provided.
frontend/src/views/store/index.tsx(85,15): error TS17004: Cannot use JSX unless the '--jsx' flag is provided.
frontend/src/views/store/index.tsx(86,15): error TS17004: Cannot use JSX unless the '--jsx' flag is provided.
frontend/src/views/store/index.tsx(90,9): error TS17004: Cannot use JSX unless the '--jsx' flag is provided.
frontend/src/views/store/index.tsx(91,11): error TS17004: Cannot use JSX unless the '--jsx' flag is provided.
frontend/src/views/store/index.tsx(144,3): error TS17004: Cannot use JSX unless the '--jsx' flag is provided.
frontend/src/views/store/index.tsx(145,5): error TS17004: Cannot use JSX unless the '--jsx' flag is provided.
frontend/src/views/store/index.tsx(146,7): error TS17004: Cannot use JSX unless the '--jsx' flag is provided.
frontend/src/views/store/index.tsx(147,9): error TS17004: Cannot use JSX unless the '--jsx' flag is provided.
frontend/src/views/store/index.tsx(148,9): error TS17004: Cannot use JSX unless the '--jsx' flag is provided.
frontend/src/views/store/index.tsx(149,11): error TS17004: Cannot use JSX unless the '--jsx' flag is provided.
frontend/src/views/store/index.tsx(150,11): error TS17004: Cannot use JSX unless the '--jsx' flag is provided.
frontend/src/views/store/index.tsx(218,5): error TS17004: Cannot use JSX unless the '--jsx' flag is provided.
frontend/src/views/store/index.tsx(219,7): error TS17004: Cannot use JSX unless the '--jsx' flag is provided.
frontend/src/views/store/index.tsx(220,9): error TS17004: Cannot use JSX unless the '--jsx' flag is provided.
frontend/src/views/store/index.tsx(223,9): error TS17004: Cannot use JSX unless the '--jsx' flag is provided.
frontend/src/views/store/index.tsx(225,11): error TS17004: Cannot use JSX unless the '--jsx' flag is provided.
frontend/src/views/store/index.tsx(231,7): error TS17004: Cannot use JSX unless the '--jsx' flag is provided.
frontend/src/views/store/index.tsx(232,9): error TS17004: Cannot use JSX unless the '--jsx' flag is provided.
frontend/src/views/store/index.tsx(233,11): error TS17004: Cannot use JSX unless the '--jsx' flag is provided.
frontend/src/views/store/index.tsx(234,13): error TS17004: Cannot use JSX unless the '--jsx' flag is provided.
frontend/src/views/store/index.tsx(236,11): error TS17004: Cannot use JSX unless the '--jsx' flag is provided.
frontend/src/views/store/index.tsx(241,9): error TS17004: Cannot use JSX unless the '--jsx' flag is provided.
frontend/src/views/store/index.tsx(242,11): error TS17004: Cannot use JSX unless the '--jsx' flag is provided.
frontend/src/views/store/index.tsx(250,13): error TS17004: Cannot use JSX unless the '--jsx' flag is provided.
frontend/src/views/store/index.tsx(251,15): error TS17004: Cannot use JSX unless the '--jsx' flag is provided.
frontend/src/views/store/index.tsx(252,15): error TS17004: Cannot use JSX unless the '--jsx' flag is provided.
frontend/src/views/store/index.tsx(256,9): error TS17004: Cannot use JSX unless the '--jsx' flag is provided.
frontend/src/views/store/index.tsx(257,11): error TS17004: Cannot use JSX unless the '--jsx' flag is provided.
frontend/src/views/store/index.tsx(259,15): error TS17004: Cannot use JSX unless the '--jsx' flag is provided.
frontend/src/views/store/index.tsx(261,15): error TS17004: Cannot use JSX unless the '--jsx' flag is provided.
frontend/src/views/store/index.tsx(268,7): error TS17004: Cannot use JSX unless the '--jsx' flag is provided.
frontend/src/views/store/index.tsx(271,13): error TS17004: Cannot use JSX unless the '--jsx' flag is provided.
frontend/src/views/store/index.tsx(277,13): error TS17004: Cannot use JSX unless the '--jsx' flag is provided.
frontend/src/views/store/index.tsx(281,9): error TS17004: Cannot use JSX unless the '--jsx' flag is provided.
frontend/src/views/store/index.tsx(282,11): error TS17004: Cannot use JSX unless the '--jsx' flag is provided.
frontend/src/views/store/index.tsx(288,7): error TS17004: Cannot use JSX unless the '--jsx' flag is provided.
frontend/src/views/store/index.tsx(289,9): error TS17004: Cannot use JSX unless the '--jsx' flag is provided.
frontend/src/views/store/index.tsx(290,9): error TS17004: Cannot use JSX unless the '--jsx' flag is provided.
frontend/src/views/store/index.tsx(292,13): error TS17004: Cannot use JSX unless the '--jsx' flag is provided.
frontend/src/views/support/index.tsx(10,8): error TS2307: Cannot find module '@/shared/ui/card' or its corresponding type declarations.
frontend/src/views/support/index.tsx(16,8): error TS2307: Cannot find module '@/shared/ui/accordion' or its corresponding type declarations.
frontend/src/views/support/index.tsx(18,32): error TS2307: Cannot find module '@/widgets/support-chatbot' or its corresponding type declarations.
frontend/src/views/support/index.tsx(19,52): error TS2307: Cannot find module '@/entities/faq/api/faq' or its corresponding type declarations.
frontend/src/views/support/index.tsx(20,26): error TS2307: Cannot find module '@/shared/ui/skeleton' or its corresponding type declarations.
frontend/src/views/support/index.tsx(37,5): error TS17004: Cannot use JSX unless the '--jsx' flag is provided.
frontend/src/views/support/index.tsx(38,7): error TS17004: Cannot use JSX unless the '--jsx' flag is provided.
frontend/src/views/support/index.tsx(39,9): error TS17004: Cannot use JSX unless the '--jsx' flag is provided.
frontend/src/views/support/index.tsx(40,9): error TS17004: Cannot use JSX unless the '--jsx' flag is provided.
frontend/src/views/support/index.tsx(43,9): error TS17004: Cannot use JSX unless the '--jsx' flag is provided.
frontend/src/views/support/index.tsx(49,7): error TS17004: Cannot use JSX unless the '--jsx' flag is provided.
frontend/src/views/support/index.tsx(50,9): error TS17004: Cannot use JSX unless the '--jsx' flag is provided.
frontend/src/views/support/index.tsx(51,11): error TS17004: Cannot use JSX unless the '--jsx' flag is provided.
frontend/src/views/support/index.tsx(53,9): error TS17004: Cannot use JSX unless the '--jsx' flag is provided.
frontend/src/views/support/index.tsx(54,11): error TS17004: Cannot use JSX unless the '--jsx' flag is provided.
frontend/src/views/support/index.tsx(55,13): error TS17004: Cannot use JSX unless the '--jsx' flag is provided.
frontend/src/views/support/index.tsx(56,15): error TS17004: Cannot use JSX unless the '--jsx' flag is provided.
frontend/src/views/support/index.tsx(57,15): error TS17004: Cannot use JSX unless the '--jsx' flag is provided.
frontend/src/views/support/index.tsx(59,13): error TS17004: Cannot use JSX unless the '--jsx' flag is provided.
frontend/src/views/support/index.tsx(61,17): error TS17004: Cannot use JSX unless the '--jsx' flag is provided.
frontend/src/views/support/index.tsx(62,19): error TS17004: Cannot use JSX unless the '--jsx' flag is provided.
frontend/src/views/support/index.tsx(63,19): error TS17004: Cannot use JSX unless the '--jsx' flag is provided.
frontend/src/views/support/index.tsx(64,19): error TS17004: Cannot use JSX unless the '--jsx' flag is provided.
frontend/src/views/support/index.tsx(67,17): error TS17004: Cannot use JSX unless the '--jsx' flag is provided.
frontend/src/views/support/index.tsx(69,21): error TS17004: Cannot use JSX unless the '--jsx' flag is provided.
frontend/src/views/support/index.tsx(70,23): error TS17004: Cannot use JSX unless the '--jsx' flag is provided.
frontend/src/views/support/index.tsx(71,23): error TS17004: Cannot use JSX unless the '--jsx' flag is provided.
frontend/src/views/support/index.tsx(73,27): error TS17004: Cannot use JSX unless the '--jsx' flag is provided.
frontend/src/views/support/index.tsx(74,29): error TS17004: Cannot use JSX unless the '--jsx' flag is provided.
frontend/src/views/support/index.tsx(75,29): error TS17004: Cannot use JSX unless the '--jsx' flag is provided.
frontend/src/views/team-create/index.tsx(4,24): error TS2307: Cannot find module '@/shared/ui/button' or its corresponding type declarations.
frontend/src/views/team-create/index.tsx(12,8): error TS2307: Cannot find module '@/shared/ui/card' or its corresponding type declarations.
frontend/src/views/team-create/index.tsx(13,23): error TS2307: Cannot find module '@/shared/ui/input' or its corresponding type declarations.
frontend/src/views/team-create/index.tsx(14,23): error TS2307: Cannot find module '@/shared/ui/label' or its corresponding type declarations.
frontend/src/views/team-create/index.tsx(17,26): error TS2307: Cannot find module '@/shared/hooks/use-toast' or its corresponding type declarations.
frontend/src/views/team-create/index.tsx(19,26): error TS2307: Cannot find module '@/shared/ui/textarea' or its corresponding type declarations.
frontend/src/views/team-create/index.tsx(20,53): error TS2307: Cannot find module '@/shared/ui/alert' or its corresponding type declarations.
frontend/src/views/team-create/index.tsx(24,8): error TS2307: Cannot find module '@/shared/api/genkit/flows/generate-team-concept-flow' or its corresponding type declarations.
frontend/src/views/team-create/index.tsx(25,26): error TS2307: Cannot find module '@/shared/ui/skeleton' or its corresponding type declarations.
frontend/src/views/team-create/index.tsx(26,34): error TS2307: Cannot find module '@/entities/team/api/create-team' or its corresponding type declarations.
frontend/src/views/team-create/index.tsx(27,28): error TS2307: Cannot find module '@/shared/lib/session/client' or its corresponding type declarations.
frontend/src/views/team-create/index.tsx(28,27): error TS2307: Cannot find module '@/entities/team/model/types' or its corresponding type declarations.
frontend/src/views/team-create/index.tsx(114,5): error TS17004: Cannot use JSX unless the '--jsx' flag is provided.
frontend/src/views/team-create/index.tsx(115,7): error TS17004: Cannot use JSX unless the '--jsx' flag is provided.
frontend/src/views/team-create/index.tsx(116,9): error TS17004: Cannot use JSX unless the '--jsx' flag is provided.
frontend/src/views/team-create/index.tsx(117,9): error TS17004: Cannot use JSX unless the '--jsx' flag is provided.
frontend/src/views/team-create/index.tsx(120,9): error TS17004: Cannot use JSX unless the '--jsx' flag is provided.
frontend/src/views/team-create/index.tsx(126,7): error TS17004: Cannot use JSX unless the '--jsx' flag is provided.
frontend/src/views/team-create/index.tsx(127,9): error TS17004: Cannot use JSX unless the '--jsx' flag is provided.
frontend/src/views/team-create/index.tsx(128,11): error TS17004: Cannot use JSX unless the '--jsx' flag is provided.
frontend/src/views/team-create/index.tsx(129,11): error TS17004: Cannot use JSX unless the '--jsx' flag is provided.
frontend/src/views/team-create/index.tsx(133,9): error TS17004: Cannot use JSX unless the '--jsx' flag is provided.
frontend/src/views/team-create/index.tsx(134,11): error TS17004: Cannot use JSX unless the '--jsx' flag is provided.
frontend/src/views/team-create/index.tsx(143,13): error TS17004: Cannot use JSX unless the '--jsx' flag is provided.
frontend/src/views/team-create/index.tsx(144,15): error TS17004: Cannot use JSX unless the '--jsx' flag is provided.
frontend/src/views/team-create/index.tsx(145,15): error TS17004: Cannot use JSX unless the '--jsx' flag is provided.
frontend/src/views/team-create/index.tsx(148,11): error TS17004: Cannot use JSX unless the '--jsx' flag is provided.
frontend/src/views/team-create/index.tsx(155,15): error TS17004: Cannot use JSX unless the '--jsx' flag is provided.
frontend/src/views/team-create/index.tsx(157,15): error TS17004: Cannot use JSX unless the '--jsx' flag is provided.
frontend/src/views/team-create/index.tsx(165,9): error TS17004: Cannot use JSX unless the '--jsx' flag is provided.
frontend/src/views/team-create/index.tsx(166,11): error TS17004: Cannot use JSX unless the '--jsx' flag is provided.
frontend/src/views/team-create/index.tsx(167,13): error TS17004: Cannot use JSX unless the '--jsx' flag is provided.
frontend/src/views/team-create/index.tsx(169,11): error TS17004: Cannot use JSX unless the '--jsx' flag is provided.
frontend/src/views/team-create/index.tsx(170,13): error TS17004: Cannot use JSX unless the '--jsx' flag is provided.
frontend/src/views/team-create/index.tsx(171,15): error TS17004: Cannot use JSX unless the '--jsx' flag is provided.
frontend/src/views/team-create/index.tsx(172,15): error TS17004: Cannot use JSX unless the '--jsx' flag is provided.
frontend/src/views/team-create/index.tsx(174,13): error TS17004: Cannot use JSX unless the '--jsx' flag is provided.
frontend/src/views/team-create/index.tsx(175,13): error TS17004: Cannot use JSX unless the '--jsx' flag is provided.
frontend/src/views/team-create/index.tsx(176,13): error TS17004: Cannot use JSX unless the '--jsx' flag is provided.
frontend/src/views/team-create/index.tsx(182,9): error TS17004: Cannot use JSX unless the '--jsx' flag is provided.
frontend/src/views/team-create/index.tsx(183,11): error TS17004: Cannot use JSX unless the '--jsx' flag is provided.
frontend/src/views/team-create/index.tsx(184,13): error TS17004: Cannot use JSX unless the '--jsx' flag is provided.
frontend/src/views/team-create/index.tsx(185,13): error TS17004: Cannot use JSX unless the '--jsx' flag is provided.
frontend/src/views/team-create/index.tsx(189,11): error TS17004: Cannot use JSX unless the '--jsx' flag is provided.
frontend/src/views/team-create/index.tsx(190,13): error TS17004: Cannot use JSX unless the '--jsx' flag is provided.
frontend/src/views/team-create/index.tsx(191,15): error TS17004: Cannot use JSX unless the '--jsx' flag is provided.
frontend/src/views/team-create/index.tsx(192,15): error TS17004: Cannot use JSX unless the '--jsx' flag is provided.
frontend/src/views/team-create/index.tsx(193,17): error TS17004: Cannot use JSX unless the '--jsx' flag is provided.
frontend/src/views/team-create/index.tsx(200,17): error TS17004: Cannot use JSX unless the '--jsx' flag is provided.
frontend/src/views/team-create/index.tsx(201,19): error TS17004: Cannot use JSX unless the '--jsx' flag is provided.
frontend/src/views/team-create/index.tsx(206,13): error TS17004: Cannot use JSX unless the '--jsx' flag is provided.
frontend/src/views/team-create/index.tsx(207,15): error TS17004: Cannot use JSX unless the '--jsx' flag is provided.
frontend/src/views/team-create/index.tsx(208,15): error TS17004: Cannot use JSX unless the '--jsx' flag is provided.
frontend/src/views/team-create/index.tsx(214,13): error TS17004: Cannot use JSX unless the '--jsx' flag is provided.
frontend/src/views/team-create/index.tsx(215,15): error TS17004: Cannot use JSX unless the '--jsx' flag is provided.
frontend/src/views/team-create/index.tsx(216,15): error TS17004: Cannot use JSX unless the '--jsx' flag is provided.
frontend/src/views/team-create/index.tsx(222,13): error TS17004: Cannot use JSX unless the '--jsx' flag is provided.
frontend/src/views/team-create/index.tsx(223,15): error TS17004: Cannot use JSX unless the '--jsx' flag is provided.
frontend/src/views/team-create/index.tsx(224,15): error TS17004: Cannot use JSX unless the '--jsx' flag is provided.
frontend/src/views/team-create/index.tsx(233,11): error TS17004: Cannot use JSX unless the '--jsx' flag is provided.
frontend/src/views/team-create/index.tsx(234,13): error TS17004: Cannot use JSX unless the '--jsx' flag is provided.
frontend/src/views/team-create/index.tsx(236,17): error TS17004: Cannot use JSX unless the '--jsx' flag is provided.
frontend/src/views/team-create/index.tsx(238,17): error TS17004: Cannot use JSX unless the '--jsx' flag is provided.
frontend/src/views/team-details/index.tsx(4,58): error TS2307: Cannot find module '@/shared/ui/card' or its corresponding type declarations.
frontend/src/views/team-details/index.tsx(5,53): error TS2307: Cannot find module '@/shared/ui/avatar' or its corresponding type declarations.
frontend/src/views/team-details/index.tsx(6,24): error TS2307: Cannot find module '@/shared/ui/button' or its corresponding type declarations.
frontend/src/views/team-details/index.tsx(7,58): error TS2307: Cannot find module '@/shared/ui/tabs' or its corresponding type declarations.
frontend/src/views/team-details/index.tsx(15,8): error TS2307: Cannot find module '@/shared/ui/table' or its corresponding type declarations.
frontend/src/views/team-details/index.tsx(16,23): error TS2307: Cannot find module '@/shared/ui/badge' or its corresponding type declarations.
frontend/src/views/team-details/index.tsx(32,28): error TS2307: Cannot find module '@/shared/lib/session/client' or its corresponding type declarations.
frontend/src/views/team-details/index.tsx(33,32): error TS2307: Cannot find module '@/features/donation-dialog/index' or its corresponding type declarations.
frontend/src/views/team-details/index.tsx(34,35): error TS2307: Cannot find module '@/widgets/team-chat-interface' or its corresponding type declarations.
frontend/src/views/team-details/index.tsx(35,30): error TS2307: Cannot find module '@/widgets/team-stats-tab' or its corresponding type declarations.
frontend/src/views/team-details/index.tsx(36,34): error TS2307: Cannot find module '@/entities/team/model/types' or its corresponding type declarations.
frontend/src/views/team-details/index.tsx(37,26): error TS2307: Cannot find module '@/shared/hooks/use-toast' or its corresponding type declarations.
frontend/src/views/team-details/index.tsx(38,32): error TS2307: Cannot find module '@/entities/team/api/join-team' or its corresponding type declarations.
frontend/src/views/team-details/index.tsx(39,33): error TS2307: Cannot find module '@/entities/playground/model/types' or its corresponding type declarations.
frontend/src/views/team-details/index.tsx(40,35): error TS2307: Cannot find module '@/entities/playground/api/playgrounds' or its corresponding type declarations.
frontend/src/views/team-details/index.tsx(41,39): error TS2307: Cannot find module '@/widgets/team-overview-dashboard' or its corresponding type declarations.
frontend/src/views/team-details/index.tsx(45,8): error TS2307: Cannot find module '@/entities/team/api/get-team-dashboard' or its corresponding type declarations.
frontend/src/views/team-details/index.tsx(69,12): error TS17004: Cannot use JSX unless the '--jsx' flag is provided.
frontend/src/views/team-details/index.tsx(94,5): error TS17004: Cannot use JSX unless the '--jsx' flag is provided.
frontend/src/views/team-details/index.tsx(95,7): error TS17004: Cannot use JSX unless the '--jsx' flag is provided.
frontend/src/views/team-details/index.tsx(96,9): error TS17004: Cannot use JSX unless the '--jsx' flag is provided.
frontend/src/views/team-details/index.tsx(97,11): error TS17004: Cannot use JSX unless the '--jsx' flag is provided.
frontend/src/views/team-details/index.tsx(98,13): error TS17004: Cannot use JSX unless the '--jsx' flag is provided.
frontend/src/views/team-details/index.tsx(105,13): error TS17004: Cannot use JSX unless the '--jsx' flag is provided.
frontend/src/views/team-details/index.tsx(106,13): error TS17004: Cannot use JSX unless the '--jsx' flag is provided.
frontend/src/views/team-details/index.tsx(107,15): error TS17004: Cannot use JSX unless the '--jsx' flag is provided.
frontend/src/views/team-details/index.tsx(108,17): error TS17004: Cannot use JSX unless the '--jsx' flag is provided.
frontend/src/views/team-details/index.tsx(113,17): error TS17004: Cannot use JSX unless the '--jsx' flag is provided.
frontend/src/views/team-details/index.tsx(117,15): error TS17004: Cannot use JSX unless the '--jsx' flag is provided.
frontend/src/views/team-details/index.tsx(118,17): error TS17004: Cannot use JSX unless the '--jsx' flag is provided.
frontend/src/views/team-details/index.tsx(121,17): error TS17004: Cannot use JSX unless the '--jsx' flag is provided.
frontend/src/views/team-details/index.tsx(127,11): error TS17004: Cannot use JSX unless the '--jsx' flag is provided.
frontend/src/views/team-details/index.tsx(128,13): error TS17004: Cannot use JSX unless the '--jsx' flag is provided.
frontend/src/views/team-details/index.tsx(129,15): error TS17004: Cannot use JSX unless the '--jsx' flag is provided.
frontend/src/views/team-details/index.tsx(130,17): error TS17004: Cannot use JSX unless the '--jsx' flag is provided.
frontend/src/views/team-details/index.tsx(131,17): error TS17004: Cannot use JSX unless the '--jsx' flag is provided.
frontend/src/views/team-details/index.tsx(133,15): error TS17004: Cannot use JSX unless the '--jsx' flag is provided.
frontend/src/views/team-details/index.tsx(134,17): error TS17004: Cannot use JSX unless the '--jsx' flag is provided.
frontend/src/views/team-details/index.tsx(135,17): error TS17004: Cannot use JSX unless the '--jsx' flag is provided.
frontend/src/views/team-details/index.tsx(139,15): error TS17004: Cannot use JSX unless the '--jsx' flag is provided.
frontend/src/views/team-details/index.tsx(140,17): error TS17004: Cannot use JSX unless the '--jsx' flag is provided.
frontend/src/views/team-details/index.tsx(141,17): error TS17004: Cannot use JSX unless the '--jsx' flag is provided.
frontend/src/views/team-details/index.tsx(144,17): error TS17004: Cannot use JSX unless the '--jsx' flag is provided.
frontend/src/views/team-details/index.tsx(145,19): error TS17004: Cannot use JSX unless the '--jsx' flag is provided.
frontend/src/views/team-details/index.tsx(146,19): error TS17004: Cannot use JSX unless the '--jsx' flag is provided.
frontend/src/views/team-details/index.tsx(155,13): error TS17004: Cannot use JSX unless the '--jsx' flag is provided.
frontend/src/views/team-details/index.tsx(156,15): error TS17004: Cannot use JSX unless the '--jsx' flag is provided.
frontend/src/views/team-details/index.tsx(157,17): error TS17004: Cannot use JSX unless the '--jsx' flag is provided.
frontend/src/views/team-details/index.tsx(161,17): error TS17004: Cannot use JSX unless the '--jsx' flag is provided.
frontend/src/views/team-details/index.tsx(163,21): error TS17004: Cannot use JSX unless the '--jsx' flag is provided.
frontend/src/views/team-details/index.tsx(165,21): error TS17004: Cannot use JSX unless the '--jsx' flag is provided.
frontend/src/views/team-details/index.tsx(170,15): error TS17004: Cannot use JSX unless the '--jsx' flag is provided.
frontend/src/views/team-details/index.tsx(171,17): error TS17004: Cannot use JSX unless the '--jsx' flag is provided.
frontend/src/views/team-details/index.tsx(175,17): error TS17004: Cannot use JSX unless the '--jsx' flag is provided.
frontend/src/views/team-details/index.tsx(176,19): error TS17004: Cannot use JSX unless the '--jsx' flag is provided.
frontend/src/views/team-details/index.tsx(177,21): error TS17004: Cannot use JSX unless the '--jsx' flag is provided.
frontend/src/views/team-details/index.tsx(186,9): error TS17004: Cannot use JSX unless the '--jsx' flag is provided.
frontend/src/views/team-details/index.tsx(187,11): error TS17004: Cannot use JSX unless the '--jsx' flag is provided.
frontend/src/views/team-details/index.tsx(188,13): error TS17004: Cannot use JSX unless the '--jsx' flag is provided.
frontend/src/views/team-details/index.tsx(189,13): error TS17004: Cannot use JSX unless the '--jsx' flag is provided.
frontend/src/views/team-details/index.tsx(190,13): error TS17004: Cannot use JSX unless the '--jsx' flag is provided.
frontend/src/views/team-details/index.tsx(191,15): error TS17004: Cannot use JSX unless the '--jsx' flag is provided.
frontend/src/views/team-details/index.tsx(194,13): error TS17004: Cannot use JSX unless the '--jsx' flag is provided.
frontend/src/views/team-details/index.tsx(195,15): error TS17004: Cannot use JSX unless the '--jsx' flag is provided.
frontend/src/views/team-details/index.tsx(200,11): error TS17004: Cannot use JSX unless the '--jsx' flag is provided.
frontend/src/views/team-details/index.tsx(201,13): error TS17004: Cannot use JSX unless the '--jsx' flag is provided.
frontend/src/views/team-details/index.tsx(208,11): error TS17004: Cannot use JSX unless the '--jsx' flag is provided.
frontend/src/views/team-details/index.tsx(209,13): error TS17004: Cannot use JSX unless the '--jsx' flag is provided.
frontend/src/views/team-details/index.tsx(210,15): error TS17004: Cannot use JSX unless the '--jsx' flag is provided.
frontend/src/views/team-details/index.tsx(211,17): error TS17004: Cannot use JSX unless the '--jsx' flag is provided.
frontend/src/views/team-details/index.tsx(213,15): error TS17004: Cannot use JSX unless the '--jsx' flag is provided.
frontend/src/views/team-details/index.tsx(214,17): error TS17004: Cannot use JSX unless the '--jsx' flag is provided.
frontend/src/views/team-details/index.tsx(215,19): error TS17004: Cannot use JSX unless the '--jsx' flag is provided.
frontend/src/views/team-details/index.tsx(216,21): error TS17004: Cannot use JSX unless the '--jsx' flag is provided.
frontend/src/views/team-details/index.tsx(217,23): error TS17004: Cannot use JSX unless the '--jsx' flag is provided.
frontend/src/views/team-details/index.tsx(218,23): error TS17004: Cannot use JSX unless the '--jsx' flag is provided.
frontend/src/views/team-details/index.tsx(219,23): error TS17004: Cannot use JSX unless the '--jsx' flag is provided.
frontend/src/views/team-details/index.tsx(222,19): error TS17004: Cannot use JSX unless the '--jsx' flag is provided.
frontend/src/views/team-details/index.tsx(224,23): error TS17004: Cannot use JSX unless the '--jsx' flag is provided.
frontend/src/views/team-details/index.tsx(225,25): error TS17004: Cannot use JSX unless the '--jsx' flag is provided.
frontend/src/views/team-details/index.tsx(226,27): error TS17004: Cannot use JSX unless the '--jsx' flag is provided.
frontend/src/views/team-details/index.tsx(227,29): error TS17004: Cannot use JSX unless the '--jsx' flag is provided.
frontend/src/views/team-details/index.tsx(228,29): error TS17004: Cannot use JSX unless the '--jsx' flag is provided.
frontend/src/views/team-details/index.tsx(234,25): error TS17004: Cannot use JSX unless the '--jsx' flag is provided.
frontend/src/views/team-details/index.tsx(239,25): error TS17004: Cannot use JSX unless the '--jsx' flag is provided.
frontend/src/views/team-details/index.tsx(240,27): error TS17004: Cannot use JSX unless the '--jsx' flag is provided.
frontend/src/views/team-details/index.tsx(258,11): error TS17004: Cannot use JSX unless the '--jsx' flag is provided.
frontend/src/views/team-details/index.tsx(259,13): error TS17004: Cannot use JSX unless the '--jsx' flag is provided.
frontend/src/views/team-details/index.tsx(262,11): error TS17004: Cannot use JSX unless the '--jsx' flag is provided.
frontend/src/views/team-details/index.tsx(263,13): error TS17004: Cannot use JSX unless the '--jsx' flag is provided.
frontend/src/views/team-details/index.tsx(267,7): error TS17004: Cannot use JSX unless the '--jsx' flag is provided.
frontend/src/views/team-management/index.tsx(11,8): error TS2307: Cannot find module '@/shared/ui/card' or its corresponding type declarations.
frontend/src/views/team-management/index.tsx(12,24): error TS2307: Cannot find module '@/shared/ui/button' or its corresponding type declarations.
frontend/src/views/team-management/index.tsx(20,8): error TS2307: Cannot find module '@/shared/ui/table' or its corresponding type declarations.
frontend/src/views/team-management/index.tsx(21,53): error TS2307: Cannot find module '@/shared/ui/avatar' or its corresponding type declarations.
frontend/src/views/team-management/index.tsx(23,26): error TS2307: Cannot find module '@/shared/hooks/use-toast' or its corresponding type declarations.
frontend/src/views/team-management/index.tsx(24,58): error TS2307: Cannot find module '@/shared/ui/tabs' or its corresponding type declarations.
frontend/src/views/team-management/index.tsx(25,43): error TS2307: Cannot find module '@/widgets/join-request-analysis-dialog' or its corresponding type declarations.
frontend/src/views/team-management/index.tsx(26,43): error TS2307: Cannot find module '@/widgets/sponsorship-pitch-generator' or its corresponding type declarations.
frontend/src/views/team-management/index.tsx(27,36): error TS2307: Cannot find module '@/widgets/ai-team-assistant-tab' or its corresponding type declarations.
frontend/src/views/team-management/index.tsx(28,30): error TS2307: Cannot find module '@/widgets/team-coach-tab' or its corresponding type declarations.
frontend/src/views/team-management/index.tsx(29,37): error TS2307: Cannot find module '@/widgets/roster-management-tab' or its corresponding type declarations.
frontend/src/views/team-management/index.tsx(30,34): error TS2307: Cannot find module '@/widgets/team-sponsor-scout' or its corresponding type declarations.
frontend/src/views/team-management/index.tsx(31,33): error TS2307: Cannot find module '@/widgets/team-schedule-tab' or its corresponding type declarations.
frontend/src/views/team-management/index.tsx(32,39): error TS2307: Cannot find module '@/widgets/team-training-analytics' or its corresponding type declarations.
frontend/src/views/team-management/index.tsx(33,35): error TS2307: Cannot find module '@/widgets/sponsorship-offers' or its corresponding type declarations.
frontend/src/views/team-management/index.tsx(34,44): error TS2307: Cannot find module '@/widgets/ai-social-media-post-generator' or its corresponding type declarations.
frontend/src/views/team-management/index.tsx(36,36): error TS2307: Cannot find module '@/entities/user/model/types' or its corresponding type declarations.
frontend/src/views/team-management/index.tsx(40,8): error TS2307: Cannot find module '@/entities/team-application/model/types' or its corresponding type declarations.
frontend/src/views/team-management/index.tsx(41,49): error TS2307: Cannot find module '@/entities/team/api/teams' or its corresponding type declarations.
frontend/src/views/team-management/index.tsx(42,26): error TS2307: Cannot find module '@/shared/ui/skeleton' or its corresponding type declarations.
frontend/src/views/team-management/index.tsx(47,8): error TS2307: Cannot find module '@/entities/team-application/api/applications' or its corresponding type declarations.
frontend/src/views/team-management/index.tsx(150,7): error TS17004: Cannot use JSX unless the '--jsx' flag is provided.
frontend/src/views/team-management/index.tsx(151,9): error TS17004: Cannot use JSX unless the '--jsx' flag is provided.
frontend/src/views/team-management/index.tsx(152,9): error TS17004: Cannot use JSX unless the '--jsx' flag is provided.
frontend/src/views/team-management/index.tsx(153,9): error TS17004: Cannot use JSX unless the '--jsx' flag is provided.
frontend/src/views/team-management/index.tsx(154,9): error TS17004: Cannot use JSX unless the '--jsx' flag is provided.
frontend/src/views/team-management/index.tsx(160,12): error TS17004: Cannot use JSX unless the '--jsx' flag is provided.
frontend/src/views/team-management/index.tsx(164,5): error TS17004: Cannot use JSX unless the '--jsx' flag is provided.
frontend/src/views/team-management/index.tsx(165,7): error TS17004: Cannot use JSX unless the '--jsx' flag is provided.
frontend/src/views/team-management/index.tsx(166,9): error TS17004: Cannot use JSX unless the '--jsx' flag is provided.
frontend/src/views/team-management/index.tsx(167,11): error TS17004: Cannot use JSX unless the '--jsx' flag is provided.
frontend/src/views/team-management/index.tsx(170,11): error TS17004: Cannot use JSX unless the '--jsx' flag is provided.
frontend/src/views/team-management/index.tsx(174,9): error TS17004: Cannot use JSX unless the '--jsx' flag is provided.
frontend/src/views/team-management/index.tsx(175,11): error TS17004: Cannot use JSX unless the '--jsx' flag is provided.
frontend/src/views/team-management/index.tsx(176,13): error TS17004: Cannot use JSX unless the '--jsx' flag is provided.
frontend/src/views/team-management/index.tsx(177,13): error TS17004: Cannot use JSX unless the '--jsx' flag is provided.
frontend/src/views/team-management/index.tsx(178,15): error TS17004: Cannot use JSX unless the '--jsx' flag is provided.
frontend/src/views/team-management/index.tsx(181,13): error TS17004: Cannot use JSX unless the '--jsx' flag is provided.
frontend/src/views/team-management/index.tsx(182,13): error TS17004: Cannot use JSX unless the '--jsx' flag is provided.
frontend/src/views/team-management/index.tsx(183,15): error TS17004: Cannot use JSX unless the '--jsx' flag is provided.
frontend/src/views/team-management/index.tsx(186,13): error TS17004: Cannot use JSX unless the '--jsx' flag is provided.
frontend/src/views/team-management/index.tsx(187,15): error TS17004: Cannot use JSX unless the '--jsx' flag is provided.
frontend/src/views/team-management/index.tsx(190,13): error TS17004: Cannot use JSX unless the '--jsx' flag is provided.
frontend/src/views/team-management/index.tsx(191,15): error TS17004: Cannot use JSX unless the '--jsx' flag is provided.
frontend/src/views/team-management/index.tsx(194,13): error TS17004: Cannot use JSX unless the '--jsx' flag is provided.
frontend/src/views/team-management/index.tsx(195,13): error TS17004: Cannot use JSX unless the '--jsx' flag is provided.
frontend/src/views/team-management/index.tsx(198,11): error TS17004: Cannot use JSX unless the '--jsx' flag is provided.
frontend/src/views/team-management/index.tsx(199,13): error TS17004: Cannot use JSX unless the '--jsx' flag is provided.
frontend/src/views/team-management/index.tsx(202,11): error TS17004: Cannot use JSX unless the '--jsx' flag is provided.
frontend/src/views/team-management/index.tsx(203,13): error TS17004: Cannot use JSX unless the '--jsx' flag is provided.
frontend/src/views/team-management/index.tsx(206,11): error TS17004: Cannot use JSX unless the '--jsx' flag is provided.
frontend/src/views/team-management/index.tsx(207,13): error TS17004: Cannot use JSX unless the '--jsx' flag is provided.
frontend/src/views/team-management/index.tsx(208,15): error TS17004: Cannot use JSX unless the '--jsx' flag is provided.
frontend/src/views/team-management/index.tsx(209,17): error TS17004: Cannot use JSX unless the '--jsx' flag is provided.
frontend/src/views/team-management/index.tsx(210,17): error TS17004: Cannot use JSX unless the '--jsx' flag is provided.
frontend/src/views/team-management/index.tsx(214,15): error TS17004: Cannot use JSX unless the '--jsx' flag is provided.
frontend/src/views/team-management/index.tsx(215,17): error TS17004: Cannot use JSX unless the '--jsx' flag is provided.
frontend/src/views/team-management/index.tsx(216,19): error TS17004: Cannot use JSX unless the '--jsx' flag is provided.
frontend/src/views/team-management/index.tsx(217,21): error TS17004: Cannot use JSX unless the '--jsx' flag is provided.
frontend/src/views/team-management/index.tsx(218,23): error TS17004: Cannot use JSX unless the '--jsx' flag is provided.
frontend/src/views/team-management/index.tsx(219,23): error TS17004: Cannot use JSX unless the '--jsx' flag is provided.
frontend/src/views/team-management/index.tsx(220,23): error TS17004: Cannot use JSX unless the '--jsx' flag is provided.
frontend/src/views/team-management/index.tsx(223,19): error TS17004: Cannot use JSX unless the '--jsx' flag is provided.
frontend/src/views/team-management/index.tsx(225,23): error TS17004: Cannot use JSX unless the '--jsx' flag is provided.
frontend/src/views/team-management/index.tsx(226,25): error TS17004: Cannot use JSX unless the '--jsx' flag is provided.
frontend/src/views/team-management/index.tsx(227,27): error TS17004: Cannot use JSX unless the '--jsx' flag is provided.
frontend/src/views/team-management/index.tsx(228,29): error TS17004: Cannot use JSX unless the '--jsx' flag is provided.
frontend/src/views/team-management/index.tsx(232,29): error TS17004: Cannot use JSX unless the '--jsx' flag is provided.
frontend/src/views/team-management/index.tsx(238,25): error TS17004: Cannot use JSX unless the '--jsx' flag is provided.
frontend/src/views/team-management/index.tsx(239,25): error TS17004: Cannot use JSX unless the '--jsx' flag is provided.
frontend/src/views/team-management/index.tsx(240,27): error TS17004: Cannot use JSX unless the '--jsx' flag is provided.
frontend/src/views/team-management/index.tsx(247,27): error TS17004: Cannot use JSX unless the '--jsx' flag is provided.
frontend/src/views/team-management/index.tsx(253,29): error TS17004: Cannot use JSX unless the '--jsx' flag is provided.
frontend/src/views/team-management/index.tsx(255,27): error TS17004: Cannot use JSX unless the '--jsx' flag is provided.
frontend/src/views/team-management/index.tsx(260,29): error TS17004: Cannot use JSX unless the '--jsx' flag is provided.
frontend/src/views/team-management/index.tsx(269,17): error TS17004: Cannot use JSX unless the '--jsx' flag is provided.
frontend/src/views/team-management/index.tsx(276,11): error TS17004: Cannot use JSX unless the '--jsx' flag is provided.
frontend/src/views/team-management/index.tsx(277,13): error TS17004: Cannot use JSX unless the '--jsx' flag is provided.
frontend/src/views/team-management/index.tsx(278,13): error TS17004: Cannot use JSX unless the '--jsx' flag is provided.
frontend/src/views/team-management/index.tsx(279,13): error TS17004: Cannot use JSX unless the '--jsx' flag is provided.
frontend/src/views/team-management/index.tsx(282,11): error TS17004: Cannot use JSX unless the '--jsx' flag is provided.
frontend/src/views/team-management/index.tsx(283,13): error TS17004: Cannot use JSX unless the '--jsx' flag is provided.
frontend/src/views/team-management/index.tsx(286,11): error TS17004: Cannot use JSX unless the '--jsx' flag is provided.
frontend/src/views/team-management/index.tsx(287,13): error TS17004: Cannot use JSX unless the '--jsx' flag is provided.
frontend/src/views/team-management/index.tsx(290,11): error TS17004: Cannot use JSX unless the '--jsx' flag is provided.
frontend/src/views/team-management/index.tsx(291,13): error TS17004: Cannot use JSX unless the '--jsx' flag is provided.
frontend/src/views/team-management/index.tsx(294,11): error TS17004: Cannot use JSX unless the '--jsx' flag is provided.
frontend/src/views/team-management/index.tsx(295,13): error TS17004: Cannot use JSX unless the '--jsx' flag is provided.
frontend/src/views/team-management/index.tsx(299,7): error TS17004: Cannot use JSX unless the '--jsx' flag is provided.
frontend/src/views/team-overview-dashboard/index.tsx(9,8): error TS2307: Cannot find module '@/shared/ui/card' or its corresponding type declarations.
frontend/src/views/team-overview-dashboard/index.tsx(10,53): error TS2307: Cannot find module '@/shared/ui/avatar' or its corresponding type declarations.
frontend/src/views/team-overview-dashboard/index.tsx(11,24): error TS2307: Cannot find module '@/shared/ui/button' or its corresponding type declarations.
frontend/src/views/team-overview-dashboard/index.tsx(14,28): error TS2307: Cannot find module '@/entities/match/model/types' or its corresponding type declarations.
frontend/src/views/team-overview-dashboard/index.tsx(18,8): error TS2307: Cannot find module '@/entities/team/model/types' or its corresponding type declarations.
frontend/src/views/team-overview-dashboard/index.tsx(35,3): error TS17004: Cannot use JSX unless the '--jsx' flag is provided.
frontend/src/views/team-overview-dashboard/index.tsx(36,5): error TS17004: Cannot use JSX unless the '--jsx' flag is provided.
frontend/src/views/team-overview-dashboard/index.tsx(37,7): error TS17004: Cannot use JSX unless the '--jsx' flag is provided.
frontend/src/views/team-overview-dashboard/index.tsx(38,7): error TS17004: Cannot use JSX unless the '--jsx' flag is provided.
frontend/src/views/team-overview-dashboard/index.tsx(40,5): error TS17004: Cannot use JSX unless the '--jsx' flag is provided.
frontend/src/views/team-overview-dashboard/index.tsx(41,7): error TS17004: Cannot use JSX unless the '--jsx' flag is provided.
frontend/src/views/team-overview-dashboard/index.tsx(56,5): error TS17004: Cannot use JSX unless the '--jsx' flag is provided.
frontend/src/views/team-overview-dashboard/index.tsx(57,7): error TS17004: Cannot use JSX unless the '--jsx' flag is provided.
frontend/src/views/team-overview-dashboard/index.tsx(58,9): error TS17004: Cannot use JSX unless the '--jsx' flag is provided.
frontend/src/views/team-overview-dashboard/index.tsx(59,11): error TS17004: Cannot use JSX unless the '--jsx' flag is provided.
frontend/src/views/team-overview-dashboard/index.tsx(60,11): error TS17004: Cannot use JSX unless the '--jsx' flag is provided.
frontend/src/views/team-overview-dashboard/index.tsx(65,11): error TS17004: Cannot use JSX unless the '--jsx' flag is provided.
frontend/src/views/team-overview-dashboard/index.tsx(68,11): error TS17004: Cannot use JSX unless the '--jsx' flag is provided.
frontend/src/views/team-overview-dashboard/index.tsx(69,13): error TS17004: Cannot use JSX unless the '--jsx' flag is provided.
frontend/src/views/team-overview-dashboard/index.tsx(70,15): error TS17004: Cannot use JSX unless the '--jsx' flag is provided.
frontend/src/views/team-overview-dashboard/index.tsx(72,13): error TS17004: Cannot use JSX unless the '--jsx' flag is provided.
frontend/src/views/team-overview-dashboard/index.tsx(73,15): error TS17004: Cannot use JSX unless the '--jsx' flag is provided.
frontend/src/views/team-overview-dashboard/index.tsx(74,17): error TS17004: Cannot use JSX unless the '--jsx' flag is provided.
frontend/src/views/team-overview-dashboard/index.tsx(75,19): error TS17004: Cannot use JSX unless the '--jsx' flag is provided.
frontend/src/views/team-overview-dashboard/index.tsx(76,21): error TS17004: Cannot use JSX unless the '--jsx' flag is provided.
frontend/src/views/team-overview-dashboard/index.tsx(80,21): error TS17004: Cannot use JSX unless the '--jsx' flag is provided.
frontend/src/views/team-overview-dashboard/index.tsx(84,19): error TS17004: Cannot use JSX unless the '--jsx' flag is provided.
frontend/src/views/team-overview-dashboard/index.tsx(86,17): error TS17004: Cannot use JSX unless the '--jsx' flag is provided.
frontend/src/views/team-overview-dashboard/index.tsx(87,19): error TS17004: Cannot use JSX unless the '--jsx' flag is provided.
frontend/src/views/team-overview-dashboard/index.tsx(88,19): error TS17004: Cannot use JSX unless the '--jsx' flag is provided.
frontend/src/views/team-overview-dashboard/index.tsx(92,17): error TS17004: Cannot use JSX unless the '--jsx' flag is provided.
frontend/src/views/team-overview-dashboard/index.tsx(93,19): error TS17004: Cannot use JSX unless the '--jsx' flag is provided.
frontend/src/views/team-overview-dashboard/index.tsx(94,19): error TS17004: Cannot use JSX unless the '--jsx' flag is provided.
frontend/src/views/team-overview-dashboard/index.tsx(95,21): error TS17004: Cannot use JSX unless the '--jsx' flag is provided.
frontend/src/views/team-overview-dashboard/index.tsx(99,21): error TS17004: Cannot use JSX unless the '--jsx' flag is provided.
frontend/src/views/team-overview-dashboard/index.tsx(106,13): error TS17004: Cannot use JSX unless the '--jsx' flag is provided.
frontend/src/views/team-overview-dashboard/index.tsx(107,15): error TS17004: Cannot use JSX unless the '--jsx' flag is provided.
frontend/src/views/team-overview-dashboard/index.tsx(108,17): error TS17004: Cannot use JSX unless the '--jsx' flag is provided.
frontend/src/views/team-overview-dashboard/index.tsx(113,9): error TS17004: Cannot use JSX unless the '--jsx' flag is provided.
frontend/src/views/team-overview-dashboard/index.tsx(114,11): error TS17004: Cannot use JSX unless the '--jsx' flag is provided.
frontend/src/views/team-overview-dashboard/index.tsx(115,13): error TS17004: Cannot use JSX unless the '--jsx' flag is provided.
frontend/src/views/team-overview-dashboard/index.tsx(117,11): error TS17004: Cannot use JSX unless the '--jsx' flag is provided.
frontend/src/views/team-overview-dashboard/index.tsx(119,15): error TS17004: Cannot use JSX unless the '--jsx' flag is provided.
frontend/src/views/team-overview-dashboard/index.tsx(123,17): error TS17004: Cannot use JSX unless the '--jsx' flag is provided.
frontend/src/views/team-overview-dashboard/index.tsx(124,17): error TS17004: Cannot use JSX unless the '--jsx' flag is provided.
frontend/src/views/team-overview-dashboard/index.tsx(125,19): error TS17004: Cannot use JSX unless the '--jsx' flag is provided.
frontend/src/views/team-overview-dashboard/index.tsx(126,19): error TS17004: Cannot use JSX unless the '--jsx' flag is provided.
frontend/src/views/team-overview-dashboard/index.tsx(127,19): error TS17004: Cannot use JSX unless the '--jsx' flag is provided.
frontend/src/views/team-overview-dashboard/index.tsx(134,7): error TS17004: Cannot use JSX unless the '--jsx' flag is provided.
frontend/src/views/team-overview-dashboard/index.tsx(135,9): error TS17004: Cannot use JSX unless the '--jsx' flag is provided.
frontend/src/views/team-overview-dashboard/index.tsx(136,11): error TS17004: Cannot use JSX unless the '--jsx' flag is provided.
frontend/src/views/team-overview-dashboard/index.tsx(137,13): error TS17004: Cannot use JSX unless the '--jsx' flag is provided.
frontend/src/views/team-overview-dashboard/index.tsx(139,11): error TS17004: Cannot use JSX unless the '--jsx' flag is provided.
frontend/src/views/team-overview-dashboard/index.tsx(141,15): error TS17004: Cannot use JSX unless the '--jsx' flag is provided.
frontend/src/views/team-overview-dashboard/index.tsx(142,17): error TS17004: Cannot use JSX unless the '--jsx' flag is provided.
frontend/src/views/team-overview-dashboard/index.tsx(143,19): error TS17004: Cannot use JSX unless the '--jsx' flag is provided.
frontend/src/views/team-overview-dashboard/index.tsx(144,19): error TS17004: Cannot use JSX unless the '--jsx' flag is provided.
frontend/src/views/team-overview-dashboard/index.tsx(146,17): error TS17004: Cannot use JSX unless the '--jsx' flag is provided.
frontend/src/views/team-overview-dashboard/index.tsx(147,19): error TS17004: Cannot use JSX unless the '--jsx' flag is provided.
frontend/src/views/team-overview-dashboard/index.tsx(148,19): error TS17004: Cannot use JSX unless the '--jsx' flag is provided.
frontend/src/views/team-overview-dashboard/index.tsx(153,11): error TS17004: Cannot use JSX unless the '--jsx' flag is provided.
frontend/src/views/team-overview-dashboard/index.tsx(154,13): error TS17004: Cannot use JSX unless the '--jsx' flag is provided.
frontend/src/views/teams-list/index.tsx(1,26): error TS2307: Cannot find module '@/entities/team/api/teams' or its corresponding type declarations.
frontend/src/views/teams-list/index.tsx(2,33): error TS2307: Cannot find module '@/widgets/teams-list' or its corresponding type declarations.
frontend/src/views/teams-list/index.tsx(7,10): error TS17004: Cannot use JSX unless the '--jsx' flag is provided.
frontend/src/views/theme-demo/index.tsx(3,24): error TS2307: Cannot find module '@/shared/ui/button' or its corresponding type declarations.
frontend/src/views/theme-demo/index.tsx(4,58): error TS2307: Cannot find module '@/shared/ui/card' or its corresponding type declarations.
frontend/src/views/theme-demo/index.tsx(5,23): error TS2307: Cannot find module '@/shared/ui/input' or its corresponding type declarations.
frontend/src/views/theme-demo/index.tsx(6,23): error TS2307: Cannot find module '@/shared/ui/label' or its corresponding type declarations.
frontend/src/views/theme-demo/index.tsx(7,57): error TS2307: Cannot find module '@/shared/ui/popover' or its corresponding type declarations.
frontend/src/views/theme-demo/index.tsx(8,26): error TS2307: Cannot find module '@/shared/ui/progress' or its corresponding type declarations.
frontend/src/views/theme-demo/index.tsx(15,8): error TS2307: Cannot find module '@/shared/ui/select' or its corresponding type declarations.
frontend/src/views/theme-demo/index.tsx(16,24): error TS2307: Cannot find module '@/shared/ui/slider' or its corresponding type declarations.
frontend/src/views/theme-demo/index.tsx(17,24): error TS2307: Cannot find module '@/shared/ui/switch' or its corresponding type declarations.
frontend/src/views/theme-demo/index.tsx(18,58): error TS2307: Cannot find module '@/shared/ui/tabs' or its corresponding type declarations.
frontend/src/views/theme-demo/index.tsx(19,53): error TS2307: Cannot find module '@/shared/ui/alert' or its corresponding type declarations.
frontend/src/views/theme-demo/index.tsx(24,5): error TS17004: Cannot use JSX unless the '--jsx' flag is provided.
frontend/src/views/theme-demo/index.tsx(25,7): error TS17004: Cannot use JSX unless the '--jsx' flag is provided.
frontend/src/views/theme-demo/index.tsx(26,9): error TS17004: Cannot use JSX unless the '--jsx' flag is provided.
frontend/src/views/theme-demo/index.tsx(29,9): error TS17004: Cannot use JSX unless the '--jsx' flag is provided.
frontend/src/views/theme-demo/index.tsx(35,7): error TS17004: Cannot use JSX unless the '--jsx' flag is provided.
frontend/src/views/theme-demo/index.tsx(36,9): error TS17004: Cannot use JSX unless the '--jsx' flag is provided.
frontend/src/views/theme-demo/index.tsx(37,11): error TS17004: Cannot use JSX unless the '--jsx' flag is provided.
frontend/src/views/theme-demo/index.tsx(38,13): error TS17004: Cannot use JSX unless the '--jsx' flag is provided.
frontend/src/views/theme-demo/index.tsx(39,15): error TS17004: Cannot use JSX unless the '--jsx' flag is provided.
frontend/src/views/theme-demo/index.tsx(41,13): error TS17004: Cannot use JSX unless the '--jsx' flag is provided.
frontend/src/views/theme-demo/index.tsx(42,15): error TS17004: Cannot use JSX unless the '--jsx' flag is provided.
frontend/src/views/theme-demo/index.tsx(43,15): error TS17004: Cannot use JSX unless the '--jsx' flag is provided.
frontend/src/views/theme-demo/index.tsx(44,15): error TS17004: Cannot use JSX unless the '--jsx' flag is provided.
frontend/src/views/theme-demo/index.tsx(45,15): error TS17004: Cannot use JSX unless the '--jsx' flag is provided.
frontend/src/views/theme-demo/index.tsx(46,15): error TS17004: Cannot use JSX unless the '--jsx' flag is provided.
frontend/src/views/theme-demo/index.tsx(47,15): error TS17004: Cannot use JSX unless the '--jsx' flag is provided.
frontend/src/views/theme-demo/index.tsx(51,11): error TS17004: Cannot use JSX unless the '--jsx' flag is provided.
frontend/src/views/theme-demo/index.tsx(52,13): error TS17004: Cannot use JSX unless the '--jsx' flag is provided.
frontend/src/views/theme-demo/index.tsx(53,15): error TS17004: Cannot use JSX unless the '--jsx' flag is provided.
frontend/src/views/theme-demo/index.tsx(55,13): error TS17004: Cannot use JSX unless the '--jsx' flag is provided.
frontend/src/views/theme-demo/index.tsx(56,15): error TS17004: Cannot use JSX unless the '--jsx' flag is provided.
frontend/src/views/theme-demo/index.tsx(57,17): error TS17004: Cannot use JSX unless the '--jsx' flag is provided.
frontend/src/views/theme-demo/index.tsx(58,17): error TS17004: Cannot use JSX unless the '--jsx' flag is provided.
frontend/src/views/theme-demo/index.tsx(60,15): error TS17004: Cannot use JSX unless the '--jsx' flag is provided.
frontend/src/views/theme-demo/index.tsx(61,17): error TS17004: Cannot use JSX unless the '--jsx' flag is provided.
frontend/src/views/theme-demo/index.tsx(62,17): error TS17004: Cannot use JSX unless the '--jsx' flag is provided.
frontend/src/views/theme-demo/index.tsx(63,19): error TS17004: Cannot use JSX unless the '--jsx' flag is provided.
frontend/src/views/theme-demo/index.tsx(64,21): error TS17004: Cannot use JSX unless the '--jsx' flag is provided.
frontend/src/views/theme-demo/index.tsx(66,19): error TS17004: Cannot use JSX unless the '--jsx' flag is provided.
frontend/src/views/theme-demo/index.tsx(67,21): error TS17004: Cannot use JSX unless the '--jsx' flag is provided.
frontend/src/views/theme-demo/index.tsx(68,21): error TS17004: Cannot use JSX unless the '--jsx' flag is provided.
frontend/src/views/theme-demo/index.tsx(69,21): error TS17004: Cannot use JSX unless the '--jsx' flag is provided.
frontend/src/views/theme-demo/index.tsx(70,21): error TS17004: Cannot use JSX unless the '--jsx' flag is provided.
frontend/src/views/theme-demo/index.tsx(74,15): error TS17004: Cannot use JSX unless the '--jsx' flag is provided.
frontend/src/views/theme-demo/index.tsx(75,17): error TS17004: Cannot use JSX unless the '--jsx' flag is provided.
frontend/src/views/theme-demo/index.tsx(76,17): error TS17004: Cannot use JSX unless the '--jsx' flag is provided.
frontend/src/views/theme-demo/index.tsx(81,11): error TS17004: Cannot use JSX unless the '--jsx' flag is provided.
frontend/src/views/theme-demo/index.tsx(82,13): error TS17004: Cannot use JSX unless the '--jsx' flag is provided.
frontend/src/views/theme-demo/index.tsx(83,15): error TS17004: Cannot use JSX unless the '--jsx' flag is provided.
frontend/src/views/theme-demo/index.tsx(85,13): error TS17004: Cannot use JSX unless the '--jsx' flag is provided.
frontend/src/views/theme-demo/index.tsx(86,15): error TS17004: Cannot use JSX unless the '--jsx' flag is provided.
frontend/src/views/theme-demo/index.tsx(87,17): error TS17004: Cannot use JSX unless the '--jsx' flag is provided.
frontend/src/views/theme-demo/index.tsx(88,17): error TS17004: Cannot use JSX unless the '--jsx' flag is provided.
frontend/src/views/theme-demo/index.tsx(90,15): error TS17004: Cannot use JSX unless the '--jsx' flag is provided.
frontend/src/views/theme-demo/index.tsx(91,17): error TS17004: Cannot use JSX unless the '--jsx' flag is provided.
frontend/src/views/theme-demo/index.tsx(92,17): error TS17004: Cannot use JSX unless the '--jsx' flag is provided.
frontend/src/views/theme-demo/index.tsx(103,9): error TS17004: Cannot use JSX unless the '--jsx' flag is provided.
frontend/src/views/theme-demo/index.tsx(104,11): error TS17004: Cannot use JSX unless the '--jsx' flag is provided.
frontend/src/views/theme-demo/index.tsx(105,13): error TS17004: Cannot use JSX unless the '--jsx' flag is provided.
frontend/src/views/theme-demo/index.tsx(106,15): error TS17004: Cannot use JSX unless the '--jsx' flag is provided.
frontend/src/views/theme-demo/index.tsx(108,13): error TS17004: Cannot use JSX unless the '--jsx' flag is provided.
frontend/src/views/theme-demo/index.tsx(109,15): error TS17004: Cannot use JSX unless the '--jsx' flag is provided.
frontend/src/views/theme-demo/index.tsx(110,17): error TS17004: Cannot use JSX unless the '--jsx' flag is provided.
frontend/src/views/theme-demo/index.tsx(111,19): error TS17004: Cannot use JSX unless the '--jsx' flag is provided.
frontend/src/views/theme-demo/index.tsx(112,19): error TS17004: Cannot use JSX unless the '--jsx' flag is provided.
frontend/src/views/theme-demo/index.tsx(114,17): error TS17004: Cannot use JSX unless the '--jsx' flag is provided.
frontend/src/views/theme-demo/index.tsx(115,19): error TS17004: Cannot use JSX unless the '--jsx' flag is provided.
frontend/src/views/theme-demo/index.tsx(119,17): error TS17004: Cannot use JSX unless the '--jsx' flag is provided.
frontend/src/views/theme-demo/index.tsx(120,19): error TS17004: Cannot use JSX unless the '--jsx' flag is provided.
frontend/src/views/theme-demo/index.tsx(128,11): error TS17004: Cannot use JSX unless the '--jsx' flag is provided.
frontend/src/views/theme-demo/index.tsx(129,13): error TS17004: Cannot use JSX unless the '--jsx' flag is provided.
frontend/src/views/theme-demo/index.tsx(130,15): error TS17004: Cannot use JSX unless the '--jsx' flag is provided.
frontend/src/views/theme-demo/index.tsx(132,13): error TS17004: Cannot use JSX unless the '--jsx' flag is provided.
frontend/src/views/theme-demo/index.tsx(133,15): error TS17004: Cannot use JSX unless the '--jsx' flag is provided.
frontend/src/views/theme-demo/index.tsx(134,17): error TS17004: Cannot use JSX unless the '--jsx' flag is provided.
frontend/src/views/theme-demo/index.tsx(135,19): error TS17004: Cannot use JSX unless the '--jsx' flag is provided.
frontend/src/views/theme-demo/index.tsx(137,17): error TS17004: Cannot use JSX unless the '--jsx' flag is provided.
frontend/src/views/theme-demo/index.tsx(138,19): error TS17004: Cannot use JSX unless the '--jsx' flag is provided.
frontend/src/views/theme-demo/index.tsx(139,21): error TS17004: Cannot use JSX unless the '--jsx' flag is provided.
frontend/src/views/theme-demo/index.tsx(140,21): error TS17004: Cannot use JSX unless the '--jsx' flag is provided.
frontend/src/views/theme-demo/index.tsx(149,11): error TS17004: Cannot use JSX unless the '--jsx' flag is provided.
frontend/src/views/theme-demo/index.tsx(150,13): error TS17004: Cannot use JSX unless the '--jsx' flag is provided.
frontend/src/views/theme-demo/index.tsx(151,15): error TS17004: Cannot use JSX unless the '--jsx' flag is provided.
frontend/src/views/theme-demo/index.tsx(153,13): error TS17004: Cannot use JSX unless the '--jsx' flag is provided.
frontend/src/views/theme-demo/index.tsx(154,15): error TS17004: Cannot use JSX unless the '--jsx' flag is provided.
frontend/src/views/theme-demo/index.tsx(155,17): error TS17004: Cannot use JSX unless the '--jsx' flag is provided.
frontend/src/views/theme-demo/index.tsx(156,17): error TS17004: Cannot use JSX unless the '--jsx' flag is provided.
frontend/src/views/theme-demo/index.tsx(157,17): error TS17004: Cannot use JSX unless the '--jsx' flag is provided.
frontend/src/views/theme-demo/index.tsx(161,15): error TS17004: Cannot use JSX unless the '--jsx' flag is provided.
frontend/src/views/theme-demo/index.tsx(162,17): error TS17004: Cannot use JSX unless the '--jsx' flag is provided.
frontend/src/views/theme-demo/index.tsx(163,17): error TS17004: Cannot use JSX unless the '--jsx' flag is provided.
frontend/src/views/theme-demo/index.tsx(164,17): error TS17004: Cannot use JSX unless the '--jsx' flag is provided.
frontend/src/views/tournament-create-wizard/index.tsx(3,58): error TS2307: Cannot find module '@/shared/ui/tabs' or its corresponding type declarations.
frontend/src/views/tournament-create-wizard/index.tsx(4,38): error TS2307: Cannot find module '@/widgets/tournament-wizard/manual-tournament-form' or its corresponding type declarations.
frontend/src/views/tournament-create-wizard/index.tsx(5,36): error TS2307: Cannot find module '@/widgets/ai-tournament-wizard' or its corresponding type declarations.
frontend/src/views/tournament-create-wizard/index.tsx(10,5): error TS17004: Cannot use JSX unless the '--jsx' flag is provided.
frontend/src/views/tournament-create-wizard/index.tsx(11,7): error TS17004: Cannot use JSX unless the '--jsx' flag is provided.
frontend/src/views/tournament-create-wizard/index.tsx(12,9): error TS17004: Cannot use JSX unless the '--jsx' flag is provided.
frontend/src/views/tournament-create-wizard/index.tsx(15,9): error TS17004: Cannot use JSX unless the '--jsx' flag is provided.
frontend/src/views/tournament-create-wizard/index.tsx(20,7): error TS17004: Cannot use JSX unless the '--jsx' flag is provided.
frontend/src/views/tournament-create-wizard/index.tsx(21,9): error TS17004: Cannot use JSX unless the '--jsx' flag is provided.
frontend/src/views/tournament-create-wizard/index.tsx(22,11): error TS17004: Cannot use JSX unless the '--jsx' flag is provided.
frontend/src/views/tournament-create-wizard/index.tsx(23,13): error TS17004: Cannot use JSX unless the '--jsx' flag is provided.
frontend/src/views/tournament-create-wizard/index.tsx(25,11): error TS17004: Cannot use JSX unless the '--jsx' flag is provided.
frontend/src/views/tournament-create-wizard/index.tsx(26,13): error TS17004: Cannot use JSX unless the '--jsx' flag is provided.
frontend/src/views/tournament-create-wizard/index.tsx(29,9): error TS17004: Cannot use JSX unless the '--jsx' flag is provided.
frontend/src/views/tournament-create-wizard/index.tsx(30,11): error TS17004: Cannot use JSX unless the '--jsx' flag is provided.
frontend/src/views/tournament-create-wizard/index.tsx(32,9): error TS17004: Cannot use JSX unless the '--jsx' flag is provided.
frontend/src/views/tournament-create-wizard/index.tsx(33,11): error TS17004: Cannot use JSX unless the '--jsx' flag is provided.
frontend/src/views/tournament-crm-create/index.tsx(1,41): error TS2307: Cannot find module '@/views/tournament-create-wizard' or its corresponding type declarations.
frontend/src/views/tournament-crm-create/index.tsx(4,10): error TS17004: Cannot use JSX unless the '--jsx' flag is provided.
frontend/src/views/tournament-crm-dashboard/index.tsx(11,8): error TS2307: Cannot find module '@/shared/ui/card' or its corresponding type declarations.
frontend/src/views/tournament-crm-dashboard/index.tsx(12,24): error TS2307: Cannot find module '@/shared/ui/button' or its corresponding type declarations.
frontend/src/views/tournament-crm-dashboard/index.tsx(20,8): error TS2307: Cannot find module '@/shared/ui/table' or its corresponding type declarations.
frontend/src/views/tournament-crm-dashboard/index.tsx(21,23): error TS2307: Cannot find module '@/shared/ui/badge' or its corresponding type declarations.
frontend/src/views/tournament-crm-dashboard/index.tsx(22,23): error TS2307: Cannot find module '@/shared/ui/input' or its corresponding type declarations.
frontend/src/views/tournament-crm-dashboard/index.tsx(29,8): error TS2307: Cannot find module '@/shared/ui/select' or its corresponding type declarations.
frontend/src/views/tournament-crm-dashboard/index.tsx(30,26): error TS2307: Cannot find module '@/shared/ui/progress' or its corresponding type declarations.
frontend/src/views/tournament-crm-dashboard/index.tsx(41,37): error TS2307: Cannot find module '@/entities/tournament/api/get-tournaments' or its corresponding type declarations.
frontend/src/views/tournament-crm-dashboard/index.tsx(42,36): error TS2307: Cannot find module '@/entities/user/model/types' or its corresponding type declarations.
frontend/src/views/tournament-crm-dashboard/index.tsx(43,26): error TS2307: Cannot find module '@/shared/hooks/use-toast' or its corresponding type declarations.
frontend/src/views/tournament-crm-dashboard/index.tsx(44,26): error TS2307: Cannot find module '@/shared/ui/skeleton' or its corresponding type declarations.
frontend/src/views/tournament-crm-dashboard/index.tsx(57,3): error TS17004: Cannot use JSX unless the '--jsx' flag is provided.
frontend/src/views/tournament-crm-dashboard/index.tsx(58,5): error TS17004: Cannot use JSX unless the '--jsx' flag is provided.
frontend/src/views/tournament-crm-dashboard/index.tsx(59,7): error TS17004: Cannot use JSX unless the '--jsx' flag is provided.
frontend/src/views/tournament-crm-dashboard/index.tsx(60,7): error TS17004: Cannot use JSX unless the '--jsx' flag is provided.
frontend/src/views/tournament-crm-dashboard/index.tsx(62,5): error TS17004: Cannot use JSX unless the '--jsx' flag is provided.
frontend/src/views/tournament-crm-dashboard/index.tsx(63,7): error TS17004: Cannot use JSX unless the '--jsx' flag is provided.
frontend/src/views/tournament-crm-dashboard/index.tsx(65,9): error TS17004: Cannot use JSX unless the '--jsx' flag is provided.
frontend/src/views/tournament-crm-dashboard/index.tsx(140,5): error TS17004: Cannot use JSX unless the '--jsx' flag is provided.
frontend/src/views/tournament-crm-dashboard/index.tsx(141,7): error TS17004: Cannot use JSX unless the '--jsx' flag is provided.
frontend/src/views/tournament-crm-dashboard/index.tsx(142,9): error TS17004: Cannot use JSX unless the '--jsx' flag is provided.
frontend/src/views/tournament-crm-dashboard/index.tsx(143,11): error TS17004: Cannot use JSX unless the '--jsx' flag is provided.
frontend/src/views/tournament-crm-dashboard/index.tsx(146,11): error TS17004: Cannot use JSX unless the '--jsx' flag is provided.
frontend/src/views/tournament-crm-dashboard/index.tsx(150,9): error TS17004: Cannot use JSX unless the '--jsx' flag is provided.
frontend/src/views/tournament-crm-dashboard/index.tsx(151,11): error TS17004: Cannot use JSX unless the '--jsx' flag is provided.
frontend/src/views/tournament-crm-dashboard/index.tsx(152,13): error TS17004: Cannot use JSX unless the '--jsx' flag is provided.
frontend/src/views/tournament-crm-dashboard/index.tsx(158,7): error TS17004: Cannot use JSX unless the '--jsx' flag is provided.
frontend/src/views/tournament-crm-dashboard/index.tsx(159,9): error TS17004: Cannot use JSX unless the '--jsx' flag is provided.
frontend/src/views/tournament-crm-dashboard/index.tsx(164,9): error TS17004: Cannot use JSX unless the '--jsx' flag is provided.
frontend/src/views/tournament-crm-dashboard/index.tsx(169,9): error TS17004: Cannot use JSX unless the '--jsx' flag is provided.
frontend/src/views/tournament-crm-dashboard/index.tsx(175,9): error TS17004: Cannot use JSX unless the '--jsx' flag is provided.
frontend/src/views/tournament-crm-dashboard/index.tsx(183,7): error TS17004: Cannot use JSX unless the '--jsx' flag is provided.
frontend/src/views/tournament-crm-dashboard/index.tsx(184,9): error TS17004: Cannot use JSX unless the '--jsx' flag is provided.
frontend/src/views/tournament-crm-dashboard/index.tsx(185,11): error TS17004: Cannot use JSX unless the '--jsx' flag is provided.
frontend/src/views/tournament-crm-dashboard/index.tsx(186,11): error TS17004: Cannot use JSX unless the '--jsx' flag is provided.
frontend/src/views/tournament-crm-dashboard/index.tsx(187,13): error TS17004: Cannot use JSX unless the '--jsx' flag is provided.
frontend/src/views/tournament-crm-dashboard/index.tsx(188,15): error TS17004: Cannot use JSX unless the '--jsx' flag is provided.
frontend/src/views/tournament-crm-dashboard/index.tsx(189,17): error TS17004: Cannot use JSX unless the '--jsx' flag is provided.
frontend/src/views/tournament-crm-dashboard/index.tsx(190,17): error TS17004: Cannot use JSX unless the '--jsx' flag is provided.
frontend/src/views/tournament-crm-dashboard/index.tsx(197,15): error TS17004: Cannot use JSX unless the '--jsx' flag is provided.
frontend/src/views/tournament-crm-dashboard/index.tsx(198,17): error TS17004: Cannot use JSX unless the '--jsx' flag is provided.
frontend/src/views/tournament-crm-dashboard/index.tsx(199,19): error TS17004: Cannot use JSX unless the '--jsx' flag is provided.
frontend/src/views/tournament-crm-dashboard/index.tsx(201,17): error TS17004: Cannot use JSX unless the '--jsx' flag is provided.
frontend/src/views/tournament-crm-dashboard/index.tsx(202,19): error TS17004: Cannot use JSX unless the '--jsx' flag is provided.
frontend/src/views/tournament-crm-dashboard/index.tsx(203,19): error TS17004: Cannot use JSX unless the '--jsx' flag is provided.
frontend/src/views/tournament-crm-dashboard/index.tsx(204,19): error TS17004: Cannot use JSX unless the '--jsx' flag is provided.
frontend/src/views/tournament-crm-dashboard/index.tsx(205,19): error TS17004: Cannot use JSX unless the '--jsx' flag is provided.
frontend/src/views/tournament-crm-dashboard/index.tsx(211,9): error TS17004: Cannot use JSX unless the '--jsx' flag is provided.
frontend/src/views/tournament-crm-dashboard/index.tsx(213,13): error TS17004: Cannot use JSX unless the '--jsx' flag is provided.
frontend/src/views/tournament-crm-dashboard/index.tsx(214,15): error TS17004: Cannot use JSX unless the '--jsx' flag is provided.
frontend/src/views/tournament-crm-dashboard/index.tsx(215,15): error TS17004: Cannot use JSX unless the '--jsx' flag is provided.
frontend/src/views/tournament-crm-dashboard/index.tsx(216,15): error TS17004: Cannot use JSX unless the '--jsx' flag is provided.
frontend/src/views/tournament-crm-dashboard/index.tsx(219,13): error TS17004: Cannot use JSX unless the '--jsx' flag is provided.
frontend/src/views/tournament-crm-dashboard/index.tsx(220,15): error TS17004: Cannot use JSX unless the '--jsx' flag is provided.
frontend/src/views/tournament-crm-dashboard/index.tsx(221,17): error TS17004: Cannot use JSX unless the '--jsx' flag is provided.
frontend/src/views/tournament-crm-dashboard/index.tsx(222,19): error TS17004: Cannot use JSX unless the '--jsx' flag is provided.
frontend/src/views/tournament-crm-dashboard/index.tsx(223,19): error TS17004: Cannot use JSX unless the '--jsx' flag is provided.
frontend/src/views/tournament-crm-dashboard/index.tsx(224,19): error TS17004: Cannot use JSX unless the '--jsx' flag is provided.
frontend/src/views/tournament-crm-dashboard/index.tsx(227,19): error TS17004: Cannot use JSX unless the '--jsx' flag is provided.
frontend/src/views/tournament-crm-dashboard/index.tsx(230,19): error TS17004: Cannot use JSX unless the '--jsx' flag is provided.
frontend/src/views/tournament-crm-dashboard/index.tsx(233,15): error TS17004: Cannot use JSX unless the '--jsx' flag is provided.
frontend/src/views/tournament-crm-dashboard/index.tsx(235,19): error TS17004: Cannot use JSX unless the '--jsx' flag is provided.
frontend/src/views/tournament-crm-dashboard/index.tsx(236,21): error TS17004: Cannot use JSX unless the '--jsx' flag is provided.
frontend/src/views/tournament-crm-dashboard/index.tsx(237,23): error TS17004: Cannot use JSX unless the '--jsx' flag is provided.
frontend/src/views/tournament-crm-dashboard/index.tsx(238,23): error TS17004: Cannot use JSX unless the '--jsx' flag is provided.
frontend/src/views/tournament-crm-dashboard/index.tsx(242,21): error TS17004: Cannot use JSX unless the '--jsx' flag is provided.
frontend/src/views/tournament-crm-dashboard/index.tsx(243,23): error TS17004: Cannot use JSX unless the '--jsx' flag is provided.
frontend/src/views/tournament-crm-dashboard/index.tsx(247,21): error TS17004: Cannot use JSX unless the '--jsx' flag is provided.
frontend/src/views/tournament-crm-dashboard/index.tsx(248,23): error TS17004: Cannot use JSX unless the '--jsx' flag is provided.
frontend/src/views/tournament-crm-dashboard/index.tsx(249,25): error TS17004: Cannot use JSX unless the '--jsx' flag is provided.
frontend/src/views/tournament-crm-dashboard/index.tsx(253,25): error TS17004: Cannot use JSX unless the '--jsx' flag is provided.
frontend/src/views/tournament-crm-dashboard/index.tsx(263,21): error TS17004: Cannot use JSX unless the '--jsx' flag is provided.
frontend/src/views/tournament-crm-dashboard/index.tsx(268,21): error TS17004: Cannot use JSX unless the '--jsx' flag is provided.
frontend/src/views/tournament-crm-dashboard/index.tsx(269,23): error TS17004: Cannot use JSX unless the '--jsx' flag is provided.
frontend/src/views/tournament-crm-dashboard/index.tsx(270,25): error TS17004: Cannot use JSX unless the '--jsx' flag is provided.
frontend/src/views/tournament-crm-details/index.tsx(10,8): error TS2307: Cannot find module '@/shared/ui/card' or its corresponding type declarations.
frontend/src/views/tournament-crm-details/index.tsx(11,58): error TS2307: Cannot find module '@/shared/ui/tabs' or its corresponding type declarations.
frontend/src/views/tournament-crm-details/index.tsx(13,39): error TS2307: Cannot find module '@/widgets/crm-tournament-overview' or its corresponding type declarations.
frontend/src/views/tournament-crm-details/index.tsx(14,35): error TS2307: Cannot find module '@/widgets/tournament-bracket' or its corresponding type declarations.
frontend/src/views/tournament-crm-details/index.tsx(15,37): error TS2307: Cannot find module '@/widgets/crm-tournament-judges' or its corresponding type declarations.
frontend/src/views/tournament-crm-details/index.tsx(16,39): error TS2307: Cannot find module '@/widgets/crm-tournament-sponsors' or its corresponding type declarations.
frontend/src/views/tournament-crm-details/index.tsx(17,44): error TS2307: Cannot find module '@/widgets/crm-tournament-announcements' or its corresponding type declarations.
frontend/src/views/tournament-crm-details/index.tsx(18,39): error TS2307: Cannot find module '@/widgets/crm-tournament-settings' or its corresponding type declarations.
frontend/src/views/tournament-crm-details/index.tsx(20,26): error TS2307: Cannot find module '@/shared/hooks/use-toast' or its corresponding type declarations.
frontend/src/views/tournament-crm-details/index.tsx(21,26): error TS2307: Cannot find module '@/shared/ui/textarea' or its corresponding type declarations.
frontend/src/views/tournament-crm-details/index.tsx(22,24): error TS2307: Cannot find module '@/shared/ui/button' or its corresponding type declarations.
frontend/src/views/tournament-crm-details/index.tsx(24,28): error TS2307: Cannot find module '@/shared/ui/scroll-area' or its corresponding type declarations.
frontend/src/views/tournament-crm-details/index.tsx(25,42): error TS2307: Cannot find module '@/widgets/crm-tournament-media-center' or its corresponding type declarations.
frontend/src/views/tournament-crm-details/index.tsx(26,39): error TS2307: Cannot find module '@/widgets/crm-tournament-disputes' or its corresponding type declarations.
frontend/src/views/tournament-crm-details/index.tsx(27,35): error TS2307: Cannot find module '@/entities/tournament/api/get-tournament' or its corresponding type declarations.
frontend/src/views/tournament-crm-details/index.tsx(28,40): error TS2307: Cannot find module '@/entities/tournament/model/types' or its corresponding type declarations.
frontend/src/views/tournament-crm-details/index.tsx(29,26): error TS2307: Cannot find module '@/shared/ui/skeleton' or its corresponding type declarations.
frontend/src/views/tournament-crm-details/index.tsx(30,38): error TS2307: Cannot find module '@/widgets/crm-tournament-medical' or its corresponding type declarations.
frontend/src/views/tournament-crm-details/index.tsx(31,38): error TS2307: Cannot find module '@/widgets/crm-tournament-matches' or its corresponding type declarations.
frontend/src/views/tournament-crm-details/index.tsx(32,47): error TS2307: Cannot find module '@/views/tournament-crm-participants' or its corresponding type declarations.
frontend/src/views/tournament-crm-details/index.tsx(75,7): error TS17004: Cannot use JSX unless the '--jsx' flag is provided.
frontend/src/views/tournament-crm-details/index.tsx(76,9): error TS17004: Cannot use JSX unless the '--jsx' flag is provided.
frontend/src/views/tournament-crm-details/index.tsx(77,9): error TS17004: Cannot use JSX unless the '--jsx' flag is provided.
frontend/src/views/tournament-crm-details/index.tsx(78,9): error TS17004: Cannot use JSX unless the '--jsx' flag is provided.
frontend/src/views/tournament-crm-details/index.tsx(86,5): error TS17004: Cannot use JSX unless the '--jsx' flag is provided.
frontend/src/views/tournament-crm-details/index.tsx(87,7): error TS17004: Cannot use JSX unless the '--jsx' flag is provided.
frontend/src/views/tournament-crm-details/index.tsx(88,9): error TS17004: Cannot use JSX unless the '--jsx' flag is provided.
frontend/src/views/tournament-crm-details/index.tsx(91,9): error TS17004: Cannot use JSX unless the '--jsx' flag is provided.
frontend/src/views/tournament-crm-details/index.tsx(96,7): error TS17004: Cannot use JSX unless the '--jsx' flag is provided.
frontend/src/views/tournament-crm-details/index.tsx(97,9): error TS17004: Cannot use JSX unless the '--jsx' flag is provided.
frontend/src/views/tournament-crm-details/index.tsx(98,11): error TS17004: Cannot use JSX unless the '--jsx' flag is provided.
frontend/src/views/tournament-crm-details/index.tsx(99,13): error TS17004: Cannot use JSX unless the '--jsx' flag is provided.
frontend/src/views/tournament-crm-details/index.tsx(100,13): error TS17004: Cannot use JSX unless the '--jsx' flag is provided.
frontend/src/views/tournament-crm-details/index.tsx(101,13): error TS17004: Cannot use JSX unless the '--jsx' flag is provided.
frontend/src/views/tournament-crm-details/index.tsx(102,13): error TS17004: Cannot use JSX unless the '--jsx' flag is provided.
frontend/src/views/tournament-crm-details/index.tsx(103,13): error TS17004: Cannot use JSX unless the '--jsx' flag is provided.
frontend/src/views/tournament-crm-details/index.tsx(104,13): error TS17004: Cannot use JSX unless the '--jsx' flag is provided.
frontend/src/views/tournament-crm-details/index.tsx(105,13): error TS17004: Cannot use JSX unless the '--jsx' flag is provided.
frontend/src/views/tournament-crm-details/index.tsx(106,13): error TS17004: Cannot use JSX unless the '--jsx' flag is provided.
frontend/src/views/tournament-crm-details/index.tsx(107,13): error TS17004: Cannot use JSX unless the '--jsx' flag is provided.
frontend/src/views/tournament-crm-details/index.tsx(108,13): error TS17004: Cannot use JSX unless the '--jsx' flag is provided.
frontend/src/views/tournament-crm-details/index.tsx(109,13): error TS17004: Cannot use JSX unless the '--jsx' flag is provided.
frontend/src/views/tournament-crm-details/index.tsx(110,13): error TS17004: Cannot use JSX unless the '--jsx' flag is provided.
frontend/src/views/tournament-crm-details/index.tsx(114,9): error TS17004: Cannot use JSX unless the '--jsx' flag is provided.
frontend/src/views/tournament-crm-details/index.tsx(115,11): error TS17004: Cannot use JSX unless the '--jsx' flag is provided.
frontend/src/views/tournament-crm-details/index.tsx(118,9): error TS17004: Cannot use JSX unless the '--jsx' flag is provided.
frontend/src/views/tournament-crm-details/index.tsx(119,11): error TS17004: Cannot use JSX unless the '--jsx' flag is provided.
frontend/src/views/tournament-crm-details/index.tsx(122,9): error TS17004: Cannot use JSX unless the '--jsx' flag is provided.
frontend/src/views/tournament-crm-details/index.tsx(123,11): error TS17004: Cannot use JSX unless the '--jsx' flag is provided.
frontend/src/views/tournament-crm-details/index.tsx(124,13): error TS17004: Cannot use JSX unless the '--jsx' flag is provided.
frontend/src/views/tournament-crm-details/index.tsx(125,15): error TS17004: Cannot use JSX unless the '--jsx' flag is provided.
frontend/src/views/tournament-crm-details/index.tsx(126,15): error TS17004: Cannot use JSX unless the '--jsx' flag is provided.
frontend/src/views/tournament-crm-details/index.tsx(132,13): error TS17004: Cannot use JSX unless the '--jsx' flag is provided.
frontend/src/views/tournament-crm-details/index.tsx(133,15): error TS17004: Cannot use JSX unless the '--jsx' flag is provided.
frontend/src/views/tournament-crm-details/index.tsx(140,13): error TS17004: Cannot use JSX unless the '--jsx' flag is provided.
frontend/src/views/tournament-crm-details/index.tsx(141,15): error TS17004: Cannot use JSX unless the '--jsx' flag is provided.
frontend/src/views/tournament-crm-details/index.tsx(142,17): error TS17004: Cannot use JSX unless the '--jsx' flag is provided.
frontend/src/views/tournament-crm-details/index.tsx(149,9): error TS17004: Cannot use JSX unless the '--jsx' flag is provided.
frontend/src/views/tournament-crm-details/index.tsx(150,11): error TS17004: Cannot use JSX unless the '--jsx' flag is provided.
frontend/src/views/tournament-crm-details/index.tsx(153,9): error TS17004: Cannot use JSX unless the '--jsx' flag is provided.
frontend/src/views/tournament-crm-details/index.tsx(154,11): error TS17004: Cannot use JSX unless the '--jsx' flag is provided.
frontend/src/views/tournament-crm-details/index.tsx(157,9): error TS17004: Cannot use JSX unless the '--jsx' flag is provided.
frontend/src/views/tournament-crm-details/index.tsx(158,11): error TS17004: Cannot use JSX unless the '--jsx' flag is provided.
frontend/src/views/tournament-crm-details/index.tsx(161,9): error TS17004: Cannot use JSX unless the '--jsx' flag is provided.
frontend/src/views/tournament-crm-details/index.tsx(162,11): error TS17004: Cannot use JSX unless the '--jsx' flag is provided.
frontend/src/views/tournament-crm-details/index.tsx(163,13): error TS17004: Cannot use JSX unless the '--jsx' flag is provided.
frontend/src/views/tournament-crm-details/index.tsx(164,15): error TS17004: Cannot use JSX unless the '--jsx' flag is provided.
frontend/src/views/tournament-crm-details/index.tsx(165,15): error TS17004: Cannot use JSX unless the '--jsx' flag is provided.
frontend/src/views/tournament-crm-details/index.tsx(170,13): error TS17004: Cannot use JSX unless the '--jsx' flag is provided.
frontend/src/views/tournament-crm-details/index.tsx(171,15): error TS17004: Cannot use JSX unless the '--jsx' flag is provided.
frontend/src/views/tournament-crm-details/index.tsx(176,9): error TS17004: Cannot use JSX unless the '--jsx' flag is provided.
frontend/src/views/tournament-crm-details/index.tsx(177,11): error TS17004: Cannot use JSX unless the '--jsx' flag is provided.
frontend/src/views/tournament-crm-details/index.tsx(180,9): error TS17004: Cannot use JSX unless the '--jsx' flag is provided.
frontend/src/views/tournament-crm-details/index.tsx(181,11): error TS17004: Cannot use JSX unless the '--jsx' flag is provided.
frontend/src/views/tournament-crm-details/index.tsx(184,9): error TS17004: Cannot use JSX unless the '--jsx' flag is provided.
frontend/src/views/tournament-crm-details/index.tsx(185,11): error TS17004: Cannot use JSX unless the '--jsx' flag is provided.
frontend/src/views/tournament-crm-details/index.tsx(188,9): error TS17004: Cannot use JSX unless the '--jsx' flag is provided.
frontend/src/views/tournament-crm-details/index.tsx(189,11): error TS17004: Cannot use JSX unless the '--jsx' flag is provided.
frontend/src/views/tournament-crm-details/index.tsx(192,9): error TS17004: Cannot use JSX unless the '--jsx' flag is provided.
frontend/src/views/tournament-crm-details/index.tsx(193,11): error TS17004: Cannot use JSX unless the '--jsx' flag is provided.
frontend/src/views/tournament-crm-matches/index.tsx(10,8): error TS2307: Cannot find module '@/shared/ui/card' or its corresponding type declarations.
frontend/src/views/tournament-crm-matches/index.tsx(18,8): error TS2307: Cannot find module '@/shared/ui/table' or its corresponding type declarations.
frontend/src/views/tournament-crm-matches/index.tsx(19,24): error TS2307: Cannot find module '@/shared/ui/button' or its corresponding type declarations.
frontend/src/views/tournament-crm-matches/index.tsx(24,8): error TS2307: Cannot find module '@/widgets/crm-score-dialog' or its corresponding type declarations.
frontend/src/views/tournament-crm-matches/index.tsx(25,26): error TS2307: Cannot find module '@/shared/hooks/use-toast' or its corresponding type declarations.
frontend/src/views/tournament-crm-matches/index.tsx(26,23): error TS2307: Cannot find module '@/shared/ui/badge' or its corresponding type declarations.
frontend/src/views/tournament-crm-matches/index.tsx(32,8): error TS2307: Cannot find module '@/shared/ui/tooltip' or its corresponding type declarations.
frontend/src/views/tournament-crm-matches/index.tsx(33,35): error TS2307: Cannot find module '@/entities/tournament/model/types' or its corresponding type declarations.
frontend/src/views/tournament-crm-matches/index.tsx(103,16): error TS17004: Cannot use JSX unless the '--jsx' flag is provided.
frontend/src/views/tournament-crm-matches/index.tsx(105,16): error TS17004: Cannot use JSX unless the '--jsx' flag is provided.
frontend/src/views/tournament-crm-matches/index.tsx(108,11): error TS17004: Cannot use JSX unless the '--jsx' flag is provided.
frontend/src/views/tournament-crm-matches/index.tsx(112,11): error TS17004: Cannot use JSX unless the '--jsx' flag is provided.
frontend/src/views/tournament-crm-matches/index.tsx(132,5): error TS17004: Cannot use JSX unless the '--jsx' flag is provided.
frontend/src/views/tournament-crm-matches/index.tsx(133,7): error TS17004: Cannot use JSX unless the '--jsx' flag is provided.
frontend/src/views/tournament-crm-matches/index.tsx(134,9): error TS17004: Cannot use JSX unless the '--jsx' flag is provided.
frontend/src/views/tournament-crm-matches/index.tsx(135,11): error TS17004: Cannot use JSX unless the '--jsx' flag is provided.
frontend/src/views/tournament-crm-matches/index.tsx(136,11): error TS17004: Cannot use JSX unless the '--jsx' flag is provided.
frontend/src/views/tournament-crm-matches/index.tsx(140,9): error TS17004: Cannot use JSX unless the '--jsx' flag is provided.
frontend/src/views/tournament-crm-matches/index.tsx(141,11): error TS17004: Cannot use JSX unless the '--jsx' flag is provided.
frontend/src/views/tournament-crm-matches/index.tsx(142,13): error TS17004: Cannot use JSX unless the '--jsx' flag is provided.
frontend/src/views/tournament-crm-matches/index.tsx(143,15): error TS17004: Cannot use JSX unless the '--jsx' flag is provided.
frontend/src/views/tournament-crm-matches/index.tsx(144,17): error TS17004: Cannot use JSX unless the '--jsx' flag is provided.
frontend/src/views/tournament-crm-matches/index.tsx(145,17): error TS17004: Cannot use JSX unless the '--jsx' flag is provided.
frontend/src/views/tournament-crm-matches/index.tsx(146,17): error TS17004: Cannot use JSX unless the '--jsx' flag is provided.
frontend/src/views/tournament-crm-matches/index.tsx(147,17): error TS17004: Cannot use JSX unless the '--jsx' flag is provided.
frontend/src/views/tournament-crm-matches/index.tsx(150,13): error TS17004: Cannot use JSX unless the '--jsx' flag is provided.
frontend/src/views/tournament-crm-matches/index.tsx(152,17): error TS17004: Cannot use JSX unless the '--jsx' flag is provided.
frontend/src/views/tournament-crm-matches/index.tsx(153,19): error TS17004: Cannot use JSX unless the '--jsx' flag is provided.
frontend/src/views/tournament-crm-matches/index.tsx(156,19): error TS17004: Cannot use JSX unless the '--jsx' flag is provided.
frontend/src/views/tournament-crm-matches/index.tsx(160,19): error TS17004: Cannot use JSX unless the '--jsx' flag is provided.
frontend/src/views/tournament-crm-matches/index.tsx(161,21): error TS17004: Cannot use JSX unless the '--jsx' flag is provided.
frontend/src/views/tournament-crm-matches/index.tsx(164,25): error TS17004: Cannot use JSX unless the '--jsx' flag is provided.
frontend/src/views/tournament-crm-matches/index.tsx(165,27): error TS17004: Cannot use JSX unless the '--jsx' flag is provided.
frontend/src/views/tournament-crm-matches/index.tsx(166,29): error TS17004: Cannot use JSX unless the '--jsx' flag is provided.
frontend/src/views/tournament-crm-matches/index.tsx(167,31): error TS17004: Cannot use JSX unless the '--jsx' flag is provided.
frontend/src/views/tournament-crm-matches/index.tsx(169,29): error TS17004: Cannot use JSX unless the '--jsx' flag is provided.
frontend/src/views/tournament-crm-matches/index.tsx(170,31): error TS17004: Cannot use JSX unless the '--jsx' flag is provided.
frontend/src/views/tournament-crm-matches/index.tsx(179,19): error TS17004: Cannot use JSX unless the '--jsx' flag is provided.
frontend/src/views/tournament-crm-matches/index.tsx(180,21): error TS17004: Cannot use JSX unless the '--jsx' flag is provided.
frontend/src/views/tournament-crm-matches/index.tsx(185,23): error TS17004: Cannot use JSX unless the '--jsx' flag is provided.
frontend/src/views/tournament-crm-matches/index.tsx(195,7): error TS17004: Cannot use JSX unless the '--jsx' flag is provided.
frontend/src/views/tournament-crm-participants/index.tsx(10,8): error TS2307: Cannot find module '@/shared/ui/card' or its corresponding type declarations.
frontend/src/views/tournament-crm-participants/index.tsx(11,24): error TS2307: Cannot find module '@/shared/ui/button' or its corresponding type declarations.
frontend/src/views/tournament-crm-participants/index.tsx(19,8): error TS2307: Cannot find module '@/shared/ui/table' or its corresponding type declarations.
frontend/src/views/tournament-crm-participants/index.tsx(20,53): error TS2307: Cannot find module '@/shared/ui/avatar' or its corresponding type declarations.
frontend/src/views/tournament-crm-participants/index.tsx(22,58): error TS2307: Cannot find module '@/shared/ui/tabs' or its corresponding type declarations.
frontend/src/views/tournament-crm-participants/index.tsx(23,26): error TS2307: Cannot find module '@/shared/hooks/use-toast' or its corresponding type declarations.
frontend/src/views/tournament-crm-participants/index.tsx(28,8): error TS2307: Cannot find module '@/shared/ui/collapsible' or its corresponding type declarations.
frontend/src/views/tournament-crm-participants/index.tsx(30,26): error TS2307: Cannot find module '@/shared/ui/skeleton' or its corresponding type declarations.
frontend/src/views/tournament-crm-participants/index.tsx(39,8): error TS2307: Cannot find module '@/entities/tournament/api/participants' or its corresponding type declarations.
frontend/src/views/tournament-crm-participants/index.tsx(40,23): error TS2307: Cannot find module '@/shared/ui/badge' or its corresponding type declarations.
frontend/src/views/tournament-crm-participants/index.tsx(41,27): error TS2307: Cannot find module '@/shared/lib/types' or its corresponding type declarations.
frontend/src/views/tournament-crm-participants/index.tsx(71,7): error TS17004: Cannot use JSX unless the '--jsx' flag is provided.
frontend/src/views/tournament-crm-participants/index.tsx(72,9): error TS17004: Cannot use JSX unless the '--jsx' flag is provided.
frontend/src/views/tournament-crm-participants/index.tsx(73,11): error TS17004: Cannot use JSX unless the '--jsx' flag is provided.
frontend/src/views/tournament-crm-participants/index.tsx(74,11): error TS17004: Cannot use JSX unless the '--jsx' flag is provided.
frontend/src/views/tournament-crm-participants/index.tsx(76,9): error TS17004: Cannot use JSX unless the '--jsx' flag is provided.
frontend/src/views/tournament-crm-participants/index.tsx(77,11): error TS17004: Cannot use JSX unless the '--jsx' flag is provided.
frontend/src/views/tournament-crm-participants/index.tsx(78,13): error TS17004: Cannot use JSX unless the '--jsx' flag is provided.
frontend/src/views/tournament-crm-participants/index.tsx(79,15): error TS17004: Cannot use JSX unless the '--jsx' flag is provided.
frontend/src/views/tournament-crm-participants/index.tsx(81,13): error TS17004: Cannot use JSX unless the '--jsx' flag is provided.
frontend/src/views/tournament-crm-participants/index.tsx(82,15): error TS17004: Cannot use JSX unless the '--jsx' flag is provided.
frontend/src/views/tournament-crm-participants/index.tsx(91,5): error TS17004: Cannot use JSX unless the '--jsx' flag is provided.
frontend/src/views/tournament-crm-participants/index.tsx(92,7): error TS17004: Cannot use JSX unless the '--jsx' flag is provided.
frontend/src/views/tournament-crm-participants/index.tsx(93,9): error TS17004: Cannot use JSX unless the '--jsx' flag is provided.
frontend/src/views/tournament-crm-participants/index.tsx(95,11): error TS17004: Cannot use JSX unless the '--jsx' flag is provided.
frontend/src/views/tournament-crm-participants/index.tsx(97,9): error TS17004: Cannot use JSX unless the '--jsx' flag is provided.
frontend/src/views/tournament-crm-participants/index.tsx(99,11): error TS17004: Cannot use JSX unless the '--jsx' flag is provided.
frontend/src/views/tournament-crm-participants/index.tsx(102,7): error TS17004: Cannot use JSX unless the '--jsx' flag is provided.
frontend/src/views/tournament-crm-participants/index.tsx(103,9): error TS17004: Cannot use JSX unless the '--jsx' flag is provided.
frontend/src/views/tournament-crm-participants/index.tsx(104,11): error TS17004: Cannot use JSX unless the '--jsx' flag is provided.
frontend/src/views/tournament-crm-participants/index.tsx(105,13): error TS17004: Cannot use JSX unless the '--jsx' flag is provided.
frontend/src/views/tournament-crm-participants/index.tsx(106,13): error TS17004: Cannot use JSX unless the '--jsx' flag is provided.
frontend/src/views/tournament-crm-participants/index.tsx(111,11): error TS17004: Cannot use JSX unless the '--jsx' flag is provided.
frontend/src/views/tournament-crm-participants/index.tsx(112,13): error TS17004: Cannot use JSX unless the '--jsx' flag is provided.
frontend/src/views/tournament-crm-participants/index.tsx(113,15): error TS17004: Cannot use JSX unless the '--jsx' flag is provided.
frontend/src/views/tournament-crm-participants/index.tsx(114,17): error TS17004: Cannot use JSX unless the '--jsx' flag is provided.
frontend/src/views/tournament-crm-participants/index.tsx(115,19): error TS17004: Cannot use JSX unless the '--jsx' flag is provided.
frontend/src/views/tournament-crm-participants/index.tsx(116,19): error TS17004: Cannot use JSX unless the '--jsx' flag is provided.
frontend/src/views/tournament-crm-participants/index.tsx(117,19): error TS17004: Cannot use JSX unless the '--jsx' flag is provided.
frontend/src/views/tournament-crm-participants/index.tsx(120,15): error TS17004: Cannot use JSX unless the '--jsx' flag is provided.
frontend/src/views/tournament-crm-participants/index.tsx(123,21): error TS17004: Cannot use JSX unless the '--jsx' flag is provided.
frontend/src/views/tournament-crm-participants/index.tsx(124,23): error TS17004: Cannot use JSX unless the '--jsx' flag is provided.
frontend/src/views/tournament-crm-participants/index.tsx(127,23): error TS17004: Cannot use JSX unless the '--jsx' flag is provided.
frontend/src/views/tournament-crm-participants/index.tsx(128,23): error TS17004: Cannot use JSX unless the '--jsx' flag is provided.
frontend/src/views/tournament-crm-participants/index.tsx(129,25): error TS17004: Cannot use JSX unless the '--jsx' flag is provided.
frontend/src/views/tournament-crm-participants/index.tsx(135,27): error TS17004: Cannot use JSX unless the '--jsx' flag is provided.
frontend/src/views/tournament-crm-participants/index.tsx(137,25): error TS17004: Cannot use JSX unless the '--jsx' flag is provided.
frontend/src/views/tournament-crm-participants/index.tsx(143,27): error TS17004: Cannot use JSX unless the '--jsx' flag is provided.
frontend/src/views/tournament-crm-participants/index.tsx(149,19): error TS17004: Cannot use JSX unless the '--jsx' flag is provided.
frontend/src/views/tournament-crm-participants/index.tsx(150,21): error TS17004: Cannot use JSX unless the '--jsx' flag is provided.
frontend/src/views/tournament-crm-participants/index.tsx(160,7): error TS17004: Cannot use JSX unless the '--jsx' flag is provided.
frontend/src/views/tournament-crm-participants/index.tsx(161,9): error TS17004: Cannot use JSX unless the '--jsx' flag is provided.
frontend/src/views/tournament-crm-participants/index.tsx(162,11): error TS17004: Cannot use JSX unless the '--jsx' flag is provided.
frontend/src/views/tournament-crm-participants/index.tsx(163,13): error TS17004: Cannot use JSX unless the '--jsx' flag is provided.
frontend/src/views/tournament-crm-participants/index.tsx(164,13): error TS17004: Cannot use JSX unless the '--jsx' flag is provided.
frontend/src/views/tournament-crm-participants/index.tsx(169,11): error TS17004: Cannot use JSX unless the '--jsx' flag is provided.
frontend/src/views/tournament-crm-participants/index.tsx(170,13): error TS17004: Cannot use JSX unless the '--jsx' flag is provided.
frontend/src/views/tournament-crm-participants/index.tsx(171,15): error TS17004: Cannot use JSX unless the '--jsx' flag is provided.
frontend/src/views/tournament-crm-participants/index.tsx(172,17): error TS17004: Cannot use JSX unless the '--jsx' flag is provided.
frontend/src/views/tournament-crm-participants/index.tsx(173,19): error TS17004: Cannot use JSX unless the '--jsx' flag is provided.
frontend/src/views/tournament-crm-participants/index.tsx(174,21): error TS17004: Cannot use JSX unless the '--jsx' flag is provided.
frontend/src/views/tournament-crm-participants/index.tsx(175,21): error TS17004: Cannot use JSX unless the '--jsx' flag is provided.
frontend/src/views/tournament-crm-participants/index.tsx(176,21): error TS17004: Cannot use JSX unless the '--jsx' flag is provided.
frontend/src/views/tournament-crm-participants/index.tsx(179,21): error TS17004: Cannot use JSX unless the '--jsx' flag is provided.
frontend/src/views/tournament-crm-participants/index.tsx(182,21): error TS17004: Cannot use JSX unless the '--jsx' flag is provided.
frontend/src/views/tournament-crm-participants/index.tsx(185,17): error TS17004: Cannot use JSX unless the '--jsx' flag is provided.
frontend/src/views/tournament-crm-participants/index.tsx(188,23): error TS17004: Cannot use JSX unless the '--jsx' flag is provided.
frontend/src/views/tournament-crm-participants/index.tsx(194,25): error TS17004: Cannot use JSX unless the '--jsx' flag is provided.
frontend/src/views/tournament-crm-participants/index.tsx(195,27): error TS17004: Cannot use JSX unless the '--jsx' flag is provided.
frontend/src/views/tournament-crm-participants/index.tsx(196,29): error TS17004: Cannot use JSX unless the '--jsx' flag is provided.
frontend/src/views/tournament-crm-participants/index.tsx(197,31): error TS17004: Cannot use JSX unless the '--jsx' flag is provided.
frontend/src/views/tournament-crm-participants/index.tsx(198,33): error TS17004: Cannot use JSX unless the '--jsx' flag is provided.
frontend/src/views/tournament-crm-participants/index.tsx(203,35): error TS17004: Cannot use JSX unless the '--jsx' flag is provided.
frontend/src/views/tournament-crm-participants/index.tsx(207,29): error TS17004: Cannot use JSX unless the '--jsx' flag is provided.
frontend/src/views/tournament-crm-participants/index.tsx(210,29): error TS17004: Cannot use JSX unless the '--jsx' flag is provided.
frontend/src/views/tournament-crm-participants/index.tsx(213,29): error TS17004: Cannot use JSX unless the '--jsx' flag is provided.
frontend/src/views/tournament-crm-participants/index.tsx(216,29): error TS17004: Cannot use JSX unless the '--jsx' flag is provided.
frontend/src/views/tournament-crm-participants/index.tsx(217,31): error TS17004: Cannot use JSX unless the '--jsx' flag is provided.
frontend/src/views/tournament-crm-participants/index.tsx(218,33): error TS17004: Cannot use JSX unless the '--jsx' flag is provided.
frontend/src/views/tournament-crm-participants/index.tsx(226,35): error TS17004: Cannot use JSX unless the '--jsx' flag is provided.
frontend/src/views/tournament-crm-participants/index.tsx(228,33): error TS17004: Cannot use JSX unless the '--jsx' flag is provided.
frontend/src/views/tournament-crm-participants/index.tsx(237,35): error TS17004: Cannot use JSX unless the '--jsx' flag is provided.
frontend/src/views/tournament-crm-participants/index.tsx(242,27): error TS17004: Cannot use JSX unless the '--jsx' flag is provided.
frontend/src/views/tournament-crm-participants/index.tsx(243,29): error TS17004: Cannot use JSX unless the '--jsx' flag is provided.
frontend/src/views/tournament-crm-participants/index.tsx(244,31): error TS17004: Cannot use JSX unless the '--jsx' flag is provided.
frontend/src/views/tournament-crm-participants/index.tsx(245,33): error TS17004: Cannot use JSX unless the '--jsx' flag is provided.
frontend/src/views/tournament-crm-participants/index.tsx(246,35): error TS17004: Cannot use JSX unless the '--jsx' flag is provided.
frontend/src/views/tournament-crm-participants/index.tsx(249,35): error TS17004: Cannot use JSX unless the '--jsx' flag is provided.
frontend/src/views/tournament-crm-participants/index.tsx(250,37): error TS17004: Cannot use JSX unless the '--jsx' flag is provided.
frontend/src/views/tournament-crm-participants/index.tsx(251,39): error TS17004: Cannot use JSX unless the '--jsx' flag is provided.
frontend/src/views/tournament-crm-participants/index.tsx(252,41): error TS17004: Cannot use JSX unless the '--jsx' flag is provided.
frontend/src/views/tournament-crm-participants/index.tsx(253,41): error TS17004: Cannot use JSX unless the '--jsx' flag is provided.
frontend/src/views/tournament-crm-participants/index.tsx(256,37): error TS17004: Cannot use JSX unless the '--jsx' flag is provided.
frontend/src/views/tournament-crm-participants/index.tsx(258,41): error TS17004: Cannot use JSX unless the '--jsx' flag is provided.
frontend/src/views/tournament-crm-participants/index.tsx(259,43): error TS17004: Cannot use JSX unless the '--jsx' flag is provided.
frontend/src/views/tournament-crm-participants/index.tsx(260,45): error TS17004: Cannot use JSX unless the '--jsx' flag is provided.
frontend/src/views/tournament-crm-participants/index.tsx(261,47): error TS17004: Cannot use JSX unless the '--jsx' flag is provided.
frontend/src/views/tournament-crm-participants/index.tsx(264,47): error TS17004: Cannot use JSX unless the '--jsx' flag is provided.
frontend/src/views/tournament-crm-participants/index.tsx(268,45): error TS17004: Cannot use JSX unless the '--jsx' flag is provided.
frontend/src/views/tournament-crm-participants/index.tsx(275,43): error TS17004: Cannot use JSX unless the '--jsx' flag is provided.
frontend/src/views/tournament-crm-participants/index.tsx(288,21): error TS17004: Cannot use JSX unless the '--jsx' flag is provided.
frontend/src/views/tournament-crm-participants/index.tsx(289,23): error TS17004: Cannot use JSX unless the '--jsx' flag is provided.
frontend/src/views/tournament-crm-participants/index.tsx(407,5): error TS17004: Cannot use JSX unless the '--jsx' flag is provided.
frontend/src/views/tournament-details/index.tsx(4,23): error TS2307: Cannot find module '@/shared/ui/badge' or its corresponding type declarations.
frontend/src/views/tournament-details/index.tsx(5,58): error TS2307: Cannot find module '@/shared/ui/card' or its corresponding type declarations.
frontend/src/views/tournament-details/index.tsx(6,58): error TS2307: Cannot find module '@/shared/ui/tabs' or its corresponding type declarations.
frontend/src/views/tournament-details/index.tsx(7,40): error TS2307: Cannot find module '@/entities/tournament/model/types' or its corresponding type declarations.
frontend/src/views/tournament-details/index.tsx(8,24): error TS2307: Cannot find module '@/shared/ui/button' or its corresponding type declarations.
frontend/src/views/tournament-details/index.tsx(17,35): error TS2307: Cannot find module '@/widgets/tournament-bracket' or its corresponding type declarations.
frontend/src/views/tournament-details/index.tsx(18,53): error TS2307: Cannot find module '@/shared/ui/avatar' or its corresponding type declarations.
frontend/src/views/tournament-details/index.tsx(19,29): error TS2307: Cannot find module '@/widgets/match-details-tabs/ui/schedule-tab' or its corresponding type declarations.
frontend/src/views/tournament-details/index.tsx(20,26): error TS2307: Cannot find module '@/widgets/match-details-tabs/ui/media-tab' or its corresponding type declarations.
frontend/src/views/tournament-details/index.tsx(22,26): error TS2307: Cannot find module '@/shared/hooks/use-toast' or its corresponding type declarations.
frontend/src/views/tournament-details/index.tsx(23,49): error TS2307: Cannot find module '@/entities/tournament/api/register-team' or its corresponding type declarations.
frontend/src/views/tournament-details/index.tsx(63,5): error TS17004: Cannot use JSX unless the '--jsx' flag is provided.
frontend/src/views/tournament-details/index.tsx(64,7): error TS17004: Cannot use JSX unless the '--jsx' flag is provided.
frontend/src/views/tournament-details/index.tsx(65,9): error TS17004: Cannot use JSX unless the '--jsx' flag is provided.
frontend/src/views/tournament-details/index.tsx(66,11): error TS17004: Cannot use JSX unless the '--jsx' flag is provided.
frontend/src/views/tournament-details/index.tsx(73,11): error TS17004: Cannot use JSX unless the '--jsx' flag is provided.
frontend/src/views/tournament-details/index.tsx(74,13): error TS17004: Cannot use JSX unless the '--jsx' flag is provided.
frontend/src/views/tournament-details/index.tsx(75,15): error TS17004: Cannot use JSX unless the '--jsx' flag is provided.
frontend/src/views/tournament-details/index.tsx(90,15): error TS17004: Cannot use JSX unless the '--jsx' flag is provided.
frontend/src/views/tournament-details/index.tsx(95,11): error TS17004: Cannot use JSX unless the '--jsx' flag is provided.
frontend/src/views/tournament-details/index.tsx(97,15): error TS17004: Cannot use JSX unless the '--jsx' flag is provided.
frontend/src/views/tournament-details/index.tsx(99,19): error TS17004: Cannot use JSX unless the '--jsx' flag is provided.
frontend/src/views/tournament-details/index.tsx(101,19): error TS17004: Cannot use JSX unless the '--jsx' flag is provided.
frontend/src/views/tournament-details/index.tsx(110,7): error TS17004: Cannot use JSX unless the '--jsx' flag is provided.
frontend/src/views/tournament-details/index.tsx(111,9): error TS17004: Cannot use JSX unless the '--jsx' flag is provided.
frontend/src/views/tournament-details/index.tsx(112,11): error TS17004: Cannot use JSX unless the '--jsx' flag is provided.
frontend/src/views/tournament-details/index.tsx(113,11): error TS17004: Cannot use JSX unless the '--jsx' flag is provided.
frontend/src/views/tournament-details/index.tsx(114,13): error TS17004: Cannot use JSX unless the '--jsx' flag is provided.
frontend/src/views/tournament-details/index.tsx(117,11): error TS17004: Cannot use JSX unless the '--jsx' flag is provided.
frontend/src/views/tournament-details/index.tsx(118,11): error TS17004: Cannot use JSX unless the '--jsx' flag is provided.
frontend/src/views/tournament-details/index.tsx(119,11): error TS17004: Cannot use JSX unless the '--jsx' flag is provided.
frontend/src/views/tournament-details/index.tsx(120,11): error TS17004: Cannot use JSX unless the '--jsx' flag is provided.
frontend/src/views/tournament-details/index.tsx(121,13): error TS17004: Cannot use JSX unless the '--jsx' flag is provided.
frontend/src/views/tournament-details/index.tsx(126,9): error TS17004: Cannot use JSX unless the '--jsx' flag is provided.
frontend/src/views/tournament-details/index.tsx(127,11): error TS17004: Cannot use JSX unless the '--jsx' flag is provided.
frontend/src/views/tournament-details/index.tsx(128,13): error TS17004: Cannot use JSX unless the '--jsx' flag is provided.
frontend/src/views/tournament-details/index.tsx(129,15): error TS17004: Cannot use JSX unless the '--jsx' flag is provided.
frontend/src/views/tournament-details/index.tsx(130,17): error TS17004: Cannot use JSX unless the '--jsx' flag is provided.
frontend/src/views/tournament-details/index.tsx(131,19): error TS17004: Cannot use JSX unless the '--jsx' flag is provided.
frontend/src/views/tournament-details/index.tsx(133,17): error TS17004: Cannot use JSX unless the '--jsx' flag is provided.
frontend/src/views/tournament-details/index.tsx(134,19): error TS17004: Cannot use JSX unless the '--jsx' flag is provided.
frontend/src/views/tournament-details/index.tsx(135,21): error TS17004: Cannot use JSX unless the '--jsx' flag is provided.
frontend/src/views/tournament-details/index.tsx(136,21): error TS17004: Cannot use JSX unless the '--jsx' flag is provided.
frontend/src/views/tournament-details/index.tsx(137,23): error TS17004: Cannot use JSX unless the '--jsx' flag is provided.
frontend/src/views/tournament-details/index.tsx(141,19): error TS17004: Cannot use JSX unless the '--jsx' flag is provided.
frontend/src/views/tournament-details/index.tsx(142,21): error TS17004: Cannot use JSX unless the '--jsx' flag is provided.
frontend/src/views/tournament-details/index.tsx(143,21): error TS17004: Cannot use JSX unless the '--jsx' flag is provided.
frontend/src/views/tournament-details/index.tsx(144,23): error TS17004: Cannot use JSX unless the '--jsx' flag is provided.
frontend/src/views/tournament-details/index.tsx(148,19): error TS17004: Cannot use JSX unless the '--jsx' flag is provided.
frontend/src/views/tournament-details/index.tsx(149,21): error TS17004: Cannot use JSX unless the '--jsx' flag is provided.
frontend/src/views/tournament-details/index.tsx(150,21): error TS17004: Cannot use JSX unless the '--jsx' flag is provided.
frontend/src/views/tournament-details/index.tsx(151,23): error TS17004: Cannot use JSX unless the '--jsx' flag is provided.
frontend/src/views/tournament-details/index.tsx(158,13): error TS17004: Cannot use JSX unless the '--jsx' flag is provided.
frontend/src/views/tournament-details/index.tsx(159,15): error TS17004: Cannot use JSX unless the '--jsx' flag is provided.
frontend/src/views/tournament-details/index.tsx(160,17): error TS17004: Cannot use JSX unless the '--jsx' flag is provided.
frontend/src/views/tournament-details/index.tsx(161,19): error TS17004: Cannot use JSX unless the '--jsx' flag is provided.
frontend/src/views/tournament-details/index.tsx(163,17): error TS17004: Cannot use JSX unless the '--jsx' flag is provided.
frontend/src/views/tournament-details/index.tsx(164,19): error TS17004: Cannot use JSX unless the '--jsx' flag is provided.
frontend/src/views/tournament-details/index.tsx(165,21): error TS17004: Cannot use JSX unless the '--jsx' flag is provided.
frontend/src/views/tournament-details/index.tsx(168,21): error TS17004: Cannot use JSX unless the '--jsx' flag is provided.
frontend/src/views/tournament-details/index.tsx(172,19): error TS17004: Cannot use JSX unless the '--jsx' flag is provided.
frontend/src/views/tournament-details/index.tsx(174,17): error TS17004: Cannot use JSX unless the '--jsx' flag is provided.
frontend/src/views/tournament-details/index.tsx(175,19): error TS17004: Cannot use JSX unless the '--jsx' flag is provided.
frontend/src/views/tournament-details/index.tsx(182,9): error TS17004: Cannot use JSX unless the '--jsx' flag is provided.
frontend/src/views/tournament-details/index.tsx(183,11): error TS17004: Cannot use JSX unless the '--jsx' flag is provided.
frontend/src/views/tournament-details/index.tsx(186,9): error TS17004: Cannot use JSX unless the '--jsx' flag is provided.
frontend/src/views/tournament-details/index.tsx(187,11): error TS17004: Cannot use JSX unless the '--jsx' flag is provided.
frontend/src/views/tournament-details/index.tsx(188,13): error TS17004: Cannot use JSX unless the '--jsx' flag is provided.
frontend/src/views/tournament-details/index.tsx(189,15): error TS17004: Cannot use JSX unless the '--jsx' flag is provided.
frontend/src/views/tournament-details/index.tsx(191,13): error TS17004: Cannot use JSX unless the '--jsx' flag is provided.
frontend/src/views/tournament-details/index.tsx(192,15): error TS17004: Cannot use JSX unless the '--jsx' flag is provided.
frontend/src/views/tournament-details/index.tsx(197,9): error TS17004: Cannot use JSX unless the '--jsx' flag is provided.
frontend/src/views/tournament-details/index.tsx(198,11): error TS17004: Cannot use JSX unless the '--jsx' flag is provided.
frontend/src/views/tournament-details/index.tsx(199,13): error TS17004: Cannot use JSX unless the '--jsx' flag is provided.
frontend/src/views/tournament-details/index.tsx(200,15): error TS17004: Cannot use JSX unless the '--jsx' flag is provided.
frontend/src/views/tournament-details/index.tsx(202,13): error TS17004: Cannot use JSX unless the '--jsx' flag is provided.
frontend/src/views/tournament-details/index.tsx(204,17): error TS17004: Cannot use JSX unless the '--jsx' flag is provided.
frontend/src/views/tournament-details/index.tsx(208,19): error TS17004: Cannot use JSX unless the '--jsx' flag is provided.
frontend/src/views/tournament-details/index.tsx(209,21): error TS17004: Cannot use JSX unless the '--jsx' flag is provided.
frontend/src/views/tournament-details/index.tsx(213,21): error TS17004: Cannot use JSX unless the '--jsx' flag is provided.
frontend/src/views/tournament-details/index.tsx(215,19): error TS17004: Cannot use JSX unless the '--jsx' flag is provided.
frontend/src/views/tournament-details/index.tsx(222,9): error TS17004: Cannot use JSX unless the '--jsx' flag is provided.
frontend/src/views/tournament-details/index.tsx(223,11): error TS17004: Cannot use JSX unless the '--jsx' flag is provided.
frontend/src/views/tournament-details/index.tsx(224,13): error TS17004: Cannot use JSX unless the '--jsx' flag is provided.
frontend/src/views/tournament-details/index.tsx(225,15): error TS17004: Cannot use JSX unless the '--jsx' flag is provided.
frontend/src/views/tournament-details/index.tsx(226,17): error TS17004: Cannot use JSX unless the '--jsx' flag is provided.
frontend/src/views/tournament-details/index.tsx(230,13): error TS17004: Cannot use JSX unless the '--jsx' flag is provided.
frontend/src/views/tournament-details/index.tsx(231,15): error TS17004: Cannot use JSX unless the '--jsx' flag is provided.
frontend/src/views/tournament-details/index.tsx(236,9): error TS17004: Cannot use JSX unless the '--jsx' flag is provided.
frontend/src/views/tournament-details/index.tsx(237,11): error TS17004: Cannot use JSX unless the '--jsx' flag is provided.
frontend/src/views/tournaments-list/index.tsx(6,23): error TS2307: Cannot find module '@/shared/ui/badge' or its corresponding type declarations.
frontend/src/views/tournaments-list/index.tsx(7,24): error TS2307: Cannot find module '@/shared/ui/button' or its corresponding type declarations.
frontend/src/views/tournaments-list/index.tsx(14,8): error TS2307: Cannot find module '@/shared/ui/card' or its corresponding type declarations.
frontend/src/views/tournaments-list/index.tsx(15,23): error TS2307: Cannot find module '@/shared/ui/input' or its corresponding type declarations.
frontend/src/views/tournaments-list/index.tsx(17,26): error TS2307: Cannot find module '@/shared/ui/skeleton' or its corresponding type declarations.
frontend/src/views/tournaments-list/index.tsx(18,34): error TS2307: Cannot find module '@/entities/tournament/api/get-tournaments' or its corresponding type declarations.
frontend/src/views/tournaments-list/index.tsx(19,33): error TS2307: Cannot find module '@/entities/tournament/model/types' or its corresponding type declarations.
frontend/src/views/tournaments-list/index.tsx(71,5): error TS17004: Cannot use JSX unless the '--jsx' flag is provided.
frontend/src/views/tournaments-list/index.tsx(72,7): error TS17004: Cannot use JSX unless the '--jsx' flag is provided.
frontend/src/views/tournaments-list/index.tsx(73,9): error TS17004: Cannot use JSX unless the '--jsx' flag is provided.
frontend/src/views/tournaments-list/index.tsx(74,11): error TS17004: Cannot use JSX unless the '--jsx' flag is provided.
frontend/src/views/tournaments-list/index.tsx(77,11): error TS17004: Cannot use JSX unless the '--jsx' flag is provided.
frontend/src/views/tournaments-list/index.tsx(82,9): error TS17004: Cannot use JSX unless the '--jsx' flag is provided.
frontend/src/views/tournaments-list/index.tsx(83,11): error TS17004: Cannot use JSX unless the '--jsx' flag is provided.
frontend/src/views/tournaments-list/index.tsx(84,13): error TS17004: Cannot use JSX unless the '--jsx' flag is provided.
frontend/src/views/tournaments-list/index.tsx(90,7): error TS17004: Cannot use JSX unless the '--jsx' flag is provided.
frontend/src/views/tournaments-list/index.tsx(91,9): error TS17004: Cannot use JSX unless the '--jsx' flag is provided.
frontend/src/views/tournaments-list/index.tsx(92,11): error TS17004: Cannot use JSX unless the '--jsx' flag is provided.
frontend/src/views/tournaments-list/index.tsx(93,13): error TS17004: Cannot use JSX unless the '--jsx' flag is provided.
frontend/src/views/tournaments-list/index.tsx(94,13): error TS17004: Cannot use JSX unless the '--jsx' flag is provided.
frontend/src/views/tournaments-list/index.tsx(101,11): error TS17004: Cannot use JSX unless the '--jsx' flag is provided.
frontend/src/views/tournaments-list/index.tsx(103,15): error TS17004: Cannot use JSX unless the '--jsx' flag is provided.
frontend/src/views/tournaments-list/index.tsx(116,9): error TS17004: Cannot use JSX unless the '--jsx' flag is provided.
frontend/src/views/tournaments-list/index.tsx(118,13): error TS17004: Cannot use JSX unless the '--jsx' flag is provided.
frontend/src/views/tournaments-list/index.tsx(122,9): error TS17004: Cannot use JSX unless the '--jsx' flag is provided.
frontend/src/views/tournaments-list/index.tsx(124,13): error TS17004: Cannot use JSX unless the '--jsx' flag is provided.
frontend/src/views/tournaments-list/index.tsx(129,15): error TS17004: Cannot use JSX unless the '--jsx' flag is provided.
frontend/src/views/tournaments-list/index.tsx(130,17): error TS17004: Cannot use JSX unless the '--jsx' flag is provided.
frontend/src/views/tournaments-list/index.tsx(131,19): error TS17004: Cannot use JSX unless the '--jsx' flag is provided.
frontend/src/views/tournaments-list/index.tsx(138,19): error TS17004: Cannot use JSX unless the '--jsx' flag is provided.
frontend/src/views/tournaments-list/index.tsx(145,17): error TS17004: Cannot use JSX unless the '--jsx' flag is provided.
frontend/src/views/tournaments-list/index.tsx(146,19): error TS17004: Cannot use JSX unless the '--jsx' flag is provided.
frontend/src/views/tournaments-list/index.tsx(149,19): error TS17004: Cannot use JSX unless the '--jsx' flag is provided.
frontend/src/views/tournaments-list/index.tsx(150,21): error TS17004: Cannot use JSX unless the '--jsx' flag is provided.
frontend/src/views/tournaments-list/index.tsx(151,23): error TS17004: Cannot use JSX unless the '--jsx' flag is provided.
frontend/src/views/tournaments-list/index.tsx(154,21): error TS17004: Cannot use JSX unless the '--jsx' flag is provided.
frontend/src/views/tournaments-list/index.tsx(155,23): error TS17004: Cannot use JSX unless the '--jsx' flag is provided.
frontend/src/views/tournaments-list/index.tsx(159,19): error TS17004: Cannot use JSX unless the '--jsx' flag is provided.
frontend/src/views/tournaments-list/index.tsx(160,21): error TS17004: Cannot use JSX unless the '--jsx' flag is provided.
frontend/src/views/tournaments-list/index.tsx(163,21): error TS17004: Cannot use JSX unless the '--jsx' flag is provided.
frontend/src/views/tournaments-list/index.tsx(174,9): error TS17004: Cannot use JSX unless the '--jsx' flag is provided.
frontend/src/views/tournaments-list/index.tsx(175,11): error TS17004: Cannot use JSX unless the '--jsx' flag is provided.
frontend/src/views/tournaments/new/page.tsx(1,41): error TS2307: Cannot find module '@/views/tournament-create-wizard' or its corresponding type declarations.
frontend/src/views/training-analytics/index.tsx(9,8): error TS2307: Cannot find module '@/shared/ui/card' or its corresponding type declarations.
frontend/src/views/training-analytics/index.tsx(10,29): error TS2307: Cannot find module '@/widgets/analytics-charts/volume-chart' or its corresponding type declarations.
frontend/src/views/training-analytics/index.tsx(11,34): error TS2307: Cannot find module '@/widgets/analytics-charts/measurements-chart' or its corresponding type declarations.
frontend/src/views/training-analytics/index.tsx(20,38): error TS2307: Cannot find module '@/shared/lib/get-training-analytics' or its corresponding type declarations.
frontend/src/views/training-analytics/index.tsx(21,29): error TS2307: Cannot find module '@/shared/context/training-provider' or its corresponding type declarations.
frontend/src/views/training-analytics/index.tsx(22,33): error TS2307: Cannot find module '@/shared/context/measurements-provider' or its corresponding type declarations.
frontend/src/views/training-analytics/index.tsx(33,3): error TS17004: Cannot use JSX unless the '--jsx' flag is provided.
frontend/src/views/training-analytics/index.tsx(34,5): error TS17004: Cannot use JSX unless the '--jsx' flag is provided.
frontend/src/views/training-analytics/index.tsx(35,7): error TS17004: Cannot use JSX unless the '--jsx' flag is provided.
frontend/src/views/training-analytics/index.tsx(36,7): error TS17004: Cannot use JSX unless the '--jsx' flag is provided.
frontend/src/views/training-analytics/index.tsx(38,5): error TS17004: Cannot use JSX unless the '--jsx' flag is provided.
frontend/src/views/training-analytics/index.tsx(39,7): error TS17004: Cannot use JSX unless the '--jsx' flag is provided.
frontend/src/views/training-analytics/index.tsx(51,5): error TS17004: Cannot use JSX unless the '--jsx' flag is provided.
frontend/src/views/training-analytics/index.tsx(52,7): error TS17004: Cannot use JSX unless the '--jsx' flag is provided.
frontend/src/views/training-analytics/index.tsx(53,9): error TS17004: Cannot use JSX unless the '--jsx' flag is provided.
frontend/src/views/training-analytics/index.tsx(56,9): error TS17004: Cannot use JSX unless the '--jsx' flag is provided.
frontend/src/views/training-analytics/index.tsx(62,7): error TS17004: Cannot use JSX unless the '--jsx' flag is provided.
frontend/src/views/training-analytics/index.tsx(63,9): error TS17004: Cannot use JSX unless the '--jsx' flag is provided.
frontend/src/views/training-analytics/index.tsx(68,9): error TS17004: Cannot use JSX unless the '--jsx' flag is provided.
frontend/src/views/training-analytics/index.tsx(73,9): error TS17004: Cannot use JSX unless the '--jsx' flag is provided.
frontend/src/views/training-analytics/index.tsx(78,9): error TS17004: Cannot use JSX unless the '--jsx' flag is provided.
frontend/src/views/training-analytics/index.tsx(85,7): error TS17004: Cannot use JSX unless the '--jsx' flag is provided.
frontend/src/views/training-analytics/index.tsx(86,9): error TS17004: Cannot use JSX unless the '--jsx' flag is provided.
frontend/src/views/training-analytics/index.tsx(87,11): error TS17004: Cannot use JSX unless the '--jsx' flag is provided.
frontend/src/views/training-analytics/index.tsx(88,13): error TS17004: Cannot use JSX unless the '--jsx' flag is provided.
frontend/src/views/training-analytics/index.tsx(89,15): error TS17004: Cannot use JSX unless the '--jsx' flag is provided.
frontend/src/views/training-analytics/index.tsx(91,13): error TS17004: Cannot use JSX unless the '--jsx' flag is provided.
frontend/src/views/training-analytics/index.tsx(93,11): error TS17004: Cannot use JSX unless the '--jsx' flag is provided.
frontend/src/views/training-analytics/index.tsx(94,13): error TS17004: Cannot use JSX unless the '--jsx' flag is provided.
frontend/src/views/training-analytics/index.tsx(97,9): error TS17004: Cannot use JSX unless the '--jsx' flag is provided.
frontend/src/views/training-analytics/index.tsx(98,11): error TS17004: Cannot use JSX unless the '--jsx' flag is provided.
frontend/src/views/training-analytics/index.tsx(99,13): error TS17004: Cannot use JSX unless the '--jsx' flag is provided.
frontend/src/views/training-analytics/index.tsx(100,15): error TS17004: Cannot use JSX unless the '--jsx' flag is provided.
frontend/src/views/training-analytics/index.tsx(102,13): error TS17004: Cannot use JSX unless the '--jsx' flag is provided.
frontend/src/views/training-analytics/index.tsx(106,11): error TS17004: Cannot use JSX unless the '--jsx' flag is provided.
frontend/src/views/training-analytics/index.tsx(107,13): error TS17004: Cannot use JSX unless the '--jsx' flag is provided.
frontend/src/views/training-calendar/index.tsx(10,8): error TS2307: Cannot find module '@/shared/ui/card' or its corresponding type declarations.
frontend/src/views/training-calendar/index.tsx(11,26): error TS2307: Cannot find module '@/shared/ui/calendar' or its corresponding type declarations.
frontend/src/views/training-calendar/index.tsx(13,57): error TS2307: Cannot find module '@/shared/ui/popover' or its corresponding type declarations.
frontend/src/views/training-calendar/index.tsx(14,20): error TS2307: Cannot find module '@/shared/lib/utils' or its corresponding type declarations.
frontend/src/views/training-calendar/index.tsx(15,23): error TS2307: Cannot find module '@/shared/ui/badge' or its corresponding type declarations.
frontend/src/views/training-calendar/index.tsx(19,30): error TS2307: Cannot find module '@/entities/match/api/get-matches' or its corresponding type declarations.
frontend/src/views/training-calendar/index.tsx(20,28): error TS2307: Cannot find module '@/entities/match/model/types' or its corresponding type declarations.
frontend/src/views/training-calendar/index.tsx(21,29): error TS2307: Cannot find module '@/shared/context/training-provider' or its corresponding type declarations.
frontend/src/views/training-calendar/index.tsx(22,26): error TS2307: Cannot find module '@/shared/ui/skeleton' or its corresponding type declarations.
frontend/src/views/training-calendar/index.tsx(23,39): error TS2307: Cannot find module '@/entities/training-program/model/types' or its corresponding type declarations.
frontend/src/views/training-calendar/index.tsx(83,9): error TS17004: Cannot use JSX unless the '--jsx' flag is provided.
frontend/src/views/training-calendar/index.tsx(84,11): error TS17004: Cannot use JSX unless the '--jsx' flag is provided.
frontend/src/views/training-calendar/index.tsx(85,13): error TS17004: Cannot use JSX unless the '--jsx' flag is provided.
frontend/src/views/training-calendar/index.tsx(87,15): error TS17004: Cannot use JSX unless the '--jsx' flag is provided.
frontend/src/views/training-calendar/index.tsx(89,19): error TS17004: Cannot use JSX unless the '--jsx' flag is provided.
frontend/src/views/training-calendar/index.tsx(98,19): error TS17004: Cannot use JSX unless the '--jsx' flag is provided.
frontend/src/views/training-calendar/index.tsx(106,11): error TS17004: Cannot use JSX unless the '--jsx' flag is provided.
frontend/src/views/training-calendar/index.tsx(107,13): error TS17004: Cannot use JSX unless the '--jsx' flag is provided.
frontend/src/views/training-calendar/index.tsx(111,15): error TS17004: Cannot use JSX unless the '--jsx' flag is provided.
frontend/src/views/training-calendar/index.tsx(112,17): error TS17004: Cannot use JSX unless the '--jsx' flag is provided.
frontend/src/views/training-calendar/index.tsx(123,17): error TS17004: Cannot use JSX unless the '--jsx' flag is provided.
frontend/src/views/training-calendar/index.tsx(127,15): error TS17004: Cannot use JSX unless the '--jsx' flag is provided.
frontend/src/views/training-calendar/index.tsx(128,17): error TS17004: Cannot use JSX unless the '--jsx' flag is provided.
frontend/src/views/training-calendar/index.tsx(134,17): error TS17004: Cannot use JSX unless the '--jsx' flag is provided.
frontend/src/views/training-calendar/index.tsx(137,17): error TS17004: Cannot use JSX unless the '--jsx' flag is provided.
frontend/src/views/training-calendar/index.tsx(146,7): error TS17004: Cannot use JSX unless the '--jsx' flag is provided.
frontend/src/views/training-calendar/index.tsx(155,5): error TS17004: Cannot use JSX unless the '--jsx' flag is provided.
frontend/src/views/training-calendar/index.tsx(156,7): error TS17004: Cannot use JSX unless the '--jsx' flag is provided.
frontend/src/views/training-calendar/index.tsx(157,9): error TS17004: Cannot use JSX unless the '--jsx' flag is provided.
frontend/src/views/training-calendar/index.tsx(158,9): error TS17004: Cannot use JSX unless the '--jsx' flag is provided.
frontend/src/views/training-calendar/index.tsx(162,7): error TS17004: Cannot use JSX unless the '--jsx' flag is provided.
frontend/src/views/training-calendar/index.tsx(164,11): error TS17004: Cannot use JSX unless the '--jsx' flag is provided.
frontend/src/views/training-calendar/index.tsx(166,11): error TS17004: Cannot use JSX unless the '--jsx' flag is provided.
frontend/src/views/training-center/index.tsx(10,8): error TS2307: Cannot find module '@/shared/ui/card' or its corresponding type declarations.
frontend/src/views/training-center/index.tsx(29,39): error TS2307: Cannot find module '@/widgets/propose-training-dialog' or its corresponding type declarations.
frontend/src/views/training-center/index.tsx(42,3): error TS17004: Cannot use JSX unless the '--jsx' flag is provided.
frontend/src/views/training-center/index.tsx(43,5): error TS17004: Cannot use JSX unless the '--jsx' flag is provided.
frontend/src/views/training-center/index.tsx(44,7): error TS17004: Cannot use JSX unless the '--jsx' flag is provided.
frontend/src/views/training-center/index.tsx(45,9): error TS17004: Cannot use JSX unless the '--jsx' flag is provided.
frontend/src/views/training-center/index.tsx(46,11): error TS17004: Cannot use JSX unless the '--jsx' flag is provided.
frontend/src/views/training-center/index.tsx(48,9): error TS17004: Cannot use JSX unless the '--jsx' flag is provided.
frontend/src/views/training-center/index.tsx(49,11): error TS17004: Cannot use JSX unless the '--jsx' flag is provided.
frontend/src/views/training-center/index.tsx(50,11): error TS17004: Cannot use JSX unless the '--jsx' flag is provided.
frontend/src/views/training-center/index.tsx(54,5): error TS17004: Cannot use JSX unless the '--jsx' flag is provided.
frontend/src/views/training-center/index.tsx(70,5): error TS17004: Cannot use JSX unless the '--jsx' flag is provided.
frontend/src/views/training-center/index.tsx(71,7): error TS17004: Cannot use JSX unless the '--jsx' flag is provided.
frontend/src/views/training-center/index.tsx(72,9): error TS17004: Cannot use JSX unless the '--jsx' flag is provided.
frontend/src/views/training-center/index.tsx(73,9): error TS17004: Cannot use JSX unless the '--jsx' flag is provided.
frontend/src/views/training-center/index.tsx(75,7): error TS17004: Cannot use JSX unless the '--jsx' flag is provided.
frontend/src/views/training-center/index.tsx(80,7): error TS17004: Cannot use JSX unless the '--jsx' flag is provided.
frontend/src/views/training-center/index.tsx(86,5): error TS17004: Cannot use JSX unless the '--jsx' flag is provided.
frontend/src/views/training-center/index.tsx(136,5): error TS17004: Cannot use JSX unless the '--jsx' flag is provided.
frontend/src/views/training-center/index.tsx(137,7): error TS17004: Cannot use JSX unless the '--jsx' flag is provided.
frontend/src/views/training-center/index.tsx(138,9): error TS17004: Cannot use JSX unless the '--jsx' flag is provided.
frontend/src/views/training-center/index.tsx(139,11): error TS17004: Cannot use JSX unless the '--jsx' flag is provided.
frontend/src/views/training-center/index.tsx(142,11): error TS17004: Cannot use JSX unless the '--jsx' flag is provided.
frontend/src/views/training-center/index.tsx(148,9): error TS17004: Cannot use JSX unless the '--jsx' flag is provided.
frontend/src/views/training-center/index.tsx(149,11): error TS17004: Cannot use JSX unless the '--jsx' flag is provided.
frontend/src/views/training-center/index.tsx(155,15): error TS17004: Cannot use JSX unless the '--jsx' flag is provided.
frontend/src/views/training-center/index.tsx(159,11): error TS17004: Cannot use JSX unless the '--jsx' flag is provided.
frontend/src/views/training-center/index.tsx(165,15): error TS17004: Cannot use JSX unless the '--jsx' flag is provided.
frontend/src/views/training-center/index.tsx(169,11): error TS17004: Cannot use JSX unless the '--jsx' flag is provided.
frontend/src/views/training-center/index.tsx(175,15): error TS17004: Cannot use JSX unless the '--jsx' flag is provided.
frontend/src/views/training-center/index.tsx(179,11): error TS17004: Cannot use JSX unless the '--jsx' flag is provided.
frontend/src/views/training-center/index.tsx(185,15): error TS17004: Cannot use JSX unless the '--jsx' flag is provided.
frontend/src/views/training-center/index.tsx(190,7): error TS17004: Cannot use JSX unless the '--jsx' flag is provided.
frontend/src/views/training-exercises/index.tsx(1,38): error TS2307: Cannot find module '@/views/exercises-catalog' or its corresponding type declarations.
frontend/src/views/training-log/index.tsx(3,24): error TS2307: Cannot find module '@/shared/ui/button' or its corresponding type declarations.
frontend/src/views/training-log/index.tsx(6,29): error TS2307: Cannot find module '@/shared/context/training-provider' or its corresponding type declarations.
frontend/src/views/training-log/index.tsx(7,39): error TS2307: Cannot find module '@/entities/training-program/model/types' or its corresponding type declarations.
frontend/src/views/training-log/index.tsx(8,26): error TS2307: Cannot find module '@/shared/hooks/use-toast' or its corresponding type declarations.
frontend/src/views/training-log/index.tsx(9,33): error TS2307: Cannot find module '@/widgets/training-log-list' or its corresponding type declarations.
frontend/src/views/training-log/index.tsx(57,5): error TS17004: Cannot use JSX unless the '--jsx' flag is provided.
frontend/src/views/training-log/index.tsx(58,7): error TS17004: Cannot use JSX unless the '--jsx' flag is provided.
frontend/src/views/training-log/index.tsx(59,9): error TS17004: Cannot use JSX unless the '--jsx' flag is provided.
frontend/src/views/training-log/index.tsx(60,11): error TS17004: Cannot use JSX unless the '--jsx' flag is provided.
frontend/src/views/training-log/index.tsx(63,11): error TS17004: Cannot use JSX unless the '--jsx' flag is provided.
frontend/src/views/training-log/index.tsx(65,13): error TS17004: Cannot use JSX unless the '--jsx' flag is provided.
frontend/src/views/training-log/index.tsx(70,9): error TS17004: Cannot use JSX unless the '--jsx' flag is provided.
frontend/src/views/training-log/index.tsx(71,11): error TS17004: Cannot use JSX unless the '--jsx' flag is provided.
frontend/src/views/training-log/index.tsx(76,7): error TS17004: Cannot use JSX unless the '--jsx' flag is provided.
frontend/src/views/training-program-constructor/index.tsx(7,8): error TS2307: Cannot find module '@/widgets/training-program-form' or its corresponding type declarations.
frontend/src/views/training-program-constructor/index.tsx(8,36): error TS2307: Cannot find module '@/widgets/ai-program-generator' or its corresponding type declarations.
frontend/src/views/training-program-constructor/index.tsx(10,38): error TS2307: Cannot find module '@/entities/training-program/model/types' or its corresponding type declarations.
frontend/src/views/training-program-constructor/index.tsx(11,29): error TS2307: Cannot find module '@/app/providers/training-provider' or its corresponding type declarations.
frontend/src/views/training-program-constructor/index.tsx(12,26): error TS2307: Cannot find module '@/shared/hooks/use-toast' or its corresponding type declarations.
frontend/src/views/training-program-constructor/index.tsx(14,58): error TS2307: Cannot find module '@/shared/ui/tabs' or its corresponding type declarations.
frontend/src/views/training-program-constructor/index.tsx(61,5): error TS17004: Cannot use JSX unless the '--jsx' flag is provided.
frontend/src/views/training-program-constructor/index.tsx(62,7): error TS17004: Cannot use JSX unless the '--jsx' flag is provided.
frontend/src/views/training-program-constructor/index.tsx(63,9): error TS17004: Cannot use JSX unless the '--jsx' flag is provided.
frontend/src/views/training-program-constructor/index.tsx(64,11): error TS17004: Cannot use JSX unless the '--jsx' flag is provided.
frontend/src/views/training-program-constructor/index.tsx(66,9): error TS17004: Cannot use JSX unless the '--jsx' flag is provided.
frontend/src/views/training-program-constructor/index.tsx(67,11): error TS17004: Cannot use JSX unless the '--jsx' flag is provided.
frontend/src/views/training-program-constructor/index.tsx(70,7): error TS17004: Cannot use JSX unless the '--jsx' flag is provided.
frontend/src/views/training-program-constructor/index.tsx(71,9): error TS17004: Cannot use JSX unless the '--jsx' flag is provided.
frontend/src/views/training-program-constructor/index.tsx(73,7): error TS17004: Cannot use JSX unless the '--jsx' flag is provided.
frontend/src/views/training-program-constructor/index.tsx(74,9): error TS17004: Cannot use JSX unless the '--jsx' flag is provided.
frontend/src/views/training-program-details/index.tsx(10,8): error TS2307: Cannot find module '@/shared/ui/card' or its corresponding type declarations.
frontend/src/views/training-program-details/index.tsx(11,24): error TS2307: Cannot find module '@/shared/ui/button' or its corresponding type declarations.
frontend/src/views/training-program-details/index.tsx(12,26): error TS2307: Cannot find module '@/shared/hooks/use-toast' or its corresponding type declarations.
frontend/src/views/training-program-details/index.tsx(30,8): error TS2307: Cannot find module '@/shared/ui/accordion' or its corresponding type declarations.
frontend/src/views/training-program-details/index.tsx(38,8): error TS2307: Cannot find module '@/shared/ui/table' or its corresponding type declarations.
frontend/src/views/training-program-details/index.tsx(39,29): error TS2307: Cannot find module '@/shared/context/training-provider' or its corresponding type declarations.
frontend/src/views/training-program-details/index.tsx(40,38): error TS2307: Cannot find module '@/entities/training-program/model/types' or its corresponding type declarations.
frontend/src/views/training-program-details/index.tsx(41,20): error TS2307: Cannot find module '@/shared/lib/utils' or its corresponding type declarations.
frontend/src/views/training-program-details/index.tsx(74,5): error TS17004: Cannot use JSX unless the '--jsx' flag is provided.
frontend/src/views/training-program-details/index.tsx(75,7): error TS17004: Cannot use JSX unless the '--jsx' flag is provided.
frontend/src/views/training-program-details/index.tsx(76,9): error TS17004: Cannot use JSX unless the '--jsx' flag is provided.
frontend/src/views/training-program-details/index.tsx(77,11): error TS17004: Cannot use JSX unless the '--jsx' flag is provided.
frontend/src/views/training-program-details/index.tsx(84,11): error TS17004: Cannot use JSX unless the '--jsx' flag is provided.
frontend/src/views/training-program-details/index.tsx(85,11): error TS17004: Cannot use JSX unless the '--jsx' flag is provided.
frontend/src/views/training-program-details/index.tsx(86,13): error TS17004: Cannot use JSX unless the '--jsx' flag is provided.
frontend/src/views/training-program-details/index.tsx(87,13): error TS17004: Cannot use JSX unless the '--jsx' flag is provided.
frontend/src/views/training-program-details/index.tsx(89,17): error TS17004: Cannot use JSX unless the '--jsx' flag is provided.
frontend/src/views/training-program-details/index.tsx(91,17): error TS17004: Cannot use JSX unless the '--jsx' flag is provided.
frontend/src/views/training-program-details/index.tsx(93,15): error TS17004: Cannot use JSX unless the '--jsx' flag is provided.
frontend/src/views/training-program-details/index.tsx(97,9): error TS17004: Cannot use JSX unless the '--jsx' flag is provided.
frontend/src/views/training-program-details/index.tsx(98,11): error TS17004: Cannot use JSX unless the '--jsx' flag is provided.
frontend/src/views/training-program-details/index.tsx(99,11): error TS17004: Cannot use JSX unless the '--jsx' flag is provided.
frontend/src/views/training-program-details/index.tsx(100,13): error TS17004: Cannot use JSX unless the '--jsx' flag is provided.
frontend/src/views/training-program-details/index.tsx(101,15): error TS17004: Cannot use JSX unless the '--jsx' flag is provided.
frontend/src/views/training-program-details/index.tsx(102,15): error TS17004: Cannot use JSX unless the '--jsx' flag is provided.
frontend/src/views/training-program-details/index.tsx(103,23): error TS17004: Cannot use JSX unless the '--jsx' flag is provided.
frontend/src/views/training-program-details/index.tsx(106,13): error TS17004: Cannot use JSX unless the '--jsx' flag is provided.
frontend/src/views/training-program-details/index.tsx(107,15): error TS17004: Cannot use JSX unless the '--jsx' flag is provided.
frontend/src/views/training-program-details/index.tsx(108,15): error TS17004: Cannot use JSX unless the '--jsx' flag is provided.
frontend/src/views/training-program-details/index.tsx(109,26): error TS17004: Cannot use JSX unless the '--jsx' flag is provided.
frontend/src/views/training-program-details/index.tsx(112,13): error TS17004: Cannot use JSX unless the '--jsx' flag is provided.
frontend/src/views/training-program-details/index.tsx(113,15): error TS17004: Cannot use JSX unless the '--jsx' flag is provided.
frontend/src/views/training-program-details/index.tsx(114,15): error TS17004: Cannot use JSX unless the '--jsx' flag is provided.
frontend/src/views/training-program-details/index.tsx(115,22): error TS17004: Cannot use JSX unless the '--jsx' flag is provided.
frontend/src/views/training-program-details/index.tsx(122,7): error TS17004: Cannot use JSX unless the '--jsx' flag is provided.
frontend/src/views/training-program-details/index.tsx(123,9): error TS17004: Cannot use JSX unless the '--jsx' flag is provided.
frontend/src/views/training-program-details/index.tsx(124,11): error TS17004: Cannot use JSX unless the '--jsx' flag is provided.
frontend/src/views/training-program-details/index.tsx(125,11): error TS17004: Cannot use JSX unless the '--jsx' flag is provided.
frontend/src/views/training-program-details/index.tsx(129,9): error TS17004: Cannot use JSX unless the '--jsx' flag is provided.
frontend/src/views/training-program-details/index.tsx(131,13): error TS17004: Cannot use JSX unless the '--jsx' flag is provided.
frontend/src/views/training-program-details/index.tsx(138,17): error TS17004: Cannot use JSX unless the '--jsx' flag is provided.
frontend/src/views/training-program-details/index.tsx(139,19): error TS17004: Cannot use JSX unless the '--jsx' flag is provided.
frontend/src/views/training-program-details/index.tsx(142,19): error TS17004: Cannot use JSX unless the '--jsx' flag is provided.
frontend/src/views/training-program-details/index.tsx(143,21): error TS17004: Cannot use JSX unless the '--jsx' flag is provided.
frontend/src/views/training-program-details/index.tsx(144,23): error TS17004: Cannot use JSX unless the '--jsx' flag is provided.
frontend/src/views/training-program-details/index.tsx(145,25): error TS17004: Cannot use JSX unless the '--jsx' flag is provided.
frontend/src/views/training-program-details/index.tsx(146,27): error TS17004: Cannot use JSX unless the '--jsx' flag is provided.
frontend/src/views/training-program-details/index.tsx(147,27): error TS17004: Cannot use JSX unless the '--jsx' flag is provided.
frontend/src/views/training-program-details/index.tsx(148,27): error TS17004: Cannot use JSX unless the '--jsx' flag is provided.
frontend/src/views/training-program-details/index.tsx(149,27): error TS17004: Cannot use JSX unless the '--jsx' flag is provided.
frontend/src/views/training-program-details/index.tsx(152,27): error TS17004: Cannot use JSX unless the '--jsx' flag is provided.
frontend/src/views/training-program-details/index.tsx(153,27): error TS17004: Cannot use JSX unless the '--jsx' flag is provided.
frontend/src/views/training-program-details/index.tsx(156,23): error TS17004: Cannot use JSX unless the '--jsx' flag is provided.
frontend/src/views/training-program-details/index.tsx(158,27): error TS17004: Cannot use JSX unless the '--jsx' flag is provided.
frontend/src/views/training-program-details/index.tsx(165,29): error TS17004: Cannot use JSX unless the '--jsx' flag is provided.
frontend/src/views/training-program-details/index.tsx(167,33): error TS17004: Cannot use JSX unless the '--jsx' flag is provided.
frontend/src/views/training-program-details/index.tsx(170,29): error TS17004: Cannot use JSX unless the '--jsx' flag is provided.
frontend/src/views/training-program-details/index.tsx(173,29): error TS17004: Cannot use JSX unless the '--jsx' flag is provided.
frontend/src/views/training-program-details/index.tsx(176,29): error TS17004: Cannot use JSX unless the '--jsx' flag is provided.
frontend/src/views/training-program-details/index.tsx(179,29): error TS17004: Cannot use JSX unless the '--jsx' flag is provided.
frontend/src/views/training-program-details/index.tsx(182,29): error TS17004: Cannot use JSX unless the '--jsx' flag is provided.
frontend/src/views/training-program-details/index.tsx(194,13): error TS17004: Cannot use JSX unless the '--jsx' flag is provided.
frontend/src/views/training-program-details/index.tsx(199,9): error TS17004: Cannot use JSX unless the '--jsx' flag is provided.
frontend/src/views/training-program-details/index.tsx(200,11): error TS17004: Cannot use JSX unless the '--jsx' flag is provided.
frontend/src/views/training-program-details/index.tsx(206,13): error TS17004: Cannot use JSX unless the '--jsx' flag is provided.
frontend/src/views/training-program-details/index.tsx(209,11): error TS17004: Cannot use JSX unless the '--jsx' flag is provided.
frontend/src/views/training-program-details/index.tsx(215,13): error TS17004: Cannot use JSX unless the '--jsx' flag is provided.
frontend/src/views/training-program-edit/index.tsx(8,8): error TS2307: Cannot find module '@/widgets/training-program-form' or its corresponding type declarations.
frontend/src/views/training-program-edit/index.tsx(9,26): error TS2307: Cannot find module '@/shared/hooks/use-toast' or its corresponding type declarations.
frontend/src/views/training-program-edit/index.tsx(10,26): error TS2307: Cannot find module '@/shared/ui/skeleton' or its corresponding type declarations.
frontend/src/views/training-program-edit/index.tsx(11,29): error TS2307: Cannot find module '@/shared/context/training-provider' or its corresponding type declarations.
frontend/src/views/training-program-edit/index.tsx(30,7): error TS17004: Cannot use JSX unless the '--jsx' flag is provided.
frontend/src/views/training-program-edit/index.tsx(31,9): error TS17004: Cannot use JSX unless the '--jsx' flag is provided.
frontend/src/views/training-program-edit/index.tsx(32,9): error TS17004: Cannot use JSX unless the '--jsx' flag is provided.
frontend/src/views/training-program-edit/index.tsx(33,9): error TS17004: Cannot use JSX unless the '--jsx' flag is provided.
frontend/src/views/training-program-edit/index.tsx(39,12): error TS17004: Cannot use JSX unless the '--jsx' flag is provided.
frontend/src/views/training-program-edit/index.tsx(56,5): error TS17004: Cannot use JSX unless the '--jsx' flag is provided.
frontend/src/views/training-programs/index.tsx(4,38): error TS2307: Cannot find module '@/entities/training-program/model/types' or its corresponding type declarations.
frontend/src/views/training-programs/index.tsx(5,23): error TS2307: Cannot find module '@/shared/ui/badge' or its corresponding type declarations.
frontend/src/views/training-programs/index.tsx(6,24): error TS2307: Cannot find module '@/shared/ui/button' or its corresponding type declarations.
frontend/src/views/training-programs/index.tsx(13,8): error TS2307: Cannot find module '@/shared/ui/card' or its corresponding type declarations.
frontend/src/views/training-programs/index.tsx(19,8): error TS2307: Cannot find module '@/shared/ui/dropdown-menu' or its corresponding type declarations.
frontend/src/views/training-programs/index.tsx(20,26): error TS2307: Cannot find module '@/shared/hooks/use-toast' or its corresponding type declarations.
frontend/src/views/training-programs/index.tsx(34,28): error TS2307: Cannot find module '@/shared/lib/session/client' or its corresponding type declarations.
frontend/src/views/training-programs/index.tsx(35,58): error TS2307: Cannot find module '@/shared/ui/tabs' or its corresponding type declarations.
frontend/src/views/training-programs/index.tsx(36,29): error TS2307: Cannot find module '@/app/providers/training-provider' or its corresponding type declarations.
frontend/src/views/training-programs/index.tsx(37,26): error TS2307: Cannot find module '@/shared/ui/skeleton' or its corresponding type declarations.
frontend/src/views/training-programs/index.tsx(38,40): error TS2307: Cannot find module '@/widgets/training-program-form' or its corresponding type declarations.
frontend/src/views/training-programs/index.tsx(52,5): error TS17004: Cannot use JSX unless the '--jsx' flag is provided.
frontend/src/views/training-programs/index.tsx(53,7): error TS17004: Cannot use JSX unless the '--jsx' flag is provided.
frontend/src/views/training-programs/index.tsx(54,9): error TS17004: Cannot use JSX unless the '--jsx' flag is provided.
frontend/src/views/training-programs/index.tsx(55,11): error TS17004: Cannot use JSX unless the '--jsx' flag is provided.
frontend/src/views/training-programs/index.tsx(56,13): error TS17004: Cannot use JSX unless the '--jsx' flag is provided.
frontend/src/views/training-programs/index.tsx(63,13): error TS17004: Cannot use JSX unless the '--jsx' flag is provided.
frontend/src/views/training-programs/index.tsx(66,9): error TS17004: Cannot use JSX unless the '--jsx' flag is provided.
frontend/src/views/training-programs/index.tsx(68,13): error TS17004: Cannot use JSX unless the '--jsx' flag is provided.
frontend/src/views/training-programs/index.tsx(69,15): error TS17004: Cannot use JSX unless the '--jsx' flag is provided.
frontend/src/views/training-programs/index.tsx(73,13): error TS17004: Cannot use JSX unless the '--jsx' flag is provided.
frontend/src/views/training-programs/index.tsx(74,15): error TS17004: Cannot use JSX unless the '--jsx' flag is provided.
frontend/src/views/training-programs/index.tsx(75,17): error TS17004: Cannot use JSX unless the '--jsx' flag is provided.
frontend/src/views/training-programs/index.tsx(80,19): error TS17004: Cannot use JSX unless the '--jsx' flag is provided.
frontend/src/views/training-programs/index.tsx(83,15): error TS17004: Cannot use JSX unless the '--jsx' flag is provided.
frontend/src/views/training-programs/index.tsx(84,17): error TS17004: Cannot use JSX unless the '--jsx' flag is provided.
frontend/src/views/training-programs/index.tsx(85,19): error TS17004: Cannot use JSX unless the '--jsx' flag is provided.
frontend/src/views/training-programs/index.tsx(86,21): error TS17004: Cannot use JSX unless the '--jsx' flag is provided.
frontend/src/views/training-programs/index.tsx(90,17): error TS17004: Cannot use JSX unless the '--jsx' flag is provided.
frontend/src/views/training-programs/index.tsx(94,19): error TS17004: Cannot use JSX unless the '--jsx' flag is provided.
frontend/src/views/training-programs/index.tsx(101,9): error TS17004: Cannot use JSX unless the '--jsx' flag is provided.
frontend/src/views/training-programs/index.tsx(102,11): error TS17004: Cannot use JSX unless the '--jsx' flag is provided.
frontend/src/views/training-programs/index.tsx(105,7): error TS17004: Cannot use JSX unless the '--jsx' flag is provided.
frontend/src/views/training-programs/index.tsx(106,9): error TS17004: Cannot use JSX unless the '--jsx' flag is provided.
frontend/src/views/training-programs/index.tsx(107,11): error TS17004: Cannot use JSX unless the '--jsx' flag is provided.
frontend/src/views/training-programs/index.tsx(112,7): error TS17004: Cannot use JSX unless the '--jsx' flag is provided.
frontend/src/views/training-programs/index.tsx(113,9): error TS17004: Cannot use JSX unless the '--jsx' flag is provided.
frontend/src/views/training-programs/index.tsx(116,9): error TS17004: Cannot use JSX unless the '--jsx' flag is provided.
frontend/src/views/training-programs/index.tsx(117,11): error TS17004: Cannot use JSX unless the '--jsx' flag is provided.
frontend/src/views/training-programs/index.tsx(118,13): error TS17004: Cannot use JSX unless the '--jsx' flag is provided.
frontend/src/views/training-programs/index.tsx(121,11): error TS17004: Cannot use JSX unless the '--jsx' flag is provided.
frontend/src/views/training-programs/index.tsx(122,13): error TS17004: Cannot use JSX unless the '--jsx' flag is provided.
frontend/src/views/training-programs/index.tsx(125,11): error TS17004: Cannot use JSX unless the '--jsx' flag is provided.
frontend/src/views/training-programs/index.tsx(126,13): error TS17004: Cannot use JSX unless the '--jsx' flag is provided.
frontend/src/views/training-programs/index.tsx(132,9): error TS17004: Cannot use JSX unless the '--jsx' flag is provided.
frontend/src/views/training-programs/index.tsx(133,11): error TS17004: Cannot use JSX unless the '--jsx' flag is provided.
frontend/src/views/training-programs/index.tsx(138,13): error TS17004: Cannot use JSX unless the '--jsx' flag is provided.
frontend/src/views/training-programs/index.tsx(148,3): error TS17004: Cannot use JSX unless the '--jsx' flag is provided.
frontend/src/views/training-programs/index.tsx(150,7): error TS17004: Cannot use JSX unless the '--jsx' flag is provided.
frontend/src/views/training-programs/index.tsx(219,5): error TS17004: Cannot use JSX unless the '--jsx' flag is provided.
frontend/src/views/training-programs/index.tsx(220,7): error TS17004: Cannot use JSX unless the '--jsx' flag is provided.
frontend/src/views/training-programs/index.tsx(221,9): error TS17004: Cannot use JSX unless the '--jsx' flag is provided.
frontend/src/views/training-programs/index.tsx(222,11): error TS17004: Cannot use JSX unless the '--jsx' flag is provided.
frontend/src/views/training-programs/index.tsx(225,11): error TS17004: Cannot use JSX unless the '--jsx' flag is provided.
frontend/src/views/training-programs/index.tsx(230,9): error TS17004: Cannot use JSX unless the '--jsx' flag is provided.
frontend/src/views/training-programs/index.tsx(231,11): error TS17004: Cannot use JSX unless the '--jsx' flag is provided.
frontend/src/views/training-programs/index.tsx(232,13): error TS17004: Cannot use JSX unless the '--jsx' flag is provided.
frontend/src/views/training-programs/index.tsx(238,7): error TS17004: Cannot use JSX unless the '--jsx' flag is provided.
frontend/src/views/training-programs/index.tsx(239,9): error TS17004: Cannot use JSX unless the '--jsx' flag is provided.
frontend/src/views/training-programs/index.tsx(240,11): error TS17004: Cannot use JSX unless the '--jsx' flag is provided.
frontend/src/views/training-programs/index.tsx(241,11): error TS17004: Cannot use JSX unless the '--jsx' flag is provided.
frontend/src/views/training-programs/index.tsx(243,9): error TS17004: Cannot use JSX unless the '--jsx' flag is provided.
frontend/src/views/training-programs/index.tsx(245,13): error TS17004: Cannot use JSX unless the '--jsx' flag is provided.
frontend/src/views/training-programs/index.tsx(247,13): error TS17004: Cannot use JSX unless the '--jsx' flag is provided.
frontend/src/views/training-programs/index.tsx(249,17): error TS17004: Cannot use JSX unless the '--jsx' flag is provided.
frontend/src/views/training-programs/index.tsx(259,13): error TS17004: Cannot use JSX unless the '--jsx' flag is provided.
frontend/src/views/training-programs/index.tsx(265,9): error TS17004: Cannot use JSX unless the '--jsx' flag is provided.
frontend/src/views/training-programs/index.tsx(267,13): error TS17004: Cannot use JSX unless the '--jsx' flag is provided.
frontend/src/views/training-programs/index.tsx(269,13): error TS17004: Cannot use JSX unless the '--jsx' flag is provided.
frontend/src/views/training-programs/index.tsx(271,17): error TS17004: Cannot use JSX unless the '--jsx' flag is provided.
frontend/src/views/training-proposals/index.tsx(4,38): error TS2307: Cannot find module '@/app/providers/training-proposal-provider' or its corresponding type declarations.
frontend/src/views/training-proposals/index.tsx(5,28): error TS2307: Cannot find module '@/shared/lib/session/client' or its corresponding type declarations.
frontend/src/views/training-proposals/index.tsx(12,8): error TS2307: Cannot find module '@/shared/ui/card' or its corresponding type declarations.
frontend/src/views/training-proposals/index.tsx(13,53): error TS2307: Cannot find module '@/shared/ui/avatar' or its corresponding type declarations.
frontend/src/views/training-proposals/index.tsx(14,24): error TS2307: Cannot find module '@/shared/ui/button' or its corresponding type declarations.
frontend/src/views/training-proposals/index.tsx(15,23): error TS2307: Cannot find module '@/shared/ui/badge' or its corresponding type declarations.
frontend/src/views/training-proposals/index.tsx(17,26): error TS2307: Cannot find module '@/shared/hooks/use-toast' or its corresponding type declarations.
frontend/src/views/training-proposals/index.tsx(20,39): error TS2307: Cannot find module '@/app/providers/training-proposal-provider' or its corresponding type declarations.
frontend/src/views/training-proposals/index.tsx(67,7): error TS17004: Cannot use JSX unless the '--jsx' flag is provided.
frontend/src/views/training-proposals/index.tsx(68,9): error TS17004: Cannot use JSX unless the '--jsx' flag is provided.
frontend/src/views/training-proposals/index.tsx(81,7): error TS17004: Cannot use JSX unless the '--jsx' flag is provided.
frontend/src/views/training-proposals/index.tsx(82,9): error TS17004: Cannot use JSX unless the '--jsx' flag is provided.
frontend/src/views/training-proposals/index.tsx(83,11): error TS17004: Cannot use JSX unless the '--jsx' flag is provided.
frontend/src/views/training-proposals/index.tsx(84,13): error TS17004: Cannot use JSX unless the '--jsx' flag is provided.
frontend/src/views/training-proposals/index.tsx(85,15): error TS17004: Cannot use JSX unless the '--jsx' flag is provided.
frontend/src/views/training-proposals/index.tsx(86,15): error TS17004: Cannot use JSX unless the '--jsx' flag is provided.
frontend/src/views/training-proposals/index.tsx(88,13): error TS17004: Cannot use JSX unless the '--jsx' flag is provided.
frontend/src/views/training-proposals/index.tsx(89,15): error TS17004: Cannot use JSX unless the '--jsx' flag is provided.
frontend/src/views/training-proposals/index.tsx(90,15): error TS17004: Cannot use JSX unless the '--jsx' flag is provided.
frontend/src/views/training-proposals/index.tsx(99,13): error TS17004: Cannot use JSX unless the '--jsx' flag is provided.
frontend/src/views/training-proposals/index.tsx(100,15): error TS17004: Cannot use JSX unless the '--jsx' flag is provided.
frontend/src/views/training-proposals/index.tsx(110,19): error TS17004: Cannot use JSX unless the '--jsx' flag is provided.
frontend/src/views/training-proposals/index.tsx(112,19): error TS17004: Cannot use JSX unless the '--jsx' flag is provided.
frontend/src/views/training-proposals/index.tsx(115,15): error TS17004: Cannot use JSX unless the '--jsx' flag is provided.
frontend/src/views/training-proposals/index.tsx(125,19): error TS17004: Cannot use JSX unless the '--jsx' flag is provided.
frontend/src/views/training-proposals/index.tsx(127,19): error TS17004: Cannot use JSX unless the '--jsx' flag is provided.
frontend/src/views/training-proposals/index.tsx(132,13): error TS17004: Cannot use JSX unless the '--jsx' flag is provided.
frontend/src/views/training-proposals/index.tsx(136,11): error TS17004: Cannot use JSX unless the '--jsx' flag is provided.
frontend/src/views/training-proposals/index.tsx(138,13): error TS17004: Cannot use JSX unless the '--jsx' flag is provided.
frontend/src/views/training-proposals/index.tsx(142,11): error TS17004: Cannot use JSX unless the '--jsx' flag is provided.
frontend/src/views/training-proposals/index.tsx(151,5): error TS17004: Cannot use JSX unless the '--jsx' flag is provided.
frontend/src/views/training-proposals/index.tsx(152,7): error TS17004: Cannot use JSX unless the '--jsx' flag is provided.
frontend/src/views/training-proposals/index.tsx(153,9): error TS17004: Cannot use JSX unless the '--jsx' flag is provided.
frontend/src/views/training-proposals/index.tsx(154,9): error TS17004: Cannot use JSX unless the '--jsx' flag is provided.
frontend/src/views/training-proposals/index.tsx(158,7): error TS17004: Cannot use JSX unless the '--jsx' flag is provided.
frontend/src/views/training-proposals/index.tsx(159,9): error TS17004: Cannot use JSX unless the '--jsx' flag is provided.
frontend/src/views/training-proposals/index.tsx(160,11): error TS17004: Cannot use JSX unless the '--jsx' flag is provided.
frontend/src/views/training-proposals/index.tsx(161,13): error TS17004: Cannot use JSX unless the '--jsx' flag is provided.
frontend/src/views/training-proposals/index.tsx(163,11): error TS17004: Cannot use JSX unless the '--jsx' flag is provided.
frontend/src/views/training-proposals/index.tsx(167,15): error TS17004: Cannot use JSX unless the '--jsx' flag is provided.
frontend/src/views/training-proposals/index.tsx(173,9): error TS17004: Cannot use JSX unless the '--jsx' flag is provided.
frontend/src/views/training-proposals/index.tsx(174,11): error TS17004: Cannot use JSX unless the '--jsx' flag is provided.
frontend/src/views/training-proposals/index.tsx(175,13): error TS17004: Cannot use JSX unless the '--jsx' flag is provided.
frontend/src/views/training-proposals/index.tsx(177,11): error TS17004: Cannot use JSX unless the '--jsx' flag is provided.
frontend/src/views/training-proposals/index.tsx(181,15): error TS17004: Cannot use JSX unless the '--jsx' flag is provided.
frontend/src/views/training-records/index.tsx(1,37): error TS2307: Cannot find module '@/views/personal-records' or its corresponding type declarations.
frontend/src/views/user-management/index.tsx(10,58): error TS2307: Cannot find module '@/shared/ui/card' or its corresponding type declarations.
frontend/src/views/user-management/index.tsx(11,23): error TS2307: Cannot find module '@/shared/ui/input' or its corresponding type declarations.
frontend/src/views/user-management/index.tsx(18,8): error TS2307: Cannot find module '@/shared/ui/select' or its corresponding type declarations.
frontend/src/views/user-management/index.tsx(20,26): error TS2307: Cannot find module '@/shared/hooks/use-toast' or its corresponding type declarations.
frontend/src/views/user-management/index.tsx(21,27): error TS2307: Cannot find module '@/entities/user/ui/user-table' or its corresponding type declarations.
frontend/src/views/user-management/index.tsx(22,32): error TS2307: Cannot find module '@/widgets/user-edit-dialog' or its corresponding type declarations.
frontend/src/views/user-management/index.tsx(23,30): error TS2307: Cannot find module '@/widgets/user-pd-dialog' or its corresponding type declarations.
frontend/src/views/user-management/index.tsx(32,8): error TS2307: Cannot find module '@/shared/ui/alert-dialog' or its corresponding type declarations.
frontend/src/views/user-management/index.tsx(33,40): error TS2307: Cannot find module '@/shared/ui/button' or its corresponding type declarations.
frontend/src/views/user-management/index.tsx(34,20): error TS2307: Cannot find module '@/shared/lib/utils' or its corresponding type declarations.
frontend/src/views/user-management/index.tsx(35,26): error TS2307: Cannot find module '@/shared/ui/skeleton' or its corresponding type declarations.
frontend/src/views/user-management/index.tsx(36,26): error TS2307: Cannot find module '@/entities/user/api/get-users' or its corresponding type declarations.
frontend/src/views/user-management/index.tsx(37,27): error TS2307: Cannot find module '@/shared/lib/types' or its corresponding type declarations.
frontend/src/views/user-management/index.tsx(38,28): error TS2307: Cannot find module '@/shared/lib/types' or its corresponding type declarations.
frontend/src/views/user-management/index.tsx(180,5): error TS17004: Cannot use JSX unless the '--jsx' flag is provided.
frontend/src/views/user-management/index.tsx(181,7): error TS17004: Cannot use JSX unless the '--jsx' flag is provided.
frontend/src/views/user-management/index.tsx(182,9): error TS17004: Cannot use JSX unless the '--jsx' flag is provided.
frontend/src/views/user-management/index.tsx(183,11): error TS17004: Cannot use JSX unless the '--jsx' flag is provided.
frontend/src/views/user-management/index.tsx(186,11): error TS17004: Cannot use JSX unless the '--jsx' flag is provided.
frontend/src/views/user-management/index.tsx(191,9): error TS17004: Cannot use JSX unless the '--jsx' flag is provided.
frontend/src/views/user-management/index.tsx(192,11): error TS17004: Cannot use JSX unless the '--jsx' flag is provided.
frontend/src/views/user-management/index.tsx(193,13): error TS17004: Cannot use JSX unless the '--jsx' flag is provided.
frontend/src/views/user-management/index.tsx(195,11): error TS17004: Cannot use JSX unless the '--jsx' flag is provided.
frontend/src/views/user-management/index.tsx(196,13): error TS17004: Cannot use JSX unless the '--jsx' flag is provided.
frontend/src/views/user-management/index.tsx(197,15): error TS17004: Cannot use JSX unless the '--jsx' flag is provided.
frontend/src/views/user-management/index.tsx(198,15): error TS17004: Cannot use JSX unless the '--jsx' flag is provided.
frontend/src/views/user-management/index.tsx(205,13): error TS17004: Cannot use JSX unless the '--jsx' flag is provided.
frontend/src/views/user-management/index.tsx(206,15): error TS17004: Cannot use JSX unless the '--jsx' flag is provided.
frontend/src/views/user-management/index.tsx(207,17): error TS17004: Cannot use JSX unless the '--jsx' flag is provided.
frontend/src/views/user-management/index.tsx(209,15): error TS17004: Cannot use JSX unless the '--jsx' flag is provided.
frontend/src/views/user-management/index.tsx(211,19): error TS17004: Cannot use JSX unless the '--jsx' flag is provided.
frontend/src/views/user-management/index.tsx(217,13): error TS17004: Cannot use JSX unless the '--jsx' flag is provided.
frontend/src/views/user-management/index.tsx(218,15): error TS17004: Cannot use JSX unless the '--jsx' flag is provided.
frontend/src/views/user-management/index.tsx(219,17): error TS17004: Cannot use JSX unless the '--jsx' flag is provided.
frontend/src/views/user-management/index.tsx(221,15): error TS17004: Cannot use JSX unless the '--jsx' flag is provided.
frontend/src/views/user-management/index.tsx(223,19): error TS17004: Cannot use JSX unless the '--jsx' flag is provided.
frontend/src/views/user-management/index.tsx(237,11): error TS17004: Cannot use JSX unless the '--jsx' flag is provided.
frontend/src/views/user-management/index.tsx(239,15): error TS17004: Cannot use JSX unless the '--jsx' flag is provided.
frontend/src/views/user-management/index.tsx(243,11): error TS17004: Cannot use JSX unless the '--jsx' flag is provided.
frontend/src/views/user-management/index.tsx(252,11): error TS17004: Cannot use JSX unless the '--jsx' flag is provided.
frontend/src/views/user-management/index.tsx(253,13): error TS17004: Cannot use JSX unless the '--jsx' flag is provided.
frontend/src/views/user-management/index.tsx(256,13): error TS17004: Cannot use JSX unless the '--jsx' flag is provided.
frontend/src/views/user-management/index.tsx(257,15): error TS17004: Cannot use JSX unless the '--jsx' flag is provided.
frontend/src/views/user-management/index.tsx(265,15): error TS17004: Cannot use JSX unless the '--jsx' flag is provided.
frontend/src/views/user-management/index.tsx(268,15): error TS17004: Cannot use JSX unless the '--jsx' flag is provided.
frontend/src/views/user-management/index.tsx(282,9): error TS17004: Cannot use JSX unless the '--jsx' flag is provided.
frontend/src/views/user-management/index.tsx(289,9): error TS17004: Cannot use JSX unless the '--jsx' flag is provided.
frontend/src/views/user-management/index.tsx(297,7): error TS17004: Cannot use JSX unless the '--jsx' flag is provided.
frontend/src/views/user-management/index.tsx(298,9): error TS17004: Cannot use JSX unless the '--jsx' flag is provided.
frontend/src/views/user-management/index.tsx(299,11): error TS17004: Cannot use JSX unless the '--jsx' flag is provided.
frontend/src/views/user-management/index.tsx(300,13): error TS17004: Cannot use JSX unless the '--jsx' flag is provided.
frontend/src/views/user-management/index.tsx(301,13): error TS17004: Cannot use JSX unless the '--jsx' flag is provided.
frontend/src/views/user-management/index.tsx(304,15): error TS17004: Cannot use JSX unless the '--jsx' flag is provided.
frontend/src/views/user-management/index.tsx(308,11): error TS17004: Cannot use JSX unless the '--jsx' flag is provided.
frontend/src/views/user-management/index.tsx(309,13): error TS17004: Cannot use JSX unless the '--jsx' flag is provided.
frontend/src/views/user-management/index.tsx(310,13): error TS17004: Cannot use JSX unless the '--jsx' flag is provided.
frontend/src/views/user-management/index.tsx(320,17): error TS17004: Cannot use JSX unless the '--jsx' flag is provided.
frontend/src/views/welcome/index.tsx(10,8): error TS2307: Cannot find module '@/shared/ui/card' or its corresponding type declarations.
frontend/src/views/welcome/index.tsx(11,24): error TS2307: Cannot find module '@/shared/ui/button' or its corresponding type declarations.
frontend/src/views/welcome/index.tsx(15,8): error TS2307: Cannot find module '@/shared/api/genkit/flows/onboarding-assistant-flow' or its corresponding type declarations.
frontend/src/views/welcome/index.tsx(17,26): error TS2307: Cannot find module '@/shared/ui/skeleton' or its corresponding type declarations.
frontend/src/views/welcome/index.tsx(26,3): error TS17004: Cannot use JSX unless the '--jsx' flag is provided.
frontend/src/views/welcome/index.tsx(27,5): error TS17004: Cannot use JSX unless the '--jsx' flag is provided.
frontend/src/views/welcome/index.tsx(28,5): error TS17004: Cannot use JSX unless the '--jsx' flag is provided.
frontend/src/views/welcome/index.tsx(29,5): error TS17004: Cannot use JSX unless the '--jsx' flag is provided.
frontend/src/views/welcome/index.tsx(30,7): error TS17004: Cannot use JSX unless the '--jsx' flag is provided.
frontend/src/views/welcome/index.tsx(31,7): error TS17004: Cannot use JSX unless the '--jsx' flag is provided.
frontend/src/views/welcome/index.tsx(32,7): error TS17004: Cannot use JSX unless the '--jsx' flag is provided.
frontend/src/views/welcome/index.tsx(44,7): error TS17004: Cannot use JSX unless the '--jsx' flag is provided.
frontend/src/views/welcome/index.tsx(45,9): error TS17004: Cannot use JSX unless the '--jsx' flag is provided.
frontend/src/views/welcome/index.tsx(46,11): error TS17004: Cannot use JSX unless the '--jsx' flag is provided.
frontend/src/views/welcome/index.tsx(55,5): error TS17004: Cannot use JSX unless the '--jsx' flag is provided.
frontend/src/views/welcome/index.tsx(56,7): error TS17004: Cannot use JSX unless the '--jsx' flag is provided.
frontend/src/views/welcome/index.tsx(57,9): error TS17004: Cannot use JSX unless the '--jsx' flag is provided.
frontend/src/views/welcome/index.tsx(58,11): error TS17004: Cannot use JSX unless the '--jsx' flag is provided.
frontend/src/views/welcome/index.tsx(59,11): error TS17004: Cannot use JSX unless the '--jsx' flag is provided.
frontend/src/views/welcome/index.tsx(63,9): error TS17004: Cannot use JSX unless the '--jsx' flag is provided.
frontend/src/views/welcome/index.tsx(64,11): error TS17004: Cannot use JSX unless the '--jsx' flag is provided.
frontend/src/views/welcome/index.tsx(68,15): error TS17004: Cannot use JSX unless the '--jsx' flag is provided.
frontend/src/views/welcome/index.tsx(69,17): error TS17004: Cannot use JSX unless the '--jsx' flag is provided.
frontend/src/views/welcome/index.tsx(70,19): error TS17004: Cannot use JSX unless the '--jsx' flag is provided.
frontend/src/views/welcome/index.tsx(71,21): error TS17004: Cannot use JSX unless the '--jsx' flag is provided.
frontend/src/views/welcome/index.tsx(72,21): error TS17004: Cannot use JSX unless the '--jsx' flag is provided.
frontend/src/views/welcome/index.tsx(73,23): error TS17004: Cannot use JSX unless the '--jsx' flag is provided.
frontend/src/views/welcome/index.tsx(74,23): error TS17004: Cannot use JSX unless the '--jsx' flag is provided.
frontend/src/views/welcome/index.tsx(79,23): error TS17004: Cannot use JSX unless the '--jsx' flag is provided.
frontend/src/views/welcome/index.tsx(89,9): error TS17004: Cannot use JSX unless the '--jsx' flag is provided.
frontend/src/views/welcome/index.tsx(90,11): error TS17004: Cannot use JSX unless the '--jsx' flag is provided.
frontend/src/views/welcome/index.tsx(91,13): error TS17004: Cannot use JSX unless the '--jsx' flag is provided.
frontend/src/views/welcome/index.tsx(92,34): error TS17004: Cannot use JSX unless the '--jsx' flag is provided.
frontend/src/widgets/add-food-dialog/index.tsx(7,24): error TS2307: Cannot find module '@/shared/ui/button' or its corresponding type declarations.
frontend/src/widgets/add-food-dialog/index.tsx(15,8): error TS2307: Cannot find module '@/shared/ui/dialog' or its corresponding type declarations.
frontend/src/widgets/add-food-dialog/index.tsx(16,23): error TS2307: Cannot find module '@/shared/ui/input' or its corresponding type declarations.
frontend/src/widgets/add-food-dialog/index.tsx(24,8): error TS2307: Cannot find module '@/shared/ui/form' or its corresponding type declarations.
frontend/src/widgets/add-food-dialog/index.tsx(31,8): error TS2307: Cannot find module '@/shared/ui/select' or its corresponding type declarations.
frontend/src/widgets/add-food-dialog/index.tsx(33,31): error TS2307: Cannot find module '@/entities/nutrition/model/types' or its corresponding type declarations.
frontend/src/widgets/add-food-dialog/index.tsx(34,30): error TS2307: Cannot find module '@/shared/context/nutrition-provider' or its corresponding type declarations.
frontend/src/widgets/add-food-dialog/index.tsx(35,26): error TS2307: Cannot find module '@/shared/hooks/use-toast' or its corresponding type declarations.
frontend/src/widgets/add-food-dialog/index.tsx(36,26): error TS2307: Cannot find module '@/entities/nutrition/model/enums' or its corresponding type declarations.
frontend/src/widgets/add-food-dialog/index.tsx(95,5): error TS17004: Cannot use JSX unless the '--jsx' flag is provided.
frontend/src/widgets/add-food-dialog/index.tsx(96,7): error TS17004: Cannot use JSX unless the '--jsx' flag is provided.
frontend/src/widgets/add-food-dialog/index.tsx(97,9): error TS17004: Cannot use JSX unless the '--jsx' flag is provided.
frontend/src/widgets/add-food-dialog/index.tsx(98,11): error TS17004: Cannot use JSX unless the '--jsx' flag is provided.
frontend/src/widgets/add-food-dialog/index.tsx(99,13): error TS17004: Cannot use JSX unless the '--jsx' flag is provided.
frontend/src/widgets/add-food-dialog/index.tsx(100,15): error TS17004: Cannot use JSX unless the '--jsx' flag is provided.
frontend/src/widgets/add-food-dialog/index.tsx(101,15): error TS17004: Cannot use JSX unless the '--jsx' flag is provided.
frontend/src/widgets/add-food-dialog/index.tsx(105,13): error TS17004: Cannot use JSX unless the '--jsx' flag is provided.
frontend/src/widgets/add-food-dialog/index.tsx(106,15): error TS17004: Cannot use JSX unless the '--jsx' flag is provided.
frontend/src/widgets/add-food-dialog/index.tsx(107,17): error TS17004: Cannot use JSX unless the '--jsx' flag is provided.
frontend/src/widgets/add-food-dialog/index.tsx(111,21): error TS17004: Cannot use JSX unless the '--jsx' flag is provided.
frontend/src/widgets/add-food-dialog/index.tsx(112,23): error TS17004: Cannot use JSX unless the '--jsx' flag is provided.
frontend/src/widgets/add-food-dialog/index.tsx(113,23): error TS17004: Cannot use JSX unless the '--jsx' flag is provided.
frontend/src/widgets/add-food-dialog/index.tsx(114,25): error TS17004: Cannot use JSX unless the '--jsx' flag is provided.
frontend/src/widgets/add-food-dialog/index.tsx(116,23): error TS17004: Cannot use JSX unless the '--jsx' flag is provided.
frontend/src/widgets/add-food-dialog/index.tsx(120,17): error TS17004: Cannot use JSX unless the '--jsx' flag is provided.
frontend/src/widgets/add-food-dialog/index.tsx(124,21): error TS17004: Cannot use JSX unless the '--jsx' flag is provided.
frontend/src/widgets/add-food-dialog/index.tsx(125,23): error TS17004: Cannot use JSX unless the '--jsx' flag is provided.
frontend/src/widgets/add-food-dialog/index.tsx(126,23): error TS17004: Cannot use JSX unless the '--jsx' flag is provided.
frontend/src/widgets/add-food-dialog/index.tsx(130,25): error TS17004: Cannot use JSX unless the '--jsx' flag is provided.
frontend/src/widgets/add-food-dialog/index.tsx(131,27): error TS17004: Cannot use JSX unless the '--jsx' flag is provided.
frontend/src/widgets/add-food-dialog/index.tsx(132,29): error TS17004: Cannot use JSX unless the '--jsx' flag is provided.
frontend/src/widgets/add-food-dialog/index.tsx(135,25): error TS17004: Cannot use JSX unless the '--jsx' flag is provided.
frontend/src/widgets/add-food-dialog/index.tsx(137,29): error TS17004: Cannot use JSX unless the '--jsx' flag is provided.
frontend/src/widgets/add-food-dialog/index.tsx(143,23): error TS17004: Cannot use JSX unless the '--jsx' flag is provided.
frontend/src/widgets/add-food-dialog/index.tsx(149,13): error TS17004: Cannot use JSX unless the '--jsx' flag is provided.
frontend/src/widgets/add-food-dialog/index.tsx(150,15): error TS17004: Cannot use JSX unless the '--jsx' flag is provided.
frontend/src/widgets/add-food-dialog/index.tsx(157,15): error TS17004: Cannot use JSX unless the '--jsx' flag is provided.
frontend/src/widgets/add-food-dialog/index.tsx(159,19): error TS17004: Cannot use JSX unless the '--jsx' flag is provided.
frontend/src/widgets/add-food-dialog/index.tsx(161,17): error TS17004: Cannot use JSX unless the '--jsx' flag is provided.
frontend/src/widgets/add-item-dialog/index.tsx(6,26): error TS2307: Cannot find module '@/shared/hooks/use-toast' or its corresponding type declarations.
frontend/src/widgets/add-item-dialog/index.tsx(14,8): error TS2307: Cannot find module '@/shared/ui/form' or its corresponding type declarations.
frontend/src/widgets/add-item-dialog/index.tsx(15,23): error TS2307: Cannot find module '@/shared/ui/input' or its corresponding type declarations.
frontend/src/widgets/add-item-dialog/index.tsx(16,24): error TS2307: Cannot find module '@/shared/ui/button' or its corresponding type declarations.
frontend/src/widgets/add-item-dialog/index.tsx(17,57): error TS2307: Cannot find module '@/shared/ui/popover' or its corresponding type declarations.
frontend/src/widgets/add-item-dialog/index.tsx(18,26): error TS2307: Cannot find module '@/shared/ui/calendar' or its corresponding type declarations.
frontend/src/widgets/add-item-dialog/index.tsx(19,20): error TS2307: Cannot find module '@/shared/lib/utils' or its corresponding type declarations.
frontend/src/widgets/add-item-dialog/index.tsx(30,8): error TS2307: Cannot find module '@/shared/ui/dialog' or its corresponding type declarations.
frontend/src/widgets/add-item-dialog/index.tsx(31,36): error TS2307: Cannot find module '@/entities/inventory/model/types' or its corresponding type declarations.
frontend/src/widgets/add-item-dialog/index.tsx(38,8): error TS2307: Cannot find module '@/shared/ui/select' or its corresponding type declarations.
frontend/src/widgets/add-item-dialog/index.tsx(82,23): error TS2345: Argument of type '{ name?: string; type?: string; category?: "Одежда" | "Обувь" | "Аксессуары" | "Периферия"; purchaseDate?: Date; lifespanMonths?: number; }' is not assignable to parameter of type 'Omit<InventoryItem, "id" | "imageHint" | "image" | "purchaseDate"> & { purchaseDate: Date; }'.
  Type '{ name?: string; type?: string; category?: "Одежда" | "Обувь" | "Аксессуары" | "Периферия"; purchaseDate?: Date; lifespanMonths?: number; }' is not assignable to type '{ purchaseDate: Date; }'.
    Property 'purchaseDate' is optional in type '{ name?: string; type?: string; category?: "Одежда" | "Обувь" | "Аксессуары" | "Периферия"; purchaseDate?: Date; lifespanMonths?: number; }' but required in type '{ purchaseDate: Date; }'.
frontend/src/widgets/add-item-dialog/index.tsx(102,5): error TS17004: Cannot use JSX unless the '--jsx' flag is provided.
frontend/src/widgets/add-item-dialog/index.tsx(103,7): error TS17004: Cannot use JSX unless the '--jsx' flag is provided.
frontend/src/widgets/add-item-dialog/index.tsx(104,9): error TS17004: Cannot use JSX unless the '--jsx' flag is provided.
frontend/src/widgets/add-item-dialog/index.tsx(105,11): error TS17004: Cannot use JSX unless the '--jsx' flag is provided.
frontend/src/widgets/add-item-dialog/index.tsx(106,13): error TS17004: Cannot use JSX unless the '--jsx' flag is provided.
frontend/src/widgets/add-item-dialog/index.tsx(107,15): error TS17004: Cannot use JSX unless the '--jsx' flag is provided.
frontend/src/widgets/add-item-dialog/index.tsx(108,15): error TS17004: Cannot use JSX unless the '--jsx' flag is provided.
frontend/src/widgets/add-item-dialog/index.tsx(113,13): error TS17004: Cannot use JSX unless the '--jsx' flag is provided.
frontend/src/widgets/add-item-dialog/index.tsx(114,15): error TS17004: Cannot use JSX unless the '--jsx' flag is provided.
frontend/src/widgets/add-item-dialog/index.tsx(118,19): error TS17004: Cannot use JSX unless the '--jsx' flag is provided.
frontend/src/widgets/add-item-dialog/index.tsx(119,21): error TS17004: Cannot use JSX unless the '--jsx' flag is provided.
frontend/src/widgets/add-item-dialog/index.tsx(120,21): error TS17004: Cannot use JSX unless the '--jsx' flag is provided.
frontend/src/widgets/add-item-dialog/index.tsx(121,23): error TS17004: Cannot use JSX unless the '--jsx' flag is provided.
frontend/src/widgets/add-item-dialog/index.tsx(126,21): error TS17004: Cannot use JSX unless the '--jsx' flag is provided.
frontend/src/widgets/add-item-dialog/index.tsx(130,15): error TS17004: Cannot use JSX unless the '--jsx' flag is provided.
frontend/src/widgets/add-item-dialog/index.tsx(131,17): error TS17004: Cannot use JSX unless the '--jsx' flag is provided.
frontend/src/widgets/add-item-dialog/index.tsx(135,21): error TS17004: Cannot use JSX unless the '--jsx' flag is provided.
frontend/src/widgets/add-item-dialog/index.tsx(136,23): error TS17004: Cannot use JSX unless the '--jsx' flag is provided.
frontend/src/widgets/add-item-dialog/index.tsx(137,23): error TS17004: Cannot use JSX unless the '--jsx' flag is provided.
frontend/src/widgets/add-item-dialog/index.tsx(141,25): error TS17004: Cannot use JSX unless the '--jsx' flag is provided.
frontend/src/widgets/add-item-dialog/index.tsx(142,27): error TS17004: Cannot use JSX unless the '--jsx' flag is provided.
frontend/src/widgets/add-item-dialog/index.tsx(143,29): error TS17004: Cannot use JSX unless the '--jsx' flag is provided.
frontend/src/widgets/add-item-dialog/index.tsx(146,25): error TS17004: Cannot use JSX unless the '--jsx' flag is provided.
frontend/src/widgets/add-item-dialog/index.tsx(147,27): error TS17004: Cannot use JSX unless the '--jsx' flag is provided.
frontend/src/widgets/add-item-dialog/index.tsx(148,27): error TS17004: Cannot use JSX unless the '--jsx' flag is provided.
frontend/src/widgets/add-item-dialog/index.tsx(149,27): error TS17004: Cannot use JSX unless the '--jsx' flag is provided.
frontend/src/widgets/add-item-dialog/index.tsx(150,27): error TS17004: Cannot use JSX unless the '--jsx' flag is provided.
frontend/src/widgets/add-item-dialog/index.tsx(153,23): error TS17004: Cannot use JSX unless the '--jsx' flag is provided.
frontend/src/widgets/add-item-dialog/index.tsx(157,17): error TS17004: Cannot use JSX unless the '--jsx' flag is provided.
frontend/src/widgets/add-item-dialog/index.tsx(161,21): error TS17004: Cannot use JSX unless the '--jsx' flag is provided.
frontend/src/widgets/add-item-dialog/index.tsx(162,23): error TS17004: Cannot use JSX unless the '--jsx' flag is provided.
frontend/src/widgets/add-item-dialog/index.tsx(163,23): error TS17004: Cannot use JSX unless the '--jsx' flag is provided.
frontend/src/widgets/add-item-dialog/index.tsx(164,25): error TS17004: Cannot use JSX unless the '--jsx' flag is provided.
frontend/src/widgets/add-item-dialog/index.tsx(166,23): error TS17004: Cannot use JSX unless the '--jsx' flag is provided.
frontend/src/widgets/add-item-dialog/index.tsx(171,15): error TS17004: Cannot use JSX unless the '--jsx' flag is provided.
frontend/src/widgets/add-item-dialog/index.tsx(172,17): error TS17004: Cannot use JSX unless the '--jsx' flag is provided.
frontend/src/widgets/add-item-dialog/index.tsx(176,21): error TS17004: Cannot use JSX unless the '--jsx' flag is provided.
frontend/src/widgets/add-item-dialog/index.tsx(177,23): error TS17004: Cannot use JSX unless the '--jsx' flag is provided.
frontend/src/widgets/add-item-dialog/index.tsx(178,23): error TS17004: Cannot use JSX unless the '--jsx' flag is provided.
frontend/src/widgets/add-item-dialog/index.tsx(179,25): error TS17004: Cannot use JSX unless the '--jsx' flag is provided.
frontend/src/widgets/add-item-dialog/index.tsx(180,27): error TS17004: Cannot use JSX unless the '--jsx' flag is provided.
frontend/src/widgets/add-item-dialog/index.tsx(181,29): error TS17004: Cannot use JSX unless the '--jsx' flag is provided.
frontend/src/widgets/add-item-dialog/index.tsx(191,33): error TS17004: Cannot use JSX unless the '--jsx' flag is provided.
frontend/src/widgets/add-item-dialog/index.tsx(193,31): error TS17004: Cannot use JSX unless the '--jsx' flag is provided.
frontend/src/widgets/add-item-dialog/index.tsx(197,25): error TS17004: Cannot use JSX unless the '--jsx' flag is provided.
frontend/src/widgets/add-item-dialog/index.tsx(198,27): error TS17004: Cannot use JSX unless the '--jsx' flag is provided.
frontend/src/widgets/add-item-dialog/index.tsx(209,23): error TS17004: Cannot use JSX unless the '--jsx' flag is provided.
frontend/src/widgets/add-item-dialog/index.tsx(213,17): error TS17004: Cannot use JSX unless the '--jsx' flag is provided.
frontend/src/widgets/add-item-dialog/index.tsx(217,21): error TS17004: Cannot use JSX unless the '--jsx' flag is provided.
frontend/src/widgets/add-item-dialog/index.tsx(218,23): error TS17004: Cannot use JSX unless the '--jsx' flag is provided.
frontend/src/widgets/add-item-dialog/index.tsx(219,23): error TS17004: Cannot use JSX unless the '--jsx' flag is provided.
frontend/src/widgets/add-item-dialog/index.tsx(220,25): error TS17004: Cannot use JSX unless the '--jsx' flag is provided.
frontend/src/widgets/add-item-dialog/index.tsx(222,23): error TS17004: Cannot use JSX unless the '--jsx' flag is provided.
frontend/src/widgets/add-item-dialog/index.tsx(228,13): error TS17004: Cannot use JSX unless the '--jsx' flag is provided.
frontend/src/widgets/add-item-dialog/index.tsx(229,15): error TS17004: Cannot use JSX unless the '--jsx' flag is provided.
frontend/src/widgets/add-item-dialog/index.tsx(236,15): error TS17004: Cannot use JSX unless the '--jsx' flag is provided.
frontend/src/widgets/add-item-dialog/index.tsx(238,19): error TS17004: Cannot use JSX unless the '--jsx' flag is provided.
frontend/src/widgets/admin-dashboard/index.tsx(9,8): error TS2307: Cannot find module '@/widgets/file-tree' or its corresponding type declarations.
frontend/src/widgets/admin-dashboard/index.tsx(10,33): error TS2307: Cannot find module '@/widgets/admin-stats-cards' or its corresponding type declarations.
frontend/src/widgets/admin-dashboard/index.tsx(11,45): error TS2307: Cannot find module '@/shared/ui/card' or its corresponding type declarations.
frontend/src/widgets/admin-dashboard/index.tsx(26,3): error TS17004: Cannot use JSX unless the '--jsx' flag is provided.
frontend/src/widgets/admin-dashboard/index.tsx(27,5): error TS17004: Cannot use JSX unless the '--jsx' flag is provided.
frontend/src/widgets/admin-dashboard/index.tsx(28,7): error TS17004: Cannot use JSX unless the '--jsx' flag is provided.
frontend/src/widgets/admin-dashboard/index.tsx(29,9): error TS17004: Cannot use JSX unless the '--jsx' flag is provided.
frontend/src/widgets/admin-dashboard/index.tsx(30,11): error TS17004: Cannot use JSX unless the '--jsx' flag is provided.
frontend/src/widgets/admin-dashboard/index.tsx(32,9): error TS17004: Cannot use JSX unless the '--jsx' flag is provided.
frontend/src/widgets/admin-dashboard/index.tsx(33,11): error TS17004: Cannot use JSX unless the '--jsx' flag is provided.
frontend/src/widgets/admin-dashboard/index.tsx(34,11): error TS17004: Cannot use JSX unless the '--jsx' flag is provided.
frontend/src/widgets/admin-dashboard/index.tsx(43,5): error TS17004: Cannot use JSX unless the '--jsx' flag is provided.
frontend/src/widgets/admin-dashboard/index.tsx(44,7): error TS17004: Cannot use JSX unless the '--jsx' flag is provided.
frontend/src/widgets/admin-dashboard/index.tsx(45,9): error TS17004: Cannot use JSX unless the '--jsx' flag is provided.
frontend/src/widgets/admin-dashboard/index.tsx(48,9): error TS17004: Cannot use JSX unless the '--jsx' flag is provided.
frontend/src/widgets/admin-dashboard/index.tsx(53,7): error TS17004: Cannot use JSX unless the '--jsx' flag is provided.
frontend/src/widgets/admin-dashboard/index.tsx(54,9): error TS17004: Cannot use JSX unless the '--jsx' flag is provided.
frontend/src/widgets/admin-dashboard/index.tsx(57,7): error TS17004: Cannot use JSX unless the '--jsx' flag is provided.
frontend/src/widgets/admin-dashboard/index.tsx(58,9): error TS17004: Cannot use JSX unless the '--jsx' flag is provided.
frontend/src/widgets/admin-dashboard/index.tsx(61,9): error TS17004: Cannot use JSX unless the '--jsx' flag is provided.
frontend/src/widgets/admin-dashboard/index.tsx(63,13): error TS17004: Cannot use JSX unless the '--jsx' flag is provided.
frontend/src/widgets/admin-dashboard/index.tsx(68,7): error TS17004: Cannot use JSX unless the '--jsx' flag is provided.
frontend/src/widgets/admin-dashboard/index.tsx(69,9): error TS17004: Cannot use JSX unless the '--jsx' flag is provided.
frontend/src/widgets/admin-dashboard/index.tsx(72,9): error TS17004: Cannot use JSX unless the '--jsx' flag is provided.
frontend/src/widgets/admin-dashboard/index.tsx(74,13): error TS17004: Cannot use JSX unless the '--jsx' flag is provided.
frontend/src/widgets/admin-dashboard/index.tsx(79,7): error TS17004: Cannot use JSX unless the '--jsx' flag is provided.
frontend/src/widgets/admin-dashboard/index.tsx(80,9): error TS17004: Cannot use JSX unless the '--jsx' flag is provided.
frontend/src/widgets/admin-dashboard/index.tsx(83,9): error TS17004: Cannot use JSX unless the '--jsx' flag is provided.
frontend/src/widgets/admin-dashboard/index.tsx(85,13): error TS17004: Cannot use JSX unless the '--jsx' flag is provided.
frontend/src/widgets/admin-dashboard/index.tsx(90,7): error TS17004: Cannot use JSX unless the '--jsx' flag is provided.
frontend/src/widgets/admin-dashboard/index.tsx(91,9): error TS17004: Cannot use JSX unless the '--jsx' flag is provided.
frontend/src/widgets/admin-dashboard/index.tsx(94,9): error TS17004: Cannot use JSX unless the '--jsx' flag is provided.
frontend/src/widgets/admin-dashboard/index.tsx(96,13): error TS17004: Cannot use JSX unless the '--jsx' flag is provided.
frontend/src/widgets/admin-stats-cards/index.tsx(4,58): error TS2307: Cannot find module '@/shared/ui/card' or its corresponding type declarations.
frontend/src/widgets/admin-stats-cards/index.tsx(6,26): error TS2307: Cannot find module '@/shared/ui/skeleton' or its corresponding type declarations.
frontend/src/widgets/admin-stats-cards/index.tsx(7,40): error TS2307: Cannot find module '@/entities/admin/api/dashboard' or its corresponding type declarations.
frontend/src/widgets/admin-stats-cards/index.tsx(20,3): error TS17004: Cannot use JSX unless the '--jsx' flag is provided.
frontend/src/widgets/admin-stats-cards/index.tsx(21,5): error TS17004: Cannot use JSX unless the '--jsx' flag is provided.
frontend/src/widgets/admin-stats-cards/index.tsx(22,7): error TS17004: Cannot use JSX unless the '--jsx' flag is provided.
frontend/src/widgets/admin-stats-cards/index.tsx(23,7): error TS17004: Cannot use JSX unless the '--jsx' flag is provided.
frontend/src/widgets/admin-stats-cards/index.tsx(25,5): error TS17004: Cannot use JSX unless the '--jsx' flag is provided.
frontend/src/widgets/admin-stats-cards/index.tsx(27,9): error TS17004: Cannot use JSX unless the '--jsx' flag is provided.
frontend/src/widgets/admin-stats-cards/index.tsx(29,9): error TS17004: Cannot use JSX unless the '--jsx' flag is provided.
frontend/src/widgets/admin-stats-cards/index.tsx(58,5): error TS17004: Cannot use JSX unless the '--jsx' flag is provided.
frontend/src/widgets/admin-stats-cards/index.tsx(59,7): error TS17004: Cannot use JSX unless the '--jsx' flag is provided.
frontend/src/widgets/admin-stats-cards/index.tsx(65,7): error TS17004: Cannot use JSX unless the '--jsx' flag is provided.
frontend/src/widgets/admin-stats-cards/index.tsx(71,7): error TS17004: Cannot use JSX unless the '--jsx' flag is provided.
frontend/src/widgets/admin-stats-cards/index.tsx(77,7): error TS17004: Cannot use JSX unless the '--jsx' flag is provided.
frontend/src/widgets/ai-coach-tip/index.tsx(4,58): error TS2307: Cannot find module '@/shared/ui/card' or its corresponding type declarations.
frontend/src/widgets/ai-coach-tip/index.tsx(5,24): error TS2307: Cannot find module '@/shared/ui/button' or its corresponding type declarations.
frontend/src/widgets/ai-coach-tip/index.tsx(6,53): error TS2307: Cannot find module '@/shared/ui/alert' or its corresponding type declarations.
frontend/src/widgets/ai-coach-tip/index.tsx(7,26): error TS2307: Cannot find module '@/shared/ui/skeleton' or its corresponding type declarations.
frontend/src/widgets/ai-coach-tip/index.tsx(12,8): error TS2307: Cannot find module '@/shared/api/genkit/flows/generate-dashboard-tip-flow' or its corresponding type declarations.
frontend/src/widgets/ai-coach-tip/index.tsx(13,20): error TS2307: Cannot find module '@/shared/lib/utils' or its corresponding type declarations.
frontend/src/widgets/ai-coach-tip/index.tsx(14,28): error TS2307: Cannot find module '@/shared/lib/session/client' or its corresponding type declarations.
frontend/src/widgets/ai-coach-tip/index.tsx(47,12): error TS17004: Cannot use JSX unless the '--jsx' flag is provided.
frontend/src/widgets/ai-coach-tip/index.tsx(52,7): error TS17004: Cannot use JSX unless the '--jsx' flag is provided.
frontend/src/widgets/ai-coach-tip/index.tsx(53,9): error TS17004: Cannot use JSX unless the '--jsx' flag is provided.
frontend/src/widgets/ai-coach-tip/index.tsx(54,11): error TS17004: Cannot use JSX unless the '--jsx' flag is provided.
frontend/src/widgets/ai-coach-tip/index.tsx(55,13): error TS17004: Cannot use JSX unless the '--jsx' flag is provided.
frontend/src/widgets/ai-coach-tip/index.tsx(58,9): error TS17004: Cannot use JSX unless the '--jsx' flag is provided.
frontend/src/widgets/ai-coach-tip/index.tsx(59,11): error TS17004: Cannot use JSX unless the '--jsx' flag is provided.
frontend/src/widgets/ai-coach-tip/index.tsx(60,13): error TS17004: Cannot use JSX unless the '--jsx' flag is provided.
frontend/src/widgets/ai-coach-tip/index.tsx(61,13): error TS17004: Cannot use JSX unless the '--jsx' flag is provided.
frontend/src/widgets/ai-coach-tip/index.tsx(62,13): error TS17004: Cannot use JSX unless the '--jsx' flag is provided.
frontend/src/widgets/ai-coach-tip/index.tsx(63,13): error TS17004: Cannot use JSX unless the '--jsx' flag is provided.
frontend/src/widgets/ai-coach-tip/index.tsx(64,15): error TS17004: Cannot use JSX unless the '--jsx' flag is provided.
frontend/src/widgets/ai-coach-tip/index.tsx(77,5): error TS17004: Cannot use JSX unless the '--jsx' flag is provided.
frontend/src/widgets/ai-coach-tip/index.tsx(78,7): error TS17004: Cannot use JSX unless the '--jsx' flag is provided.
frontend/src/widgets/ai-coach-tip/index.tsx(79,9): error TS17004: Cannot use JSX unless the '--jsx' flag is provided.
frontend/src/widgets/ai-coach-tip/index.tsx(80,11): error TS17004: Cannot use JSX unless the '--jsx' flag is provided.
frontend/src/widgets/ai-coach-tip/index.tsx(83,9): error TS17004: Cannot use JSX unless the '--jsx' flag is provided.
frontend/src/widgets/ai-coach-tip/index.tsx(89,11): error TS17004: Cannot use JSX unless the '--jsx' flag is provided.
frontend/src/widgets/ai-coach-tip/index.tsx(92,7): error TS17004: Cannot use JSX unless the '--jsx' flag is provided.
frontend/src/widgets/ai-coach-tip/index.tsx(93,9): error TS17004: Cannot use JSX unless the '--jsx' flag is provided.
frontend/src/widgets/ai-equipment-advisor/index.tsx(11,8): error TS2307: Cannot find module '@/shared/ui/card' or its corresponding type declarations.
frontend/src/widgets/ai-equipment-advisor/index.tsx(12,24): error TS2307: Cannot find module '@/shared/ui/button' or its corresponding type declarations.
frontend/src/widgets/ai-equipment-advisor/index.tsx(13,26): error TS2307: Cannot find module '@/shared/ui/textarea' or its corresponding type declarations.
frontend/src/widgets/ai-equipment-advisor/index.tsx(17,8): error TS2307: Cannot find module '@/shared/api/genkit/flows/find-equipment-flow' or its corresponding type declarations.
frontend/src/widgets/ai-equipment-advisor/index.tsx(19,53): error TS2307: Cannot find module '@/shared/ui/alert' or its corresponding type declarations.
frontend/src/widgets/ai-equipment-advisor/index.tsx(20,26): error TS2307: Cannot find module '@/shared/hooks/use-toast' or its corresponding type declarations.
frontend/src/widgets/ai-equipment-advisor/index.tsx(21,26): error TS2307: Cannot find module '@/shared/ui/skeleton' or its corresponding type declarations.
frontend/src/widgets/ai-equipment-advisor/index.tsx(57,5): error TS17004: Cannot use JSX unless the '--jsx' flag is provided.
frontend/src/widgets/ai-equipment-advisor/index.tsx(58,7): error TS17004: Cannot use JSX unless the '--jsx' flag is provided.
frontend/src/widgets/ai-equipment-advisor/index.tsx(59,9): error TS17004: Cannot use JSX unless the '--jsx' flag is provided.
frontend/src/widgets/ai-equipment-advisor/index.tsx(60,11): error TS17004: Cannot use JSX unless the '--jsx' flag is provided.
frontend/src/widgets/ai-equipment-advisor/index.tsx(62,9): error TS17004: Cannot use JSX unless the '--jsx' flag is provided.
frontend/src/widgets/ai-equipment-advisor/index.tsx(67,7): error TS17004: Cannot use JSX unless the '--jsx' flag is provided.
frontend/src/widgets/ai-equipment-advisor/index.tsx(68,9): error TS17004: Cannot use JSX unless the '--jsx' flag is provided.
frontend/src/widgets/ai-equipment-advisor/index.tsx(76,11): error TS17004: Cannot use JSX unless the '--jsx' flag is provided.
frontend/src/widgets/ai-equipment-advisor/index.tsx(77,13): error TS17004: Cannot use JSX unless the '--jsx' flag is provided.
frontend/src/widgets/ai-equipment-advisor/index.tsx(78,13): error TS17004: Cannot use JSX unless the '--jsx' flag is provided.
frontend/src/widgets/ai-equipment-advisor/index.tsx(83,11): error TS17004: Cannot use JSX unless the '--jsx' flag is provided.
frontend/src/widgets/ai-equipment-advisor/index.tsx(84,13): error TS17004: Cannot use JSX unless the '--jsx' flag is provided.
frontend/src/widgets/ai-equipment-advisor/index.tsx(85,13): error TS17004: Cannot use JSX unless the '--jsx' flag is provided.
frontend/src/widgets/ai-equipment-advisor/index.tsx(89,11): error TS17004: Cannot use JSX unless the '--jsx' flag is provided.
frontend/src/widgets/ai-equipment-advisor/index.tsx(91,15): error TS17004: Cannot use JSX unless the '--jsx' flag is provided.
frontend/src/widgets/ai-equipment-advisor/index.tsx(92,17): error TS17004: Cannot use JSX unless the '--jsx' flag is provided.
frontend/src/widgets/ai-equipment-advisor/index.tsx(100,17): error TS17004: Cannot use JSX unless the '--jsx' flag is provided.
frontend/src/widgets/ai-equipment-advisor/index.tsx(101,19): error TS17004: Cannot use JSX unless the '--jsx' flag is provided.
frontend/src/widgets/ai-equipment-advisor/index.tsx(102,19): error TS17004: Cannot use JSX unless the '--jsx' flag is provided.
frontend/src/widgets/ai-equipment-advisor/index.tsx(106,17): error TS17004: Cannot use JSX unless the '--jsx' flag is provided.
frontend/src/widgets/ai-equipment-advisor/index.tsx(107,19): error TS17004: Cannot use JSX unless the '--jsx' flag is provided.
frontend/src/widgets/ai-equipment-advisor/index.tsx(108,21): error TS17004: Cannot use JSX unless the '--jsx' flag is provided.
frontend/src/widgets/ai-equipment-advisor/index.tsx(116,7): error TS17004: Cannot use JSX unless the '--jsx' flag is provided.
frontend/src/widgets/ai-equipment-advisor/index.tsx(117,9): error TS17004: Cannot use JSX unless the '--jsx' flag is provided.
frontend/src/widgets/ai-equipment-advisor/index.tsx(119,13): error TS17004: Cannot use JSX unless the '--jsx' flag is provided.
frontend/src/widgets/ai-equipment-advisor/index.tsx(121,13): error TS17004: Cannot use JSX unless the '--jsx' flag is provided.
frontend/src/widgets/ai-form-check-dialog/index.tsx(11,8): error TS2307: Cannot find module '@/shared/ui/dialog' or its corresponding type declarations.
frontend/src/widgets/ai-form-check-dialog/index.tsx(12,24): error TS2307: Cannot find module '@/shared/ui/button' or its corresponding type declarations.
frontend/src/widgets/ai-form-check-dialog/index.tsx(13,53): error TS2307: Cannot find module '@/shared/ui/alert' or its corresponding type declarations.
frontend/src/widgets/ai-form-check-dialog/index.tsx(14,26): error TS2307: Cannot find module '@/shared/ui/skeleton' or its corresponding type declarations.
frontend/src/widgets/ai-form-check-dialog/index.tsx(26,8): error TS2307: Cannot find module '@/shared/api/genkit/flows/analyze-exercise-form-flow' or its corresponding type declarations.
frontend/src/widgets/ai-form-check-dialog/index.tsx(98,5): error TS17004: Cannot use JSX unless the '--jsx' flag is provided.
frontend/src/widgets/ai-form-check-dialog/index.tsx(99,7): error TS17004: Cannot use JSX unless the '--jsx' flag is provided.
frontend/src/widgets/ai-form-check-dialog/index.tsx(100,9): error TS17004: Cannot use JSX unless the '--jsx' flag is provided.
frontend/src/widgets/ai-form-check-dialog/index.tsx(101,11): error TS17004: Cannot use JSX unless the '--jsx' flag is provided.
frontend/src/widgets/ai-form-check-dialog/index.tsx(102,11): error TS17004: Cannot use JSX unless the '--jsx' flag is provided.
frontend/src/widgets/ai-form-check-dialog/index.tsx(107,9): error TS17004: Cannot use JSX unless the '--jsx' flag is provided.
frontend/src/widgets/ai-form-check-dialog/index.tsx(108,11): error TS17004: Cannot use JSX unless the '--jsx' flag is provided.
frontend/src/widgets/ai-form-check-dialog/index.tsx(109,13): error TS17004: Cannot use JSX unless the '--jsx' flag is provided.
frontend/src/widgets/ai-form-check-dialog/index.tsx(113,15): error TS17004: Cannot use JSX unless the '--jsx' flag is provided.
frontend/src/widgets/ai-form-check-dialog/index.tsx(114,17): error TS17004: Cannot use JSX unless the '--jsx' flag is provided.
frontend/src/widgets/ai-form-check-dialog/index.tsx(115,17): error TS17004: Cannot use JSX unless the '--jsx' flag is provided.
frontend/src/widgets/ai-form-check-dialog/index.tsx(121,15): error TS17004: Cannot use JSX unless the '--jsx' flag is provided.
frontend/src/widgets/ai-form-check-dialog/index.tsx(129,13): error TS17004: Cannot use JSX unless the '--jsx' flag is provided.
frontend/src/widgets/ai-form-check-dialog/index.tsx(135,17): error TS17004: Cannot use JSX unless the '--jsx' flag is provided.
frontend/src/widgets/ai-form-check-dialog/index.tsx(137,17): error TS17004: Cannot use JSX unless the '--jsx' flag is provided.
frontend/src/widgets/ai-form-check-dialog/index.tsx(144,13): error TS17004: Cannot use JSX unless the '--jsx' flag is provided.
frontend/src/widgets/ai-form-check-dialog/index.tsx(145,15): error TS17004: Cannot use JSX unless the '--jsx' flag is provided.
frontend/src/widgets/ai-form-check-dialog/index.tsx(146,15): error TS17004: Cannot use JSX unless the '--jsx' flag is provided.
frontend/src/widgets/ai-form-check-dialog/index.tsx(147,15): error TS17004: Cannot use JSX unless the '--jsx' flag is provided.
frontend/src/widgets/ai-form-check-dialog/index.tsx(151,13): error TS17004: Cannot use JSX unless the '--jsx' flag is provided.
frontend/src/widgets/ai-form-check-dialog/index.tsx(152,15): error TS17004: Cannot use JSX unless the '--jsx' flag is provided.
frontend/src/widgets/ai-form-check-dialog/index.tsx(153,15): error TS17004: Cannot use JSX unless the '--jsx' flag is provided.
frontend/src/widgets/ai-form-check-dialog/index.tsx(154,15): error TS17004: Cannot use JSX unless the '--jsx' flag is provided.
frontend/src/widgets/ai-form-check-dialog/index.tsx(158,13): error TS17004: Cannot use JSX unless the '--jsx' flag is provided.
frontend/src/widgets/ai-form-check-dialog/index.tsx(159,15): error TS17004: Cannot use JSX unless the '--jsx' flag is provided.
frontend/src/widgets/ai-form-check-dialog/index.tsx(160,17): error TS17004: Cannot use JSX unless the '--jsx' flag is provided.
frontend/src/widgets/ai-form-check-dialog/index.tsx(161,17): error TS17004: Cannot use JSX unless the '--jsx' flag is provided.
frontend/src/widgets/ai-form-check-dialog/index.tsx(165,15): error TS17004: Cannot use JSX unless the '--jsx' flag is provided.
frontend/src/widgets/ai-form-check-dialog/index.tsx(166,17): error TS17004: Cannot use JSX unless the '--jsx' flag is provided.
frontend/src/widgets/ai-form-check-dialog/index.tsx(167,19): error TS17004: Cannot use JSX unless the '--jsx' flag is provided.
frontend/src/widgets/ai-form-check-dialog/index.tsx(170,17): error TS17004: Cannot use JSX unless the '--jsx' flag is provided.
frontend/src/widgets/ai-form-check-dialog/index.tsx(172,21): error TS17004: Cannot use JSX unless the '--jsx' flag is provided.
frontend/src/widgets/ai-form-check-dialog/index.tsx(176,23): error TS17004: Cannot use JSX unless the '--jsx' flag is provided.
frontend/src/widgets/ai-form-check-dialog/index.tsx(181,15): error TS17004: Cannot use JSX unless the '--jsx' flag is provided.
frontend/src/widgets/ai-form-check-dialog/index.tsx(182,17): error TS17004: Cannot use JSX unless the '--jsx' flag is provided.
frontend/src/widgets/ai-form-check-dialog/index.tsx(183,19): error TS17004: Cannot use JSX unless the '--jsx' flag is provided.
frontend/src/widgets/ai-form-check-dialog/index.tsx(186,17): error TS17004: Cannot use JSX unless the '--jsx' flag is provided.
frontend/src/widgets/ai-form-check-dialog/index.tsx(188,21): error TS17004: Cannot use JSX unless the '--jsx' flag is provided.
frontend/src/widgets/ai-form-check-dialog/index.tsx(195,9): error TS17004: Cannot use JSX unless the '--jsx' flag is provided.
frontend/src/widgets/ai-form-check-dialog/index.tsx(196,11): error TS17004: Cannot use JSX unless the '--jsx' flag is provided.
frontend/src/widgets/ai-match-wizard/index.tsx(5,24): error TS2307: Cannot find module '@/shared/ui/button' or its corresponding type declarations.
frontend/src/widgets/ai-match-wizard/index.tsx(12,8): error TS2307: Cannot find module '@/shared/ui/card' or its corresponding type declarations.
frontend/src/widgets/ai-match-wizard/index.tsx(13,26): error TS2307: Cannot find module '@/shared/ui/textarea' or its corresponding type declarations.
frontend/src/widgets/ai-match-wizard/index.tsx(17,8): error TS2307: Cannot find module '@/shared/api/genkit/flows/analyze-match-challenge-flow' or its corresponding type declarations.
frontend/src/widgets/ai-match-wizard/index.tsx(19,53): error TS2307: Cannot find module '@/shared/ui/alert' or its corresponding type declarations.
frontend/src/widgets/ai-match-wizard/index.tsx(20,26): error TS2307: Cannot find module '@/shared/hooks/use-toast' or its corresponding type declarations.
frontend/src/widgets/ai-match-wizard/index.tsx(21,26): error TS2307: Cannot find module '@/shared/ui/skeleton' or its corresponding type declarations.
frontend/src/widgets/ai-match-wizard/index.tsx(22,23): error TS2307: Cannot find module '@/shared/ui/badge' or its corresponding type declarations.
frontend/src/widgets/ai-match-wizard/index.tsx(52,7): error TS17004: Cannot use JSX unless the '--jsx' flag is provided.
frontend/src/widgets/ai-match-wizard/index.tsx(53,9): error TS17004: Cannot use JSX unless the '--jsx' flag is provided.
frontend/src/widgets/ai-match-wizard/index.tsx(54,11): error TS17004: Cannot use JSX unless the '--jsx' flag is provided.
frontend/src/widgets/ai-match-wizard/index.tsx(62,11): error TS17004: Cannot use JSX unless the '--jsx' flag is provided.
frontend/src/widgets/ai-match-wizard/index.tsx(63,13): error TS17004: Cannot use JSX unless the '--jsx' flag is provided.
frontend/src/widgets/ai-match-wizard/index.tsx(64,13): error TS17004: Cannot use JSX unless the '--jsx' flag is provided.
frontend/src/widgets/ai-match-wizard/index.tsx(69,9): error TS17004: Cannot use JSX unless the '--jsx' flag is provided.
frontend/src/widgets/ai-match-wizard/index.tsx(70,11): error TS17004: Cannot use JSX unless the '--jsx' flag is provided.
frontend/src/widgets/ai-match-wizard/index.tsx(72,9): error TS17004: Cannot use JSX unless the '--jsx' flag is provided.
frontend/src/widgets/ai-match-wizard/index.tsx(73,11): error TS17004: Cannot use JSX unless the '--jsx' flag is provided.
frontend/src/widgets/ai-match-wizard/index.tsx(74,13): error TS17004: Cannot use JSX unless the '--jsx' flag is provided.
frontend/src/widgets/ai-match-wizard/index.tsx(85,7): error TS17004: Cannot use JSX unless the '--jsx' flag is provided.
frontend/src/widgets/ai-match-wizard/index.tsx(86,9): error TS17004: Cannot use JSX unless the '--jsx' flag is provided.
frontend/src/widgets/ai-match-wizard/index.tsx(87,11): error TS17004: Cannot use JSX unless the '--jsx' flag is provided.
frontend/src/widgets/ai-match-wizard/index.tsx(95,9): error TS17004: Cannot use JSX unless the '--jsx' flag is provided.
frontend/src/widgets/ai-match-wizard/index.tsx(96,11): error TS17004: Cannot use JSX unless the '--jsx' flag is provided.
frontend/src/widgets/ai-match-wizard/index.tsx(97,11): error TS17004: Cannot use JSX unless the '--jsx' flag is provided.
frontend/src/widgets/ai-match-wizard/index.tsx(98,13): error TS17004: Cannot use JSX unless the '--jsx' flag is provided.
frontend/src/widgets/ai-match-wizard/index.tsx(102,9): error TS17004: Cannot use JSX unless the '--jsx' flag is provided.
frontend/src/widgets/ai-match-wizard/index.tsx(103,11): error TS17004: Cannot use JSX unless the '--jsx' flag is provided.
frontend/src/widgets/ai-match-wizard/index.tsx(104,11): error TS17004: Cannot use JSX unless the '--jsx' flag is provided.
frontend/src/widgets/ai-match-wizard/index.tsx(106,9): error TS17004: Cannot use JSX unless the '--jsx' flag is provided.
frontend/src/widgets/ai-match-wizard/index.tsx(107,11): error TS17004: Cannot use JSX unless the '--jsx' flag is provided.
frontend/src/widgets/ai-match-wizard/index.tsx(149,5): error TS17004: Cannot use JSX unless the '--jsx' flag is provided.
frontend/src/widgets/ai-match-wizard/index.tsx(150,7): error TS17004: Cannot use JSX unless the '--jsx' flag is provided.
frontend/src/widgets/ai-match-wizard/index.tsx(151,9): error TS17004: Cannot use JSX unless the '--jsx' flag is provided.
frontend/src/widgets/ai-match-wizard/index.tsx(152,9): error TS17004: Cannot use JSX unless the '--jsx' flag is provided.
frontend/src/widgets/ai-match-wizard/index.tsx(154,13): error TS17004: Cannot use JSX unless the '--jsx' flag is provided.
frontend/src/widgets/ai-match-wizard/index.tsx(158,7): error TS17004: Cannot use JSX unless the '--jsx' flag is provided.
frontend/src/widgets/ai-match-wizard/index.tsx(159,9): error TS17004: Cannot use JSX unless the '--jsx' flag is provided.
frontend/src/widgets/ai-match-wizard/index.tsx(160,9): error TS17004: Cannot use JSX unless the '--jsx' flag is provided.
frontend/src/widgets/ai-match-wizard/index.tsx(162,13): error TS17004: Cannot use JSX unless the '--jsx' flag is provided.
frontend/src/widgets/ai-match-wizard/index.tsx(170,5): error TS17004: Cannot use JSX unless the '--jsx' flag is provided.
frontend/src/widgets/ai-match-wizard/index.tsx(171,7): error TS17004: Cannot use JSX unless the '--jsx' flag is provided.
frontend/src/widgets/ai-match-wizard/index.tsx(172,9): error TS17004: Cannot use JSX unless the '--jsx' flag is provided.
frontend/src/widgets/ai-match-wizard/index.tsx(173,11): error TS17004: Cannot use JSX unless the '--jsx' flag is provided.
frontend/src/widgets/ai-match-wizard/index.tsx(175,9): error TS17004: Cannot use JSX unless the '--jsx' flag is provided.
frontend/src/widgets/ai-match-wizard/index.tsx(176,11): error TS17004: Cannot use JSX unless the '--jsx' flag is provided.
frontend/src/widgets/ai-match-wizard/index.tsx(185,13): error TS17004: Cannot use JSX unless the '--jsx' flag is provided.
frontend/src/widgets/ai-match-wizard/index.tsx(186,15): error TS17004: Cannot use JSX unless the '--jsx' flag is provided.
frontend/src/widgets/ai-match-wizard/index.tsx(187,15): error TS17004: Cannot use JSX unless the '--jsx' flag is provided.
frontend/src/widgets/ai-match-wizard/index.tsx(190,11): error TS17004: Cannot use JSX unless the '--jsx' flag is provided.
frontend/src/widgets/ai-match-wizard/index.tsx(197,15): error TS17004: Cannot use JSX unless the '--jsx' flag is provided.
frontend/src/widgets/ai-match-wizard/index.tsx(199,15): error TS17004: Cannot use JSX unless the '--jsx' flag is provided.
frontend/src/widgets/ai-match-wizard/index.tsx(206,7): error TS17004: Cannot use JSX unless the '--jsx' flag is provided.
frontend/src/widgets/ai-match-wizard/index.tsx(210,11): error TS17004: Cannot use JSX unless the '--jsx' flag is provided.
frontend/src/widgets/ai-match-wizard/index.tsx(212,15): error TS17004: Cannot use JSX unless the '--jsx' flag is provided.
frontend/src/widgets/ai-match-wizard/index.tsx(213,17): error TS17004: Cannot use JSX unless the '--jsx' flag is provided.
frontend/src/widgets/ai-match-wizard/index.tsx(216,17): error TS17004: Cannot use JSX unless the '--jsx' flag is provided.
frontend/src/widgets/ai-match-wizard/index.tsx(218,21): error TS17004: Cannot use JSX unless the '--jsx' flag is provided.
frontend/src/widgets/ai-match-wizard/index.tsx(225,15): error TS17004: Cannot use JSX unless the '--jsx' flag is provided.
frontend/src/widgets/ai-match-wizard/index.tsx(226,17): error TS17004: Cannot use JSX unless the '--jsx' flag is provided.
frontend/src/widgets/ai-match-wizard/index.tsx(229,17): error TS17004: Cannot use JSX unless the '--jsx' flag is provided.
frontend/src/widgets/ai-match-wizard/index.tsx(231,21): error TS17004: Cannot use JSX unless the '--jsx' flag is provided.
frontend/src/widgets/ai-news-digest/index.tsx(10,8): error TS2307: Cannot find module '@/shared/ui/card' or its corresponding type declarations.
frontend/src/widgets/ai-news-digest/index.tsx(11,24): error TS2307: Cannot find module '@/shared/ui/button' or its corresponding type declarations.
frontend/src/widgets/ai-news-digest/index.tsx(12,53): error TS2307: Cannot find module '@/shared/ui/alert' or its corresponding type declarations.
frontend/src/widgets/ai-news-digest/index.tsx(13,26): error TS2307: Cannot find module '@/shared/ui/skeleton' or its corresponding type declarations.
frontend/src/widgets/ai-news-digest/index.tsx(16,23): error TS2307: Cannot find module '@/shared/ui/badge' or its corresponding type declarations.
frontend/src/widgets/ai-news-digest/index.tsx(17,20): error TS2307: Cannot find module '@/shared/lib/utils' or its corresponding type declarations.
frontend/src/widgets/ai-news-digest/index.tsx(21,8): error TS2307: Cannot find module '@/shared/api/genkit/flows/generate-platform-news-flow' or its corresponding type declarations.
frontend/src/widgets/ai-news-digest/index.tsx(48,12): error TS17004: Cannot use JSX unless the '--jsx' flag is provided.
frontend/src/widgets/ai-news-digest/index.tsx(53,7): error TS17004: Cannot use JSX unless the '--jsx' flag is provided.
frontend/src/widgets/ai-news-digest/index.tsx(54,9): error TS17004: Cannot use JSX unless the '--jsx' flag is provided.
frontend/src/widgets/ai-news-digest/index.tsx(55,11): error TS17004: Cannot use JSX unless the '--jsx' flag is provided.
frontend/src/widgets/ai-news-digest/index.tsx(56,13): error TS17004: Cannot use JSX unless the '--jsx' flag is provided.
frontend/src/widgets/ai-news-digest/index.tsx(59,9): error TS17004: Cannot use JSX unless the '--jsx' flag is provided.
frontend/src/widgets/ai-news-digest/index.tsx(60,11): error TS17004: Cannot use JSX unless the '--jsx' flag is provided.
frontend/src/widgets/ai-news-digest/index.tsx(61,13): error TS17004: Cannot use JSX unless the '--jsx' flag is provided.
frontend/src/widgets/ai-news-digest/index.tsx(62,13): error TS17004: Cannot use JSX unless the '--jsx' flag is provided.
frontend/src/widgets/ai-news-digest/index.tsx(63,13): error TS17004: Cannot use JSX unless the '--jsx' flag is provided.
frontend/src/widgets/ai-news-digest/index.tsx(64,13): error TS17004: Cannot use JSX unless the '--jsx' flag is provided.
frontend/src/widgets/ai-news-digest/index.tsx(65,15): error TS17004: Cannot use JSX unless the '--jsx' flag is provided.
frontend/src/widgets/ai-news-digest/index.tsx(78,5): error TS17004: Cannot use JSX unless the '--jsx' flag is provided.
frontend/src/widgets/ai-news-digest/index.tsx(79,7): error TS17004: Cannot use JSX unless the '--jsx' flag is provided.
frontend/src/widgets/ai-news-digest/index.tsx(80,9): error TS17004: Cannot use JSX unless the '--jsx' flag is provided.
frontend/src/widgets/ai-news-digest/index.tsx(81,11): error TS17004: Cannot use JSX unless the '--jsx' flag is provided.
frontend/src/widgets/ai-news-digest/index.tsx(82,13): error TS17004: Cannot use JSX unless the '--jsx' flag is provided.
frontend/src/widgets/ai-news-digest/index.tsx(85,11): error TS17004: Cannot use JSX unless the '--jsx' flag is provided.
frontend/src/widgets/ai-news-digest/index.tsx(87,9): error TS17004: Cannot use JSX unless the '--jsx' flag is provided.
frontend/src/widgets/ai-news-digest/index.tsx(93,11): error TS17004: Cannot use JSX unless the '--jsx' flag is provided.
frontend/src/widgets/ai-news-digest/index.tsx(96,7): error TS17004: Cannot use JSX unless the '--jsx' flag is provided.
frontend/src/widgets/ai-news-digest/index.tsx(97,9): error TS17004: Cannot use JSX unless the '--jsx' flag is provided.
frontend/src/widgets/ai-news-digest/index.tsx(99,13): error TS17004: Cannot use JSX unless the '--jsx' flag is provided.
frontend/src/widgets/ai-news-digest/index.tsx(104,15): error TS17004: Cannot use JSX unless the '--jsx' flag is provided.
frontend/src/widgets/ai-news-digest/index.tsx(105,17): error TS17004: Cannot use JSX unless the '--jsx' flag is provided.
frontend/src/widgets/ai-news-digest/index.tsx(106,19): error TS17004: Cannot use JSX unless the '--jsx' flag is provided.
frontend/src/widgets/ai-news-digest/index.tsx(107,19): error TS17004: Cannot use JSX unless the '--jsx' flag is provided.
frontend/src/widgets/ai-news-digest/index.tsx(111,17): error TS17004: Cannot use JSX unless the '--jsx' flag is provided.
frontend/src/widgets/ai-news-digest/index.tsx(117,11): error TS17004: Cannot use JSX unless the '--jsx' flag is provided.
frontend/src/widgets/ai-news-digest/index.tsx(118,13): error TS17004: Cannot use JSX unless the '--jsx' flag is provided.
frontend/src/widgets/ai-news-digest/index.tsx(119,13): error TS17004: Cannot use JSX unless the '--jsx' flag is provided.
frontend/src/widgets/ai-news-digest/index.tsx(120,13): error TS17004: Cannot use JSX unless the '--jsx' flag is provided.
frontend/src/widgets/ai-nutritionist/index.tsx(14,8): error TS2307: Cannot find module '@/shared/ui/card' or its corresponding type declarations.
frontend/src/widgets/ai-nutritionist/index.tsx(15,24): error TS2307: Cannot find module '@/shared/ui/button' or its corresponding type declarations.
frontend/src/widgets/ai-nutritionist/index.tsx(16,23): error TS2307: Cannot find module '@/shared/ui/input' or its corresponding type declarations.
frontend/src/widgets/ai-nutritionist/index.tsx(24,8): error TS2307: Cannot find module '@/shared/ui/form' or its corresponding type declarations.
frontend/src/widgets/ai-nutritionist/index.tsx(31,8): error TS2307: Cannot find module '@/shared/ui/select' or its corresponding type declarations.
frontend/src/widgets/ai-nutritionist/index.tsx(32,53): error TS2307: Cannot find module '@/shared/ui/alert' or its corresponding type declarations.
frontend/src/widgets/ai-nutritionist/index.tsx(36,8): error TS2307: Cannot find module '@/shared/api/genkit/flows/generate-nutrition-plan-flow' or its corresponding type declarations.
frontend/src/widgets/ai-nutritionist/index.tsx(37,26): error TS2307: Cannot find module '@/shared/ui/skeleton' or its corresponding type declarations.
frontend/src/widgets/ai-nutritionist/index.tsx(38,30): error TS2307: Cannot find module '@/shared/context/nutrition-provider' or its corresponding type declarations.
frontend/src/widgets/ai-nutritionist/index.tsx(87,5): error TS17004: Cannot use JSX unless the '--jsx' flag is provided.
frontend/src/widgets/ai-nutritionist/index.tsx(88,7): error TS17004: Cannot use JSX unless the '--jsx' flag is provided.
frontend/src/widgets/ai-nutritionist/index.tsx(89,9): error TS17004: Cannot use JSX unless the '--jsx' flag is provided.
frontend/src/widgets/ai-nutritionist/index.tsx(90,11): error TS17004: Cannot use JSX unless the '--jsx' flag is provided.
frontend/src/widgets/ai-nutritionist/index.tsx(92,9): error TS17004: Cannot use JSX unless the '--jsx' flag is provided.
frontend/src/widgets/ai-nutritionist/index.tsx(97,7): error TS17004: Cannot use JSX unless the '--jsx' flag is provided.
frontend/src/widgets/ai-nutritionist/index.tsx(98,9): error TS17004: Cannot use JSX unless the '--jsx' flag is provided.
frontend/src/widgets/ai-nutritionist/index.tsx(99,11): error TS17004: Cannot use JSX unless the '--jsx' flag is provided.
frontend/src/widgets/ai-nutritionist/index.tsx(100,13): error TS17004: Cannot use JSX unless the '--jsx' flag is provided.
frontend/src/widgets/ai-nutritionist/index.tsx(101,15): error TS17004: Cannot use JSX unless the '--jsx' flag is provided.
frontend/src/widgets/ai-nutritionist/index.tsx(105,19): error TS17004: Cannot use JSX unless the '--jsx' flag is provided.
frontend/src/widgets/ai-nutritionist/index.tsx(106,21): error TS17004: Cannot use JSX unless the '--jsx' flag is provided.
frontend/src/widgets/ai-nutritionist/index.tsx(107,21): error TS17004: Cannot use JSX unless the '--jsx' flag is provided.
frontend/src/widgets/ai-nutritionist/index.tsx(111,23): error TS17004: Cannot use JSX unless the '--jsx' flag is provided.
frontend/src/widgets/ai-nutritionist/index.tsx(112,25): error TS17004: Cannot use JSX unless the '--jsx' flag is provided.
frontend/src/widgets/ai-nutritionist/index.tsx(113,27): error TS17004: Cannot use JSX unless the '--jsx' flag is provided.
frontend/src/widgets/ai-nutritionist/index.tsx(116,23): error TS17004: Cannot use JSX unless the '--jsx' flag is provided.
frontend/src/widgets/ai-nutritionist/index.tsx(117,25): error TS17004: Cannot use JSX unless the '--jsx' flag is provided.
frontend/src/widgets/ai-nutritionist/index.tsx(118,25): error TS17004: Cannot use JSX unless the '--jsx' flag is provided.
frontend/src/widgets/ai-nutritionist/index.tsx(121,25): error TS17004: Cannot use JSX unless the '--jsx' flag is provided.
frontend/src/widgets/ai-nutritionist/index.tsx(129,15): error TS17004: Cannot use JSX unless the '--jsx' flag is provided.
frontend/src/widgets/ai-nutritionist/index.tsx(133,19): error TS17004: Cannot use JSX unless the '--jsx' flag is provided.
frontend/src/widgets/ai-nutritionist/index.tsx(134,21): error TS17004: Cannot use JSX unless the '--jsx' flag is provided.
frontend/src/widgets/ai-nutritionist/index.tsx(135,21): error TS17004: Cannot use JSX unless the '--jsx' flag is provided.
frontend/src/widgets/ai-nutritionist/index.tsx(139,23): error TS17004: Cannot use JSX unless the '--jsx' flag is provided.
frontend/src/widgets/ai-nutritionist/index.tsx(140,25): error TS17004: Cannot use JSX unless the '--jsx' flag is provided.
frontend/src/widgets/ai-nutritionist/index.tsx(141,27): error TS17004: Cannot use JSX unless the '--jsx' flag is provided.
frontend/src/widgets/ai-nutritionist/index.tsx(144,23): error TS17004: Cannot use JSX unless the '--jsx' flag is provided.
frontend/src/widgets/ai-nutritionist/index.tsx(145,25): error TS17004: Cannot use JSX unless the '--jsx' flag is provided.
frontend/src/widgets/ai-nutritionist/index.tsx(148,25): error TS17004: Cannot use JSX unless the '--jsx' flag is provided.
frontend/src/widgets/ai-nutritionist/index.tsx(151,25): error TS17004: Cannot use JSX unless the '--jsx' flag is provided.
frontend/src/widgets/ai-nutritionist/index.tsx(159,15): error TS17004: Cannot use JSX unless the '--jsx' flag is provided.
frontend/src/widgets/ai-nutritionist/index.tsx(163,19): error TS17004: Cannot use JSX unless the '--jsx' flag is provided.
frontend/src/widgets/ai-nutritionist/index.tsx(164,21): error TS17004: Cannot use JSX unless the '--jsx' flag is provided.
frontend/src/widgets/ai-nutritionist/index.tsx(165,21): error TS17004: Cannot use JSX unless the '--jsx' flag is provided.
frontend/src/widgets/ai-nutritionist/index.tsx(166,23): error TS17004: Cannot use JSX unless the '--jsx' flag is provided.
frontend/src/widgets/ai-nutritionist/index.tsx(176,15): error TS17004: Cannot use JSX unless the '--jsx' flag is provided.
frontend/src/widgets/ai-nutritionist/index.tsx(177,17): error TS17004: Cannot use JSX unless the '--jsx' flag is provided.
frontend/src/widgets/ai-nutritionist/index.tsx(178,17): error TS17004: Cannot use JSX unless the '--jsx' flag is provided.
frontend/src/widgets/ai-nutritionist/index.tsx(181,13): error TS17004: Cannot use JSX unless the '--jsx' flag is provided.
frontend/src/widgets/ai-nutritionist/index.tsx(183,17): error TS17004: Cannot use JSX unless the '--jsx' flag is provided.
frontend/src/widgets/ai-nutritionist/index.tsx(185,17): error TS17004: Cannot use JSX unless the '--jsx' flag is provided.
frontend/src/widgets/ai-nutritionist/index.tsx(194,9): error TS17004: Cannot use JSX unless the '--jsx' flag is provided.
frontend/src/widgets/ai-nutritionist/index.tsx(195,11): error TS17004: Cannot use JSX unless the '--jsx' flag is provided.
frontend/src/widgets/ai-nutritionist/index.tsx(196,11): error TS17004: Cannot use JSX unless the '--jsx' flag is provided.
frontend/src/widgets/ai-nutritionist/index.tsx(197,13): error TS17004: Cannot use JSX unless the '--jsx' flag is provided.
frontend/src/widgets/ai-nutritionist/index.tsx(198,13): error TS17004: Cannot use JSX unless the '--jsx' flag is provided.
frontend/src/widgets/ai-nutritionist/index.tsx(199,13): error TS17004: Cannot use JSX unless the '--jsx' flag is provided.
frontend/src/widgets/ai-nutritionist/index.tsx(200,13): error TS17004: Cannot use JSX unless the '--jsx' flag is provided.
frontend/src/widgets/ai-nutritionist/index.tsx(202,11): error TS17004: Cannot use JSX unless the '--jsx' flag is provided.
frontend/src/widgets/ai-nutritionist/index.tsx(203,11): error TS17004: Cannot use JSX unless the '--jsx' flag is provided.
frontend/src/widgets/ai-nutritionist/index.tsx(204,13): error TS17004: Cannot use JSX unless the '--jsx' flag is provided.
frontend/src/widgets/ai-nutritionist/index.tsx(205,13): error TS17004: Cannot use JSX unless the '--jsx' flag is provided.
frontend/src/widgets/ai-nutritionist/index.tsx(206,13): error TS17004: Cannot use JSX unless the '--jsx' flag is provided.
frontend/src/widgets/ai-nutritionist/index.tsx(207,13): error TS17004: Cannot use JSX unless the '--jsx' flag is provided.
frontend/src/widgets/ai-nutritionist/index.tsx(213,9): error TS17004: Cannot use JSX unless the '--jsx' flag is provided.
frontend/src/widgets/ai-nutritionist/index.tsx(214,11): error TS17004: Cannot use JSX unless the '--jsx' flag is provided.
frontend/src/widgets/ai-nutritionist/index.tsx(215,13): error TS17004: Cannot use JSX unless the '--jsx' flag is provided.
frontend/src/widgets/ai-nutritionist/index.tsx(216,13): error TS17004: Cannot use JSX unless the '--jsx' flag is provided.
frontend/src/widgets/ai-nutritionist/index.tsx(217,15): error TS17004: Cannot use JSX unless the '--jsx' flag is provided.
frontend/src/widgets/ai-nutritionist/index.tsx(218,17): error TS17004: Cannot use JSX unless the '--jsx' flag is provided.
frontend/src/widgets/ai-nutritionist/index.tsx(219,19): error TS17004: Cannot use JSX unless the '--jsx' flag is provided.
frontend/src/widgets/ai-nutritionist/index.tsx(220,19): error TS17004: Cannot use JSX unless the '--jsx' flag is provided.
frontend/src/widgets/ai-nutritionist/index.tsx(223,15): error TS17004: Cannot use JSX unless the '--jsx' flag is provided.
frontend/src/widgets/ai-nutritionist/index.tsx(224,17): error TS17004: Cannot use JSX unless the '--jsx' flag is provided.
frontend/src/widgets/ai-nutritionist/index.tsx(225,19): error TS17004: Cannot use JSX unless the '--jsx' flag is provided.
frontend/src/widgets/ai-nutritionist/index.tsx(226,19): error TS17004: Cannot use JSX unless the '--jsx' flag is provided.
frontend/src/widgets/ai-nutritionist/index.tsx(229,15): error TS17004: Cannot use JSX unless the '--jsx' flag is provided.
frontend/src/widgets/ai-nutritionist/index.tsx(230,17): error TS17004: Cannot use JSX unless the '--jsx' flag is provided.
frontend/src/widgets/ai-nutritionist/index.tsx(231,19): error TS17004: Cannot use JSX unless the '--jsx' flag is provided.
frontend/src/widgets/ai-nutritionist/index.tsx(232,19): error TS17004: Cannot use JSX unless the '--jsx' flag is provided.
frontend/src/widgets/ai-nutritionist/index.tsx(235,15): error TS17004: Cannot use JSX unless the '--jsx' flag is provided.
frontend/src/widgets/ai-nutritionist/index.tsx(236,17): error TS17004: Cannot use JSX unless the '--jsx' flag is provided.
frontend/src/widgets/ai-nutritionist/index.tsx(237,19): error TS17004: Cannot use JSX unless the '--jsx' flag is provided.
frontend/src/widgets/ai-nutritionist/index.tsx(238,19): error TS17004: Cannot use JSX unless the '--jsx' flag is provided.
frontend/src/widgets/ai-nutritionist/index.tsx(243,11): error TS17004: Cannot use JSX unless the '--jsx' flag is provided.
frontend/src/widgets/ai-nutritionist/index.tsx(244,13): error TS17004: Cannot use JSX unless the '--jsx' flag is provided.
frontend/src/widgets/ai-nutritionist/index.tsx(247,13): error TS17004: Cannot use JSX unless the '--jsx' flag is provided.
frontend/src/widgets/ai-nutritionist/index.tsx(254,19): error TS17004: Cannot use JSX unless the '--jsx' flag is provided.
frontend/src/widgets/ai-nutritionist/index.tsx(255,21): error TS17004: Cannot use JSX unless the '--jsx' flag is provided.
frontend/src/widgets/ai-nutritionist/index.tsx(256,23): error TS17004: Cannot use JSX unless the '--jsx' flag is provided.
frontend/src/widgets/ai-nutritionist/index.tsx(259,23): error TS17004: Cannot use JSX unless the '--jsx' flag is provided.
frontend/src/widgets/ai-playground-analysis/index.tsx(10,8): error TS2307: Cannot find module '@/shared/ui/card' or its corresponding type declarations.
frontend/src/widgets/ai-playground-analysis/index.tsx(11,26): error TS2307: Cannot find module '@/shared/ui/skeleton' or its corresponding type declarations.
frontend/src/widgets/ai-playground-analysis/index.tsx(12,53): error TS2307: Cannot find module '@/shared/ui/alert' or its corresponding type declarations.
frontend/src/widgets/ai-playground-analysis/index.tsx(23,8): error TS2307: Cannot find module '@/shared/api/genkit/flows/analyze-playground-details-flow' or its corresponding type declarations.
frontend/src/widgets/ai-playground-analysis/index.tsx(24,33): error TS2307: Cannot find module '@/entities/playground/model/types' or its corresponding type declarations.
frontend/src/widgets/ai-playground-analysis/index.tsx(31,3): error TS17004: Cannot use JSX unless the '--jsx' flag is provided.
frontend/src/widgets/ai-playground-analysis/index.tsx(32,5): error TS17004: Cannot use JSX unless the '--jsx' flag is provided.
frontend/src/widgets/ai-playground-analysis/index.tsx(33,7): error TS17004: Cannot use JSX unless the '--jsx' flag is provided.
frontend/src/widgets/ai-playground-analysis/index.tsx(34,7): error TS17004: Cannot use JSX unless the '--jsx' flag is provided.
frontend/src/widgets/ai-playground-analysis/index.tsx(36,5): error TS17004: Cannot use JSX unless the '--jsx' flag is provided.
frontend/src/widgets/ai-playground-analysis/index.tsx(37,7): error TS17004: Cannot use JSX unless the '--jsx' flag is provided.
frontend/src/widgets/ai-playground-analysis/index.tsx(38,9): error TS17004: Cannot use JSX unless the '--jsx' flag is provided.
frontend/src/widgets/ai-playground-analysis/index.tsx(39,9): error TS17004: Cannot use JSX unless the '--jsx' flag is provided.
frontend/src/widgets/ai-playground-analysis/index.tsx(41,7): error TS17004: Cannot use JSX unless the '--jsx' flag is provided.
frontend/src/widgets/ai-playground-analysis/index.tsx(80,12): error TS17004: Cannot use JSX unless the '--jsx' flag is provided.
frontend/src/widgets/ai-playground-analysis/index.tsx(85,7): error TS17004: Cannot use JSX unless the '--jsx' flag is provided.
frontend/src/widgets/ai-playground-analysis/index.tsx(86,9): error TS17004: Cannot use JSX unless the '--jsx' flag is provided.
frontend/src/widgets/ai-playground-analysis/index.tsx(87,9): error TS17004: Cannot use JSX unless the '--jsx' flag is provided.
frontend/src/widgets/ai-playground-analysis/index.tsx(88,9): error TS17004: Cannot use JSX unless the '--jsx' flag is provided.
frontend/src/widgets/ai-playground-analysis/index.tsx(98,5): error TS17004: Cannot use JSX unless the '--jsx' flag is provided.
frontend/src/widgets/ai-playground-analysis/index.tsx(99,7): error TS17004: Cannot use JSX unless the '--jsx' flag is provided.
frontend/src/widgets/ai-playground-analysis/index.tsx(100,9): error TS17004: Cannot use JSX unless the '--jsx' flag is provided.
frontend/src/widgets/ai-playground-analysis/index.tsx(101,11): error TS17004: Cannot use JSX unless the '--jsx' flag is provided.
frontend/src/widgets/ai-playground-analysis/index.tsx(104,9): error TS17004: Cannot use JSX unless the '--jsx' flag is provided.
frontend/src/widgets/ai-playground-analysis/index.tsx(106,7): error TS17004: Cannot use JSX unless the '--jsx' flag is provided.
frontend/src/widgets/ai-playground-analysis/index.tsx(107,9): error TS17004: Cannot use JSX unless the '--jsx' flag is provided.
frontend/src/widgets/ai-playground-analysis/index.tsx(108,11): error TS17004: Cannot use JSX unless the '--jsx' flag is provided.
frontend/src/widgets/ai-playground-analysis/index.tsx(109,13): error TS17004: Cannot use JSX unless the '--jsx' flag is provided.
frontend/src/widgets/ai-playground-analysis/index.tsx(110,15): error TS17004: Cannot use JSX unless the '--jsx' flag is provided.
frontend/src/widgets/ai-playground-analysis/index.tsx(111,15): error TS17004: Cannot use JSX unless the '--jsx' flag is provided.
frontend/src/widgets/ai-playground-analysis/index.tsx(113,13): error TS17004: Cannot use JSX unless the '--jsx' flag is provided.
frontend/src/widgets/ai-playground-analysis/index.tsx(114,15): error TS17004: Cannot use JSX unless the '--jsx' flag is provided.
frontend/src/widgets/ai-playground-analysis/index.tsx(116,19): error TS17004: Cannot use JSX unless the '--jsx' flag is provided.
frontend/src/widgets/ai-playground-analysis/index.tsx(121,11): error TS17004: Cannot use JSX unless the '--jsx' flag is provided.
frontend/src/widgets/ai-playground-analysis/index.tsx(122,13): error TS17004: Cannot use JSX unless the '--jsx' flag is provided.
frontend/src/widgets/ai-playground-analysis/index.tsx(123,15): error TS17004: Cannot use JSX unless the '--jsx' flag is provided.
frontend/src/widgets/ai-playground-analysis/index.tsx(124,15): error TS17004: Cannot use JSX unless the '--jsx' flag is provided.
frontend/src/widgets/ai-playground-analysis/index.tsx(126,13): error TS17004: Cannot use JSX unless the '--jsx' flag is provided.
frontend/src/widgets/ai-playground-analysis/index.tsx(127,15): error TS17004: Cannot use JSX unless the '--jsx' flag is provided.
frontend/src/widgets/ai-playground-analysis/index.tsx(129,19): error TS17004: Cannot use JSX unless the '--jsx' flag is provided.
frontend/src/widgets/ai-playground-analysis/index.tsx(135,9): error TS17004: Cannot use JSX unless the '--jsx' flag is provided.
frontend/src/widgets/ai-playground-analysis/index.tsx(136,11): error TS17004: Cannot use JSX unless the '--jsx' flag is provided.
frontend/src/widgets/ai-playground-analysis/index.tsx(137,11): error TS17004: Cannot use JSX unless the '--jsx' flag is provided.
frontend/src/widgets/ai-playground-analysis/index.tsx(138,11): error TS17004: Cannot use JSX unless the '--jsx' flag is provided.
frontend/src/widgets/ai-playground-challenge/index.tsx(10,8): error TS2307: Cannot find module '@/shared/ui/card' or its corresponding type declarations.
frontend/src/widgets/ai-playground-challenge/index.tsx(11,24): error TS2307: Cannot find module '@/shared/ui/button' or its corresponding type declarations.
frontend/src/widgets/ai-playground-challenge/index.tsx(12,53): error TS2307: Cannot find module '@/shared/ui/alert' or its corresponding type declarations.
frontend/src/widgets/ai-playground-challenge/index.tsx(13,26): error TS2307: Cannot find module '@/shared/ui/skeleton' or its corresponding type declarations.
frontend/src/widgets/ai-playground-challenge/index.tsx(18,8): error TS2307: Cannot find module '@/shared/api/genkit/flows/generate-playground-challenge-flow' or its corresponding type declarations.
frontend/src/widgets/ai-playground-challenge/index.tsx(19,33): error TS2307: Cannot find module '@/entities/playground/model/types' or its corresponding type declarations.
frontend/src/widgets/ai-playground-challenge/index.tsx(20,26): error TS2307: Cannot find module '@/shared/hooks/use-toast' or its corresponding type declarations.
frontend/src/widgets/ai-playground-challenge/index.tsx(21,38): error TS2307: Cannot find module '@/entities/leaderboard/api/get-player-leaderboard' or its corresponding type declarations.
frontend/src/widgets/ai-playground-challenge/index.tsx(78,7): error TS17004: Cannot use JSX unless the '--jsx' flag is provided.
frontend/src/widgets/ai-playground-challenge/index.tsx(79,9): error TS17004: Cannot use JSX unless the '--jsx' flag is provided.
frontend/src/widgets/ai-playground-challenge/index.tsx(80,11): error TS17004: Cannot use JSX unless the '--jsx' flag is provided.
frontend/src/widgets/ai-playground-challenge/index.tsx(82,9): error TS17004: Cannot use JSX unless the '--jsx' flag is provided.
frontend/src/widgets/ai-playground-challenge/index.tsx(83,11): error TS17004: Cannot use JSX unless the '--jsx' flag is provided.
frontend/src/widgets/ai-playground-challenge/index.tsx(84,11): error TS17004: Cannot use JSX unless the '--jsx' flag is provided.
frontend/src/widgets/ai-playground-challenge/index.tsx(86,9): error TS17004: Cannot use JSX unless the '--jsx' flag is provided.
frontend/src/widgets/ai-playground-challenge/index.tsx(87,11): error TS17004: Cannot use JSX unless the '--jsx' flag is provided.
frontend/src/widgets/ai-playground-challenge/index.tsx(95,7): error TS17004: Cannot use JSX unless the '--jsx' flag is provided.
frontend/src/widgets/ai-playground-challenge/index.tsx(96,9): error TS17004: Cannot use JSX unless the '--jsx' flag is provided.
frontend/src/widgets/ai-playground-challenge/index.tsx(97,9): error TS17004: Cannot use JSX unless the '--jsx' flag is provided.
frontend/src/widgets/ai-playground-challenge/index.tsx(98,9): error TS17004: Cannot use JSX unless the '--jsx' flag is provided.
frontend/src/widgets/ai-playground-challenge/index.tsx(106,5): error TS17004: Cannot use JSX unless the '--jsx' flag is provided.
frontend/src/widgets/ai-playground-challenge/index.tsx(107,7): error TS17004: Cannot use JSX unless the '--jsx' flag is provided.
frontend/src/widgets/ai-playground-challenge/index.tsx(108,9): error TS17004: Cannot use JSX unless the '--jsx' flag is provided.
frontend/src/widgets/ai-playground-challenge/index.tsx(109,11): error TS17004: Cannot use JSX unless the '--jsx' flag is provided.
frontend/src/widgets/ai-playground-challenge/index.tsx(113,7): error TS17004: Cannot use JSX unless the '--jsx' flag is provided.
frontend/src/widgets/ai-playground-challenge/index.tsx(114,9): error TS17004: Cannot use JSX unless the '--jsx' flag is provided.
frontend/src/widgets/ai-playground-challenge/index.tsx(115,9): error TS17004: Cannot use JSX unless the '--jsx' flag is provided.
frontend/src/widgets/ai-playground-challenge/index.tsx(116,9): error TS17004: Cannot use JSX unless the '--jsx' flag is provided.
frontend/src/widgets/ai-playground-challenge/index.tsx(117,11): error TS17004: Cannot use JSX unless the '--jsx' flag is provided.
frontend/src/widgets/ai-playground-challenge/index.tsx(118,11): error TS17004: Cannot use JSX unless the '--jsx' flag is provided.
frontend/src/widgets/ai-playground-challenge/index.tsx(121,7): error TS17004: Cannot use JSX unless the '--jsx' flag is provided.
frontend/src/widgets/ai-playground-challenge/index.tsx(122,9): error TS17004: Cannot use JSX unless the '--jsx' flag is provided.
frontend/src/widgets/ai-playground-drill/index.tsx(10,8): error TS2307: Cannot find module '@/shared/ui/card' or its corresponding type declarations.
frontend/src/widgets/ai-playground-drill/index.tsx(11,24): error TS2307: Cannot find module '@/shared/ui/button' or its corresponding type declarations.
frontend/src/widgets/ai-playground-drill/index.tsx(12,26): error TS2307: Cannot find module '@/shared/ui/skeleton' or its corresponding type declarations.
frontend/src/widgets/ai-playground-drill/index.tsx(17,8): error TS2307: Cannot find module '@/shared/api/genkit/flows/generate-playground-drill-flow' or its corresponding type declarations.
frontend/src/widgets/ai-playground-drill/index.tsx(18,33): error TS2307: Cannot find module '@/entities/playground/model/types' or its corresponding type declarations.
frontend/src/widgets/ai-playground-drill/index.tsx(19,26): error TS2307: Cannot find module '@/shared/hooks/use-toast' or its corresponding type declarations.
frontend/src/widgets/ai-playground-drill/index.tsx(20,30): error TS2307: Cannot find module '@/shared/context/pd-provider' or its corresponding type declarations.
frontend/src/widgets/ai-playground-drill/index.tsx(76,7): error TS17004: Cannot use JSX unless the '--jsx' flag is provided.
frontend/src/widgets/ai-playground-drill/index.tsx(77,9): error TS17004: Cannot use JSX unless the '--jsx' flag is provided.
frontend/src/widgets/ai-playground-drill/index.tsx(78,11): error TS17004: Cannot use JSX unless the '--jsx' flag is provided.
frontend/src/widgets/ai-playground-drill/index.tsx(80,9): error TS17004: Cannot use JSX unless the '--jsx' flag is provided.
frontend/src/widgets/ai-playground-drill/index.tsx(81,11): error TS17004: Cannot use JSX unless the '--jsx' flag is provided.
frontend/src/widgets/ai-playground-drill/index.tsx(82,11): error TS17004: Cannot use JSX unless the '--jsx' flag is provided.
frontend/src/widgets/ai-playground-drill/index.tsx(84,9): error TS17004: Cannot use JSX unless the '--jsx' flag is provided.
frontend/src/widgets/ai-playground-drill/index.tsx(85,11): error TS17004: Cannot use JSX unless the '--jsx' flag is provided.
frontend/src/widgets/ai-playground-drill/index.tsx(96,5): error TS17004: Cannot use JSX unless the '--jsx' flag is provided.
frontend/src/widgets/ai-playground-drill/index.tsx(97,7): error TS17004: Cannot use JSX unless the '--jsx' flag is provided.
frontend/src/widgets/ai-playground-drill/index.tsx(98,9): error TS17004: Cannot use JSX unless the '--jsx' flag is provided.
frontend/src/widgets/ai-playground-drill/index.tsx(99,11): error TS17004: Cannot use JSX unless the '--jsx' flag is provided.
frontend/src/widgets/ai-playground-drill/index.tsx(102,9): error TS17004: Cannot use JSX unless the '--jsx' flag is provided.
frontend/src/widgets/ai-playground-drill/index.tsx(106,7): error TS17004: Cannot use JSX unless the '--jsx' flag is provided.
frontend/src/widgets/ai-playground-drill/index.tsx(107,9): error TS17004: Cannot use JSX unless the '--jsx' flag is provided.
frontend/src/widgets/ai-playground-drill/index.tsx(108,9): error TS17004: Cannot use JSX unless the '--jsx' flag is provided.
frontend/src/widgets/ai-playground-drill/index.tsx(109,9): error TS17004: Cannot use JSX unless the '--jsx' flag is provided.
frontend/src/widgets/ai-playground-drill/index.tsx(110,11): error TS17004: Cannot use JSX unless the '--jsx' flag is provided.
frontend/src/widgets/ai-playground-drill/index.tsx(111,11): error TS17004: Cannot use JSX unless the '--jsx' flag is provided.
frontend/src/widgets/ai-playground-drill/index.tsx(114,7): error TS17004: Cannot use JSX unless the '--jsx' flag is provided.
frontend/src/widgets/ai-playground-drill/index.tsx(115,9): error TS17004: Cannot use JSX unless the '--jsx' flag is provided.
frontend/src/widgets/ai-playground-drill/index.tsx(120,11): error TS17004: Cannot use JSX unless the '--jsx' flag is provided.
frontend/src/widgets/ai-playground-lore/index.tsx(4,58): error TS2307: Cannot find module '@/shared/ui/card' or its corresponding type declarations.
frontend/src/widgets/ai-playground-lore/index.tsx(5,53): error TS2307: Cannot find module '@/shared/ui/alert' or its corresponding type declarations.
frontend/src/widgets/ai-playground-lore/index.tsx(6,26): error TS2307: Cannot find module '@/shared/ui/skeleton' or its corresponding type declarations.
frontend/src/widgets/ai-playground-lore/index.tsx(11,8): error TS2307: Cannot find module '@/shared/api/genkit/flows/generate-playground-lore' or its corresponding type declarations.
frontend/src/widgets/ai-playground-lore/index.tsx(12,33): error TS2307: Cannot find module '@/entities/playground/model/types' or its corresponding type declarations.
frontend/src/widgets/ai-playground-lore/index.tsx(51,5): error TS17004: Cannot use JSX unless the '--jsx' flag is provided.
frontend/src/widgets/ai-playground-lore/index.tsx(52,7): error TS17004: Cannot use JSX unless the '--jsx' flag is provided.
frontend/src/widgets/ai-playground-lore/index.tsx(53,9): error TS17004: Cannot use JSX unless the '--jsx' flag is provided.
frontend/src/widgets/ai-playground-lore/index.tsx(54,11): error TS17004: Cannot use JSX unless the '--jsx' flag is provided.
frontend/src/widgets/ai-playground-lore/index.tsx(58,7): error TS17004: Cannot use JSX unless the '--jsx' flag is provided.
frontend/src/widgets/ai-playground-lore/index.tsx(60,11): error TS17004: Cannot use JSX unless the '--jsx' flag is provided.
frontend/src/widgets/ai-playground-lore/index.tsx(61,13): error TS17004: Cannot use JSX unless the '--jsx' flag is provided.
frontend/src/widgets/ai-playground-lore/index.tsx(62,13): error TS17004: Cannot use JSX unless the '--jsx' flag is provided.
frontend/src/widgets/ai-playground-lore/index.tsx(66,11): error TS17004: Cannot use JSX unless the '--jsx' flag is provided.
frontend/src/widgets/ai-playground-lore/index.tsx(67,13): error TS17004: Cannot use JSX unless the '--jsx' flag is provided.
frontend/src/widgets/ai-playground-lore/index.tsx(68,13): error TS17004: Cannot use JSX unless the '--jsx' flag is provided.
frontend/src/widgets/ai-playground-lore/index.tsx(69,13): error TS17004: Cannot use JSX unless the '--jsx' flag is provided.
frontend/src/widgets/ai-playground-lore/index.tsx(73,11): error TS17004: Cannot use JSX unless the '--jsx' flag is provided.
frontend/src/widgets/ai-playground-lore/index.tsx(74,13): error TS17004: Cannot use JSX unless the '--jsx' flag is provided.
frontend/src/widgets/ai-playground-lore/index.tsx(75,15): error TS17004: Cannot use JSX unless the '--jsx' flag is provided.
frontend/src/widgets/ai-playground-lore/index.tsx(76,15): error TS17004: Cannot use JSX unless the '--jsx' flag is provided.
frontend/src/widgets/ai-playground-summary/index.tsx(4,58): error TS2307: Cannot find module '@/shared/ui/card' or its corresponding type declarations.
frontend/src/widgets/ai-playground-summary/index.tsx(5,53): error TS2307: Cannot find module '@/shared/ui/alert' or its corresponding type declarations.
frontend/src/widgets/ai-playground-summary/index.tsx(6,26): error TS2307: Cannot find module '@/shared/ui/skeleton' or its corresponding type declarations.
frontend/src/widgets/ai-playground-summary/index.tsx(11,8): error TS2307: Cannot find module '@/shared/api/genkit/flows/generate-playground-summary-flow' or its corresponding type declarations.
frontend/src/widgets/ai-playground-summary/index.tsx(12,33): error TS2307: Cannot find module '@/entities/playground/model/types' or its corresponding type declarations.
frontend/src/widgets/ai-playground-summary/index.tsx(50,5): error TS17004: Cannot use JSX unless the '--jsx' flag is provided.
frontend/src/widgets/ai-playground-summary/index.tsx(51,7): error TS17004: Cannot use JSX unless the '--jsx' flag is provided.
frontend/src/widgets/ai-playground-summary/index.tsx(52,9): error TS17004: Cannot use JSX unless the '--jsx' flag is provided.
frontend/src/widgets/ai-playground-summary/index.tsx(53,11): error TS17004: Cannot use JSX unless the '--jsx' flag is provided.
frontend/src/widgets/ai-playground-summary/index.tsx(57,7): error TS17004: Cannot use JSX unless the '--jsx' flag is provided.
frontend/src/widgets/ai-playground-summary/index.tsx(59,11): error TS17004: Cannot use JSX unless the '--jsx' flag is provided.
frontend/src/widgets/ai-playground-summary/index.tsx(60,13): error TS17004: Cannot use JSX unless the '--jsx' flag is provided.
frontend/src/widgets/ai-playground-summary/index.tsx(61,13): error TS17004: Cannot use JSX unless the '--jsx' flag is provided.
frontend/src/widgets/ai-playground-summary/index.tsx(65,11): error TS17004: Cannot use JSX unless the '--jsx' flag is provided.
frontend/src/widgets/ai-playground-summary/index.tsx(66,13): error TS17004: Cannot use JSX unless the '--jsx' flag is provided.
frontend/src/widgets/ai-playground-summary/index.tsx(67,13): error TS17004: Cannot use JSX unless the '--jsx' flag is provided.
frontend/src/widgets/ai-playground-summary/index.tsx(68,13): error TS17004: Cannot use JSX unless the '--jsx' flag is provided.
frontend/src/widgets/ai-playground-summary/index.tsx(72,11): error TS17004: Cannot use JSX unless the '--jsx' flag is provided.
frontend/src/widgets/ai-playground-summary/index.tsx(73,13): error TS17004: Cannot use JSX unless the '--jsx' flag is provided.
frontend/src/widgets/ai-playground-summary/index.tsx(74,15): error TS17004: Cannot use JSX unless the '--jsx' flag is provided.
frontend/src/widgets/ai-playground-summary/index.tsx(75,15): error TS17004: Cannot use JSX unless the '--jsx' flag is provided.
frontend/src/widgets/ai-playground-tactic/index.tsx(11,8): error TS2307: Cannot find module '@/shared/ui/card' or its corresponding type declarations.
frontend/src/widgets/ai-playground-tactic/index.tsx(12,24): error TS2307: Cannot find module '@/shared/ui/button' or its corresponding type declarations.
frontend/src/widgets/ai-playground-tactic/index.tsx(13,53): error TS2307: Cannot find module '@/shared/ui/alert' or its corresponding type declarations.
frontend/src/widgets/ai-playground-tactic/index.tsx(14,26): error TS2307: Cannot find module '@/shared/ui/skeleton' or its corresponding type declarations.
frontend/src/widgets/ai-playground-tactic/index.tsx(25,8): error TS2307: Cannot find module '@/shared/api/genkit/flows/generate-playground-tactic-flow' or its corresponding type declarations.
frontend/src/widgets/ai-playground-tactic/index.tsx(26,33): error TS2307: Cannot find module '@/entities/playground/model/types' or its corresponding type declarations.
frontend/src/widgets/ai-playground-tactic/index.tsx(64,5): error TS17004: Cannot use JSX unless the '--jsx' flag is provided.
frontend/src/widgets/ai-playground-tactic/index.tsx(65,7): error TS17004: Cannot use JSX unless the '--jsx' flag is provided.
frontend/src/widgets/ai-playground-tactic/index.tsx(66,9): error TS17004: Cannot use JSX unless the '--jsx' flag is provided.
frontend/src/widgets/ai-playground-tactic/index.tsx(67,11): error TS17004: Cannot use JSX unless the '--jsx' flag is provided.
frontend/src/widgets/ai-playground-tactic/index.tsx(70,9): error TS17004: Cannot use JSX unless the '--jsx' flag is provided.
frontend/src/widgets/ai-playground-tactic/index.tsx(75,7): error TS17004: Cannot use JSX unless the '--jsx' flag is provided.
frontend/src/widgets/ai-playground-tactic/index.tsx(76,23): error TS17004: Cannot use JSX unless the '--jsx' flag is provided.
frontend/src/widgets/ai-playground-tactic/index.tsx(78,11): error TS17004: Cannot use JSX unless the '--jsx' flag is provided.
frontend/src/widgets/ai-playground-tactic/index.tsx(79,13): error TS17004: Cannot use JSX unless the '--jsx' flag is provided.
frontend/src/widgets/ai-playground-tactic/index.tsx(80,13): error TS17004: Cannot use JSX unless the '--jsx' flag is provided.
frontend/src/widgets/ai-playground-tactic/index.tsx(81,13): error TS17004: Cannot use JSX unless the '--jsx' flag is provided.
frontend/src/widgets/ai-playground-tactic/index.tsx(85,11): error TS17004: Cannot use JSX unless the '--jsx' flag is provided.
frontend/src/widgets/ai-playground-tactic/index.tsx(86,13): error TS17004: Cannot use JSX unless the '--jsx' flag is provided.
frontend/src/widgets/ai-playground-tactic/index.tsx(87,13): error TS17004: Cannot use JSX unless the '--jsx' flag is provided.
frontend/src/widgets/ai-playground-tactic/index.tsx(90,13): error TS17004: Cannot use JSX unless the '--jsx' flag is provided.
frontend/src/widgets/ai-playground-tactic/index.tsx(91,15): error TS17004: Cannot use JSX unless the '--jsx' flag is provided.
frontend/src/widgets/ai-playground-tactic/index.tsx(92,17): error TS17004: Cannot use JSX unless the '--jsx' flag is provided.
frontend/src/widgets/ai-playground-tactic/index.tsx(95,15): error TS17004: Cannot use JSX unless the '--jsx' flag is provided.
frontend/src/widgets/ai-playground-tactic/index.tsx(97,19): error TS17004: Cannot use JSX unless the '--jsx' flag is provided.
frontend/src/widgets/ai-playground-tactic/index.tsx(104,7): error TS17004: Cannot use JSX unless the '--jsx' flag is provided.
frontend/src/widgets/ai-playground-tactic/index.tsx(105,9): error TS17004: Cannot use JSX unless the '--jsx' flag is provided.
frontend/src/widgets/ai-playground-tactic/index.tsx(111,13): error TS17004: Cannot use JSX unless the '--jsx' flag is provided.
frontend/src/widgets/ai-playground-tactic/index.tsx(113,13): error TS17004: Cannot use JSX unless the '--jsx' flag is provided.
frontend/src/widgets/ai-playground-workout-generator/index.tsx(11,8): error TS2307: Cannot find module '@/shared/ui/card' or its corresponding type declarations.
frontend/src/widgets/ai-playground-workout-generator/index.tsx(12,24): error TS2307: Cannot find module '@/shared/ui/button' or its corresponding type declarations.
frontend/src/widgets/ai-playground-workout-generator/index.tsx(13,53): error TS2307: Cannot find module '@/shared/ui/alert' or its corresponding type declarations.
frontend/src/widgets/ai-playground-workout-generator/index.tsx(14,26): error TS2307: Cannot find module '@/shared/ui/skeleton' or its corresponding type declarations.
frontend/src/widgets/ai-playground-workout-generator/index.tsx(19,8): error TS2307: Cannot find module '@/shared/api/genkit/flows/generate-playground-workout-flow' or its corresponding type declarations.
frontend/src/widgets/ai-playground-workout-generator/index.tsx(27,8): error TS2307: Cannot find module '@/shared/ui/table' or its corresponding type declarations.
frontend/src/widgets/ai-playground-workout-generator/index.tsx(28,33): error TS2307: Cannot find module '@/entities/playground/model/types' or its corresponding type declarations.
frontend/src/widgets/ai-playground-workout-generator/index.tsx(62,5): error TS17004: Cannot use JSX unless the '--jsx' flag is provided.
frontend/src/widgets/ai-playground-workout-generator/index.tsx(63,7): error TS17004: Cannot use JSX unless the '--jsx' flag is provided.
frontend/src/widgets/ai-playground-workout-generator/index.tsx(64,9): error TS17004: Cannot use JSX unless the '--jsx' flag is provided.
frontend/src/widgets/ai-playground-workout-generator/index.tsx(65,11): error TS17004: Cannot use JSX unless the '--jsx' flag is provided.
frontend/src/widgets/ai-playground-workout-generator/index.tsx(68,9): error TS17004: Cannot use JSX unless the '--jsx' flag is provided.
frontend/src/widgets/ai-playground-workout-generator/index.tsx(72,7): error TS17004: Cannot use JSX unless the '--jsx' flag is provided.
frontend/src/widgets/ai-playground-workout-generator/index.tsx(74,11): error TS17004: Cannot use JSX unless the '--jsx' flag is provided.
frontend/src/widgets/ai-playground-workout-generator/index.tsx(75,13): error TS17004: Cannot use JSX unless the '--jsx' flag is provided.
frontend/src/widgets/ai-playground-workout-generator/index.tsx(79,11): error TS17004: Cannot use JSX unless the '--jsx' flag is provided.
frontend/src/widgets/ai-playground-workout-generator/index.tsx(80,13): error TS17004: Cannot use JSX unless the '--jsx' flag is provided.
frontend/src/widgets/ai-playground-workout-generator/index.tsx(81,13): error TS17004: Cannot use JSX unless the '--jsx' flag is provided.
frontend/src/widgets/ai-playground-workout-generator/index.tsx(82,13): error TS17004: Cannot use JSX unless the '--jsx' flag is provided.
frontend/src/widgets/ai-playground-workout-generator/index.tsx(86,11): error TS17004: Cannot use JSX unless the '--jsx' flag is provided.
frontend/src/widgets/ai-playground-workout-generator/index.tsx(87,13): error TS17004: Cannot use JSX unless the '--jsx' flag is provided.
frontend/src/widgets/ai-playground-workout-generator/index.tsx(88,13): error TS17004: Cannot use JSX unless the '--jsx' flag is provided.
frontend/src/widgets/ai-playground-workout-generator/index.tsx(91,13): error TS17004: Cannot use JSX unless the '--jsx' flag is provided.
frontend/src/widgets/ai-playground-workout-generator/index.tsx(92,15): error TS17004: Cannot use JSX unless the '--jsx' flag is provided.
frontend/src/widgets/ai-playground-workout-generator/index.tsx(93,17): error TS17004: Cannot use JSX unless the '--jsx' flag is provided.
frontend/src/widgets/ai-playground-workout-generator/index.tsx(94,19): error TS17004: Cannot use JSX unless the '--jsx' flag is provided.
frontend/src/widgets/ai-playground-workout-generator/index.tsx(95,19): error TS17004: Cannot use JSX unless the '--jsx' flag is provided.
frontend/src/widgets/ai-playground-workout-generator/index.tsx(96,19): error TS17004: Cannot use JSX unless the '--jsx' flag is provided.
frontend/src/widgets/ai-playground-workout-generator/index.tsx(101,15): error TS17004: Cannot use JSX unless the '--jsx' flag is provided.
frontend/src/widgets/ai-playground-workout-generator/index.tsx(103,19): error TS17004: Cannot use JSX unless the '--jsx' flag is provided.
frontend/src/widgets/ai-playground-workout-generator/index.tsx(104,21): error TS17004: Cannot use JSX unless the '--jsx' flag is provided.
frontend/src/widgets/ai-playground-workout-generator/index.tsx(105,21): error TS17004: Cannot use JSX unless the '--jsx' flag is provided.
frontend/src/widgets/ai-playground-workout-generator/index.tsx(106,21): error TS17004: Cannot use JSX unless the '--jsx' flag is provided.
frontend/src/widgets/ai-playground-workout-generator/index.tsx(114,7): error TS17004: Cannot use JSX unless the '--jsx' flag is provided.
frontend/src/widgets/ai-playground-workout-generator/index.tsx(115,9): error TS17004: Cannot use JSX unless the '--jsx' flag is provided.
frontend/src/widgets/ai-playground-workout-generator/index.tsx(121,13): error TS17004: Cannot use JSX unless the '--jsx' flag is provided.
frontend/src/widgets/ai-playground-workout-generator/index.tsx(123,13): error TS17004: Cannot use JSX unless the '--jsx' flag is provided.
frontend/src/widgets/ai-program-generator/index.tsx(7,24): error TS2307: Cannot find module '@/shared/ui/button' or its corresponding type declarations.
frontend/src/widgets/ai-program-generator/index.tsx(14,8): error TS2307: Cannot find module '@/shared/ui/card' or its corresponding type declarations.
frontend/src/widgets/ai-program-generator/index.tsx(22,8): error TS2307: Cannot find module '@/shared/ui/form' or its corresponding type declarations.
frontend/src/widgets/ai-program-generator/index.tsx(29,8): error TS2307: Cannot find module '@/shared/ui/select' or its corresponding type declarations.
frontend/src/widgets/ai-program-generator/index.tsx(30,23): error TS2307: Cannot find module '@/shared/ui/input' or its corresponding type declarations.
frontend/src/widgets/ai-program-generator/index.tsx(35,8): error TS2307: Cannot find module '@/shared/api/genkit/flows/generate-training-program-flow' or its corresponding type declarations.
frontend/src/widgets/ai-program-generator/index.tsx(36,53): error TS2307: Cannot find module '@/shared/ui/alert' or its corresponding type declarations.
frontend/src/widgets/ai-program-generator/index.tsx(37,38): error TS2307: Cannot find module '@/entities/training-program/model/types' or its corresponding type declarations.
frontend/src/widgets/ai-program-generator/index.tsx(101,5): error TS17004: Cannot use JSX unless the '--jsx' flag is provided.
frontend/src/widgets/ai-program-generator/index.tsx(102,7): error TS17004: Cannot use JSX unless the '--jsx' flag is provided.
frontend/src/widgets/ai-program-generator/index.tsx(103,9): error TS17004: Cannot use JSX unless the '--jsx' flag is provided.
frontend/src/widgets/ai-program-generator/index.tsx(104,11): error TS17004: Cannot use JSX unless the '--jsx' flag is provided.
frontend/src/widgets/ai-program-generator/index.tsx(107,9): error TS17004: Cannot use JSX unless the '--jsx' flag is provided.
frontend/src/widgets/ai-program-generator/index.tsx(112,7): error TS17004: Cannot use JSX unless the '--jsx' flag is provided.
frontend/src/widgets/ai-program-generator/index.tsx(113,9): error TS17004: Cannot use JSX unless the '--jsx' flag is provided.
frontend/src/widgets/ai-program-generator/index.tsx(114,11): error TS17004: Cannot use JSX unless the '--jsx' flag is provided.
frontend/src/widgets/ai-program-generator/index.tsx(115,13): error TS17004: Cannot use JSX unless the '--jsx' flag is provided.
frontend/src/widgets/ai-program-generator/index.tsx(116,15): error TS17004: Cannot use JSX unless the '--jsx' flag is provided.
frontend/src/widgets/ai-program-generator/index.tsx(120,19): error TS17004: Cannot use JSX unless the '--jsx' flag is provided.
frontend/src/widgets/ai-program-generator/index.tsx(121,21): error TS17004: Cannot use JSX unless the '--jsx' flag is provided.
frontend/src/widgets/ai-program-generator/index.tsx(122,21): error TS17004: Cannot use JSX unless the '--jsx' flag is provided.
frontend/src/widgets/ai-program-generator/index.tsx(126,23): error TS17004: Cannot use JSX unless the '--jsx' flag is provided.
frontend/src/widgets/ai-program-generator/index.tsx(127,25): error TS17004: Cannot use JSX unless the '--jsx' flag is provided.
frontend/src/widgets/ai-program-generator/index.tsx(128,27): error TS17004: Cannot use JSX unless the '--jsx' flag is provided.
frontend/src/widgets/ai-program-generator/index.tsx(131,23): error TS17004: Cannot use JSX unless the '--jsx' flag is provided.
frontend/src/widgets/ai-program-generator/index.tsx(132,25): error TS17004: Cannot use JSX unless the '--jsx' flag is provided.
frontend/src/widgets/ai-program-generator/index.tsx(133,25): error TS17004: Cannot use JSX unless the '--jsx' flag is provided.
frontend/src/widgets/ai-program-generator/index.tsx(136,25): error TS17004: Cannot use JSX unless the '--jsx' flag is provided.
frontend/src/widgets/ai-program-generator/index.tsx(137,25): error TS17004: Cannot use JSX unless the '--jsx' flag is provided.
frontend/src/widgets/ai-program-generator/index.tsx(140,21): error TS17004: Cannot use JSX unless the '--jsx' flag is provided.
frontend/src/widgets/ai-program-generator/index.tsx(144,15): error TS17004: Cannot use JSX unless the '--jsx' flag is provided.
frontend/src/widgets/ai-program-generator/index.tsx(148,19): error TS17004: Cannot use JSX unless the '--jsx' flag is provided.
frontend/src/widgets/ai-program-generator/index.tsx(149,21): error TS17004: Cannot use JSX unless the '--jsx' flag is provided.
frontend/src/widgets/ai-program-generator/index.tsx(150,21): error TS17004: Cannot use JSX unless the '--jsx' flag is provided.
frontend/src/widgets/ai-program-generator/index.tsx(154,23): error TS17004: Cannot use JSX unless the '--jsx' flag is provided.
frontend/src/widgets/ai-program-generator/index.tsx(155,25): error TS17004: Cannot use JSX unless the '--jsx' flag is provided.
frontend/src/widgets/ai-program-generator/index.tsx(156,27): error TS17004: Cannot use JSX unless the '--jsx' flag is provided.
frontend/src/widgets/ai-program-generator/index.tsx(159,23): error TS17004: Cannot use JSX unless the '--jsx' flag is provided.
frontend/src/widgets/ai-program-generator/index.tsx(160,25): error TS17004: Cannot use JSX unless the '--jsx' flag is provided.
frontend/src/widgets/ai-program-generator/index.tsx(163,25): error TS17004: Cannot use JSX unless the '--jsx' flag is provided.
frontend/src/widgets/ai-program-generator/index.tsx(166,25): error TS17004: Cannot use JSX unless the '--jsx' flag is provided.
frontend/src/widgets/ai-program-generator/index.tsx(171,21): error TS17004: Cannot use JSX unless the '--jsx' flag is provided.
frontend/src/widgets/ai-program-generator/index.tsx(175,15): error TS17004: Cannot use JSX unless the '--jsx' flag is provided.
frontend/src/widgets/ai-program-generator/index.tsx(179,19): error TS17004: Cannot use JSX unless the '--jsx' flag is provided.
frontend/src/widgets/ai-program-generator/index.tsx(180,21): error TS17004: Cannot use JSX unless the '--jsx' flag is provided.
frontend/src/widgets/ai-program-generator/index.tsx(181,21): error TS17004: Cannot use JSX unless the '--jsx' flag is provided.
frontend/src/widgets/ai-program-generator/index.tsx(185,23): error TS17004: Cannot use JSX unless the '--jsx' flag is provided.
frontend/src/widgets/ai-program-generator/index.tsx(186,25): error TS17004: Cannot use JSX unless the '--jsx' flag is provided.
frontend/src/widgets/ai-program-generator/index.tsx(187,27): error TS17004: Cannot use JSX unless the '--jsx' flag is provided.
frontend/src/widgets/ai-program-generator/index.tsx(190,23): error TS17004: Cannot use JSX unless the '--jsx' flag is provided.
frontend/src/widgets/ai-program-generator/index.tsx(192,27): error TS17004: Cannot use JSX unless the '--jsx' flag is provided.
frontend/src/widgets/ai-program-generator/index.tsx(198,21): error TS17004: Cannot use JSX unless the '--jsx' flag is provided.
frontend/src/widgets/ai-program-generator/index.tsx(202,15): error TS17004: Cannot use JSX unless the '--jsx' flag is provided.
frontend/src/widgets/ai-program-generator/index.tsx(206,19): error TS17004: Cannot use JSX unless the '--jsx' flag is provided.
frontend/src/widgets/ai-program-generator/index.tsx(207,21): error TS17004: Cannot use JSX unless the '--jsx' flag is provided.
frontend/src/widgets/ai-program-generator/index.tsx(208,21): error TS17004: Cannot use JSX unless the '--jsx' flag is provided.
frontend/src/widgets/ai-program-generator/index.tsx(212,23): error TS17004: Cannot use JSX unless the '--jsx' flag is provided.
frontend/src/widgets/ai-program-generator/index.tsx(213,25): error TS17004: Cannot use JSX unless the '--jsx' flag is provided.
frontend/src/widgets/ai-program-generator/index.tsx(214,27): error TS17004: Cannot use JSX unless the '--jsx' flag is provided.
frontend/src/widgets/ai-program-generator/index.tsx(217,23): error TS17004: Cannot use JSX unless the '--jsx' flag is provided.
frontend/src/widgets/ai-program-generator/index.tsx(218,25): error TS17004: Cannot use JSX unless the '--jsx' flag is provided.
frontend/src/widgets/ai-program-generator/index.tsx(219,25): error TS17004: Cannot use JSX unless the '--jsx' flag is provided.
frontend/src/widgets/ai-program-generator/index.tsx(222,21): error TS17004: Cannot use JSX unless the '--jsx' flag is provided.
frontend/src/widgets/ai-program-generator/index.tsx(227,13): error TS17004: Cannot use JSX unless the '--jsx' flag is provided.
frontend/src/widgets/ai-program-generator/index.tsx(231,17): error TS17004: Cannot use JSX unless the '--jsx' flag is provided.
frontend/src/widgets/ai-program-generator/index.tsx(232,19): error TS17004: Cannot use JSX unless the '--jsx' flag is provided.
frontend/src/widgets/ai-program-generator/index.tsx(233,19): error TS17004: Cannot use JSX unless the '--jsx' flag is provided.
frontend/src/widgets/ai-program-generator/index.tsx(234,21): error TS17004: Cannot use JSX unless the '--jsx' flag is provided.
frontend/src/widgets/ai-program-generator/index.tsx(243,15): error TS17004: Cannot use JSX unless the '--jsx' flag is provided.
frontend/src/widgets/ai-program-generator/index.tsx(244,17): error TS17004: Cannot use JSX unless the '--jsx' flag is provided.
frontend/src/widgets/ai-program-generator/index.tsx(245,17): error TS17004: Cannot use JSX unless the '--jsx' flag is provided.
frontend/src/widgets/ai-program-generator/index.tsx(248,13): error TS17004: Cannot use JSX unless the '--jsx' flag is provided.
frontend/src/widgets/ai-program-generator/index.tsx(255,17): error TS17004: Cannot use JSX unless the '--jsx' flag is provided.
frontend/src/widgets/ai-program-generator/index.tsx(257,17): error TS17004: Cannot use JSX unless the '--jsx' flag is provided.
frontend/src/widgets/ai-promotion-wizard/index.tsx(4,24): error TS2307: Cannot find module '@/shared/ui/button' or its corresponding type declarations.
frontend/src/widgets/ai-promotion-wizard/index.tsx(12,8): error TS2307: Cannot find module '@/shared/ui/card' or its corresponding type declarations.
frontend/src/widgets/ai-promotion-wizard/index.tsx(13,23): error TS2307: Cannot find module '@/shared/ui/input' or its corresponding type declarations.
frontend/src/widgets/ai-promotion-wizard/index.tsx(14,23): error TS2307: Cannot find module '@/shared/ui/label' or its corresponding type declarations.
frontend/src/widgets/ai-promotion-wizard/index.tsx(17,26): error TS2307: Cannot find module '@/shared/hooks/use-toast' or its corresponding type declarations.
frontend/src/widgets/ai-promotion-wizard/index.tsx(18,26): error TS2307: Cannot find module '@/shared/ui/textarea' or its corresponding type declarations.
frontend/src/widgets/ai-promotion-wizard/index.tsx(19,53): error TS2307: Cannot find module '@/shared/ui/alert' or its corresponding type declarations.
frontend/src/widgets/ai-promotion-wizard/index.tsx(23,8): error TS2307: Cannot find module '@/shared/api/genkit/flows/generate-promotion-wizard-flow' or its corresponding type declarations.
frontend/src/widgets/ai-promotion-wizard/index.tsx(24,26): error TS2307: Cannot find module '@/shared/ui/skeleton' or its corresponding type declarations.
frontend/src/widgets/ai-promotion-wizard/index.tsx(29,8): error TS2307: Cannot find module '@/entities/promotion/api/promotions' or its corresponding type declarations.
frontend/src/widgets/ai-promotion-wizard/index.tsx(110,5): error TS17004: Cannot use JSX unless the '--jsx' flag is provided.
frontend/src/widgets/ai-promotion-wizard/index.tsx(111,7): error TS17004: Cannot use JSX unless the '--jsx' flag is provided.
frontend/src/widgets/ai-promotion-wizard/index.tsx(112,9): error TS17004: Cannot use JSX unless the '--jsx' flag is provided.
frontend/src/widgets/ai-promotion-wizard/index.tsx(113,11): error TS17004: Cannot use JSX unless the '--jsx' flag is provided.
frontend/src/widgets/ai-promotion-wizard/index.tsx(114,11): error TS17004: Cannot use JSX unless the '--jsx' flag is provided.
frontend/src/widgets/ai-promotion-wizard/index.tsx(119,9): error TS17004: Cannot use JSX unless the '--jsx' flag is provided.
frontend/src/widgets/ai-promotion-wizard/index.tsx(120,11): error TS17004: Cannot use JSX unless the '--jsx' flag is provided.
frontend/src/widgets/ai-promotion-wizard/index.tsx(128,13): error TS17004: Cannot use JSX unless the '--jsx' flag is provided.
frontend/src/widgets/ai-promotion-wizard/index.tsx(129,15): error TS17004: Cannot use JSX unless the '--jsx' flag is provided.
frontend/src/widgets/ai-promotion-wizard/index.tsx(130,15): error TS17004: Cannot use JSX unless the '--jsx' flag is provided.
frontend/src/widgets/ai-promotion-wizard/index.tsx(133,11): error TS17004: Cannot use JSX unless the '--jsx' flag is provided.
frontend/src/widgets/ai-promotion-wizard/index.tsx(140,15): error TS17004: Cannot use JSX unless the '--jsx' flag is provided.
frontend/src/widgets/ai-promotion-wizard/index.tsx(142,15): error TS17004: Cannot use JSX unless the '--jsx' flag is provided.
frontend/src/widgets/ai-promotion-wizard/index.tsx(150,9): error TS17004: Cannot use JSX unless the '--jsx' flag is provided.
frontend/src/widgets/ai-promotion-wizard/index.tsx(151,11): error TS17004: Cannot use JSX unless the '--jsx' flag is provided.
frontend/src/widgets/ai-promotion-wizard/index.tsx(152,13): error TS17004: Cannot use JSX unless the '--jsx' flag is provided.
frontend/src/widgets/ai-promotion-wizard/index.tsx(154,11): error TS17004: Cannot use JSX unless the '--jsx' flag is provided.
frontend/src/widgets/ai-promotion-wizard/index.tsx(155,13): error TS17004: Cannot use JSX unless the '--jsx' flag is provided.
frontend/src/widgets/ai-promotion-wizard/index.tsx(156,13): error TS17004: Cannot use JSX unless the '--jsx' flag is provided.
frontend/src/widgets/ai-promotion-wizard/index.tsx(157,13): error TS17004: Cannot use JSX unless the '--jsx' flag is provided.
frontend/src/widgets/ai-promotion-wizard/index.tsx(158,13): error TS17004: Cannot use JSX unless the '--jsx' flag is provided.
frontend/src/widgets/ai-promotion-wizard/index.tsx(164,9): error TS17004: Cannot use JSX unless the '--jsx' flag is provided.
frontend/src/widgets/ai-promotion-wizard/index.tsx(165,11): error TS17004: Cannot use JSX unless the '--jsx' flag is provided.
frontend/src/widgets/ai-promotion-wizard/index.tsx(166,13): error TS17004: Cannot use JSX unless the '--jsx' flag is provided.
frontend/src/widgets/ai-promotion-wizard/index.tsx(167,13): error TS17004: Cannot use JSX unless the '--jsx' flag is provided.
frontend/src/widgets/ai-promotion-wizard/index.tsx(171,11): error TS17004: Cannot use JSX unless the '--jsx' flag is provided.
frontend/src/widgets/ai-promotion-wizard/index.tsx(172,13): error TS17004: Cannot use JSX unless the '--jsx' flag is provided.
frontend/src/widgets/ai-promotion-wizard/index.tsx(173,15): error TS17004: Cannot use JSX unless the '--jsx' flag is provided.
frontend/src/widgets/ai-promotion-wizard/index.tsx(174,15): error TS17004: Cannot use JSX unless the '--jsx' flag is provided.
frontend/src/widgets/ai-promotion-wizard/index.tsx(182,13): error TS17004: Cannot use JSX unless the '--jsx' flag is provided.
frontend/src/widgets/ai-promotion-wizard/index.tsx(183,15): error TS17004: Cannot use JSX unless the '--jsx' flag is provided.
frontend/src/widgets/ai-promotion-wizard/index.tsx(184,15): error TS17004: Cannot use JSX unless the '--jsx' flag is provided.
frontend/src/widgets/ai-promotion-wizard/index.tsx(190,13): error TS17004: Cannot use JSX unless the '--jsx' flag is provided.
frontend/src/widgets/ai-promotion-wizard/index.tsx(191,15): error TS17004: Cannot use JSX unless the '--jsx' flag is provided.
frontend/src/widgets/ai-promotion-wizard/index.tsx(192,15): error TS17004: Cannot use JSX unless the '--jsx' flag is provided.
frontend/src/widgets/ai-promotion-wizard/index.tsx(200,13): error TS17004: Cannot use JSX unless the '--jsx' flag is provided.
frontend/src/widgets/ai-promotion-wizard/index.tsx(201,15): error TS17004: Cannot use JSX unless the '--jsx' flag is provided.
frontend/src/widgets/ai-promotion-wizard/index.tsx(202,17): error TS17004: Cannot use JSX unless the '--jsx' flag is provided.
frontend/src/widgets/ai-promotion-wizard/index.tsx(203,17): error TS17004: Cannot use JSX unless the '--jsx' flag is provided.
frontend/src/widgets/ai-promotion-wizard/index.tsx(209,15): error TS17004: Cannot use JSX unless the '--jsx' flag is provided.
frontend/src/widgets/ai-promotion-wizard/index.tsx(210,17): error TS17004: Cannot use JSX unless the '--jsx' flag is provided.
frontend/src/widgets/ai-promotion-wizard/index.tsx(211,17): error TS17004: Cannot use JSX unless the '--jsx' flag is provided.
frontend/src/widgets/ai-promotion-wizard/index.tsx(219,11): error TS17004: Cannot use JSX unless the '--jsx' flag is provided.
frontend/src/widgets/ai-promotion-wizard/index.tsx(220,13): error TS17004: Cannot use JSX unless the '--jsx' flag is provided.
frontend/src/widgets/ai-promotion-wizard/index.tsx(226,17): error TS17004: Cannot use JSX unless the '--jsx' flag is provided.
frontend/src/widgets/ai-promotion-wizard/index.tsx(228,17): error TS17004: Cannot use JSX unless the '--jsx' flag is provided.
frontend/src/widgets/ai-social-media-post-generator/index.tsx(11,8): error TS2307: Cannot find module '@/shared/ui/card' or its corresponding type declarations.
frontend/src/widgets/ai-social-media-post-generator/index.tsx(12,24): error TS2307: Cannot find module '@/shared/ui/button' or its corresponding type declarations.
frontend/src/widgets/ai-social-media-post-generator/index.tsx(13,26): error TS2307: Cannot find module '@/shared/ui/textarea' or its corresponding type declarations.
frontend/src/widgets/ai-social-media-post-generator/index.tsx(14,23): error TS2307: Cannot find module '@/shared/ui/label' or its corresponding type declarations.
frontend/src/widgets/ai-social-media-post-generator/index.tsx(16,26): error TS2307: Cannot find module '@/shared/ui/skeleton' or its corresponding type declarations.
frontend/src/widgets/ai-social-media-post-generator/index.tsx(17,53): error TS2307: Cannot find module '@/shared/ui/alert' or its corresponding type declarations.
frontend/src/widgets/ai-social-media-post-generator/index.tsx(18,26): error TS2307: Cannot find module '@/shared/hooks/use-toast' or its corresponding type declarations.
frontend/src/widgets/ai-social-media-post-generator/index.tsx(19,27): error TS2307: Cannot find module '@/shared/ui/separator' or its corresponding type declarations.
frontend/src/widgets/ai-social-media-post-generator/index.tsx(24,8): error TS2307: Cannot find module '@/shared/api/genkit/flows/generate-social-media-post-flow' or its corresponding type declarations.
frontend/src/widgets/ai-social-media-post-generator/index.tsx(32,8): error TS2307: Cannot find module '@/shared/ui/select' or its corresponding type declarations.
frontend/src/widgets/ai-social-media-post-generator/index.tsx(77,5): error TS17004: Cannot use JSX unless the '--jsx' flag is provided.
frontend/src/widgets/ai-social-media-post-generator/index.tsx(78,7): error TS17004: Cannot use JSX unless the '--jsx' flag is provided.
frontend/src/widgets/ai-social-media-post-generator/index.tsx(79,9): error TS17004: Cannot use JSX unless the '--jsx' flag is provided.
frontend/src/widgets/ai-social-media-post-generator/index.tsx(80,9): error TS17004: Cannot use JSX unless the '--jsx' flag is provided.
frontend/src/widgets/ai-social-media-post-generator/index.tsx(84,7): error TS17004: Cannot use JSX unless the '--jsx' flag is provided.
frontend/src/widgets/ai-social-media-post-generator/index.tsx(85,9): error TS17004: Cannot use JSX unless the '--jsx' flag is provided.
frontend/src/widgets/ai-social-media-post-generator/index.tsx(86,11): error TS17004: Cannot use JSX unless the '--jsx' flag is provided.
frontend/src/widgets/ai-social-media-post-generator/index.tsx(87,13): error TS17004: Cannot use JSX unless the '--jsx' flag is provided.
frontend/src/widgets/ai-social-media-post-generator/index.tsx(88,13): error TS17004: Cannot use JSX unless the '--jsx' flag is provided.
frontend/src/widgets/ai-social-media-post-generator/index.tsx(94,15): error TS17004: Cannot use JSX unless the '--jsx' flag is provided.
frontend/src/widgets/ai-social-media-post-generator/index.tsx(95,17): error TS17004: Cannot use JSX unless the '--jsx' flag is provided.
frontend/src/widgets/ai-social-media-post-generator/index.tsx(97,15): error TS17004: Cannot use JSX unless the '--jsx' flag is provided.
frontend/src/widgets/ai-social-media-post-generator/index.tsx(98,17): error TS17004: Cannot use JSX unless the '--jsx' flag is provided.
frontend/src/widgets/ai-social-media-post-generator/index.tsx(99,17): error TS17004: Cannot use JSX unless the '--jsx' flag is provided.
frontend/src/widgets/ai-social-media-post-generator/index.tsx(100,17): error TS17004: Cannot use JSX unless the '--jsx' flag is provided.
frontend/src/widgets/ai-social-media-post-generator/index.tsx(105,9): error TS17004: Cannot use JSX unless the '--jsx' flag is provided.
frontend/src/widgets/ai-social-media-post-generator/index.tsx(106,11): error TS17004: Cannot use JSX unless the '--jsx' flag is provided.
frontend/src/widgets/ai-social-media-post-generator/index.tsx(107,11): error TS17004: Cannot use JSX unless the '--jsx' flag is provided.
frontend/src/widgets/ai-social-media-post-generator/index.tsx(116,9): error TS17004: Cannot use JSX unless the '--jsx' flag is provided.
frontend/src/widgets/ai-social-media-post-generator/index.tsx(118,13): error TS17004: Cannot use JSX unless the '--jsx' flag is provided.
frontend/src/widgets/ai-social-media-post-generator/index.tsx(120,13): error TS17004: Cannot use JSX unless the '--jsx' flag is provided.
frontend/src/widgets/ai-social-media-post-generator/index.tsx(126,42): error TS17004: Cannot use JSX unless the '--jsx' flag is provided.
frontend/src/widgets/ai-social-media-post-generator/index.tsx(128,7): error TS17004: Cannot use JSX unless the '--jsx' flag is provided.
frontend/src/widgets/ai-social-media-post-generator/index.tsx(130,11): error TS17004: Cannot use JSX unless the '--jsx' flag is provided.
frontend/src/widgets/ai-social-media-post-generator/index.tsx(131,13): error TS17004: Cannot use JSX unless the '--jsx' flag is provided.
frontend/src/widgets/ai-social-media-post-generator/index.tsx(132,15): error TS17004: Cannot use JSX unless the '--jsx' flag is provided.
frontend/src/widgets/ai-social-media-post-generator/index.tsx(133,17): error TS17004: Cannot use JSX unless the '--jsx' flag is provided.
frontend/src/widgets/ai-social-media-post-generator/index.tsx(134,17): error TS17004: Cannot use JSX unless the '--jsx' flag is provided.
frontend/src/widgets/ai-social-media-post-generator/index.tsx(136,15): error TS17004: Cannot use JSX unless the '--jsx' flag is provided.
frontend/src/widgets/ai-social-media-post-generator/index.tsx(137,17): error TS17004: Cannot use JSX unless the '--jsx' flag is provided.
frontend/src/widgets/ai-social-media-post-generator/index.tsx(138,17): error TS17004: Cannot use JSX unless the '--jsx' flag is provided.
frontend/src/widgets/ai-social-media-post-generator/index.tsx(144,11): error TS17004: Cannot use JSX unless the '--jsx' flag is provided.
frontend/src/widgets/ai-social-media-post-generator/index.tsx(145,13): error TS17004: Cannot use JSX unless the '--jsx' flag is provided.
frontend/src/widgets/ai-social-media-post-generator/index.tsx(146,13): error TS17004: Cannot use JSX unless the '--jsx' flag is provided.
frontend/src/widgets/ai-social-media-post-generator/index.tsx(151,11): error TS17004: Cannot use JSX unless the '--jsx' flag is provided.
frontend/src/widgets/ai-social-media-post-generator/index.tsx(152,13): error TS17004: Cannot use JSX unless the '--jsx' flag is provided.
frontend/src/widgets/ai-social-media-post-generator/index.tsx(153,15): error TS17004: Cannot use JSX unless the '--jsx' flag is provided.
frontend/src/widgets/ai-social-media-post-generator/index.tsx(154,17): error TS17004: Cannot use JSX unless the '--jsx' flag is provided.
frontend/src/widgets/ai-social-media-post-generator/index.tsx(155,17): error TS17004: Cannot use JSX unless the '--jsx' flag is provided.
frontend/src/widgets/ai-social-media-post-generator/index.tsx(160,17): error TS17004: Cannot use JSX unless the '--jsx' flag is provided.
frontend/src/widgets/ai-social-media-post-generator/index.tsx(161,19): error TS17004: Cannot use JSX unless the '--jsx' flag is provided.
frontend/src/widgets/ai-social-media-post-generator/index.tsx(162,19): error TS17004: Cannot use JSX unless the '--jsx' flag is provided.
frontend/src/widgets/ai-social-media-post-generator/index.tsx(167,15): error TS17004: Cannot use JSX unless the '--jsx' flag is provided.
frontend/src/widgets/ai-social-media-post-generator/index.tsx(168,17): error TS17004: Cannot use JSX unless the '--jsx' flag is provided.
frontend/src/widgets/ai-social-media-post-generator/index.tsx(169,17): error TS17004: Cannot use JSX unless the '--jsx' flag is provided.
frontend/src/widgets/ai-social-media-post-generator/index.tsx(170,19): error TS17004: Cannot use JSX unless the '--jsx' flag is provided.
frontend/src/widgets/ai-social-media-post-generator/index.tsx(184,9): error TS17004: Cannot use JSX unless the '--jsx' flag is provided.
frontend/src/widgets/ai-social-media-post-generator/index.tsx(185,11): error TS17004: Cannot use JSX unless the '--jsx' flag is provided.
frontend/src/widgets/ai-social-media-post-generator/index.tsx(192,13): error TS17004: Cannot use JSX unless the '--jsx' flag is provided.
frontend/src/widgets/ai-social-media-post-generator/index.tsx(195,11): error TS17004: Cannot use JSX unless the '--jsx' flag is provided.
frontend/src/widgets/ai-social-media-post-generator/index.tsx(196,13): error TS17004: Cannot use JSX unless the '--jsx' flag is provided.
frontend/src/widgets/ai-social-media-post-generator/index.tsx(197,15): error TS17004: Cannot use JSX unless the '--jsx' flag is provided.
frontend/src/widgets/ai-social-media-post-generator/index.tsx(200,11): error TS17004: Cannot use JSX unless the '--jsx' flag is provided.
frontend/src/widgets/ai-social-media-post-generator/index.tsx(201,13): error TS17004: Cannot use JSX unless the '--jsx' flag is provided.
frontend/src/widgets/ai-sport-summary/index.tsx(4,58): error TS2307: Cannot find module '@/shared/ui/card' or its corresponding type declarations.
frontend/src/widgets/ai-sport-summary/index.tsx(5,53): error TS2307: Cannot find module '@/shared/ui/alert' or its corresponding type declarations.
frontend/src/widgets/ai-sport-summary/index.tsx(6,26): error TS2307: Cannot find module '@/shared/ui/skeleton' or its corresponding type declarations.
frontend/src/widgets/ai-sport-summary/index.tsx(11,8): error TS2307: Cannot find module '@/shared/api/genkit/flows/generate-sport-summary-flow' or its corresponding type declarations.
frontend/src/widgets/ai-sport-summary/index.tsx(42,7): error TS17004: Cannot use JSX unless the '--jsx' flag is provided.
frontend/src/widgets/ai-sport-summary/index.tsx(43,9): error TS17004: Cannot use JSX unless the '--jsx' flag is provided.
frontend/src/widgets/ai-sport-summary/index.tsx(44,11): error TS17004: Cannot use JSX unless the '--jsx' flag is provided.
frontend/src/widgets/ai-sport-summary/index.tsx(46,9): error TS17004: Cannot use JSX unless the '--jsx' flag is provided.
frontend/src/widgets/ai-sport-summary/index.tsx(47,11): error TS17004: Cannot use JSX unless the '--jsx' flag is provided.
frontend/src/widgets/ai-sport-summary/index.tsx(48,11): error TS17004: Cannot use JSX unless the '--jsx' flag is provided.
frontend/src/widgets/ai-sport-summary/index.tsx(49,11): error TS17004: Cannot use JSX unless the '--jsx' flag is provided.
frontend/src/widgets/ai-sport-summary/index.tsx(57,7): error TS17004: Cannot use JSX unless the '--jsx' flag is provided.
frontend/src/widgets/ai-sport-summary/index.tsx(58,9): error TS17004: Cannot use JSX unless the '--jsx' flag is provided.
frontend/src/widgets/ai-sport-summary/index.tsx(59,9): error TS17004: Cannot use JSX unless the '--jsx' flag is provided.
frontend/src/widgets/ai-sport-summary/index.tsx(60,9): error TS17004: Cannot use JSX unless the '--jsx' flag is provided.
frontend/src/widgets/ai-sport-summary/index.tsx(68,5): error TS17004: Cannot use JSX unless the '--jsx' flag is provided.
frontend/src/widgets/ai-sport-summary/index.tsx(69,7): error TS17004: Cannot use JSX unless the '--jsx' flag is provided.
frontend/src/widgets/ai-sport-summary/index.tsx(70,9): error TS17004: Cannot use JSX unless the '--jsx' flag is provided.
frontend/src/widgets/ai-sport-summary/index.tsx(71,11): error TS17004: Cannot use JSX unless the '--jsx' flag is provided.
frontend/src/widgets/ai-sport-summary/index.tsx(75,7): error TS17004: Cannot use JSX unless the '--jsx' flag is provided.
frontend/src/widgets/ai-sport-summary/index.tsx(76,9): error TS17004: Cannot use JSX unless the '--jsx' flag is provided.
frontend/src/widgets/ai-sport-summary/index.tsx(77,9): error TS17004: Cannot use JSX unless the '--jsx' flag is provided.
frontend/src/widgets/ai-sport-summary/index.tsx(78,11): error TS17004: Cannot use JSX unless the '--jsx' flag is provided.
frontend/src/widgets/ai-sport-summary/index.tsx(79,11): error TS17004: Cannot use JSX unless the '--jsx' flag is provided.
frontend/src/widgets/ai-sport-summary/index.tsx(80,11): error TS17004: Cannot use JSX unless the '--jsx' flag is provided.
frontend/src/widgets/ai-team-assistant-tab/index.tsx(4,24): error TS2307: Cannot find module '@/shared/ui/button' or its corresponding type declarations.
frontend/src/widgets/ai-team-assistant-tab/index.tsx(11,8): error TS2307: Cannot find module '@/shared/ui/card' or its corresponding type declarations.
frontend/src/widgets/ai-team-assistant-tab/index.tsx(22,8): error TS2307: Cannot find module '@/shared/api/genkit/flows/ai-team-assistant' or its corresponding type declarations.
frontend/src/widgets/ai-team-assistant-tab/index.tsx(23,26): error TS2307: Cannot find module '@/shared/ui/skeleton' or its corresponding type declarations.
frontend/src/widgets/ai-team-assistant-tab/index.tsx(24,53): error TS2307: Cannot find module '@/shared/ui/alert' or its corresponding type declarations.
frontend/src/widgets/ai-team-assistant-tab/index.tsx(52,5): error TS17004: Cannot use JSX unless the '--jsx' flag is provided.
frontend/src/widgets/ai-team-assistant-tab/index.tsx(53,7): error TS17004: Cannot use JSX unless the '--jsx' flag is provided.
frontend/src/widgets/ai-team-assistant-tab/index.tsx(54,9): error TS17004: Cannot use JSX unless the '--jsx' flag is provided.
frontend/src/widgets/ai-team-assistant-tab/index.tsx(55,11): error TS17004: Cannot use JSX unless the '--jsx' flag is provided.
frontend/src/widgets/ai-team-assistant-tab/index.tsx(56,13): error TS17004: Cannot use JSX unless the '--jsx' flag is provided.
frontend/src/widgets/ai-team-assistant-tab/index.tsx(57,13): error TS17004: Cannot use JSX unless the '--jsx' flag is provided.
frontend/src/widgets/ai-team-assistant-tab/index.tsx(61,11): error TS17004: Cannot use JSX unless the '--jsx' flag is provided.
frontend/src/widgets/ai-team-assistant-tab/index.tsx(63,15): error TS17004: Cannot use JSX unless the '--jsx' flag is provided.
frontend/src/widgets/ai-team-assistant-tab/index.tsx(65,15): error TS17004: Cannot use JSX unless the '--jsx' flag is provided.
frontend/src/widgets/ai-team-assistant-tab/index.tsx(71,7): error TS17004: Cannot use JSX unless the '--jsx' flag is provided.
frontend/src/widgets/ai-team-assistant-tab/index.tsx(73,11): error TS17004: Cannot use JSX unless the '--jsx' flag is provided.
frontend/src/widgets/ai-team-assistant-tab/index.tsx(74,13): error TS17004: Cannot use JSX unless the '--jsx' flag is provided.
frontend/src/widgets/ai-team-assistant-tab/index.tsx(75,13): error TS17004: Cannot use JSX unless the '--jsx' flag is provided.
frontend/src/widgets/ai-team-assistant-tab/index.tsx(79,11): error TS17004: Cannot use JSX unless the '--jsx' flag is provided.
frontend/src/widgets/ai-team-assistant-tab/index.tsx(80,13): error TS17004: Cannot use JSX unless the '--jsx' flag is provided.
frontend/src/widgets/ai-team-assistant-tab/index.tsx(81,13): error TS17004: Cannot use JSX unless the '--jsx' flag is provided.
frontend/src/widgets/ai-team-assistant-tab/index.tsx(82,13): error TS17004: Cannot use JSX unless the '--jsx' flag is provided.
frontend/src/widgets/ai-team-assistant-tab/index.tsx(86,11): error TS17004: Cannot use JSX unless the '--jsx' flag is provided.
frontend/src/widgets/ai-team-assistant-tab/index.tsx(87,13): error TS17004: Cannot use JSX unless the '--jsx' flag is provided.
frontend/src/widgets/ai-team-assistant-tab/index.tsx(88,13): error TS17004: Cannot use JSX unless the '--jsx' flag is provided.
frontend/src/widgets/ai-team-assistant-tab/index.tsx(89,13): error TS17004: Cannot use JSX unless the '--jsx' flag is provided.
frontend/src/widgets/ai-team-assistant-tab/index.tsx(95,11): error TS17004: Cannot use JSX unless the '--jsx' flag is provided.
frontend/src/widgets/ai-team-assistant-tab/index.tsx(96,13): error TS17004: Cannot use JSX unless the '--jsx' flag is provided.
frontend/src/widgets/ai-team-assistant-tab/index.tsx(97,15): error TS17004: Cannot use JSX unless the '--jsx' flag is provided.
frontend/src/widgets/ai-team-assistant-tab/index.tsx(98,17): error TS17004: Cannot use JSX unless the '--jsx' flag is provided.
frontend/src/widgets/ai-team-assistant-tab/index.tsx(100,15): error TS17004: Cannot use JSX unless the '--jsx' flag is provided.
frontend/src/widgets/ai-team-assistant-tab/index.tsx(101,17): error TS17004: Cannot use JSX unless the '--jsx' flag is provided.
frontend/src/widgets/ai-team-assistant-tab/index.tsx(104,13): error TS17004: Cannot use JSX unless the '--jsx' flag is provided.
frontend/src/widgets/ai-team-assistant-tab/index.tsx(105,15): error TS17004: Cannot use JSX unless the '--jsx' flag is provided.
frontend/src/widgets/ai-team-assistant-tab/index.tsx(106,17): error TS17004: Cannot use JSX unless the '--jsx' flag is provided.
frontend/src/widgets/ai-team-assistant-tab/index.tsx(107,19): error TS17004: Cannot use JSX unless the '--jsx' flag is provided.
frontend/src/widgets/ai-team-assistant-tab/index.tsx(111,15): error TS17004: Cannot use JSX unless the '--jsx' flag is provided.
frontend/src/widgets/ai-team-assistant-tab/index.tsx(112,17): error TS17004: Cannot use JSX unless the '--jsx' flag is provided.
frontend/src/widgets/ai-team-assistant-tab/index.tsx(114,21): error TS17004: Cannot use JSX unless the '--jsx' flag is provided.
frontend/src/widgets/ai-tournament-wizard/index.tsx(4,24): error TS2307: Cannot find module '@/shared/ui/button' or its corresponding type declarations.
frontend/src/widgets/ai-tournament-wizard/index.tsx(12,8): error TS2307: Cannot find module '@/shared/ui/card' or its corresponding type declarations.
frontend/src/widgets/ai-tournament-wizard/index.tsx(13,23): error TS2307: Cannot find module '@/shared/ui/input' or its corresponding type declarations.
frontend/src/widgets/ai-tournament-wizard/index.tsx(14,23): error TS2307: Cannot find module '@/shared/ui/label' or its corresponding type declarations.
frontend/src/widgets/ai-tournament-wizard/index.tsx(17,26): error TS2307: Cannot find module '@/shared/hooks/use-toast' or its corresponding type declarations.
frontend/src/widgets/ai-tournament-wizard/index.tsx(18,26): error TS2307: Cannot find module '@/shared/ui/textarea' or its corresponding type declarations.
frontend/src/widgets/ai-tournament-wizard/index.tsx(19,53): error TS2307: Cannot find module '@/shared/ui/alert' or its corresponding type declarations.
frontend/src/widgets/ai-tournament-wizard/index.tsx(23,8): error TS2307: Cannot find module '@/shared/api/genkit/flows/generate-tournament-wizard-flow' or its corresponding type declarations.
frontend/src/widgets/ai-tournament-wizard/index.tsx(24,26): error TS2307: Cannot find module '@/shared/ui/skeleton' or its corresponding type declarations.
frontend/src/widgets/ai-tournament-wizard/index.tsx(28,8): error TS2307: Cannot find module '@/entities/tournament/api/tournaments' or its corresponding type declarations.
frontend/src/widgets/ai-tournament-wizard/index.tsx(36,8): error TS2307: Cannot find module '@/shared/ui/select' or its corresponding type declarations.
frontend/src/widgets/ai-tournament-wizard/index.tsx(37,33): error TS2307: Cannot find module '@/entities/tournament/model/types' or its corresponding type declarations.
frontend/src/widgets/ai-tournament-wizard/index.tsx(139,5): error TS17004: Cannot use JSX unless the '--jsx' flag is provided.
frontend/src/widgets/ai-tournament-wizard/index.tsx(140,7): error TS17004: Cannot use JSX unless the '--jsx' flag is provided.
frontend/src/widgets/ai-tournament-wizard/index.tsx(141,9): error TS17004: Cannot use JSX unless the '--jsx' flag is provided.
frontend/src/widgets/ai-tournament-wizard/index.tsx(142,11): error TS17004: Cannot use JSX unless the '--jsx' flag is provided.
frontend/src/widgets/ai-tournament-wizard/index.tsx(143,11): error TS17004: Cannot use JSX unless the '--jsx' flag is provided.
frontend/src/widgets/ai-tournament-wizard/index.tsx(148,9): error TS17004: Cannot use JSX unless the '--jsx' flag is provided.
frontend/src/widgets/ai-tournament-wizard/index.tsx(149,11): error TS17004: Cannot use JSX unless the '--jsx' flag is provided.
frontend/src/widgets/ai-tournament-wizard/index.tsx(157,13): error TS17004: Cannot use JSX unless the '--jsx' flag is provided.
frontend/src/widgets/ai-tournament-wizard/index.tsx(158,15): error TS17004: Cannot use JSX unless the '--jsx' flag is provided.
frontend/src/widgets/ai-tournament-wizard/index.tsx(159,15): error TS17004: Cannot use JSX unless the '--jsx' flag is provided.
frontend/src/widgets/ai-tournament-wizard/index.tsx(162,11): error TS17004: Cannot use JSX unless the '--jsx' flag is provided.
frontend/src/widgets/ai-tournament-wizard/index.tsx(169,15): error TS17004: Cannot use JSX unless the '--jsx' flag is provided.
frontend/src/widgets/ai-tournament-wizard/index.tsx(171,15): error TS17004: Cannot use JSX unless the '--jsx' flag is provided.
frontend/src/widgets/ai-tournament-wizard/index.tsx(179,9): error TS17004: Cannot use JSX unless the '--jsx' flag is provided.
frontend/src/widgets/ai-tournament-wizard/index.tsx(180,11): error TS17004: Cannot use JSX unless the '--jsx' flag is provided.
frontend/src/widgets/ai-tournament-wizard/index.tsx(181,13): error TS17004: Cannot use JSX unless the '--jsx' flag is provided.
frontend/src/widgets/ai-tournament-wizard/index.tsx(183,11): error TS17004: Cannot use JSX unless the '--jsx' flag is provided.
frontend/src/widgets/ai-tournament-wizard/index.tsx(184,13): error TS17004: Cannot use JSX unless the '--jsx' flag is provided.
frontend/src/widgets/ai-tournament-wizard/index.tsx(185,13): error TS17004: Cannot use JSX unless the '--jsx' flag is provided.
frontend/src/widgets/ai-tournament-wizard/index.tsx(186,13): error TS17004: Cannot use JSX unless the '--jsx' flag is provided.
frontend/src/widgets/ai-tournament-wizard/index.tsx(187,13): error TS17004: Cannot use JSX unless the '--jsx' flag is provided.
frontend/src/widgets/ai-tournament-wizard/index.tsx(188,15): error TS17004: Cannot use JSX unless the '--jsx' flag is provided.
frontend/src/widgets/ai-tournament-wizard/index.tsx(189,15): error TS17004: Cannot use JSX unless the '--jsx' flag is provided.
frontend/src/widgets/ai-tournament-wizard/index.tsx(196,9): error TS17004: Cannot use JSX unless the '--jsx' flag is provided.
frontend/src/widgets/ai-tournament-wizard/index.tsx(197,11): error TS17004: Cannot use JSX unless the '--jsx' flag is provided.
frontend/src/widgets/ai-tournament-wizard/index.tsx(198,13): error TS17004: Cannot use JSX unless the '--jsx' flag is provided.
frontend/src/widgets/ai-tournament-wizard/index.tsx(199,13): error TS17004: Cannot use JSX unless the '--jsx' flag is provided.
frontend/src/widgets/ai-tournament-wizard/index.tsx(203,11): error TS17004: Cannot use JSX unless the '--jsx' flag is provided.
frontend/src/widgets/ai-tournament-wizard/index.tsx(204,13): error TS17004: Cannot use JSX unless the '--jsx' flag is provided.
frontend/src/widgets/ai-tournament-wizard/index.tsx(205,15): error TS17004: Cannot use JSX unless the '--jsx' flag is provided.
frontend/src/widgets/ai-tournament-wizard/index.tsx(206,15): error TS17004: Cannot use JSX unless the '--jsx' flag is provided.
frontend/src/widgets/ai-tournament-wizard/index.tsx(214,13): error TS17004: Cannot use JSX unless the '--jsx' flag is provided.
frontend/src/widgets/ai-tournament-wizard/index.tsx(215,15): error TS17004: Cannot use JSX unless the '--jsx' flag is provided.
frontend/src/widgets/ai-tournament-wizard/index.tsx(216,15): error TS17004: Cannot use JSX unless the '--jsx' flag is provided.
frontend/src/widgets/ai-tournament-wizard/index.tsx(222,13): error TS17004: Cannot use JSX unless the '--jsx' flag is provided.
frontend/src/widgets/ai-tournament-wizard/index.tsx(223,15): error TS17004: Cannot use JSX unless the '--jsx' flag is provided.
frontend/src/widgets/ai-tournament-wizard/index.tsx(224,15): error TS17004: Cannot use JSX unless the '--jsx' flag is provided.
frontend/src/widgets/ai-tournament-wizard/index.tsx(232,13): error TS17004: Cannot use JSX unless the '--jsx' flag is provided.
frontend/src/widgets/ai-tournament-wizard/index.tsx(233,15): error TS17004: Cannot use JSX unless the '--jsx' flag is provided.
frontend/src/widgets/ai-tournament-wizard/index.tsx(234,17): error TS17004: Cannot use JSX unless the '--jsx' flag is provided.
frontend/src/widgets/ai-tournament-wizard/index.tsx(235,17): error TS17004: Cannot use JSX unless the '--jsx' flag is provided.
frontend/src/widgets/ai-tournament-wizard/index.tsx(241,15): error TS17004: Cannot use JSX unless the '--jsx' flag is provided.
frontend/src/widgets/ai-tournament-wizard/index.tsx(242,17): error TS17004: Cannot use JSX unless the '--jsx' flag is provided.
frontend/src/widgets/ai-tournament-wizard/index.tsx(243,17): error TS17004: Cannot use JSX unless the '--jsx' flag is provided.
frontend/src/widgets/ai-tournament-wizard/index.tsx(247,19): error TS17004: Cannot use JSX unless the '--jsx' flag is provided.
frontend/src/widgets/ai-tournament-wizard/index.tsx(248,21): error TS17004: Cannot use JSX unless the '--jsx' flag is provided.
frontend/src/widgets/ai-tournament-wizard/index.tsx(250,19): error TS17004: Cannot use JSX unless the '--jsx' flag is provided.
frontend/src/widgets/ai-tournament-wizard/index.tsx(251,21): error TS17004: Cannot use JSX unless the '--jsx' flag is provided.
frontend/src/widgets/ai-tournament-wizard/index.tsx(252,21): error TS17004: Cannot use JSX unless the '--jsx' flag is provided.
frontend/src/widgets/ai-tournament-wizard/index.tsx(256,15): error TS17004: Cannot use JSX unless the '--jsx' flag is provided.
frontend/src/widgets/ai-tournament-wizard/index.tsx(257,17): error TS17004: Cannot use JSX unless the '--jsx' flag is provided.
frontend/src/widgets/ai-tournament-wizard/index.tsx(258,17): error TS17004: Cannot use JSX unless the '--jsx' flag is provided.
frontend/src/widgets/ai-tournament-wizard/index.tsx(262,19): error TS17004: Cannot use JSX unless the '--jsx' flag is provided.
frontend/src/widgets/ai-tournament-wizard/index.tsx(263,21): error TS17004: Cannot use JSX unless the '--jsx' flag is provided.
frontend/src/widgets/ai-tournament-wizard/index.tsx(265,19): error TS17004: Cannot use JSX unless the '--jsx' flag is provided.
frontend/src/widgets/ai-tournament-wizard/index.tsx(266,21): error TS17004: Cannot use JSX unless the '--jsx' flag is provided.
frontend/src/widgets/ai-tournament-wizard/index.tsx(269,21): error TS17004: Cannot use JSX unless the '--jsx' flag is provided.
frontend/src/widgets/ai-tournament-wizard/index.tsx(270,21): error TS17004: Cannot use JSX unless the '--jsx' flag is provided.
frontend/src/widgets/ai-tournament-wizard/index.tsx(277,13): error TS17004: Cannot use JSX unless the '--jsx' flag is provided.
frontend/src/widgets/ai-tournament-wizard/index.tsx(278,15): error TS17004: Cannot use JSX unless the '--jsx' flag is provided.
frontend/src/widgets/ai-tournament-wizard/index.tsx(279,15): error TS17004: Cannot use JSX unless the '--jsx' flag is provided.
frontend/src/widgets/ai-tournament-wizard/index.tsx(286,13): error TS17004: Cannot use JSX unless the '--jsx' flag is provided.
frontend/src/widgets/ai-tournament-wizard/index.tsx(287,15): error TS17004: Cannot use JSX unless the '--jsx' flag is provided.
frontend/src/widgets/ai-tournament-wizard/index.tsx(288,17): error TS17004: Cannot use JSX unless the '--jsx' flag is provided.
frontend/src/widgets/ai-tournament-wizard/index.tsx(289,17): error TS17004: Cannot use JSX unless the '--jsx' flag is provided.
frontend/src/widgets/ai-tournament-wizard/index.tsx(291,15): error TS17004: Cannot use JSX unless the '--jsx' flag is provided.
frontend/src/widgets/ai-tournament-wizard/index.tsx(292,17): error TS17004: Cannot use JSX unless the '--jsx' flag is provided.
frontend/src/widgets/ai-tournament-wizard/index.tsx(293,17): error TS17004: Cannot use JSX unless the '--jsx' flag is provided.
frontend/src/widgets/ai-tournament-wizard/index.tsx(297,11): error TS17004: Cannot use JSX unless the '--jsx' flag is provided.
frontend/src/widgets/ai-tournament-wizard/index.tsx(298,13): error TS17004: Cannot use JSX unless the '--jsx' flag is provided.
frontend/src/widgets/ai-tournament-wizard/index.tsx(304,17): error TS17004: Cannot use JSX unless the '--jsx' flag is provided.
frontend/src/widgets/ai-tournament-wizard/index.tsx(306,17): error TS17004: Cannot use JSX unless the '--jsx' flag is provided.
frontend/src/widgets/analytics-charts/kda-chart.tsx(19,5): error TS17004: Cannot use JSX unless the '--jsx' flag is provided.
frontend/src/widgets/analytics-charts/kda-chart.tsx(20,7): error TS17004: Cannot use JSX unless the '--jsx' flag is provided.
frontend/src/widgets/analytics-charts/kda-chart.tsx(21,9): error TS17004: Cannot use JSX unless the '--jsx' flag is provided.
frontend/src/widgets/analytics-charts/kda-chart.tsx(22,9): error TS17004: Cannot use JSX unless the '--jsx' flag is provided.
frontend/src/widgets/analytics-charts/kda-chart.tsx(28,9): error TS17004: Cannot use JSX unless the '--jsx' flag is provided.
frontend/src/widgets/analytics-charts/kda-chart.tsx(34,9): error TS17004: Cannot use JSX unless the '--jsx' flag is provided.
frontend/src/widgets/analytics-charts/kda-chart.tsx(41,9): error TS17004: Cannot use JSX unless the '--jsx' flag is provided.
frontend/src/widgets/analytics-charts/measurements-chart.tsx(14,34): error TS2307: Cannot find module '@/entities/user/model/types' or its corresponding type declarations.
frontend/src/widgets/analytics-charts/measurements-chart.tsx(43,5): error TS17004: Cannot use JSX unless the '--jsx' flag is provided.
frontend/src/widgets/analytics-charts/measurements-chart.tsx(44,7): error TS17004: Cannot use JSX unless the '--jsx' flag is provided.
frontend/src/widgets/analytics-charts/measurements-chart.tsx(45,9): error TS17004: Cannot use JSX unless the '--jsx' flag is provided.
frontend/src/widgets/analytics-charts/measurements-chart.tsx(46,9): error TS17004: Cannot use JSX unless the '--jsx' flag is provided.
frontend/src/widgets/analytics-charts/measurements-chart.tsx(56,9): error TS17004: Cannot use JSX unless the '--jsx' flag is provided.
frontend/src/widgets/analytics-charts/measurements-chart.tsx(62,9): error TS17004: Cannot use JSX unless the '--jsx' flag is provided.
frontend/src/widgets/analytics-charts/measurements-chart.tsx(73,9): error TS17004: Cannot use JSX unless the '--jsx' flag is provided.
frontend/src/widgets/analytics-charts/personal-record-chart.tsx(15,41): error TS2307: Cannot find module '@/shared/lib/get-training-analytics' or its corresponding type declarations.
frontend/src/widgets/analytics-charts/personal-record-chart.tsx(26,7): error TS17004: Cannot use JSX unless the '--jsx' flag is provided.
frontend/src/widgets/analytics-charts/personal-record-chart.tsx(42,5): error TS17004: Cannot use JSX unless the '--jsx' flag is provided.
frontend/src/widgets/analytics-charts/personal-record-chart.tsx(43,7): error TS17004: Cannot use JSX unless the '--jsx' flag is provided.
frontend/src/widgets/analytics-charts/personal-record-chart.tsx(44,9): error TS17004: Cannot use JSX unless the '--jsx' flag is provided.
frontend/src/widgets/analytics-charts/personal-record-chart.tsx(45,9): error TS17004: Cannot use JSX unless the '--jsx' flag is provided.
frontend/src/widgets/analytics-charts/personal-record-chart.tsx(57,9): error TS17004: Cannot use JSX unless the '--jsx' flag is provided.
frontend/src/widgets/analytics-charts/personal-record-chart.tsx(64,9): error TS17004: Cannot use JSX unless the '--jsx' flag is provided.
frontend/src/widgets/analytics-charts/personal-record-chart.tsx(75,9): error TS17004: Cannot use JSX unless the '--jsx' flag is provided.
frontend/src/widgets/analytics-charts/personal-record-chart.tsx(88,9): error TS17004: Cannot use JSX unless the '--jsx' flag is provided.
frontend/src/widgets/analytics-charts/volume-chart.tsx(19,5): error TS17004: Cannot use JSX unless the '--jsx' flag is provided.
frontend/src/widgets/analytics-charts/volume-chart.tsx(20,7): error TS17004: Cannot use JSX unless the '--jsx' flag is provided.
frontend/src/widgets/analytics-charts/volume-chart.tsx(21,9): error TS17004: Cannot use JSX unless the '--jsx' flag is provided.
frontend/src/widgets/analytics-charts/volume-chart.tsx(22,9): error TS17004: Cannot use JSX unless the '--jsx' flag is provided.
frontend/src/widgets/analytics-charts/volume-chart.tsx(23,9): error TS17004: Cannot use JSX unless the '--jsx' flag is provided.
frontend/src/widgets/analytics-charts/volume-chart.tsx(29,9): error TS17004: Cannot use JSX unless the '--jsx' flag is provided.
frontend/src/widgets/analytics-charts/volume-chart.tsx(37,9): error TS17004: Cannot use JSX unless the '--jsx' flag is provided.
frontend/src/widgets/analytics-charts/win-loss-chart.tsx(10,8): error TS2307: Cannot find module '@/shared/ui/card' or its corresponding type declarations.
frontend/src/widgets/analytics-charts/win-loss-chart.tsx(28,5): error TS17004: Cannot use JSX unless the '--jsx' flag is provided.
frontend/src/widgets/analytics-charts/win-loss-chart.tsx(29,7): error TS17004: Cannot use JSX unless the '--jsx' flag is provided.
frontend/src/widgets/analytics-charts/win-loss-chart.tsx(30,9): error TS17004: Cannot use JSX unless the '--jsx' flag is provided.
frontend/src/widgets/analytics-charts/win-loss-chart.tsx(31,9): error TS17004: Cannot use JSX unless the '--jsx' flag is provided.
frontend/src/widgets/analytics-charts/win-loss-chart.tsx(33,7): error TS17004: Cannot use JSX unless the '--jsx' flag is provided.
frontend/src/widgets/analytics-charts/win-loss-chart.tsx(34,9): error TS17004: Cannot use JSX unless the '--jsx' flag is provided.
frontend/src/widgets/analytics-charts/win-loss-chart.tsx(35,11): error TS17004: Cannot use JSX unless the '--jsx' flag is provided.
frontend/src/widgets/analytics-charts/win-loss-chart.tsx(36,13): error TS17004: Cannot use JSX unless the '--jsx' flag is provided.
frontend/src/widgets/analytics-charts/win-loss-chart.tsx(44,13): error TS17004: Cannot use JSX unless the '--jsx' flag is provided.
frontend/src/widgets/analytics-charts/win-loss-chart.tsx(54,17): error TS17004: Cannot use JSX unless the '--jsx' flag is provided.
frontend/src/widgets/analytics-charts/win-loss-chart.tsx(59,9): error TS17004: Cannot use JSX unless the '--jsx' flag is provided.
frontend/src/widgets/analytics-charts/win-loss-chart.tsx(60,11): error TS17004: Cannot use JSX unless the '--jsx' flag is provided.
frontend/src/widgets/analytics-charts/win-loss-chart.tsx(63,11): error TS17004: Cannot use JSX unless the '--jsx' flag is provided.
frontend/src/widgets/analytics-charts/winrate-by-map-chart.tsx(19,5): error TS17004: Cannot use JSX unless the '--jsx' flag is provided.
frontend/src/widgets/analytics-charts/winrate-by-map-chart.tsx(20,7): error TS17004: Cannot use JSX unless the '--jsx' flag is provided.
frontend/src/widgets/analytics-charts/winrate-by-map-chart.tsx(21,9): error TS17004: Cannot use JSX unless the '--jsx' flag is provided.
frontend/src/widgets/analytics-charts/winrate-by-map-chart.tsx(22,9): error TS17004: Cannot use JSX unless the '--jsx' flag is provided.
frontend/src/widgets/analytics-charts/winrate-by-map-chart.tsx(23,9): error TS17004: Cannot use JSX unless the '--jsx' flag is provided.
frontend/src/widgets/analytics-charts/winrate-by-map-chart.tsx(29,9): error TS17004: Cannot use JSX unless the '--jsx' flag is provided.
frontend/src/widgets/analytics-charts/winrate-by-map-chart.tsx(36,9): error TS17004: Cannot use JSX unless the '--jsx' flag is provided.
frontend/src/widgets/app-layout/index.tsx(4,27): error TS2307: Cannot find module '@/shared/lib/types' or its corresponding type declarations.
frontend/src/widgets/app-layout/index.tsx(21,8): error TS2307: Cannot find module '@/shared/ui/sidebar' or its corresponding type declarations.
frontend/src/widgets/app-layout/index.tsx(22,25): error TS2307: Cannot find module '@/widgets/user-nav' or its corresponding type declarations.
frontend/src/widgets/app-layout/index.tsx(23,22): error TS2307: Cannot find module '@/shared/ui/icons' or its corresponding type declarations.
frontend/src/widgets/app-layout/index.tsx(49,27): error TS2307: Cannot find module '@/shared/ui/bottom-nav' or its corresponding type declarations.
frontend/src/widgets/app-layout/index.tsx(50,29): error TS2307: Cannot find module '@/shared/ui/theme-toggle' or its corresponding type declarations.
frontend/src/widgets/app-layout/index.tsx(51,33): error TS2307: Cannot find module '@/shared/ui/theme-customizer' or its corresponding type declarations.
frontend/src/widgets/app-layout/index.tsx(52,38): error TS2307: Cannot find module '@/widgets/notifications-popover' or its corresponding type declarations.
frontend/src/widgets/app-layout/index.tsx(53,24): error TS2307: Cannot find module '@/shared/ui/button' or its corresponding type declarations.
frontend/src/widgets/app-layout/index.tsx(59,8): error TS2307: Cannot find module '@/shared/ui/collapsible' or its corresponding type declarations.
frontend/src/widgets/app-layout/index.tsx(60,28): error TS2307: Cannot find module '@/widgets/header-cart' or its corresponding type declarations.
frontend/src/widgets/app-layout/index.tsx(61,28): error TS2307: Cannot find module '@/widgets/cart-dialog' or its corresponding type declarations.
frontend/src/widgets/app-layout/index.tsx(62,36): error TS2307: Cannot find module '@/features/global-search/ui/global-search-dialog' or its corresponding type declarations.
frontend/src/widgets/app-layout/index.tsx(70,3): error TS17004: Cannot use JSX unless the '--jsx' flag is provided.
frontend/src/widgets/app-layout/index.tsx(71,5): error TS17004: Cannot use JSX unless the '--jsx' flag is provided.
frontend/src/widgets/app-layout/index.tsx(72,7): error TS17004: Cannot use JSX unless the '--jsx' flag is provided.
frontend/src/widgets/app-layout/index.tsx(73,9): error TS17004: Cannot use JSX unless the '--jsx' flag is provided.
frontend/src/widgets/app-layout/index.tsx(74,11): error TS17004: Cannot use JSX unless the '--jsx' flag is provided.
frontend/src/widgets/app-layout/index.tsx(75,13): error TS17004: Cannot use JSX unless the '--jsx' flag is provided.
frontend/src/widgets/app-layout/index.tsx(76,15): error TS17004: Cannot use JSX unless the '--jsx' flag is provided.
frontend/src/widgets/app-layout/index.tsx(78,13): error TS17004: Cannot use JSX unless the '--jsx' flag is provided.
frontend/src/widgets/app-layout/index.tsx(80,11): error TS17004: Cannot use JSX unless the '--jsx' flag is provided.
frontend/src/widgets/app-layout/index.tsx(83,11): error TS17004: Cannot use JSX unless the '--jsx' flag is provided.
frontend/src/widgets/app-layout/index.tsx(87,9): error TS17004: Cannot use JSX unless the '--jsx' flag is provided.
frontend/src/widgets/app-layout/index.tsx(88,11): error TS17004: Cannot use JSX unless the '--jsx' flag is provided.
frontend/src/widgets/app-layout/index.tsx(89,11): error TS17004: Cannot use JSX unless the '--jsx' flag is provided.
frontend/src/widgets/app-layout/index.tsx(90,13): error TS17004: Cannot use JSX unless the '--jsx' flag is provided.
frontend/src/widgets/app-layout/index.tsx(91,15): error TS17004: Cannot use JSX unless the '--jsx' flag is provided.
frontend/src/widgets/app-layout/index.tsx(95,13): error TS17004: Cannot use JSX unless the '--jsx' flag is provided.
frontend/src/widgets/app-layout/index.tsx(96,15): error TS17004: Cannot use JSX unless the '--jsx' flag is provided.
frontend/src/widgets/app-layout/index.tsx(100,13): error TS17004: Cannot use JSX unless the '--jsx' flag is provided.
frontend/src/widgets/app-layout/index.tsx(101,15): error TS17004: Cannot use JSX unless the '--jsx' flag is provided.
frontend/src/widgets/app-layout/index.tsx(107,9): error TS17004: Cannot use JSX unless the '--jsx' flag is provided.
frontend/src/widgets/app-layout/index.tsx(108,11): error TS17004: Cannot use JSX unless the '--jsx' flag is provided.
frontend/src/widgets/app-layout/index.tsx(109,11): error TS17004: Cannot use JSX unless the '--jsx' flag is provided.
frontend/src/widgets/app-layout/index.tsx(110,13): error TS17004: Cannot use JSX unless the '--jsx' flag is provided.
frontend/src/widgets/app-layout/index.tsx(111,15): error TS17004: Cannot use JSX unless the '--jsx' flag is provided.
frontend/src/widgets/app-layout/index.tsx(118,13): error TS17004: Cannot use JSX unless the '--jsx' flag is provided.
frontend/src/widgets/app-layout/index.tsx(119,15): error TS17004: Cannot use JSX unless the '--jsx' flag is provided.
frontend/src/widgets/app-layout/index.tsx(126,13): error TS17004: Cannot use JSX unless the '--jsx' flag is provided.
frontend/src/widgets/app-layout/index.tsx(127,15): error TS17004: Cannot use JSX unless the '--jsx' flag is provided.
frontend/src/widgets/app-layout/index.tsx(252,5): error TS17004: Cannot use JSX unless the '--jsx' flag is provided.
frontend/src/widgets/app-layout/index.tsx(253,7): error TS17004: Cannot use JSX unless the '--jsx' flag is provided.
frontend/src/widgets/app-layout/index.tsx(254,9): error TS17004: Cannot use JSX unless the '--jsx' flag is provided.
frontend/src/widgets/app-layout/index.tsx(255,11): error TS17004: Cannot use JSX unless the '--jsx' flag is provided.
frontend/src/widgets/app-layout/index.tsx(261,13): error TS17004: Cannot use JSX unless the '--jsx' flag is provided.
frontend/src/widgets/app-layout/index.tsx(262,15): error TS17004: Cannot use JSX unless the '--jsx' flag is provided.
frontend/src/widgets/app-layout/index.tsx(263,40): error TS17004: Cannot use JSX unless the '--jsx' flag is provided.
frontend/src/widgets/app-layout/index.tsx(268,11): error TS17004: Cannot use JSX unless the '--jsx' flag is provided.
frontend/src/widgets/app-layout/index.tsx(269,13): error TS17004: Cannot use JSX unless the '--jsx' flag is provided.
frontend/src/widgets/app-layout/index.tsx(271,17): error TS17004: Cannot use JSX unless the '--jsx' flag is provided.
frontend/src/widgets/app-layout/index.tsx(272,19): error TS17004: Cannot use JSX unless the '--jsx' flag is provided.
frontend/src/widgets/app-layout/index.tsx(276,36): error TS17004: Cannot use JSX unless the '--jsx' flag is provided.
frontend/src/widgets/app-layout/index.tsx(289,5): error TS17004: Cannot use JSX unless the '--jsx' flag is provided.
frontend/src/widgets/app-layout/index.tsx(290,7): error TS17004: Cannot use JSX unless the '--jsx' flag is provided.
frontend/src/widgets/app-layout/index.tsx(291,9): error TS17004: Cannot use JSX unless the '--jsx' flag is provided.
frontend/src/widgets/app-layout/index.tsx(292,11): error TS17004: Cannot use JSX unless the '--jsx' flag is provided.
frontend/src/widgets/app-layout/index.tsx(293,13): error TS17004: Cannot use JSX unless the '--jsx' flag is provided.
frontend/src/widgets/app-layout/index.tsx(294,15): error TS17004: Cannot use JSX unless the '--jsx' flag is provided.
frontend/src/widgets/app-layout/index.tsx(295,17): error TS17004: Cannot use JSX unless the '--jsx' flag is provided.
frontend/src/widgets/app-layout/index.tsx(298,17): error TS17004: Cannot use JSX unless the '--jsx' flag is provided.
frontend/src/widgets/app-layout/index.tsx(304,11): error TS17004: Cannot use JSX unless the '--jsx' flag is provided.
frontend/src/widgets/app-layout/index.tsx(305,13): error TS17004: Cannot use JSX unless the '--jsx' flag is provided.
frontend/src/widgets/app-layout/index.tsx(307,17): error TS17004: Cannot use JSX unless the '--jsx' flag is provided.
frontend/src/widgets/app-layout/index.tsx(308,19): error TS17004: Cannot use JSX unless the '--jsx' flag is provided.
frontend/src/widgets/app-layout/index.tsx(313,21): error TS17004: Cannot use JSX unless the '--jsx' flag is provided.
frontend/src/widgets/app-layout/index.tsx(314,23): error TS17004: Cannot use JSX unless the '--jsx' flag is provided.
frontend/src/widgets/app-layout/index.tsx(315,48): error TS17004: Cannot use JSX unless the '--jsx' flag is provided.
frontend/src/widgets/app-layout/index.tsx(322,17): error TS17004: Cannot use JSX unless the '--jsx' flag is provided.
frontend/src/widgets/app-layout/index.tsx(323,19): error TS17004: Cannot use JSX unless the '--jsx' flag is provided.
frontend/src/widgets/app-layout/index.tsx(328,21): error TS17004: Cannot use JSX unless the '--jsx' flag is provided.
frontend/src/widgets/app-layout/index.tsx(329,23): error TS17004: Cannot use JSX unless the '--jsx' flag is provided.
frontend/src/widgets/app-layout/index.tsx(330,48): error TS17004: Cannot use JSX unless the '--jsx' flag is provided.
frontend/src/widgets/app-layout/index.tsx(337,17): error TS17004: Cannot use JSX unless the '--jsx' flag is provided.
frontend/src/widgets/app-layout/index.tsx(338,19): error TS17004: Cannot use JSX unless the '--jsx' flag is provided.
frontend/src/widgets/app-layout/index.tsx(343,21): error TS17004: Cannot use JSX unless the '--jsx' flag is provided.
frontend/src/widgets/app-layout/index.tsx(344,23): error TS17004: Cannot use JSX unless the '--jsx' flag is provided.
frontend/src/widgets/app-layout/index.tsx(345,48): error TS17004: Cannot use JSX unless the '--jsx' flag is provided.
frontend/src/widgets/app-layout/index.tsx(352,11): error TS17004: Cannot use JSX unless the '--jsx' flag is provided.
frontend/src/widgets/app-layout/index.tsx(353,13): error TS17004: Cannot use JSX unless the '--jsx' flag is provided.
frontend/src/widgets/app-layout/index.tsx(360,15): error TS17004: Cannot use JSX unless the '--jsx' flag is provided.
frontend/src/widgets/app-layout/index.tsx(361,17): error TS17004: Cannot use JSX unless the '--jsx' flag is provided.
frontend/src/widgets/app-layout/index.tsx(366,19): error TS17004: Cannot use JSX unless the '--jsx' flag is provided.
frontend/src/widgets/app-layout/index.tsx(367,21): error TS17004: Cannot use JSX unless the '--jsx' flag is provided.
frontend/src/widgets/app-layout/index.tsx(368,46): error TS17004: Cannot use JSX unless the '--jsx' flag is provided.
frontend/src/widgets/app-layout/index.tsx(376,7): error TS17004: Cannot use JSX unless the '--jsx' flag is provided.
frontend/src/widgets/app-layout/index.tsx(377,9): error TS17004: Cannot use JSX unless the '--jsx' flag is provided.
frontend/src/widgets/app-layout/index.tsx(378,11): error TS17004: Cannot use JSX unless the '--jsx' flag is provided.
frontend/src/widgets/app-layout/index.tsx(379,11): error TS17004: Cannot use JSX unless the '--jsx' flag is provided.
frontend/src/widgets/app-layout/index.tsx(380,13): error TS17004: Cannot use JSX unless the '--jsx' flag is provided.
frontend/src/widgets/app-layout/index.tsx(385,15): error TS17004: Cannot use JSX unless the '--jsx' flag is provided.
frontend/src/widgets/app-layout/index.tsx(386,15): error TS17004: Cannot use JSX unless the '--jsx' flag is provided.
frontend/src/widgets/app-layout/index.tsx(387,15): error TS17004: Cannot use JSX unless the '--jsx' flag is provided.
frontend/src/widgets/app-layout/index.tsx(388,17): error TS17004: Cannot use JSX unless the '--jsx' flag is provided.
frontend/src/widgets/app-layout/index.tsx(392,11): error TS17004: Cannot use JSX unless the '--jsx' flag is provided.
frontend/src/widgets/app-layout/index.tsx(393,11): error TS17004: Cannot use JSX unless the '--jsx' flag is provided.
frontend/src/widgets/app-layout/index.tsx(394,11): error TS17004: Cannot use JSX unless the '--jsx' flag is provided.
frontend/src/widgets/app-layout/index.tsx(395,11): error TS17004: Cannot use JSX unless the '--jsx' flag is provided.
frontend/src/widgets/app-layout/index.tsx(396,11): error TS17004: Cannot use JSX unless the '--jsx' flag is provided.
frontend/src/widgets/app-layout/index.tsx(398,9): error TS17004: Cannot use JSX unless the '--jsx' flag is provided.
frontend/src/widgets/app-layout/index.tsx(401,9): error TS17004: Cannot use JSX unless the '--jsx' flag is provided.
frontend/src/widgets/app-layout/index.tsx(402,9): error TS17004: Cannot use JSX unless the '--jsx' flag is provided.
frontend/src/widgets/app-layout/index.tsx(404,7): error TS17004: Cannot use JSX unless the '--jsx' flag is provided.
frontend/src/widgets/app-layout/index.tsx(405,7): error TS17004: Cannot use JSX unless the '--jsx' flag is provided.
frontend/src/widgets/app-layout/index.tsx(412,5): error TS17004: Cannot use JSX unless the '--jsx' flag is provided.
frontend/src/widgets/app-layout/index.tsx(413,7): error TS17004: Cannot use JSX unless the '--jsx' flag is provided.
frontend/src/widgets/apply-to-team-dialog/index.tsx(4,24): error TS2307: Cannot find module '@/shared/ui/button' or its corresponding type declarations.
frontend/src/widgets/apply-to-team-dialog/index.tsx(12,8): error TS2307: Cannot find module '@/shared/ui/dialog' or its corresponding type declarations.
frontend/src/widgets/apply-to-team-dialog/index.tsx(13,23): error TS2307: Cannot find module '@/shared/ui/label' or its corresponding type declarations.
frontend/src/widgets/apply-to-team-dialog/index.tsx(14,26): error TS2307: Cannot find module '@/shared/ui/textarea' or its corresponding type declarations.
frontend/src/widgets/apply-to-team-dialog/index.tsx(15,26): error TS2307: Cannot find module '@/shared/hooks/use-toast' or its corresponding type declarations.
frontend/src/widgets/apply-to-team-dialog/index.tsx(17,34): error TS2307: Cannot find module '@/entities/team/model/types' or its corresponding type declarations.
frontend/src/widgets/apply-to-team-dialog/index.tsx(18,39): error TS2307: Cannot find module '@/entities/team-application/api/applications' or its corresponding type declarations.
frontend/src/widgets/apply-to-team-dialog/index.tsx(67,5): error TS17004: Cannot use JSX unless the '--jsx' flag is provided.
frontend/src/widgets/apply-to-team-dialog/index.tsx(68,7): error TS17004: Cannot use JSX unless the '--jsx' flag is provided.
frontend/src/widgets/apply-to-team-dialog/index.tsx(69,9): error TS17004: Cannot use JSX unless the '--jsx' flag is provided.
frontend/src/widgets/apply-to-team-dialog/index.tsx(70,11): error TS17004: Cannot use JSX unless the '--jsx' flag is provided.
frontend/src/widgets/apply-to-team-dialog/index.tsx(73,11): error TS17004: Cannot use JSX unless the '--jsx' flag is provided.
frontend/src/widgets/apply-to-team-dialog/index.tsx(78,9): error TS17004: Cannot use JSX unless the '--jsx' flag is provided.
frontend/src/widgets/apply-to-team-dialog/index.tsx(79,11): error TS17004: Cannot use JSX unless the '--jsx' flag is provided.
frontend/src/widgets/apply-to-team-dialog/index.tsx(80,11): error TS17004: Cannot use JSX unless the '--jsx' flag is provided.
frontend/src/widgets/apply-to-team-dialog/index.tsx(88,9): error TS17004: Cannot use JSX unless the '--jsx' flag is provided.
frontend/src/widgets/apply-to-team-dialog/index.tsx(89,11): error TS17004: Cannot use JSX unless the '--jsx' flag is provided.
frontend/src/widgets/apply-to-team-dialog/index.tsx(92,11): error TS17004: Cannot use JSX unless the '--jsx' flag is provided.
frontend/src/widgets/apply-to-team-dialog/index.tsx(94,15): error TS17004: Cannot use JSX unless the '--jsx' flag is provided.
frontend/src/widgets/apply-to-team-dialog/index.tsx(96,15): error TS17004: Cannot use JSX unless the '--jsx' flag is provided.
frontend/src/widgets/assign-program-dialog/index.tsx(4,24): error TS2307: Cannot find module '@/shared/ui/button' or its corresponding type declarations.
frontend/src/widgets/assign-program-dialog/index.tsx(12,8): error TS2307: Cannot find module '@/shared/ui/dialog' or its corresponding type declarations.
frontend/src/widgets/assign-program-dialog/index.tsx(13,26): error TS2307: Cannot find module '@/shared/ui/checkbox' or its corresponding type declarations.
frontend/src/widgets/assign-program-dialog/index.tsx(14,28): error TS2307: Cannot find module '@/shared/ui/scroll-area' or its corresponding type declarations.
frontend/src/widgets/assign-program-dialog/index.tsx(15,26): error TS2307: Cannot find module '@/shared/hooks/use-toast' or its corresponding type declarations.
frontend/src/widgets/assign-program-dialog/index.tsx(16,53): error TS2307: Cannot find module '@/shared/ui/avatar' or its corresponding type declarations.
frontend/src/widgets/assign-program-dialog/index.tsx(18,38): error TS2307: Cannot find module '@/entities/training-program/model/types' or its corresponding type declarations.
frontend/src/widgets/assign-program-dialog/index.tsx(19,36): error TS2307: Cannot find module '@/entities/user/model/types' or its corresponding type declarations.
frontend/src/widgets/assign-program-dialog/index.tsx(20,39): error TS2307: Cannot find module '@/entities/training-program/api/assign-program' or its corresponding type declarations.
frontend/src/widgets/assign-program-dialog/index.tsx(102,5): error TS17004: Cannot use JSX unless the '--jsx' flag is provided.
frontend/src/widgets/assign-program-dialog/index.tsx(103,7): error TS17004: Cannot use JSX unless the '--jsx' flag is provided.
frontend/src/widgets/assign-program-dialog/index.tsx(104,9): error TS17004: Cannot use JSX unless the '--jsx' flag is provided.
frontend/src/widgets/assign-program-dialog/index.tsx(105,11): error TS17004: Cannot use JSX unless the '--jsx' flag is provided.
frontend/src/widgets/assign-program-dialog/index.tsx(106,11): error TS17004: Cannot use JSX unless the '--jsx' flag is provided.
frontend/src/widgets/assign-program-dialog/index.tsx(111,9): error TS17004: Cannot use JSX unless the '--jsx' flag is provided.
frontend/src/widgets/assign-program-dialog/index.tsx(112,11): error TS17004: Cannot use JSX unless the '--jsx' flag is provided.
frontend/src/widgets/assign-program-dialog/index.tsx(113,13): error TS17004: Cannot use JSX unless the '--jsx' flag is provided.
frontend/src/widgets/assign-program-dialog/index.tsx(114,15): error TS17004: Cannot use JSX unless the '--jsx' flag is provided.
frontend/src/widgets/assign-program-dialog/index.tsx(122,15): error TS17004: Cannot use JSX unless the '--jsx' flag is provided.
frontend/src/widgets/assign-program-dialog/index.tsx(126,13): error TS17004: Cannot use JSX unless the '--jsx' flag is provided.
frontend/src/widgets/assign-program-dialog/index.tsx(130,11): error TS17004: Cannot use JSX unless the '--jsx' flag is provided.
frontend/src/widgets/assign-program-dialog/index.tsx(131,13): error TS17004: Cannot use JSX unless the '--jsx' flag is provided.
frontend/src/widgets/assign-program-dialog/index.tsx(133,17): error TS17004: Cannot use JSX unless the '--jsx' flag is provided.
frontend/src/widgets/assign-program-dialog/index.tsx(137,19): error TS17004: Cannot use JSX unless the '--jsx' flag is provided.
frontend/src/widgets/assign-program-dialog/index.tsx(142,19): error TS17004: Cannot use JSX unless the '--jsx' flag is provided.
frontend/src/widgets/assign-program-dialog/index.tsx(146,21): error TS17004: Cannot use JSX unless the '--jsx' flag is provided.
frontend/src/widgets/assign-program-dialog/index.tsx(147,23): error TS17004: Cannot use JSX unless the '--jsx' flag is provided.
frontend/src/widgets/assign-program-dialog/index.tsx(152,23): error TS17004: Cannot use JSX unless the '--jsx' flag is provided.
frontend/src/widgets/assign-program-dialog/index.tsx(161,9): error TS17004: Cannot use JSX unless the '--jsx' flag is provided.
frontend/src/widgets/assign-program-dialog/index.tsx(162,11): error TS17004: Cannot use JSX unless the '--jsx' flag is provided.
frontend/src/widgets/assign-program-dialog/index.tsx(169,11): error TS17004: Cannot use JSX unless the '--jsx' flag is provided.
frontend/src/widgets/assign-program-dialog/index.tsx(173,30): error TS17004: Cannot use JSX unless the '--jsx' flag is provided.
frontend/src/widgets/assign-program-dialog/index.tsx(174,13): error TS17004: Cannot use JSX unless the '--jsx' flag is provided.
frontend/src/widgets/assign-sponsor-dialog/index.tsx(7,24): error TS2307: Cannot find module '@/shared/ui/button' or its corresponding type declarations.
frontend/src/widgets/assign-sponsor-dialog/index.tsx(15,8): error TS2307: Cannot find module '@/shared/ui/dialog' or its corresponding type declarations.
frontend/src/widgets/assign-sponsor-dialog/index.tsx(16,23): error TS2307: Cannot find module '@/shared/ui/input' or its corresponding type declarations.
frontend/src/widgets/assign-sponsor-dialog/index.tsx(24,8): error TS2307: Cannot find module '@/shared/ui/form' or its corresponding type declarations.
frontend/src/widgets/assign-sponsor-dialog/index.tsx(25,26): error TS2307: Cannot find module '@/shared/hooks/use-toast' or its corresponding type declarations.
frontend/src/widgets/assign-sponsor-dialog/index.tsx(27,30): error TS2307: Cannot find module '@/entities/sponsor/model/types' or its corresponding type declarations.
frontend/src/widgets/assign-sponsor-dialog/index.tsx(28,31): error TS2307: Cannot find module '@/entities/tournament/api/sponsors' or its corresponding type declarations.
frontend/src/widgets/assign-sponsor-dialog/index.tsx(83,5): error TS17004: Cannot use JSX unless the '--jsx' flag is provided.
frontend/src/widgets/assign-sponsor-dialog/index.tsx(84,7): error TS17004: Cannot use JSX unless the '--jsx' flag is provided.
frontend/src/widgets/assign-sponsor-dialog/index.tsx(85,9): error TS17004: Cannot use JSX unless the '--jsx' flag is provided.
frontend/src/widgets/assign-sponsor-dialog/index.tsx(86,11): error TS17004: Cannot use JSX unless the '--jsx' flag is provided.
frontend/src/widgets/assign-sponsor-dialog/index.tsx(87,13): error TS17004: Cannot use JSX unless the '--jsx' flag is provided.
frontend/src/widgets/assign-sponsor-dialog/index.tsx(88,15): error TS17004: Cannot use JSX unless the '--jsx' flag is provided.
frontend/src/widgets/assign-sponsor-dialog/index.tsx(89,15): error TS17004: Cannot use JSX unless the '--jsx' flag is provided.
frontend/src/widgets/assign-sponsor-dialog/index.tsx(93,13): error TS17004: Cannot use JSX unless the '--jsx' flag is provided.
frontend/src/widgets/assign-sponsor-dialog/index.tsx(94,15): error TS17004: Cannot use JSX unless the '--jsx' flag is provided.
frontend/src/widgets/assign-sponsor-dialog/index.tsx(98,19): error TS17004: Cannot use JSX unless the '--jsx' flag is provided.
frontend/src/widgets/assign-sponsor-dialog/index.tsx(99,21): error TS17004: Cannot use JSX unless the '--jsx' flag is provided.
frontend/src/widgets/assign-sponsor-dialog/index.tsx(100,21): error TS17004: Cannot use JSX unless the '--jsx' flag is provided.
frontend/src/widgets/assign-sponsor-dialog/index.tsx(101,23): error TS17004: Cannot use JSX unless the '--jsx' flag is provided.
frontend/src/widgets/assign-sponsor-dialog/index.tsx(103,21): error TS17004: Cannot use JSX unless the '--jsx' flag is provided.
frontend/src/widgets/assign-sponsor-dialog/index.tsx(108,13): error TS17004: Cannot use JSX unless the '--jsx' flag is provided.
frontend/src/widgets/assign-sponsor-dialog/index.tsx(109,15): error TS17004: Cannot use JSX unless the '--jsx' flag is provided.
frontend/src/widgets/assign-sponsor-dialog/index.tsx(116,15): error TS17004: Cannot use JSX unless the '--jsx' flag is provided.
frontend/src/widgets/assign-sponsor-dialog/index.tsx(118,19): error TS17004: Cannot use JSX unless the '--jsx' flag is provided.
frontend/src/widgets/cart-dialog/index.tsx(4,24): error TS2307: Cannot find module '@/shared/ui/button' or its corresponding type declarations.
frontend/src/widgets/cart-dialog/index.tsx(12,8): error TS2307: Cannot find module '@/shared/ui/dialog' or its corresponding type declarations.
frontend/src/widgets/cart-dialog/index.tsx(13,25): error TS2307: Cannot find module '@/shared/context/cart-provider' or its corresponding type declarations.
frontend/src/widgets/cart-dialog/index.tsx(14,30): error TS2307: Cannot find module '@/shared/context/pd-provider' or its corresponding type declarations.
frontend/src/widgets/cart-dialog/index.tsx(15,30): error TS2307: Cannot find module '@/shared/context/inventory-provider' or its corresponding type declarations.
frontend/src/widgets/cart-dialog/index.tsx(16,26): error TS2307: Cannot find module '@/shared/hooks/use-toast' or its corresponding type declarations.
frontend/src/widgets/cart-dialog/index.tsx(19,28): error TS2307: Cannot find module '@/shared/ui/scroll-area' or its corresponding type declarations.
frontend/src/widgets/cart-dialog/index.tsx(20,23): error TS2307: Cannot find module '@/shared/ui/input' or its corresponding type declarations.
frontend/src/widgets/cart-dialog/index.tsx(84,5): error TS17004: Cannot use JSX unless the '--jsx' flag is provided.
frontend/src/widgets/cart-dialog/index.tsx(85,7): error TS17004: Cannot use JSX unless the '--jsx' flag is provided.
frontend/src/widgets/cart-dialog/index.tsx(86,9): error TS17004: Cannot use JSX unless the '--jsx' flag is provided.
frontend/src/widgets/cart-dialog/index.tsx(87,11): error TS17004: Cannot use JSX unless the '--jsx' flag is provided.
frontend/src/widgets/cart-dialog/index.tsx(88,13): error TS17004: Cannot use JSX unless the '--jsx' flag is provided.
frontend/src/widgets/cart-dialog/index.tsx(90,11): error TS17004: Cannot use JSX unless the '--jsx' flag is provided.
frontend/src/widgets/cart-dialog/index.tsx(94,9): error TS17004: Cannot use JSX unless the '--jsx' flag is provided.
frontend/src/widgets/cart-dialog/index.tsx(95,11): error TS17004: Cannot use JSX unless the '--jsx' flag is provided.
frontend/src/widgets/cart-dialog/index.tsx(97,15): error TS17004: Cannot use JSX unless the '--jsx' flag is provided.
frontend/src/widgets/cart-dialog/index.tsx(102,17): error TS17004: Cannot use JSX unless the '--jsx' flag is provided.
frontend/src/widgets/cart-dialog/index.tsx(103,19): error TS17004: Cannot use JSX unless the '--jsx' flag is provided.
frontend/src/widgets/cart-dialog/index.tsx(111,19): error TS17004: Cannot use JSX unless the '--jsx' flag is provided.
frontend/src/widgets/cart-dialog/index.tsx(112,21): error TS17004: Cannot use JSX unless the '--jsx' flag is provided.
frontend/src/widgets/cart-dialog/index.tsx(113,21): error TS17004: Cannot use JSX unless the '--jsx' flag is provided.
frontend/src/widgets/cart-dialog/index.tsx(114,23): error TS17004: Cannot use JSX unless the '--jsx' flag is provided.
frontend/src/widgets/cart-dialog/index.tsx(116,25): error TS17004: Cannot use JSX unless the '--jsx' flag is provided.
frontend/src/widgets/cart-dialog/index.tsx(118,25): error TS17004: Cannot use JSX unless the '--jsx' flag is provided.
frontend/src/widgets/cart-dialog/index.tsx(122,19): error TS17004: Cannot use JSX unless the '--jsx' flag is provided.
frontend/src/widgets/cart-dialog/index.tsx(123,21): error TS17004: Cannot use JSX unless the '--jsx' flag is provided.
frontend/src/widgets/cart-dialog/index.tsx(132,21): error TS17004: Cannot use JSX unless the '--jsx' flag is provided.
frontend/src/widgets/cart-dialog/index.tsx(137,23): error TS17004: Cannot use JSX unless the '--jsx' flag is provided.
frontend/src/widgets/cart-dialog/index.tsx(146,11): error TS17004: Cannot use JSX unless the '--jsx' flag is provided.
frontend/src/widgets/cart-dialog/index.tsx(147,13): error TS17004: Cannot use JSX unless the '--jsx' flag is provided.
frontend/src/widgets/cart-dialog/index.tsx(148,15): error TS17004: Cannot use JSX unless the '--jsx' flag is provided.
frontend/src/widgets/cart-dialog/index.tsx(149,15): error TS17004: Cannot use JSX unless the '--jsx' flag is provided.
frontend/src/widgets/cart-dialog/index.tsx(156,13): error TS17004: Cannot use JSX unless the '--jsx' flag is provided.
frontend/src/widgets/cart-dialog/index.tsx(161,9): error TS17004: Cannot use JSX unless the '--jsx' flag is provided.
frontend/src/widgets/cart-dialog/index.tsx(162,11): error TS17004: Cannot use JSX unless the '--jsx' flag is provided.
frontend/src/widgets/cart-dialog/index.tsx(165,11): error TS17004: Cannot use JSX unless the '--jsx' flag is provided.
frontend/src/widgets/cart-dialog/index.tsx(170,15): error TS17004: Cannot use JSX unless the '--jsx' flag is provided.
frontend/src/widgets/cart-dialog/index.tsx(172,15): error TS17004: Cannot use JSX unless the '--jsx' flag is provided.
frontend/src/widgets/challenge-card/index.tsx(9,8): error TS2307: Cannot find module '@/shared/ui/card' or its corresponding type declarations.
frontend/src/widgets/challenge-card/index.tsx(10,24): error TS2307: Cannot find module '@/shared/ui/button' or its corresponding type declarations.
frontend/src/widgets/challenge-card/index.tsx(11,23): error TS2307: Cannot find module '@/shared/ui/badge' or its corresponding type declarations.
frontend/src/widgets/challenge-card/index.tsx(12,53): error TS2307: Cannot find module '@/shared/ui/avatar' or its corresponding type declarations.
frontend/src/widgets/challenge-card/index.tsx(14,32): error TS2307: Cannot find module '@/entities/challenge/model/types' or its corresponding type declarations.
frontend/src/widgets/challenge-card/index.tsx(15,20): error TS2307: Cannot find module '@/shared/lib/utils' or its corresponding type declarations.
frontend/src/widgets/challenge-card/index.tsx(21,8): error TS2307: Cannot find module '@/shared/ui/tooltip' or its corresponding type declarations.
frontend/src/widgets/challenge-card/index.tsx(47,5): error TS17004: Cannot use JSX unless the '--jsx' flag is provided.
frontend/src/widgets/challenge-card/index.tsx(48,7): error TS17004: Cannot use JSX unless the '--jsx' flag is provided.
frontend/src/widgets/challenge-card/index.tsx(49,9): error TS17004: Cannot use JSX unless the '--jsx' flag is provided.
frontend/src/widgets/challenge-card/index.tsx(50,11): error TS17004: Cannot use JSX unless the '--jsx' flag is provided.
frontend/src/widgets/challenge-card/index.tsx(51,11): error TS17004: Cannot use JSX unless the '--jsx' flag is provided.
frontend/src/widgets/challenge-card/index.tsx(53,9): error TS17004: Cannot use JSX unless the '--jsx' flag is provided.
frontend/src/widgets/challenge-card/index.tsx(54,11): error TS17004: Cannot use JSX unless the '--jsx' flag is provided.
frontend/src/widgets/challenge-card/index.tsx(55,13): error TS17004: Cannot use JSX unless the '--jsx' flag is provided.
frontend/src/widgets/challenge-card/index.tsx(59,13): error TS17004: Cannot use JSX unless the '--jsx' flag is provided.
frontend/src/widgets/challenge-card/index.tsx(61,11): error TS17004: Cannot use JSX unless the '--jsx' flag is provided.
frontend/src/widgets/challenge-card/index.tsx(64,7): error TS17004: Cannot use JSX unless the '--jsx' flag is provided.
frontend/src/widgets/challenge-card/index.tsx(65,9): error TS17004: Cannot use JSX unless the '--jsx' flag is provided.
frontend/src/widgets/challenge-card/index.tsx(68,11): error TS17004: Cannot use JSX unless the '--jsx' flag is provided.
frontend/src/widgets/challenge-card/index.tsx(69,13): error TS17004: Cannot use JSX unless the '--jsx' flag is provided.
frontend/src/widgets/challenge-card/index.tsx(70,15): error TS17004: Cannot use JSX unless the '--jsx' flag is provided.
frontend/src/widgets/challenge-card/index.tsx(72,13): error TS17004: Cannot use JSX unless the '--jsx' flag is provided.
frontend/src/widgets/challenge-card/index.tsx(73,13): error TS17004: Cannot use JSX unless the '--jsx' flag is provided.
frontend/src/widgets/challenge-card/index.tsx(74,15): error TS17004: Cannot use JSX unless the '--jsx' flag is provided.
frontend/src/widgets/challenge-card/index.tsx(79,11): error TS17004: Cannot use JSX unless the '--jsx' flag is provided.
frontend/src/widgets/challenge-card/index.tsx(80,13): error TS17004: Cannot use JSX unless the '--jsx' flag is provided.
frontend/src/widgets/challenge-card/index.tsx(84,7): error TS17004: Cannot use JSX unless the '--jsx' flag is provided.
frontend/src/widgets/challenge-card/index.tsx(85,9): error TS17004: Cannot use JSX unless the '--jsx' flag is provided.
frontend/src/widgets/challenge-card/index.tsx(86,11): error TS17004: Cannot use JSX unless the '--jsx' flag is provided.
frontend/src/widgets/challenge-card/index.tsx(87,11): error TS17004: Cannot use JSX unless the '--jsx' flag is provided.
frontend/src/widgets/challenge-card/index.tsx(91,13): error TS17004: Cannot use JSX unless the '--jsx' flag is provided.
frontend/src/widgets/challenge-card/index.tsx(92,15): error TS17004: Cannot use JSX unless the '--jsx' flag is provided.
frontend/src/widgets/challenge-card/index.tsx(96,13): error TS17004: Cannot use JSX unless the '--jsx' flag is provided.
frontend/src/widgets/challenge-card/index.tsx(97,15): error TS17004: Cannot use JSX unless the '--jsx' flag is provided.
frontend/src/widgets/challenge-card/index.tsx(98,17): error TS17004: Cannot use JSX unless the '--jsx' flag is provided.
frontend/src/widgets/challenge-card/index.tsx(99,19): error TS17004: Cannot use JSX unless the '--jsx' flag is provided.
frontend/src/widgets/challenge-card/index.tsx(100,21): error TS17004: Cannot use JSX unless the '--jsx' flag is provided.
frontend/src/widgets/challenge-card/index.tsx(104,17): error TS17004: Cannot use JSX unless the '--jsx' flag is provided.
frontend/src/widgets/challenge-card/index.tsx(105,19): error TS17004: Cannot use JSX unless the '--jsx' flag is provided.
frontend/src/widgets/challenge-card/index.tsx(111,11): error TS17004: Cannot use JSX unless the '--jsx' flag is provided.
frontend/src/widgets/challenge-card/index.tsx(112,13): error TS17004: Cannot use JSX unless the '--jsx' flag is provided.
frontend/src/widgets/challenge-create-dialog/index.tsx(14,8): error TS2307: Cannot find module '@/shared/ui/dialog' or its corresponding type declarations.
frontend/src/widgets/challenge-create-dialog/index.tsx(22,8): error TS2307: Cannot find module '@/shared/ui/form' or its corresponding type declarations.
frontend/src/widgets/challenge-create-dialog/index.tsx(23,23): error TS2307: Cannot find module '@/shared/ui/input' or its corresponding type declarations.
frontend/src/widgets/challenge-create-dialog/index.tsx(24,24): error TS2307: Cannot find module '@/shared/ui/button' or its corresponding type declarations.
frontend/src/widgets/challenge-create-dialog/index.tsx(25,26): error TS2307: Cannot find module '@/shared/ui/textarea' or its corresponding type declarations.
frontend/src/widgets/challenge-create-dialog/index.tsx(32,8): error TS2307: Cannot find module '@/shared/ui/select' or its corresponding type declarations.
frontend/src/widgets/challenge-create-dialog/index.tsx(34,39): error TS2307: Cannot find module '@/entities/sport/api/sports' or its corresponding type declarations.
frontend/src/widgets/challenge-create-dialog/index.tsx(35,42): error TS2307: Cannot find module '@/entities/challenge/api/challenges' or its corresponding type declarations.
frontend/src/widgets/challenge-create-dialog/index.tsx(99,5): error TS17004: Cannot use JSX unless the '--jsx' flag is provided.
frontend/src/widgets/challenge-create-dialog/index.tsx(100,7): error TS17004: Cannot use JSX unless the '--jsx' flag is provided.
frontend/src/widgets/challenge-create-dialog/index.tsx(101,9): error TS17004: Cannot use JSX unless the '--jsx' flag is provided.
frontend/src/widgets/challenge-create-dialog/index.tsx(102,11): error TS17004: Cannot use JSX unless the '--jsx' flag is provided.
frontend/src/widgets/challenge-create-dialog/index.tsx(103,13): error TS17004: Cannot use JSX unless the '--jsx' flag is provided.
frontend/src/widgets/challenge-create-dialog/index.tsx(104,15): error TS17004: Cannot use JSX unless the '--jsx' flag is provided.
frontend/src/widgets/challenge-create-dialog/index.tsx(105,15): error TS17004: Cannot use JSX unless the '--jsx' flag is provided.
frontend/src/widgets/challenge-create-dialog/index.tsx(110,13): error TS17004: Cannot use JSX unless the '--jsx' flag is provided.
frontend/src/widgets/challenge-create-dialog/index.tsx(111,15): error TS17004: Cannot use JSX unless the '--jsx' flag is provided.
frontend/src/widgets/challenge-create-dialog/index.tsx(115,19): error TS17004: Cannot use JSX unless the '--jsx' flag is provided.
frontend/src/widgets/challenge-create-dialog/index.tsx(116,21): error TS17004: Cannot use JSX unless the '--jsx' flag is provided.
frontend/src/widgets/challenge-create-dialog/index.tsx(117,21): error TS17004: Cannot use JSX unless the '--jsx' flag is provided.
frontend/src/widgets/challenge-create-dialog/index.tsx(118,23): error TS17004: Cannot use JSX unless the '--jsx' flag is provided.
frontend/src/widgets/challenge-create-dialog/index.tsx(120,21): error TS17004: Cannot use JSX unless the '--jsx' flag is provided.
frontend/src/widgets/challenge-create-dialog/index.tsx(124,15): error TS17004: Cannot use JSX unless the '--jsx' flag is provided.
frontend/src/widgets/challenge-create-dialog/index.tsx(128,19): error TS17004: Cannot use JSX unless the '--jsx' flag is provided.
frontend/src/widgets/challenge-create-dialog/index.tsx(129,21): error TS17004: Cannot use JSX unless the '--jsx' flag is provided.
frontend/src/widgets/challenge-create-dialog/index.tsx(130,21): error TS17004: Cannot use JSX unless the '--jsx' flag is provided.
frontend/src/widgets/challenge-create-dialog/index.tsx(134,23): error TS17004: Cannot use JSX unless the '--jsx' flag is provided.
frontend/src/widgets/challenge-create-dialog/index.tsx(135,25): error TS17004: Cannot use JSX unless the '--jsx' flag is provided.
frontend/src/widgets/challenge-create-dialog/index.tsx(136,27): error TS17004: Cannot use JSX unless the '--jsx' flag is provided.
frontend/src/widgets/challenge-create-dialog/index.tsx(139,23): error TS17004: Cannot use JSX unless the '--jsx' flag is provided.
frontend/src/widgets/challenge-create-dialog/index.tsx(141,27): error TS17004: Cannot use JSX unless the '--jsx' flag is provided.
frontend/src/widgets/challenge-create-dialog/index.tsx(147,21): error TS17004: Cannot use JSX unless the '--jsx' flag is provided.
frontend/src/widgets/challenge-create-dialog/index.tsx(151,15): error TS17004: Cannot use JSX unless the '--jsx' flag is provided.
frontend/src/widgets/challenge-create-dialog/index.tsx(155,19): error TS17004: Cannot use JSX unless the '--jsx' flag is provided.
frontend/src/widgets/challenge-create-dialog/index.tsx(156,21): error TS17004: Cannot use JSX unless the '--jsx' flag is provided.
frontend/src/widgets/challenge-create-dialog/index.tsx(157,21): error TS17004: Cannot use JSX unless the '--jsx' flag is provided.
frontend/src/widgets/challenge-create-dialog/index.tsx(158,23): error TS17004: Cannot use JSX unless the '--jsx' flag is provided.
frontend/src/widgets/challenge-create-dialog/index.tsx(160,21): error TS17004: Cannot use JSX unless the '--jsx' flag is provided.
frontend/src/widgets/challenge-create-dialog/index.tsx(164,15): error TS17004: Cannot use JSX unless the '--jsx' flag is provided.
frontend/src/widgets/challenge-create-dialog/index.tsx(168,19): error TS17004: Cannot use JSX unless the '--jsx' flag is provided.
frontend/src/widgets/challenge-create-dialog/index.tsx(169,21): error TS17004: Cannot use JSX unless the '--jsx' flag is provided.
frontend/src/widgets/challenge-create-dialog/index.tsx(170,21): error TS17004: Cannot use JSX unless the '--jsx' flag is provided.
frontend/src/widgets/challenge-create-dialog/index.tsx(171,23): error TS17004: Cannot use JSX unless the '--jsx' flag is provided.
frontend/src/widgets/challenge-create-dialog/index.tsx(176,21): error TS17004: Cannot use JSX unless the '--jsx' flag is provided.
frontend/src/widgets/challenge-create-dialog/index.tsx(181,13): error TS17004: Cannot use JSX unless the '--jsx' flag is provided.
frontend/src/widgets/challenge-create-dialog/index.tsx(182,15): error TS17004: Cannot use JSX unless the '--jsx' flag is provided.
frontend/src/widgets/challenge-create-dialog/index.tsx(189,15): error TS17004: Cannot use JSX unless the '--jsx' flag is provided.
frontend/src/widgets/challenge-create-dialog/index.tsx(191,19): error TS17004: Cannot use JSX unless the '--jsx' flag is provided.
frontend/src/widgets/challenges-board/index.tsx(3,58): error TS2307: Cannot find module '@/shared/ui/tabs' or its corresponding type declarations.
frontend/src/widgets/challenges-board/index.tsx(4,32): error TS2307: Cannot find module '@/entities/challenge/model/types' or its corresponding type declarations.
frontend/src/widgets/challenges-board/index.tsx(5,27): error TS2307: Cannot find module '@/shared/lib/types' or its corresponding type declarations.
frontend/src/widgets/challenges-board/index.tsx(6,31): error TS2307: Cannot find module '@/widgets/challenge-card' or its corresponding type declarations.
frontend/src/widgets/challenges-board/index.tsx(24,5): error TS17004: Cannot use JSX unless the '--jsx' flag is provided.
frontend/src/widgets/challenges-board/index.tsx(25,7): error TS17004: Cannot use JSX unless the '--jsx' flag is provided.
frontend/src/widgets/challenges-board/index.tsx(26,9): error TS17004: Cannot use JSX unless the '--jsx' flag is provided.
frontend/src/widgets/challenges-board/index.tsx(27,9): error TS17004: Cannot use JSX unless the '--jsx' flag is provided.
frontend/src/widgets/challenges-board/index.tsx(28,9): error TS17004: Cannot use JSX unless the '--jsx' flag is provided.
frontend/src/widgets/challenges-board/index.tsx(30,7): error TS17004: Cannot use JSX unless the '--jsx' flag is provided.
frontend/src/widgets/challenges-board/index.tsx(31,9): error TS17004: Cannot use JSX unless the '--jsx' flag is provided.
frontend/src/widgets/challenges-board/index.tsx(34,15): error TS17004: Cannot use JSX unless the '--jsx' flag is provided.
frontend/src/widgets/challenges-board/index.tsx(42,13): error TS17004: Cannot use JSX unless the '--jsx' flag is provided.
frontend/src/widgets/challenges-board/index.tsx(48,7): error TS17004: Cannot use JSX unless the '--jsx' flag is provided.
frontend/src/widgets/challenges-board/index.tsx(49,9): error TS17004: Cannot use JSX unless the '--jsx' flag is provided.
frontend/src/widgets/challenges-board/index.tsx(51,37): error TS17004: Cannot use JSX unless the '--jsx' flag is provided.
frontend/src/widgets/challenges-board/index.tsx(53,13): error TS17004: Cannot use JSX unless the '--jsx' flag is provided.
frontend/src/widgets/challenges-board/index.tsx(59,7): error TS17004: Cannot use JSX unless the '--jsx' flag is provided.
frontend/src/widgets/challenges-board/index.tsx(60,9): error TS17004: Cannot use JSX unless the '--jsx' flag is provided.
frontend/src/widgets/challenges-board/index.tsx(62,32): error TS17004: Cannot use JSX unless the '--jsx' flag is provided.
frontend/src/widgets/challenges-board/index.tsx(64,13): error TS17004: Cannot use JSX unless the '--jsx' flag is provided.
frontend/src/widgets/chat-contact-list/index.tsx(10,8): error TS2307: Cannot find module '@/shared/ui/card' or its corresponding type declarations.
frontend/src/widgets/chat-contact-list/index.tsx(11,53): error TS2307: Cannot find module '@/shared/ui/avatar' or its corresponding type declarations.
frontend/src/widgets/chat-contact-list/index.tsx(12,28): error TS2307: Cannot find module '@/shared/ui/scroll-area' or its corresponding type declarations.
frontend/src/widgets/chat-contact-list/index.tsx(13,20): error TS2307: Cannot find module '@/shared/lib/utils' or its corresponding type declarations.
frontend/src/widgets/chat-contact-list/index.tsx(14,26): error TS2307: Cannot find module '@/entities/chat/api/chats' or its corresponding type declarations.
frontend/src/widgets/chat-contact-list/index.tsx(15,26): error TS2307: Cannot find module '@/shared/ui/skeleton' or its corresponding type declarations.
frontend/src/widgets/chat-contact-list/index.tsx(17,34): error TS2307: Cannot find module '@/entities/chat/model/types' or its corresponding type declarations.
frontend/src/widgets/chat-contact-list/index.tsx(57,5): error TS17004: Cannot use JSX unless the '--jsx' flag is provided.
frontend/src/widgets/chat-contact-list/index.tsx(58,7): error TS17004: Cannot use JSX unless the '--jsx' flag is provided.
frontend/src/widgets/chat-contact-list/index.tsx(59,9): error TS17004: Cannot use JSX unless the '--jsx' flag is provided.
frontend/src/widgets/chat-contact-list/index.tsx(60,9): error TS17004: Cannot use JSX unless the '--jsx' flag is provided.
frontend/src/widgets/chat-contact-list/index.tsx(62,7): error TS17004: Cannot use JSX unless the '--jsx' flag is provided.
frontend/src/widgets/chat-contact-list/index.tsx(63,9): error TS17004: Cannot use JSX unless the '--jsx' flag is provided.
frontend/src/widgets/chat-contact-list/index.tsx(64,11): error TS17004: Cannot use JSX unless the '--jsx' flag is provided.
frontend/src/widgets/chat-contact-list/index.tsx(66,15): error TS17004: Cannot use JSX unless the '--jsx' flag is provided.
frontend/src/widgets/chat-contact-list/index.tsx(67,17): error TS17004: Cannot use JSX unless the '--jsx' flag is provided.
frontend/src/widgets/chat-contact-list/index.tsx(68,17): error TS17004: Cannot use JSX unless the '--jsx' flag is provided.
frontend/src/widgets/chat-contact-list/index.tsx(69,17): error TS17004: Cannot use JSX unless the '--jsx' flag is provided.
frontend/src/widgets/chat-contact-list/index.tsx(73,17): error TS17004: Cannot use JSX unless the '--jsx' flag is provided.
frontend/src/widgets/chat-contact-list/index.tsx(81,19): error TS17004: Cannot use JSX unless the '--jsx' flag is provided.
frontend/src/widgets/chat-contact-list/index.tsx(82,21): error TS17004: Cannot use JSX unless the '--jsx' flag is provided.
frontend/src/widgets/chat-contact-list/index.tsx(86,21): error TS17004: Cannot use JSX unless the '--jsx' flag is provided.
frontend/src/widgets/chat-contact-list/index.tsx(88,25): error TS17004: Cannot use JSX unless the '--jsx' flag is provided.
frontend/src/widgets/chat-contact-list/index.tsx(94,23): error TS17004: Cannot use JSX unless the '--jsx' flag is provided.
frontend/src/widgets/chat-contact-list/index.tsx(97,19): error TS17004: Cannot use JSX unless the '--jsx' flag is provided.
frontend/src/widgets/chat-contact-list/index.tsx(98,21): error TS17004: Cannot use JSX unless the '--jsx' flag is provided.
frontend/src/widgets/chat-contact-list/index.tsx(99,21): error TS17004: Cannot use JSX unless the '--jsx' flag is provided.
frontend/src/widgets/chat-window/index.tsx(4,58): error TS2307: Cannot find module '@/shared/ui/card' or its corresponding type declarations.
frontend/src/widgets/chat-window/index.tsx(5,53): error TS2307: Cannot find module '@/shared/ui/avatar' or its corresponding type declarations.
frontend/src/widgets/chat-window/index.tsx(6,23): error TS2307: Cannot find module '@/shared/ui/input' or its corresponding type declarations.
frontend/src/widgets/chat-window/index.tsx(7,24): error TS2307: Cannot find module '@/shared/ui/button' or its corresponding type declarations.
frontend/src/widgets/chat-window/index.tsx(8,28): error TS2307: Cannot find module '@/shared/ui/scroll-area' or its corresponding type declarations.
frontend/src/widgets/chat-window/index.tsx(10,20): error TS2307: Cannot find module '@/shared/lib/utils' or its corresponding type declarations.
frontend/src/widgets/chat-window/index.tsx(11,28): error TS2307: Cannot find module '@/shared/lib/session/client' or its corresponding type declarations.
frontend/src/widgets/chat-window/index.tsx(12,30): error TS2307: Cannot find module '@/shared/api/genkit/flows/suggest-reply-flow' or its corresponding type declarations.
frontend/src/widgets/chat-window/index.tsx(13,32): error TS2307: Cannot find module '@/shared/api/genkit/flows/team-chatbot-flow' or its corresponding type declarations.
frontend/src/widgets/chat-window/index.tsx(15,32): error TS2307: Cannot find module '@/entities/chat/api/get-chat-history' or its corresponding type declarations.
frontend/src/widgets/chat-window/index.tsx(16,26): error TS2307: Cannot find module '@/shared/ui/skeleton' or its corresponding type declarations.
frontend/src/widgets/chat-window/index.tsx(17,47): error TS2307: Cannot find module '@/entities/chat/model/types' or its corresponding type declarations.
frontend/src/widgets/chat-window/index.tsx(214,5): error TS17004: Cannot use JSX unless the '--jsx' flag is provided.
frontend/src/widgets/chat-window/index.tsx(215,7): error TS17004: Cannot use JSX unless the '--jsx' flag is provided.
frontend/src/widgets/chat-window/index.tsx(216,9): error TS17004: Cannot use JSX unless the '--jsx' flag is provided.
frontend/src/widgets/chat-window/index.tsx(217,11): error TS17004: Cannot use JSX unless the '--jsx' flag is provided.
frontend/src/widgets/chat-window/index.tsx(218,13): error TS17004: Cannot use JSX unless the '--jsx' flag is provided.
frontend/src/widgets/chat-window/index.tsx(219,13): error TS17004: Cannot use JSX unless the '--jsx' flag is provided.
frontend/src/widgets/chat-window/index.tsx(221,17): error TS17004: Cannot use JSX unless the '--jsx' flag is provided.
frontend/src/widgets/chat-window/index.tsx(227,11): error TS17004: Cannot use JSX unless the '--jsx' flag is provided.
frontend/src/widgets/chat-window/index.tsx(229,9): error TS17004: Cannot use JSX unless the '--jsx' flag is provided.
frontend/src/widgets/chat-window/index.tsx(236,13): error TS17004: Cannot use JSX unless the '--jsx' flag is provided.
frontend/src/widgets/chat-window/index.tsx(238,13): error TS17004: Cannot use JSX unless the '--jsx' flag is provided.
frontend/src/widgets/chat-window/index.tsx(240,11): error TS17004: Cannot use JSX unless the '--jsx' flag is provided.
frontend/src/widgets/chat-window/index.tsx(243,7): error TS17004: Cannot use JSX unless the '--jsx' flag is provided.
frontend/src/widgets/chat-window/index.tsx(244,9): error TS17004: Cannot use JSX unless the '--jsx' flag is provided.
frontend/src/widgets/chat-window/index.tsx(245,11): error TS17004: Cannot use JSX unless the '--jsx' flag is provided.
frontend/src/widgets/chat-window/index.tsx(247,15): error TS17004: Cannot use JSX unless the '--jsx' flag is provided.
frontend/src/widgets/chat-window/index.tsx(248,17): error TS17004: Cannot use JSX unless the '--jsx' flag is provided.
frontend/src/widgets/chat-window/index.tsx(249,19): error TS17004: Cannot use JSX unless the '--jsx' flag is provided.
frontend/src/widgets/chat-window/index.tsx(250,19): error TS17004: Cannot use JSX unless the '--jsx' flag is provided.
frontend/src/widgets/chat-window/index.tsx(252,17): error TS17004: Cannot use JSX unless the '--jsx' flag is provided.
frontend/src/widgets/chat-window/index.tsx(253,19): error TS17004: Cannot use JSX unless the '--jsx' flag is provided.
frontend/src/widgets/chat-window/index.tsx(254,19): error TS17004: Cannot use JSX unless the '--jsx' flag is provided.
frontend/src/widgets/chat-window/index.tsx(256,17): error TS17004: Cannot use JSX unless the '--jsx' flag is provided.
frontend/src/widgets/chat-window/index.tsx(257,19): error TS17004: Cannot use JSX unless the '--jsx' flag is provided.
frontend/src/widgets/chat-window/index.tsx(258,19): error TS17004: Cannot use JSX unless the '--jsx' flag is provided.
frontend/src/widgets/chat-window/index.tsx(263,17): error TS17004: Cannot use JSX unless the '--jsx' flag is provided.
frontend/src/widgets/chat-window/index.tsx(271,21): error TS17004: Cannot use JSX unless the '--jsx' flag is provided.
frontend/src/widgets/chat-window/index.tsx(273,25): error TS17004: Cannot use JSX unless the '--jsx' flag is provided.
frontend/src/widgets/chat-window/index.tsx(274,27): error TS17004: Cannot use JSX unless the '--jsx' flag is provided.
frontend/src/widgets/chat-window/index.tsx(277,25): error TS17004: Cannot use JSX unless the '--jsx' flag is provided.
frontend/src/widgets/chat-window/index.tsx(279,23): error TS17004: Cannot use JSX unless the '--jsx' flag is provided.
frontend/src/widgets/chat-window/index.tsx(284,19): error TS17004: Cannot use JSX unless the '--jsx' flag is provided.
frontend/src/widgets/chat-window/index.tsx(287,23): error TS17004: Cannot use JSX unless the '--jsx' flag is provided.
frontend/src/widgets/chat-window/index.tsx(291,21): error TS17004: Cannot use JSX unless the '--jsx' flag is provided.
frontend/src/widgets/chat-window/index.tsx(300,25): error TS17004: Cannot use JSX unless the '--jsx' flag is provided.
frontend/src/widgets/chat-window/index.tsx(301,27): error TS17004: Cannot use JSX unless the '--jsx' flag is provided.
frontend/src/widgets/chat-window/index.tsx(302,27): error TS17004: Cannot use JSX unless the '--jsx' flag is provided.
frontend/src/widgets/chat-window/index.tsx(305,25): error TS17004: Cannot use JSX unless the '--jsx' flag is provided.
frontend/src/widgets/chat-window/index.tsx(310,21): error TS17004: Cannot use JSX unless the '--jsx' flag is provided.
frontend/src/widgets/chat-window/index.tsx(311,23): error TS17004: Cannot use JSX unless the '--jsx' flag is provided.
frontend/src/widgets/chat-window/index.tsx(315,23): error TS17004: Cannot use JSX unless the '--jsx' flag is provided.
frontend/src/widgets/chat-window/index.tsx(323,13): error TS17004: Cannot use JSX unless the '--jsx' flag is provided.
frontend/src/widgets/chat-window/index.tsx(327,7): error TS17004: Cannot use JSX unless the '--jsx' flag is provided.
frontend/src/widgets/chat-window/index.tsx(329,11): error TS17004: Cannot use JSX unless the '--jsx' flag is provided.
frontend/src/widgets/chat-window/index.tsx(331,15): error TS17004: Cannot use JSX unless the '--jsx' flag is provided.
frontend/src/widgets/chat-window/index.tsx(345,9): error TS17004: Cannot use JSX unless the '--jsx' flag is provided.
frontend/src/widgets/chat-window/index.tsx(346,11): error TS17004: Cannot use JSX unless the '--jsx' flag is provided.
frontend/src/widgets/chat-window/index.tsx(353,11): error TS17004: Cannot use JSX unless the '--jsx' flag is provided.
frontend/src/widgets/chat-window/index.tsx(354,13): error TS17004: Cannot use JSX unless the '--jsx' flag is provided.
frontend/src/widgets/coach-finder/index.tsx(11,8): error TS2307: Cannot find module '@/shared/ui/card' or its corresponding type declarations.
frontend/src/widgets/coach-finder/index.tsx(12,24): error TS2307: Cannot find module '@/shared/ui/button' or its corresponding type declarations.
frontend/src/widgets/coach-finder/index.tsx(13,53): error TS2307: Cannot find module '@/shared/ui/avatar' or its corresponding type declarations.
frontend/src/widgets/coach-finder/index.tsx(16,26): error TS2307: Cannot find module '@/shared/hooks/use-toast' or its corresponding type declarations.
frontend/src/widgets/coach-finder/index.tsx(17,26): error TS2307: Cannot find module '@/shared/ui/textarea' or its corresponding type declarations.
frontend/src/widgets/coach-finder/index.tsx(21,8): error TS2307: Cannot find module '@/shared/api/genkit/flows/find-coaches-flow' or its corresponding type declarations.
frontend/src/widgets/coach-finder/index.tsx(23,53): error TS2307: Cannot find module '@/shared/ui/alert' or its corresponding type declarations.
frontend/src/widgets/coach-finder/index.tsx(24,26): error TS2307: Cannot find module '@/shared/ui/skeleton' or its corresponding type declarations.
frontend/src/widgets/coach-finder/index.tsx(25,27): error TS2307: Cannot find module '@/shared/ui/separator' or its corresponding type declarations.
frontend/src/widgets/coach-finder/index.tsx(45,5): error TS17004: Cannot use JSX unless the '--jsx' flag is provided.
frontend/src/widgets/coach-finder/index.tsx(46,7): error TS17004: Cannot use JSX unless the '--jsx' flag is provided.
frontend/src/widgets/coach-finder/index.tsx(47,9): error TS17004: Cannot use JSX unless the '--jsx' flag is provided.
frontend/src/widgets/coach-finder/index.tsx(48,11): error TS17004: Cannot use JSX unless the '--jsx' flag is provided.
frontend/src/widgets/coach-finder/index.tsx(53,11): error TS17004: Cannot use JSX unless the '--jsx' flag is provided.
frontend/src/widgets/coach-finder/index.tsx(55,9): error TS17004: Cannot use JSX unless the '--jsx' flag is provided.
frontend/src/widgets/coach-finder/index.tsx(56,11): error TS17004: Cannot use JSX unless the '--jsx' flag is provided.
frontend/src/widgets/coach-finder/index.tsx(57,13): error TS17004: Cannot use JSX unless the '--jsx' flag is provided.
frontend/src/widgets/coach-finder/index.tsx(61,11): error TS17004: Cannot use JSX unless the '--jsx' flag is provided.
frontend/src/widgets/coach-finder/index.tsx(62,11): error TS17004: Cannot use JSX unless the '--jsx' flag is provided.
frontend/src/widgets/coach-finder/index.tsx(63,13): error TS17004: Cannot use JSX unless the '--jsx' flag is provided.
frontend/src/widgets/coach-finder/index.tsx(64,13): error TS17004: Cannot use JSX unless the '--jsx' flag is provided.
frontend/src/widgets/coach-finder/index.tsx(65,13): error TS17004: Cannot use JSX unless the '--jsx' flag is provided.
frontend/src/widgets/coach-finder/index.tsx(69,7): error TS17004: Cannot use JSX unless the '--jsx' flag is provided.
frontend/src/widgets/coach-finder/index.tsx(70,9): error TS17004: Cannot use JSX unless the '--jsx' flag is provided.
frontend/src/widgets/coach-finder/index.tsx(71,11): error TS17004: Cannot use JSX unless the '--jsx' flag is provided.
frontend/src/widgets/coach-finder/index.tsx(72,11): error TS17004: Cannot use JSX unless the '--jsx' flag is provided.
frontend/src/widgets/coach-finder/index.tsx(73,11): error TS17004: Cannot use JSX unless the '--jsx' flag is provided.
frontend/src/widgets/coach-finder/index.tsx(76,7): error TS17004: Cannot use JSX unless the '--jsx' flag is provided.
frontend/src/widgets/coach-finder/index.tsx(77,9): error TS17004: Cannot use JSX unless the '--jsx' flag is provided.
frontend/src/widgets/coach-finder/index.tsx(78,11): error TS17004: Cannot use JSX unless the '--jsx' flag is provided.
frontend/src/widgets/coach-finder/index.tsx(121,5): error TS17004: Cannot use JSX unless the '--jsx' flag is provided.
frontend/src/widgets/coach-finder/index.tsx(122,7): error TS17004: Cannot use JSX unless the '--jsx' flag is provided.
frontend/src/widgets/coach-finder/index.tsx(123,9): error TS17004: Cannot use JSX unless the '--jsx' flag is provided.
frontend/src/widgets/coach-finder/index.tsx(124,11): error TS17004: Cannot use JSX unless the '--jsx' flag is provided.
frontend/src/widgets/coach-finder/index.tsx(125,13): error TS17004: Cannot use JSX unless the '--jsx' flag is provided.
frontend/src/widgets/coach-finder/index.tsx(127,11): error TS17004: Cannot use JSX unless the '--jsx' flag is provided.
frontend/src/widgets/coach-finder/index.tsx(132,9): error TS17004: Cannot use JSX unless the '--jsx' flag is provided.
frontend/src/widgets/coach-finder/index.tsx(133,11): error TS17004: Cannot use JSX unless the '--jsx' flag is provided.
frontend/src/widgets/coach-finder/index.tsx(141,13): error TS17004: Cannot use JSX unless the '--jsx' flag is provided.
frontend/src/widgets/coach-finder/index.tsx(142,15): error TS17004: Cannot use JSX unless the '--jsx' flag is provided.
frontend/src/widgets/coach-finder/index.tsx(143,15): error TS17004: Cannot use JSX unless the '--jsx' flag is provided.
frontend/src/widgets/coach-finder/index.tsx(147,9): error TS17004: Cannot use JSX unless the '--jsx' flag is provided.
frontend/src/widgets/coach-finder/index.tsx(148,11): error TS17004: Cannot use JSX unless the '--jsx' flag is provided.
frontend/src/widgets/coach-finder/index.tsx(150,15): error TS17004: Cannot use JSX unless the '--jsx' flag is provided.
frontend/src/widgets/coach-finder/index.tsx(152,15): error TS17004: Cannot use JSX unless the '--jsx' flag is provided.
frontend/src/widgets/coach-finder/index.tsx(159,7): error TS17004: Cannot use JSX unless the '--jsx' flag is provided.
frontend/src/widgets/coach-finder/index.tsx(161,11): error TS17004: Cannot use JSX unless the '--jsx' flag is provided.
frontend/src/widgets/coach-finder/index.tsx(163,15): error TS17004: Cannot use JSX unless the '--jsx' flag is provided.
frontend/src/widgets/coach-finder/index.tsx(169,11): error TS17004: Cannot use JSX unless the '--jsx' flag is provided.
frontend/src/widgets/coach-finder/index.tsx(170,13): error TS17004: Cannot use JSX unless the '--jsx' flag is provided.
frontend/src/widgets/coach-finder/index.tsx(171,13): error TS17004: Cannot use JSX unless the '--jsx' flag is provided.
frontend/src/widgets/coach-finder/index.tsx(173,17): error TS17004: Cannot use JSX unless the '--jsx' flag is provided.
frontend/src/widgets/coach-finder/index.tsx(180,13): error TS17004: Cannot use JSX unless the '--jsx' flag is provided.
frontend/src/widgets/code-block/index.tsx(6,24): error TS2307: Cannot find module '@/shared/ui/button' or its corresponding type declarations.
frontend/src/widgets/code-block/index.tsx(7,26): error TS2307: Cannot find module '@/shared/hooks/use-toast' or its corresponding type declarations.
frontend/src/widgets/code-block/index.tsx(28,5): error TS17004: Cannot use JSX unless the '--jsx' flag is provided.
frontend/src/widgets/code-block/index.tsx(29,7): error TS17004: Cannot use JSX unless the '--jsx' flag is provided.
frontend/src/widgets/code-block/index.tsx(36,11): error TS17004: Cannot use JSX unless the '--jsx' flag is provided.
frontend/src/widgets/code-block/index.tsx(38,11): error TS17004: Cannot use JSX unless the '--jsx' flag is provided.
frontend/src/widgets/code-block/index.tsx(40,9): error TS17004: Cannot use JSX unless the '--jsx' flag is provided.
frontend/src/widgets/code-block/index.tsx(42,7): error TS17004: Cannot use JSX unless the '--jsx' flag is provided.
frontend/src/widgets/code-block/index.tsx(43,9): error TS17004: Cannot use JSX unless the '--jsx' flag is provided.
frontend/src/widgets/crm-score-dialog/index.tsx(11,8): error TS2307: Cannot find module '@/shared/ui/dialog' or its corresponding type declarations.
frontend/src/widgets/crm-score-dialog/index.tsx(12,24): error TS2307: Cannot find module '@/shared/ui/button' or its corresponding type declarations.
frontend/src/widgets/crm-score-dialog/index.tsx(13,23): error TS2307: Cannot find module '@/shared/ui/input' or its corresponding type declarations.
frontend/src/widgets/crm-score-dialog/index.tsx(14,23): error TS2307: Cannot find module '@/shared/ui/label' or its corresponding type declarations.
frontend/src/widgets/crm-score-dialog/index.tsx(15,26): error TS2307: Cannot find module '@/shared/hooks/use-toast' or its corresponding type declarations.
frontend/src/widgets/crm-score-dialog/index.tsx(17,44): error TS2307: Cannot find module '@/shared/ui/radio-group' or its corresponding type declarations.
frontend/src/widgets/crm-score-dialog/index.tsx(18,26): error TS2307: Cannot find module '@/shared/ui/textarea' or its corresponding type declarations.
frontend/src/widgets/crm-score-dialog/index.tsx(19,27): error TS2307: Cannot find module '@/shared/ui/separator' or its corresponding type declarations.
frontend/src/widgets/crm-score-dialog/index.tsx(131,5): error TS17004: Cannot use JSX unless the '--jsx' flag is provided.
frontend/src/widgets/crm-score-dialog/index.tsx(132,7): error TS17004: Cannot use JSX unless the '--jsx' flag is provided.
frontend/src/widgets/crm-score-dialog/index.tsx(133,9): error TS17004: Cannot use JSX unless the '--jsx' flag is provided.
frontend/src/widgets/crm-score-dialog/index.tsx(134,11): error TS17004: Cannot use JSX unless the '--jsx' flag is provided.
frontend/src/widgets/crm-score-dialog/index.tsx(135,11): error TS17004: Cannot use JSX unless the '--jsx' flag is provided.
frontend/src/widgets/crm-score-dialog/index.tsx(139,9): error TS17004: Cannot use JSX unless the '--jsx' flag is provided.
frontend/src/widgets/crm-score-dialog/index.tsx(140,11): error TS17004: Cannot use JSX unless the '--jsx' flag is provided.
frontend/src/widgets/crm-score-dialog/index.tsx(148,13): error TS17004: Cannot use JSX unless the '--jsx' flag is provided.
frontend/src/widgets/crm-score-dialog/index.tsx(149,15): error TS17004: Cannot use JSX unless the '--jsx' flag is provided.
frontend/src/widgets/crm-score-dialog/index.tsx(154,15): error TS17004: Cannot use JSX unless the '--jsx' flag is provided.
frontend/src/widgets/crm-score-dialog/index.tsx(161,13): error TS17004: Cannot use JSX unless the '--jsx' flag is provided.
frontend/src/widgets/crm-score-dialog/index.tsx(162,15): error TS17004: Cannot use JSX unless the '--jsx' flag is provided.
frontend/src/widgets/crm-score-dialog/index.tsx(167,15): error TS17004: Cannot use JSX unless the '--jsx' flag is provided.
frontend/src/widgets/crm-score-dialog/index.tsx(176,11): error TS17004: Cannot use JSX unless the '--jsx' flag is provided.
frontend/src/widgets/crm-score-dialog/index.tsx(179,13): error TS17004: Cannot use JSX unless the '--jsx' flag is provided.
frontend/src/widgets/crm-score-dialog/index.tsx(180,15): error TS17004: Cannot use JSX unless the '--jsx' flag is provided.
frontend/src/widgets/crm-score-dialog/index.tsx(181,17): error TS17004: Cannot use JSX unless the '--jsx' flag is provided.
frontend/src/widgets/crm-score-dialog/index.tsx(184,17): error TS17004: Cannot use JSX unless the '--jsx' flag is provided.
frontend/src/widgets/crm-score-dialog/index.tsx(192,15): error TS17004: Cannot use JSX unless the '--jsx' flag is provided.
frontend/src/widgets/crm-score-dialog/index.tsx(193,17): error TS17004: Cannot use JSX unless the '--jsx' flag is provided.
frontend/src/widgets/crm-score-dialog/index.tsx(196,17): error TS17004: Cannot use JSX unless the '--jsx' flag is provided.
frontend/src/widgets/crm-score-dialog/index.tsx(208,13): error TS17004: Cannot use JSX unless the '--jsx' flag is provided.
frontend/src/widgets/crm-score-dialog/index.tsx(209,15): error TS17004: Cannot use JSX unless the '--jsx' flag is provided.
frontend/src/widgets/crm-score-dialog/index.tsx(210,15): error TS17004: Cannot use JSX unless the '--jsx' flag is provided.
frontend/src/widgets/crm-score-dialog/index.tsx(211,17): error TS17004: Cannot use JSX unless the '--jsx' flag is provided.
frontend/src/widgets/crm-score-dialog/index.tsx(212,19): error TS17004: Cannot use JSX unless the '--jsx' flag is provided.
frontend/src/widgets/crm-score-dialog/index.tsx(213,19): error TS17004: Cannot use JSX unless the '--jsx' flag is provided.
frontend/src/widgets/crm-score-dialog/index.tsx(215,17): error TS17004: Cannot use JSX unless the '--jsx' flag is provided.
frontend/src/widgets/crm-score-dialog/index.tsx(216,19): error TS17004: Cannot use JSX unless the '--jsx' flag is provided.
frontend/src/widgets/crm-score-dialog/index.tsx(217,19): error TS17004: Cannot use JSX unless the '--jsx' flag is provided.
frontend/src/widgets/crm-score-dialog/index.tsx(222,11): error TS17004: Cannot use JSX unless the '--jsx' flag is provided.
frontend/src/widgets/crm-score-dialog/index.tsx(223,13): error TS17004: Cannot use JSX unless the '--jsx' flag is provided.
frontend/src/widgets/crm-score-dialog/index.tsx(226,13): error TS17004: Cannot use JSX unless the '--jsx' flag is provided.
frontend/src/widgets/crm-score-dialog/index.tsx(234,9): error TS17004: Cannot use JSX unless the '--jsx' flag is provided.
frontend/src/widgets/crm-score-dialog/index.tsx(235,11): error TS17004: Cannot use JSX unless the '--jsx' flag is provided.
frontend/src/widgets/crm-score-dialog/index.tsx(238,11): error TS17004: Cannot use JSX unless the '--jsx' flag is provided.
frontend/src/widgets/crm-score-dialog/index.tsx(239,30): error TS17004: Cannot use JSX unless the '--jsx' flag is provided.
frontend/src/widgets/crm-tournament-announcements/index.tsx(11,8): error TS2307: Cannot find module '@/shared/ui/card' or its corresponding type declarations.
frontend/src/widgets/crm-tournament-announcements/index.tsx(12,24): error TS2307: Cannot find module '@/shared/ui/button' or its corresponding type declarations.
frontend/src/widgets/crm-tournament-announcements/index.tsx(13,23): error TS2307: Cannot find module '@/shared/ui/input' or its corresponding type declarations.
frontend/src/widgets/crm-tournament-announcements/index.tsx(14,23): error TS2307: Cannot find module '@/shared/ui/label' or its corresponding type declarations.
frontend/src/widgets/crm-tournament-announcements/index.tsx(15,26): error TS2307: Cannot find module '@/shared/ui/textarea' or its corresponding type declarations.
frontend/src/widgets/crm-tournament-announcements/index.tsx(23,8): error TS2307: Cannot find module '@/shared/ui/table' or its corresponding type declarations.
frontend/src/widgets/crm-tournament-announcements/index.tsx(25,26): error TS2307: Cannot find module '@/shared/hooks/use-toast' or its corresponding type declarations.
frontend/src/widgets/crm-tournament-announcements/index.tsx(31,8): error TS2307: Cannot find module '@/entities/tournament/api/announcements' or its corresponding type declarations.
frontend/src/widgets/crm-tournament-announcements/index.tsx(32,26): error TS2307: Cannot find module '@/shared/ui/skeleton' or its corresponding type declarations.
frontend/src/widgets/crm-tournament-announcements/index.tsx(108,5): error TS17004: Cannot use JSX unless the '--jsx' flag is provided.
frontend/src/widgets/crm-tournament-announcements/index.tsx(109,7): error TS17004: Cannot use JSX unless the '--jsx' flag is provided.
frontend/src/widgets/crm-tournament-announcements/index.tsx(110,9): error TS17004: Cannot use JSX unless the '--jsx' flag is provided.
frontend/src/widgets/crm-tournament-announcements/index.tsx(111,11): error TS17004: Cannot use JSX unless the '--jsx' flag is provided.
frontend/src/widgets/crm-tournament-announcements/index.tsx(112,11): error TS17004: Cannot use JSX unless the '--jsx' flag is provided.
frontend/src/widgets/crm-tournament-announcements/index.tsx(116,9): error TS17004: Cannot use JSX unless the '--jsx' flag is provided.
frontend/src/widgets/crm-tournament-announcements/index.tsx(117,11): error TS17004: Cannot use JSX unless the '--jsx' flag is provided.
frontend/src/widgets/crm-tournament-announcements/index.tsx(118,13): error TS17004: Cannot use JSX unless the '--jsx' flag is provided.
frontend/src/widgets/crm-tournament-announcements/index.tsx(119,13): error TS17004: Cannot use JSX unless the '--jsx' flag is provided.
frontend/src/widgets/crm-tournament-announcements/index.tsx(127,11): error TS17004: Cannot use JSX unless the '--jsx' flag is provided.
frontend/src/widgets/crm-tournament-announcements/index.tsx(128,13): error TS17004: Cannot use JSX unless the '--jsx' flag is provided.
frontend/src/widgets/crm-tournament-announcements/index.tsx(129,13): error TS17004: Cannot use JSX unless the '--jsx' flag is provided.
frontend/src/widgets/crm-tournament-announcements/index.tsx(139,9): error TS17004: Cannot use JSX unless the '--jsx' flag is provided.
frontend/src/widgets/crm-tournament-announcements/index.tsx(140,11): error TS17004: Cannot use JSX unless the '--jsx' flag is provided.
frontend/src/widgets/crm-tournament-announcements/index.tsx(141,27): error TS17004: Cannot use JSX unless the '--jsx' flag is provided.
frontend/src/widgets/crm-tournament-announcements/index.tsx(142,13): error TS17004: Cannot use JSX unless the '--jsx' flag is provided.
frontend/src/widgets/crm-tournament-announcements/index.tsx(147,7): error TS17004: Cannot use JSX unless the '--jsx' flag is provided.
frontend/src/widgets/crm-tournament-announcements/index.tsx(148,9): error TS17004: Cannot use JSX unless the '--jsx' flag is provided.
frontend/src/widgets/crm-tournament-announcements/index.tsx(149,11): error TS17004: Cannot use JSX unless the '--jsx' flag is provided.
frontend/src/widgets/crm-tournament-announcements/index.tsx(151,9): error TS17004: Cannot use JSX unless the '--jsx' flag is provided.
frontend/src/widgets/crm-tournament-announcements/index.tsx(153,13): error TS17004: Cannot use JSX unless the '--jsx' flag is provided.
frontend/src/widgets/crm-tournament-announcements/index.tsx(154,15): error TS17004: Cannot use JSX unless the '--jsx' flag is provided.
frontend/src/widgets/crm-tournament-announcements/index.tsx(155,15): error TS17004: Cannot use JSX unless the '--jsx' flag is provided.
frontend/src/widgets/crm-tournament-announcements/index.tsx(158,13): error TS17004: Cannot use JSX unless the '--jsx' flag is provided.
frontend/src/widgets/crm-tournament-announcements/index.tsx(159,15): error TS17004: Cannot use JSX unless the '--jsx' flag is provided.
frontend/src/widgets/crm-tournament-announcements/index.tsx(160,17): error TS17004: Cannot use JSX unless the '--jsx' flag is provided.
frontend/src/widgets/crm-tournament-announcements/index.tsx(161,19): error TS17004: Cannot use JSX unless the '--jsx' flag is provided.
frontend/src/widgets/crm-tournament-announcements/index.tsx(162,19): error TS17004: Cannot use JSX unless the '--jsx' flag is provided.
frontend/src/widgets/crm-tournament-announcements/index.tsx(163,19): error TS17004: Cannot use JSX unless the '--jsx' flag is provided.
frontend/src/widgets/crm-tournament-announcements/index.tsx(164,19): error TS17004: Cannot use JSX unless the '--jsx' flag is provided.
frontend/src/widgets/crm-tournament-announcements/index.tsx(167,15): error TS17004: Cannot use JSX unless the '--jsx' flag is provided.
frontend/src/widgets/crm-tournament-announcements/index.tsx(170,21): error TS17004: Cannot use JSX unless the '--jsx' flag is provided.
frontend/src/widgets/crm-tournament-announcements/index.tsx(171,23): error TS17004: Cannot use JSX unless the '--jsx' flag is provided.
frontend/src/widgets/crm-tournament-announcements/index.tsx(174,23): error TS17004: Cannot use JSX unless the '--jsx' flag is provided.
frontend/src/widgets/crm-tournament-announcements/index.tsx(177,23): error TS17004: Cannot use JSX unless the '--jsx' flag is provided.
frontend/src/widgets/crm-tournament-announcements/index.tsx(182,23): error TS17004: Cannot use JSX unless the '--jsx' flag is provided.
frontend/src/widgets/crm-tournament-announcements/index.tsx(183,25): error TS17004: Cannot use JSX unless the '--jsx' flag is provided.
frontend/src/widgets/crm-tournament-announcements/index.tsx(184,27): error TS17004: Cannot use JSX unless the '--jsx' flag is provided.
frontend/src/widgets/crm-tournament-announcements/index.tsx(185,27): error TS17004: Cannot use JSX unless the '--jsx' flag is provided.
frontend/src/widgets/crm-tournament-announcements/index.tsx(191,19): error TS17004: Cannot use JSX unless the '--jsx' flag is provided.
frontend/src/widgets/crm-tournament-announcements/index.tsx(192,21): error TS17004: Cannot use JSX unless the '--jsx' flag is provided.
frontend/src/widgets/crm-tournament-details/index.tsx(10,8): error TS2307: Cannot find module '@/shared/ui/card' or its corresponding type declarations.
frontend/src/widgets/crm-tournament-details/index.tsx(11,58): error TS2307: Cannot find module '@/shared/ui/tabs' or its corresponding type declarations.
frontend/src/widgets/crm-tournament-details/index.tsx(13,39): error TS2307: Cannot find module '@/widgets/crm-tournament-overview' or its corresponding type declarations.
frontend/src/widgets/crm-tournament-details/index.tsx(14,49): error TS2307: Cannot find module '@/widgets/crm-tournament-participants' or its corresponding type declarations.
frontend/src/widgets/crm-tournament-details/index.tsx(15,35): error TS2307: Cannot find module '@/widgets/tournament-bracket' or its corresponding type declarations.
frontend/src/widgets/crm-tournament-details/index.tsx(16,38): error TS2307: Cannot find module '@/widgets/crm-tournament-matches' or its corresponding type declarations.
frontend/src/widgets/crm-tournament-details/index.tsx(17,37): error TS2307: Cannot find module '@/widgets/crm-tournament-judges' or its corresponding type declarations.
frontend/src/widgets/crm-tournament-details/index.tsx(18,39): error TS2307: Cannot find module '@/widgets/crm-tournament-sponsors' or its corresponding type declarations.
frontend/src/widgets/crm-tournament-details/index.tsx(19,38): error TS2307: Cannot find module '@/widgets/crm-tournament-medical' or its corresponding type declarations.
frontend/src/widgets/crm-tournament-details/index.tsx(20,44): error TS2307: Cannot find module '@/widgets/crm-tournament-announcements' or its corresponding type declarations.
frontend/src/widgets/crm-tournament-details/index.tsx(21,39): error TS2307: Cannot find module '@/widgets/crm-tournament-settings' or its corresponding type declarations.
frontend/src/widgets/crm-tournament-details/index.tsx(23,26): error TS2307: Cannot find module '@/shared/hooks/use-toast' or its corresponding type declarations.
frontend/src/widgets/crm-tournament-details/index.tsx(24,26): error TS2307: Cannot find module '@/shared/ui/textarea' or its corresponding type declarations.
frontend/src/widgets/crm-tournament-details/index.tsx(25,24): error TS2307: Cannot find module '@/shared/ui/button' or its corresponding type declarations.
frontend/src/widgets/crm-tournament-details/index.tsx(27,28): error TS2307: Cannot find module '@/shared/ui/scroll-area' or its corresponding type declarations.
frontend/src/widgets/crm-tournament-details/index.tsx(28,42): error TS2307: Cannot find module '@/widgets/crm-tournament-media-center' or its corresponding type declarations.
frontend/src/widgets/crm-tournament-details/index.tsx(29,39): error TS2307: Cannot find module '@/widgets/crm-tournament-disputes' or its corresponding type declarations.
frontend/src/widgets/crm-tournament-details/index.tsx(30,35): error TS2307: Cannot find module '@/entities/tournament/api/get-tournament' or its corresponding type declarations.
frontend/src/widgets/crm-tournament-details/index.tsx(31,40): error TS2307: Cannot find module '@/entities/tournament/model/types' or its corresponding type declarations.
frontend/src/widgets/crm-tournament-details/index.tsx(32,26): error TS2307: Cannot find module '@/shared/ui/skeleton' or its corresponding type declarations.
frontend/src/widgets/crm-tournament-details/index.tsx(75,7): error TS17004: Cannot use JSX unless the '--jsx' flag is provided.
frontend/src/widgets/crm-tournament-details/index.tsx(76,9): error TS17004: Cannot use JSX unless the '--jsx' flag is provided.
frontend/src/widgets/crm-tournament-details/index.tsx(77,9): error TS17004: Cannot use JSX unless the '--jsx' flag is provided.
frontend/src/widgets/crm-tournament-details/index.tsx(78,9): error TS17004: Cannot use JSX unless the '--jsx' flag is provided.
frontend/src/widgets/crm-tournament-details/index.tsx(86,5): error TS17004: Cannot use JSX unless the '--jsx' flag is provided.
frontend/src/widgets/crm-tournament-details/index.tsx(87,7): error TS17004: Cannot use JSX unless the '--jsx' flag is provided.
frontend/src/widgets/crm-tournament-details/index.tsx(88,9): error TS17004: Cannot use JSX unless the '--jsx' flag is provided.
frontend/src/widgets/crm-tournament-details/index.tsx(91,9): error TS17004: Cannot use JSX unless the '--jsx' flag is provided.
frontend/src/widgets/crm-tournament-details/index.tsx(96,7): error TS17004: Cannot use JSX unless the '--jsx' flag is provided.
frontend/src/widgets/crm-tournament-details/index.tsx(97,9): error TS17004: Cannot use JSX unless the '--jsx' flag is provided.
frontend/src/widgets/crm-tournament-details/index.tsx(98,11): error TS17004: Cannot use JSX unless the '--jsx' flag is provided.
frontend/src/widgets/crm-tournament-details/index.tsx(99,13): error TS17004: Cannot use JSX unless the '--jsx' flag is provided.
frontend/src/widgets/crm-tournament-details/index.tsx(100,13): error TS17004: Cannot use JSX unless the '--jsx' flag is provided.
frontend/src/widgets/crm-tournament-details/index.tsx(101,13): error TS17004: Cannot use JSX unless the '--jsx' flag is provided.
frontend/src/widgets/crm-tournament-details/index.tsx(102,13): error TS17004: Cannot use JSX unless the '--jsx' flag is provided.
frontend/src/widgets/crm-tournament-details/index.tsx(103,13): error TS17004: Cannot use JSX unless the '--jsx' flag is provided.
frontend/src/widgets/crm-tournament-details/index.tsx(104,13): error TS17004: Cannot use JSX unless the '--jsx' flag is provided.
frontend/src/widgets/crm-tournament-details/index.tsx(105,13): error TS17004: Cannot use JSX unless the '--jsx' flag is provided.
frontend/src/widgets/crm-tournament-details/index.tsx(106,13): error TS17004: Cannot use JSX unless the '--jsx' flag is provided.
frontend/src/widgets/crm-tournament-details/index.tsx(107,13): error TS17004: Cannot use JSX unless the '--jsx' flag is provided.
frontend/src/widgets/crm-tournament-details/index.tsx(108,13): error TS17004: Cannot use JSX unless the '--jsx' flag is provided.
frontend/src/widgets/crm-tournament-details/index.tsx(109,13): error TS17004: Cannot use JSX unless the '--jsx' flag is provided.
frontend/src/widgets/crm-tournament-details/index.tsx(110,13): error TS17004: Cannot use JSX unless the '--jsx' flag is provided.
frontend/src/widgets/crm-tournament-details/index.tsx(114,9): error TS17004: Cannot use JSX unless the '--jsx' flag is provided.
frontend/src/widgets/crm-tournament-details/index.tsx(115,11): error TS17004: Cannot use JSX unless the '--jsx' flag is provided.
frontend/src/widgets/crm-tournament-details/index.tsx(118,9): error TS17004: Cannot use JSX unless the '--jsx' flag is provided.
frontend/src/widgets/crm-tournament-details/index.tsx(119,11): error TS17004: Cannot use JSX unless the '--jsx' flag is provided.
frontend/src/widgets/crm-tournament-details/index.tsx(122,9): error TS17004: Cannot use JSX unless the '--jsx' flag is provided.
frontend/src/widgets/crm-tournament-details/index.tsx(123,11): error TS17004: Cannot use JSX unless the '--jsx' flag is provided.
frontend/src/widgets/crm-tournament-details/index.tsx(124,13): error TS17004: Cannot use JSX unless the '--jsx' flag is provided.
frontend/src/widgets/crm-tournament-details/index.tsx(125,15): error TS17004: Cannot use JSX unless the '--jsx' flag is provided.
frontend/src/widgets/crm-tournament-details/index.tsx(126,15): error TS17004: Cannot use JSX unless the '--jsx' flag is provided.
frontend/src/widgets/crm-tournament-details/index.tsx(132,13): error TS17004: Cannot use JSX unless the '--jsx' flag is provided.
frontend/src/widgets/crm-tournament-details/index.tsx(133,15): error TS17004: Cannot use JSX unless the '--jsx' flag is provided.
frontend/src/widgets/crm-tournament-details/index.tsx(140,13): error TS17004: Cannot use JSX unless the '--jsx' flag is provided.
frontend/src/widgets/crm-tournament-details/index.tsx(141,15): error TS17004: Cannot use JSX unless the '--jsx' flag is provided.
frontend/src/widgets/crm-tournament-details/index.tsx(142,17): error TS17004: Cannot use JSX unless the '--jsx' flag is provided.
frontend/src/widgets/crm-tournament-details/index.tsx(149,9): error TS17004: Cannot use JSX unless the '--jsx' flag is provided.
frontend/src/widgets/crm-tournament-details/index.tsx(150,11): error TS17004: Cannot use JSX unless the '--jsx' flag is provided.
frontend/src/widgets/crm-tournament-details/index.tsx(153,9): error TS17004: Cannot use JSX unless the '--jsx' flag is provided.
frontend/src/widgets/crm-tournament-details/index.tsx(154,11): error TS17004: Cannot use JSX unless the '--jsx' flag is provided.
frontend/src/widgets/crm-tournament-details/index.tsx(157,9): error TS17004: Cannot use JSX unless the '--jsx' flag is provided.
frontend/src/widgets/crm-tournament-details/index.tsx(158,11): error TS17004: Cannot use JSX unless the '--jsx' flag is provided.
frontend/src/widgets/crm-tournament-details/index.tsx(161,9): error TS17004: Cannot use JSX unless the '--jsx' flag is provided.
frontend/src/widgets/crm-tournament-details/index.tsx(162,11): error TS17004: Cannot use JSX unless the '--jsx' flag is provided.
frontend/src/widgets/crm-tournament-details/index.tsx(163,13): error TS17004: Cannot use JSX unless the '--jsx' flag is provided.
frontend/src/widgets/crm-tournament-details/index.tsx(164,15): error TS17004: Cannot use JSX unless the '--jsx' flag is provided.
frontend/src/widgets/crm-tournament-details/index.tsx(165,15): error TS17004: Cannot use JSX unless the '--jsx' flag is provided.
frontend/src/widgets/crm-tournament-details/index.tsx(170,13): error TS17004: Cannot use JSX unless the '--jsx' flag is provided.
frontend/src/widgets/crm-tournament-details/index.tsx(171,15): error TS17004: Cannot use JSX unless the '--jsx' flag is provided.
frontend/src/widgets/crm-tournament-details/index.tsx(176,9): error TS17004: Cannot use JSX unless the '--jsx' flag is provided.
frontend/src/widgets/crm-tournament-details/index.tsx(177,11): error TS17004: Cannot use JSX unless the '--jsx' flag is provided.
frontend/src/widgets/crm-tournament-details/index.tsx(180,9): error TS17004: Cannot use JSX unless the '--jsx' flag is provided.
frontend/src/widgets/crm-tournament-details/index.tsx(181,11): error TS17004: Cannot use JSX unless the '--jsx' flag is provided.
frontend/src/widgets/crm-tournament-details/index.tsx(184,9): error TS17004: Cannot use JSX unless the '--jsx' flag is provided.
frontend/src/widgets/crm-tournament-details/index.tsx(185,11): error TS17004: Cannot use JSX unless the '--jsx' flag is provided.
frontend/src/widgets/crm-tournament-details/index.tsx(188,9): error TS17004: Cannot use JSX unless the '--jsx' flag is provided.
frontend/src/widgets/crm-tournament-details/index.tsx(189,11): error TS17004: Cannot use JSX unless the '--jsx' flag is provided.
frontend/src/widgets/crm-tournament-details/index.tsx(192,9): error TS17004: Cannot use JSX unless the '--jsx' flag is provided.
frontend/src/widgets/crm-tournament-details/index.tsx(193,11): error TS17004: Cannot use JSX unless the '--jsx' flag is provided.
frontend/src/widgets/crm-tournament-disputes/index.tsx(10,8): error TS2307: Cannot find module '@/shared/ui/card' or its corresponding type declarations.
frontend/src/widgets/crm-tournament-disputes/index.tsx(18,8): error TS2307: Cannot find module '@/shared/ui/table' or its corresponding type declarations.
frontend/src/widgets/crm-tournament-disputes/index.tsx(19,24): error TS2307: Cannot find module '@/shared/ui/button' or its corresponding type declarations.
frontend/src/widgets/crm-tournament-disputes/index.tsx(20,41): error TS2307: Cannot find module '@/widgets/dispute-resolution-dialog' or its corresponding type declarations.
frontend/src/widgets/crm-tournament-disputes/index.tsx(21,26): error TS2307: Cannot find module '@/shared/hooks/use-toast' or its corresponding type declarations.
frontend/src/widgets/crm-tournament-disputes/index.tsx(24,30): error TS2307: Cannot find module '@/entities/match/api/get-matches' or its corresponding type declarations.
frontend/src/widgets/crm-tournament-disputes/index.tsx(25,28): error TS2307: Cannot find module '@/entities/match/model/types' or its corresponding type declarations.
frontend/src/widgets/crm-tournament-disputes/index.tsx(26,26): error TS2307: Cannot find module '@/shared/ui/skeleton' or its corresponding type declarations.
frontend/src/widgets/crm-tournament-disputes/index.tsx(27,32): error TS2307: Cannot find module '@/entities/match/api/resolve-dispute' or its corresponding type declarations.
frontend/src/widgets/crm-tournament-disputes/index.tsx(94,5): error TS17004: Cannot use JSX unless the '--jsx' flag is provided.
frontend/src/widgets/crm-tournament-disputes/index.tsx(95,7): error TS17004: Cannot use JSX unless the '--jsx' flag is provided.
frontend/src/widgets/crm-tournament-disputes/index.tsx(96,9): error TS17004: Cannot use JSX unless the '--jsx' flag is provided.
frontend/src/widgets/crm-tournament-disputes/index.tsx(97,11): error TS17004: Cannot use JSX unless the '--jsx' flag is provided.
frontend/src/widgets/crm-tournament-disputes/index.tsx(98,11): error TS17004: Cannot use JSX unless the '--jsx' flag is provided.
frontend/src/widgets/crm-tournament-disputes/index.tsx(100,9): error TS17004: Cannot use JSX unless the '--jsx' flag is provided.
frontend/src/widgets/crm-tournament-disputes/index.tsx(102,13): error TS17004: Cannot use JSX unless the '--jsx' flag is provided.
frontend/src/widgets/crm-tournament-disputes/index.tsx(103,15): error TS17004: Cannot use JSX unless the '--jsx' flag is provided.
frontend/src/widgets/crm-tournament-disputes/index.tsx(104,15): error TS17004: Cannot use JSX unless the '--jsx' flag is provided.
frontend/src/widgets/crm-tournament-disputes/index.tsx(107,13): error TS17004: Cannot use JSX unless the '--jsx' flag is provided.
frontend/src/widgets/crm-tournament-disputes/index.tsx(108,15): error TS17004: Cannot use JSX unless the '--jsx' flag is provided.
frontend/src/widgets/crm-tournament-disputes/index.tsx(109,17): error TS17004: Cannot use JSX unless the '--jsx' flag is provided.
frontend/src/widgets/crm-tournament-disputes/index.tsx(110,19): error TS17004: Cannot use JSX unless the '--jsx' flag is provided.
frontend/src/widgets/crm-tournament-disputes/index.tsx(111,19): error TS17004: Cannot use JSX unless the '--jsx' flag is provided.
frontend/src/widgets/crm-tournament-disputes/index.tsx(114,19): error TS17004: Cannot use JSX unless the '--jsx' flag is provided.
frontend/src/widgets/crm-tournament-disputes/index.tsx(117,19): error TS17004: Cannot use JSX unless the '--jsx' flag is provided.
frontend/src/widgets/crm-tournament-disputes/index.tsx(120,15): error TS17004: Cannot use JSX unless the '--jsx' flag is provided.
frontend/src/widgets/crm-tournament-disputes/index.tsx(123,21): error TS17004: Cannot use JSX unless the '--jsx' flag is provided.
frontend/src/widgets/crm-tournament-disputes/index.tsx(124,23): error TS17004: Cannot use JSX unless the '--jsx' flag is provided.
frontend/src/widgets/crm-tournament-disputes/index.tsx(127,23): error TS17004: Cannot use JSX unless the '--jsx' flag is provided.
frontend/src/widgets/crm-tournament-disputes/index.tsx(130,23): error TS17004: Cannot use JSX unless the '--jsx' flag is provided.
frontend/src/widgets/crm-tournament-disputes/index.tsx(138,23): error TS17004: Cannot use JSX unless the '--jsx' flag is provided.
frontend/src/widgets/crm-tournament-disputes/index.tsx(139,25): error TS17004: Cannot use JSX unless the '--jsx' flag is provided.
frontend/src/widgets/crm-tournament-disputes/index.tsx(149,19): error TS17004: Cannot use JSX unless the '--jsx' flag is provided.
frontend/src/widgets/crm-tournament-disputes/index.tsx(150,21): error TS17004: Cannot use JSX unless the '--jsx' flag is provided.
frontend/src/widgets/crm-tournament-disputes/index.tsx(160,7): error TS17004: Cannot use JSX unless the '--jsx' flag is provided.
frontend/src/widgets/crm-tournament-judges/index.tsx(10,8): error TS2307: Cannot find module '@/shared/ui/card' or its corresponding type declarations.
frontend/src/widgets/crm-tournament-judges/index.tsx(18,8): error TS2307: Cannot find module '@/shared/ui/table' or its corresponding type declarations.
frontend/src/widgets/crm-tournament-judges/index.tsx(19,53): error TS2307: Cannot find module '@/shared/ui/avatar' or its corresponding type declarations.
frontend/src/widgets/crm-tournament-judges/index.tsx(20,24): error TS2307: Cannot find module '@/shared/ui/button' or its corresponding type declarations.
frontend/src/widgets/crm-tournament-judges/index.tsx(22,26): error TS2307: Cannot find module '@/shared/hooks/use-toast' or its corresponding type declarations.
frontend/src/widgets/crm-tournament-judges/index.tsx(28,8): error TS2307: Cannot find module '@/shared/ui/dropdown-menu' or its corresponding type declarations.
frontend/src/widgets/crm-tournament-judges/index.tsx(29,26): error TS2307: Cannot find module '@/shared/ui/skeleton' or its corresponding type declarations.
frontend/src/widgets/crm-tournament-judges/index.tsx(35,8): error TS2307: Cannot find module '@/entities/tournament/api/judges' or its corresponding type declarations.
frontend/src/widgets/crm-tournament-judges/index.tsx(36,27): error TS2307: Cannot find module '@/shared/lib/types' or its corresponding type declarations.
frontend/src/widgets/crm-tournament-judges/index.tsx(122,5): error TS17004: Cannot use JSX unless the '--jsx' flag is provided.
frontend/src/widgets/crm-tournament-judges/index.tsx(123,7): error TS17004: Cannot use JSX unless the '--jsx' flag is provided.
frontend/src/widgets/crm-tournament-judges/index.tsx(124,9): error TS17004: Cannot use JSX unless the '--jsx' flag is provided.
frontend/src/widgets/crm-tournament-judges/index.tsx(125,11): error TS17004: Cannot use JSX unless the '--jsx' flag is provided.
frontend/src/widgets/crm-tournament-judges/index.tsx(126,11): error TS17004: Cannot use JSX unless the '--jsx' flag is provided.
frontend/src/widgets/crm-tournament-judges/index.tsx(130,9): error TS17004: Cannot use JSX unless the '--jsx' flag is provided.
frontend/src/widgets/crm-tournament-judges/index.tsx(132,13): error TS17004: Cannot use JSX unless the '--jsx' flag is provided.
frontend/src/widgets/crm-tournament-judges/index.tsx(134,13): error TS17004: Cannot use JSX unless the '--jsx' flag is provided.
frontend/src/widgets/crm-tournament-judges/index.tsx(135,15): error TS17004: Cannot use JSX unless the '--jsx' flag is provided.
frontend/src/widgets/crm-tournament-judges/index.tsx(136,17): error TS17004: Cannot use JSX unless the '--jsx' flag is provided.
frontend/src/widgets/crm-tournament-judges/index.tsx(137,19): error TS17004: Cannot use JSX unless the '--jsx' flag is provided.
frontend/src/widgets/crm-tournament-judges/index.tsx(138,19): error TS17004: Cannot use JSX unless the '--jsx' flag is provided.
frontend/src/widgets/crm-tournament-judges/index.tsx(141,15): error TS17004: Cannot use JSX unless the '--jsx' flag is provided.
frontend/src/widgets/crm-tournament-judges/index.tsx(143,19): error TS17004: Cannot use JSX unless the '--jsx' flag is provided.
frontend/src/widgets/crm-tournament-judges/index.tsx(144,21): error TS17004: Cannot use JSX unless the '--jsx' flag is provided.
frontend/src/widgets/crm-tournament-judges/index.tsx(145,23): error TS17004: Cannot use JSX unless the '--jsx' flag is provided.
frontend/src/widgets/crm-tournament-judges/index.tsx(146,25): error TS17004: Cannot use JSX unless the '--jsx' flag is provided.
frontend/src/widgets/crm-tournament-judges/index.tsx(147,27): error TS17004: Cannot use JSX unless the '--jsx' flag is provided.
frontend/src/widgets/crm-tournament-judges/index.tsx(148,27): error TS17004: Cannot use JSX unless the '--jsx' flag is provided.
frontend/src/widgets/crm-tournament-judges/index.tsx(152,25): error TS17004: Cannot use JSX unless the '--jsx' flag is provided.
frontend/src/widgets/crm-tournament-judges/index.tsx(155,21): error TS17004: Cannot use JSX unless the '--jsx' flag is provided.
frontend/src/widgets/crm-tournament-judges/index.tsx(156,23): error TS17004: Cannot use JSX unless the '--jsx' flag is provided.
frontend/src/widgets/crm-tournament-judges/index.tsx(157,25): error TS17004: Cannot use JSX unless the '--jsx' flag is provided.
frontend/src/widgets/crm-tournament-judges/index.tsx(158,27): error TS17004: Cannot use JSX unless the '--jsx' flag is provided.
frontend/src/widgets/crm-tournament-judges/index.tsx(159,29): error TS17004: Cannot use JSX unless the '--jsx' flag is provided.
frontend/src/widgets/crm-tournament-judges/index.tsx(160,29): error TS17004: Cannot use JSX unless the '--jsx' flag is provided.
frontend/src/widgets/crm-tournament-judges/index.tsx(163,25): error TS17004: Cannot use JSX unless the '--jsx' flag is provided.
frontend/src/widgets/crm-tournament-judges/index.tsx(164,27): error TS17004: Cannot use JSX unless the '--jsx' flag is provided.
frontend/src/widgets/crm-tournament-judges/index.tsx(167,29): error TS17004: Cannot use JSX unless the '--jsx' flag is provided.
frontend/src/widgets/crm-tournament-judges/index.tsx(170,27): error TS17004: Cannot use JSX unless the '--jsx' flag is provided.
frontend/src/widgets/crm-tournament-judges/index.tsx(174,29): error TS17004: Cannot use JSX unless the '--jsx' flag is provided.
frontend/src/widgets/crm-tournament-judges/index.tsx(183,19): error TS17004: Cannot use JSX unless the '--jsx' flag is provided.
frontend/src/widgets/crm-tournament-judges/index.tsx(184,21): error TS17004: Cannot use JSX unless the '--jsx' flag is provided.
frontend/src/widgets/crm-tournament-judges/index.tsx(194,7): error TS17004: Cannot use JSX unless the '--jsx' flag is provided.
frontend/src/widgets/crm-tournament-judges/index.tsx(195,9): error TS17004: Cannot use JSX unless the '--jsx' flag is provided.
frontend/src/widgets/crm-tournament-judges/index.tsx(196,11): error TS17004: Cannot use JSX unless the '--jsx' flag is provided.
frontend/src/widgets/crm-tournament-judges/index.tsx(197,11): error TS17004: Cannot use JSX unless the '--jsx' flag is provided.
frontend/src/widgets/crm-tournament-judges/index.tsx(201,9): error TS17004: Cannot use JSX unless the '--jsx' flag is provided.
frontend/src/widgets/crm-tournament-judges/index.tsx(203,13): error TS17004: Cannot use JSX unless the '--jsx' flag is provided.
frontend/src/widgets/crm-tournament-judges/index.tsx(205,13): error TS17004: Cannot use JSX unless the '--jsx' flag is provided.
frontend/src/widgets/crm-tournament-judges/index.tsx(206,15): error TS17004: Cannot use JSX unless the '--jsx' flag is provided.
frontend/src/widgets/crm-tournament-judges/index.tsx(207,17): error TS17004: Cannot use JSX unless the '--jsx' flag is provided.
frontend/src/widgets/crm-tournament-judges/index.tsx(208,19): error TS17004: Cannot use JSX unless the '--jsx' flag is provided.
frontend/src/widgets/crm-tournament-judges/index.tsx(209,19): error TS17004: Cannot use JSX unless the '--jsx' flag is provided.
frontend/src/widgets/crm-tournament-judges/index.tsx(212,15): error TS17004: Cannot use JSX unless the '--jsx' flag is provided.
frontend/src/widgets/crm-tournament-judges/index.tsx(214,19): error TS17004: Cannot use JSX unless the '--jsx' flag is provided.
frontend/src/widgets/crm-tournament-judges/index.tsx(215,21): error TS17004: Cannot use JSX unless the '--jsx' flag is provided.
frontend/src/widgets/crm-tournament-judges/index.tsx(216,23): error TS17004: Cannot use JSX unless the '--jsx' flag is provided.
frontend/src/widgets/crm-tournament-judges/index.tsx(217,25): error TS17004: Cannot use JSX unless the '--jsx' flag is provided.
frontend/src/widgets/crm-tournament-judges/index.tsx(218,27): error TS17004: Cannot use JSX unless the '--jsx' flag is provided.
frontend/src/widgets/crm-tournament-judges/index.tsx(219,27): error TS17004: Cannot use JSX unless the '--jsx' flag is provided.
frontend/src/widgets/crm-tournament-judges/index.tsx(223,25): error TS17004: Cannot use JSX unless the '--jsx' flag is provided.
frontend/src/widgets/crm-tournament-judges/index.tsx(224,27): error TS17004: Cannot use JSX unless the '--jsx' flag is provided.
frontend/src/widgets/crm-tournament-judges/index.tsx(225,27): error TS17004: Cannot use JSX unless the '--jsx' flag is provided.
frontend/src/widgets/crm-tournament-judges/index.tsx(231,21): error TS17004: Cannot use JSX unless the '--jsx' flag is provided.
frontend/src/widgets/crm-tournament-judges/index.tsx(232,23): error TS17004: Cannot use JSX unless the '--jsx' flag is provided.
frontend/src/widgets/crm-tournament-judges/index.tsx(237,25): error TS17004: Cannot use JSX unless the '--jsx' flag is provided.
frontend/src/widgets/crm-tournament-judges/index.tsx(243,19): error TS17004: Cannot use JSX unless the '--jsx' flag is provided.
frontend/src/widgets/crm-tournament-judges/index.tsx(244,21): error TS17004: Cannot use JSX unless the '--jsx' flag is provided.
frontend/src/widgets/crm-tournament-matches/index.tsx(10,8): error TS2307: Cannot find module '@/shared/ui/card' or its corresponding type declarations.
frontend/src/widgets/crm-tournament-matches/index.tsx(18,8): error TS2307: Cannot find module '@/shared/ui/table' or its corresponding type declarations.
frontend/src/widgets/crm-tournament-matches/index.tsx(19,24): error TS2307: Cannot find module '@/shared/ui/button' or its corresponding type declarations.
frontend/src/widgets/crm-tournament-matches/index.tsx(24,8): error TS2307: Cannot find module '@/widgets/crm-score-dialog' or its corresponding type declarations.
frontend/src/widgets/crm-tournament-matches/index.tsx(25,26): error TS2307: Cannot find module '@/shared/hooks/use-toast' or its corresponding type declarations.
frontend/src/widgets/crm-tournament-matches/index.tsx(26,23): error TS2307: Cannot find module '@/shared/ui/badge' or its corresponding type declarations.
frontend/src/widgets/crm-tournament-matches/index.tsx(32,8): error TS2307: Cannot find module '@/shared/ui/tooltip' or its corresponding type declarations.
frontend/src/widgets/crm-tournament-matches/index.tsx(36,8): error TS2307: Cannot find module '@/entities/tournament/model/types' or its corresponding type declarations.
frontend/src/widgets/crm-tournament-matches/index.tsx(106,16): error TS17004: Cannot use JSX unless the '--jsx' flag is provided.
frontend/src/widgets/crm-tournament-matches/index.tsx(108,16): error TS17004: Cannot use JSX unless the '--jsx' flag is provided.
frontend/src/widgets/crm-tournament-matches/index.tsx(111,11): error TS17004: Cannot use JSX unless the '--jsx' flag is provided.
frontend/src/widgets/crm-tournament-matches/index.tsx(115,11): error TS17004: Cannot use JSX unless the '--jsx' flag is provided.
frontend/src/widgets/crm-tournament-matches/index.tsx(135,5): error TS17004: Cannot use JSX unless the '--jsx' flag is provided.
frontend/src/widgets/crm-tournament-matches/index.tsx(136,7): error TS17004: Cannot use JSX unless the '--jsx' flag is provided.
frontend/src/widgets/crm-tournament-matches/index.tsx(137,9): error TS17004: Cannot use JSX unless the '--jsx' flag is provided.
frontend/src/widgets/crm-tournament-matches/index.tsx(138,11): error TS17004: Cannot use JSX unless the '--jsx' flag is provided.
frontend/src/widgets/crm-tournament-matches/index.tsx(139,11): error TS17004: Cannot use JSX unless the '--jsx' flag is provided.
frontend/src/widgets/crm-tournament-matches/index.tsx(143,9): error TS17004: Cannot use JSX unless the '--jsx' flag is provided.
frontend/src/widgets/crm-tournament-matches/index.tsx(144,11): error TS17004: Cannot use JSX unless the '--jsx' flag is provided.
frontend/src/widgets/crm-tournament-matches/index.tsx(145,13): error TS17004: Cannot use JSX unless the '--jsx' flag is provided.
frontend/src/widgets/crm-tournament-matches/index.tsx(146,15): error TS17004: Cannot use JSX unless the '--jsx' flag is provided.
frontend/src/widgets/crm-tournament-matches/index.tsx(147,17): error TS17004: Cannot use JSX unless the '--jsx' flag is provided.
frontend/src/widgets/crm-tournament-matches/index.tsx(148,17): error TS17004: Cannot use JSX unless the '--jsx' flag is provided.
frontend/src/widgets/crm-tournament-matches/index.tsx(149,17): error TS17004: Cannot use JSX unless the '--jsx' flag is provided.
frontend/src/widgets/crm-tournament-matches/index.tsx(150,17): error TS17004: Cannot use JSX unless the '--jsx' flag is provided.
frontend/src/widgets/crm-tournament-matches/index.tsx(153,13): error TS17004: Cannot use JSX unless the '--jsx' flag is provided.
frontend/src/widgets/crm-tournament-matches/index.tsx(155,17): error TS17004: Cannot use JSX unless the '--jsx' flag is provided.
frontend/src/widgets/crm-tournament-matches/index.tsx(156,19): error TS17004: Cannot use JSX unless the '--jsx' flag is provided.
frontend/src/widgets/crm-tournament-matches/index.tsx(159,19): error TS17004: Cannot use JSX unless the '--jsx' flag is provided.
frontend/src/widgets/crm-tournament-matches/index.tsx(163,19): error TS17004: Cannot use JSX unless the '--jsx' flag is provided.
frontend/src/widgets/crm-tournament-matches/index.tsx(164,21): error TS17004: Cannot use JSX unless the '--jsx' flag is provided.
frontend/src/widgets/crm-tournament-matches/index.tsx(167,25): error TS17004: Cannot use JSX unless the '--jsx' flag is provided.
frontend/src/widgets/crm-tournament-matches/index.tsx(168,27): error TS17004: Cannot use JSX unless the '--jsx' flag is provided.
frontend/src/widgets/crm-tournament-matches/index.tsx(169,29): error TS17004: Cannot use JSX unless the '--jsx' flag is provided.
frontend/src/widgets/crm-tournament-matches/index.tsx(170,31): error TS17004: Cannot use JSX unless the '--jsx' flag is provided.
frontend/src/widgets/crm-tournament-matches/index.tsx(172,29): error TS17004: Cannot use JSX unless the '--jsx' flag is provided.
frontend/src/widgets/crm-tournament-matches/index.tsx(173,31): error TS17004: Cannot use JSX unless the '--jsx' flag is provided.
frontend/src/widgets/crm-tournament-matches/index.tsx(182,19): error TS17004: Cannot use JSX unless the '--jsx' flag is provided.
frontend/src/widgets/crm-tournament-matches/index.tsx(183,21): error TS17004: Cannot use JSX unless the '--jsx' flag is provided.
frontend/src/widgets/crm-tournament-matches/index.tsx(188,23): error TS17004: Cannot use JSX unless the '--jsx' flag is provided.
frontend/src/widgets/crm-tournament-matches/index.tsx(198,7): error TS17004: Cannot use JSX unless the '--jsx' flag is provided.
frontend/src/widgets/crm-tournament-media-center/index.tsx(5,24): error TS2307: Cannot find module '@/shared/ui/button' or its corresponding type declarations.
frontend/src/widgets/crm-tournament-media-center/index.tsx(12,8): error TS2307: Cannot find module '@/shared/ui/card' or its corresponding type declarations.
frontend/src/widgets/crm-tournament-media-center/index.tsx(13,53): error TS2307: Cannot find module '@/shared/ui/alert' or its corresponding type declarations.
frontend/src/widgets/crm-tournament-media-center/index.tsx(25,26): error TS2307: Cannot find module '@/shared/ui/skeleton' or its corresponding type declarations.
frontend/src/widgets/crm-tournament-media-center/index.tsx(29,8): error TS2307: Cannot find module '@/shared/api/genkit/flows/generate-tournament-summary-flow' or its corresponding type declarations.
frontend/src/widgets/crm-tournament-media-center/index.tsx(33,8): error TS2307: Cannot find module '@/shared/api/genkit/flows/generate-post-image-flow' or its corresponding type declarations.
frontend/src/widgets/crm-tournament-media-center/index.tsx(34,26): error TS2307: Cannot find module '@/shared/ui/textarea' or its corresponding type declarations.
frontend/src/widgets/crm-tournament-media-center/index.tsx(35,23): error TS2307: Cannot find module '@/shared/ui/label' or its corresponding type declarations.
frontend/src/widgets/crm-tournament-media-center/index.tsx(36,26): error TS2307: Cannot find module '@/shared/hooks/use-toast' or its corresponding type declarations.
frontend/src/widgets/crm-tournament-media-center/index.tsx(40,8): error TS2307: Cannot find module '@/shared/api/genkit/flows/generate-match-commentary-flow' or its corresponding type declarations.
frontend/src/widgets/crm-tournament-media-center/index.tsx(44,8): error TS2307: Cannot find module '@/shared/api/genkit/flows/generate-match-interview-flow' or its corresponding type declarations.
frontend/src/widgets/crm-tournament-media-center/index.tsx(48,8): error TS2307: Cannot find module '@/shared/api/genkit/flows/generate-match-post-flow' or its corresponding type declarations.
frontend/src/widgets/crm-tournament-media-center/index.tsx(50,39): error TS2307: Cannot find module '@/entities/tournament/api/media' or its corresponding type declarations.
frontend/src/widgets/crm-tournament-media-center/index.tsx(54,8): error TS2307: Cannot find module '@/entities/tournament/model/types' or its corresponding type declarations.
frontend/src/widgets/crm-tournament-media-center/index.tsx(242,5): error TS17004: Cannot use JSX unless the '--jsx' flag is provided.
frontend/src/widgets/crm-tournament-media-center/index.tsx(243,7): error TS17004: Cannot use JSX unless the '--jsx' flag is provided.
frontend/src/widgets/crm-tournament-media-center/index.tsx(244,9): error TS17004: Cannot use JSX unless the '--jsx' flag is provided.
frontend/src/widgets/crm-tournament-media-center/index.tsx(245,9): error TS17004: Cannot use JSX unless the '--jsx' flag is provided.
frontend/src/widgets/crm-tournament-media-center/index.tsx(249,7): error TS17004: Cannot use JSX unless the '--jsx' flag is provided.
frontend/src/widgets/crm-tournament-media-center/index.tsx(250,9): error TS17004: Cannot use JSX unless the '--jsx' flag is provided.
frontend/src/widgets/crm-tournament-media-center/index.tsx(255,13): error TS17004: Cannot use JSX unless the '--jsx' flag is provided.
frontend/src/widgets/crm-tournament-media-center/index.tsx(257,13): error TS17004: Cannot use JSX unless the '--jsx' flag is provided.
frontend/src/widgets/crm-tournament-media-center/index.tsx(262,11): error TS17004: Cannot use JSX unless the '--jsx' flag is provided.
frontend/src/widgets/crm-tournament-media-center/index.tsx(263,13): error TS17004: Cannot use JSX unless the '--jsx' flag is provided.
frontend/src/widgets/crm-tournament-media-center/index.tsx(264,13): error TS17004: Cannot use JSX unless the '--jsx' flag is provided.
frontend/src/widgets/crm-tournament-media-center/index.tsx(265,13): error TS17004: Cannot use JSX unless the '--jsx' flag is provided.
frontend/src/widgets/crm-tournament-media-center/index.tsx(271,11): error TS17004: Cannot use JSX unless the '--jsx' flag is provided.
frontend/src/widgets/crm-tournament-media-center/index.tsx(272,13): error TS17004: Cannot use JSX unless the '--jsx' flag is provided.
frontend/src/widgets/crm-tournament-media-center/index.tsx(273,13): error TS17004: Cannot use JSX unless the '--jsx' flag is provided.
frontend/src/widgets/crm-tournament-media-center/index.tsx(278,11): error TS17004: Cannot use JSX unless the '--jsx' flag is provided.
frontend/src/widgets/crm-tournament-media-center/index.tsx(279,13): error TS17004: Cannot use JSX unless the '--jsx' flag is provided.
frontend/src/widgets/crm-tournament-media-center/index.tsx(280,13): error TS17004: Cannot use JSX unless the '--jsx' flag is provided.
frontend/src/widgets/crm-tournament-media-center/index.tsx(281,13): error TS17004: Cannot use JSX unless the '--jsx' flag is provided.
frontend/src/widgets/crm-tournament-media-center/index.tsx(282,15): error TS17004: Cannot use JSX unless the '--jsx' flag is provided.
frontend/src/widgets/crm-tournament-media-center/index.tsx(283,15): error TS17004: Cannot use JSX unless the '--jsx' flag is provided.
frontend/src/widgets/crm-tournament-media-center/index.tsx(284,15): error TS17004: Cannot use JSX unless the '--jsx' flag is provided.
frontend/src/widgets/crm-tournament-media-center/index.tsx(285,15): error TS17004: Cannot use JSX unless the '--jsx' flag is provided.
frontend/src/widgets/crm-tournament-media-center/index.tsx(291,11): error TS17004: Cannot use JSX unless the '--jsx' flag is provided.
frontend/src/widgets/crm-tournament-media-center/index.tsx(292,13): error TS17004: Cannot use JSX unless the '--jsx' flag is provided.
frontend/src/widgets/crm-tournament-media-center/index.tsx(293,15): error TS17004: Cannot use JSX unless the '--jsx' flag is provided.
frontend/src/widgets/crm-tournament-media-center/index.tsx(294,17): error TS17004: Cannot use JSX unless the '--jsx' flag is provided.
frontend/src/widgets/crm-tournament-media-center/index.tsx(296,15): error TS17004: Cannot use JSX unless the '--jsx' flag is provided.
frontend/src/widgets/crm-tournament-media-center/index.tsx(297,17): error TS17004: Cannot use JSX unless the '--jsx' flag is provided.
frontend/src/widgets/crm-tournament-media-center/index.tsx(302,17): error TS17004: Cannot use JSX unless the '--jsx' flag is provided.
frontend/src/widgets/crm-tournament-media-center/index.tsx(308,19): error TS17004: Cannot use JSX unless the '--jsx' flag is provided.
frontend/src/widgets/crm-tournament-media-center/index.tsx(313,13): error TS17004: Cannot use JSX unless the '--jsx' flag is provided.
frontend/src/widgets/crm-tournament-media-center/index.tsx(314,15): error TS17004: Cannot use JSX unless the '--jsx' flag is provided.
frontend/src/widgets/crm-tournament-media-center/index.tsx(315,17): error TS17004: Cannot use JSX unless the '--jsx' flag is provided.
frontend/src/widgets/crm-tournament-media-center/index.tsx(316,19): error TS17004: Cannot use JSX unless the '--jsx' flag is provided.
frontend/src/widgets/crm-tournament-media-center/index.tsx(319,15): error TS17004: Cannot use JSX unless the '--jsx' flag is provided.
frontend/src/widgets/crm-tournament-media-center/index.tsx(320,17): error TS17004: Cannot use JSX unless the '--jsx' flag is provided.
frontend/src/widgets/crm-tournament-media-center/index.tsx(322,21): error TS17004: Cannot use JSX unless the '--jsx' flag is provided.
frontend/src/widgets/crm-tournament-media-center/index.tsx(323,23): error TS17004: Cannot use JSX unless the '--jsx' flag is provided.
frontend/src/widgets/crm-tournament-media-center/index.tsx(335,13): error TS17004: Cannot use JSX unless the '--jsx' flag is provided.
frontend/src/widgets/crm-tournament-media-center/index.tsx(336,15): error TS17004: Cannot use JSX unless the '--jsx' flag is provided.
frontend/src/widgets/crm-tournament-media-center/index.tsx(337,17): error TS17004: Cannot use JSX unless the '--jsx' flag is provided.
frontend/src/widgets/crm-tournament-media-center/index.tsx(338,19): error TS17004: Cannot use JSX unless the '--jsx' flag is provided.
frontend/src/widgets/crm-tournament-media-center/index.tsx(340,17): error TS17004: Cannot use JSX unless the '--jsx' flag is provided.
frontend/src/widgets/crm-tournament-media-center/index.tsx(345,15): error TS17004: Cannot use JSX unless the '--jsx' flag is provided.
frontend/src/widgets/crm-tournament-media-center/index.tsx(347,19): error TS17004: Cannot use JSX unless the '--jsx' flag is provided.
frontend/src/widgets/crm-tournament-media-center/index.tsx(352,23): error TS17004: Cannot use JSX unless the '--jsx' flag is provided.
frontend/src/widgets/crm-tournament-media-center/index.tsx(354,23): error TS17004: Cannot use JSX unless the '--jsx' flag is provided.
frontend/src/widgets/crm-tournament-media-center/index.tsx(361,44): error TS17004: Cannot use JSX unless the '--jsx' flag is provided.
frontend/src/widgets/crm-tournament-media-center/index.tsx(363,19): error TS17004: Cannot use JSX unless the '--jsx' flag is provided.
frontend/src/widgets/crm-tournament-media-center/index.tsx(364,21): error TS17004: Cannot use JSX unless the '--jsx' flag is provided.
frontend/src/widgets/crm-tournament-media-center/index.tsx(365,21): error TS17004: Cannot use JSX unless the '--jsx' flag is provided.
frontend/src/widgets/crm-tournament-media-center/index.tsx(369,19): error TS17004: Cannot use JSX unless the '--jsx' flag is provided.
frontend/src/widgets/crm-tournament-media-center/index.tsx(370,21): error TS17004: Cannot use JSX unless the '--jsx' flag is provided.
frontend/src/widgets/crm-tournament-media-center/index.tsx(375,21): error TS17004: Cannot use JSX unless the '--jsx' flag is provided.
frontend/src/widgets/crm-tournament-media-center/index.tsx(376,23): error TS17004: Cannot use JSX unless the '--jsx' flag is provided.
frontend/src/widgets/crm-tournament-media-center/index.tsx(377,23): error TS17004: Cannot use JSX unless the '--jsx' flag is provided.
frontend/src/widgets/crm-tournament-media-center/index.tsx(389,13): error TS17004: Cannot use JSX unless the '--jsx' flag is provided.
frontend/src/widgets/crm-tournament-media-center/index.tsx(390,15): error TS17004: Cannot use JSX unless the '--jsx' flag is provided.
frontend/src/widgets/crm-tournament-media-center/index.tsx(391,17): error TS17004: Cannot use JSX unless the '--jsx' flag is provided.
frontend/src/widgets/crm-tournament-media-center/index.tsx(392,19): error TS17004: Cannot use JSX unless the '--jsx' flag is provided.
frontend/src/widgets/crm-tournament-media-center/index.tsx(395,17): error TS17004: Cannot use JSX unless the '--jsx' flag is provided.
frontend/src/widgets/crm-tournament-media-center/index.tsx(399,15): error TS17004: Cannot use JSX unless the '--jsx' flag is provided.
frontend/src/widgets/crm-tournament-media-center/index.tsx(401,19): error TS17004: Cannot use JSX unless the '--jsx' flag is provided.
frontend/src/widgets/crm-tournament-media-center/index.tsx(406,23): error TS17004: Cannot use JSX unless the '--jsx' flag is provided.
frontend/src/widgets/crm-tournament-media-center/index.tsx(408,23): error TS17004: Cannot use JSX unless the '--jsx' flag is provided.
frontend/src/widgets/crm-tournament-media-center/index.tsx(413,43): error TS17004: Cannot use JSX unless the '--jsx' flag is provided.
frontend/src/widgets/crm-tournament-media-center/index.tsx(415,19): error TS17004: Cannot use JSX unless the '--jsx' flag is provided.
frontend/src/widgets/crm-tournament-media-center/index.tsx(416,21): error TS17004: Cannot use JSX unless the '--jsx' flag is provided.
frontend/src/widgets/crm-tournament-media-center/index.tsx(417,21): error TS17004: Cannot use JSX unless the '--jsx' flag is provided.
frontend/src/widgets/crm-tournament-media-center/index.tsx(421,19): error TS17004: Cannot use JSX unless the '--jsx' flag is provided.
frontend/src/widgets/crm-tournament-media-center/index.tsx(422,21): error TS17004: Cannot use JSX unless the '--jsx' flag is provided.
frontend/src/widgets/crm-tournament-media-center/index.tsx(427,21): error TS17004: Cannot use JSX unless the '--jsx' flag is provided.
frontend/src/widgets/crm-tournament-media-center/index.tsx(428,23): error TS17004: Cannot use JSX unless the '--jsx' flag is provided.
frontend/src/widgets/crm-tournament-media-center/index.tsx(429,23): error TS17004: Cannot use JSX unless the '--jsx' flag is provided.
frontend/src/widgets/crm-tournament-media-center/index.tsx(441,13): error TS17004: Cannot use JSX unless the '--jsx' flag is provided.
frontend/src/widgets/crm-tournament-media-center/index.tsx(442,15): error TS17004: Cannot use JSX unless the '--jsx' flag is provided.
frontend/src/widgets/crm-tournament-media-center/index.tsx(443,17): error TS17004: Cannot use JSX unless the '--jsx' flag is provided.
frontend/src/widgets/crm-tournament-media-center/index.tsx(444,19): error TS17004: Cannot use JSX unless the '--jsx' flag is provided.
frontend/src/widgets/crm-tournament-media-center/index.tsx(446,17): error TS17004: Cannot use JSX unless the '--jsx' flag is provided.
frontend/src/widgets/crm-tournament-media-center/index.tsx(450,15): error TS17004: Cannot use JSX unless the '--jsx' flag is provided.
frontend/src/widgets/crm-tournament-media-center/index.tsx(452,19): error TS17004: Cannot use JSX unless the '--jsx' flag is provided.
frontend/src/widgets/crm-tournament-media-center/index.tsx(457,23): error TS17004: Cannot use JSX unless the '--jsx' flag is provided.
frontend/src/widgets/crm-tournament-media-center/index.tsx(459,23): error TS17004: Cannot use JSX unless the '--jsx' flag is provided.
frontend/src/widgets/crm-tournament-media-center/index.tsx(467,19): error TS17004: Cannot use JSX unless the '--jsx' flag is provided.
frontend/src/widgets/crm-tournament-media-center/index.tsx(468,21): error TS17004: Cannot use JSX unless the '--jsx' flag is provided.
frontend/src/widgets/crm-tournament-media-center/index.tsx(469,21): error TS17004: Cannot use JSX unless the '--jsx' flag is provided.
frontend/src/widgets/crm-tournament-media-center/index.tsx(473,19): error TS17004: Cannot use JSX unless the '--jsx' flag is provided.
frontend/src/widgets/crm-tournament-media-center/index.tsx(474,21): error TS17004: Cannot use JSX unless the '--jsx' flag is provided.
frontend/src/widgets/crm-tournament-media-center/index.tsx(475,21): error TS17004: Cannot use JSX unless the '--jsx' flag is provided.
frontend/src/widgets/crm-tournament-media-center/index.tsx(479,19): error TS17004: Cannot use JSX unless the '--jsx' flag is provided.
frontend/src/widgets/crm-tournament-media-center/index.tsx(480,21): error TS17004: Cannot use JSX unless the '--jsx' flag is provided.
frontend/src/widgets/crm-tournament-media-center/index.tsx(481,23): error TS17004: Cannot use JSX unless the '--jsx' flag is provided.
frontend/src/widgets/crm-tournament-media-center/index.tsx(482,25): error TS17004: Cannot use JSX unless the '--jsx' flag is provided.
frontend/src/widgets/crm-tournament-media-center/index.tsx(483,25): error TS17004: Cannot use JSX unless the '--jsx' flag is provided.
frontend/src/widgets/crm-tournament-media-center/index.tsx(490,23): error TS17004: Cannot use JSX unless the '--jsx' flag is provided.
frontend/src/widgets/crm-tournament-media-center/index.tsx(491,25): error TS17004: Cannot use JSX unless the '--jsx' flag is provided.
frontend/src/widgets/crm-tournament-media-center/index.tsx(492,25): error TS17004: Cannot use JSX unless the '--jsx' flag is provided.
frontend/src/widgets/crm-tournament-media-center/index.tsx(493,27): error TS17004: Cannot use JSX unless the '--jsx' flag is provided.
frontend/src/widgets/crm-tournament-media-center/index.tsx(502,21): error TS17004: Cannot use JSX unless the '--jsx' flag is provided.
frontend/src/widgets/crm-tournament-media-center/index.tsx(503,23): error TS17004: Cannot use JSX unless the '--jsx' flag is provided.
frontend/src/widgets/crm-tournament-media-center/index.tsx(506,25): error TS17004: Cannot use JSX unless the '--jsx' flag is provided.
frontend/src/widgets/crm-tournament-media-center/index.tsx(508,23): error TS17004: Cannot use JSX unless the '--jsx' flag is provided.
frontend/src/widgets/crm-tournament-media-center/index.tsx(519,25): error TS17004: Cannot use JSX unless the '--jsx' flag is provided.
frontend/src/widgets/crm-tournament-medical/index.tsx(10,8): error TS2307: Cannot find module '@/shared/ui/card' or its corresponding type declarations.
frontend/src/widgets/crm-tournament-medical/index.tsx(18,8): error TS2307: Cannot find module '@/shared/ui/table' or its corresponding type declarations.
frontend/src/widgets/crm-tournament-medical/index.tsx(19,53): error TS2307: Cannot find module '@/shared/ui/avatar' or its corresponding type declarations.
frontend/src/widgets/crm-tournament-medical/index.tsx(20,24): error TS2307: Cannot find module '@/shared/ui/button' or its corresponding type declarations.
frontend/src/widgets/crm-tournament-medical/index.tsx(22,26): error TS2307: Cannot find module '@/shared/hooks/use-toast' or its corresponding type declarations.
frontend/src/widgets/crm-tournament-medical/index.tsx(23,26): error TS2307: Cannot find module '@/shared/ui/skeleton' or its corresponding type declarations.
frontend/src/widgets/crm-tournament-medical/index.tsx(29,8): error TS2307: Cannot find module '@/entities/tournament/api/medical' or its corresponding type declarations.
frontend/src/widgets/crm-tournament-medical/index.tsx(134,5): error TS17004: Cannot use JSX unless the '--jsx' flag is provided.
frontend/src/widgets/crm-tournament-medical/index.tsx(135,7): error TS17004: Cannot use JSX unless the '--jsx' flag is provided.
frontend/src/widgets/crm-tournament-medical/index.tsx(136,9): error TS17004: Cannot use JSX unless the '--jsx' flag is provided.
frontend/src/widgets/crm-tournament-medical/index.tsx(137,11): error TS17004: Cannot use JSX unless the '--jsx' flag is provided.
frontend/src/widgets/crm-tournament-medical/index.tsx(138,11): error TS17004: Cannot use JSX unless the '--jsx' flag is provided.
frontend/src/widgets/crm-tournament-medical/index.tsx(142,9): error TS17004: Cannot use JSX unless the '--jsx' flag is provided.
frontend/src/widgets/crm-tournament-medical/index.tsx(144,13): error TS17004: Cannot use JSX unless the '--jsx' flag is provided.
frontend/src/widgets/crm-tournament-medical/index.tsx(146,13): error TS17004: Cannot use JSX unless the '--jsx' flag is provided.
frontend/src/widgets/crm-tournament-medical/index.tsx(147,15): error TS17004: Cannot use JSX unless the '--jsx' flag is provided.
frontend/src/widgets/crm-tournament-medical/index.tsx(148,17): error TS17004: Cannot use JSX unless the '--jsx' flag is provided.
frontend/src/widgets/crm-tournament-medical/index.tsx(149,19): error TS17004: Cannot use JSX unless the '--jsx' flag is provided.
frontend/src/widgets/crm-tournament-medical/index.tsx(150,19): error TS17004: Cannot use JSX unless the '--jsx' flag is provided.
frontend/src/widgets/crm-tournament-medical/index.tsx(153,15): error TS17004: Cannot use JSX unless the '--jsx' flag is provided.
frontend/src/widgets/crm-tournament-medical/index.tsx(156,21): error TS17004: Cannot use JSX unless the '--jsx' flag is provided.
frontend/src/widgets/crm-tournament-medical/index.tsx(157,23): error TS17004: Cannot use JSX unless the '--jsx' flag is provided.
frontend/src/widgets/crm-tournament-medical/index.tsx(158,25): error TS17004: Cannot use JSX unless the '--jsx' flag is provided.
frontend/src/widgets/crm-tournament-medical/index.tsx(159,27): error TS17004: Cannot use JSX unless the '--jsx' flag is provided.
frontend/src/widgets/crm-tournament-medical/index.tsx(160,29): error TS17004: Cannot use JSX unless the '--jsx' flag is provided.
frontend/src/widgets/crm-tournament-medical/index.tsx(164,29): error TS17004: Cannot use JSX unless the '--jsx' flag is provided.
frontend/src/widgets/crm-tournament-medical/index.tsx(168,27): error TS17004: Cannot use JSX unless the '--jsx' flag is provided.
frontend/src/widgets/crm-tournament-medical/index.tsx(169,29): error TS17004: Cannot use JSX unless the '--jsx' flag is provided.
frontend/src/widgets/crm-tournament-medical/index.tsx(170,29): error TS17004: Cannot use JSX unless the '--jsx' flag is provided.
frontend/src/widgets/crm-tournament-medical/index.tsx(176,23): error TS17004: Cannot use JSX unless the '--jsx' flag is provided.
frontend/src/widgets/crm-tournament-medical/index.tsx(177,25): error TS17004: Cannot use JSX unless the '--jsx' flag is provided.
frontend/src/widgets/crm-tournament-medical/index.tsx(182,27): error TS17004: Cannot use JSX unless the '--jsx' flag is provided.
frontend/src/widgets/crm-tournament-medical/index.tsx(188,19): error TS17004: Cannot use JSX unless the '--jsx' flag is provided.
frontend/src/widgets/crm-tournament-medical/index.tsx(189,21): error TS17004: Cannot use JSX unless the '--jsx' flag is provided.
frontend/src/widgets/crm-tournament-medical/index.tsx(199,7): error TS17004: Cannot use JSX unless the '--jsx' flag is provided.
frontend/src/widgets/crm-tournament-medical/index.tsx(200,9): error TS17004: Cannot use JSX unless the '--jsx' flag is provided.
frontend/src/widgets/crm-tournament-medical/index.tsx(201,11): error TS17004: Cannot use JSX unless the '--jsx' flag is provided.
frontend/src/widgets/crm-tournament-medical/index.tsx(202,11): error TS17004: Cannot use JSX unless the '--jsx' flag is provided.
frontend/src/widgets/crm-tournament-medical/index.tsx(206,9): error TS17004: Cannot use JSX unless the '--jsx' flag is provided.
frontend/src/widgets/crm-tournament-medical/index.tsx(208,13): error TS17004: Cannot use JSX unless the '--jsx' flag is provided.
frontend/src/widgets/crm-tournament-medical/index.tsx(210,13): error TS17004: Cannot use JSX unless the '--jsx' flag is provided.
frontend/src/widgets/crm-tournament-medical/index.tsx(211,15): error TS17004: Cannot use JSX unless the '--jsx' flag is provided.
frontend/src/widgets/crm-tournament-medical/index.tsx(212,17): error TS17004: Cannot use JSX unless the '--jsx' flag is provided.
frontend/src/widgets/crm-tournament-medical/index.tsx(213,19): error TS17004: Cannot use JSX unless the '--jsx' flag is provided.
frontend/src/widgets/crm-tournament-medical/index.tsx(214,19): error TS17004: Cannot use JSX unless the '--jsx' flag is provided.
frontend/src/widgets/crm-tournament-medical/index.tsx(217,15): error TS17004: Cannot use JSX unless the '--jsx' flag is provided.
frontend/src/widgets/crm-tournament-medical/index.tsx(220,21): error TS17004: Cannot use JSX unless the '--jsx' flag is provided.
frontend/src/widgets/crm-tournament-medical/index.tsx(221,23): error TS17004: Cannot use JSX unless the '--jsx' flag is provided.
frontend/src/widgets/crm-tournament-medical/index.tsx(222,25): error TS17004: Cannot use JSX unless the '--jsx' flag is provided.
frontend/src/widgets/crm-tournament-medical/index.tsx(223,27): error TS17004: Cannot use JSX unless the '--jsx' flag is provided.
frontend/src/widgets/crm-tournament-medical/index.tsx(224,29): error TS17004: Cannot use JSX unless the '--jsx' flag is provided.
frontend/src/widgets/crm-tournament-medical/index.tsx(228,29): error TS17004: Cannot use JSX unless the '--jsx' flag is provided.
frontend/src/widgets/crm-tournament-medical/index.tsx(232,27): error TS17004: Cannot use JSX unless the '--jsx' flag is provided.
frontend/src/widgets/crm-tournament-medical/index.tsx(233,29): error TS17004: Cannot use JSX unless the '--jsx' flag is provided.
frontend/src/widgets/crm-tournament-medical/index.tsx(234,29): error TS17004: Cannot use JSX unless the '--jsx' flag is provided.
frontend/src/widgets/crm-tournament-medical/index.tsx(240,23): error TS17004: Cannot use JSX unless the '--jsx' flag is provided.
frontend/src/widgets/crm-tournament-medical/index.tsx(241,25): error TS17004: Cannot use JSX unless the '--jsx' flag is provided.
frontend/src/widgets/crm-tournament-medical/index.tsx(246,27): error TS17004: Cannot use JSX unless the '--jsx' flag is provided.
frontend/src/widgets/crm-tournament-medical/index.tsx(252,19): error TS17004: Cannot use JSX unless the '--jsx' flag is provided.
frontend/src/widgets/crm-tournament-medical/index.tsx(253,21): error TS17004: Cannot use JSX unless the '--jsx' flag is provided.
frontend/src/widgets/crm-tournament-overview/index.tsx(3,58): error TS2307: Cannot find module '@/shared/ui/card' or its corresponding type declarations.
frontend/src/widgets/crm-tournament-overview/index.tsx(4,24): error TS2307: Cannot find module '@/shared/ui/button' or its corresponding type declarations.
frontend/src/widgets/crm-tournament-overview/index.tsx(6,40): error TS2307: Cannot find module '@/entities/tournament/model/types' or its corresponding type declarations.
frontend/src/widgets/crm-tournament-overview/index.tsx(31,5): error TS17004: Cannot use JSX unless the '--jsx' flag is provided.
frontend/src/widgets/crm-tournament-overview/index.tsx(32,7): error TS17004: Cannot use JSX unless the '--jsx' flag is provided.
frontend/src/widgets/crm-tournament-overview/index.tsx(33,9): error TS17004: Cannot use JSX unless the '--jsx' flag is provided.
frontend/src/widgets/crm-tournament-overview/index.tsx(34,11): error TS17004: Cannot use JSX unless the '--jsx' flag is provided.
frontend/src/widgets/crm-tournament-overview/index.tsx(35,11): error TS17004: Cannot use JSX unless the '--jsx' flag is provided.
frontend/src/widgets/crm-tournament-overview/index.tsx(37,9): error TS17004: Cannot use JSX unless the '--jsx' flag is provided.
frontend/src/widgets/crm-tournament-overview/index.tsx(38,11): error TS17004: Cannot use JSX unless the '--jsx' flag is provided.
frontend/src/widgets/crm-tournament-overview/index.tsx(41,11): error TS17004: Cannot use JSX unless the '--jsx' flag is provided.
frontend/src/widgets/crm-tournament-overview/index.tsx(44,7): error TS17004: Cannot use JSX unless the '--jsx' flag is provided.
frontend/src/widgets/crm-tournament-overview/index.tsx(45,9): error TS17004: Cannot use JSX unless the '--jsx' flag is provided.
frontend/src/widgets/crm-tournament-overview/index.tsx(46,11): error TS17004: Cannot use JSX unless the '--jsx' flag is provided.
frontend/src/widgets/crm-tournament-overview/index.tsx(47,11): error TS17004: Cannot use JSX unless the '--jsx' flag is provided.
frontend/src/widgets/crm-tournament-overview/index.tsx(49,9): error TS17004: Cannot use JSX unless the '--jsx' flag is provided.
frontend/src/widgets/crm-tournament-overview/index.tsx(50,11): error TS17004: Cannot use JSX unless the '--jsx' flag is provided.
frontend/src/widgets/crm-tournament-overview/index.tsx(53,11): error TS17004: Cannot use JSX unless the '--jsx' flag is provided.
frontend/src/widgets/crm-tournament-overview/index.tsx(56,7): error TS17004: Cannot use JSX unless the '--jsx' flag is provided.
frontend/src/widgets/crm-tournament-overview/index.tsx(57,9): error TS17004: Cannot use JSX unless the '--jsx' flag is provided.
frontend/src/widgets/crm-tournament-overview/index.tsx(58,11): error TS17004: Cannot use JSX unless the '--jsx' flag is provided.
frontend/src/widgets/crm-tournament-overview/index.tsx(59,11): error TS17004: Cannot use JSX unless the '--jsx' flag is provided.
frontend/src/widgets/crm-tournament-overview/index.tsx(61,9): error TS17004: Cannot use JSX unless the '--jsx' flag is provided.
frontend/src/widgets/crm-tournament-overview/index.tsx(62,11): error TS17004: Cannot use JSX unless the '--jsx' flag is provided.
frontend/src/widgets/crm-tournament-overview/index.tsx(67,11): error TS17004: Cannot use JSX unless the '--jsx' flag is provided.
frontend/src/widgets/crm-tournament-overview/index.tsx(72,7): error TS17004: Cannot use JSX unless the '--jsx' flag is provided.
frontend/src/widgets/crm-tournament-overview/index.tsx(73,9): error TS17004: Cannot use JSX unless the '--jsx' flag is provided.
frontend/src/widgets/crm-tournament-overview/index.tsx(74,11): error TS17004: Cannot use JSX unless the '--jsx' flag is provided.
frontend/src/widgets/crm-tournament-overview/index.tsx(76,9): error TS17004: Cannot use JSX unless the '--jsx' flag is provided.
frontend/src/widgets/crm-tournament-overview/index.tsx(77,11): error TS17004: Cannot use JSX unless the '--jsx' flag is provided.
frontend/src/widgets/crm-tournament-overview/index.tsx(78,13): error TS17004: Cannot use JSX unless the '--jsx' flag is provided.
frontend/src/widgets/crm-tournament-overview/index.tsx(81,11): error TS17004: Cannot use JSX unless the '--jsx' flag is provided.
frontend/src/widgets/crm-tournament-overview/index.tsx(82,13): error TS17004: Cannot use JSX unless the '--jsx' flag is provided.
frontend/src/widgets/crm-tournament-overview/index.tsx(85,11): error TS17004: Cannot use JSX unless the '--jsx' flag is provided.
frontend/src/widgets/crm-tournament-overview/index.tsx(86,13): error TS17004: Cannot use JSX unless the '--jsx' flag is provided.
frontend/src/widgets/crm-tournament-participants/index.tsx(10,8): error TS2307: Cannot find module '@/shared/ui/card' or its corresponding type declarations.
frontend/src/widgets/crm-tournament-participants/index.tsx(11,24): error TS2307: Cannot find module '@/shared/ui/button' or its corresponding type declarations.
frontend/src/widgets/crm-tournament-participants/index.tsx(19,8): error TS2307: Cannot find module '@/shared/ui/table' or its corresponding type declarations.
frontend/src/widgets/crm-tournament-participants/index.tsx(20,53): error TS2307: Cannot find module '@/shared/ui/avatar' or its corresponding type declarations.
frontend/src/widgets/crm-tournament-participants/index.tsx(22,58): error TS2307: Cannot find module '@/shared/ui/tabs' or its corresponding type declarations.
frontend/src/widgets/crm-tournament-participants/index.tsx(23,26): error TS2307: Cannot find module '@/shared/hooks/use-toast' or its corresponding type declarations.
frontend/src/widgets/crm-tournament-participants/index.tsx(28,8): error TS2307: Cannot find module '@/shared/ui/collapsible' or its corresponding type declarations.
frontend/src/widgets/crm-tournament-participants/index.tsx(30,26): error TS2307: Cannot find module '@/shared/ui/skeleton' or its corresponding type declarations.
frontend/src/widgets/crm-tournament-participants/index.tsx(39,8): error TS2307: Cannot find module '@/entities/tournament/api/participants' or its corresponding type declarations.
frontend/src/widgets/crm-tournament-participants/index.tsx(40,23): error TS2307: Cannot find module '@/shared/ui/badge' or its corresponding type declarations.
frontend/src/widgets/crm-tournament-participants/index.tsx(148,7): error TS17004: Cannot use JSX unless the '--jsx' flag is provided.
frontend/src/widgets/crm-tournament-participants/index.tsx(149,9): error TS17004: Cannot use JSX unless the '--jsx' flag is provided.
frontend/src/widgets/crm-tournament-participants/index.tsx(150,11): error TS17004: Cannot use JSX unless the '--jsx' flag is provided.
frontend/src/widgets/crm-tournament-participants/index.tsx(151,11): error TS17004: Cannot use JSX unless the '--jsx' flag is provided.
frontend/src/widgets/crm-tournament-participants/index.tsx(153,9): error TS17004: Cannot use JSX unless the '--jsx' flag is provided.
frontend/src/widgets/crm-tournament-participants/index.tsx(154,11): error TS17004: Cannot use JSX unless the '--jsx' flag is provided.
frontend/src/widgets/crm-tournament-participants/index.tsx(155,13): error TS17004: Cannot use JSX unless the '--jsx' flag is provided.
frontend/src/widgets/crm-tournament-participants/index.tsx(156,15): error TS17004: Cannot use JSX unless the '--jsx' flag is provided.
frontend/src/widgets/crm-tournament-participants/index.tsx(158,13): error TS17004: Cannot use JSX unless the '--jsx' flag is provided.
frontend/src/widgets/crm-tournament-participants/index.tsx(159,15): error TS17004: Cannot use JSX unless the '--jsx' flag is provided.
frontend/src/widgets/crm-tournament-participants/index.tsx(168,5): error TS17004: Cannot use JSX unless the '--jsx' flag is provided.
frontend/src/widgets/crm-tournament-participants/index.tsx(169,7): error TS17004: Cannot use JSX unless the '--jsx' flag is provided.
frontend/src/widgets/crm-tournament-participants/index.tsx(170,9): error TS17004: Cannot use JSX unless the '--jsx' flag is provided.
frontend/src/widgets/crm-tournament-participants/index.tsx(172,11): error TS17004: Cannot use JSX unless the '--jsx' flag is provided.
frontend/src/widgets/crm-tournament-participants/index.tsx(174,9): error TS17004: Cannot use JSX unless the '--jsx' flag is provided.
frontend/src/widgets/crm-tournament-participants/index.tsx(176,11): error TS17004: Cannot use JSX unless the '--jsx' flag is provided.
frontend/src/widgets/crm-tournament-participants/index.tsx(179,7): error TS17004: Cannot use JSX unless the '--jsx' flag is provided.
frontend/src/widgets/crm-tournament-participants/index.tsx(180,9): error TS17004: Cannot use JSX unless the '--jsx' flag is provided.
frontend/src/widgets/crm-tournament-participants/index.tsx(181,11): error TS17004: Cannot use JSX unless the '--jsx' flag is provided.
frontend/src/widgets/crm-tournament-participants/index.tsx(182,13): error TS17004: Cannot use JSX unless the '--jsx' flag is provided.
frontend/src/widgets/crm-tournament-participants/index.tsx(183,13): error TS17004: Cannot use JSX unless the '--jsx' flag is provided.
frontend/src/widgets/crm-tournament-participants/index.tsx(188,11): error TS17004: Cannot use JSX unless the '--jsx' flag is provided.
frontend/src/widgets/crm-tournament-participants/index.tsx(189,13): error TS17004: Cannot use JSX unless the '--jsx' flag is provided.
frontend/src/widgets/crm-tournament-participants/index.tsx(190,15): error TS17004: Cannot use JSX unless the '--jsx' flag is provided.
frontend/src/widgets/crm-tournament-participants/index.tsx(191,17): error TS17004: Cannot use JSX unless the '--jsx' flag is provided.
frontend/src/widgets/crm-tournament-participants/index.tsx(192,19): error TS17004: Cannot use JSX unless the '--jsx' flag is provided.
frontend/src/widgets/crm-tournament-participants/index.tsx(193,19): error TS17004: Cannot use JSX unless the '--jsx' flag is provided.
frontend/src/widgets/crm-tournament-participants/index.tsx(194,19): error TS17004: Cannot use JSX unless the '--jsx' flag is provided.
frontend/src/widgets/crm-tournament-participants/index.tsx(197,15): error TS17004: Cannot use JSX unless the '--jsx' flag is provided.
frontend/src/widgets/crm-tournament-participants/index.tsx(200,21): error TS17004: Cannot use JSX unless the '--jsx' flag is provided.
frontend/src/widgets/crm-tournament-participants/index.tsx(201,23): error TS17004: Cannot use JSX unless the '--jsx' flag is provided.
frontend/src/widgets/crm-tournament-participants/index.tsx(204,23): error TS17004: Cannot use JSX unless the '--jsx' flag is provided.
frontend/src/widgets/crm-tournament-participants/index.tsx(207,23): error TS17004: Cannot use JSX unless the '--jsx' flag is provided.
frontend/src/widgets/crm-tournament-participants/index.tsx(208,25): error TS17004: Cannot use JSX unless the '--jsx' flag is provided.
frontend/src/widgets/crm-tournament-participants/index.tsx(214,27): error TS17004: Cannot use JSX unless the '--jsx' flag is provided.
frontend/src/widgets/crm-tournament-participants/index.tsx(216,25): error TS17004: Cannot use JSX unless the '--jsx' flag is provided.
frontend/src/widgets/crm-tournament-participants/index.tsx(222,27): error TS17004: Cannot use JSX unless the '--jsx' flag is provided.
frontend/src/widgets/crm-tournament-participants/index.tsx(228,19): error TS17004: Cannot use JSX unless the '--jsx' flag is provided.
frontend/src/widgets/crm-tournament-participants/index.tsx(229,21): error TS17004: Cannot use JSX unless the '--jsx' flag is provided.
frontend/src/widgets/crm-tournament-participants/index.tsx(239,7): error TS17004: Cannot use JSX unless the '--jsx' flag is provided.
frontend/src/widgets/crm-tournament-participants/index.tsx(240,9): error TS17004: Cannot use JSX unless the '--jsx' flag is provided.
frontend/src/widgets/crm-tournament-participants/index.tsx(241,11): error TS17004: Cannot use JSX unless the '--jsx' flag is provided.
frontend/src/widgets/crm-tournament-participants/index.tsx(242,13): error TS17004: Cannot use JSX unless the '--jsx' flag is provided.
frontend/src/widgets/crm-tournament-participants/index.tsx(243,13): error TS17004: Cannot use JSX unless the '--jsx' flag is provided.
frontend/src/widgets/crm-tournament-participants/index.tsx(248,11): error TS17004: Cannot use JSX unless the '--jsx' flag is provided.
frontend/src/widgets/crm-tournament-participants/index.tsx(249,13): error TS17004: Cannot use JSX unless the '--jsx' flag is provided.
frontend/src/widgets/crm-tournament-participants/index.tsx(250,15): error TS17004: Cannot use JSX unless the '--jsx' flag is provided.
frontend/src/widgets/crm-tournament-participants/index.tsx(251,17): error TS17004: Cannot use JSX unless the '--jsx' flag is provided.
frontend/src/widgets/crm-tournament-participants/index.tsx(252,19): error TS17004: Cannot use JSX unless the '--jsx' flag is provided.
frontend/src/widgets/crm-tournament-participants/index.tsx(253,21): error TS17004: Cannot use JSX unless the '--jsx' flag is provided.
frontend/src/widgets/crm-tournament-participants/index.tsx(254,21): error TS17004: Cannot use JSX unless the '--jsx' flag is provided.
frontend/src/widgets/crm-tournament-participants/index.tsx(255,21): error TS17004: Cannot use JSX unless the '--jsx' flag is provided.
frontend/src/widgets/crm-tournament-participants/index.tsx(258,21): error TS17004: Cannot use JSX unless the '--jsx' flag is provided.
frontend/src/widgets/crm-tournament-participants/index.tsx(261,21): error TS17004: Cannot use JSX unless the '--jsx' flag is provided.
frontend/src/widgets/crm-tournament-participants/index.tsx(264,17): error TS17004: Cannot use JSX unless the '--jsx' flag is provided.
frontend/src/widgets/crm-tournament-participants/index.tsx(267,23): error TS17004: Cannot use JSX unless the '--jsx' flag is provided.
frontend/src/widgets/crm-tournament-participants/index.tsx(273,25): error TS17004: Cannot use JSX unless the '--jsx' flag is provided.
frontend/src/widgets/crm-tournament-participants/index.tsx(274,27): error TS17004: Cannot use JSX unless the '--jsx' flag is provided.
frontend/src/widgets/crm-tournament-participants/index.tsx(275,29): error TS17004: Cannot use JSX unless the '--jsx' flag is provided.
frontend/src/widgets/crm-tournament-participants/index.tsx(276,31): error TS17004: Cannot use JSX unless the '--jsx' flag is provided.
frontend/src/widgets/crm-tournament-participants/index.tsx(277,33): error TS17004: Cannot use JSX unless the '--jsx' flag is provided.
frontend/src/widgets/crm-tournament-participants/index.tsx(282,35): error TS17004: Cannot use JSX unless the '--jsx' flag is provided.
frontend/src/widgets/crm-tournament-participants/index.tsx(286,29): error TS17004: Cannot use JSX unless the '--jsx' flag is provided.
frontend/src/widgets/crm-tournament-participants/index.tsx(289,29): error TS17004: Cannot use JSX unless the '--jsx' flag is provided.
frontend/src/widgets/crm-tournament-participants/index.tsx(292,29): error TS17004: Cannot use JSX unless the '--jsx' flag is provided.
frontend/src/widgets/crm-tournament-participants/index.tsx(295,29): error TS17004: Cannot use JSX unless the '--jsx' flag is provided.
frontend/src/widgets/crm-tournament-participants/index.tsx(296,31): error TS17004: Cannot use JSX unless the '--jsx' flag is provided.
frontend/src/widgets/crm-tournament-participants/index.tsx(297,33): error TS17004: Cannot use JSX unless the '--jsx' flag is provided.
frontend/src/widgets/crm-tournament-participants/index.tsx(305,35): error TS17004: Cannot use JSX unless the '--jsx' flag is provided.
frontend/src/widgets/crm-tournament-participants/index.tsx(307,33): error TS17004: Cannot use JSX unless the '--jsx' flag is provided.
frontend/src/widgets/crm-tournament-participants/index.tsx(316,35): error TS17004: Cannot use JSX unless the '--jsx' flag is provided.
frontend/src/widgets/crm-tournament-participants/index.tsx(321,27): error TS17004: Cannot use JSX unless the '--jsx' flag is provided.
frontend/src/widgets/crm-tournament-participants/index.tsx(322,29): error TS17004: Cannot use JSX unless the '--jsx' flag is provided.
frontend/src/widgets/crm-tournament-participants/index.tsx(323,31): error TS17004: Cannot use JSX unless the '--jsx' flag is provided.
frontend/src/widgets/crm-tournament-participants/index.tsx(324,33): error TS17004: Cannot use JSX unless the '--jsx' flag is provided.
frontend/src/widgets/crm-tournament-participants/index.tsx(325,35): error TS17004: Cannot use JSX unless the '--jsx' flag is provided.
frontend/src/widgets/crm-tournament-participants/index.tsx(328,35): error TS17004: Cannot use JSX unless the '--jsx' flag is provided.
frontend/src/widgets/crm-tournament-participants/index.tsx(329,37): error TS17004: Cannot use JSX unless the '--jsx' flag is provided.
frontend/src/widgets/crm-tournament-participants/index.tsx(330,39): error TS17004: Cannot use JSX unless the '--jsx' flag is provided.
frontend/src/widgets/crm-tournament-participants/index.tsx(331,41): error TS17004: Cannot use JSX unless the '--jsx' flag is provided.
frontend/src/widgets/crm-tournament-participants/index.tsx(332,41): error TS17004: Cannot use JSX unless the '--jsx' flag is provided.
frontend/src/widgets/crm-tournament-participants/index.tsx(335,37): error TS17004: Cannot use JSX unless the '--jsx' flag is provided.
frontend/src/widgets/crm-tournament-participants/index.tsx(337,41): error TS17004: Cannot use JSX unless the '--jsx' flag is provided.
frontend/src/widgets/crm-tournament-participants/index.tsx(338,43): error TS17004: Cannot use JSX unless the '--jsx' flag is provided.
frontend/src/widgets/crm-tournament-participants/index.tsx(339,45): error TS17004: Cannot use JSX unless the '--jsx' flag is provided.
frontend/src/widgets/crm-tournament-participants/index.tsx(340,47): error TS17004: Cannot use JSX unless the '--jsx' flag is provided.
frontend/src/widgets/crm-tournament-participants/index.tsx(343,47): error TS17004: Cannot use JSX unless the '--jsx' flag is provided.
frontend/src/widgets/crm-tournament-participants/index.tsx(347,45): error TS17004: Cannot use JSX unless the '--jsx' flag is provided.
frontend/src/widgets/crm-tournament-participants/index.tsx(354,43): error TS17004: Cannot use JSX unless the '--jsx' flag is provided.
frontend/src/widgets/crm-tournament-participants/index.tsx(367,21): error TS17004: Cannot use JSX unless the '--jsx' flag is provided.
frontend/src/widgets/crm-tournament-participants/index.tsx(368,23): error TS17004: Cannot use JSX unless the '--jsx' flag is provided.
frontend/src/widgets/crm-tournament-settings/index.tsx(14,8): error TS2307: Cannot find module '@/shared/ui/card' or its corresponding type declarations.
frontend/src/widgets/crm-tournament-settings/index.tsx(15,24): error TS2307: Cannot find module '@/shared/ui/button' or its corresponding type declarations.
frontend/src/widgets/crm-tournament-settings/index.tsx(23,8): error TS2307: Cannot find module '@/shared/ui/form' or its corresponding type declarations.
frontend/src/widgets/crm-tournament-settings/index.tsx(24,23): error TS2307: Cannot find module '@/shared/ui/input' or its corresponding type declarations.
frontend/src/widgets/crm-tournament-settings/index.tsx(31,8): error TS2307: Cannot find module '@/shared/ui/select' or its corresponding type declarations.
frontend/src/widgets/crm-tournament-settings/index.tsx(32,57): error TS2307: Cannot find module '@/shared/ui/popover' or its corresponding type declarations.
frontend/src/widgets/crm-tournament-settings/index.tsx(33,26): error TS2307: Cannot find module '@/shared/ui/calendar' or its corresponding type declarations.
frontend/src/widgets/crm-tournament-settings/index.tsx(34,20): error TS2307: Cannot find module '@/shared/lib/utils' or its corresponding type declarations.
frontend/src/widgets/crm-tournament-settings/index.tsx(36,26): error TS2307: Cannot find module '@/shared/hooks/use-toast' or its corresponding type declarations.
frontend/src/widgets/crm-tournament-settings/index.tsx(39,40): error TS2307: Cannot find module '@/entities/tournament/model/types' or its corresponding type declarations.
frontend/src/widgets/crm-tournament-settings/index.tsx(40,34): error TS2307: Cannot find module '@/entities/tournament/api/tournaments' or its corresponding type declarations.
frontend/src/widgets/crm-tournament-settings/index.tsx(42,39): error TS2307: Cannot find module '@/entities/sport/api/sports' or its corresponding type declarations.
frontend/src/widgets/crm-tournament-settings/index.tsx(133,5): error TS17004: Cannot use JSX unless the '--jsx' flag is provided.
frontend/src/widgets/crm-tournament-settings/index.tsx(134,7): error TS17004: Cannot use JSX unless the '--jsx' flag is provided.
frontend/src/widgets/crm-tournament-settings/index.tsx(135,9): error TS17004: Cannot use JSX unless the '--jsx' flag is provided.
frontend/src/widgets/crm-tournament-settings/index.tsx(136,11): error TS17004: Cannot use JSX unless the '--jsx' flag is provided.
frontend/src/widgets/crm-tournament-settings/index.tsx(137,13): error TS17004: Cannot use JSX unless the '--jsx' flag is provided.
frontend/src/widgets/crm-tournament-settings/index.tsx(138,13): error TS17004: Cannot use JSX unless the '--jsx' flag is provided.
frontend/src/widgets/crm-tournament-settings/index.tsx(142,11): error TS17004: Cannot use JSX unless the '--jsx' flag is provided.
frontend/src/widgets/crm-tournament-settings/index.tsx(143,13): error TS17004: Cannot use JSX unless the '--jsx' flag is provided.
frontend/src/widgets/crm-tournament-settings/index.tsx(144,15): error TS17004: Cannot use JSX unless the '--jsx' flag is provided.
frontend/src/widgets/crm-tournament-settings/index.tsx(148,19): error TS17004: Cannot use JSX unless the '--jsx' flag is provided.
frontend/src/widgets/crm-tournament-settings/index.tsx(149,21): error TS17004: Cannot use JSX unless the '--jsx' flag is provided.
frontend/src/widgets/crm-tournament-settings/index.tsx(150,21): error TS17004: Cannot use JSX unless the '--jsx' flag is provided.
frontend/src/widgets/crm-tournament-settings/index.tsx(151,23): error TS17004: Cannot use JSX unless the '--jsx' flag is provided.
frontend/src/widgets/crm-tournament-settings/index.tsx(153,21): error TS17004: Cannot use JSX unless the '--jsx' flag is provided.
frontend/src/widgets/crm-tournament-settings/index.tsx(157,15): error TS17004: Cannot use JSX unless the '--jsx' flag is provided.
frontend/src/widgets/crm-tournament-settings/index.tsx(161,19): error TS17004: Cannot use JSX unless the '--jsx' flag is provided.
frontend/src/widgets/crm-tournament-settings/index.tsx(162,21): error TS17004: Cannot use JSX unless the '--jsx' flag is provided.
frontend/src/widgets/crm-tournament-settings/index.tsx(163,21): error TS17004: Cannot use JSX unless the '--jsx' flag is provided.
frontend/src/widgets/crm-tournament-settings/index.tsx(167,23): error TS17004: Cannot use JSX unless the '--jsx' flag is provided.
frontend/src/widgets/crm-tournament-settings/index.tsx(168,25): error TS17004: Cannot use JSX unless the '--jsx' flag is provided.
frontend/src/widgets/crm-tournament-settings/index.tsx(169,27): error TS17004: Cannot use JSX unless the '--jsx' flag is provided.
frontend/src/widgets/crm-tournament-settings/index.tsx(172,23): error TS17004: Cannot use JSX unless the '--jsx' flag is provided.
frontend/src/widgets/crm-tournament-settings/index.tsx(174,27): error TS17004: Cannot use JSX unless the '--jsx' flag is provided.
frontend/src/widgets/crm-tournament-settings/index.tsx(180,21): error TS17004: Cannot use JSX unless the '--jsx' flag is provided.
frontend/src/widgets/crm-tournament-settings/index.tsx(185,13): error TS17004: Cannot use JSX unless the '--jsx' flag is provided.
frontend/src/widgets/crm-tournament-settings/index.tsx(186,15): error TS17004: Cannot use JSX unless the '--jsx' flag is provided.
frontend/src/widgets/crm-tournament-settings/index.tsx(190,19): error TS17004: Cannot use JSX unless the '--jsx' flag is provided.
frontend/src/widgets/crm-tournament-settings/index.tsx(191,21): error TS17004: Cannot use JSX unless the '--jsx' flag is provided.
frontend/src/widgets/crm-tournament-settings/index.tsx(192,21): error TS17004: Cannot use JSX unless the '--jsx' flag is provided.
frontend/src/widgets/crm-tournament-settings/index.tsx(193,23): error TS17004: Cannot use JSX unless the '--jsx' flag is provided.
frontend/src/widgets/crm-tournament-settings/index.tsx(194,25): error TS17004: Cannot use JSX unless the '--jsx' flag is provided.
frontend/src/widgets/crm-tournament-settings/index.tsx(195,27): error TS17004: Cannot use JSX unless the '--jsx' flag is provided.
frontend/src/widgets/crm-tournament-settings/index.tsx(205,31): error TS17004: Cannot use JSX unless the '--jsx' flag is provided.
frontend/src/widgets/crm-tournament-settings/index.tsx(207,29): error TS17004: Cannot use JSX unless the '--jsx' flag is provided.
frontend/src/widgets/crm-tournament-settings/index.tsx(211,23): error TS17004: Cannot use JSX unless the '--jsx' flag is provided.
frontend/src/widgets/crm-tournament-settings/index.tsx(212,25): error TS17004: Cannot use JSX unless the '--jsx' flag is provided.
frontend/src/widgets/crm-tournament-settings/index.tsx(220,21): error TS17004: Cannot use JSX unless the '--jsx' flag is provided.
frontend/src/widgets/crm-tournament-settings/index.tsx(224,15): error TS17004: Cannot use JSX unless the '--jsx' flag is provided.
frontend/src/widgets/crm-tournament-settings/index.tsx(228,19): error TS17004: Cannot use JSX unless the '--jsx' flag is provided.
frontend/src/widgets/crm-tournament-settings/index.tsx(229,21): error TS17004: Cannot use JSX unless the '--jsx' flag is provided.
frontend/src/widgets/crm-tournament-settings/index.tsx(230,21): error TS17004: Cannot use JSX unless the '--jsx' flag is provided.
frontend/src/widgets/crm-tournament-settings/index.tsx(231,23): error TS17004: Cannot use JSX unless the '--jsx' flag is provided.
frontend/src/widgets/crm-tournament-settings/index.tsx(232,25): error TS17004: Cannot use JSX unless the '--jsx' flag is provided.
frontend/src/widgets/crm-tournament-settings/index.tsx(233,27): error TS17004: Cannot use JSX unless the '--jsx' flag is provided.
frontend/src/widgets/crm-tournament-settings/index.tsx(243,31): error TS17004: Cannot use JSX unless the '--jsx' flag is provided.
frontend/src/widgets/crm-tournament-settings/index.tsx(245,29): error TS17004: Cannot use JSX unless the '--jsx' flag is provided.
frontend/src/widgets/crm-tournament-settings/index.tsx(249,23): error TS17004: Cannot use JSX unless the '--jsx' flag is provided.
frontend/src/widgets/crm-tournament-settings/index.tsx(250,25): error TS17004: Cannot use JSX unless the '--jsx' flag is provided.
frontend/src/widgets/crm-tournament-settings/index.tsx(258,21): error TS17004: Cannot use JSX unless the '--jsx' flag is provided.
frontend/src/widgets/crm-tournament-settings/index.tsx(262,15): error TS17004: Cannot use JSX unless the '--jsx' flag is provided.
frontend/src/widgets/crm-tournament-settings/index.tsx(266,19): error TS17004: Cannot use JSX unless the '--jsx' flag is provided.
frontend/src/widgets/crm-tournament-settings/index.tsx(267,21): error TS17004: Cannot use JSX unless the '--jsx' flag is provided.
frontend/src/widgets/crm-tournament-settings/index.tsx(268,21): error TS17004: Cannot use JSX unless the '--jsx' flag is provided.
frontend/src/widgets/crm-tournament-settings/index.tsx(269,23): error TS17004: Cannot use JSX unless the '--jsx' flag is provided.
frontend/src/widgets/crm-tournament-settings/index.tsx(270,25): error TS17004: Cannot use JSX unless the '--jsx' flag is provided.
frontend/src/widgets/crm-tournament-settings/index.tsx(271,27): error TS17004: Cannot use JSX unless the '--jsx' flag is provided.
frontend/src/widgets/crm-tournament-settings/index.tsx(281,31): error TS17004: Cannot use JSX unless the '--jsx' flag is provided.
frontend/src/widgets/crm-tournament-settings/index.tsx(283,29): error TS17004: Cannot use JSX unless the '--jsx' flag is provided.
frontend/src/widgets/crm-tournament-settings/index.tsx(287,23): error TS17004: Cannot use JSX unless the '--jsx' flag is provided.
frontend/src/widgets/crm-tournament-settings/index.tsx(288,25): error TS17004: Cannot use JSX unless the '--jsx' flag is provided.
frontend/src/widgets/crm-tournament-settings/index.tsx(296,21): error TS17004: Cannot use JSX unless the '--jsx' flag is provided.
frontend/src/widgets/crm-tournament-settings/index.tsx(301,13): error TS17004: Cannot use JSX unless the '--jsx' flag is provided.
frontend/src/widgets/crm-tournament-settings/index.tsx(305,17): error TS17004: Cannot use JSX unless the '--jsx' flag is provided.
frontend/src/widgets/crm-tournament-settings/index.tsx(306,19): error TS17004: Cannot use JSX unless the '--jsx' flag is provided.
frontend/src/widgets/crm-tournament-settings/index.tsx(307,19): error TS17004: Cannot use JSX unless the '--jsx' flag is provided.
frontend/src/widgets/crm-tournament-settings/index.tsx(308,21): error TS17004: Cannot use JSX unless the '--jsx' flag is provided.
frontend/src/widgets/crm-tournament-settings/index.tsx(310,19): error TS17004: Cannot use JSX unless the '--jsx' flag is provided.
frontend/src/widgets/crm-tournament-settings/index.tsx(315,11): error TS17004: Cannot use JSX unless the '--jsx' flag is provided.
frontend/src/widgets/crm-tournament-settings/index.tsx(316,13): error TS17004: Cannot use JSX unless the '--jsx' flag is provided.
frontend/src/widgets/crm-tournament-settings/index.tsx(318,17): error TS17004: Cannot use JSX unless the '--jsx' flag is provided.
frontend/src/widgets/crm-tournament-sponsors/index.tsx(10,8): error TS2307: Cannot find module '@/shared/ui/card' or its corresponding type declarations.
frontend/src/widgets/crm-tournament-sponsors/index.tsx(18,8): error TS2307: Cannot find module '@/shared/ui/table' or its corresponding type declarations.
frontend/src/widgets/crm-tournament-sponsors/index.tsx(19,53): error TS2307: Cannot find module '@/shared/ui/avatar' or its corresponding type declarations.
frontend/src/widgets/crm-tournament-sponsors/index.tsx(20,24): error TS2307: Cannot find module '@/shared/ui/button' or its corresponding type declarations.
frontend/src/widgets/crm-tournament-sponsors/index.tsx(22,26): error TS2307: Cannot find module '@/shared/hooks/use-toast' or its corresponding type declarations.
frontend/src/widgets/crm-tournament-sponsors/index.tsx(23,26): error TS2307: Cannot find module '@/shared/ui/skeleton' or its corresponding type declarations.
frontend/src/widgets/crm-tournament-sponsors/index.tsx(29,8): error TS2307: Cannot find module '@/entities/tournament/api/sponsors' or its corresponding type declarations.
frontend/src/widgets/crm-tournament-sponsors/index.tsx(30,45): error TS2307: Cannot find module '@/entities/sponsor/model/types' or its corresponding type declarations.
frontend/src/widgets/crm-tournament-sponsors/index.tsx(31,37): error TS2307: Cannot find module '@/widgets/assign-sponsor-dialog' or its corresponding type declarations.
frontend/src/widgets/crm-tournament-sponsors/index.tsx(142,5): error TS17004: Cannot use JSX unless the '--jsx' flag is provided.
frontend/src/widgets/crm-tournament-sponsors/index.tsx(143,7): error TS17004: Cannot use JSX unless the '--jsx' flag is provided.
frontend/src/widgets/crm-tournament-sponsors/index.tsx(144,9): error TS17004: Cannot use JSX unless the '--jsx' flag is provided.
frontend/src/widgets/crm-tournament-sponsors/index.tsx(145,11): error TS17004: Cannot use JSX unless the '--jsx' flag is provided.
frontend/src/widgets/crm-tournament-sponsors/index.tsx(146,13): error TS17004: Cannot use JSX unless the '--jsx' flag is provided.
frontend/src/widgets/crm-tournament-sponsors/index.tsx(147,13): error TS17004: Cannot use JSX unless the '--jsx' flag is provided.
frontend/src/widgets/crm-tournament-sponsors/index.tsx(151,11): error TS17004: Cannot use JSX unless the '--jsx' flag is provided.
frontend/src/widgets/crm-tournament-sponsors/index.tsx(153,15): error TS17004: Cannot use JSX unless the '--jsx' flag is provided.
frontend/src/widgets/crm-tournament-sponsors/index.tsx(155,15): error TS17004: Cannot use JSX unless the '--jsx' flag is provided.
frontend/src/widgets/crm-tournament-sponsors/index.tsx(156,17): error TS17004: Cannot use JSX unless the '--jsx' flag is provided.
frontend/src/widgets/crm-tournament-sponsors/index.tsx(157,19): error TS17004: Cannot use JSX unless the '--jsx' flag is provided.
frontend/src/widgets/crm-tournament-sponsors/index.tsx(158,21): error TS17004: Cannot use JSX unless the '--jsx' flag is provided.
frontend/src/widgets/crm-tournament-sponsors/index.tsx(159,21): error TS17004: Cannot use JSX unless the '--jsx' flag is provided.
frontend/src/widgets/crm-tournament-sponsors/index.tsx(160,21): error TS17004: Cannot use JSX unless the '--jsx' flag is provided.
frontend/src/widgets/crm-tournament-sponsors/index.tsx(163,17): error TS17004: Cannot use JSX unless the '--jsx' flag is provided.
frontend/src/widgets/crm-tournament-sponsors/index.tsx(166,23): error TS17004: Cannot use JSX unless the '--jsx' flag is provided.
frontend/src/widgets/crm-tournament-sponsors/index.tsx(167,25): error TS17004: Cannot use JSX unless the '--jsx' flag is provided.
frontend/src/widgets/crm-tournament-sponsors/index.tsx(168,27): error TS17004: Cannot use JSX unless the '--jsx' flag is provided.
frontend/src/widgets/crm-tournament-sponsors/index.tsx(169,29): error TS17004: Cannot use JSX unless the '--jsx' flag is provided.
frontend/src/widgets/crm-tournament-sponsors/index.tsx(170,31): error TS17004: Cannot use JSX unless the '--jsx' flag is provided.
frontend/src/widgets/crm-tournament-sponsors/index.tsx(174,31): error TS17004: Cannot use JSX unless the '--jsx' flag is provided.
frontend/src/widgets/crm-tournament-sponsors/index.tsx(178,29): error TS17004: Cannot use JSX unless the '--jsx' flag is provided.
frontend/src/widgets/crm-tournament-sponsors/index.tsx(181,25): error TS17004: Cannot use JSX unless the '--jsx' flag is provided.
frontend/src/widgets/crm-tournament-sponsors/index.tsx(184,25): error TS17004: Cannot use JSX unless the '--jsx' flag is provided.
frontend/src/widgets/crm-tournament-sponsors/index.tsx(185,27): error TS17004: Cannot use JSX unless the '--jsx' flag is provided.
frontend/src/widgets/crm-tournament-sponsors/index.tsx(190,29): error TS17004: Cannot use JSX unless the '--jsx' flag is provided.
frontend/src/widgets/crm-tournament-sponsors/index.tsx(196,21): error TS17004: Cannot use JSX unless the '--jsx' flag is provided.
frontend/src/widgets/crm-tournament-sponsors/index.tsx(197,23): error TS17004: Cannot use JSX unless the '--jsx' flag is provided.
frontend/src/widgets/crm-tournament-sponsors/index.tsx(207,9): error TS17004: Cannot use JSX unless the '--jsx' flag is provided.
frontend/src/widgets/crm-tournament-sponsors/index.tsx(208,11): error TS17004: Cannot use JSX unless the '--jsx' flag is provided.
frontend/src/widgets/crm-tournament-sponsors/index.tsx(209,13): error TS17004: Cannot use JSX unless the '--jsx' flag is provided.
frontend/src/widgets/crm-tournament-sponsors/index.tsx(210,13): error TS17004: Cannot use JSX unless the '--jsx' flag is provided.
frontend/src/widgets/crm-tournament-sponsors/index.tsx(214,11): error TS17004: Cannot use JSX unless the '--jsx' flag is provided.
frontend/src/widgets/crm-tournament-sponsors/index.tsx(216,15): error TS17004: Cannot use JSX unless the '--jsx' flag is provided.
frontend/src/widgets/crm-tournament-sponsors/index.tsx(218,15): error TS17004: Cannot use JSX unless the '--jsx' flag is provided.
frontend/src/widgets/crm-tournament-sponsors/index.tsx(219,17): error TS17004: Cannot use JSX unless the '--jsx' flag is provided.
frontend/src/widgets/crm-tournament-sponsors/index.tsx(220,19): error TS17004: Cannot use JSX unless the '--jsx' flag is provided.
frontend/src/widgets/crm-tournament-sponsors/index.tsx(221,21): error TS17004: Cannot use JSX unless the '--jsx' flag is provided.
frontend/src/widgets/crm-tournament-sponsors/index.tsx(222,21): error TS17004: Cannot use JSX unless the '--jsx' flag is provided.
frontend/src/widgets/crm-tournament-sponsors/index.tsx(225,17): error TS17004: Cannot use JSX unless the '--jsx' flag is provided.
frontend/src/widgets/crm-tournament-sponsors/index.tsx(228,23): error TS17004: Cannot use JSX unless the '--jsx' flag is provided.
frontend/src/widgets/crm-tournament-sponsors/index.tsx(229,25): error TS17004: Cannot use JSX unless the '--jsx' flag is provided.
frontend/src/widgets/crm-tournament-sponsors/index.tsx(230,27): error TS17004: Cannot use JSX unless the '--jsx' flag is provided.
frontend/src/widgets/crm-tournament-sponsors/index.tsx(231,29): error TS17004: Cannot use JSX unless the '--jsx' flag is provided.
frontend/src/widgets/crm-tournament-sponsors/index.tsx(232,31): error TS17004: Cannot use JSX unless the '--jsx' flag is provided.
frontend/src/widgets/crm-tournament-sponsors/index.tsx(238,31): error TS17004: Cannot use JSX unless the '--jsx' flag is provided.
frontend/src/widgets/crm-tournament-sponsors/index.tsx(242,29): error TS17004: Cannot use JSX unless the '--jsx' flag is provided.
frontend/src/widgets/crm-tournament-sponsors/index.tsx(243,31): error TS17004: Cannot use JSX unless the '--jsx' flag is provided.
frontend/src/widgets/crm-tournament-sponsors/index.tsx(247,25): error TS17004: Cannot use JSX unless the '--jsx' flag is provided.
frontend/src/widgets/crm-tournament-sponsors/index.tsx(248,27): error TS17004: Cannot use JSX unless the '--jsx' flag is provided.
frontend/src/widgets/crm-tournament-sponsors/index.tsx(253,29): error TS17004: Cannot use JSX unless the '--jsx' flag is provided.
frontend/src/widgets/crm-tournament-sponsors/index.tsx(259,21): error TS17004: Cannot use JSX unless the '--jsx' flag is provided.
frontend/src/widgets/crm-tournament-sponsors/index.tsx(260,23): error TS17004: Cannot use JSX unless the '--jsx' flag is provided.
frontend/src/widgets/crm-tournament-sponsors/index.tsx(271,7): error TS17004: Cannot use JSX unless the '--jsx' flag is provided.
frontend/src/widgets/dispute-resolution-dialog/index.tsx(11,8): error TS2307: Cannot find module '@/shared/ui/dialog' or its corresponding type declarations.
frontend/src/widgets/dispute-resolution-dialog/index.tsx(12,24): error TS2307: Cannot find module '@/shared/ui/button' or its corresponding type declarations.
frontend/src/widgets/dispute-resolution-dialog/index.tsx(13,53): error TS2307: Cannot find module '@/shared/ui/avatar' or its corresponding type declarations.
frontend/src/widgets/dispute-resolution-dialog/index.tsx(14,27): error TS2307: Cannot find module '@/shared/ui/separator' or its corresponding type declarations.
frontend/src/widgets/dispute-resolution-dialog/index.tsx(27,8): error TS2307: Cannot find module '@/shared/api/genkit/flows/analyze-dispute-flow' or its corresponding type declarations.
frontend/src/widgets/dispute-resolution-dialog/index.tsx(28,53): error TS2307: Cannot find module '@/shared/ui/alert' or its corresponding type declarations.
frontend/src/widgets/dispute-resolution-dialog/index.tsx(29,23): error TS2307: Cannot find module '@/shared/ui/badge' or its corresponding type declarations.
frontend/src/widgets/dispute-resolution-dialog/index.tsx(32,28): error TS2307: Cannot find module '@/entities/match/model/types' or its corresponding type declarations.
frontend/src/widgets/dispute-resolution-dialog/index.tsx(126,5): error TS17004: Cannot use JSX unless the '--jsx' flag is provided.
frontend/src/widgets/dispute-resolution-dialog/index.tsx(127,7): error TS17004: Cannot use JSX unless the '--jsx' flag is provided.
frontend/src/widgets/dispute-resolution-dialog/index.tsx(128,9): error TS17004: Cannot use JSX unless the '--jsx' flag is provided.
frontend/src/widgets/dispute-resolution-dialog/index.tsx(129,11): error TS17004: Cannot use JSX unless the '--jsx' flag is provided.
frontend/src/widgets/dispute-resolution-dialog/index.tsx(132,11): error TS17004: Cannot use JSX unless the '--jsx' flag is provided.
frontend/src/widgets/dispute-resolution-dialog/index.tsx(136,9): error TS17004: Cannot use JSX unless the '--jsx' flag is provided.
frontend/src/widgets/dispute-resolution-dialog/index.tsx(137,11): error TS17004: Cannot use JSX unless the '--jsx' flag is provided.
frontend/src/widgets/dispute-resolution-dialog/index.tsx(138,13): error TS17004: Cannot use JSX unless the '--jsx' flag is provided.
frontend/src/widgets/dispute-resolution-dialog/index.tsx(139,13): error TS17004: Cannot use JSX unless the '--jsx' flag is provided.
frontend/src/widgets/dispute-resolution-dialog/index.tsx(143,15): error TS17004: Cannot use JSX unless the '--jsx' flag is provided.
frontend/src/widgets/dispute-resolution-dialog/index.tsx(151,11): error TS17004: Cannot use JSX unless the '--jsx' flag is provided.
frontend/src/widgets/dispute-resolution-dialog/index.tsx(152,11): error TS17004: Cannot use JSX unless the '--jsx' flag is provided.
frontend/src/widgets/dispute-resolution-dialog/index.tsx(153,13): error TS17004: Cannot use JSX unless the '--jsx' flag is provided.
frontend/src/widgets/dispute-resolution-dialog/index.tsx(154,13): error TS17004: Cannot use JSX unless the '--jsx' flag is provided.
frontend/src/widgets/dispute-resolution-dialog/index.tsx(155,15): error TS17004: Cannot use JSX unless the '--jsx' flag is provided.
frontend/src/widgets/dispute-resolution-dialog/index.tsx(156,17): error TS17004: Cannot use JSX unless the '--jsx' flag is provided.
frontend/src/widgets/dispute-resolution-dialog/index.tsx(157,19): error TS17004: Cannot use JSX unless the '--jsx' flag is provided.
frontend/src/widgets/dispute-resolution-dialog/index.tsx(158,21): error TS17004: Cannot use JSX unless the '--jsx' flag is provided.
frontend/src/widgets/dispute-resolution-dialog/index.tsx(162,21): error TS17004: Cannot use JSX unless the '--jsx' flag is provided.
frontend/src/widgets/dispute-resolution-dialog/index.tsx(166,19): error TS17004: Cannot use JSX unless the '--jsx' flag is provided.
frontend/src/widgets/dispute-resolution-dialog/index.tsx(168,17): error TS17004: Cannot use JSX unless the '--jsx' flag is provided.
frontend/src/widgets/dispute-resolution-dialog/index.tsx(169,19): error TS17004: Cannot use JSX unless the '--jsx' flag is provided.
frontend/src/widgets/dispute-resolution-dialog/index.tsx(170,21): error TS17004: Cannot use JSX unless the '--jsx' flag is provided.
frontend/src/widgets/dispute-resolution-dialog/index.tsx(172,19): error TS17004: Cannot use JSX unless the '--jsx' flag is provided.
frontend/src/widgets/dispute-resolution-dialog/index.tsx(173,21): error TS17004: Cannot use JSX unless the '--jsx' flag is provided.
frontend/src/widgets/dispute-resolution-dialog/index.tsx(177,15): error TS17004: Cannot use JSX unless the '--jsx' flag is provided.
frontend/src/widgets/dispute-resolution-dialog/index.tsx(178,17): error TS17004: Cannot use JSX unless the '--jsx' flag is provided.
frontend/src/widgets/dispute-resolution-dialog/index.tsx(179,19): error TS17004: Cannot use JSX unless the '--jsx' flag is provided.
frontend/src/widgets/dispute-resolution-dialog/index.tsx(180,21): error TS17004: Cannot use JSX unless the '--jsx' flag is provided.
frontend/src/widgets/dispute-resolution-dialog/index.tsx(184,21): error TS17004: Cannot use JSX unless the '--jsx' flag is provided.
frontend/src/widgets/dispute-resolution-dialog/index.tsx(188,19): error TS17004: Cannot use JSX unless the '--jsx' flag is provided.
frontend/src/widgets/dispute-resolution-dialog/index.tsx(190,17): error TS17004: Cannot use JSX unless the '--jsx' flag is provided.
frontend/src/widgets/dispute-resolution-dialog/index.tsx(191,19): error TS17004: Cannot use JSX unless the '--jsx' flag is provided.
frontend/src/widgets/dispute-resolution-dialog/index.tsx(192,21): error TS17004: Cannot use JSX unless the '--jsx' flag is provided.
frontend/src/widgets/dispute-resolution-dialog/index.tsx(195,19): error TS17004: Cannot use JSX unless the '--jsx' flag is provided.
frontend/src/widgets/dispute-resolution-dialog/index.tsx(196,21): error TS17004: Cannot use JSX unless the '--jsx' flag is provided.
frontend/src/widgets/dispute-resolution-dialog/index.tsx(202,11): error TS17004: Cannot use JSX unless the '--jsx' flag is provided.
frontend/src/widgets/dispute-resolution-dialog/index.tsx(203,11): error TS17004: Cannot use JSX unless the '--jsx' flag is provided.
frontend/src/widgets/dispute-resolution-dialog/index.tsx(204,13): error TS17004: Cannot use JSX unless the '--jsx' flag is provided.
frontend/src/widgets/dispute-resolution-dialog/index.tsx(205,15): error TS17004: Cannot use JSX unless the '--jsx' flag is provided.
frontend/src/widgets/dispute-resolution-dialog/index.tsx(206,15): error TS17004: Cannot use JSX unless the '--jsx' flag is provided.
frontend/src/widgets/dispute-resolution-dialog/index.tsx(213,19): error TS17004: Cannot use JSX unless the '--jsx' flag is provided.
frontend/src/widgets/dispute-resolution-dialog/index.tsx(215,19): error TS17004: Cannot use JSX unless the '--jsx' flag is provided.
frontend/src/widgets/dispute-resolution-dialog/index.tsx(221,15): error TS17004: Cannot use JSX unless the '--jsx' flag is provided.
frontend/src/widgets/dispute-resolution-dialog/index.tsx(222,17): error TS17004: Cannot use JSX unless the '--jsx' flag is provided.
frontend/src/widgets/dispute-resolution-dialog/index.tsx(223,19): error TS17004: Cannot use JSX unless the '--jsx' flag is provided.
frontend/src/widgets/dispute-resolution-dialog/index.tsx(228,15): error TS17004: Cannot use JSX unless the '--jsx' flag is provided.
frontend/src/widgets/dispute-resolution-dialog/index.tsx(229,17): error TS17004: Cannot use JSX unless the '--jsx' flag is provided.
frontend/src/widgets/dispute-resolution-dialog/index.tsx(230,17): error TS17004: Cannot use JSX unless the '--jsx' flag is provided.
frontend/src/widgets/dispute-resolution-dialog/index.tsx(231,17): error TS17004: Cannot use JSX unless the '--jsx' flag is provided.
frontend/src/widgets/dispute-resolution-dialog/index.tsx(235,15): error TS17004: Cannot use JSX unless the '--jsx' flag is provided.
frontend/src/widgets/dispute-resolution-dialog/index.tsx(236,17): error TS17004: Cannot use JSX unless the '--jsx' flag is provided.
frontend/src/widgets/dispute-resolution-dialog/index.tsx(237,17): error TS17004: Cannot use JSX unless the '--jsx' flag is provided.
frontend/src/widgets/dispute-resolution-dialog/index.tsx(238,19): error TS17004: Cannot use JSX unless the '--jsx' flag is provided.
frontend/src/widgets/dispute-resolution-dialog/index.tsx(242,19): error TS17004: Cannot use JSX unless the '--jsx' flag is provided.
frontend/src/widgets/dispute-resolution-dialog/index.tsx(249,17): error TS17004: Cannot use JSX unless the '--jsx' flag is provided.
frontend/src/widgets/dispute-resolution-dialog/index.tsx(255,11): error TS17004: Cannot use JSX unless the '--jsx' flag is provided.
frontend/src/widgets/dispute-resolution-dialog/index.tsx(256,11): error TS17004: Cannot use JSX unless the '--jsx' flag is provided.
frontend/src/widgets/dispute-resolution-dialog/index.tsx(257,13): error TS17004: Cannot use JSX unless the '--jsx' flag is provided.
frontend/src/widgets/dispute-resolution-dialog/index.tsx(258,13): error TS17004: Cannot use JSX unless the '--jsx' flag is provided.
frontend/src/widgets/dispute-resolution-dialog/index.tsx(259,15): error TS17004: Cannot use JSX unless the '--jsx' flag is provided.
frontend/src/widgets/dispute-resolution-dialog/index.tsx(268,17): error TS17004: Cannot use JSX unless the '--jsx' flag is provided.
frontend/src/widgets/dispute-resolution-dialog/index.tsx(271,15): error TS17004: Cannot use JSX unless the '--jsx' flag is provided.
frontend/src/widgets/dispute-resolution-dialog/index.tsx(280,17): error TS17004: Cannot use JSX unless the '--jsx' flag is provided.
frontend/src/widgets/dispute-resolution-dialog/index.tsx(283,15): error TS17004: Cannot use JSX unless the '--jsx' flag is provided.
frontend/src/widgets/dispute-resolution-dialog/index.tsx(295,9): error TS17004: Cannot use JSX unless the '--jsx' flag is provided.
frontend/src/widgets/dispute-resolution-dialog/index.tsx(296,11): error TS17004: Cannot use JSX unless the '--jsx' flag is provided.
frontend/src/widgets/exercise-history-table/index.tsx(10,8): error TS2307: Cannot find module '@/shared/ui/table' or its corresponding type declarations.
frontend/src/widgets/exercise-history-table/index.tsx(11,38): error TS2307: Cannot find module '@/entities/training-program/model/types' or its corresponding type declarations.
frontend/src/widgets/exercise-history-table/index.tsx(26,7): error TS17004: Cannot use JSX unless the '--jsx' flag is provided.
frontend/src/widgets/exercise-history-table/index.tsx(35,5): error TS17004: Cannot use JSX unless the '--jsx' flag is provided.
frontend/src/widgets/exercise-history-table/index.tsx(37,9): error TS17004: Cannot use JSX unless the '--jsx' flag is provided.
frontend/src/widgets/exercise-history-table/index.tsx(38,11): error TS17004: Cannot use JSX unless the '--jsx' flag is provided.
frontend/src/widgets/exercise-history-table/index.tsx(40,13): error TS17004: Cannot use JSX unless the '--jsx' flag is provided.
frontend/src/widgets/exercise-history-table/index.tsx(42,11): error TS17004: Cannot use JSX unless the '--jsx' flag is provided.
frontend/src/widgets/exercise-history-table/index.tsx(43,13): error TS17004: Cannot use JSX unless the '--jsx' flag is provided.
frontend/src/widgets/exercise-history-table/index.tsx(44,15): error TS17004: Cannot use JSX unless the '--jsx' flag is provided.
frontend/src/widgets/exercise-history-table/index.tsx(45,17): error TS17004: Cannot use JSX unless the '--jsx' flag is provided.
frontend/src/widgets/exercise-history-table/index.tsx(46,17): error TS17004: Cannot use JSX unless the '--jsx' flag is provided.
frontend/src/widgets/exercise-history-table/index.tsx(47,17): error TS17004: Cannot use JSX unless the '--jsx' flag is provided.
frontend/src/widgets/exercise-history-table/index.tsx(48,17): error TS17004: Cannot use JSX unless the '--jsx' flag is provided.
frontend/src/widgets/exercise-history-table/index.tsx(51,13): error TS17004: Cannot use JSX unless the '--jsx' flag is provided.
frontend/src/widgets/exercise-history-table/index.tsx(53,17): error TS17004: Cannot use JSX unless the '--jsx' flag is provided.
frontend/src/widgets/exercise-history-table/index.tsx(54,19): error TS17004: Cannot use JSX unless the '--jsx' flag is provided.
frontend/src/widgets/exercise-history-table/index.tsx(57,19): error TS17004: Cannot use JSX unless the '--jsx' flag is provided.
frontend/src/widgets/exercise-history-table/index.tsx(58,19): error TS17004: Cannot use JSX unless the '--jsx' flag is provided.
frontend/src/widgets/exercise-history-table/index.tsx(59,19): error TS17004: Cannot use JSX unless the '--jsx' flag is provided.
frontend/src/widgets/exercise-picker-dialog/index.tsx(4,24): error TS2307: Cannot find module '@/shared/ui/button' or its corresponding type declarations.
frontend/src/widgets/exercise-picker-dialog/index.tsx(12,8): error TS2307: Cannot find module '@/shared/ui/dialog' or its corresponding type declarations.
frontend/src/widgets/exercise-picker-dialog/index.tsx(13,23): error TS2307: Cannot find module '@/shared/ui/input' or its corresponding type declarations.
frontend/src/widgets/exercise-picker-dialog/index.tsx(14,26): error TS2307: Cannot find module '@/shared/ui/checkbox' or its corresponding type declarations.
frontend/src/widgets/exercise-picker-dialog/index.tsx(15,28): error TS2307: Cannot find module '@/shared/ui/scroll-area' or its corresponding type declarations.
frontend/src/widgets/exercise-picker-dialog/index.tsx(17,23): error TS2307: Cannot find module '@/shared/ui/badge' or its corresponding type declarations.
frontend/src/widgets/exercise-picker-dialog/index.tsx(18,31): error TS2307: Cannot find module '@/entities/exercise/model/types' or its corresponding type declarations.
frontend/src/widgets/exercise-picker-dialog/index.tsx(101,5): error TS17004: Cannot use JSX unless the '--jsx' flag is provided.
frontend/src/widgets/exercise-picker-dialog/index.tsx(102,7): error TS17004: Cannot use JSX unless the '--jsx' flag is provided.
frontend/src/widgets/exercise-picker-dialog/index.tsx(103,9): error TS17004: Cannot use JSX unless the '--jsx' flag is provided.
frontend/src/widgets/exercise-picker-dialog/index.tsx(104,11): error TS17004: Cannot use JSX unless the '--jsx' flag is provided.
frontend/src/widgets/exercise-picker-dialog/index.tsx(105,11): error TS17004: Cannot use JSX unless the '--jsx' flag is provided.
frontend/src/widgets/exercise-picker-dialog/index.tsx(111,9): error TS17004: Cannot use JSX unless the '--jsx' flag is provided.
frontend/src/widgets/exercise-picker-dialog/index.tsx(112,11): error TS17004: Cannot use JSX unless the '--jsx' flag is provided.
frontend/src/widgets/exercise-picker-dialog/index.tsx(113,13): error TS17004: Cannot use JSX unless the '--jsx' flag is provided.
frontend/src/widgets/exercise-picker-dialog/index.tsx(114,13): error TS17004: Cannot use JSX unless the '--jsx' flag is provided.
frontend/src/widgets/exercise-picker-dialog/index.tsx(121,11): error TS17004: Cannot use JSX unless the '--jsx' flag is provided.
frontend/src/widgets/exercise-picker-dialog/index.tsx(122,13): error TS17004: Cannot use JSX unless the '--jsx' flag is provided.
frontend/src/widgets/exercise-picker-dialog/index.tsx(123,15): error TS17004: Cannot use JSX unless the '--jsx' flag is provided.
frontend/src/widgets/exercise-picker-dialog/index.tsx(127,17): error TS17004: Cannot use JSX unless the '--jsx' flag is provided.
frontend/src/widgets/exercise-picker-dialog/index.tsx(137,13): error TS17004: Cannot use JSX unless the '--jsx' flag is provided.
frontend/src/widgets/exercise-picker-dialog/index.tsx(138,15): error TS17004: Cannot use JSX unless the '--jsx' flag is provided.
frontend/src/widgets/exercise-picker-dialog/index.tsx(142,17): error TS17004: Cannot use JSX unless the '--jsx' flag is provided.
frontend/src/widgets/exercise-picker-dialog/index.tsx(155,9): error TS17004: Cannot use JSX unless the '--jsx' flag is provided.
frontend/src/widgets/exercise-picker-dialog/index.tsx(156,11): error TS17004: Cannot use JSX unless the '--jsx' flag is provided.
frontend/src/widgets/exercise-picker-dialog/index.tsx(159,17): error TS17004: Cannot use JSX unless the '--jsx' flag is provided.
frontend/src/widgets/exercise-picker-dialog/index.tsx(163,19): error TS17004: Cannot use JSX unless the '--jsx' flag is provided.
frontend/src/widgets/exercise-picker-dialog/index.tsx(168,19): error TS17004: Cannot use JSX unless the '--jsx' flag is provided.
frontend/src/widgets/exercise-picker-dialog/index.tsx(173,21): error TS17004: Cannot use JSX unless the '--jsx' flag is provided.
frontend/src/widgets/exercise-picker-dialog/index.tsx(176,21): error TS17004: Cannot use JSX unless the '--jsx' flag is provided.
frontend/src/widgets/exercise-picker-dialog/index.tsx(183,15): error TS17004: Cannot use JSX unless the '--jsx' flag is provided.
frontend/src/widgets/exercise-picker-dialog/index.tsx(189,9): error TS17004: Cannot use JSX unless the '--jsx' flag is provided.
frontend/src/widgets/exercise-picker-dialog/index.tsx(190,11): error TS17004: Cannot use JSX unless the '--jsx' flag is provided.
frontend/src/widgets/exercise-picker-dialog/index.tsx(193,11): error TS17004: Cannot use JSX unless the '--jsx' flag is provided.
frontend/src/widgets/feed/index.tsx(3,59): error TS2307: Cannot find module '@/shared/ui/card' or its corresponding type declarations.
frontend/src/widgets/feed/index.tsx(4,53): error TS2307: Cannot find module '@/shared/ui/avatar' or its corresponding type declarations.
frontend/src/widgets/feed/index.tsx(16,24): error TS2307: Cannot find module '@/shared/ui/button' or its corresponding type declarations.
frontend/src/widgets/feed/index.tsx(17,27): error TS2307: Cannot find module '@/shared/ui/separator' or its corresponding type declarations.
frontend/src/widgets/feed/index.tsx(19,26): error TS2307: Cannot find module '@/shared/ui/skeleton' or its corresponding type declarations.
frontend/src/widgets/feed/index.tsx(20,40): error TS2307: Cannot find module '@/entities/feed/api/feed' or its corresponding type declarations.
frontend/src/widgets/feed/index.tsx(23,27): error TS2307: Cannot find module '@/shared/lib/types' or its corresponding type declarations.
frontend/src/widgets/feed/index.tsx(65,3): error TS17004: Cannot use JSX unless the '--jsx' flag is provided.
frontend/src/widgets/feed/index.tsx(66,5): error TS17004: Cannot use JSX unless the '--jsx' flag is provided.
frontend/src/widgets/feed/index.tsx(68,9): error TS17004: Cannot use JSX unless the '--jsx' flag is provided.
frontend/src/widgets/feed/index.tsx(70,9): error TS17004: Cannot use JSX unless the '--jsx' flag is provided.
frontend/src/widgets/feed/index.tsx(71,11): error TS17004: Cannot use JSX unless the '--jsx' flag is provided.
frontend/src/widgets/feed/index.tsx(74,7): error TS17004: Cannot use JSX unless the '--jsx' flag is provided.
frontend/src/widgets/feed/index.tsx(76,5): error TS17004: Cannot use JSX unless the '--jsx' flag is provided.
frontend/src/widgets/feed/index.tsx(77,7): error TS17004: Cannot use JSX unless the '--jsx' flag is provided.
frontend/src/widgets/feed/index.tsx(78,7): error TS17004: Cannot use JSX unless the '--jsx' flag is provided.
frontend/src/widgets/feed/index.tsx(85,5): error TS17004: Cannot use JSX unless the '--jsx' flag is provided.
frontend/src/widgets/feed/index.tsx(90,3): error TS17004: Cannot use JSX unless the '--jsx' flag is provided.
frontend/src/widgets/feed/index.tsx(91,5): error TS17004: Cannot use JSX unless the '--jsx' flag is provided.
frontend/src/widgets/feed/index.tsx(92,7): error TS17004: Cannot use JSX unless the '--jsx' flag is provided.
frontend/src/widgets/feed/index.tsx(95,5): error TS17004: Cannot use JSX unless the '--jsx' flag is provided.
frontend/src/widgets/feed/index.tsx(96,7): error TS17004: Cannot use JSX unless the '--jsx' flag is provided.
frontend/src/widgets/feed/index.tsx(99,5): error TS17004: Cannot use JSX unless the '--jsx' flag is provided.
frontend/src/widgets/feed/index.tsx(100,7): error TS17004: Cannot use JSX unless the '--jsx' flag is provided.
frontend/src/widgets/feed/index.tsx(108,5): error TS17004: Cannot use JSX unless the '--jsx' flag is provided.
frontend/src/widgets/feed/index.tsx(109,7): error TS17004: Cannot use JSX unless the '--jsx' flag is provided.
frontend/src/widgets/feed/index.tsx(110,7): error TS17004: Cannot use JSX unless the '--jsx' flag is provided.
frontend/src/widgets/feed/index.tsx(111,9): error TS17004: Cannot use JSX unless the '--jsx' flag is provided.
frontend/src/widgets/feed/index.tsx(116,7): error TS17004: Cannot use JSX unless the '--jsx' flag is provided.
frontend/src/widgets/feed/index.tsx(117,7): error TS17004: Cannot use JSX unless the '--jsx' flag is provided.
frontend/src/widgets/feed/index.tsx(123,3): error TS17004: Cannot use JSX unless the '--jsx' flag is provided.
frontend/src/widgets/feed/index.tsx(124,5): error TS17004: Cannot use JSX unless the '--jsx' flag is provided.
frontend/src/widgets/feed/index.tsx(125,5): error TS17004: Cannot use JSX unless the '--jsx' flag is provided.
frontend/src/widgets/feed/index.tsx(126,5): error TS17004: Cannot use JSX unless the '--jsx' flag is provided.
frontend/src/widgets/feed/index.tsx(162,5): error TS17004: Cannot use JSX unless the '--jsx' flag is provided.
frontend/src/widgets/feed/index.tsx(164,9): error TS17004: Cannot use JSX unless the '--jsx' flag is provided.
frontend/src/widgets/feed/index.tsx(166,34): error TS17004: Cannot use JSX unless the '--jsx' flag is provided.
frontend/src/widgets/global-search/index.tsx(9,8): error TS2307: Cannot find module '@/shared/ui/card' or its corresponding type declarations.
frontend/src/widgets/global-search/index.tsx(10,23): error TS2307: Cannot find module '@/shared/ui/input' or its corresponding type declarations.
frontend/src/widgets/global-search/index.tsx(15,5): error TS17004: Cannot use JSX unless the '--jsx' flag is provided.
frontend/src/widgets/global-search/index.tsx(16,7): error TS17004: Cannot use JSX unless the '--jsx' flag is provided.
frontend/src/widgets/global-search/index.tsx(17,9): error TS17004: Cannot use JSX unless the '--jsx' flag is provided.
frontend/src/widgets/global-search/index.tsx(18,9): error TS17004: Cannot use JSX unless the '--jsx' flag is provided.
frontend/src/widgets/global-search/index.tsx(21,11): error TS17004: Cannot use JSX unless the '--jsx' flag is provided.
frontend/src/widgets/global-search/index.tsx(27,7): error TS17004: Cannot use JSX unless the '--jsx' flag is provided.
frontend/src/widgets/global-search/index.tsx(28,9): error TS17004: Cannot use JSX unless the '--jsx' flag is provided.
frontend/src/widgets/global-search/index.tsx(29,11): error TS17004: Cannot use JSX unless the '--jsx' flag is provided.
frontend/src/widgets/global-search/index.tsx(30,11): error TS17004: Cannot use JSX unless the '--jsx' flag is provided.
frontend/src/widgets/header-cart/index.tsx(3,24): error TS2307: Cannot find module '@/shared/ui/button' or its corresponding type declarations.
frontend/src/widgets/header-cart/index.tsx(4,23): error TS2307: Cannot find module '@/shared/ui/badge' or its corresponding type declarations.
frontend/src/widgets/header-cart/index.tsx(6,25): error TS2307: Cannot find module '@/shared/context/cart-provider' or its corresponding type declarations.
frontend/src/widgets/header-cart/index.tsx(12,5): error TS17004: Cannot use JSX unless the '--jsx' flag is provided.
frontend/src/widgets/header-cart/index.tsx(18,7): error TS17004: Cannot use JSX unless the '--jsx' flag is provided.
frontend/src/widgets/header-cart/index.tsx(20,9): error TS17004: Cannot use JSX unless the '--jsx' flag is provided.
frontend/src/widgets/header-cart/index.tsx(24,7): error TS17004: Cannot use JSX unless the '--jsx' flag is provided.
frontend/src/widgets/holistic-analysis-tab/index.tsx(4,24): error TS2307: Cannot find module '@/shared/ui/button' or its corresponding type declarations.
frontend/src/widgets/holistic-analysis-tab/index.tsx(11,8): error TS2307: Cannot find module '@/shared/ui/card' or its corresponding type declarations.
frontend/src/widgets/holistic-analysis-tab/index.tsx(12,53): error TS2307: Cannot find module '@/shared/ui/alert' or its corresponding type declarations.
frontend/src/widgets/holistic-analysis-tab/index.tsx(13,26): error TS2307: Cannot find module '@/shared/ui/skeleton' or its corresponding type declarations.
frontend/src/widgets/holistic-analysis-tab/index.tsx(27,8): error TS2307: Cannot find module '@/shared/api/genkit/flows/analyze-holistic-performance-flow' or its corresponding type declarations.
frontend/src/widgets/holistic-analysis-tab/index.tsx(28,38): error TS2307: Cannot find module '@/shared/lib/get-training-analytics' or its corresponding type declarations.
frontend/src/widgets/holistic-analysis-tab/index.tsx(29,35): error TS2307: Cannot find module '@/widgets/ai-form-check-dialog' or its corresponding type declarations.
frontend/src/widgets/holistic-analysis-tab/index.tsx(36,8): error TS2307: Cannot find module '@/shared/ui/select' or its corresponding type declarations.
frontend/src/widgets/holistic-analysis-tab/index.tsx(37,29): error TS2307: Cannot find module '@/shared/context/training-provider' or its corresponding type declarations.
frontend/src/widgets/holistic-analysis-tab/index.tsx(38,34): error TS2307: Cannot find module '@/entities/user/model/types' or its corresponding type declarations.
frontend/src/widgets/holistic-analysis-tab/index.tsx(100,5): error TS17004: Cannot use JSX unless the '--jsx' flag is provided.
frontend/src/widgets/holistic-analysis-tab/index.tsx(101,7): error TS17004: Cannot use JSX unless the '--jsx' flag is provided.
frontend/src/widgets/holistic-analysis-tab/index.tsx(102,9): error TS17004: Cannot use JSX unless the '--jsx' flag is provided.
frontend/src/widgets/holistic-analysis-tab/index.tsx(103,11): error TS17004: Cannot use JSX unless the '--jsx' flag is provided.
frontend/src/widgets/holistic-analysis-tab/index.tsx(104,13): error TS17004: Cannot use JSX unless the '--jsx' flag is provided.
frontend/src/widgets/holistic-analysis-tab/index.tsx(105,13): error TS17004: Cannot use JSX unless the '--jsx' flag is provided.
frontend/src/widgets/holistic-analysis-tab/index.tsx(110,11): error TS17004: Cannot use JSX unless the '--jsx' flag is provided.
frontend/src/widgets/holistic-analysis-tab/index.tsx(112,15): error TS17004: Cannot use JSX unless the '--jsx' flag is provided.
frontend/src/widgets/holistic-analysis-tab/index.tsx(113,17): error TS17004: Cannot use JSX unless the '--jsx' flag is provided.
frontend/src/widgets/holistic-analysis-tab/index.tsx(114,17): error TS17004: Cannot use JSX unless the '--jsx' flag is provided.
frontend/src/widgets/holistic-analysis-tab/index.tsx(115,17): error TS17004: Cannot use JSX unless the '--jsx' flag is provided.
frontend/src/widgets/holistic-analysis-tab/index.tsx(120,17): error TS17004: Cannot use JSX unless the '--jsx' flag is provided.
frontend/src/widgets/holistic-analysis-tab/index.tsx(125,21): error TS17004: Cannot use JSX unless the '--jsx' flag is provided.
frontend/src/widgets/holistic-analysis-tab/index.tsx(127,21): error TS17004: Cannot use JSX unless the '--jsx' flag is provided.
frontend/src/widgets/holistic-analysis-tab/index.tsx(135,15): error TS17004: Cannot use JSX unless the '--jsx' flag is provided.
frontend/src/widgets/holistic-analysis-tab/index.tsx(136,17): error TS17004: Cannot use JSX unless the '--jsx' flag is provided.
frontend/src/widgets/holistic-analysis-tab/index.tsx(137,17): error TS17004: Cannot use JSX unless the '--jsx' flag is provided.
frontend/src/widgets/holistic-analysis-tab/index.tsx(142,15): error TS17004: Cannot use JSX unless the '--jsx' flag is provided.
frontend/src/widgets/holistic-analysis-tab/index.tsx(143,17): error TS17004: Cannot use JSX unless the '--jsx' flag is provided.
frontend/src/widgets/holistic-analysis-tab/index.tsx(144,17): error TS17004: Cannot use JSX unless the '--jsx' flag is provided.
frontend/src/widgets/holistic-analysis-tab/index.tsx(145,17): error TS17004: Cannot use JSX unless the '--jsx' flag is provided.
frontend/src/widgets/holistic-analysis-tab/index.tsx(150,15): error TS17004: Cannot use JSX unless the '--jsx' flag is provided.
frontend/src/widgets/holistic-analysis-tab/index.tsx(151,17): error TS17004: Cannot use JSX unless the '--jsx' flag is provided.
frontend/src/widgets/holistic-analysis-tab/index.tsx(152,19): error TS17004: Cannot use JSX unless the '--jsx' flag is provided.
frontend/src/widgets/holistic-analysis-tab/index.tsx(153,19): error TS17004: Cannot use JSX unless the '--jsx' flag is provided.
frontend/src/widgets/holistic-analysis-tab/index.tsx(158,17): error TS17004: Cannot use JSX unless the '--jsx' flag is provided.
frontend/src/widgets/holistic-analysis-tab/index.tsx(159,19): error TS17004: Cannot use JSX unless the '--jsx' flag is provided.
frontend/src/widgets/holistic-analysis-tab/index.tsx(160,21): error TS17004: Cannot use JSX unless the '--jsx' flag is provided.
frontend/src/widgets/holistic-analysis-tab/index.tsx(164,21): error TS17004: Cannot use JSX unless the '--jsx' flag is provided.
frontend/src/widgets/holistic-analysis-tab/index.tsx(165,23): error TS17004: Cannot use JSX unless the '--jsx' flag is provided.
frontend/src/widgets/holistic-analysis-tab/index.tsx(166,25): error TS17004: Cannot use JSX unless the '--jsx' flag is provided.
frontend/src/widgets/holistic-analysis-tab/index.tsx(167,27): error TS17004: Cannot use JSX unless the '--jsx' flag is provided.
frontend/src/widgets/holistic-analysis-tab/index.tsx(170,23): error TS17004: Cannot use JSX unless the '--jsx' flag is provided.
frontend/src/widgets/holistic-analysis-tab/index.tsx(171,25): error TS17004: Cannot use JSX unless the '--jsx' flag is provided.
frontend/src/widgets/holistic-analysis-tab/index.tsx(179,17): error TS17004: Cannot use JSX unless the '--jsx' flag is provided.
frontend/src/widgets/holistic-analysis-tab/index.tsx(180,19): error TS17004: Cannot use JSX unless the '--jsx' flag is provided.
frontend/src/widgets/holistic-analysis-tab/index.tsx(181,21): error TS17004: Cannot use JSX unless the '--jsx' flag is provided.
frontend/src/widgets/holistic-analysis-tab/index.tsx(184,19): error TS17004: Cannot use JSX unless the '--jsx' flag is provided.
frontend/src/widgets/holistic-analysis-tab/index.tsx(186,23): error TS17004: Cannot use JSX unless the '--jsx' flag is provided.
frontend/src/widgets/holistic-analysis-tab/index.tsx(191,17): error TS17004: Cannot use JSX unless the '--jsx' flag is provided.
frontend/src/widgets/holistic-analysis-tab/index.tsx(192,19): error TS17004: Cannot use JSX unless the '--jsx' flag is provided.
frontend/src/widgets/holistic-analysis-tab/index.tsx(198,23): error TS17004: Cannot use JSX unless the '--jsx' flag is provided.
frontend/src/widgets/holistic-analysis-tab/index.tsx(200,23): error TS17004: Cannot use JSX unless the '--jsx' flag is provided.
frontend/src/widgets/holistic-analysis-tab/index.tsx(210,9): error TS17004: Cannot use JSX unless the '--jsx' flag is provided.
frontend/src/widgets/holistic-analysis-tab/index.tsx(211,11): error TS17004: Cannot use JSX unless the '--jsx' flag is provided.
frontend/src/widgets/holistic-analysis-tab/index.tsx(212,13): error TS17004: Cannot use JSX unless the '--jsx' flag is provided.
frontend/src/widgets/holistic-analysis-tab/index.tsx(213,15): error TS17004: Cannot use JSX unless the '--jsx' flag is provided.
frontend/src/widgets/holistic-analysis-tab/index.tsx(215,13): error TS17004: Cannot use JSX unless the '--jsx' flag is provided.
frontend/src/widgets/holistic-analysis-tab/index.tsx(220,11): error TS17004: Cannot use JSX unless the '--jsx' flag is provided.
frontend/src/widgets/holistic-analysis-tab/index.tsx(221,13): error TS17004: Cannot use JSX unless the '--jsx' flag is provided.
frontend/src/widgets/holistic-analysis-tab/index.tsx(225,15): error TS17004: Cannot use JSX unless the '--jsx' flag is provided.
frontend/src/widgets/holistic-analysis-tab/index.tsx(226,17): error TS17004: Cannot use JSX unless the '--jsx' flag is provided.
frontend/src/widgets/holistic-analysis-tab/index.tsx(228,15): error TS17004: Cannot use JSX unless the '--jsx' flag is provided.
frontend/src/widgets/holistic-analysis-tab/index.tsx(230,19): error TS17004: Cannot use JSX unless the '--jsx' flag is provided.
frontend/src/widgets/holistic-analysis-tab/index.tsx(236,13): error TS17004: Cannot use JSX unless the '--jsx' flag is provided.
frontend/src/widgets/holistic-analysis-tab/index.tsx(246,7): error TS17004: Cannot use JSX unless the '--jsx' flag is provided.
frontend/src/widgets/join-request-analysis-dialog/index.tsx(11,8): error TS2307: Cannot find module '@/shared/ui/dialog' or its corresponding type declarations.
frontend/src/widgets/join-request-analysis-dialog/index.tsx(12,24): error TS2307: Cannot find module '@/shared/ui/button' or its corresponding type declarations.
frontend/src/widgets/join-request-analysis-dialog/index.tsx(17,8): error TS2307: Cannot find module '@/shared/api/genkit/flows/analyze-join-request-flow' or its corresponding type declarations.
frontend/src/widgets/join-request-analysis-dialog/index.tsx(18,53): error TS2307: Cannot find module '@/shared/ui/alert' or its corresponding type declarations.
frontend/src/widgets/join-request-analysis-dialog/index.tsx(19,23): error TS2307: Cannot find module '@/shared/ui/badge' or its corresponding type declarations.
frontend/src/widgets/join-request-analysis-dialog/index.tsx(20,34): error TS2307: Cannot find module '@/entities/team-application/model/types' or its corresponding type declarations.
frontend/src/widgets/join-request-analysis-dialog/index.tsx(99,5): error TS17004: Cannot use JSX unless the '--jsx' flag is provided.
frontend/src/widgets/join-request-analysis-dialog/index.tsx(100,7): error TS17004: Cannot use JSX unless the '--jsx' flag is provided.
frontend/src/widgets/join-request-analysis-dialog/index.tsx(101,9): error TS17004: Cannot use JSX unless the '--jsx' flag is provided.
frontend/src/widgets/join-request-analysis-dialog/index.tsx(102,11): error TS17004: Cannot use JSX unless the '--jsx' flag is provided.
frontend/src/widgets/join-request-analysis-dialog/index.tsx(103,11): error TS17004: Cannot use JSX unless the '--jsx' flag is provided.
frontend/src/widgets/join-request-analysis-dialog/index.tsx(107,9): error TS17004: Cannot use JSX unless the '--jsx' flag is provided.
frontend/src/widgets/join-request-analysis-dialog/index.tsx(109,13): error TS17004: Cannot use JSX unless the '--jsx' flag is provided.
frontend/src/widgets/join-request-analysis-dialog/index.tsx(110,15): error TS17004: Cannot use JSX unless the '--jsx' flag is provided.
frontend/src/widgets/join-request-analysis-dialog/index.tsx(111,15): error TS17004: Cannot use JSX unless the '--jsx' flag is provided.
frontend/src/widgets/join-request-analysis-dialog/index.tsx(117,13): error TS17004: Cannot use JSX unless the '--jsx' flag is provided.
frontend/src/widgets/join-request-analysis-dialog/index.tsx(118,15): error TS17004: Cannot use JSX unless the '--jsx' flag is provided.
frontend/src/widgets/join-request-analysis-dialog/index.tsx(119,15): error TS17004: Cannot use JSX unless the '--jsx' flag is provided.
frontend/src/widgets/join-request-analysis-dialog/index.tsx(120,15): error TS17004: Cannot use JSX unless the '--jsx' flag is provided.
frontend/src/widgets/join-request-analysis-dialog/index.tsx(124,13): error TS17004: Cannot use JSX unless the '--jsx' flag is provided.
frontend/src/widgets/join-request-analysis-dialog/index.tsx(125,15): error TS17004: Cannot use JSX unless the '--jsx' flag is provided.
frontend/src/widgets/join-request-analysis-dialog/index.tsx(126,17): error TS17004: Cannot use JSX unless the '--jsx' flag is provided.
frontend/src/widgets/join-request-analysis-dialog/index.tsx(127,17): error TS17004: Cannot use JSX unless the '--jsx' flag is provided.
frontend/src/widgets/join-request-analysis-dialog/index.tsx(128,19): error TS17004: Cannot use JSX unless the '--jsx' flag is provided.
frontend/src/widgets/join-request-analysis-dialog/index.tsx(138,19): error TS17004: Cannot use JSX unless the '--jsx' flag is provided.
frontend/src/widgets/join-request-analysis-dialog/index.tsx(145,17): error TS17004: Cannot use JSX unless the '--jsx' flag is provided.
frontend/src/widgets/join-request-analysis-dialog/index.tsx(147,15): error TS17004: Cannot use JSX unless the '--jsx' flag is provided.
frontend/src/widgets/join-request-analysis-dialog/index.tsx(148,17): error TS17004: Cannot use JSX unless the '--jsx' flag is provided.
frontend/src/widgets/join-request-analysis-dialog/index.tsx(154,9): error TS17004: Cannot use JSX unless the '--jsx' flag is provided.
frontend/src/widgets/join-request-analysis-dialog/index.tsx(155,11): error TS17004: Cannot use JSX unless the '--jsx' flag is provided.
frontend/src/widgets/judge-profile-tabs/judged-matches-tab.tsx(9,8): error TS2307: Cannot find module '@/shared/ui/card' or its corresponding type declarations.
frontend/src/widgets/judge-profile-tabs/judged-matches-tab.tsx(17,8): error TS2307: Cannot find module '@/shared/ui/table' or its corresponding type declarations.
frontend/src/widgets/judge-profile-tabs/judged-matches-tab.tsx(20,34): error TS2307: Cannot find module '@/entities/user/model/types' or its corresponding type declarations.
frontend/src/widgets/judge-profile-tabs/judged-matches-tab.tsx(29,7): error TS17004: Cannot use JSX unless the '--jsx' flag is provided.
frontend/src/widgets/judge-profile-tabs/judged-matches-tab.tsx(30,9): error TS17004: Cannot use JSX unless the '--jsx' flag is provided.
frontend/src/widgets/judge-profile-tabs/judged-matches-tab.tsx(31,11): error TS17004: Cannot use JSX unless the '--jsx' flag is provided.
frontend/src/widgets/judge-profile-tabs/judged-matches-tab.tsx(32,11): error TS17004: Cannot use JSX unless the '--jsx' flag is provided.
frontend/src/widgets/judge-profile-tabs/judged-matches-tab.tsx(39,5): error TS17004: Cannot use JSX unless the '--jsx' flag is provided.
frontend/src/widgets/judge-profile-tabs/judged-matches-tab.tsx(40,7): error TS17004: Cannot use JSX unless the '--jsx' flag is provided.
frontend/src/widgets/judge-profile-tabs/judged-matches-tab.tsx(41,9): error TS17004: Cannot use JSX unless the '--jsx' flag is provided.
frontend/src/widgets/judge-profile-tabs/judged-matches-tab.tsx(42,9): error TS17004: Cannot use JSX unless the '--jsx' flag is provided.
frontend/src/widgets/judge-profile-tabs/judged-matches-tab.tsx(46,7): error TS17004: Cannot use JSX unless the '--jsx' flag is provided.
frontend/src/widgets/judge-profile-tabs/judged-matches-tab.tsx(47,9): error TS17004: Cannot use JSX unless the '--jsx' flag is provided.
frontend/src/widgets/judge-profile-tabs/judged-matches-tab.tsx(48,11): error TS17004: Cannot use JSX unless the '--jsx' flag is provided.
frontend/src/widgets/judge-profile-tabs/judged-matches-tab.tsx(49,13): error TS17004: Cannot use JSX unless the '--jsx' flag is provided.
frontend/src/widgets/judge-profile-tabs/judged-matches-tab.tsx(50,15): error TS17004: Cannot use JSX unless the '--jsx' flag is provided.
frontend/src/widgets/judge-profile-tabs/judged-matches-tab.tsx(51,15): error TS17004: Cannot use JSX unless the '--jsx' flag is provided.
frontend/src/widgets/judge-profile-tabs/judged-matches-tab.tsx(52,15): error TS17004: Cannot use JSX unless the '--jsx' flag is provided.
frontend/src/widgets/judge-profile-tabs/judged-matches-tab.tsx(55,11): error TS17004: Cannot use JSX unless the '--jsx' flag is provided.
frontend/src/widgets/judge-profile-tabs/judged-matches-tab.tsx(57,15): error TS17004: Cannot use JSX unless the '--jsx' flag is provided.
frontend/src/widgets/judge-profile-tabs/judged-matches-tab.tsx(58,17): error TS17004: Cannot use JSX unless the '--jsx' flag is provided.
frontend/src/widgets/judge-profile-tabs/judged-matches-tab.tsx(61,17): error TS17004: Cannot use JSX unless the '--jsx' flag is provided.
frontend/src/widgets/judge-profile-tabs/judged-matches-tab.tsx(64,17): error TS17004: Cannot use JSX unless the '--jsx' flag is provided.
frontend/src/widgets/landing/index.tsx(4,24): error TS2307: Cannot find module '@/shared/ui/button' or its corresponding type declarations.
frontend/src/widgets/landing/index.tsx(5,22): error TS2307: Cannot find module '@/shared/ui/icons' or its corresponding type declarations.
frontend/src/widgets/landing/index.tsx(14,35): error TS2307: Cannot find module '@/shared/ui/card' or its corresponding type declarations.
frontend/src/widgets/landing/index.tsx(19,7): error TS17004: Cannot use JSX unless the '--jsx' flag is provided.
frontend/src/widgets/landing/index.tsx(21,11): error TS17004: Cannot use JSX unless the '--jsx' flag is provided.
frontend/src/widgets/landing/index.tsx(75,5): error TS17004: Cannot use JSX unless the '--jsx' flag is provided.
frontend/src/widgets/landing/index.tsx(76,7): error TS17004: Cannot use JSX unless the '--jsx' flag is provided.
frontend/src/widgets/landing/index.tsx(77,9): error TS17004: Cannot use JSX unless the '--jsx' flag is provided.
frontend/src/widgets/landing/index.tsx(78,11): error TS17004: Cannot use JSX unless the '--jsx' flag is provided.
frontend/src/widgets/landing/index.tsx(79,11): error TS17004: Cannot use JSX unless the '--jsx' flag is provided.
frontend/src/widgets/landing/index.tsx(81,9): error TS17004: Cannot use JSX unless the '--jsx' flag is provided.
frontend/src/widgets/landing/index.tsx(82,11): error TS17004: Cannot use JSX unless the '--jsx' flag is provided.
frontend/src/widgets/landing/index.tsx(87,7): error TS17004: Cannot use JSX unless the '--jsx' flag is provided.
frontend/src/widgets/landing/index.tsx(88,9): error TS17004: Cannot use JSX unless the '--jsx' flag is provided.
frontend/src/widgets/landing/index.tsx(89,11): error TS17004: Cannot use JSX unless the '--jsx' flag is provided.
frontend/src/widgets/landing/index.tsx(90,13): error TS17004: Cannot use JSX unless the '--jsx' flag is provided.
frontend/src/widgets/landing/index.tsx(91,13): error TS17004: Cannot use JSX unless the '--jsx' flag is provided.
frontend/src/widgets/landing/index.tsx(96,13): error TS17004: Cannot use JSX unless the '--jsx' flag is provided.
frontend/src/widgets/landing/index.tsx(97,15): error TS17004: Cannot use JSX unless the '--jsx' flag is provided.
frontend/src/widgets/landing/index.tsx(102,17): error TS17004: Cannot use JSX unless the '--jsx' flag is provided.
frontend/src/widgets/landing/index.tsx(104,15): error TS17004: Cannot use JSX unless the '--jsx' flag is provided.
frontend/src/widgets/landing/index.tsx(110,17): error TS17004: Cannot use JSX unless the '--jsx' flag is provided.
frontend/src/widgets/landing/index.tsx(117,9): error TS17004: Cannot use JSX unless the '--jsx' flag is provided.
frontend/src/widgets/landing/index.tsx(118,11): error TS17004: Cannot use JSX unless the '--jsx' flag is provided.
frontend/src/widgets/landing/index.tsx(119,13): error TS17004: Cannot use JSX unless the '--jsx' flag is provided.
frontend/src/widgets/landing/index.tsx(120,15): error TS17004: Cannot use JSX unless the '--jsx' flag is provided.
frontend/src/widgets/landing/index.tsx(123,15): error TS17004: Cannot use JSX unless the '--jsx' flag is provided.
frontend/src/widgets/landing/index.tsx(128,13): error TS17004: Cannot use JSX unless the '--jsx' flag is provided.
frontend/src/widgets/landing/index.tsx(130,17): error TS17004: Cannot use JSX unless the '--jsx' flag is provided.
frontend/src/widgets/landing/index.tsx(131,19): error TS17004: Cannot use JSX unless the '--jsx' flag is provided.
frontend/src/widgets/landing/index.tsx(132,21): error TS17004: Cannot use JSX unless the '--jsx' flag is provided.
frontend/src/widgets/landing/index.tsx(134,19): error TS17004: Cannot use JSX unless the '--jsx' flag is provided.
frontend/src/widgets/landing/index.tsx(137,19): error TS17004: Cannot use JSX unless the '--jsx' flag is provided.
frontend/src/widgets/landing/index.tsx(145,9): error TS17004: Cannot use JSX unless the '--jsx' flag is provided.
frontend/src/widgets/landing/index.tsx(146,11): error TS17004: Cannot use JSX unless the '--jsx' flag is provided.
frontend/src/widgets/landing/index.tsx(147,13): error TS17004: Cannot use JSX unless the '--jsx' flag is provided.
frontend/src/widgets/landing/index.tsx(148,15): error TS17004: Cannot use JSX unless the '--jsx' flag is provided.
frontend/src/widgets/landing/index.tsx(151,15): error TS17004: Cannot use JSX unless the '--jsx' flag is provided.
frontend/src/widgets/landing/index.tsx(155,13): error TS17004: Cannot use JSX unless the '--jsx' flag is provided.
frontend/src/widgets/landing/index.tsx(157,17): error TS17004: Cannot use JSX unless the '--jsx' flag is provided.
frontend/src/widgets/landing/index.tsx(158,19): error TS17004: Cannot use JSX unless the '--jsx' flag is provided.
frontend/src/widgets/landing/index.tsx(159,21): error TS17004: Cannot use JSX unless the '--jsx' flag is provided.
frontend/src/widgets/landing/index.tsx(160,23): error TS17004: Cannot use JSX unless the '--jsx' flag is provided.
frontend/src/widgets/landing/index.tsx(162,21): error TS17004: Cannot use JSX unless the '--jsx' flag is provided.
frontend/src/widgets/landing/index.tsx(163,21): error TS17004: Cannot use JSX unless the '--jsx' flag is provided.
frontend/src/widgets/landing/index.tsx(174,9): error TS17004: Cannot use JSX unless the '--jsx' flag is provided.
frontend/src/widgets/landing/index.tsx(175,11): error TS17004: Cannot use JSX unless the '--jsx' flag is provided.
frontend/src/widgets/landing/index.tsx(176,13): error TS17004: Cannot use JSX unless the '--jsx' flag is provided.
frontend/src/widgets/landing/index.tsx(179,13): error TS17004: Cannot use JSX unless the '--jsx' flag is provided.
frontend/src/widgets/landing/index.tsx(183,13): error TS17004: Cannot use JSX unless the '--jsx' flag is provided.
frontend/src/widgets/landing/index.tsx(184,15): error TS17004: Cannot use JSX unless the '--jsx' flag is provided.
frontend/src/widgets/landing/index.tsx(185,17): error TS17004: Cannot use JSX unless the '--jsx' flag is provided.
frontend/src/widgets/landing/index.tsx(192,7): error TS17004: Cannot use JSX unless the '--jsx' flag is provided.
frontend/src/widgets/lfg-card/index.tsx(10,8): error TS2307: Cannot find module '@/shared/ui/card' or its corresponding type declarations.
frontend/src/widgets/lfg-card/index.tsx(11,24): error TS2307: Cannot find module '@/shared/ui/button' or its corresponding type declarations.
frontend/src/widgets/lfg-card/index.tsx(12,23): error TS2307: Cannot find module '@/shared/ui/badge' or its corresponding type declarations.
frontend/src/widgets/lfg-card/index.tsx(13,53): error TS2307: Cannot find module '@/shared/ui/avatar' or its corresponding type declarations.
frontend/src/widgets/lfg-card/index.tsx(22,31): error TS2307: Cannot find module '@/shared/context/lfg-provider' or its corresponding type declarations.
frontend/src/widgets/lfg-card/index.tsx(35,5): error TS17004: Cannot use JSX unless the '--jsx' flag is provided.
frontend/src/widgets/lfg-card/index.tsx(36,7): error TS17004: Cannot use JSX unless the '--jsx' flag is provided.
frontend/src/widgets/lfg-card/index.tsx(37,9): error TS17004: Cannot use JSX unless the '--jsx' flag is provided.
frontend/src/widgets/lfg-card/index.tsx(38,11): error TS17004: Cannot use JSX unless the '--jsx' flag is provided.
frontend/src/widgets/lfg-card/index.tsx(39,13): error TS17004: Cannot use JSX unless the '--jsx' flag is provided.
frontend/src/widgets/lfg-card/index.tsx(40,13): error TS17004: Cannot use JSX unless the '--jsx' flag is provided.
frontend/src/widgets/lfg-card/index.tsx(42,11): error TS17004: Cannot use JSX unless the '--jsx' flag is provided.
frontend/src/widgets/lfg-card/index.tsx(49,13): error TS17004: Cannot use JSX unless the '--jsx' flag is provided.
frontend/src/widgets/lfg-card/index.tsx(53,9): error TS17004: Cannot use JSX unless the '--jsx' flag is provided.
frontend/src/widgets/lfg-card/index.tsx(54,11): error TS17004: Cannot use JSX unless the '--jsx' flag is provided.
frontend/src/widgets/lfg-card/index.tsx(56,9): error TS17004: Cannot use JSX unless the '--jsx' flag is provided.
frontend/src/widgets/lfg-card/index.tsx(57,11): error TS17004: Cannot use JSX unless the '--jsx' flag is provided.
frontend/src/widgets/lfg-card/index.tsx(61,7): error TS17004: Cannot use JSX unless the '--jsx' flag is provided.
frontend/src/widgets/lfg-card/index.tsx(62,9): error TS17004: Cannot use JSX unless the '--jsx' flag is provided.
frontend/src/widgets/lfg-card/index.tsx(66,7): error TS17004: Cannot use JSX unless the '--jsx' flag is provided.
frontend/src/widgets/lfg-card/index.tsx(67,9): error TS17004: Cannot use JSX unless the '--jsx' flag is provided.
frontend/src/widgets/lfg-card/index.tsx(68,11): error TS17004: Cannot use JSX unless the '--jsx' flag is provided.
frontend/src/widgets/lfg-card/index.tsx(69,13): error TS17004: Cannot use JSX unless the '--jsx' flag is provided.
frontend/src/widgets/lfg-card/index.tsx(70,13): error TS17004: Cannot use JSX unless the '--jsx' flag is provided.
frontend/src/widgets/lfg-card/index.tsx(72,11): error TS17004: Cannot use JSX unless the '--jsx' flag is provided.
frontend/src/widgets/lfg-card/index.tsx(74,9): error TS17004: Cannot use JSX unless the '--jsx' flag is provided.
frontend/src/widgets/lfg-card/index.tsx(79,11): error TS17004: Cannot use JSX unless the '--jsx' flag is provided.
frontend/src/widgets/lfg-create-dialog/index.tsx(14,8): error TS2307: Cannot find module '@/shared/ui/form' or its corresponding type declarations.
frontend/src/widgets/lfg-create-dialog/index.tsx(15,23): error TS2307: Cannot find module '@/shared/ui/input' or its corresponding type declarations.
frontend/src/widgets/lfg-create-dialog/index.tsx(16,24): error TS2307: Cannot find module '@/shared/ui/button' or its corresponding type declarations.
frontend/src/widgets/lfg-create-dialog/index.tsx(17,26): error TS2307: Cannot find module '@/shared/ui/textarea' or its corresponding type declarations.
frontend/src/widgets/lfg-create-dialog/index.tsx(18,57): error TS2307: Cannot find module '@/shared/ui/popover' or its corresponding type declarations.
frontend/src/widgets/lfg-create-dialog/index.tsx(19,26): error TS2307: Cannot find module '@/shared/ui/calendar' or its corresponding type declarations.
frontend/src/widgets/lfg-create-dialog/index.tsx(20,20): error TS2307: Cannot find module '@/shared/lib/utils' or its corresponding type declarations.
frontend/src/widgets/lfg-create-dialog/index.tsx(31,8): error TS2307: Cannot find module '@/shared/ui/dialog' or its corresponding type declarations.
frontend/src/widgets/lfg-create-dialog/index.tsx(38,8): error TS2307: Cannot find module '@/shared/ui/select' or its corresponding type declarations.
frontend/src/widgets/lfg-create-dialog/index.tsx(39,44): error TS2307: Cannot find module '@/shared/ui/radio-group' or its corresponding type declarations.
frontend/src/widgets/lfg-create-dialog/index.tsx(40,39): error TS2307: Cannot find module '@/entities/sport/api/sports' or its corresponding type declarations.
frontend/src/widgets/lfg-create-dialog/index.tsx(118,5): error TS17004: Cannot use JSX unless the '--jsx' flag is provided.
frontend/src/widgets/lfg-create-dialog/index.tsx(119,7): error TS17004: Cannot use JSX unless the '--jsx' flag is provided.
frontend/src/widgets/lfg-create-dialog/index.tsx(120,9): error TS17004: Cannot use JSX unless the '--jsx' flag is provided.
frontend/src/widgets/lfg-create-dialog/index.tsx(121,11): error TS17004: Cannot use JSX unless the '--jsx' flag is provided.
frontend/src/widgets/lfg-create-dialog/index.tsx(122,13): error TS17004: Cannot use JSX unless the '--jsx' flag is provided.
frontend/src/widgets/lfg-create-dialog/index.tsx(123,15): error TS17004: Cannot use JSX unless the '--jsx' flag is provided.
frontend/src/widgets/lfg-create-dialog/index.tsx(124,15): error TS17004: Cannot use JSX unless the '--jsx' flag is provided.
frontend/src/widgets/lfg-create-dialog/index.tsx(129,13): error TS17004: Cannot use JSX unless the '--jsx' flag is provided.
frontend/src/widgets/lfg-create-dialog/index.tsx(130,15): error TS17004: Cannot use JSX unless the '--jsx' flag is provided.
frontend/src/widgets/lfg-create-dialog/index.tsx(134,19): error TS17004: Cannot use JSX unless the '--jsx' flag is provided.
frontend/src/widgets/lfg-create-dialog/index.tsx(135,21): error TS17004: Cannot use JSX unless the '--jsx' flag is provided.
frontend/src/widgets/lfg-create-dialog/index.tsx(136,21): error TS17004: Cannot use JSX unless the '--jsx' flag is provided.
frontend/src/widgets/lfg-create-dialog/index.tsx(137,23): error TS17004: Cannot use JSX unless the '--jsx' flag is provided.
frontend/src/widgets/lfg-create-dialog/index.tsx(142,25): error TS17004: Cannot use JSX unless the '--jsx' flag is provided.
frontend/src/widgets/lfg-create-dialog/index.tsx(143,27): error TS17004: Cannot use JSX unless the '--jsx' flag is provided.
frontend/src/widgets/lfg-create-dialog/index.tsx(144,29): error TS17004: Cannot use JSX unless the '--jsx' flag is provided.
frontend/src/widgets/lfg-create-dialog/index.tsx(150,27): error TS17004: Cannot use JSX unless the '--jsx' flag is provided.
frontend/src/widgets/lfg-create-dialog/index.tsx(154,29): error TS17004: Cannot use JSX unless the '--jsx' flag is provided.
frontend/src/widgets/lfg-create-dialog/index.tsx(158,25): error TS17004: Cannot use JSX unless the '--jsx' flag is provided.
frontend/src/widgets/lfg-create-dialog/index.tsx(159,27): error TS17004: Cannot use JSX unless the '--jsx' flag is provided.
frontend/src/widgets/lfg-create-dialog/index.tsx(160,29): error TS17004: Cannot use JSX unless the '--jsx' flag is provided.
frontend/src/widgets/lfg-create-dialog/index.tsx(166,27): error TS17004: Cannot use JSX unless the '--jsx' flag is provided.
frontend/src/widgets/lfg-create-dialog/index.tsx(170,29): error TS17004: Cannot use JSX unless the '--jsx' flag is provided.
frontend/src/widgets/lfg-create-dialog/index.tsx(176,21): error TS17004: Cannot use JSX unless the '--jsx' flag is provided.
frontend/src/widgets/lfg-create-dialog/index.tsx(181,15): error TS17004: Cannot use JSX unless the '--jsx' flag is provided.
frontend/src/widgets/lfg-create-dialog/index.tsx(182,17): error TS17004: Cannot use JSX unless the '--jsx' flag is provided.
frontend/src/widgets/lfg-create-dialog/index.tsx(186,21): error TS17004: Cannot use JSX unless the '--jsx' flag is provided.
frontend/src/widgets/lfg-create-dialog/index.tsx(187,23): error TS17004: Cannot use JSX unless the '--jsx' flag is provided.
frontend/src/widgets/lfg-create-dialog/index.tsx(188,23): error TS17004: Cannot use JSX unless the '--jsx' flag is provided.
frontend/src/widgets/lfg-create-dialog/index.tsx(192,25): error TS17004: Cannot use JSX unless the '--jsx' flag is provided.
frontend/src/widgets/lfg-create-dialog/index.tsx(193,27): error TS17004: Cannot use JSX unless the '--jsx' flag is provided.
frontend/src/widgets/lfg-create-dialog/index.tsx(194,29): error TS17004: Cannot use JSX unless the '--jsx' flag is provided.
frontend/src/widgets/lfg-create-dialog/index.tsx(197,25): error TS17004: Cannot use JSX unless the '--jsx' flag is provided.
frontend/src/widgets/lfg-create-dialog/index.tsx(199,29): error TS17004: Cannot use JSX unless the '--jsx' flag is provided.
frontend/src/widgets/lfg-create-dialog/index.tsx(205,23): error TS17004: Cannot use JSX unless the '--jsx' flag is provided.
frontend/src/widgets/lfg-create-dialog/index.tsx(209,17): error TS17004: Cannot use JSX unless the '--jsx' flag is provided.
frontend/src/widgets/lfg-create-dialog/index.tsx(213,21): error TS17004: Cannot use JSX unless the '--jsx' flag is provided.
frontend/src/widgets/lfg-create-dialog/index.tsx(214,23): error TS17004: Cannot use JSX unless the '--jsx' flag is provided.
frontend/src/widgets/lfg-create-dialog/index.tsx(215,23): error TS17004: Cannot use JSX unless the '--jsx' flag is provided.
frontend/src/widgets/lfg-create-dialog/index.tsx(216,25): error TS17004: Cannot use JSX unless the '--jsx' flag is provided.
frontend/src/widgets/lfg-create-dialog/index.tsx(218,23): error TS17004: Cannot use JSX unless the '--jsx' flag is provided.
frontend/src/widgets/lfg-create-dialog/index.tsx(223,15): error TS17004: Cannot use JSX unless the '--jsx' flag is provided.
frontend/src/widgets/lfg-create-dialog/index.tsx(227,19): error TS17004: Cannot use JSX unless the '--jsx' flag is provided.
frontend/src/widgets/lfg-create-dialog/index.tsx(228,21): error TS17004: Cannot use JSX unless the '--jsx' flag is provided.
frontend/src/widgets/lfg-create-dialog/index.tsx(229,21): error TS17004: Cannot use JSX unless the '--jsx' flag is provided.
frontend/src/widgets/lfg-create-dialog/index.tsx(230,23): error TS17004: Cannot use JSX unless the '--jsx' flag is provided.
frontend/src/widgets/lfg-create-dialog/index.tsx(235,21): error TS17004: Cannot use JSX unless the '--jsx' flag is provided.
frontend/src/widgets/lfg-create-dialog/index.tsx(239,15): error TS17004: Cannot use JSX unless the '--jsx' flag is provided.
frontend/src/widgets/lfg-create-dialog/index.tsx(240,17): error TS17004: Cannot use JSX unless the '--jsx' flag is provided.
frontend/src/widgets/lfg-create-dialog/index.tsx(244,21): error TS17004: Cannot use JSX unless the '--jsx' flag is provided.
frontend/src/widgets/lfg-create-dialog/index.tsx(245,23): error TS17004: Cannot use JSX unless the '--jsx' flag is provided.
frontend/src/widgets/lfg-create-dialog/index.tsx(246,23): error TS17004: Cannot use JSX unless the '--jsx' flag is provided.
frontend/src/widgets/lfg-create-dialog/index.tsx(247,25): error TS17004: Cannot use JSX unless the '--jsx' flag is provided.
frontend/src/widgets/lfg-create-dialog/index.tsx(248,27): error TS17004: Cannot use JSX unless the '--jsx' flag is provided.
frontend/src/widgets/lfg-create-dialog/index.tsx(249,29): error TS17004: Cannot use JSX unless the '--jsx' flag is provided.
frontend/src/widgets/lfg-create-dialog/index.tsx(259,33): error TS17004: Cannot use JSX unless the '--jsx' flag is provided.
frontend/src/widgets/lfg-create-dialog/index.tsx(261,31): error TS17004: Cannot use JSX unless the '--jsx' flag is provided.
frontend/src/widgets/lfg-create-dialog/index.tsx(265,25): error TS17004: Cannot use JSX unless the '--jsx' flag is provided.
frontend/src/widgets/lfg-create-dialog/index.tsx(266,27): error TS17004: Cannot use JSX unless the '--jsx' flag is provided.
frontend/src/widgets/lfg-create-dialog/index.tsx(274,23): error TS17004: Cannot use JSX unless the '--jsx' flag is provided.
frontend/src/widgets/lfg-create-dialog/index.tsx(278,17): error TS17004: Cannot use JSX unless the '--jsx' flag is provided.
frontend/src/widgets/lfg-create-dialog/index.tsx(282,21): error TS17004: Cannot use JSX unless the '--jsx' flag is provided.
frontend/src/widgets/lfg-create-dialog/index.tsx(283,23): error TS17004: Cannot use JSX unless the '--jsx' flag is provided.
frontend/src/widgets/lfg-create-dialog/index.tsx(284,23): error TS17004: Cannot use JSX unless the '--jsx' flag is provided.
frontend/src/widgets/lfg-create-dialog/index.tsx(285,25): error TS17004: Cannot use JSX unless the '--jsx' flag is provided.
frontend/src/widgets/lfg-create-dialog/index.tsx(287,23): error TS17004: Cannot use JSX unless the '--jsx' flag is provided.
frontend/src/widgets/lfg-create-dialog/index.tsx(292,15): error TS17004: Cannot use JSX unless the '--jsx' flag is provided.
frontend/src/widgets/lfg-create-dialog/index.tsx(296,19): error TS17004: Cannot use JSX unless the '--jsx' flag is provided.
frontend/src/widgets/lfg-create-dialog/index.tsx(297,21): error TS17004: Cannot use JSX unless the '--jsx' flag is provided.
frontend/src/widgets/lfg-create-dialog/index.tsx(298,21): error TS17004: Cannot use JSX unless the '--jsx' flag is provided.
frontend/src/widgets/lfg-create-dialog/index.tsx(299,23): error TS17004: Cannot use JSX unless the '--jsx' flag is provided.
frontend/src/widgets/lfg-create-dialog/index.tsx(301,21): error TS17004: Cannot use JSX unless the '--jsx' flag is provided.
frontend/src/widgets/lfg-create-dialog/index.tsx(305,15): error TS17004: Cannot use JSX unless the '--jsx' flag is provided.
frontend/src/widgets/lfg-create-dialog/index.tsx(309,19): error TS17004: Cannot use JSX unless the '--jsx' flag is provided.
frontend/src/widgets/lfg-create-dialog/index.tsx(310,21): error TS17004: Cannot use JSX unless the '--jsx' flag is provided.
frontend/src/widgets/lfg-create-dialog/index.tsx(311,21): error TS17004: Cannot use JSX unless the '--jsx' flag is provided.
frontend/src/widgets/lfg-create-dialog/index.tsx(312,23): error TS17004: Cannot use JSX unless the '--jsx' flag is provided.
frontend/src/widgets/lfg-create-dialog/index.tsx(317,21): error TS17004: Cannot use JSX unless the '--jsx' flag is provided.
frontend/src/widgets/lfg-create-dialog/index.tsx(322,13): error TS17004: Cannot use JSX unless the '--jsx' flag is provided.
frontend/src/widgets/lfg-create-dialog/index.tsx(323,15): error TS17004: Cannot use JSX unless the '--jsx' flag is provided.
frontend/src/widgets/lfg-create-dialog/index.tsx(330,15): error TS17004: Cannot use JSX unless the '--jsx' flag is provided.
frontend/src/widgets/lfg-create-dialog/index.tsx(332,19): error TS17004: Cannot use JSX unless the '--jsx' flag is provided.
frontend/src/widgets/log-measurement-dialog/index.tsx(4,24): error TS2307: Cannot find module '@/shared/ui/button' or its corresponding type declarations.
frontend/src/widgets/log-measurement-dialog/index.tsx(12,8): error TS2307: Cannot find module '@/shared/ui/dialog' or its corresponding type declarations.
frontend/src/widgets/log-measurement-dialog/index.tsx(13,23): error TS2307: Cannot find module '@/shared/ui/input' or its corresponding type declarations.
frontend/src/widgets/log-measurement-dialog/index.tsx(14,23): error TS2307: Cannot find module '@/shared/ui/label' or its corresponding type declarations.
frontend/src/widgets/log-measurement-dialog/index.tsx(25,8): error TS2307: Cannot find module '@/shared/ui/form' or its corresponding type declarations.
frontend/src/widgets/log-measurement-dialog/index.tsx(26,26): error TS2307: Cannot find module '@/shared/hooks/use-toast' or its corresponding type declarations.
frontend/src/widgets/log-measurement-dialog/index.tsx(27,34): error TS2307: Cannot find module '@/entities/user/model/types' or its corresponding type declarations.
frontend/src/widgets/log-measurement-dialog/index.tsx(29,57): error TS2307: Cannot find module '@/shared/ui/popover' or its corresponding type declarations.
frontend/src/widgets/log-measurement-dialog/index.tsx(30,26): error TS2307: Cannot find module '@/shared/ui/calendar' or its corresponding type declarations.
frontend/src/widgets/log-measurement-dialog/index.tsx(31,20): error TS2307: Cannot find module '@/shared/lib/utils' or its corresponding type declarations.
frontend/src/widgets/log-measurement-dialog/index.tsx(34,34): error TS2307: Cannot find module '@/shared/lib/api-client' or its corresponding type declarations.
frontend/src/widgets/log-measurement-dialog/index.tsx(126,5): error TS17004: Cannot use JSX unless the '--jsx' flag is provided.
frontend/src/widgets/log-measurement-dialog/index.tsx(127,7): error TS17004: Cannot use JSX unless the '--jsx' flag is provided.
frontend/src/widgets/log-measurement-dialog/index.tsx(128,9): error TS17004: Cannot use JSX unless the '--jsx' flag is provided.
frontend/src/widgets/log-measurement-dialog/index.tsx(129,11): error TS17004: Cannot use JSX unless the '--jsx' flag is provided.
frontend/src/widgets/log-measurement-dialog/index.tsx(130,11): error TS17004: Cannot use JSX unless the '--jsx' flag is provided.
frontend/src/widgets/log-measurement-dialog/index.tsx(135,9): error TS17004: Cannot use JSX unless the '--jsx' flag is provided.
frontend/src/widgets/log-measurement-dialog/index.tsx(136,11): error TS17004: Cannot use JSX unless the '--jsx' flag is provided.
frontend/src/widgets/log-measurement-dialog/index.tsx(140,13): error TS17004: Cannot use JSX unless the '--jsx' flag is provided.
frontend/src/widgets/log-measurement-dialog/index.tsx(141,15): error TS17004: Cannot use JSX unless the '--jsx' flag is provided.
frontend/src/widgets/log-measurement-dialog/index.tsx(145,19): error TS17004: Cannot use JSX unless the '--jsx' flag is provided.
frontend/src/widgets/log-measurement-dialog/index.tsx(146,21): error TS17004: Cannot use JSX unless the '--jsx' flag is provided.
frontend/src/widgets/log-measurement-dialog/index.tsx(147,21): error TS17004: Cannot use JSX unless the '--jsx' flag is provided.
frontend/src/widgets/log-measurement-dialog/index.tsx(148,23): error TS17004: Cannot use JSX unless the '--jsx' flag is provided.
frontend/src/widgets/log-measurement-dialog/index.tsx(149,25): error TS17004: Cannot use JSX unless the '--jsx' flag is provided.
frontend/src/widgets/log-measurement-dialog/index.tsx(150,27): error TS17004: Cannot use JSX unless the '--jsx' flag is provided.
frontend/src/widgets/log-measurement-dialog/index.tsx(160,31): error TS17004: Cannot use JSX unless the '--jsx' flag is provided.
frontend/src/widgets/log-measurement-dialog/index.tsx(162,29): error TS17004: Cannot use JSX unless the '--jsx' flag is provided.
frontend/src/widgets/log-measurement-dialog/index.tsx(166,23): error TS17004: Cannot use JSX unless the '--jsx' flag is provided.
frontend/src/widgets/log-measurement-dialog/index.tsx(167,25): error TS17004: Cannot use JSX unless the '--jsx' flag is provided.
frontend/src/widgets/log-measurement-dialog/index.tsx(178,21): error TS17004: Cannot use JSX unless the '--jsx' flag is provided.
frontend/src/widgets/log-measurement-dialog/index.tsx(182,15): error TS17004: Cannot use JSX unless the '--jsx' flag is provided.
frontend/src/widgets/log-measurement-dialog/index.tsx(186,19): error TS17004: Cannot use JSX unless the '--jsx' flag is provided.
frontend/src/widgets/log-measurement-dialog/index.tsx(187,21): error TS17004: Cannot use JSX unless the '--jsx' flag is provided.
frontend/src/widgets/log-measurement-dialog/index.tsx(188,21): error TS17004: Cannot use JSX unless the '--jsx' flag is provided.
frontend/src/widgets/log-measurement-dialog/index.tsx(189,23): error TS17004: Cannot use JSX unless the '--jsx' flag is provided.
frontend/src/widgets/log-measurement-dialog/index.tsx(191,21): error TS17004: Cannot use JSX unless the '--jsx' flag is provided.
frontend/src/widgets/log-measurement-dialog/index.tsx(196,13): error TS17004: Cannot use JSX unless the '--jsx' flag is provided.
frontend/src/widgets/log-measurement-dialog/index.tsx(200,17): error TS17004: Cannot use JSX unless the '--jsx' flag is provided.
frontend/src/widgets/log-measurement-dialog/index.tsx(201,19): error TS17004: Cannot use JSX unless the '--jsx' flag is provided.
frontend/src/widgets/log-measurement-dialog/index.tsx(202,19): error TS17004: Cannot use JSX unless the '--jsx' flag is provided.
frontend/src/widgets/log-measurement-dialog/index.tsx(203,21): error TS17004: Cannot use JSX unless the '--jsx' flag is provided.
frontend/src/widgets/log-measurement-dialog/index.tsx(210,19): error TS17004: Cannot use JSX unless the '--jsx' flag is provided.
frontend/src/widgets/log-measurement-dialog/index.tsx(214,13): error TS17004: Cannot use JSX unless the '--jsx' flag is provided.
frontend/src/widgets/log-measurement-dialog/index.tsx(215,15): error TS17004: Cannot use JSX unless the '--jsx' flag is provided.
frontend/src/widgets/log-measurement-dialog/index.tsx(219,19): error TS17004: Cannot use JSX unless the '--jsx' flag is provided.
frontend/src/widgets/log-measurement-dialog/index.tsx(220,21): error TS17004: Cannot use JSX unless the '--jsx' flag is provided.
frontend/src/widgets/log-measurement-dialog/index.tsx(221,21): error TS17004: Cannot use JSX unless the '--jsx' flag is provided.
frontend/src/widgets/log-measurement-dialog/index.tsx(222,23): error TS17004: Cannot use JSX unless the '--jsx' flag is provided.
frontend/src/widgets/log-measurement-dialog/index.tsx(229,21): error TS17004: Cannot use JSX unless the '--jsx' flag is provided.
frontend/src/widgets/log-measurement-dialog/index.tsx(233,15): error TS17004: Cannot use JSX unless the '--jsx' flag is provided.
frontend/src/widgets/log-measurement-dialog/index.tsx(237,19): error TS17004: Cannot use JSX unless the '--jsx' flag is provided.
frontend/src/widgets/log-measurement-dialog/index.tsx(238,21): error TS17004: Cannot use JSX unless the '--jsx' flag is provided.
frontend/src/widgets/log-measurement-dialog/index.tsx(239,21): error TS17004: Cannot use JSX unless the '--jsx' flag is provided.
frontend/src/widgets/log-measurement-dialog/index.tsx(240,23): error TS17004: Cannot use JSX unless the '--jsx' flag is provided.
frontend/src/widgets/log-measurement-dialog/index.tsx(247,21): error TS17004: Cannot use JSX unless the '--jsx' flag is provided.
frontend/src/widgets/log-measurement-dialog/index.tsx(251,15): error TS17004: Cannot use JSX unless the '--jsx' flag is provided.
frontend/src/widgets/log-measurement-dialog/index.tsx(255,19): error TS17004: Cannot use JSX unless the '--jsx' flag is provided.
frontend/src/widgets/log-measurement-dialog/index.tsx(256,21): error TS17004: Cannot use JSX unless the '--jsx' flag is provided.
frontend/src/widgets/log-measurement-dialog/index.tsx(257,21): error TS17004: Cannot use JSX unless the '--jsx' flag is provided.
frontend/src/widgets/log-measurement-dialog/index.tsx(258,23): error TS17004: Cannot use JSX unless the '--jsx' flag is provided.
frontend/src/widgets/log-measurement-dialog/index.tsx(265,21): error TS17004: Cannot use JSX unless the '--jsx' flag is provided.
frontend/src/widgets/log-measurement-dialog/index.tsx(269,15): error TS17004: Cannot use JSX unless the '--jsx' flag is provided.
frontend/src/widgets/log-measurement-dialog/index.tsx(273,19): error TS17004: Cannot use JSX unless the '--jsx' flag is provided.
frontend/src/widgets/log-measurement-dialog/index.tsx(274,21): error TS17004: Cannot use JSX unless the '--jsx' flag is provided.
frontend/src/widgets/log-measurement-dialog/index.tsx(275,21): error TS17004: Cannot use JSX unless the '--jsx' flag is provided.
frontend/src/widgets/log-measurement-dialog/index.tsx(276,23): error TS17004: Cannot use JSX unless the '--jsx' flag is provided.
frontend/src/widgets/log-measurement-dialog/index.tsx(283,21): error TS17004: Cannot use JSX unless the '--jsx' flag is provided.
frontend/src/widgets/log-measurement-dialog/index.tsx(287,15): error TS17004: Cannot use JSX unless the '--jsx' flag is provided.
frontend/src/widgets/log-measurement-dialog/index.tsx(291,19): error TS17004: Cannot use JSX unless the '--jsx' flag is provided.
frontend/src/widgets/log-measurement-dialog/index.tsx(292,21): error TS17004: Cannot use JSX unless the '--jsx' flag is provided.
frontend/src/widgets/log-measurement-dialog/index.tsx(293,21): error TS17004: Cannot use JSX unless the '--jsx' flag is provided.
frontend/src/widgets/log-measurement-dialog/index.tsx(294,23): error TS17004: Cannot use JSX unless the '--jsx' flag is provided.
frontend/src/widgets/log-measurement-dialog/index.tsx(301,21): error TS17004: Cannot use JSX unless the '--jsx' flag is provided.
frontend/src/widgets/log-measurement-dialog/index.tsx(306,13): error TS17004: Cannot use JSX unless the '--jsx' flag is provided.
frontend/src/widgets/log-measurement-dialog/index.tsx(307,15): error TS17004: Cannot use JSX unless the '--jsx' flag is provided.
frontend/src/widgets/log-measurement-dialog/index.tsx(314,15): error TS17004: Cannot use JSX unless the '--jsx' flag is provided.
frontend/src/widgets/log-measurement-dialog/index.tsx(316,19): error TS17004: Cannot use JSX unless the '--jsx' flag is provided.
frontend/src/widgets/login-form/index.tsx(15,8): error TS2307: Cannot find module '@/shared/ui/form' or its corresponding type declarations.
frontend/src/widgets/login-form/index.tsx(16,23): error TS2307: Cannot find module '@/shared/ui/input' or its corresponding type declarations.
frontend/src/widgets/login-form/index.tsx(17,24): error TS2307: Cannot find module '@/shared/ui/button' or its corresponding type declarations.
frontend/src/widgets/login-form/index.tsx(18,23): error TS2307: Cannot find module '@/features/auth/actions' or its corresponding type declarations.
frontend/src/widgets/login-form/index.tsx(19,29): error TS2307: Cannot find module '@/features/auth/schemas' or its corresponding type declarations.
frontend/src/widgets/login-form/index.tsx(21,53): error TS2307: Cannot find module '@/shared/ui/alert' or its corresponding type declarations.
frontend/src/widgets/login-form/index.tsx(22,22): error TS2307: Cannot find module '@/shared/ui/icons' or its corresponding type declarations.
frontend/src/widgets/login-form/index.tsx(23,58): error TS2307: Cannot find module '@/shared/ui/tabs' or its corresponding type declarations.
frontend/src/widgets/login-form/index.tsx(24,26): error TS2307: Cannot find module '@/shared/ui/checkbox' or its corresponding type declarations.
frontend/src/widgets/login-form/index.tsx(30,8): error TS2307: Cannot find module '@/shared/ui/tooltip' or its corresponding type declarations.
frontend/src/widgets/login-form/index.tsx(31,23): error TS2307: Cannot find module '@/shared/ui/label' or its corresponding type declarations.
frontend/src/widgets/login-form/index.tsx(32,27): error TS2307: Cannot find module '@/shared/ui/separator' or its corresponding type declarations.
frontend/src/widgets/login-form/index.tsx(63,5): error TS17004: Cannot use JSX unless the '--jsx' flag is provided.
frontend/src/widgets/login-form/index.tsx(64,7): error TS17004: Cannot use JSX unless the '--jsx' flag is provided.
frontend/src/widgets/login-form/index.tsx(65,9): error TS17004: Cannot use JSX unless the '--jsx' flag is provided.
frontend/src/widgets/login-form/index.tsx(67,7): error TS17004: Cannot use JSX unless the '--jsx' flag is provided.
frontend/src/widgets/login-form/index.tsx(69,9): error TS17004: Cannot use JSX unless the '--jsx' flag is provided.
frontend/src/widgets/login-form/index.tsx(70,11): error TS17004: Cannot use JSX unless the '--jsx' flag is provided.
frontend/src/widgets/login-form/index.tsx(71,11): error TS17004: Cannot use JSX unless the '--jsx' flag is provided.
frontend/src/widgets/login-form/index.tsx(72,11): error TS17004: Cannot use JSX unless the '--jsx' flag is provided.
frontend/src/widgets/login-form/index.tsx(75,7): error TS17004: Cannot use JSX unless the '--jsx' flag is provided.
frontend/src/widgets/login-form/index.tsx(76,9): error TS17004: Cannot use JSX unless the '--jsx' flag is provided.
frontend/src/widgets/login-form/index.tsx(77,11): error TS17004: Cannot use JSX unless the '--jsx' flag is provided.
frontend/src/widgets/login-form/index.tsx(78,13): error TS17004: Cannot use JSX unless the '--jsx' flag is provided.
frontend/src/widgets/login-form/index.tsx(79,15): error TS17004: Cannot use JSX unless the '--jsx' flag is provided.
frontend/src/widgets/login-form/index.tsx(80,15): error TS17004: Cannot use JSX unless the '--jsx' flag is provided.
frontend/src/widgets/login-form/index.tsx(82,13): error TS17004: Cannot use JSX unless the '--jsx' flag is provided.
frontend/src/widgets/login-form/index.tsx(83,15): error TS17004: Cannot use JSX unless the '--jsx' flag is provided.
frontend/src/widgets/login-form/index.tsx(84,17): error TS17004: Cannot use JSX unless the '--jsx' flag is provided.
frontend/src/widgets/login-form/index.tsx(85,19): error TS17004: Cannot use JSX unless the '--jsx' flag is provided.
frontend/src/widgets/login-form/index.tsx(89,17): error TS17004: Cannot use JSX unless the '--jsx' flag is provided.
frontend/src/widgets/login-form/index.tsx(92,13): error TS17004: Cannot use JSX unless the '--jsx' flag is provided.
frontend/src/widgets/login-form/index.tsx(93,15): error TS17004: Cannot use JSX unless the '--jsx' flag is provided.
frontend/src/widgets/login-form/index.tsx(97,19): error TS17004: Cannot use JSX unless the '--jsx' flag is provided.
frontend/src/widgets/login-form/index.tsx(98,21): error TS17004: Cannot use JSX unless the '--jsx' flag is provided.
frontend/src/widgets/login-form/index.tsx(99,21): error TS17004: Cannot use JSX unless the '--jsx' flag is provided.
frontend/src/widgets/login-form/index.tsx(100,23): error TS17004: Cannot use JSX unless the '--jsx' flag is provided.
frontend/src/widgets/login-form/index.tsx(102,21): error TS17004: Cannot use JSX unless the '--jsx' flag is provided.
frontend/src/widgets/login-form/index.tsx(106,15): error TS17004: Cannot use JSX unless the '--jsx' flag is provided.
frontend/src/widgets/login-form/index.tsx(110,19): error TS17004: Cannot use JSX unless the '--jsx' flag is provided.
frontend/src/widgets/login-form/index.tsx(111,21): error TS17004: Cannot use JSX unless the '--jsx' flag is provided.
frontend/src/widgets/login-form/index.tsx(112,21): error TS17004: Cannot use JSX unless the '--jsx' flag is provided.
frontend/src/widgets/login-form/index.tsx(113,23): error TS17004: Cannot use JSX unless the '--jsx' flag is provided.
frontend/src/widgets/login-form/index.tsx(119,21): error TS17004: Cannot use JSX unless the '--jsx' flag is provided.
frontend/src/widgets/login-form/index.tsx(126,11): error TS17004: Cannot use JSX unless the '--jsx' flag is provided.
frontend/src/widgets/login-form/index.tsx(127,13): error TS17004: Cannot use JSX unless the '--jsx' flag is provided.
frontend/src/widgets/login-form/index.tsx(128,13): error TS17004: Cannot use JSX unless the '--jsx' flag is provided.
frontend/src/widgets/login-form/index.tsx(131,13): error TS17004: Cannot use JSX unless the '--jsx' flag is provided.
frontend/src/widgets/login-form/index.tsx(132,15): error TS17004: Cannot use JSX unless the '--jsx' flag is provided.
frontend/src/widgets/login-form/index.tsx(133,17): error TS17004: Cannot use JSX unless the '--jsx' flag is provided.
frontend/src/widgets/login-form/index.tsx(134,19): error TS17004: Cannot use JSX unless the '--jsx' flag is provided.
frontend/src/widgets/login-form/index.tsx(140,21): error TS17004: Cannot use JSX unless the '--jsx' flag is provided.
frontend/src/widgets/login-form/index.tsx(143,17): error TS17004: Cannot use JSX unless the '--jsx' flag is provided.
frontend/src/widgets/login-form/index.tsx(144,19): error TS17004: Cannot use JSX unless the '--jsx' flag is provided.
frontend/src/widgets/login-form/index.tsx(149,11): error TS17004: Cannot use JSX unless the '--jsx' flag is provided.
frontend/src/widgets/login-form/index.tsx(151,15): error TS17004: Cannot use JSX unless the '--jsx' flag is provided.
frontend/src/widgets/login-form/index.tsx(158,7): error TS17004: Cannot use JSX unless the '--jsx' flag is provided.
frontend/src/widgets/login-form/index.tsx(159,7): error TS17004: Cannot use JSX unless the '--jsx' flag is provided.
frontend/src/widgets/manual-match-form/index.tsx(7,26): error TS2307: Cannot find module '@/shared/hooks/use-toast' or its corresponding type declarations.
frontend/src/widgets/manual-match-form/index.tsx(16,8): error TS2307: Cannot find module '@/shared/ui/card' or its corresponding type declarations.
frontend/src/widgets/manual-match-form/index.tsx(24,8): error TS2307: Cannot find module '@/shared/ui/form' or its corresponding type declarations.
frontend/src/widgets/manual-match-form/index.tsx(31,8): error TS2307: Cannot find module '@/shared/ui/select' or its corresponding type declarations.
frontend/src/widgets/manual-match-form/index.tsx(32,57): error TS2307: Cannot find module '@/shared/ui/popover' or its corresponding type declarations.
frontend/src/widgets/manual-match-form/index.tsx(33,26): error TS2307: Cannot find module '@/shared/ui/calendar' or its corresponding type declarations.
frontend/src/widgets/manual-match-form/index.tsx(34,23): error TS2307: Cannot find module '@/shared/ui/input' or its corresponding type declarations.
frontend/src/widgets/manual-match-form/index.tsx(35,24): error TS2307: Cannot find module '@/shared/ui/button' or its corresponding type declarations.
frontend/src/widgets/manual-match-form/index.tsx(36,26): error TS2307: Cannot find module '@/shared/ui/textarea' or its corresponding type declarations.
frontend/src/widgets/manual-match-form/index.tsx(38,20): error TS2307: Cannot find module '@/shared/lib/utils' or its corresponding type declarations.
frontend/src/widgets/manual-match-form/index.tsx(41,32): error TS2307: Cannot find module '@/entities/playground/api/playgrounds' or its corresponding type declarations.
frontend/src/widgets/manual-match-form/index.tsx(42,33): error TS2307: Cannot find module '@/entities/playground/model/types' or its corresponding type declarations.
frontend/src/widgets/manual-match-form/index.tsx(43,26): error TS2307: Cannot find module '@/entities/team/api/teams' or its corresponding type declarations.
frontend/src/widgets/manual-match-form/index.tsx(44,27): error TS2307: Cannot find module '@/entities/team/model/types' or its corresponding type declarations.
frontend/src/widgets/manual-match-form/index.tsx(45,29): error TS2307: Cannot find module '@/entities/match/api/create-match' or its corresponding type declarations.
frontend/src/widgets/manual-match-form/index.tsx(46,27): error TS2307: Cannot find module '@/entities/sport/api/sports' or its corresponding type declarations.
frontend/src/widgets/manual-match-form/index.tsx(47,28): error TS2307: Cannot find module '@/entities/sport/model/types' or its corresponding type declarations.
frontend/src/widgets/manual-match-form/index.tsx(112,5): error TS17004: Cannot use JSX unless the '--jsx' flag is provided.
frontend/src/widgets/manual-match-form/index.tsx(113,7): error TS17004: Cannot use JSX unless the '--jsx' flag is provided.
frontend/src/widgets/manual-match-form/index.tsx(114,9): error TS17004: Cannot use JSX unless the '--jsx' flag is provided.
frontend/src/widgets/manual-match-form/index.tsx(115,9): error TS17004: Cannot use JSX unless the '--jsx' flag is provided.
frontend/src/widgets/manual-match-form/index.tsx(119,7): error TS17004: Cannot use JSX unless the '--jsx' flag is provided.
frontend/src/widgets/manual-match-form/index.tsx(120,9): error TS17004: Cannot use JSX unless the '--jsx' flag is provided.
frontend/src/widgets/manual-match-form/index.tsx(121,11): error TS17004: Cannot use JSX unless the '--jsx' flag is provided.
frontend/src/widgets/manual-match-form/index.tsx(122,13): error TS17004: Cannot use JSX unless the '--jsx' flag is provided.
frontend/src/widgets/manual-match-form/index.tsx(123,15): error TS17004: Cannot use JSX unless the '--jsx' flag is provided.
frontend/src/widgets/manual-match-form/index.tsx(127,19): error TS17004: Cannot use JSX unless the '--jsx' flag is provided.
frontend/src/widgets/manual-match-form/index.tsx(128,21): error TS17004: Cannot use JSX unless the '--jsx' flag is provided.
frontend/src/widgets/manual-match-form/index.tsx(129,21): error TS17004: Cannot use JSX unless the '--jsx' flag is provided.
frontend/src/widgets/manual-match-form/index.tsx(133,23): error TS17004: Cannot use JSX unless the '--jsx' flag is provided.
frontend/src/widgets/manual-match-form/index.tsx(134,25): error TS17004: Cannot use JSX unless the '--jsx' flag is provided.
frontend/src/widgets/manual-match-form/index.tsx(135,27): error TS17004: Cannot use JSX unless the '--jsx' flag is provided.
frontend/src/widgets/manual-match-form/index.tsx(138,23): error TS17004: Cannot use JSX unless the '--jsx' flag is provided.
frontend/src/widgets/manual-match-form/index.tsx(140,27): error TS17004: Cannot use JSX unless the '--jsx' flag is provided.
frontend/src/widgets/manual-match-form/index.tsx(146,21): error TS17004: Cannot use JSX unless the '--jsx' flag is provided.
frontend/src/widgets/manual-match-form/index.tsx(150,15): error TS17004: Cannot use JSX unless the '--jsx' flag is provided.
frontend/src/widgets/manual-match-form/index.tsx(154,19): error TS17004: Cannot use JSX unless the '--jsx' flag is provided.
frontend/src/widgets/manual-match-form/index.tsx(155,21): error TS17004: Cannot use JSX unless the '--jsx' flag is provided.
frontend/src/widgets/manual-match-form/index.tsx(156,21): error TS17004: Cannot use JSX unless the '--jsx' flag is provided.
frontend/src/widgets/manual-match-form/index.tsx(160,23): error TS17004: Cannot use JSX unless the '--jsx' flag is provided.
frontend/src/widgets/manual-match-form/index.tsx(161,25): error TS17004: Cannot use JSX unless the '--jsx' flag is provided.
frontend/src/widgets/manual-match-form/index.tsx(162,27): error TS17004: Cannot use JSX unless the '--jsx' flag is provided.
frontend/src/widgets/manual-match-form/index.tsx(165,23): error TS17004: Cannot use JSX unless the '--jsx' flag is provided.
frontend/src/widgets/manual-match-form/index.tsx(167,27): error TS17004: Cannot use JSX unless the '--jsx' flag is provided.
frontend/src/widgets/manual-match-form/index.tsx(173,21): error TS17004: Cannot use JSX unless the '--jsx' flag is provided.
frontend/src/widgets/manual-match-form/index.tsx(178,13): error TS17004: Cannot use JSX unless the '--jsx' flag is provided.
frontend/src/widgets/manual-match-form/index.tsx(179,15): error TS17004: Cannot use JSX unless the '--jsx' flag is provided.
frontend/src/widgets/manual-match-form/index.tsx(183,19): error TS17004: Cannot use JSX unless the '--jsx' flag is provided.
frontend/src/widgets/manual-match-form/index.tsx(184,21): error TS17004: Cannot use JSX unless the '--jsx' flag is provided.
frontend/src/widgets/manual-match-form/index.tsx(185,21): error TS17004: Cannot use JSX unless the '--jsx' flag is provided.
frontend/src/widgets/manual-match-form/index.tsx(186,23): error TS17004: Cannot use JSX unless the '--jsx' flag is provided.
frontend/src/widgets/manual-match-form/index.tsx(187,25): error TS17004: Cannot use JSX unless the '--jsx' flag is provided.
frontend/src/widgets/manual-match-form/index.tsx(188,27): error TS17004: Cannot use JSX unless the '--jsx' flag is provided.
frontend/src/widgets/manual-match-form/index.tsx(198,31): error TS17004: Cannot use JSX unless the '--jsx' flag is provided.
frontend/src/widgets/manual-match-form/index.tsx(200,29): error TS17004: Cannot use JSX unless the '--jsx' flag is provided.
frontend/src/widgets/manual-match-form/index.tsx(204,23): error TS17004: Cannot use JSX unless the '--jsx' flag is provided.
frontend/src/widgets/manual-match-form/index.tsx(205,25): error TS17004: Cannot use JSX unless the '--jsx' flag is provided.
frontend/src/widgets/manual-match-form/index.tsx(213,21): error TS17004: Cannot use JSX unless the '--jsx' flag is provided.
frontend/src/widgets/manual-match-form/index.tsx(217,15): error TS17004: Cannot use JSX unless the '--jsx' flag is provided.
frontend/src/widgets/manual-match-form/index.tsx(221,19): error TS17004: Cannot use JSX unless the '--jsx' flag is provided.
frontend/src/widgets/manual-match-form/index.tsx(222,21): error TS17004: Cannot use JSX unless the '--jsx' flag is provided.
frontend/src/widgets/manual-match-form/index.tsx(223,21): error TS17004: Cannot use JSX unless the '--jsx' flag is provided.
frontend/src/widgets/manual-match-form/index.tsx(224,23): error TS17004: Cannot use JSX unless the '--jsx' flag is provided.
frontend/src/widgets/manual-match-form/index.tsx(226,21): error TS17004: Cannot use JSX unless the '--jsx' flag is provided.
frontend/src/widgets/manual-match-form/index.tsx(231,13): error TS17004: Cannot use JSX unless the '--jsx' flag is provided.
frontend/src/widgets/manual-match-form/index.tsx(235,17): error TS17004: Cannot use JSX unless the '--jsx' flag is provided.
frontend/src/widgets/manual-match-form/index.tsx(236,19): error TS17004: Cannot use JSX unless the '--jsx' flag is provided.
frontend/src/widgets/manual-match-form/index.tsx(237,19): error TS17004: Cannot use JSX unless the '--jsx' flag is provided.
frontend/src/widgets/manual-match-form/index.tsx(241,21): error TS17004: Cannot use JSX unless the '--jsx' flag is provided.
frontend/src/widgets/manual-match-form/index.tsx(242,23): error TS17004: Cannot use JSX unless the '--jsx' flag is provided.
frontend/src/widgets/manual-match-form/index.tsx(243,25): error TS17004: Cannot use JSX unless the '--jsx' flag is provided.
frontend/src/widgets/manual-match-form/index.tsx(246,21): error TS17004: Cannot use JSX unless the '--jsx' flag is provided.
frontend/src/widgets/manual-match-form/index.tsx(248,25): error TS17004: Cannot use JSX unless the '--jsx' flag is provided.
frontend/src/widgets/manual-match-form/index.tsx(254,19): error TS17004: Cannot use JSX unless the '--jsx' flag is provided.
frontend/src/widgets/manual-match-form/index.tsx(258,13): error TS17004: Cannot use JSX unless the '--jsx' flag is provided.
frontend/src/widgets/manual-match-form/index.tsx(262,17): error TS17004: Cannot use JSX unless the '--jsx' flag is provided.
frontend/src/widgets/manual-match-form/index.tsx(263,19): error TS17004: Cannot use JSX unless the '--jsx' flag is provided.
frontend/src/widgets/manual-match-form/index.tsx(264,19): error TS17004: Cannot use JSX unless the '--jsx' flag is provided.
frontend/src/widgets/manual-match-form/index.tsx(265,21): error TS17004: Cannot use JSX unless the '--jsx' flag is provided.
frontend/src/widgets/manual-match-form/index.tsx(270,19): error TS17004: Cannot use JSX unless the '--jsx' flag is provided.
frontend/src/widgets/manual-match-form/index.tsx(275,11): error TS17004: Cannot use JSX unless the '--jsx' flag is provided.
frontend/src/widgets/manual-match-form/index.tsx(276,13): error TS17004: Cannot use JSX unless the '--jsx' flag is provided.
frontend/src/widgets/manual-match-form/index.tsx(278,17): error TS17004: Cannot use JSX unless the '--jsx' flag is provided.
frontend/src/widgets/manual-match-form/index.tsx(280,15): error TS17004: Cannot use JSX unless the '--jsx' flag is provided.
frontend/src/widgets/manual-promotion-form/index.tsx(14,8): error TS2307: Cannot find module '@/shared/ui/card' or its corresponding type declarations.
frontend/src/widgets/manual-promotion-form/index.tsx(15,24): error TS2307: Cannot find module '@/shared/ui/button' or its corresponding type declarations.
frontend/src/widgets/manual-promotion-form/index.tsx(24,8): error TS2307: Cannot find module '@/shared/ui/form' or its corresponding type declarations.
frontend/src/widgets/manual-promotion-form/index.tsx(25,23): error TS2307: Cannot find module '@/shared/ui/input' or its corresponding type declarations.
frontend/src/widgets/manual-promotion-form/index.tsx(32,8): error TS2307: Cannot find module '@/shared/ui/select' or its corresponding type declarations.
frontend/src/widgets/manual-promotion-form/index.tsx(33,57): error TS2307: Cannot find module '@/shared/ui/popover' or its corresponding type declarations.
frontend/src/widgets/manual-promotion-form/index.tsx(34,26): error TS2307: Cannot find module '@/shared/ui/calendar' or its corresponding type declarations.
frontend/src/widgets/manual-promotion-form/index.tsx(35,20): error TS2307: Cannot find module '@/shared/lib/utils' or its corresponding type declarations.
frontend/src/widgets/manual-promotion-form/index.tsx(37,26): error TS2307: Cannot find module '@/shared/hooks/use-toast' or its corresponding type declarations.
frontend/src/widgets/manual-promotion-form/index.tsx(44,8): error TS2307: Cannot find module '@/entities/promotion/api/promotions' or its corresponding type declarations.
frontend/src/widgets/manual-promotion-form/index.tsx(45,30): error TS2307: Cannot find module '@/entities/sponsor/model/types' or its corresponding type declarations.
frontend/src/widgets/manual-promotion-form/index.tsx(46,29): error TS2307: Cannot find module '@/entities/sponsor/api/sponsors' or its corresponding type declarations.
frontend/src/widgets/manual-promotion-form/index.tsx(47,26): error TS2307: Cannot find module '@/shared/ui/textarea' or its corresponding type declarations.
frontend/src/widgets/manual-promotion-form/index.tsx(48,27): error TS2307: Cannot find module '@/shared/ui/separator' or its corresponding type declarations.
frontend/src/widgets/manual-promotion-form/index.tsx(115,5): error TS17004: Cannot use JSX unless the '--jsx' flag is provided.
frontend/src/widgets/manual-promotion-form/index.tsx(116,7): error TS17004: Cannot use JSX unless the '--jsx' flag is provided.
frontend/src/widgets/manual-promotion-form/index.tsx(117,9): error TS17004: Cannot use JSX unless the '--jsx' flag is provided.
frontend/src/widgets/manual-promotion-form/index.tsx(118,11): error TS17004: Cannot use JSX unless the '--jsx' flag is provided.
frontend/src/widgets/manual-promotion-form/index.tsx(119,13): error TS17004: Cannot use JSX unless the '--jsx' flag is provided.
frontend/src/widgets/manual-promotion-form/index.tsx(120,15): error TS17004: Cannot use JSX unless the '--jsx' flag is provided.
frontend/src/widgets/manual-promotion-form/index.tsx(121,15): error TS17004: Cannot use JSX unless the '--jsx' flag is provided.
frontend/src/widgets/manual-promotion-form/index.tsx(126,13): error TS17004: Cannot use JSX unless the '--jsx' flag is provided.
frontend/src/widgets/manual-promotion-form/index.tsx(127,15): error TS17004: Cannot use JSX unless the '--jsx' flag is provided.
frontend/src/widgets/manual-promotion-form/index.tsx(128,17): error TS17004: Cannot use JSX unless the '--jsx' flag is provided.
frontend/src/widgets/manual-promotion-form/index.tsx(132,21): error TS17004: Cannot use JSX unless the '--jsx' flag is provided.
frontend/src/widgets/manual-promotion-form/index.tsx(133,23): error TS17004: Cannot use JSX unless the '--jsx' flag is provided.
frontend/src/widgets/manual-promotion-form/index.tsx(134,23): error TS17004: Cannot use JSX unless the '--jsx' flag is provided.
frontend/src/widgets/manual-promotion-form/index.tsx(135,25): error TS17004: Cannot use JSX unless the '--jsx' flag is provided.
frontend/src/widgets/manual-promotion-form/index.tsx(140,23): error TS17004: Cannot use JSX unless the '--jsx' flag is provided.
frontend/src/widgets/manual-promotion-form/index.tsx(144,17): error TS17004: Cannot use JSX unless the '--jsx' flag is provided.
frontend/src/widgets/manual-promotion-form/index.tsx(148,21): error TS17004: Cannot use JSX unless the '--jsx' flag is provided.
frontend/src/widgets/manual-promotion-form/index.tsx(149,23): error TS17004: Cannot use JSX unless the '--jsx' flag is provided.
frontend/src/widgets/manual-promotion-form/index.tsx(150,23): error TS17004: Cannot use JSX unless the '--jsx' flag is provided.
frontend/src/widgets/manual-promotion-form/index.tsx(151,25): error TS17004: Cannot use JSX unless the '--jsx' flag is provided.
frontend/src/widgets/manual-promotion-form/index.tsx(156,23): error TS17004: Cannot use JSX unless the '--jsx' flag is provided.
frontend/src/widgets/manual-promotion-form/index.tsx(161,15): error TS17004: Cannot use JSX unless the '--jsx' flag is provided.
frontend/src/widgets/manual-promotion-form/index.tsx(162,15): error TS17004: Cannot use JSX unless the '--jsx' flag is provided.
frontend/src/widgets/manual-promotion-form/index.tsx(163,17): error TS17004: Cannot use JSX unless the '--jsx' flag is provided.
frontend/src/widgets/manual-promotion-form/index.tsx(164,19): error TS17004: Cannot use JSX unless the '--jsx' flag is provided.
frontend/src/widgets/manual-promotion-form/index.tsx(168,23): error TS17004: Cannot use JSX unless the '--jsx' flag is provided.
frontend/src/widgets/manual-promotion-form/index.tsx(169,25): error TS17004: Cannot use JSX unless the '--jsx' flag is provided.
frontend/src/widgets/manual-promotion-form/index.tsx(170,25): error TS17004: Cannot use JSX unless the '--jsx' flag is provided.
frontend/src/widgets/manual-promotion-form/index.tsx(171,27): error TS17004: Cannot use JSX unless the '--jsx' flag is provided.
frontend/src/widgets/manual-promotion-form/index.tsx(176,25): error TS17004: Cannot use JSX unless the '--jsx' flag is provided.
frontend/src/widgets/manual-promotion-form/index.tsx(180,19): error TS17004: Cannot use JSX unless the '--jsx' flag is provided.
frontend/src/widgets/manual-promotion-form/index.tsx(184,23): error TS17004: Cannot use JSX unless the '--jsx' flag is provided.
frontend/src/widgets/manual-promotion-form/index.tsx(185,25): error TS17004: Cannot use JSX unless the '--jsx' flag is provided.
frontend/src/widgets/manual-promotion-form/index.tsx(186,25): error TS17004: Cannot use JSX unless the '--jsx' flag is provided.
frontend/src/widgets/manual-promotion-form/index.tsx(187,27): error TS17004: Cannot use JSX unless the '--jsx' flag is provided.
frontend/src/widgets/manual-promotion-form/index.tsx(189,25): error TS17004: Cannot use JSX unless the '--jsx' flag is provided.
frontend/src/widgets/manual-promotion-form/index.tsx(194,17): error TS17004: Cannot use JSX unless the '--jsx' flag is provided.
frontend/src/widgets/manual-promotion-form/index.tsx(198,21): error TS17004: Cannot use JSX unless the '--jsx' flag is provided.
frontend/src/widgets/manual-promotion-form/index.tsx(199,23): error TS17004: Cannot use JSX unless the '--jsx' flag is provided.
frontend/src/widgets/manual-promotion-form/index.tsx(200,23): error TS17004: Cannot use JSX unless the '--jsx' flag is provided.
frontend/src/widgets/manual-promotion-form/index.tsx(201,25): error TS17004: Cannot use JSX unless the '--jsx' flag is provided.
frontend/src/widgets/manual-promotion-form/index.tsx(202,27): error TS17004: Cannot use JSX unless the '--jsx' flag is provided.
frontend/src/widgets/manual-promotion-form/index.tsx(203,29): error TS17004: Cannot use JSX unless the '--jsx' flag is provided.
frontend/src/widgets/manual-promotion-form/index.tsx(213,33): error TS17004: Cannot use JSX unless the '--jsx' flag is provided.
frontend/src/widgets/manual-promotion-form/index.tsx(215,31): error TS17004: Cannot use JSX unless the '--jsx' flag is provided.
frontend/src/widgets/manual-promotion-form/index.tsx(219,25): error TS17004: Cannot use JSX unless the '--jsx' flag is provided.
frontend/src/widgets/manual-promotion-form/index.tsx(220,27): error TS17004: Cannot use JSX unless the '--jsx' flag is provided.
frontend/src/widgets/manual-promotion-form/index.tsx(228,23): error TS17004: Cannot use JSX unless the '--jsx' flag is provided.
frontend/src/widgets/manual-promotion-form/index.tsx(232,17): error TS17004: Cannot use JSX unless the '--jsx' flag is provided.
frontend/src/widgets/manual-promotion-form/index.tsx(236,21): error TS17004: Cannot use JSX unless the '--jsx' flag is provided.
frontend/src/widgets/manual-promotion-form/index.tsx(237,23): error TS17004: Cannot use JSX unless the '--jsx' flag is provided.
frontend/src/widgets/manual-promotion-form/index.tsx(238,23): error TS17004: Cannot use JSX unless the '--jsx' flag is provided.
frontend/src/widgets/manual-promotion-form/index.tsx(242,25): error TS17004: Cannot use JSX unless the '--jsx' flag is provided.
frontend/src/widgets/manual-promotion-form/index.tsx(243,27): error TS17004: Cannot use JSX unless the '--jsx' flag is provided.
frontend/src/widgets/manual-promotion-form/index.tsx(244,29): error TS17004: Cannot use JSX unless the '--jsx' flag is provided.
frontend/src/widgets/manual-promotion-form/index.tsx(247,25): error TS17004: Cannot use JSX unless the '--jsx' flag is provided.
frontend/src/widgets/manual-promotion-form/index.tsx(249,29): error TS17004: Cannot use JSX unless the '--jsx' flag is provided.
frontend/src/widgets/manual-promotion-form/index.tsx(255,23): error TS17004: Cannot use JSX unless the '--jsx' flag is provided.
frontend/src/widgets/manual-promotion-form/index.tsx(259,17): error TS17004: Cannot use JSX unless the '--jsx' flag is provided.
frontend/src/widgets/manual-promotion-form/index.tsx(260,19): error TS17004: Cannot use JSX unless the '--jsx' flag is provided.
frontend/src/widgets/manual-promotion-form/index.tsx(261,19): error TS17004: Cannot use JSX unless the '--jsx' flag is provided.
frontend/src/widgets/manual-promotion-form/index.tsx(262,21): error TS17004: Cannot use JSX unless the '--jsx' flag is provided.
frontend/src/widgets/manual-promotion-form/index.tsx(266,23): error TS17004: Cannot use JSX unless the '--jsx' flag is provided.
frontend/src/widgets/manual-promotion-form/index.tsx(267,25): error TS17004: Cannot use JSX unless the '--jsx' flag is provided.
frontend/src/widgets/manual-promotion-form/index.tsx(268,25): error TS17004: Cannot use JSX unless the '--jsx' flag is provided.
frontend/src/widgets/manual-promotion-form/index.tsx(272,23): error TS17004: Cannot use JSX unless the '--jsx' flag is provided.
frontend/src/widgets/manual-promotion-form/index.tsx(280,19): error TS17004: Cannot use JSX unless the '--jsx' flag is provided.
frontend/src/widgets/manual-promotion-form/index.tsx(287,13): error TS17004: Cannot use JSX unless the '--jsx' flag is provided.
frontend/src/widgets/manual-promotion-form/index.tsx(288,15): error TS17004: Cannot use JSX unless the '--jsx' flag is provided.
frontend/src/widgets/manual-promotion-form/index.tsx(295,19): error TS17004: Cannot use JSX unless the '--jsx' flag is provided.
frontend/src/widgets/manual-promotion-form/index.tsx(297,17): error TS17004: Cannot use JSX unless the '--jsx' flag is provided.
frontend/src/widgets/match-details-tabs/ui/ai-analysis-tab.tsx(5,24): error TS2307: Cannot find module '@/shared/ui/button' or its corresponding type declarations.
frontend/src/widgets/match-details-tabs/ui/ai-analysis-tab.tsx(12,8): error TS2307: Cannot find module '@/shared/ui/card' or its corresponding type declarations.
frontend/src/widgets/match-details-tabs/ui/ai-analysis-tab.tsx(13,53): error TS2307: Cannot find module '@/shared/ui/alert' or its corresponding type declarations.
frontend/src/widgets/match-details-tabs/ui/ai-analysis-tab.tsx(27,26): error TS2307: Cannot find module '@/shared/ui/skeleton' or its corresponding type declarations.
frontend/src/widgets/match-details-tabs/ui/ai-analysis-tab.tsx(31,8): error TS2307: Cannot find module '@/shared/api/genkit/flows/generate-tournament-summary-flow' or its corresponding type declarations.
frontend/src/widgets/match-details-tabs/ui/ai-analysis-tab.tsx(35,8): error TS2307: Cannot find module '@/shared/api/genkit/flows/generate-post-image-flow' or its corresponding type declarations.
frontend/src/widgets/match-details-tabs/ui/ai-analysis-tab.tsx(36,26): error TS2307: Cannot find module '@/shared/ui/textarea' or its corresponding type declarations.
frontend/src/widgets/match-details-tabs/ui/ai-analysis-tab.tsx(37,23): error TS2307: Cannot find module '@/shared/ui/label' or its corresponding type declarations.
frontend/src/widgets/match-details-tabs/ui/ai-analysis-tab.tsx(38,26): error TS2307: Cannot find module '@/shared/hooks/use-toast' or its corresponding type declarations.
frontend/src/widgets/match-details-tabs/ui/ai-analysis-tab.tsx(42,8): error TS2307: Cannot find module '@/shared/api/genkit/flows/generate-match-commentary-flow' or its corresponding type declarations.
frontend/src/widgets/match-details-tabs/ui/ai-analysis-tab.tsx(46,8): error TS2307: Cannot find module '@/shared/api/genkit/flows/generate-match-interview-flow' or its corresponding type declarations.
frontend/src/widgets/match-details-tabs/ui/ai-analysis-tab.tsx(50,8): error TS2307: Cannot find module '@/shared/api/genkit/flows/generate-match-post-flow' or its corresponding type declarations.
frontend/src/widgets/match-details-tabs/ui/ai-analysis-tab.tsx(52,39): error TS2307: Cannot find module '@/entities/tournament/api/media' or its corresponding type declarations.
frontend/src/widgets/match-details-tabs/ui/ai-analysis-tab.tsx(53,47): error TS2307: Cannot find module '@/entities/match/model/types' or its corresponding type declarations.
frontend/src/widgets/match-details-tabs/ui/ai-analysis-tab.tsx(239,5): error TS17004: Cannot use JSX unless the '--jsx' flag is provided.
frontend/src/widgets/match-details-tabs/ui/ai-analysis-tab.tsx(240,7): error TS17004: Cannot use JSX unless the '--jsx' flag is provided.
frontend/src/widgets/match-details-tabs/ui/ai-analysis-tab.tsx(241,9): error TS17004: Cannot use JSX unless the '--jsx' flag is provided.
frontend/src/widgets/match-details-tabs/ui/ai-analysis-tab.tsx(242,9): error TS17004: Cannot use JSX unless the '--jsx' flag is provided.
frontend/src/widgets/match-details-tabs/ui/ai-analysis-tab.tsx(246,7): error TS17004: Cannot use JSX unless the '--jsx' flag is provided.
frontend/src/widgets/match-details-tabs/ui/ai-analysis-tab.tsx(247,9): error TS17004: Cannot use JSX unless the '--jsx' flag is provided.
frontend/src/widgets/match-details-tabs/ui/ai-analysis-tab.tsx(252,13): error TS17004: Cannot use JSX unless the '--jsx' flag is provided.
frontend/src/widgets/match-details-tabs/ui/ai-analysis-tab.tsx(254,13): error TS17004: Cannot use JSX unless the '--jsx' flag is provided.
frontend/src/widgets/match-details-tabs/ui/ai-analysis-tab.tsx(259,11): error TS17004: Cannot use JSX unless the '--jsx' flag is provided.
frontend/src/widgets/match-details-tabs/ui/ai-analysis-tab.tsx(260,13): error TS17004: Cannot use JSX unless the '--jsx' flag is provided.
frontend/src/widgets/match-details-tabs/ui/ai-analysis-tab.tsx(261,13): error TS17004: Cannot use JSX unless the '--jsx' flag is provided.
frontend/src/widgets/match-details-tabs/ui/ai-analysis-tab.tsx(262,13): error TS17004: Cannot use JSX unless the '--jsx' flag is provided.
frontend/src/widgets/match-details-tabs/ui/ai-analysis-tab.tsx(268,11): error TS17004: Cannot use JSX unless the '--jsx' flag is provided.
frontend/src/widgets/match-details-tabs/ui/ai-analysis-tab.tsx(269,13): error TS17004: Cannot use JSX unless the '--jsx' flag is provided.
frontend/src/widgets/match-details-tabs/ui/ai-analysis-tab.tsx(270,13): error TS17004: Cannot use JSX unless the '--jsx' flag is provided.
frontend/src/widgets/match-details-tabs/ui/ai-analysis-tab.tsx(275,11): error TS17004: Cannot use JSX unless the '--jsx' flag is provided.
frontend/src/widgets/match-details-tabs/ui/ai-analysis-tab.tsx(276,13): error TS17004: Cannot use JSX unless the '--jsx' flag is provided.
frontend/src/widgets/match-details-tabs/ui/ai-analysis-tab.tsx(277,13): error TS17004: Cannot use JSX unless the '--jsx' flag is provided.
frontend/src/widgets/match-details-tabs/ui/ai-analysis-tab.tsx(278,13): error TS17004: Cannot use JSX unless the '--jsx' flag is provided.
frontend/src/widgets/match-details-tabs/ui/ai-analysis-tab.tsx(279,15): error TS17004: Cannot use JSX unless the '--jsx' flag is provided.
frontend/src/widgets/match-details-tabs/ui/ai-analysis-tab.tsx(280,15): error TS17004: Cannot use JSX unless the '--jsx' flag is provided.
frontend/src/widgets/match-details-tabs/ui/ai-analysis-tab.tsx(281,15): error TS17004: Cannot use JSX unless the '--jsx' flag is provided.
frontend/src/widgets/match-details-tabs/ui/ai-analysis-tab.tsx(282,15): error TS17004: Cannot use JSX unless the '--jsx' flag is provided.
frontend/src/widgets/match-details-tabs/ui/ai-analysis-tab.tsx(288,11): error TS17004: Cannot use JSX unless the '--jsx' flag is provided.
frontend/src/widgets/match-details-tabs/ui/ai-analysis-tab.tsx(289,13): error TS17004: Cannot use JSX unless the '--jsx' flag is provided.
frontend/src/widgets/match-details-tabs/ui/ai-analysis-tab.tsx(290,15): error TS17004: Cannot use JSX unless the '--jsx' flag is provided.
frontend/src/widgets/match-details-tabs/ui/ai-analysis-tab.tsx(291,17): error TS17004: Cannot use JSX unless the '--jsx' flag is provided.
frontend/src/widgets/match-details-tabs/ui/ai-analysis-tab.tsx(293,15): error TS17004: Cannot use JSX unless the '--jsx' flag is provided.
frontend/src/widgets/match-details-tabs/ui/ai-analysis-tab.tsx(294,17): error TS17004: Cannot use JSX unless the '--jsx' flag is provided.
frontend/src/widgets/match-details-tabs/ui/ai-analysis-tab.tsx(299,17): error TS17004: Cannot use JSX unless the '--jsx' flag is provided.
frontend/src/widgets/match-details-tabs/ui/ai-analysis-tab.tsx(305,19): error TS17004: Cannot use JSX unless the '--jsx' flag is provided.
frontend/src/widgets/match-details-tabs/ui/ai-analysis-tab.tsx(310,13): error TS17004: Cannot use JSX unless the '--jsx' flag is provided.
frontend/src/widgets/match-details-tabs/ui/ai-analysis-tab.tsx(311,15): error TS17004: Cannot use JSX unless the '--jsx' flag is provided.
frontend/src/widgets/match-details-tabs/ui/ai-analysis-tab.tsx(312,17): error TS17004: Cannot use JSX unless the '--jsx' flag is provided.
frontend/src/widgets/match-details-tabs/ui/ai-analysis-tab.tsx(313,19): error TS17004: Cannot use JSX unless the '--jsx' flag is provided.
frontend/src/widgets/match-details-tabs/ui/ai-analysis-tab.tsx(316,15): error TS17004: Cannot use JSX unless the '--jsx' flag is provided.
frontend/src/widgets/match-details-tabs/ui/ai-analysis-tab.tsx(317,17): error TS17004: Cannot use JSX unless the '--jsx' flag is provided.
frontend/src/widgets/match-details-tabs/ui/ai-analysis-tab.tsx(319,21): error TS17004: Cannot use JSX unless the '--jsx' flag is provided.
frontend/src/widgets/match-details-tabs/ui/ai-analysis-tab.tsx(320,23): error TS17004: Cannot use JSX unless the '--jsx' flag is provided.
frontend/src/widgets/match-details-tabs/ui/ai-analysis-tab.tsx(332,13): error TS17004: Cannot use JSX unless the '--jsx' flag is provided.
frontend/src/widgets/match-details-tabs/ui/ai-analysis-tab.tsx(333,15): error TS17004: Cannot use JSX unless the '--jsx' flag is provided.
frontend/src/widgets/match-details-tabs/ui/ai-analysis-tab.tsx(334,17): error TS17004: Cannot use JSX unless the '--jsx' flag is provided.
frontend/src/widgets/match-details-tabs/ui/ai-analysis-tab.tsx(335,19): error TS17004: Cannot use JSX unless the '--jsx' flag is provided.
frontend/src/widgets/match-details-tabs/ui/ai-analysis-tab.tsx(337,17): error TS17004: Cannot use JSX unless the '--jsx' flag is provided.
frontend/src/widgets/match-details-tabs/ui/ai-analysis-tab.tsx(342,15): error TS17004: Cannot use JSX unless the '--jsx' flag is provided.
frontend/src/widgets/match-details-tabs/ui/ai-analysis-tab.tsx(344,19): error TS17004: Cannot use JSX unless the '--jsx' flag is provided.
frontend/src/widgets/match-details-tabs/ui/ai-analysis-tab.tsx(349,23): error TS17004: Cannot use JSX unless the '--jsx' flag is provided.
frontend/src/widgets/match-details-tabs/ui/ai-analysis-tab.tsx(351,23): error TS17004: Cannot use JSX unless the '--jsx' flag is provided.
frontend/src/widgets/match-details-tabs/ui/ai-analysis-tab.tsx(358,44): error TS17004: Cannot use JSX unless the '--jsx' flag is provided.
frontend/src/widgets/match-details-tabs/ui/ai-analysis-tab.tsx(360,19): error TS17004: Cannot use JSX unless the '--jsx' flag is provided.
frontend/src/widgets/match-details-tabs/ui/ai-analysis-tab.tsx(361,21): error TS17004: Cannot use JSX unless the '--jsx' flag is provided.
frontend/src/widgets/match-details-tabs/ui/ai-analysis-tab.tsx(362,21): error TS17004: Cannot use JSX unless the '--jsx' flag is provided.
frontend/src/widgets/match-details-tabs/ui/ai-analysis-tab.tsx(366,19): error TS17004: Cannot use JSX unless the '--jsx' flag is provided.
frontend/src/widgets/match-details-tabs/ui/ai-analysis-tab.tsx(367,21): error TS17004: Cannot use JSX unless the '--jsx' flag is provided.
frontend/src/widgets/match-details-tabs/ui/ai-analysis-tab.tsx(372,21): error TS17004: Cannot use JSX unless the '--jsx' flag is provided.
frontend/src/widgets/match-details-tabs/ui/ai-analysis-tab.tsx(373,23): error TS17004: Cannot use JSX unless the '--jsx' flag is provided.
frontend/src/widgets/match-details-tabs/ui/ai-analysis-tab.tsx(374,23): error TS17004: Cannot use JSX unless the '--jsx' flag is provided.
frontend/src/widgets/match-details-tabs/ui/ai-analysis-tab.tsx(386,13): error TS17004: Cannot use JSX unless the '--jsx' flag is provided.
frontend/src/widgets/match-details-tabs/ui/ai-analysis-tab.tsx(387,15): error TS17004: Cannot use JSX unless the '--jsx' flag is provided.
frontend/src/widgets/match-details-tabs/ui/ai-analysis-tab.tsx(388,17): error TS17004: Cannot use JSX unless the '--jsx' flag is provided.
frontend/src/widgets/match-details-tabs/ui/ai-analysis-tab.tsx(389,19): error TS17004: Cannot use JSX unless the '--jsx' flag is provided.
frontend/src/widgets/match-details-tabs/ui/ai-analysis-tab.tsx(392,17): error TS17004: Cannot use JSX unless the '--jsx' flag is provided.
frontend/src/widgets/match-details-tabs/ui/ai-analysis-tab.tsx(396,15): error TS17004: Cannot use JSX unless the '--jsx' flag is provided.
frontend/src/widgets/match-details-tabs/ui/ai-analysis-tab.tsx(398,19): error TS17004: Cannot use JSX unless the '--jsx' flag is provided.
frontend/src/widgets/match-details-tabs/ui/ai-analysis-tab.tsx(403,23): error TS17004: Cannot use JSX unless the '--jsx' flag is provided.
frontend/src/widgets/match-details-tabs/ui/ai-analysis-tab.tsx(405,23): error TS17004: Cannot use JSX unless the '--jsx' flag is provided.
frontend/src/widgets/match-details-tabs/ui/ai-analysis-tab.tsx(410,43): error TS17004: Cannot use JSX unless the '--jsx' flag is provided.
frontend/src/widgets/match-details-tabs/ui/ai-analysis-tab.tsx(412,19): error TS17004: Cannot use JSX unless the '--jsx' flag is provided.
frontend/src/widgets/match-details-tabs/ui/ai-analysis-tab.tsx(413,21): error TS17004: Cannot use JSX unless the '--jsx' flag is provided.
frontend/src/widgets/match-details-tabs/ui/ai-analysis-tab.tsx(414,21): error TS17004: Cannot use JSX unless the '--jsx' flag is provided.
frontend/src/widgets/match-details-tabs/ui/ai-analysis-tab.tsx(418,19): error TS17004: Cannot use JSX unless the '--jsx' flag is provided.
frontend/src/widgets/match-details-tabs/ui/ai-analysis-tab.tsx(419,21): error TS17004: Cannot use JSX unless the '--jsx' flag is provided.
frontend/src/widgets/match-details-tabs/ui/ai-analysis-tab.tsx(424,21): error TS17004: Cannot use JSX unless the '--jsx' flag is provided.
frontend/src/widgets/match-details-tabs/ui/ai-analysis-tab.tsx(425,23): error TS17004: Cannot use JSX unless the '--jsx' flag is provided.
frontend/src/widgets/match-details-tabs/ui/ai-analysis-tab.tsx(426,23): error TS17004: Cannot use JSX unless the '--jsx' flag is provided.
frontend/src/widgets/match-details-tabs/ui/ai-analysis-tab.tsx(438,13): error TS17004: Cannot use JSX unless the '--jsx' flag is provided.
frontend/src/widgets/match-details-tabs/ui/ai-analysis-tab.tsx(439,15): error TS17004: Cannot use JSX unless the '--jsx' flag is provided.
frontend/src/widgets/match-details-tabs/ui/ai-analysis-tab.tsx(440,17): error TS17004: Cannot use JSX unless the '--jsx' flag is provided.
frontend/src/widgets/match-details-tabs/ui/ai-analysis-tab.tsx(441,19): error TS17004: Cannot use JSX unless the '--jsx' flag is provided.
frontend/src/widgets/match-details-tabs/ui/ai-analysis-tab.tsx(443,17): error TS17004: Cannot use JSX unless the '--jsx' flag is provided.
frontend/src/widgets/match-details-tabs/ui/ai-analysis-tab.tsx(447,15): error TS17004: Cannot use JSX unless the '--jsx' flag is provided.
frontend/src/widgets/match-details-tabs/ui/ai-analysis-tab.tsx(449,19): error TS17004: Cannot use JSX unless the '--jsx' flag is provided.
frontend/src/widgets/match-details-tabs/ui/ai-analysis-tab.tsx(454,23): error TS17004: Cannot use JSX unless the '--jsx' flag is provided.
frontend/src/widgets/match-details-tabs/ui/ai-analysis-tab.tsx(456,23): error TS17004: Cannot use JSX unless the '--jsx' flag is provided.
frontend/src/widgets/match-details-tabs/ui/ai-analysis-tab.tsx(464,19): error TS17004: Cannot use JSX unless the '--jsx' flag is provided.
frontend/src/widgets/match-details-tabs/ui/ai-analysis-tab.tsx(465,21): error TS17004: Cannot use JSX unless the '--jsx' flag is provided.
frontend/src/widgets/match-details-tabs/ui/ai-analysis-tab.tsx(466,21): error TS17004: Cannot use JSX unless the '--jsx' flag is provided.
frontend/src/widgets/match-details-tabs/ui/ai-analysis-tab.tsx(470,19): error TS17004: Cannot use JSX unless the '--jsx' flag is provided.
frontend/src/widgets/match-details-tabs/ui/ai-analysis-tab.tsx(471,21): error TS17004: Cannot use JSX unless the '--jsx' flag is provided.
frontend/src/widgets/match-details-tabs/ui/ai-analysis-tab.tsx(472,21): error TS17004: Cannot use JSX unless the '--jsx' flag is provided.
frontend/src/widgets/match-details-tabs/ui/ai-analysis-tab.tsx(476,19): error TS17004: Cannot use JSX unless the '--jsx' flag is provided.
frontend/src/widgets/match-details-tabs/ui/ai-analysis-tab.tsx(477,21): error TS17004: Cannot use JSX unless the '--jsx' flag is provided.
frontend/src/widgets/match-details-tabs/ui/ai-analysis-tab.tsx(478,23): error TS17004: Cannot use JSX unless the '--jsx' flag is provided.
frontend/src/widgets/match-details-tabs/ui/ai-analysis-tab.tsx(479,25): error TS17004: Cannot use JSX unless the '--jsx' flag is provided.
frontend/src/widgets/match-details-tabs/ui/ai-analysis-tab.tsx(480,25): error TS17004: Cannot use JSX unless the '--jsx' flag is provided.
frontend/src/widgets/match-details-tabs/ui/ai-analysis-tab.tsx(487,23): error TS17004: Cannot use JSX unless the '--jsx' flag is provided.
frontend/src/widgets/match-details-tabs/ui/ai-analysis-tab.tsx(488,25): error TS17004: Cannot use JSX unless the '--jsx' flag is provided.
frontend/src/widgets/match-details-tabs/ui/ai-analysis-tab.tsx(489,25): error TS17004: Cannot use JSX unless the '--jsx' flag is provided.
frontend/src/widgets/match-details-tabs/ui/ai-analysis-tab.tsx(490,27): error TS17004: Cannot use JSX unless the '--jsx' flag is provided.
frontend/src/widgets/match-details-tabs/ui/ai-analysis-tab.tsx(499,21): error TS17004: Cannot use JSX unless the '--jsx' flag is provided.
frontend/src/widgets/match-details-tabs/ui/ai-analysis-tab.tsx(500,23): error TS17004: Cannot use JSX unless the '--jsx' flag is provided.
frontend/src/widgets/match-details-tabs/ui/ai-analysis-tab.tsx(503,25): error TS17004: Cannot use JSX unless the '--jsx' flag is provided.
frontend/src/widgets/match-details-tabs/ui/ai-analysis-tab.tsx(505,23): error TS17004: Cannot use JSX unless the '--jsx' flag is provided.
frontend/src/widgets/match-details-tabs/ui/ai-analysis-tab.tsx(516,25): error TS17004: Cannot use JSX unless the '--jsx' flag is provided.
frontend/src/widgets/match-details-tabs/ui/lineups-tab.tsx(3,58): error TS2307: Cannot find module '@/shared/ui/card' or its corresponding type declarations.
frontend/src/widgets/match-details-tabs/ui/lineups-tab.tsx(4,53): error TS2307: Cannot find module '@/shared/ui/avatar' or its corresponding type declarations.
frontend/src/widgets/match-details-tabs/ui/lineups-tab.tsx(5,35): error TS2307: Cannot find module '@/entities/match/model/types' or its corresponding type declarations.
frontend/src/widgets/match-details-tabs/ui/lineups-tab.tsx(13,5): error TS17004: Cannot use JSX unless the '--jsx' flag is provided.
frontend/src/widgets/match-details-tabs/ui/lineups-tab.tsx(14,7): error TS17004: Cannot use JSX unless the '--jsx' flag is provided.
frontend/src/widgets/match-details-tabs/ui/lineups-tab.tsx(15,9): error TS17004: Cannot use JSX unless the '--jsx' flag is provided.
frontend/src/widgets/match-details-tabs/ui/lineups-tab.tsx(16,11): error TS17004: Cannot use JSX unless the '--jsx' flag is provided.
frontend/src/widgets/match-details-tabs/ui/lineups-tab.tsx(18,9): error TS17004: Cannot use JSX unless the '--jsx' flag is provided.
frontend/src/widgets/match-details-tabs/ui/lineups-tab.tsx(20,13): error TS17004: Cannot use JSX unless the '--jsx' flag is provided.
frontend/src/widgets/match-details-tabs/ui/lineups-tab.tsx(21,15): error TS17004: Cannot use JSX unless the '--jsx' flag is provided.
frontend/src/widgets/match-details-tabs/ui/lineups-tab.tsx(22,17): error TS17004: Cannot use JSX unless the '--jsx' flag is provided.
frontend/src/widgets/match-details-tabs/ui/lineups-tab.tsx(26,17): error TS17004: Cannot use JSX unless the '--jsx' flag is provided.
frontend/src/widgets/match-details-tabs/ui/lineups-tab.tsx(28,15): error TS17004: Cannot use JSX unless the '--jsx' flag is provided.
frontend/src/widgets/match-details-tabs/ui/lineups-tab.tsx(29,17): error TS17004: Cannot use JSX unless the '--jsx' flag is provided.
frontend/src/widgets/match-details-tabs/ui/lineups-tab.tsx(30,17): error TS17004: Cannot use JSX unless the '--jsx' flag is provided.
frontend/src/widgets/match-details-tabs/ui/lineups-tab.tsx(36,7): error TS17004: Cannot use JSX unless the '--jsx' flag is provided.
frontend/src/widgets/match-details-tabs/ui/lineups-tab.tsx(37,9): error TS17004: Cannot use JSX unless the '--jsx' flag is provided.
frontend/src/widgets/match-details-tabs/ui/lineups-tab.tsx(38,11): error TS17004: Cannot use JSX unless the '--jsx' flag is provided.
frontend/src/widgets/match-details-tabs/ui/lineups-tab.tsx(40,9): error TS17004: Cannot use JSX unless the '--jsx' flag is provided.
frontend/src/widgets/match-details-tabs/ui/lineups-tab.tsx(42,13): error TS17004: Cannot use JSX unless the '--jsx' flag is provided.
frontend/src/widgets/match-details-tabs/ui/lineups-tab.tsx(43,15): error TS17004: Cannot use JSX unless the '--jsx' flag is provided.
frontend/src/widgets/match-details-tabs/ui/lineups-tab.tsx(44,17): error TS17004: Cannot use JSX unless the '--jsx' flag is provided.
frontend/src/widgets/match-details-tabs/ui/lineups-tab.tsx(48,17): error TS17004: Cannot use JSX unless the '--jsx' flag is provided.
frontend/src/widgets/match-details-tabs/ui/lineups-tab.tsx(50,15): error TS17004: Cannot use JSX unless the '--jsx' flag is provided.
frontend/src/widgets/match-details-tabs/ui/lineups-tab.tsx(51,17): error TS17004: Cannot use JSX unless the '--jsx' flag is provided.
frontend/src/widgets/match-details-tabs/ui/lineups-tab.tsx(52,17): error TS17004: Cannot use JSX unless the '--jsx' flag is provided.
frontend/src/widgets/match-details-tabs/ui/media-tab.tsx(9,8): error TS2307: Cannot find module '@/shared/ui/card' or its corresponding type declarations.
frontend/src/widgets/match-details-tabs/ui/media-tab.tsx(11,35): error TS2307: Cannot find module '@/entities/match/model/types' or its corresponding type declarations.
frontend/src/widgets/match-details-tabs/ui/media-tab.tsx(21,7): error TS17004: Cannot use JSX unless the '--jsx' flag is provided.
frontend/src/widgets/match-details-tabs/ui/media-tab.tsx(22,9): error TS17004: Cannot use JSX unless the '--jsx' flag is provided.
frontend/src/widgets/match-details-tabs/ui/media-tab.tsx(23,11): error TS17004: Cannot use JSX unless the '--jsx' flag is provided.
frontend/src/widgets/match-details-tabs/ui/media-tab.tsx(25,9): error TS17004: Cannot use JSX unless the '--jsx' flag is provided.
frontend/src/widgets/match-details-tabs/ui/media-tab.tsx(26,11): error TS17004: Cannot use JSX unless the '--jsx' flag is provided.
frontend/src/widgets/match-details-tabs/ui/media-tab.tsx(35,5): error TS17004: Cannot use JSX unless the '--jsx' flag is provided.
frontend/src/widgets/match-details-tabs/ui/media-tab.tsx(36,7): error TS17004: Cannot use JSX unless the '--jsx' flag is provided.
frontend/src/widgets/match-details-tabs/ui/media-tab.tsx(37,9): error TS17004: Cannot use JSX unless the '--jsx' flag is provided.
frontend/src/widgets/match-details-tabs/ui/media-tab.tsx(38,9): error TS17004: Cannot use JSX unless the '--jsx' flag is provided.
frontend/src/widgets/match-details-tabs/ui/media-tab.tsx(40,7): error TS17004: Cannot use JSX unless the '--jsx' flag is provided.
frontend/src/widgets/match-details-tabs/ui/media-tab.tsx(41,9): error TS17004: Cannot use JSX unless the '--jsx' flag is provided.
frontend/src/widgets/match-details-tabs/ui/media-tab.tsx(43,13): error TS17004: Cannot use JSX unless the '--jsx' flag is provided.
frontend/src/widgets/match-details-tabs/ui/media-tab.tsx(47,15): error TS17004: Cannot use JSX unless the '--jsx' flag is provided.
frontend/src/widgets/match-details-tabs/ui/media-tab.tsx(56,17): error TS17004: Cannot use JSX unless the '--jsx' flag is provided.
frontend/src/widgets/match-details-tabs/ui/media-tab.tsx(57,19): error TS17004: Cannot use JSX unless the '--jsx' flag is provided.
frontend/src/widgets/match-details-tabs/ui/overview-tab.tsx(9,8): error TS2307: Cannot find module '@/shared/ui/card' or its corresponding type declarations.
frontend/src/widgets/match-details-tabs/ui/overview-tab.tsx(10,35): error TS2307: Cannot find module '@/entities/match/model/types' or its corresponding type declarations.
frontend/src/widgets/match-details-tabs/ui/overview-tab.tsx(19,5): error TS17004: Cannot use JSX unless the '--jsx' flag is provided.
frontend/src/widgets/match-details-tabs/ui/overview-tab.tsx(20,7): error TS17004: Cannot use JSX unless the '--jsx' flag is provided.
frontend/src/widgets/match-details-tabs/ui/overview-tab.tsx(21,9): error TS17004: Cannot use JSX unless the '--jsx' flag is provided.
frontend/src/widgets/match-details-tabs/ui/overview-tab.tsx(22,11): error TS17004: Cannot use JSX unless the '--jsx' flag is provided.
frontend/src/widgets/match-details-tabs/ui/overview-tab.tsx(24,9): error TS17004: Cannot use JSX unless the '--jsx' flag is provided.
frontend/src/widgets/match-details-tabs/ui/overview-tab.tsx(25,11): error TS17004: Cannot use JSX unless the '--jsx' flag is provided.
frontend/src/widgets/match-details-tabs/ui/overview-tab.tsx(26,13): error TS17004: Cannot use JSX unless the '--jsx' flag is provided.
frontend/src/widgets/match-details-tabs/ui/overview-tab.tsx(29,11): error TS17004: Cannot use JSX unless the '--jsx' flag is provided.
frontend/src/widgets/match-details-tabs/ui/overview-tab.tsx(30,13): error TS17004: Cannot use JSX unless the '--jsx' flag is provided.
frontend/src/widgets/match-details-tabs/ui/overview-tab.tsx(33,11): error TS17004: Cannot use JSX unless the '--jsx' flag is provided.
frontend/src/widgets/match-details-tabs/ui/overview-tab.tsx(34,13): error TS17004: Cannot use JSX unless the '--jsx' flag is provided.
frontend/src/widgets/match-details-tabs/ui/overview-tab.tsx(37,11): error TS17004: Cannot use JSX unless the '--jsx' flag is provided.
frontend/src/widgets/match-details-tabs/ui/overview-tab.tsx(38,13): error TS17004: Cannot use JSX unless the '--jsx' flag is provided.
frontend/src/widgets/match-details-tabs/ui/overview-tab.tsx(43,7): error TS17004: Cannot use JSX unless the '--jsx' flag is provided.
frontend/src/widgets/match-details-tabs/ui/overview-tab.tsx(44,9): error TS17004: Cannot use JSX unless the '--jsx' flag is provided.
frontend/src/widgets/match-details-tabs/ui/overview-tab.tsx(45,11): error TS17004: Cannot use JSX unless the '--jsx' flag is provided.
frontend/src/widgets/match-details-tabs/ui/overview-tab.tsx(46,11): error TS17004: Cannot use JSX unless the '--jsx' flag is provided.
frontend/src/widgets/match-details-tabs/ui/overview-tab.tsx(48,9): error TS17004: Cannot use JSX unless the '--jsx' flag is provided.
frontend/src/widgets/match-details-tabs/ui/overview-tab.tsx(50,13): error TS17004: Cannot use JSX unless the '--jsx' flag is provided.
frontend/src/widgets/match-details-tabs/ui/overview-tab.tsx(52,17): error TS17004: Cannot use JSX unless the '--jsx' flag is provided.
frontend/src/widgets/match-details-tabs/ui/overview-tab.tsx(53,19): error TS17004: Cannot use JSX unless the '--jsx' flag is provided.
frontend/src/widgets/match-details-tabs/ui/overview-tab.tsx(54,19): error TS17004: Cannot use JSX unless the '--jsx' flag is provided.
frontend/src/widgets/match-details-tabs/ui/overview-tab.tsx(55,19): error TS17004: Cannot use JSX unless the '--jsx' flag is provided.
frontend/src/widgets/match-details-tabs/ui/overview-tab.tsx(56,21): error TS17004: Cannot use JSX unless the '--jsx' flag is provided.
frontend/src/widgets/match-details-tabs/ui/overview-tab.tsx(57,21): error TS17004: Cannot use JSX unless the '--jsx' flag is provided.
frontend/src/widgets/match-details-tabs/ui/overview-tab.tsx(65,13): error TS17004: Cannot use JSX unless the '--jsx' flag is provided.
frontend/src/widgets/match-details-tabs/ui/schedule-tab.tsx(9,8): error TS2307: Cannot find module '@/shared/ui/card' or its corresponding type declarations.
frontend/src/widgets/match-details-tabs/ui/schedule-tab.tsx(15,8): error TS2307: Cannot find module '@/shared/ui/accordion' or its corresponding type declarations.
frontend/src/widgets/match-details-tabs/ui/schedule-tab.tsx(16,53): error TS2307: Cannot find module '@/shared/ui/avatar' or its corresponding type declarations.
frontend/src/widgets/match-details-tabs/ui/schedule-tab.tsx(25,8): error TS2307: Cannot find module '@/entities/tournament/model/types' or its corresponding type declarations.
frontend/src/widgets/match-details-tabs/ui/schedule-tab.tsx(87,7): error TS17004: Cannot use JSX unless the '--jsx' flag is provided.
frontend/src/widgets/match-details-tabs/ui/schedule-tab.tsx(88,9): error TS17004: Cannot use JSX unless the '--jsx' flag is provided.
frontend/src/widgets/match-details-tabs/ui/schedule-tab.tsx(89,11): error TS17004: Cannot use JSX unless the '--jsx' flag is provided.
frontend/src/widgets/match-details-tabs/ui/schedule-tab.tsx(91,9): error TS17004: Cannot use JSX unless the '--jsx' flag is provided.
frontend/src/widgets/match-details-tabs/ui/schedule-tab.tsx(92,11): error TS17004: Cannot use JSX unless the '--jsx' flag is provided.
frontend/src/widgets/match-details-tabs/ui/schedule-tab.tsx(101,5): error TS17004: Cannot use JSX unless the '--jsx' flag is provided.
frontend/src/widgets/match-details-tabs/ui/schedule-tab.tsx(102,7): error TS17004: Cannot use JSX unless the '--jsx' flag is provided.
frontend/src/widgets/match-details-tabs/ui/schedule-tab.tsx(103,9): error TS17004: Cannot use JSX unless the '--jsx' flag is provided.
frontend/src/widgets/match-details-tabs/ui/schedule-tab.tsx(104,9): error TS17004: Cannot use JSX unless the '--jsx' flag is provided.
frontend/src/widgets/match-details-tabs/ui/schedule-tab.tsx(106,7): error TS17004: Cannot use JSX unless the '--jsx' flag is provided.
frontend/src/widgets/match-details-tabs/ui/schedule-tab.tsx(107,9): error TS17004: Cannot use JSX unless the '--jsx' flag is provided.
frontend/src/widgets/match-details-tabs/ui/schedule-tab.tsx(113,13): error TS17004: Cannot use JSX unless the '--jsx' flag is provided.
frontend/src/widgets/match-details-tabs/ui/schedule-tab.tsx(114,15): error TS17004: Cannot use JSX unless the '--jsx' flag is provided.
frontend/src/widgets/match-details-tabs/ui/schedule-tab.tsx(117,15): error TS17004: Cannot use JSX unless the '--jsx' flag is provided.
frontend/src/widgets/match-details-tabs/ui/schedule-tab.tsx(118,17): error TS17004: Cannot use JSX unless the '--jsx' flag is provided.
frontend/src/widgets/match-details-tabs/ui/schedule-tab.tsx(124,23): error TS17004: Cannot use JSX unless the '--jsx' flag is provided.
frontend/src/widgets/match-details-tabs/ui/schedule-tab.tsx(129,25): error TS17004: Cannot use JSX unless the '--jsx' flag is provided.
frontend/src/widgets/match-details-tabs/ui/schedule-tab.tsx(130,27): error TS17004: Cannot use JSX unless the '--jsx' flag is provided.
frontend/src/widgets/match-details-tabs/ui/schedule-tab.tsx(131,29): error TS17004: Cannot use JSX unless the '--jsx' flag is provided.
frontend/src/widgets/match-details-tabs/ui/schedule-tab.tsx(132,29): error TS17004: Cannot use JSX unless the '--jsx' flag is provided.
frontend/src/widgets/match-details-tabs/ui/schedule-tab.tsx(136,27): error TS17004: Cannot use JSX unless the '--jsx' flag is provided.
frontend/src/widgets/match-details-tabs/ui/schedule-tab.tsx(137,29): error TS17004: Cannot use JSX unless the '--jsx' flag is provided.
frontend/src/widgets/match-details-tabs/ui/schedule-tab.tsx(138,31): error TS17004: Cannot use JSX unless the '--jsx' flag is provided.
frontend/src/widgets/match-details-tabs/ui/schedule-tab.tsx(141,31): error TS17004: Cannot use JSX unless the '--jsx' flag is provided.
frontend/src/widgets/match-details-tabs/ui/schedule-tab.tsx(142,33): error TS17004: Cannot use JSX unless the '--jsx' flag is provided.
frontend/src/widgets/match-details-tabs/ui/schedule-tab.tsx(146,33): error TS17004: Cannot use JSX unless the '--jsx' flag is provided.
frontend/src/widgets/match-details-tabs/ui/schedule-tab.tsx(151,29): error TS17004: Cannot use JSX unless the '--jsx' flag is provided.
frontend/src/widgets/match-details-tabs/ui/schedule-tab.tsx(152,31): error TS17004: Cannot use JSX unless the '--jsx' flag is provided.
frontend/src/widgets/match-details-tabs/ui/schedule-tab.tsx(154,29): error TS17004: Cannot use JSX unless the '--jsx' flag is provided.
frontend/src/widgets/match-details-tabs/ui/schedule-tab.tsx(155,31): error TS17004: Cannot use JSX unless the '--jsx' flag is provided.
frontend/src/widgets/match-details-tabs/ui/schedule-tab.tsx(156,33): error TS17004: Cannot use JSX unless the '--jsx' flag is provided.
frontend/src/widgets/match-details-tabs/ui/schedule-tab.tsx(160,33): error TS17004: Cannot use JSX unless the '--jsx' flag is provided.
frontend/src/widgets/match-details-tabs/ui/schedule-tab.tsx(164,31): error TS17004: Cannot use JSX unless the '--jsx' flag is provided.
frontend/src/widgets/match-details-tabs/ui/stats-tab.tsx(9,8): error TS2307: Cannot find module '@/shared/ui/card' or its corresponding type declarations.
frontend/src/widgets/match-details-tabs/ui/stats-tab.tsx(10,26): error TS2307: Cannot find module '@/shared/ui/progress' or its corresponding type declarations.
frontend/src/widgets/match-details-tabs/ui/stats-tab.tsx(11,35): error TS2307: Cannot find module '@/entities/match/model/types' or its corresponding type declarations.
frontend/src/widgets/match-details-tabs/ui/stats-tab.tsx(20,7): error TS17004: Cannot use JSX unless the '--jsx' flag is provided.
frontend/src/widgets/match-details-tabs/ui/stats-tab.tsx(21,9): error TS17004: Cannot use JSX unless the '--jsx' flag is provided.
frontend/src/widgets/match-details-tabs/ui/stats-tab.tsx(22,11): error TS17004: Cannot use JSX unless the '--jsx' flag is provided.
frontend/src/widgets/match-details-tabs/ui/stats-tab.tsx(24,9): error TS17004: Cannot use JSX unless the '--jsx' flag is provided.
frontend/src/widgets/match-details-tabs/ui/stats-tab.tsx(25,11): error TS17004: Cannot use JSX unless the '--jsx' flag is provided.
frontend/src/widgets/match-details-tabs/ui/stats-tab.tsx(34,5): error TS17004: Cannot use JSX unless the '--jsx' flag is provided.
frontend/src/widgets/match-details-tabs/ui/stats-tab.tsx(35,7): error TS17004: Cannot use JSX unless the '--jsx' flag is provided.
frontend/src/widgets/match-details-tabs/ui/stats-tab.tsx(36,9): error TS17004: Cannot use JSX unless the '--jsx' flag is provided.
frontend/src/widgets/match-details-tabs/ui/stats-tab.tsx(37,9): error TS17004: Cannot use JSX unless the '--jsx' flag is provided.
frontend/src/widgets/match-details-tabs/ui/stats-tab.tsx(41,7): error TS17004: Cannot use JSX unless the '--jsx' flag is provided.
frontend/src/widgets/match-details-tabs/ui/stats-tab.tsx(43,11): error TS17004: Cannot use JSX unless the '--jsx' flag is provided.
frontend/src/widgets/match-details-tabs/ui/stats-tab.tsx(43,27): error TS2339: Property 'label' does not exist on type 'unknown'.
frontend/src/widgets/match-details-tabs/ui/stats-tab.tsx(44,13): error TS17004: Cannot use JSX unless the '--jsx' flag is provided.
frontend/src/widgets/match-details-tabs/ui/stats-tab.tsx(45,15): error TS17004: Cannot use JSX unless the '--jsx' flag is provided.
frontend/src/widgets/match-details-tabs/ui/stats-tab.tsx(45,28): error TS2339: Property 'team1' does not exist on type 'unknown'.
frontend/src/widgets/match-details-tabs/ui/stats-tab.tsx(46,15): error TS17004: Cannot use JSX unless the '--jsx' flag is provided.
frontend/src/widgets/match-details-tabs/ui/stats-tab.tsx(47,24): error TS2339: Property 'label' does not exist on type 'unknown'.
frontend/src/widgets/match-details-tabs/ui/stats-tab.tsx(49,15): error TS17004: Cannot use JSX unless the '--jsx' flag is provided.
frontend/src/widgets/match-details-tabs/ui/stats-tab.tsx(49,28): error TS2339: Property 'team2' does not exist on type 'unknown'.
frontend/src/widgets/match-details-tabs/ui/stats-tab.tsx(51,13): error TS17004: Cannot use JSX unless the '--jsx' flag is provided.
frontend/src/widgets/match-details-tabs/ui/stats-tab.tsx(52,15): error TS17004: Cannot use JSX unless the '--jsx' flag is provided.
frontend/src/widgets/match-details-tabs/ui/stats-tab.tsx(53,31): error TS2339: Property 'team1' does not exist on type 'unknown'.
frontend/src/widgets/match-details-tabs/ui/stats-tab.tsx(53,46): error TS2339: Property 'team1' does not exist on type 'unknown'.
frontend/src/widgets/match-details-tabs/ui/stats-tab.tsx(53,60): error TS2339: Property 'team2' does not exist on type 'unknown'.
frontend/src/widgets/match-details-tabs/ui/stats-tab.tsx(56,15): error TS17004: Cannot use JSX unless the '--jsx' flag is provided.
frontend/src/widgets/match-details-tabs/ui/stats-tab.tsx(57,31): error TS2339: Property 'team2' does not exist on type 'unknown'.
frontend/src/widgets/match-details-tabs/ui/stats-tab.tsx(57,46): error TS2339: Property 'team1' does not exist on type 'unknown'.
frontend/src/widgets/match-details-tabs/ui/stats-tab.tsx(57,60): error TS2339: Property 'team2' does not exist on type 'unknown'.
frontend/src/widgets/match-of-the-week/index.tsx(11,8): error TS2307: Cannot find module '@/shared/ui/card' or its corresponding type declarations.
frontend/src/widgets/match-of-the-week/index.tsx(12,24): error TS2307: Cannot find module '@/shared/ui/button' or its corresponding type declarations.
frontend/src/widgets/match-of-the-week/index.tsx(13,53): error TS2307: Cannot find module '@/shared/ui/alert' or its corresponding type declarations.
frontend/src/widgets/match-of-the-week/index.tsx(14,26): error TS2307: Cannot find module '@/shared/ui/skeleton' or its corresponding type declarations.
frontend/src/widgets/match-of-the-week/index.tsx(19,8): error TS2307: Cannot find module '@/shared/api/genkit/flows/generate-match-post-flow' or its corresponding type declarations.
frontend/src/widgets/match-of-the-week/index.tsx(22,35): error TS2307: Cannot find module '@/entities/match/api/get-match' or its corresponding type declarations.
frontend/src/widgets/match-of-the-week/index.tsx(23,35): error TS2307: Cannot find module '@/entities/match/model/types' or its corresponding type declarations.
frontend/src/widgets/match-of-the-week/index.tsx(86,7): error TS17004: Cannot use JSX unless the '--jsx' flag is provided.
frontend/src/widgets/match-of-the-week/index.tsx(87,9): error TS17004: Cannot use JSX unless the '--jsx' flag is provided.
frontend/src/widgets/match-of-the-week/index.tsx(88,9): error TS17004: Cannot use JSX unless the '--jsx' flag is provided.
frontend/src/widgets/match-of-the-week/index.tsx(89,11): error TS17004: Cannot use JSX unless the '--jsx' flag is provided.
frontend/src/widgets/match-of-the-week/index.tsx(91,9): error TS17004: Cannot use JSX unless the '--jsx' flag is provided.
frontend/src/widgets/match-of-the-week/index.tsx(92,11): error TS17004: Cannot use JSX unless the '--jsx' flag is provided.
frontend/src/widgets/match-of-the-week/index.tsx(100,7): error TS17004: Cannot use JSX unless the '--jsx' flag is provided.
frontend/src/widgets/match-of-the-week/index.tsx(101,9): error TS17004: Cannot use JSX unless the '--jsx' flag is provided.
frontend/src/widgets/match-of-the-week/index.tsx(102,11): error TS17004: Cannot use JSX unless the '--jsx' flag is provided.
frontend/src/widgets/match-of-the-week/index.tsx(103,13): error TS17004: Cannot use JSX unless the '--jsx' flag is provided.
frontend/src/widgets/match-of-the-week/index.tsx(106,9): error TS17004: Cannot use JSX unless the '--jsx' flag is provided.
frontend/src/widgets/match-of-the-week/index.tsx(107,11): error TS17004: Cannot use JSX unless the '--jsx' flag is provided.
frontend/src/widgets/match-of-the-week/index.tsx(108,13): error TS17004: Cannot use JSX unless the '--jsx' flag is provided.
frontend/src/widgets/match-of-the-week/index.tsx(109,13): error TS17004: Cannot use JSX unless the '--jsx' flag is provided.
frontend/src/widgets/match-of-the-week/index.tsx(110,13): error TS17004: Cannot use JSX unless the '--jsx' flag is provided.
frontend/src/widgets/match-of-the-week/index.tsx(122,5): error TS17004: Cannot use JSX unless the '--jsx' flag is provided.
frontend/src/widgets/match-of-the-week/index.tsx(123,7): error TS17004: Cannot use JSX unless the '--jsx' flag is provided.
frontend/src/widgets/match-of-the-week/index.tsx(124,9): error TS17004: Cannot use JSX unless the '--jsx' flag is provided.
frontend/src/widgets/match-of-the-week/index.tsx(130,9): error TS17004: Cannot use JSX unless the '--jsx' flag is provided.
frontend/src/widgets/match-of-the-week/index.tsx(131,9): error TS17004: Cannot use JSX unless the '--jsx' flag is provided.
frontend/src/widgets/match-of-the-week/index.tsx(135,7): error TS17004: Cannot use JSX unless the '--jsx' flag is provided.
frontend/src/widgets/match-of-the-week/index.tsx(136,9): error TS17004: Cannot use JSX unless the '--jsx' flag is provided.
frontend/src/widgets/match-of-the-week/index.tsx(139,9): error TS17004: Cannot use JSX unless the '--jsx' flag is provided.
frontend/src/widgets/match-of-the-week/index.tsx(141,7): error TS17004: Cannot use JSX unless the '--jsx' flag is provided.
frontend/src/widgets/match-of-the-week/index.tsx(142,9): error TS17004: Cannot use JSX unless the '--jsx' flag is provided.
frontend/src/widgets/match-of-the-week/index.tsx(143,11): error TS17004: Cannot use JSX unless the '--jsx' flag is provided.
frontend/src/widgets/match-of-the-week/index.tsx(144,11): error TS17004: Cannot use JSX unless the '--jsx' flag is provided.
frontend/src/widgets/match-of-the-week/index.tsx(145,13): error TS17004: Cannot use JSX unless the '--jsx' flag is provided.
frontend/src/widgets/match-of-the-week/index.tsx(146,13): error TS17004: Cannot use JSX unless the '--jsx' flag is provided.
frontend/src/widgets/match-of-the-week/index.tsx(147,13): error TS17004: Cannot use JSX unless the '--jsx' flag is provided.
frontend/src/widgets/match-of-the-week/index.tsx(151,7): error TS17004: Cannot use JSX unless the '--jsx' flag is provided.
frontend/src/widgets/match-of-the-week/index.tsx(152,9): error TS17004: Cannot use JSX unless the '--jsx' flag is provided.
frontend/src/widgets/match-of-the-week/index.tsx(153,11): error TS17004: Cannot use JSX unless the '--jsx' flag is provided.
frontend/src/widgets/match-predictions-widget/index.tsx(9,8): error TS2307: Cannot find module '@/shared/ui/card' or its corresponding type declarations.
frontend/src/widgets/match-predictions-widget/index.tsx(11,26): error TS2307: Cannot find module '@/shared/hooks/use-toast' or its corresponding type declarations.
frontend/src/widgets/match-predictions-widget/index.tsx(12,24): error TS2307: Cannot find module '@/shared/ui/button' or its corresponding type declarations.
frontend/src/widgets/match-predictions-widget/index.tsx(22,20): error TS2307: Cannot find module '@/shared/lib/utils' or its corresponding type declarations.
frontend/src/widgets/match-predictions-widget/index.tsx(23,27): error TS2307: Cannot find module '@/shared/ui/separator' or its corresponding type declarations.
frontend/src/widgets/match-predictions-widget/index.tsx(27,8): error TS2307: Cannot find module '@/shared/api/genkit/flows/predict-match-outcome-flow' or its corresponding type declarations.
frontend/src/widgets/match-predictions-widget/index.tsx(28,26): error TS2307: Cannot find module '@/shared/ui/skeleton' or its corresponding type declarations.
frontend/src/widgets/match-predictions-widget/index.tsx(29,53): error TS2307: Cannot find module '@/shared/ui/alert' or its corresponding type declarations.
frontend/src/widgets/match-predictions-widget/index.tsx(30,23): error TS2307: Cannot find module '@/shared/ui/badge' or its corresponding type declarations.
frontend/src/widgets/match-predictions-widget/index.tsx(31,28): error TS2307: Cannot find module '@/entities/match/model/types' or its corresponding type declarations.
frontend/src/widgets/match-predictions-widget/index.tsx(32,30): error TS2307: Cannot find module '@/entities/match/api/get-matches' or its corresponding type declarations.
frontend/src/widgets/match-predictions-widget/index.tsx(149,7): error TS17004: Cannot use JSX unless the '--jsx' flag is provided.
frontend/src/widgets/match-predictions-widget/index.tsx(150,9): error TS17004: Cannot use JSX unless the '--jsx' flag is provided.
frontend/src/widgets/match-predictions-widget/index.tsx(151,11): error TS17004: Cannot use JSX unless the '--jsx' flag is provided.
frontend/src/widgets/match-predictions-widget/index.tsx(153,9): error TS17004: Cannot use JSX unless the '--jsx' flag is provided.
frontend/src/widgets/match-predictions-widget/index.tsx(154,11): error TS17004: Cannot use JSX unless the '--jsx' flag is provided.
frontend/src/widgets/match-predictions-widget/index.tsx(161,5): error TS17004: Cannot use JSX unless the '--jsx' flag is provided.
frontend/src/widgets/match-predictions-widget/index.tsx(162,7): error TS17004: Cannot use JSX unless the '--jsx' flag is provided.
frontend/src/widgets/match-predictions-widget/index.tsx(163,9): error TS17004: Cannot use JSX unless the '--jsx' flag is provided.
frontend/src/widgets/match-predictions-widget/index.tsx(164,11): error TS17004: Cannot use JSX unless the '--jsx' flag is provided.
frontend/src/widgets/match-predictions-widget/index.tsx(165,13): error TS17004: Cannot use JSX unless the '--jsx' flag is provided.
frontend/src/widgets/match-predictions-widget/index.tsx(166,13): error TS17004: Cannot use JSX unless the '--jsx' flag is provided.
frontend/src/widgets/match-predictions-widget/index.tsx(170,11): error TS17004: Cannot use JSX unless the '--jsx' flag is provided.
frontend/src/widgets/match-predictions-widget/index.tsx(177,15): error TS17004: Cannot use JSX unless the '--jsx' flag is provided.
frontend/src/widgets/match-predictions-widget/index.tsx(179,15): error TS17004: Cannot use JSX unless the '--jsx' flag is provided.
frontend/src/widgets/match-predictions-widget/index.tsx(185,7): error TS17004: Cannot use JSX unless the '--jsx' flag is provided.
frontend/src/widgets/match-predictions-widget/index.tsx(189,13): error TS17004: Cannot use JSX unless the '--jsx' flag is provided.
frontend/src/widgets/match-predictions-widget/index.tsx(190,15): error TS17004: Cannot use JSX unless the '--jsx' flag is provided.
frontend/src/widgets/match-predictions-widget/index.tsx(193,15): error TS17004: Cannot use JSX unless the '--jsx' flag is provided.
frontend/src/widgets/match-predictions-widget/index.tsx(194,17): error TS17004: Cannot use JSX unless the '--jsx' flag is provided.
frontend/src/widgets/match-predictions-widget/index.tsx(202,19): error TS17004: Cannot use JSX unless the '--jsx' flag is provided.
frontend/src/widgets/match-predictions-widget/index.tsx(210,19): error TS17004: Cannot use JSX unless the '--jsx' flag is provided.
frontend/src/widgets/match-predictions-widget/index.tsx(212,21): error TS17004: Cannot use JSX unless the '--jsx' flag is provided.
frontend/src/widgets/match-predictions-widget/index.tsx(215,17): error TS17004: Cannot use JSX unless the '--jsx' flag is provided.
frontend/src/widgets/match-predictions-widget/index.tsx(224,21): error TS17004: Cannot use JSX unless the '--jsx' flag is provided.
frontend/src/widgets/match-predictions-widget/index.tsx(226,19): error TS17004: Cannot use JSX unless the '--jsx' flag is provided.
frontend/src/widgets/match-predictions-widget/index.tsx(227,19): error TS17004: Cannot use JSX unless the '--jsx' flag is provided.
frontend/src/widgets/match-predictions-widget/index.tsx(240,11): error TS17004: Cannot use JSX unless the '--jsx' flag is provided.
frontend/src/widgets/match-predictions-widget/index.tsx(246,11): error TS17004: Cannot use JSX unless the '--jsx' flag is provided.
frontend/src/widgets/match-predictions-widget/index.tsx(247,13): error TS17004: Cannot use JSX unless the '--jsx' flag is provided.
frontend/src/widgets/match-predictions-widget/index.tsx(251,11): error TS17004: Cannot use JSX unless the '--jsx' flag is provided.
frontend/src/widgets/match-predictions-widget/index.tsx(252,13): error TS17004: Cannot use JSX unless the '--jsx' flag is provided.
frontend/src/widgets/match-predictions-widget/index.tsx(253,13): error TS17004: Cannot use JSX unless the '--jsx' flag is provided.
frontend/src/widgets/match-predictions-widget/index.tsx(254,15): error TS17004: Cannot use JSX unless the '--jsx' flag is provided.
frontend/src/widgets/match-predictions-widget/index.tsx(255,15): error TS17004: Cannot use JSX unless the '--jsx' flag is provided.
frontend/src/widgets/match-predictions-widget/index.tsx(262,13): error TS17004: Cannot use JSX unless the '--jsx' flag is provided.
frontend/src/widgets/match-predictions-widget/index.tsx(269,11): error TS17004: Cannot use JSX unless the '--jsx' flag is provided.
frontend/src/widgets/match-predictions-widget/index.tsx(274,11): error TS17004: Cannot use JSX unless the '--jsx' flag is provided.
frontend/src/widgets/match-predictions-widget/index.tsx(275,13): error TS17004: Cannot use JSX unless the '--jsx' flag is provided.
frontend/src/widgets/match-predictions-widget/index.tsx(285,17): error TS17004: Cannot use JSX unless the '--jsx' flag is provided.
frontend/src/widgets/match-predictions-widget/index.tsx(286,19): error TS17004: Cannot use JSX unless the '--jsx' flag is provided.
frontend/src/widgets/match-predictions-widget/index.tsx(289,19): error TS17004: Cannot use JSX unless the '--jsx' flag is provided.
frontend/src/widgets/match-predictions-widget/index.tsx(290,21): error TS17004: Cannot use JSX unless the '--jsx' flag is provided.
frontend/src/widgets/match-predictions-widget/index.tsx(296,23): error TS17004: Cannot use JSX unless the '--jsx' flag is provided.
frontend/src/widgets/match-predictions-widget/index.tsx(304,23): error TS17004: Cannot use JSX unless the '--jsx' flag is provided.
frontend/src/widgets/match-predictions-widget/index.tsx(308,21): error TS17004: Cannot use JSX unless the '--jsx' flag is provided.
frontend/src/widgets/match-predictions-widget/index.tsx(309,21): error TS17004: Cannot use JSX unless the '--jsx' flag is provided.
frontend/src/widgets/match-predictions-widget/index.tsx(315,23): error TS17004: Cannot use JSX unless the '--jsx' flag is provided.
frontend/src/widgets/match-predictions-widget/index.tsx(323,23): error TS17004: Cannot use JSX unless the '--jsx' flag is provided.
frontend/src/widgets/match-predictions-widget/index.tsx(329,21): error TS17004: Cannot use JSX unless the '--jsx' flag is provided.
frontend/src/widgets/match-predictions-widget/index.tsx(331,25): error TS17004: Cannot use JSX unless the '--jsx' flag is provided.
frontend/src/widgets/match-predictions-widget/index.tsx(332,27): error TS17004: Cannot use JSX unless the '--jsx' flag is provided.
frontend/src/widgets/match-predictions-widget/index.tsx(333,27): error TS17004: Cannot use JSX unless the '--jsx' flag is provided.
frontend/src/widgets/match-predictions-widget/index.tsx(334,27): error TS17004: Cannot use JSX unless the '--jsx' flag is provided.
frontend/src/widgets/match-predictions-widget/index.tsx(335,29): error TS17004: Cannot use JSX unless the '--jsx' flag is provided.
frontend/src/widgets/match-predictions-widget/index.tsx(340,25): error TS17004: Cannot use JSX unless the '--jsx' flag is provided.
frontend/src/widgets/match-predictions-widget/index.tsx(341,27): error TS17004: Cannot use JSX unless the '--jsx' flag is provided.
frontend/src/widgets/match-predictions-widget/index.tsx(342,27): error TS17004: Cannot use JSX unless the '--jsx' flag is provided.
frontend/src/widgets/measurements-history-table/index.tsx(10,8): error TS2307: Cannot find module '@/shared/ui/table' or its corresponding type declarations.
frontend/src/widgets/measurements-history-table/index.tsx(11,34): error TS2307: Cannot find module '@/entities/user/model/types' or its corresponding type declarations.
frontend/src/widgets/measurements-history-table/index.tsx(23,5): error TS17004: Cannot use JSX unless the '--jsx' flag is provided.
frontend/src/widgets/measurements-history-table/index.tsx(24,7): error TS17004: Cannot use JSX unless the '--jsx' flag is provided.
frontend/src/widgets/measurements-history-table/index.tsx(25,9): error TS17004: Cannot use JSX unless the '--jsx' flag is provided.
frontend/src/widgets/measurements-history-table/index.tsx(26,11): error TS17004: Cannot use JSX unless the '--jsx' flag is provided.
frontend/src/widgets/measurements-history-table/index.tsx(27,11): error TS17004: Cannot use JSX unless the '--jsx' flag is provided.
frontend/src/widgets/measurements-history-table/index.tsx(28,11): error TS17004: Cannot use JSX unless the '--jsx' flag is provided.
frontend/src/widgets/measurements-history-table/index.tsx(29,11): error TS17004: Cannot use JSX unless the '--jsx' flag is provided.
frontend/src/widgets/measurements-history-table/index.tsx(30,11): error TS17004: Cannot use JSX unless the '--jsx' flag is provided.
frontend/src/widgets/measurements-history-table/index.tsx(31,11): error TS17004: Cannot use JSX unless the '--jsx' flag is provided.
frontend/src/widgets/measurements-history-table/index.tsx(32,11): error TS17004: Cannot use JSX unless the '--jsx' flag is provided.
frontend/src/widgets/measurements-history-table/index.tsx(33,11): error TS17004: Cannot use JSX unless the '--jsx' flag is provided.
frontend/src/widgets/measurements-history-table/index.tsx(36,7): error TS17004: Cannot use JSX unless the '--jsx' flag is provided.
frontend/src/widgets/measurements-history-table/index.tsx(38,11): error TS17004: Cannot use JSX unless the '--jsx' flag is provided.
frontend/src/widgets/measurements-history-table/index.tsx(39,13): error TS17004: Cannot use JSX unless the '--jsx' flag is provided.
frontend/src/widgets/measurements-history-table/index.tsx(42,13): error TS17004: Cannot use JSX unless the '--jsx' flag is provided.
frontend/src/widgets/measurements-history-table/index.tsx(45,13): error TS17004: Cannot use JSX unless the '--jsx' flag is provided.
frontend/src/widgets/measurements-history-table/index.tsx(48,13): error TS17004: Cannot use JSX unless the '--jsx' flag is provided.
frontend/src/widgets/measurements-history-table/index.tsx(49,13): error TS17004: Cannot use JSX unless the '--jsx' flag is provided.
frontend/src/widgets/measurements-history-table/index.tsx(50,13): error TS17004: Cannot use JSX unless the '--jsx' flag is provided.
frontend/src/widgets/measurements-history-table/index.tsx(51,13): error TS17004: Cannot use JSX unless the '--jsx' flag is provided.
frontend/src/widgets/measurements-history-table/index.tsx(52,13): error TS17004: Cannot use JSX unless the '--jsx' flag is provided.
frontend/src/widgets/media-upload-dialog/index.tsx(11,8): error TS2307: Cannot find module '@/shared/ui/dialog' or its corresponding type declarations.
frontend/src/widgets/media-upload-dialog/index.tsx(12,24): error TS2307: Cannot find module '@/shared/ui/button' or its corresponding type declarations.
frontend/src/widgets/media-upload-dialog/index.tsx(13,23): error TS2307: Cannot find module '@/shared/ui/label' or its corresponding type declarations.
frontend/src/widgets/media-upload-dialog/index.tsx(14,26): error TS2307: Cannot find module '@/shared/hooks/use-toast' or its corresponding type declarations.
frontend/src/widgets/media-upload-dialog/index.tsx(93,5): error TS17004: Cannot use JSX unless the '--jsx' flag is provided.
frontend/src/widgets/media-upload-dialog/index.tsx(94,7): error TS17004: Cannot use JSX unless the '--jsx' flag is provided.
frontend/src/widgets/media-upload-dialog/index.tsx(95,9): error TS17004: Cannot use JSX unless the '--jsx' flag is provided.
frontend/src/widgets/media-upload-dialog/index.tsx(96,11): error TS17004: Cannot use JSX unless the '--jsx' flag is provided.
frontend/src/widgets/media-upload-dialog/index.tsx(97,11): error TS17004: Cannot use JSX unless the '--jsx' flag is provided.
frontend/src/widgets/media-upload-dialog/index.tsx(101,9): error TS17004: Cannot use JSX unless the '--jsx' flag is provided.
frontend/src/widgets/media-upload-dialog/index.tsx(102,11): error TS17004: Cannot use JSX unless the '--jsx' flag is provided.
frontend/src/widgets/media-upload-dialog/index.tsx(103,13): error TS17004: Cannot use JSX unless the '--jsx' flag is provided.
frontend/src/widgets/media-upload-dialog/index.tsx(104,13): error TS17004: Cannot use JSX unless the '--jsx' flag is provided.
frontend/src/widgets/media-upload-dialog/index.tsx(109,17): error TS17004: Cannot use JSX unless the '--jsx' flag is provided.
frontend/src/widgets/media-upload-dialog/index.tsx(117,17): error TS17004: Cannot use JSX unless the '--jsx' flag is provided.
frontend/src/widgets/media-upload-dialog/index.tsx(118,19): error TS17004: Cannot use JSX unless the '--jsx' flag is provided.
frontend/src/widgets/media-upload-dialog/index.tsx(119,19): error TS17004: Cannot use JSX unless the '--jsx' flag is provided.
frontend/src/widgets/media-upload-dialog/index.tsx(122,19): error TS17004: Cannot use JSX unless the '--jsx' flag is provided.
frontend/src/widgets/media-upload-dialog/index.tsx(127,15): error TS17004: Cannot use JSX unless the '--jsx' flag is provided.
frontend/src/widgets/media-upload-dialog/index.tsx(137,9): error TS17004: Cannot use JSX unless the '--jsx' flag is provided.
frontend/src/widgets/media-upload-dialog/index.tsx(138,11): error TS17004: Cannot use JSX unless the '--jsx' flag is provided.
frontend/src/widgets/media-upload-dialog/index.tsx(145,11): error TS17004: Cannot use JSX unless the '--jsx' flag is provided.
frontend/src/widgets/media-upload-dialog/index.tsx(146,29): error TS17004: Cannot use JSX unless the '--jsx' flag is provided.
frontend/src/widgets/media-upload-dialog/index.tsx(150,15): error TS17004: Cannot use JSX unless the '--jsx' flag is provided.
frontend/src/widgets/media-upload-dialog/index.tsx(151,17): error TS17004: Cannot use JSX unless the '--jsx' flag is provided.
frontend/src/widgets/notifications-popover/index.tsx(11,8): error TS2307: Cannot find module '@/shared/ui/dropdown-menu' or its corresponding type declarations.
frontend/src/widgets/notifications-popover/index.tsx(12,24): error TS2307: Cannot find module '@/shared/ui/button' or its corresponding type declarations.
frontend/src/widgets/notifications-popover/index.tsx(21,23): error TS2307: Cannot find module '@/shared/ui/badge' or its corresponding type declarations.
frontend/src/widgets/notifications-popover/index.tsx(23,20): error TS2307: Cannot find module '@/shared/lib/utils' or its corresponding type declarations.
frontend/src/widgets/notifications-popover/index.tsx(24,28): error TS2307: Cannot find module '@/shared/ui/scroll-area' or its corresponding type declarations.
frontend/src/widgets/notifications-popover/index.tsx(29,8): error TS2307: Cannot find module '@/entities/notification/api/notifications' or its corresponding type declarations.
frontend/src/widgets/notifications-popover/index.tsx(69,5): error TS17004: Cannot use JSX unless the '--jsx' flag is provided.
frontend/src/widgets/notifications-popover/index.tsx(70,7): error TS17004: Cannot use JSX unless the '--jsx' flag is provided.
frontend/src/widgets/notifications-popover/index.tsx(71,9): error TS17004: Cannot use JSX unless the '--jsx' flag is provided.
frontend/src/widgets/notifications-popover/index.tsx(72,11): error TS17004: Cannot use JSX unless the '--jsx' flag is provided.
frontend/src/widgets/notifications-popover/index.tsx(74,13): error TS17004: Cannot use JSX unless the '--jsx' flag is provided.
frontend/src/widgets/notifications-popover/index.tsx(78,11): error TS17004: Cannot use JSX unless the '--jsx' flag is provided.
frontend/src/widgets/notifications-popover/index.tsx(81,7): error TS17004: Cannot use JSX unless the '--jsx' flag is provided.
frontend/src/widgets/notifications-popover/index.tsx(82,9): error TS17004: Cannot use JSX unless the '--jsx' flag is provided.
frontend/src/widgets/notifications-popover/index.tsx(83,11): error TS17004: Cannot use JSX unless the '--jsx' flag is provided.
frontend/src/widgets/notifications-popover/index.tsx(85,13): error TS17004: Cannot use JSX unless the '--jsx' flag is provided.
frontend/src/widgets/notifications-popover/index.tsx(96,9): error TS17004: Cannot use JSX unless the '--jsx' flag is provided.
frontend/src/widgets/notifications-popover/index.tsx(97,9): error TS17004: Cannot use JSX unless the '--jsx' flag is provided.
frontend/src/widgets/notifications-popover/index.tsx(102,17): error TS17004: Cannot use JSX unless the '--jsx' flag is provided.
frontend/src/widgets/notifications-popover/index.tsx(107,19): error TS17004: Cannot use JSX unless the '--jsx' flag is provided.
frontend/src/widgets/notifications-popover/index.tsx(114,21): error TS17004: Cannot use JSX unless the '--jsx' flag is provided.
frontend/src/widgets/notifications-popover/index.tsx(116,25): error TS17004: Cannot use JSX unless the '--jsx' flag is provided.
frontend/src/widgets/notifications-popover/index.tsx(119,21): error TS17004: Cannot use JSX unless the '--jsx' flag is provided.
frontend/src/widgets/notifications-popover/index.tsx(120,21): error TS17004: Cannot use JSX unless the '--jsx' flag is provided.
frontend/src/widgets/notifications-popover/index.tsx(121,23): error TS17004: Cannot use JSX unless the '--jsx' flag is provided.
frontend/src/widgets/notifications-popover/index.tsx(124,23): error TS17004: Cannot use JSX unless the '--jsx' flag is provided.
frontend/src/widgets/notifications-popover/index.tsx(135,13): error TS17004: Cannot use JSX unless the '--jsx' flag is provided.
frontend/src/widgets/plan-game-dialog/index.tsx(14,8): error TS2307: Cannot find module '@/shared/ui/form' or its corresponding type declarations.
frontend/src/widgets/plan-game-dialog/index.tsx(15,23): error TS2307: Cannot find module '@/shared/ui/input' or its corresponding type declarations.
frontend/src/widgets/plan-game-dialog/index.tsx(16,24): error TS2307: Cannot find module '@/shared/ui/button' or its corresponding type declarations.
frontend/src/widgets/plan-game-dialog/index.tsx(17,57): error TS2307: Cannot find module '@/shared/ui/popover' or its corresponding type declarations.
frontend/src/widgets/plan-game-dialog/index.tsx(18,26): error TS2307: Cannot find module '@/shared/ui/calendar' or its corresponding type declarations.
frontend/src/widgets/plan-game-dialog/index.tsx(19,20): error TS2307: Cannot find module '@/shared/lib/utils' or its corresponding type declarations.
frontend/src/widgets/plan-game-dialog/index.tsx(30,8): error TS2307: Cannot find module '@/shared/ui/dialog' or its corresponding type declarations.
frontend/src/widgets/plan-game-dialog/index.tsx(31,53): error TS2307: Cannot find module '@/shared/ui/alert' or its corresponding type declarations.
frontend/src/widgets/plan-game-dialog/index.tsx(32,26): error TS2307: Cannot find module '@/shared/ui/textarea' or its corresponding type declarations.
frontend/src/widgets/plan-game-dialog/index.tsx(99,5): error TS17004: Cannot use JSX unless the '--jsx' flag is provided.
frontend/src/widgets/plan-game-dialog/index.tsx(100,7): error TS17004: Cannot use JSX unless the '--jsx' flag is provided.
frontend/src/widgets/plan-game-dialog/index.tsx(101,9): error TS17004: Cannot use JSX unless the '--jsx' flag is provided.
frontend/src/widgets/plan-game-dialog/index.tsx(102,11): error TS17004: Cannot use JSX unless the '--jsx' flag is provided.
frontend/src/widgets/plan-game-dialog/index.tsx(103,13): error TS17004: Cannot use JSX unless the '--jsx' flag is provided.
frontend/src/widgets/plan-game-dialog/index.tsx(104,15): error TS17004: Cannot use JSX unless the '--jsx' flag is provided.
frontend/src/widgets/plan-game-dialog/index.tsx(107,15): error TS17004: Cannot use JSX unless the '--jsx' flag is provided.
frontend/src/widgets/plan-game-dialog/index.tsx(112,13): error TS17004: Cannot use JSX unless the '--jsx' flag is provided.
frontend/src/widgets/plan-game-dialog/index.tsx(113,15): error TS17004: Cannot use JSX unless the '--jsx' flag is provided.
frontend/src/widgets/plan-game-dialog/index.tsx(117,17): error TS17004: Cannot use JSX unless the '--jsx' flag is provided.
frontend/src/widgets/plan-game-dialog/index.tsx(118,17): error TS17004: Cannot use JSX unless the '--jsx' flag is provided.
frontend/src/widgets/plan-game-dialog/index.tsx(119,17): error TS17004: Cannot use JSX unless the '--jsx' flag is provided.
frontend/src/widgets/plan-game-dialog/index.tsx(127,15): error TS17004: Cannot use JSX unless the '--jsx' flag is provided.
frontend/src/widgets/plan-game-dialog/index.tsx(128,17): error TS17004: Cannot use JSX unless the '--jsx' flag is provided.
frontend/src/widgets/plan-game-dialog/index.tsx(132,21): error TS17004: Cannot use JSX unless the '--jsx' flag is provided.
frontend/src/widgets/plan-game-dialog/index.tsx(133,23): error TS17004: Cannot use JSX unless the '--jsx' flag is provided.
frontend/src/widgets/plan-game-dialog/index.tsx(134,23): error TS17004: Cannot use JSX unless the '--jsx' flag is provided.
frontend/src/widgets/plan-game-dialog/index.tsx(135,25): error TS17004: Cannot use JSX unless the '--jsx' flag is provided.
frontend/src/widgets/plan-game-dialog/index.tsx(136,27): error TS17004: Cannot use JSX unless the '--jsx' flag is provided.
frontend/src/widgets/plan-game-dialog/index.tsx(137,29): error TS17004: Cannot use JSX unless the '--jsx' flag is provided.
frontend/src/widgets/plan-game-dialog/index.tsx(147,33): error TS17004: Cannot use JSX unless the '--jsx' flag is provided.
frontend/src/widgets/plan-game-dialog/index.tsx(149,31): error TS17004: Cannot use JSX unless the '--jsx' flag is provided.
frontend/src/widgets/plan-game-dialog/index.tsx(153,25): error TS17004: Cannot use JSX unless the '--jsx' flag is provided.
frontend/src/widgets/plan-game-dialog/index.tsx(154,27): error TS17004: Cannot use JSX unless the '--jsx' flag is provided.
frontend/src/widgets/plan-game-dialog/index.tsx(162,23): error TS17004: Cannot use JSX unless the '--jsx' flag is provided.
frontend/src/widgets/plan-game-dialog/index.tsx(166,17): error TS17004: Cannot use JSX unless the '--jsx' flag is provided.
frontend/src/widgets/plan-game-dialog/index.tsx(170,21): error TS17004: Cannot use JSX unless the '--jsx' flag is provided.
frontend/src/widgets/plan-game-dialog/index.tsx(171,23): error TS17004: Cannot use JSX unless the '--jsx' flag is provided.
frontend/src/widgets/plan-game-dialog/index.tsx(172,23): error TS17004: Cannot use JSX unless the '--jsx' flag is provided.
frontend/src/widgets/plan-game-dialog/index.tsx(173,25): error TS17004: Cannot use JSX unless the '--jsx' flag is provided.
frontend/src/widgets/plan-game-dialog/index.tsx(175,23): error TS17004: Cannot use JSX unless the '--jsx' flag is provided.
frontend/src/widgets/plan-game-dialog/index.tsx(180,15): error TS17004: Cannot use JSX unless the '--jsx' flag is provided.
frontend/src/widgets/plan-game-dialog/index.tsx(184,19): error TS17004: Cannot use JSX unless the '--jsx' flag is provided.
frontend/src/widgets/plan-game-dialog/index.tsx(185,21): error TS17004: Cannot use JSX unless the '--jsx' flag is provided.
frontend/src/widgets/plan-game-dialog/index.tsx(186,21): error TS17004: Cannot use JSX unless the '--jsx' flag is provided.
frontend/src/widgets/plan-game-dialog/index.tsx(187,23): error TS17004: Cannot use JSX unless the '--jsx' flag is provided.
frontend/src/widgets/plan-game-dialog/index.tsx(189,21): error TS17004: Cannot use JSX unless the '--jsx' flag is provided.
frontend/src/widgets/plan-game-dialog/index.tsx(193,15): error TS17004: Cannot use JSX unless the '--jsx' flag is provided.
frontend/src/widgets/plan-game-dialog/index.tsx(197,19): error TS17004: Cannot use JSX unless the '--jsx' flag is provided.
frontend/src/widgets/plan-game-dialog/index.tsx(198,21): error TS17004: Cannot use JSX unless the '--jsx' flag is provided.
frontend/src/widgets/plan-game-dialog/index.tsx(199,21): error TS17004: Cannot use JSX unless the '--jsx' flag is provided.
frontend/src/widgets/plan-game-dialog/index.tsx(200,23): error TS17004: Cannot use JSX unless the '--jsx' flag is provided.
frontend/src/widgets/plan-game-dialog/index.tsx(205,21): error TS17004: Cannot use JSX unless the '--jsx' flag is provided.
frontend/src/widgets/plan-game-dialog/index.tsx(210,13): error TS17004: Cannot use JSX unless the '--jsx' flag is provided.
frontend/src/widgets/plan-game-dialog/index.tsx(211,15): error TS17004: Cannot use JSX unless the '--jsx' flag is provided.
frontend/src/widgets/plan-game-dialog/index.tsx(218,15): error TS17004: Cannot use JSX unless the '--jsx' flag is provided.
frontend/src/widgets/plan-game-dialog/index.tsx(220,19): error TS17004: Cannot use JSX unless the '--jsx' flag is provided.
frontend/src/widgets/player-activity-feed/index.tsx(9,8): error TS2307: Cannot find module '@/shared/ui/card' or its corresponding type declarations.
frontend/src/widgets/player-activity-feed/index.tsx(10,28): error TS2307: Cannot find module '@/shared/ui/scroll-area' or its corresponding type declarations.
frontend/src/widgets/player-activity-feed/index.tsx(38,5): error TS17004: Cannot use JSX unless the '--jsx' flag is provided.
frontend/src/widgets/player-activity-feed/index.tsx(39,7): error TS17004: Cannot use JSX unless the '--jsx' flag is provided.
frontend/src/widgets/player-activity-feed/index.tsx(40,9): error TS17004: Cannot use JSX unless the '--jsx' flag is provided.
frontend/src/widgets/player-activity-feed/index.tsx(41,9): error TS17004: Cannot use JSX unless the '--jsx' flag is provided.
frontend/src/widgets/player-activity-feed/index.tsx(45,7): error TS17004: Cannot use JSX unless the '--jsx' flag is provided.
frontend/src/widgets/player-activity-feed/index.tsx(46,9): error TS17004: Cannot use JSX unless the '--jsx' flag is provided.
frontend/src/widgets/player-activity-feed/index.tsx(47,11): error TS17004: Cannot use JSX unless the '--jsx' flag is provided.
frontend/src/widgets/player-activity-feed/index.tsx(49,13): error TS17004: Cannot use JSX unless the '--jsx' flag is provided.
frontend/src/widgets/player-activity-feed/index.tsx(51,13): error TS17004: Cannot use JSX unless the '--jsx' flag is provided.
frontend/src/widgets/player-activity-feed/index.tsx(55,19): error TS17004: Cannot use JSX unless the '--jsx' flag is provided.
frontend/src/widgets/player-activity-feed/index.tsx(59,21): error TS17004: Cannot use JSX unless the '--jsx' flag is provided.
frontend/src/widgets/player-activity-feed/index.tsx(60,23): error TS17004: Cannot use JSX unless the '--jsx' flag is provided.
frontend/src/widgets/player-activity-feed/index.tsx(62,21): error TS17004: Cannot use JSX unless the '--jsx' flag is provided.
frontend/src/widgets/player-activity-feed/index.tsx(63,23): error TS17004: Cannot use JSX unless the '--jsx' flag is provided.
frontend/src/widgets/player-activity-feed/index.tsx(67,23): error TS17004: Cannot use JSX unless the '--jsx' flag is provided.
frontend/src/widgets/player-analysis-dialog/index.tsx(11,8): error TS2307: Cannot find module '@/shared/ui/dialog' or its corresponding type declarations.
frontend/src/widgets/player-analysis-dialog/index.tsx(12,24): error TS2307: Cannot find module '@/shared/ui/button' or its corresponding type declarations.
frontend/src/widgets/player-analysis-dialog/index.tsx(13,53): error TS2307: Cannot find module '@/shared/ui/alert' or its corresponding type declarations.
frontend/src/widgets/player-analysis-dialog/index.tsx(14,26): error TS2307: Cannot find module '@/shared/ui/skeleton' or its corresponding type declarations.
frontend/src/widgets/player-analysis-dialog/index.tsx(26,8): error TS2307: Cannot find module '@/shared/api/genkit/flows/analyze-esports-performance-flow' or its corresponding type declarations.
frontend/src/widgets/player-analysis-dialog/index.tsx(89,5): error TS17004: Cannot use JSX unless the '--jsx' flag is provided.
frontend/src/widgets/player-analysis-dialog/index.tsx(90,7): error TS17004: Cannot use JSX unless the '--jsx' flag is provided.
frontend/src/widgets/player-analysis-dialog/index.tsx(91,9): error TS17004: Cannot use JSX unless the '--jsx' flag is provided.
frontend/src/widgets/player-analysis-dialog/index.tsx(92,11): error TS17004: Cannot use JSX unless the '--jsx' flag is provided.
frontend/src/widgets/player-analysis-dialog/index.tsx(93,11): error TS17004: Cannot use JSX unless the '--jsx' flag is provided.
frontend/src/widgets/player-analysis-dialog/index.tsx(97,9): error TS17004: Cannot use JSX unless the '--jsx' flag is provided.
frontend/src/widgets/player-analysis-dialog/index.tsx(99,13): error TS17004: Cannot use JSX unless the '--jsx' flag is provided.
frontend/src/widgets/player-analysis-dialog/index.tsx(100,15): error TS17004: Cannot use JSX unless the '--jsx' flag is provided.
frontend/src/widgets/player-analysis-dialog/index.tsx(101,15): error TS17004: Cannot use JSX unless the '--jsx' flag is provided.
frontend/src/widgets/player-analysis-dialog/index.tsx(102,15): error TS17004: Cannot use JSX unless the '--jsx' flag is provided.
frontend/src/widgets/player-analysis-dialog/index.tsx(106,13): error TS17004: Cannot use JSX unless the '--jsx' flag is provided.
frontend/src/widgets/player-analysis-dialog/index.tsx(107,15): error TS17004: Cannot use JSX unless the '--jsx' flag is provided.
frontend/src/widgets/player-analysis-dialog/index.tsx(108,15): error TS17004: Cannot use JSX unless the '--jsx' flag is provided.
frontend/src/widgets/player-analysis-dialog/index.tsx(109,15): error TS17004: Cannot use JSX unless the '--jsx' flag is provided.
frontend/src/widgets/player-analysis-dialog/index.tsx(113,13): error TS17004: Cannot use JSX unless the '--jsx' flag is provided.
frontend/src/widgets/player-analysis-dialog/index.tsx(114,15): error TS17004: Cannot use JSX unless the '--jsx' flag is provided.
frontend/src/widgets/player-analysis-dialog/index.tsx(115,17): error TS17004: Cannot use JSX unless the '--jsx' flag is provided.
frontend/src/widgets/player-analysis-dialog/index.tsx(116,19): error TS17004: Cannot use JSX unless the '--jsx' flag is provided.
frontend/src/widgets/player-analysis-dialog/index.tsx(119,17): error TS17004: Cannot use JSX unless the '--jsx' flag is provided.
frontend/src/widgets/player-analysis-dialog/index.tsx(121,21): error TS17004: Cannot use JSX unless the '--jsx' flag is provided.
frontend/src/widgets/player-analysis-dialog/index.tsx(125,15): error TS17004: Cannot use JSX unless the '--jsx' flag is provided.
frontend/src/widgets/player-analysis-dialog/index.tsx(126,17): error TS17004: Cannot use JSX unless the '--jsx' flag is provided.
frontend/src/widgets/player-analysis-dialog/index.tsx(127,19): error TS17004: Cannot use JSX unless the '--jsx' flag is provided.
frontend/src/widgets/player-analysis-dialog/index.tsx(130,17): error TS17004: Cannot use JSX unless the '--jsx' flag is provided.
frontend/src/widgets/player-analysis-dialog/index.tsx(132,21): error TS17004: Cannot use JSX unless the '--jsx' flag is provided.
frontend/src/widgets/player-analysis-dialog/index.tsx(136,15): error TS17004: Cannot use JSX unless the '--jsx' flag is provided.
frontend/src/widgets/player-analysis-dialog/index.tsx(137,17): error TS17004: Cannot use JSX unless the '--jsx' flag is provided.
frontend/src/widgets/player-analysis-dialog/index.tsx(138,19): error TS17004: Cannot use JSX unless the '--jsx' flag is provided.
frontend/src/widgets/player-analysis-dialog/index.tsx(141,17): error TS17004: Cannot use JSX unless the '--jsx' flag is provided.
frontend/src/widgets/player-analysis-dialog/index.tsx(143,21): error TS17004: Cannot use JSX unless the '--jsx' flag is provided.
frontend/src/widgets/player-analysis-dialog/index.tsx(150,9): error TS17004: Cannot use JSX unless the '--jsx' flag is provided.
frontend/src/widgets/player-analysis-dialog/index.tsx(151,11): error TS17004: Cannot use JSX unless the '--jsx' flag is provided.
frontend/src/widgets/player-analysis-dialog/index.tsx(154,11): error TS17004: Cannot use JSX unless the '--jsx' flag is provided.
frontend/src/widgets/player-analysis-dialog/index.tsx(156,15): error TS17004: Cannot use JSX unless the '--jsx' flag is provided.
frontend/src/widgets/player-analysis-dialog/index.tsx(158,15): error TS17004: Cannot use JSX unless the '--jsx' flag is provided.
frontend/src/widgets/player-performance-coach/index.tsx(4,24): error TS2307: Cannot find module '@/shared/ui/button' or its corresponding type declarations.
frontend/src/widgets/player-performance-coach/index.tsx(11,8): error TS2307: Cannot find module '@/shared/ui/card' or its corresponding type declarations.
frontend/src/widgets/player-performance-coach/index.tsx(12,53): error TS2307: Cannot find module '@/shared/ui/alert' or its corresponding type declarations.
frontend/src/widgets/player-performance-coach/index.tsx(13,26): error TS2307: Cannot find module '@/shared/ui/skeleton' or its corresponding type declarations.
frontend/src/widgets/player-performance-coach/index.tsx(27,8): error TS2307: Cannot find module '@/shared/api/genkit/flows/analyze-player-performance-flow' or its corresponding type declarations.
frontend/src/widgets/player-performance-coach/index.tsx(31,8): error TS2307: Cannot find module '@/shared/api/genkit/flows/generate-training-plan-flow' or its corresponding type declarations.
frontend/src/widgets/player-performance-coach/index.tsx(33,29): error TS2307: Cannot find module '@/shared/context/training-provider' or its corresponding type declarations.
frontend/src/widgets/player-performance-coach/index.tsx(34,38): error TS2307: Cannot find module '@/shared/lib/get-training-analytics' or its corresponding type declarations.
frontend/src/widgets/player-performance-coach/index.tsx(104,5): error TS17004: Cannot use JSX unless the '--jsx' flag is provided.
frontend/src/widgets/player-performance-coach/index.tsx(105,7): error TS17004: Cannot use JSX unless the '--jsx' flag is provided.
frontend/src/widgets/player-performance-coach/index.tsx(106,9): error TS17004: Cannot use JSX unless the '--jsx' flag is provided.
frontend/src/widgets/player-performance-coach/index.tsx(107,9): error TS17004: Cannot use JSX unless the '--jsx' flag is provided.
frontend/src/widgets/player-performance-coach/index.tsx(112,7): error TS17004: Cannot use JSX unless the '--jsx' flag is provided.
frontend/src/widgets/player-performance-coach/index.tsx(114,11): error TS17004: Cannot use JSX unless the '--jsx' flag is provided.
frontend/src/widgets/player-performance-coach/index.tsx(116,15): error TS17004: Cannot use JSX unless the '--jsx' flag is provided.
frontend/src/widgets/player-performance-coach/index.tsx(118,15): error TS17004: Cannot use JSX unless the '--jsx' flag is provided.
frontend/src/widgets/player-performance-coach/index.tsx(124,25): error TS17004: Cannot use JSX unless the '--jsx' flag is provided.
frontend/src/widgets/player-performance-coach/index.tsx(126,11): error TS17004: Cannot use JSX unless the '--jsx' flag is provided.
frontend/src/widgets/player-performance-coach/index.tsx(127,13): error TS17004: Cannot use JSX unless the '--jsx' flag is provided.
frontend/src/widgets/player-performance-coach/index.tsx(128,13): error TS17004: Cannot use JSX unless the '--jsx' flag is provided.
frontend/src/widgets/player-performance-coach/index.tsx(129,13): error TS17004: Cannot use JSX unless the '--jsx' flag is provided.
frontend/src/widgets/player-performance-coach/index.tsx(134,11): error TS17004: Cannot use JSX unless the '--jsx' flag is provided.
frontend/src/widgets/player-performance-coach/index.tsx(135,13): error TS17004: Cannot use JSX unless the '--jsx' flag is provided.
frontend/src/widgets/player-performance-coach/index.tsx(136,15): error TS17004: Cannot use JSX unless the '--jsx' flag is provided.
frontend/src/widgets/player-performance-coach/index.tsx(137,17): error TS17004: Cannot use JSX unless the '--jsx' flag is provided.
frontend/src/widgets/player-performance-coach/index.tsx(138,19): error TS17004: Cannot use JSX unless the '--jsx' flag is provided.
frontend/src/widgets/player-performance-coach/index.tsx(141,17): error TS17004: Cannot use JSX unless the '--jsx' flag is provided.
frontend/src/widgets/player-performance-coach/index.tsx(143,21): error TS17004: Cannot use JSX unless the '--jsx' flag is provided.
frontend/src/widgets/player-performance-coach/index.tsx(147,15): error TS17004: Cannot use JSX unless the '--jsx' flag is provided.
frontend/src/widgets/player-performance-coach/index.tsx(148,17): error TS17004: Cannot use JSX unless the '--jsx' flag is provided.
frontend/src/widgets/player-performance-coach/index.tsx(149,19): error TS17004: Cannot use JSX unless the '--jsx' flag is provided.
frontend/src/widgets/player-performance-coach/index.tsx(152,17): error TS17004: Cannot use JSX unless the '--jsx' flag is provided.
frontend/src/widgets/player-performance-coach/index.tsx(154,21): error TS17004: Cannot use JSX unless the '--jsx' flag is provided.
frontend/src/widgets/player-performance-coach/index.tsx(160,15): error TS17004: Cannot use JSX unless the '--jsx' flag is provided.
frontend/src/widgets/player-performance-coach/index.tsx(162,19): error TS17004: Cannot use JSX unless the '--jsx' flag is provided.
frontend/src/widgets/player-performance-coach/index.tsx(164,19): error TS17004: Cannot use JSX unless the '--jsx' flag is provided.
frontend/src/widgets/player-performance-coach/index.tsx(172,30): error TS17004: Cannot use JSX unless the '--jsx' flag is provided.
frontend/src/widgets/player-performance-coach/index.tsx(174,11): error TS17004: Cannot use JSX unless the '--jsx' flag is provided.
frontend/src/widgets/player-performance-coach/index.tsx(175,13): error TS17004: Cannot use JSX unless the '--jsx' flag is provided.
frontend/src/widgets/player-performance-coach/index.tsx(176,13): error TS17004: Cannot use JSX unless the '--jsx' flag is provided.
frontend/src/widgets/player-performance-coach/index.tsx(177,13): error TS17004: Cannot use JSX unless the '--jsx' flag is provided.
frontend/src/widgets/player-performance-coach/index.tsx(182,11): error TS17004: Cannot use JSX unless the '--jsx' flag is provided.
frontend/src/widgets/player-performance-coach/index.tsx(183,13): error TS17004: Cannot use JSX unless the '--jsx' flag is provided.
frontend/src/widgets/player-performance-coach/index.tsx(184,15): error TS17004: Cannot use JSX unless the '--jsx' flag is provided.
frontend/src/widgets/player-performance-coach/index.tsx(185,17): error TS17004: Cannot use JSX unless the '--jsx' flag is provided.
frontend/src/widgets/player-performance-coach/index.tsx(186,19): error TS17004: Cannot use JSX unless the '--jsx' flag is provided.
frontend/src/widgets/player-performance-coach/index.tsx(190,15): error TS17004: Cannot use JSX unless the '--jsx' flag is provided.
frontend/src/widgets/player-performance-coach/index.tsx(191,17): error TS17004: Cannot use JSX unless the '--jsx' flag is provided.
frontend/src/widgets/player-performance-coach/index.tsx(193,19): error TS17004: Cannot use JSX unless the '--jsx' flag is provided.
frontend/src/widgets/player-performance-coach/index.tsx(199,13): error TS17004: Cannot use JSX unless the '--jsx' flag is provided.
frontend/src/widgets/player-performance-coach/index.tsx(200,15): error TS17004: Cannot use JSX unless the '--jsx' flag is provided.
frontend/src/widgets/player-performance-coach/index.tsx(204,17): error TS17004: Cannot use JSX unless the '--jsx' flag is provided.
frontend/src/widgets/player-performance-coach/index.tsx(205,19): error TS17004: Cannot use JSX unless the '--jsx' flag is provided.
frontend/src/widgets/player-performance-coach/index.tsx(206,21): error TS17004: Cannot use JSX unless the '--jsx' flag is provided.
frontend/src/widgets/player-performance-coach/index.tsx(209,21): error TS17004: Cannot use JSX unless the '--jsx' flag is provided.
frontend/src/widgets/player-performance-coach/index.tsx(216,13): error TS17004: Cannot use JSX unless the '--jsx' flag is provided.
frontend/src/widgets/player-performance-coach/index.tsx(217,15): error TS17004: Cannot use JSX unless the '--jsx' flag is provided.
frontend/src/widgets/player-performance-coach/index.tsx(219,17): error TS17004: Cannot use JSX unless the '--jsx' flag is provided.
frontend/src/widgets/player-performance-coach/index.tsx(220,19): error TS17004: Cannot use JSX unless the '--jsx' flag is provided.
frontend/src/widgets/player-performance-coach/index.tsx(225,21): error TS17004: Cannot use JSX unless the '--jsx' flag is provided.
frontend/src/widgets/player-profile-tabs/physical-prep-tab.tsx(9,8): error TS2307: Cannot find module '@/shared/ui/card' or its corresponding type declarations.
frontend/src/widgets/player-profile-tabs/physical-prep-tab.tsx(17,8): error TS2307: Cannot find module '@/shared/ui/table' or its corresponding type declarations.
frontend/src/widgets/player-profile-tabs/physical-prep-tab.tsx(18,38): error TS2307: Cannot find module '@/shared/lib/get-training-analytics' or its corresponding type declarations.
frontend/src/widgets/player-profile-tabs/physical-prep-tab.tsx(29,29): error TS2307: Cannot find module '@/widgets/analytics-charts/volume-chart' or its corresponding type declarations.
frontend/src/widgets/player-profile-tabs/physical-prep-tab.tsx(30,40): error TS2307: Cannot find module '@/widgets/player-performance-coach' or its corresponding type declarations.
frontend/src/widgets/player-profile-tabs/physical-prep-tab.tsx(31,30): error TS2307: Cannot find module '@/shared/context/nutrition-provider' or its corresponding type declarations.
frontend/src/widgets/player-profile-tabs/physical-prep-tab.tsx(32,29): error TS2307: Cannot find module '@/shared/context/training-provider' or its corresponding type declarations.
frontend/src/widgets/player-profile-tabs/physical-prep-tab.tsx(42,5): error TS17004: Cannot use JSX unless the '--jsx' flag is provided.
frontend/src/widgets/player-profile-tabs/physical-prep-tab.tsx(43,7): error TS17004: Cannot use JSX unless the '--jsx' flag is provided.
frontend/src/widgets/player-profile-tabs/physical-prep-tab.tsx(44,9): error TS17004: Cannot use JSX unless the '--jsx' flag is provided.
frontend/src/widgets/player-profile-tabs/physical-prep-tab.tsx(45,11): error TS17004: Cannot use JSX unless the '--jsx' flag is provided.
frontend/src/widgets/player-profile-tabs/physical-prep-tab.tsx(46,13): error TS17004: Cannot use JSX unless the '--jsx' flag is provided.
frontend/src/widgets/player-profile-tabs/physical-prep-tab.tsx(47,15): error TS17004: Cannot use JSX unless the '--jsx' flag is provided.
frontend/src/widgets/player-profile-tabs/physical-prep-tab.tsx(49,13): error TS17004: Cannot use JSX unless the '--jsx' flag is provided.
frontend/src/widgets/player-profile-tabs/physical-prep-tab.tsx(54,9): error TS17004: Cannot use JSX unless the '--jsx' flag is provided.
frontend/src/widgets/player-profile-tabs/physical-prep-tab.tsx(55,11): error TS17004: Cannot use JSX unless the '--jsx' flag is provided.
frontend/src/widgets/player-profile-tabs/physical-prep-tab.tsx(56,13): error TS17004: Cannot use JSX unless the '--jsx' flag is provided.
frontend/src/widgets/player-profile-tabs/physical-prep-tab.tsx(57,15): error TS17004: Cannot use JSX unless the '--jsx' flag is provided.
frontend/src/widgets/player-profile-tabs/physical-prep-tab.tsx(59,13): error TS17004: Cannot use JSX unless the '--jsx' flag is provided.
frontend/src/widgets/player-profile-tabs/physical-prep-tab.tsx(64,9): error TS17004: Cannot use JSX unless the '--jsx' flag is provided.
frontend/src/widgets/player-profile-tabs/physical-prep-tab.tsx(65,11): error TS17004: Cannot use JSX unless the '--jsx' flag is provided.
frontend/src/widgets/player-profile-tabs/physical-prep-tab.tsx(66,13): error TS17004: Cannot use JSX unless the '--jsx' flag is provided.
frontend/src/widgets/player-profile-tabs/physical-prep-tab.tsx(67,15): error TS17004: Cannot use JSX unless the '--jsx' flag is provided.
frontend/src/widgets/player-profile-tabs/physical-prep-tab.tsx(69,13): error TS17004: Cannot use JSX unless the '--jsx' flag is provided.
frontend/src/widgets/player-profile-tabs/physical-prep-tab.tsx(74,9): error TS17004: Cannot use JSX unless the '--jsx' flag is provided.
frontend/src/widgets/player-profile-tabs/physical-prep-tab.tsx(75,11): error TS17004: Cannot use JSX unless the '--jsx' flag is provided.
frontend/src/widgets/player-profile-tabs/physical-prep-tab.tsx(76,13): error TS17004: Cannot use JSX unless the '--jsx' flag is provided.
frontend/src/widgets/player-profile-tabs/physical-prep-tab.tsx(77,15): error TS17004: Cannot use JSX unless the '--jsx' flag is provided.
frontend/src/widgets/player-profile-tabs/physical-prep-tab.tsx(79,13): error TS17004: Cannot use JSX unless the '--jsx' flag is provided.
frontend/src/widgets/player-profile-tabs/physical-prep-tab.tsx(86,7): error TS17004: Cannot use JSX unless the '--jsx' flag is provided.
frontend/src/widgets/player-profile-tabs/physical-prep-tab.tsx(87,9): error TS17004: Cannot use JSX unless the '--jsx' flag is provided.
frontend/src/widgets/player-profile-tabs/physical-prep-tab.tsx(88,11): error TS17004: Cannot use JSX unless the '--jsx' flag is provided.
frontend/src/widgets/player-profile-tabs/physical-prep-tab.tsx(89,13): error TS17004: Cannot use JSX unless the '--jsx' flag is provided.
frontend/src/widgets/player-profile-tabs/physical-prep-tab.tsx(90,15): error TS17004: Cannot use JSX unless the '--jsx' flag is provided.
frontend/src/widgets/player-profile-tabs/physical-prep-tab.tsx(93,13): error TS17004: Cannot use JSX unless the '--jsx' flag is provided.
frontend/src/widgets/player-profile-tabs/physical-prep-tab.tsx(98,11): error TS17004: Cannot use JSX unless the '--jsx' flag is provided.
frontend/src/widgets/player-profile-tabs/physical-prep-tab.tsx(99,13): error TS17004: Cannot use JSX unless the '--jsx' flag is provided.
frontend/src/widgets/player-profile-tabs/physical-prep-tab.tsx(100,15): error TS17004: Cannot use JSX unless the '--jsx' flag is provided.
frontend/src/widgets/player-profile-tabs/physical-prep-tab.tsx(101,17): error TS17004: Cannot use JSX unless the '--jsx' flag is provided.
frontend/src/widgets/player-profile-tabs/physical-prep-tab.tsx(102,19): error TS17004: Cannot use JSX unless the '--jsx' flag is provided.
frontend/src/widgets/player-profile-tabs/physical-prep-tab.tsx(103,19): error TS17004: Cannot use JSX unless the '--jsx' flag is provided.
frontend/src/widgets/player-profile-tabs/physical-prep-tab.tsx(104,19): error TS17004: Cannot use JSX unless the '--jsx' flag is provided.
frontend/src/widgets/player-profile-tabs/physical-prep-tab.tsx(107,15): error TS17004: Cannot use JSX unless the '--jsx' flag is provided.
frontend/src/widgets/player-profile-tabs/physical-prep-tab.tsx(109,19): error TS17004: Cannot use JSX unless the '--jsx' flag is provided.
frontend/src/widgets/player-profile-tabs/physical-prep-tab.tsx(110,21): error TS17004: Cannot use JSX unless the '--jsx' flag is provided.
frontend/src/widgets/player-profile-tabs/physical-prep-tab.tsx(113,21): error TS17004: Cannot use JSX unless the '--jsx' flag is provided.
frontend/src/widgets/player-profile-tabs/physical-prep-tab.tsx(116,21): error TS17004: Cannot use JSX unless the '--jsx' flag is provided.
frontend/src/widgets/player-profile-tabs/physical-prep-tab.tsx(128,9): error TS17004: Cannot use JSX unless the '--jsx' flag is provided.
frontend/src/widgets/player-profile-tabs/physical-prep-tab.tsx(129,11): error TS17004: Cannot use JSX unless the '--jsx' flag is provided.
frontend/src/widgets/player-profile-tabs/physical-prep-tab.tsx(130,13): error TS17004: Cannot use JSX unless the '--jsx' flag is provided.
frontend/src/widgets/player-profile-tabs/physical-prep-tab.tsx(131,15): error TS17004: Cannot use JSX unless the '--jsx' flag is provided.
frontend/src/widgets/player-profile-tabs/physical-prep-tab.tsx(134,13): error TS17004: Cannot use JSX unless the '--jsx' flag is provided.
frontend/src/widgets/player-profile-tabs/physical-prep-tab.tsx(138,11): error TS17004: Cannot use JSX unless the '--jsx' flag is provided.
frontend/src/widgets/player-profile-tabs/physical-prep-tab.tsx(139,13): error TS17004: Cannot use JSX unless the '--jsx' flag is provided.
frontend/src/widgets/player-profile-tabs/physical-prep-tab.tsx(144,7): error TS17004: Cannot use JSX unless the '--jsx' flag is provided.
frontend/src/widgets/player-profile-tabs/teams-tab.tsx(11,8): error TS2307: Cannot find module '@/shared/ui/card' or its corresponding type declarations.
frontend/src/widgets/player-profile-tabs/teams-tab.tsx(12,23): error TS2307: Cannot find module '@/shared/ui/badge' or its corresponding type declarations.
frontend/src/widgets/player-profile-tabs/teams-tab.tsx(13,31): error TS2307: Cannot find module '@/entities/user/model/types' or its corresponding type declarations.
frontend/src/widgets/player-profile-tabs/teams-tab.tsx(23,5): error TS17004: Cannot use JSX unless the '--jsx' flag is provided.
frontend/src/widgets/player-profile-tabs/teams-tab.tsx(24,7): error TS17004: Cannot use JSX unless the '--jsx' flag is provided.
frontend/src/widgets/player-profile-tabs/teams-tab.tsx(25,9): error TS17004: Cannot use JSX unless the '--jsx' flag is provided.
frontend/src/widgets/player-profile-tabs/teams-tab.tsx(26,9): error TS17004: Cannot use JSX unless the '--jsx' flag is provided.
frontend/src/widgets/player-profile-tabs/teams-tab.tsx(32,7): error TS17004: Cannot use JSX unless the '--jsx' flag is provided.
frontend/src/widgets/player-profile-tabs/teams-tab.tsx(33,9): error TS17004: Cannot use JSX unless the '--jsx' flag is provided.
frontend/src/widgets/player-profile-tabs/teams-tab.tsx(35,13): error TS17004: Cannot use JSX unless the '--jsx' flag is provided.
frontend/src/widgets/player-profile-tabs/teams-tab.tsx(40,15): error TS17004: Cannot use JSX unless the '--jsx' flag is provided.
frontend/src/widgets/player-profile-tabs/teams-tab.tsx(48,15): error TS17004: Cannot use JSX unless the '--jsx' flag is provided.
frontend/src/widgets/player-profile-tabs/teams-tab.tsx(51,15): error TS17004: Cannot use JSX unless the '--jsx' flag is provided.
frontend/src/widgets/player-profile-tabs/teams-tab.tsx(54,15): error TS17004: Cannot use JSX unless the '--jsx' flag is provided.
frontend/src/widgets/player-profile-tabs/teams-tab.tsx(55,17): error TS17004: Cannot use JSX unless the '--jsx' flag is provided.
frontend/src/widgets/player-profile.tsx(4,53): error TS2307: Cannot find module '@/shared/ui/avatar' or its corresponding type declarations.
frontend/src/widgets/player-profile.tsx(5,23): error TS2307: Cannot find module '@/shared/ui/badge' or its corresponding type declarations.
frontend/src/widgets/player-profile.tsx(6,24): error TS2307: Cannot find module '@/shared/ui/button' or its corresponding type declarations.
frontend/src/widgets/player-profile.tsx(7,35): error TS2307: Cannot find module '@/shared/ui/card' or its corresponding type declarations.
frontend/src/widgets/player-profile.tsx(8,26): error TS2307: Cannot find module '@/shared/ui/progress' or its corresponding type declarations.
frontend/src/widgets/player-profile.tsx(9,58): error TS2307: Cannot find module '@/shared/ui/tabs' or its corresponding type declarations.
frontend/src/widgets/player-profile.tsx(34,26): error TS2307: Cannot find module '@/shared/ui/skeleton' or its corresponding type declarations.
frontend/src/widgets/player-profile.tsx(35,33): error TS2307: Cannot find module '@/shared/config/ranks' or its corresponding type declarations.
frontend/src/widgets/player-profile.tsx(41,8): error TS2307: Cannot find module '@/shared/ui/tooltip' or its corresponding type declarations.
frontend/src/widgets/player-profile.tsx(42,20): error TS2307: Cannot find module '@/shared/lib/utils' or its corresponding type declarations.
frontend/src/widgets/player-profile.tsx(44,43): error TS2307: Cannot find module '@/features/user-avatar-generator' or its corresponding type declarations.
frontend/src/widgets/player-profile.tsx(51,8): error TS2307: Cannot find module '@/shared/ui/dropdown-menu' or its corresponding type declarations.
frontend/src/widgets/player-profile.tsx(52,36): error TS2307: Cannot find module '@/features/report-player-dialog' or its corresponding type declarations.
frontend/src/widgets/player-profile.tsx(56,46): error TS2307: Cannot find module '@/features/profile-banner-generator' or its corresponding type declarations.
frontend/src/widgets/player-profile.tsx(57,37): error TS2307: Cannot find module '@/widgets/holistic-analysis-tab' or its corresponding type declarations.
frontend/src/widgets/player-profile.tsx(58,41): error TS2307: Cannot find module '@/widgets/player-activity-feed' or its corresponding type declarations.
frontend/src/widgets/player-profile.tsx(65,8): error TS2307: Cannot find module '@/entities/user/model/types' or its corresponding type declarations.
frontend/src/widgets/player-profile.tsx(66,34): error TS2307: Cannot find module '@/entities/achievement/model/types' or its corresponding type declarations.
frontend/src/widgets/player-profile.tsx(67,39): error TS2307: Cannot find module '@/widgets/propose-training-dialog' or its corresponding type declarations.
frontend/src/widgets/player-profile.tsx(71,5): error TS1323: Dynamic imports are only supported when the '--module' flag is set to 'es2020', 'es2022', 'esnext', 'commonjs', 'amd', 'system', 'umd', 'node16', 'node18', or 'nodenext'.
frontend/src/widgets/player-profile.tsx(71,12): error TS2307: Cannot find module '@/entities/player/ui/player-profile-tabs/career-tab' or its corresponding type declarations.
frontend/src/widgets/player-profile.tsx(76,7): error TS17004: Cannot use JSX unless the '--jsx' flag is provided.
frontend/src/widgets/player-profile.tsx(77,9): error TS17004: Cannot use JSX unless the '--jsx' flag is provided.
frontend/src/widgets/player-profile.tsx(78,11): error TS17004: Cannot use JSX unless the '--jsx' flag is provided.
frontend/src/widgets/player-profile.tsx(87,5): error TS1323: Dynamic imports are only supported when the '--module' flag is set to 'es2020', 'es2022', 'esnext', 'commonjs', 'amd', 'system', 'umd', 'node16', 'node18', or 'nodenext'.
frontend/src/widgets/player-profile.tsx(87,12): error TS2307: Cannot find module '@/entities/player/ui/player-profile-tabs/achievements-tab' or its corresponding type declarations.
frontend/src/widgets/player-profile.tsx(92,7): error TS17004: Cannot use JSX unless the '--jsx' flag is provided.
frontend/src/widgets/player-profile.tsx(93,9): error TS17004: Cannot use JSX unless the '--jsx' flag is provided.
frontend/src/widgets/player-profile.tsx(94,11): error TS17004: Cannot use JSX unless the '--jsx' flag is provided.
frontend/src/widgets/player-profile.tsx(103,5): error TS1323: Dynamic imports are only supported when the '--module' flag is set to 'es2020', 'es2022', 'esnext', 'commonjs', 'amd', 'system', 'umd', 'node16', 'node18', or 'nodenext'.
frontend/src/widgets/player-profile.tsx(103,12): error TS2307: Cannot find module '@/entities/player/ui/player-profile-tabs/teams-tab' or its corresponding type declarations.
frontend/src/widgets/player-profile.tsx(108,7): error TS17004: Cannot use JSX unless the '--jsx' flag is provided.
frontend/src/widgets/player-profile.tsx(109,9): error TS17004: Cannot use JSX unless the '--jsx' flag is provided.
frontend/src/widgets/player-profile.tsx(110,11): error TS17004: Cannot use JSX unless the '--jsx' flag is provided.
frontend/src/widgets/player-profile.tsx(119,5): error TS1323: Dynamic imports are only supported when the '--module' flag is set to 'es2020', 'es2022', 'esnext', 'commonjs', 'amd', 'system', 'umd', 'node16', 'node18', or 'nodenext'.
frontend/src/widgets/player-profile.tsx(119,12): error TS2307: Cannot find module '@/entities/player/ui/player-profile-tabs/gallery-tab' or its corresponding type declarations.
frontend/src/widgets/player-profile.tsx(124,7): error TS17004: Cannot use JSX unless the '--jsx' flag is provided.
frontend/src/widgets/player-profile.tsx(125,9): error TS17004: Cannot use JSX unless the '--jsx' flag is provided.
frontend/src/widgets/player-profile.tsx(126,11): error TS17004: Cannot use JSX unless the '--jsx' flag is provided.
frontend/src/widgets/player-profile.tsx(135,5): error TS1323: Dynamic imports are only supported when the '--module' flag is set to 'es2020', 'es2022', 'esnext', 'commonjs', 'amd', 'system', 'umd', 'node16', 'node18', or 'nodenext'.
frontend/src/widgets/player-profile.tsx(135,12): error TS2307: Cannot find module '@/entities/player/ui/player-profile-tabs/stats-tab' or its corresponding type declarations.
frontend/src/widgets/player-profile.tsx(140,7): error TS17004: Cannot use JSX unless the '--jsx' flag is provided.
frontend/src/widgets/player-profile.tsx(141,9): error TS17004: Cannot use JSX unless the '--jsx' flag is provided.
frontend/src/widgets/player-profile.tsx(142,11): error TS17004: Cannot use JSX unless the '--jsx' flag is provided.
frontend/src/widgets/player-profile.tsx(151,5): error TS1323: Dynamic imports are only supported when the '--module' flag is set to 'es2020', 'es2022', 'esnext', 'commonjs', 'amd', 'system', 'umd', 'node16', 'node18', or 'nodenext'.
frontend/src/widgets/player-profile.tsx(151,12): error TS2307: Cannot find module '@/entities/player/ui/player-profile-tabs/physical-prep-tab' or its corresponding type declarations.
frontend/src/widgets/player-profile.tsx(156,7): error TS17004: Cannot use JSX unless the '--jsx' flag is provided.
frontend/src/widgets/player-profile.tsx(157,9): error TS17004: Cannot use JSX unless the '--jsx' flag is provided.
frontend/src/widgets/player-profile.tsx(158,11): error TS17004: Cannot use JSX unless the '--jsx' flag is provided.
frontend/src/widgets/player-profile.tsx(167,5): error TS1323: Dynamic imports are only supported when the '--module' flag is set to 'es2020', 'es2022', 'esnext', 'commonjs', 'amd', 'system', 'umd', 'node16', 'node18', or 'nodenext'.
frontend/src/widgets/player-profile.tsx(167,12): error TS2307: Cannot find module '@/widgets/player-activity-feed' or its corresponding type declarations.
frontend/src/widgets/player-profile.tsx(172,7): error TS17004: Cannot use JSX unless the '--jsx' flag is provided.
frontend/src/widgets/player-profile.tsx(173,9): error TS17004: Cannot use JSX unless the '--jsx' flag is provided.
frontend/src/widgets/player-profile.tsx(174,11): error TS17004: Cannot use JSX unless the '--jsx' flag is provided.
frontend/src/widgets/player-profile.tsx(222,5): error TS17004: Cannot use JSX unless the '--jsx' flag is provided.
frontend/src/widgets/player-profile.tsx(223,7): error TS17004: Cannot use JSX unless the '--jsx' flag is provided.
frontend/src/widgets/player-profile.tsx(224,9): error TS17004: Cannot use JSX unless the '--jsx' flag is provided.
frontend/src/widgets/player-profile.tsx(225,11): error TS17004: Cannot use JSX unless the '--jsx' flag is provided.
frontend/src/widgets/player-profile.tsx(232,11): error TS17004: Cannot use JSX unless the '--jsx' flag is provided.
frontend/src/widgets/player-profile.tsx(234,13): error TS17004: Cannot use JSX unless the '--jsx' flag is provided.
frontend/src/widgets/player-profile.tsx(241,15): error TS17004: Cannot use JSX unless the '--jsx' flag is provided.
frontend/src/widgets/player-profile.tsx(242,15): error TS17004: Cannot use JSX unless the '--jsx' flag is provided.
frontend/src/widgets/player-profile.tsx(247,9): error TS17004: Cannot use JSX unless the '--jsx' flag is provided.
frontend/src/widgets/player-profile.tsx(248,11): error TS17004: Cannot use JSX unless the '--jsx' flag is provided.
frontend/src/widgets/player-profile.tsx(249,13): error TS17004: Cannot use JSX unless the '--jsx' flag is provided.
frontend/src/widgets/player-profile.tsx(250,15): error TS17004: Cannot use JSX unless the '--jsx' flag is provided.
frontend/src/widgets/player-profile.tsx(251,17): error TS17004: Cannot use JSX unless the '--jsx' flag is provided.
frontend/src/widgets/player-profile.tsx(256,17): error TS17004: Cannot use JSX unless the '--jsx' flag is provided.
frontend/src/widgets/player-profile.tsx(259,17): error TS17004: Cannot use JSX unless the '--jsx' flag is provided.
frontend/src/widgets/player-profile.tsx(266,19): error TS17004: Cannot use JSX unless the '--jsx' flag is provided.
frontend/src/widgets/player-profile.tsx(267,19): error TS17004: Cannot use JSX unless the '--jsx' flag is provided.
frontend/src/widgets/player-profile.tsx(272,13): error TS17004: Cannot use JSX unless the '--jsx' flag is provided.
frontend/src/widgets/player-profile.tsx(273,15): error TS17004: Cannot use JSX unless the '--jsx' flag is provided.
frontend/src/widgets/player-profile.tsx(274,17): error TS17004: Cannot use JSX unless the '--jsx' flag is provided.
frontend/src/widgets/player-profile.tsx(275,19): error TS17004: Cannot use JSX unless the '--jsx' flag is provided.
frontend/src/widgets/player-profile.tsx(276,21): error TS17004: Cannot use JSX unless the '--jsx' flag is provided.
frontend/src/widgets/player-profile.tsx(280,23): error TS17004: Cannot use JSX unless the '--jsx' flag is provided.
frontend/src/widgets/player-profile.tsx(283,19): error TS17004: Cannot use JSX unless the '--jsx' flag is provided.
frontend/src/widgets/player-profile.tsx(285,17): error TS17004: Cannot use JSX unless the '--jsx' flag is provided.
frontend/src/widgets/player-profile.tsx(287,21): error TS17004: Cannot use JSX unless the '--jsx' flag is provided.
frontend/src/widgets/player-profile.tsx(288,23): error TS17004: Cannot use JSX unless the '--jsx' flag is provided.
frontend/src/widgets/player-profile.tsx(289,25): error TS17004: Cannot use JSX unless the '--jsx' flag is provided.
frontend/src/widgets/player-profile.tsx(291,23): error TS17004: Cannot use JSX unless the '--jsx' flag is provided.
frontend/src/widgets/player-profile.tsx(292,25): error TS17004: Cannot use JSX unless the '--jsx' flag is provided.
frontend/src/widgets/player-profile.tsx(296,21): error TS17004: Cannot use JSX unless the '--jsx' flag is provided.
frontend/src/widgets/player-profile.tsx(297,23): error TS17004: Cannot use JSX unless the '--jsx' flag is provided.
frontend/src/widgets/player-profile.tsx(298,25): error TS17004: Cannot use JSX unless the '--jsx' flag is provided.
frontend/src/widgets/player-profile.tsx(300,23): error TS17004: Cannot use JSX unless the '--jsx' flag is provided.
frontend/src/widgets/player-profile.tsx(301,25): error TS17004: Cannot use JSX unless the '--jsx' flag is provided.
frontend/src/widgets/player-profile.tsx(302,27): error TS17004: Cannot use JSX unless the '--jsx' flag is provided.
frontend/src/widgets/player-profile.tsx(303,29): error TS17004: Cannot use JSX unless the '--jsx' flag is provided.
frontend/src/widgets/player-profile.tsx(304,29): error TS17004: Cannot use JSX unless the '--jsx' flag is provided.
frontend/src/widgets/player-profile.tsx(307,25): error TS17004: Cannot use JSX unless the '--jsx' flag is provided.
frontend/src/widgets/player-profile.tsx(308,27): error TS17004: Cannot use JSX unless the '--jsx' flag is provided.
frontend/src/widgets/player-profile.tsx(311,29): error TS17004: Cannot use JSX unless the '--jsx' flag is provided.
frontend/src/widgets/player-profile.tsx(314,27): error TS17004: Cannot use JSX unless the '--jsx' flag is provided.
frontend/src/widgets/player-profile.tsx(315,29): error TS17004: Cannot use JSX unless the '--jsx' flag is provided.
frontend/src/widgets/player-profile.tsx(318,27): error TS17004: Cannot use JSX unless the '--jsx' flag is provided.
frontend/src/widgets/player-profile.tsx(319,27): error TS17004: Cannot use JSX unless the '--jsx' flag is provided.
frontend/src/widgets/player-profile.tsx(323,29): error TS17004: Cannot use JSX unless the '--jsx' flag is provided.
frontend/src/widgets/player-profile.tsx(331,15): error TS17004: Cannot use JSX unless the '--jsx' flag is provided.
frontend/src/widgets/player-profile.tsx(332,17): error TS17004: Cannot use JSX unless the '--jsx' flag is provided.
frontend/src/widgets/player-profile.tsx(333,17): error TS17004: Cannot use JSX unless the '--jsx' flag is provided.
frontend/src/widgets/player-profile.tsx(334,17): error TS17004: Cannot use JSX unless the '--jsx' flag is provided.
frontend/src/widgets/player-profile.tsx(336,19): error TS17004: Cannot use JSX unless the '--jsx' flag is provided.
frontend/src/widgets/player-profile.tsx(337,21): error TS17004: Cannot use JSX unless the '--jsx' flag is provided.
frontend/src/widgets/player-profile.tsx(338,23): error TS17004: Cannot use JSX unless the '--jsx' flag is provided.
frontend/src/widgets/player-profile.tsx(339,25): error TS17004: Cannot use JSX unless the '--jsx' flag is provided.
frontend/src/widgets/player-profile.tsx(343,27): error TS17004: Cannot use JSX unless the '--jsx' flag is provided.
frontend/src/widgets/player-profile.tsx(349,23): error TS17004: Cannot use JSX unless the '--jsx' flag is provided.
frontend/src/widgets/player-profile.tsx(350,25): error TS17004: Cannot use JSX unless the '--jsx' flag is provided.
frontend/src/widgets/player-profile.tsx(351,25): error TS17004: Cannot use JSX unless the '--jsx' flag is provided.
frontend/src/widgets/player-profile.tsx(363,9): error TS17004: Cannot use JSX unless the '--jsx' flag is provided.
frontend/src/widgets/player-profile.tsx(364,11): error TS17004: Cannot use JSX unless the '--jsx' flag is provided.
frontend/src/widgets/player-profile.tsx(365,13): error TS17004: Cannot use JSX unless the '--jsx' flag is provided.
frontend/src/widgets/player-profile.tsx(366,15): error TS17004: Cannot use JSX unless the '--jsx' flag is provided.
frontend/src/widgets/player-profile.tsx(367,15): error TS17004: Cannot use JSX unless the '--jsx' flag is provided.
frontend/src/widgets/player-profile.tsx(375,13): error TS17004: Cannot use JSX unless the '--jsx' flag is provided.
frontend/src/widgets/player-profile.tsx(379,9): error TS17004: Cannot use JSX unless the '--jsx' flag is provided.
frontend/src/widgets/player-profile.tsx(380,11): error TS17004: Cannot use JSX unless the '--jsx' flag is provided.
frontend/src/widgets/player-profile.tsx(381,13): error TS17004: Cannot use JSX unless the '--jsx' flag is provided.
frontend/src/widgets/player-profile.tsx(382,13): error TS17004: Cannot use JSX unless the '--jsx' flag is provided.
frontend/src/widgets/player-profile.tsx(383,15): error TS17004: Cannot use JSX unless the '--jsx' flag is provided.
frontend/src/widgets/player-profile.tsx(392,11): error TS17004: Cannot use JSX unless the '--jsx' flag is provided.
frontend/src/widgets/player-profile.tsx(393,13): error TS17004: Cannot use JSX unless the '--jsx' flag is provided.
frontend/src/widgets/player-profile.tsx(394,13): error TS17004: Cannot use JSX unless the '--jsx' flag is provided.
frontend/src/widgets/player-profile.tsx(395,15): error TS17004: Cannot use JSX unless the '--jsx' flag is provided.
frontend/src/widgets/player-profile.tsx(398,11): error TS17004: Cannot use JSX unless the '--jsx' flag is provided.
frontend/src/widgets/player-profile.tsx(399,13): error TS17004: Cannot use JSX unless the '--jsx' flag is provided.
frontend/src/widgets/player-profile.tsx(400,13): error TS17004: Cannot use JSX unless the '--jsx' flag is provided.
frontend/src/widgets/player-profile.tsx(402,17): error TS17004: Cannot use JSX unless the '--jsx' flag is provided.
frontend/src/widgets/player-profile.tsx(408,11): error TS17004: Cannot use JSX unless the '--jsx' flag is provided.
frontend/src/widgets/player-profile.tsx(409,13): error TS17004: Cannot use JSX unless the '--jsx' flag is provided.
frontend/src/widgets/player-profile.tsx(410,13): error TS17004: Cannot use JSX unless the '--jsx' flag is provided.
frontend/src/widgets/player-profile.tsx(411,15): error TS17004: Cannot use JSX unless the '--jsx' flag is provided.
frontend/src/widgets/player-profile.tsx(412,17): error TS17004: Cannot use JSX unless the '--jsx' flag is provided.
frontend/src/widgets/player-profile.tsx(419,15): error TS17004: Cannot use JSX unless the '--jsx' flag is provided.
frontend/src/widgets/player-profile.tsx(420,17): error TS17004: Cannot use JSX unless the '--jsx' flag is provided.
frontend/src/widgets/player-profile.tsx(421,19): error TS17004: Cannot use JSX unless the '--jsx' flag is provided.
frontend/src/widgets/player-profile.tsx(422,21): error TS17004: Cannot use JSX unless the '--jsx' flag is provided.
frontend/src/widgets/player-profile.tsx(426,19): error TS17004: Cannot use JSX unless the '--jsx' flag is provided.
frontend/src/widgets/player-profile.tsx(427,21): error TS17004: Cannot use JSX unless the '--jsx' flag is provided.
frontend/src/widgets/player-profile.tsx(435,9): error TS17004: Cannot use JSX unless the '--jsx' flag is provided.
frontend/src/widgets/player-profile.tsx(436,11): error TS17004: Cannot use JSX unless the '--jsx' flag is provided.
frontend/src/widgets/player-profile.tsx(437,13): error TS17004: Cannot use JSX unless the '--jsx' flag is provided.
frontend/src/widgets/player-profile.tsx(438,15): error TS17004: Cannot use JSX unless the '--jsx' flag is provided.
frontend/src/widgets/player-profile.tsx(439,17): error TS17004: Cannot use JSX unless the '--jsx' flag is provided.
frontend/src/widgets/player-profile.tsx(442,15): error TS17004: Cannot use JSX unless the '--jsx' flag is provided.
frontend/src/widgets/player-profile.tsx(443,17): error TS17004: Cannot use JSX unless the '--jsx' flag is provided.
frontend/src/widgets/player-profile.tsx(446,15): error TS17004: Cannot use JSX unless the '--jsx' flag is provided.
frontend/src/widgets/player-profile.tsx(447,17): error TS17004: Cannot use JSX unless the '--jsx' flag is provided.
frontend/src/widgets/player-profile.tsx(450,15): error TS17004: Cannot use JSX unless the '--jsx' flag is provided.
frontend/src/widgets/player-profile.tsx(451,17): error TS17004: Cannot use JSX unless the '--jsx' flag is provided.
frontend/src/widgets/player-profile.tsx(454,15): error TS17004: Cannot use JSX unless the '--jsx' flag is provided.
frontend/src/widgets/player-profile.tsx(455,17): error TS17004: Cannot use JSX unless the '--jsx' flag is provided.
frontend/src/widgets/player-profile.tsx(458,15): error TS17004: Cannot use JSX unless the '--jsx' flag is provided.
frontend/src/widgets/player-profile.tsx(459,17): error TS17004: Cannot use JSX unless the '--jsx' flag is provided.
frontend/src/widgets/player-profile.tsx(462,15): error TS17004: Cannot use JSX unless the '--jsx' flag is provided.
frontend/src/widgets/player-profile.tsx(463,17): error TS17004: Cannot use JSX unless the '--jsx' flag is provided.
frontend/src/widgets/player-profile.tsx(466,15): error TS17004: Cannot use JSX unless the '--jsx' flag is provided.
frontend/src/widgets/player-profile.tsx(467,17): error TS17004: Cannot use JSX unless the '--jsx' flag is provided.
frontend/src/widgets/player-profile.tsx(472,13): error TS17004: Cannot use JSX unless the '--jsx' flag is provided.
frontend/src/widgets/player-profile.tsx(473,15): error TS17004: Cannot use JSX unless the '--jsx' flag is provided.
frontend/src/widgets/player-profile.tsx(473,35): error TS2322: Type '{ activities: PlayerActivityItem[]; }' is not assignable to type 'IntrinsicAttributes'.
  Property 'activities' does not exist on type 'IntrinsicAttributes'.
frontend/src/widgets/player-profile.tsx(476,13): error TS17004: Cannot use JSX unless the '--jsx' flag is provided.
frontend/src/widgets/player-profile.tsx(477,15): error TS17004: Cannot use JSX unless the '--jsx' flag is provided.
frontend/src/widgets/player-profile.tsx(477,25): error TS2322: Type '{ stats: any; }' is not assignable to type 'IntrinsicAttributes'.
  Property 'stats' does not exist on type 'IntrinsicAttributes'.
frontend/src/widgets/player-profile.tsx(480,13): error TS17004: Cannot use JSX unless the '--jsx' flag is provided.
frontend/src/widgets/player-profile.tsx(481,15): error TS17004: Cannot use JSX unless the '--jsx' flag is provided.
frontend/src/widgets/player-profile.tsx(484,13): error TS17004: Cannot use JSX unless the '--jsx' flag is provided.
frontend/src/widgets/player-profile.tsx(485,15): error TS17004: Cannot use JSX unless the '--jsx' flag is provided.
frontend/src/widgets/player-profile.tsx(488,13): error TS17004: Cannot use JSX unless the '--jsx' flag is provided.
frontend/src/widgets/player-profile.tsx(489,15): error TS17004: Cannot use JSX unless the '--jsx' flag is provided.
frontend/src/widgets/player-profile.tsx(490,17): error TS2322: Type '{ careerHistory: CareerHistoryItem[]; isCurrentUser: boolean; }' is not assignable to type 'IntrinsicAttributes'.
  Property 'careerHistory' does not exist on type 'IntrinsicAttributes'.
frontend/src/widgets/player-profile.tsx(495,13): error TS17004: Cannot use JSX unless the '--jsx' flag is provided.
frontend/src/widgets/player-profile.tsx(496,15): error TS17004: Cannot use JSX unless the '--jsx' flag is provided.
frontend/src/widgets/player-profile.tsx(496,32): error TS2322: Type '{ achievements: Achievement[]; }' is not assignable to type 'IntrinsicAttributes'.
  Property 'achievements' does not exist on type 'IntrinsicAttributes'.
frontend/src/widgets/player-profile.tsx(499,13): error TS17004: Cannot use JSX unless the '--jsx' flag is provided.
frontend/src/widgets/player-profile.tsx(500,15): error TS17004: Cannot use JSX unless the '--jsx' flag is provided.
frontend/src/widgets/player-profile.tsx(501,17): error TS2322: Type '{ teams: UserTeam[]; isCurrentUser: boolean; userName: any; }' is not assignable to type 'IntrinsicAttributes'.
  Property 'teams' does not exist on type 'IntrinsicAttributes'.
frontend/src/widgets/player-profile.tsx(507,13): error TS17004: Cannot use JSX unless the '--jsx' flag is provided.
frontend/src/widgets/player-profile.tsx(508,15): error TS17004: Cannot use JSX unless the '--jsx' flag is provided.
frontend/src/widgets/player-profile.tsx(508,27): error TS2322: Type '{ gallery: GalleryItem[]; isCurrentUser: boolean; }' is not assignable to type 'IntrinsicAttributes'.
  Property 'gallery' does not exist on type 'IntrinsicAttributes'.
frontend/src/widgets/player-profile.tsx(513,7): error TS17004: Cannot use JSX unless the '--jsx' flag is provided.
frontend/src/widgets/player-profile.tsx(519,7): error TS17004: Cannot use JSX unless the '--jsx' flag is provided.
frontend/src/widgets/player-profile.tsx(526,7): error TS17004: Cannot use JSX unless the '--jsx' flag is provided.
frontend/src/widgets/player-profile.tsx(532,7): error TS17004: Cannot use JSX unless the '--jsx' flag is provided.
frontend/src/widgets/player-profile/index.tsx(4,53): error TS2307: Cannot find module '@/shared/ui/avatar' or its corresponding type declarations.
frontend/src/widgets/player-profile/index.tsx(5,23): error TS2307: Cannot find module '@/shared/ui/badge' or its corresponding type declarations.
frontend/src/widgets/player-profile/index.tsx(6,24): error TS2307: Cannot find module '@/shared/ui/button' or its corresponding type declarations.
frontend/src/widgets/player-profile/index.tsx(7,35): error TS2307: Cannot find module '@/shared/ui/card' or its corresponding type declarations.
frontend/src/widgets/player-profile/index.tsx(8,26): error TS2307: Cannot find module '@/shared/ui/progress' or its corresponding type declarations.
frontend/src/widgets/player-profile/index.tsx(9,58): error TS2307: Cannot find module '@/shared/ui/tabs' or its corresponding type declarations.
frontend/src/widgets/player-profile/index.tsx(34,26): error TS2307: Cannot find module '@/shared/ui/skeleton' or its corresponding type declarations.
frontend/src/widgets/player-profile/index.tsx(35,33): error TS2307: Cannot find module '@/shared/config/ranks' or its corresponding type declarations.
frontend/src/widgets/player-profile/index.tsx(41,8): error TS2307: Cannot find module '@/shared/ui/tooltip' or its corresponding type declarations.
frontend/src/widgets/player-profile/index.tsx(42,20): error TS2307: Cannot find module '@/shared/lib/utils' or its corresponding type declarations.
frontend/src/widgets/player-profile/index.tsx(44,43): error TS2307: Cannot find module '@/features/user-avatar-generator' or its corresponding type declarations.
frontend/src/widgets/player-profile/index.tsx(51,8): error TS2307: Cannot find module '@/shared/ui/dropdown-menu' or its corresponding type declarations.
frontend/src/widgets/player-profile/index.tsx(52,36): error TS2307: Cannot find module '@/features/report-player-dialog' or its corresponding type declarations.
frontend/src/widgets/player-profile/index.tsx(56,46): error TS2307: Cannot find module '@/features/profile-banner-generator' or its corresponding type declarations.
frontend/src/widgets/player-profile/index.tsx(57,37): error TS2307: Cannot find module '@/widgets/holistic-analysis-tab' or its corresponding type declarations.
frontend/src/widgets/player-profile/index.tsx(61,8): error TS2307: Cannot find module '@/widgets/player-activity-feed' or its corresponding type declarations.
frontend/src/widgets/player-profile/index.tsx(67,8): error TS2307: Cannot find module '@/entities/user/model/types' or its corresponding type declarations.
frontend/src/widgets/player-profile/index.tsx(68,31): error TS2307: Cannot find module '@/entities/team/model/types' or its corresponding type declarations.
frontend/src/widgets/player-profile/index.tsx(69,34): error TS2307: Cannot find module '@/entities/achievement/model/types' or its corresponding type declarations.
frontend/src/widgets/player-profile/index.tsx(70,39): error TS2307: Cannot find module '@/widgets/propose-training-dialog' or its corresponding type declarations.
frontend/src/widgets/player-profile/index.tsx(74,5): error TS1323: Dynamic imports are only supported when the '--module' flag is set to 'es2020', 'es2022', 'esnext', 'commonjs', 'amd', 'system', 'umd', 'node16', 'node18', or 'nodenext'.
frontend/src/widgets/player-profile/index.tsx(74,12): error TS2307: Cannot find module '@/entities/player/ui/player-profile-tabs/career-tab' or its corresponding type declarations.
frontend/src/widgets/player-profile/index.tsx(79,7): error TS17004: Cannot use JSX unless the '--jsx' flag is provided.
frontend/src/widgets/player-profile/index.tsx(80,9): error TS17004: Cannot use JSX unless the '--jsx' flag is provided.
frontend/src/widgets/player-profile/index.tsx(81,11): error TS17004: Cannot use JSX unless the '--jsx' flag is provided.
frontend/src/widgets/player-profile/index.tsx(90,5): error TS1323: Dynamic imports are only supported when the '--module' flag is set to 'es2020', 'es2022', 'esnext', 'commonjs', 'amd', 'system', 'umd', 'node16', 'node18', or 'nodenext'.
frontend/src/widgets/player-profile/index.tsx(90,12): error TS2307: Cannot find module '@/entities/player/ui/player-profile-tabs/achievements-tab' or its corresponding type declarations.
frontend/src/widgets/player-profile/index.tsx(95,7): error TS17004: Cannot use JSX unless the '--jsx' flag is provided.
frontend/src/widgets/player-profile/index.tsx(96,9): error TS17004: Cannot use JSX unless the '--jsx' flag is provided.
frontend/src/widgets/player-profile/index.tsx(97,11): error TS17004: Cannot use JSX unless the '--jsx' flag is provided.
frontend/src/widgets/player-profile/index.tsx(106,5): error TS1323: Dynamic imports are only supported when the '--module' flag is set to 'es2020', 'es2022', 'esnext', 'commonjs', 'amd', 'system', 'umd', 'node16', 'node18', or 'nodenext'.
frontend/src/widgets/player-profile/index.tsx(106,12): error TS2307: Cannot find module '@/entities/player/ui/player-profile-tabs/teams-tab' or its corresponding type declarations.
frontend/src/widgets/player-profile/index.tsx(111,7): error TS17004: Cannot use JSX unless the '--jsx' flag is provided.
frontend/src/widgets/player-profile/index.tsx(112,9): error TS17004: Cannot use JSX unless the '--jsx' flag is provided.
frontend/src/widgets/player-profile/index.tsx(113,11): error TS17004: Cannot use JSX unless the '--jsx' flag is provided.
frontend/src/widgets/player-profile/index.tsx(122,5): error TS1323: Dynamic imports are only supported when the '--module' flag is set to 'es2020', 'es2022', 'esnext', 'commonjs', 'amd', 'system', 'umd', 'node16', 'node18', or 'nodenext'.
frontend/src/widgets/player-profile/index.tsx(122,12): error TS2307: Cannot find module '@/entities/player/ui/player-profile-tabs/gallery-tab' or its corresponding type declarations.
frontend/src/widgets/player-profile/index.tsx(127,7): error TS17004: Cannot use JSX unless the '--jsx' flag is provided.
frontend/src/widgets/player-profile/index.tsx(128,9): error TS17004: Cannot use JSX unless the '--jsx' flag is provided.
frontend/src/widgets/player-profile/index.tsx(129,11): error TS17004: Cannot use JSX unless the '--jsx' flag is provided.
frontend/src/widgets/player-profile/index.tsx(138,5): error TS1323: Dynamic imports are only supported when the '--module' flag is set to 'es2020', 'es2022', 'esnext', 'commonjs', 'amd', 'system', 'umd', 'node16', 'node18', or 'nodenext'.
frontend/src/widgets/player-profile/index.tsx(138,12): error TS2307: Cannot find module '@/entities/player/ui/player-profile-tabs/stats-tab' or its corresponding type declarations.
frontend/src/widgets/player-profile/index.tsx(143,7): error TS17004: Cannot use JSX unless the '--jsx' flag is provided.
frontend/src/widgets/player-profile/index.tsx(144,9): error TS17004: Cannot use JSX unless the '--jsx' flag is provided.
frontend/src/widgets/player-profile/index.tsx(145,11): error TS17004: Cannot use JSX unless the '--jsx' flag is provided.
frontend/src/widgets/player-profile/index.tsx(154,5): error TS1323: Dynamic imports are only supported when the '--module' flag is set to 'es2020', 'es2022', 'esnext', 'commonjs', 'amd', 'system', 'umd', 'node16', 'node18', or 'nodenext'.
frontend/src/widgets/player-profile/index.tsx(154,12): error TS2307: Cannot find module '@/entities/player/ui/player-profile-tabs/physical-prep-tab' or its corresponding type declarations.
frontend/src/widgets/player-profile/index.tsx(159,7): error TS17004: Cannot use JSX unless the '--jsx' flag is provided.
frontend/src/widgets/player-profile/index.tsx(160,9): error TS17004: Cannot use JSX unless the '--jsx' flag is provided.
frontend/src/widgets/player-profile/index.tsx(161,11): error TS17004: Cannot use JSX unless the '--jsx' flag is provided.
frontend/src/widgets/player-profile/index.tsx(209,5): error TS17004: Cannot use JSX unless the '--jsx' flag is provided.
frontend/src/widgets/player-profile/index.tsx(210,7): error TS17004: Cannot use JSX unless the '--jsx' flag is provided.
frontend/src/widgets/player-profile/index.tsx(211,9): error TS17004: Cannot use JSX unless the '--jsx' flag is provided.
frontend/src/widgets/player-profile/index.tsx(212,11): error TS17004: Cannot use JSX unless the '--jsx' flag is provided.
frontend/src/widgets/player-profile/index.tsx(219,11): error TS17004: Cannot use JSX unless the '--jsx' flag is provided.
frontend/src/widgets/player-profile/index.tsx(221,13): error TS17004: Cannot use JSX unless the '--jsx' flag is provided.
frontend/src/widgets/player-profile/index.tsx(228,15): error TS17004: Cannot use JSX unless the '--jsx' flag is provided.
frontend/src/widgets/player-profile/index.tsx(229,15): error TS17004: Cannot use JSX unless the '--jsx' flag is provided.
frontend/src/widgets/player-profile/index.tsx(234,9): error TS17004: Cannot use JSX unless the '--jsx' flag is provided.
frontend/src/widgets/player-profile/index.tsx(235,11): error TS17004: Cannot use JSX unless the '--jsx' flag is provided.
frontend/src/widgets/player-profile/index.tsx(236,13): error TS17004: Cannot use JSX unless the '--jsx' flag is provided.
frontend/src/widgets/player-profile/index.tsx(237,15): error TS17004: Cannot use JSX unless the '--jsx' flag is provided.
frontend/src/widgets/player-profile/index.tsx(238,17): error TS17004: Cannot use JSX unless the '--jsx' flag is provided.
frontend/src/widgets/player-profile/index.tsx(243,17): error TS17004: Cannot use JSX unless the '--jsx' flag is provided.
frontend/src/widgets/player-profile/index.tsx(246,17): error TS17004: Cannot use JSX unless the '--jsx' flag is provided.
frontend/src/widgets/player-profile/index.tsx(253,19): error TS17004: Cannot use JSX unless the '--jsx' flag is provided.
frontend/src/widgets/player-profile/index.tsx(254,19): error TS17004: Cannot use JSX unless the '--jsx' flag is provided.
frontend/src/widgets/player-profile/index.tsx(259,13): error TS17004: Cannot use JSX unless the '--jsx' flag is provided.
frontend/src/widgets/player-profile/index.tsx(260,15): error TS17004: Cannot use JSX unless the '--jsx' flag is provided.
frontend/src/widgets/player-profile/index.tsx(261,17): error TS17004: Cannot use JSX unless the '--jsx' flag is provided.
frontend/src/widgets/player-profile/index.tsx(262,19): error TS17004: Cannot use JSX unless the '--jsx' flag is provided.
frontend/src/widgets/player-profile/index.tsx(263,21): error TS17004: Cannot use JSX unless the '--jsx' flag is provided.
frontend/src/widgets/player-profile/index.tsx(267,23): error TS17004: Cannot use JSX unless the '--jsx' flag is provided.
frontend/src/widgets/player-profile/index.tsx(270,19): error TS17004: Cannot use JSX unless the '--jsx' flag is provided.
frontend/src/widgets/player-profile/index.tsx(272,17): error TS17004: Cannot use JSX unless the '--jsx' flag is provided.
frontend/src/widgets/player-profile/index.tsx(274,21): error TS17004: Cannot use JSX unless the '--jsx' flag is provided.
frontend/src/widgets/player-profile/index.tsx(275,23): error TS17004: Cannot use JSX unless the '--jsx' flag is provided.
frontend/src/widgets/player-profile/index.tsx(276,25): error TS17004: Cannot use JSX unless the '--jsx' flag is provided.
frontend/src/widgets/player-profile/index.tsx(278,23): error TS17004: Cannot use JSX unless the '--jsx' flag is provided.
frontend/src/widgets/player-profile/index.tsx(279,25): error TS17004: Cannot use JSX unless the '--jsx' flag is provided.
frontend/src/widgets/player-profile/index.tsx(283,21): error TS17004: Cannot use JSX unless the '--jsx' flag is provided.
frontend/src/widgets/player-profile/index.tsx(284,23): error TS17004: Cannot use JSX unless the '--jsx' flag is provided.
frontend/src/widgets/player-profile/index.tsx(285,25): error TS17004: Cannot use JSX unless the '--jsx' flag is provided.
frontend/src/widgets/player-profile/index.tsx(287,23): error TS17004: Cannot use JSX unless the '--jsx' flag is provided.
frontend/src/widgets/player-profile/index.tsx(288,25): error TS17004: Cannot use JSX unless the '--jsx' flag is provided.
frontend/src/widgets/player-profile/index.tsx(289,27): error TS17004: Cannot use JSX unless the '--jsx' flag is provided.
frontend/src/widgets/player-profile/index.tsx(290,29): error TS17004: Cannot use JSX unless the '--jsx' flag is provided.
frontend/src/widgets/player-profile/index.tsx(291,29): error TS17004: Cannot use JSX unless the '--jsx' flag is provided.
frontend/src/widgets/player-profile/index.tsx(294,25): error TS17004: Cannot use JSX unless the '--jsx' flag is provided.
frontend/src/widgets/player-profile/index.tsx(295,27): error TS17004: Cannot use JSX unless the '--jsx' flag is provided.
frontend/src/widgets/player-profile/index.tsx(298,29): error TS17004: Cannot use JSX unless the '--jsx' flag is provided.
frontend/src/widgets/player-profile/index.tsx(301,27): error TS17004: Cannot use JSX unless the '--jsx' flag is provided.
frontend/src/widgets/player-profile/index.tsx(302,29): error TS17004: Cannot use JSX unless the '--jsx' flag is provided.
frontend/src/widgets/player-profile/index.tsx(305,27): error TS17004: Cannot use JSX unless the '--jsx' flag is provided.
frontend/src/widgets/player-profile/index.tsx(306,27): error TS17004: Cannot use JSX unless the '--jsx' flag is provided.
frontend/src/widgets/player-profile/index.tsx(310,29): error TS17004: Cannot use JSX unless the '--jsx' flag is provided.
frontend/src/widgets/player-profile/index.tsx(318,15): error TS17004: Cannot use JSX unless the '--jsx' flag is provided.
frontend/src/widgets/player-profile/index.tsx(319,17): error TS17004: Cannot use JSX unless the '--jsx' flag is provided.
frontend/src/widgets/player-profile/index.tsx(320,17): error TS17004: Cannot use JSX unless the '--jsx' flag is provided.
frontend/src/widgets/player-profile/index.tsx(321,17): error TS17004: Cannot use JSX unless the '--jsx' flag is provided.
frontend/src/widgets/player-profile/index.tsx(323,19): error TS17004: Cannot use JSX unless the '--jsx' flag is provided.
frontend/src/widgets/player-profile/index.tsx(324,21): error TS17004: Cannot use JSX unless the '--jsx' flag is provided.
frontend/src/widgets/player-profile/index.tsx(325,23): error TS17004: Cannot use JSX unless the '--jsx' flag is provided.
frontend/src/widgets/player-profile/index.tsx(326,25): error TS17004: Cannot use JSX unless the '--jsx' flag is provided.
frontend/src/widgets/player-profile/index.tsx(330,27): error TS17004: Cannot use JSX unless the '--jsx' flag is provided.
frontend/src/widgets/player-profile/index.tsx(336,23): error TS17004: Cannot use JSX unless the '--jsx' flag is provided.
frontend/src/widgets/player-profile/index.tsx(337,25): error TS17004: Cannot use JSX unless the '--jsx' flag is provided.
frontend/src/widgets/player-profile/index.tsx(338,25): error TS17004: Cannot use JSX unless the '--jsx' flag is provided.
frontend/src/widgets/player-profile/index.tsx(350,9): error TS17004: Cannot use JSX unless the '--jsx' flag is provided.
frontend/src/widgets/player-profile/index.tsx(351,11): error TS17004: Cannot use JSX unless the '--jsx' flag is provided.
frontend/src/widgets/player-profile/index.tsx(352,13): error TS17004: Cannot use JSX unless the '--jsx' flag is provided.
frontend/src/widgets/player-profile/index.tsx(353,15): error TS17004: Cannot use JSX unless the '--jsx' flag is provided.
frontend/src/widgets/player-profile/index.tsx(354,15): error TS17004: Cannot use JSX unless the '--jsx' flag is provided.
frontend/src/widgets/player-profile/index.tsx(362,13): error TS17004: Cannot use JSX unless the '--jsx' flag is provided.
frontend/src/widgets/player-profile/index.tsx(366,9): error TS17004: Cannot use JSX unless the '--jsx' flag is provided.
frontend/src/widgets/player-profile/index.tsx(367,11): error TS17004: Cannot use JSX unless the '--jsx' flag is provided.
frontend/src/widgets/player-profile/index.tsx(368,13): error TS17004: Cannot use JSX unless the '--jsx' flag is provided.
frontend/src/widgets/player-profile/index.tsx(369,13): error TS17004: Cannot use JSX unless the '--jsx' flag is provided.
frontend/src/widgets/player-profile/index.tsx(370,15): error TS17004: Cannot use JSX unless the '--jsx' flag is provided.
frontend/src/widgets/player-profile/index.tsx(379,11): error TS17004: Cannot use JSX unless the '--jsx' flag is provided.
frontend/src/widgets/player-profile/index.tsx(380,13): error TS17004: Cannot use JSX unless the '--jsx' flag is provided.
frontend/src/widgets/player-profile/index.tsx(381,13): error TS17004: Cannot use JSX unless the '--jsx' flag is provided.
frontend/src/widgets/player-profile/index.tsx(382,15): error TS17004: Cannot use JSX unless the '--jsx' flag is provided.
frontend/src/widgets/player-profile/index.tsx(385,11): error TS17004: Cannot use JSX unless the '--jsx' flag is provided.
frontend/src/widgets/player-profile/index.tsx(386,13): error TS17004: Cannot use JSX unless the '--jsx' flag is provided.
frontend/src/widgets/player-profile/index.tsx(387,13): error TS17004: Cannot use JSX unless the '--jsx' flag is provided.
frontend/src/widgets/player-profile/index.tsx(389,17): error TS17004: Cannot use JSX unless the '--jsx' flag is provided.
frontend/src/widgets/player-profile/index.tsx(395,11): error TS17004: Cannot use JSX unless the '--jsx' flag is provided.
frontend/src/widgets/player-profile/index.tsx(396,13): error TS17004: Cannot use JSX unless the '--jsx' flag is provided.
frontend/src/widgets/player-profile/index.tsx(397,13): error TS17004: Cannot use JSX unless the '--jsx' flag is provided.
frontend/src/widgets/player-profile/index.tsx(398,15): error TS17004: Cannot use JSX unless the '--jsx' flag is provided.
frontend/src/widgets/player-profile/index.tsx(399,17): error TS17004: Cannot use JSX unless the '--jsx' flag is provided.
frontend/src/widgets/player-profile/index.tsx(406,15): error TS17004: Cannot use JSX unless the '--jsx' flag is provided.
frontend/src/widgets/player-profile/index.tsx(407,17): error TS17004: Cannot use JSX unless the '--jsx' flag is provided.
frontend/src/widgets/player-profile/index.tsx(408,19): error TS17004: Cannot use JSX unless the '--jsx' flag is provided.
frontend/src/widgets/player-profile/index.tsx(409,21): error TS17004: Cannot use JSX unless the '--jsx' flag is provided.
frontend/src/widgets/player-profile/index.tsx(413,19): error TS17004: Cannot use JSX unless the '--jsx' flag is provided.
frontend/src/widgets/player-profile/index.tsx(414,21): error TS17004: Cannot use JSX unless the '--jsx' flag is provided.
frontend/src/widgets/player-profile/index.tsx(422,9): error TS17004: Cannot use JSX unless the '--jsx' flag is provided.
frontend/src/widgets/player-profile/index.tsx(423,11): error TS17004: Cannot use JSX unless the '--jsx' flag is provided.
frontend/src/widgets/player-profile/index.tsx(424,13): error TS17004: Cannot use JSX unless the '--jsx' flag is provided.
frontend/src/widgets/player-profile/index.tsx(425,15): error TS17004: Cannot use JSX unless the '--jsx' flag is provided.
frontend/src/widgets/player-profile/index.tsx(426,17): error TS17004: Cannot use JSX unless the '--jsx' flag is provided.
frontend/src/widgets/player-profile/index.tsx(429,15): error TS17004: Cannot use JSX unless the '--jsx' flag is provided.
frontend/src/widgets/player-profile/index.tsx(430,17): error TS17004: Cannot use JSX unless the '--jsx' flag is provided.
frontend/src/widgets/player-profile/index.tsx(433,15): error TS17004: Cannot use JSX unless the '--jsx' flag is provided.
frontend/src/widgets/player-profile/index.tsx(434,17): error TS17004: Cannot use JSX unless the '--jsx' flag is provided.
frontend/src/widgets/player-profile/index.tsx(437,15): error TS17004: Cannot use JSX unless the '--jsx' flag is provided.
frontend/src/widgets/player-profile/index.tsx(438,17): error TS17004: Cannot use JSX unless the '--jsx' flag is provided.
frontend/src/widgets/player-profile/index.tsx(441,15): error TS17004: Cannot use JSX unless the '--jsx' flag is provided.
frontend/src/widgets/player-profile/index.tsx(442,17): error TS17004: Cannot use JSX unless the '--jsx' flag is provided.
frontend/src/widgets/player-profile/index.tsx(445,15): error TS17004: Cannot use JSX unless the '--jsx' flag is provided.
frontend/src/widgets/player-profile/index.tsx(446,17): error TS17004: Cannot use JSX unless the '--jsx' flag is provided.
frontend/src/widgets/player-profile/index.tsx(449,15): error TS17004: Cannot use JSX unless the '--jsx' flag is provided.
frontend/src/widgets/player-profile/index.tsx(450,17): error TS17004: Cannot use JSX unless the '--jsx' flag is provided.
frontend/src/widgets/player-profile/index.tsx(453,15): error TS17004: Cannot use JSX unless the '--jsx' flag is provided.
frontend/src/widgets/player-profile/index.tsx(454,17): error TS17004: Cannot use JSX unless the '--jsx' flag is provided.
frontend/src/widgets/player-profile/index.tsx(459,13): error TS17004: Cannot use JSX unless the '--jsx' flag is provided.
frontend/src/widgets/player-profile/index.tsx(460,15): error TS17004: Cannot use JSX unless the '--jsx' flag is provided.
frontend/src/widgets/player-profile/index.tsx(463,13): error TS17004: Cannot use JSX unless the '--jsx' flag is provided.
frontend/src/widgets/player-profile/index.tsx(464,15): error TS17004: Cannot use JSX unless the '--jsx' flag is provided.
frontend/src/widgets/player-profile/index.tsx(464,25): error TS2322: Type '{ stats: any; }' is not assignable to type 'IntrinsicAttributes'.
  Property 'stats' does not exist on type 'IntrinsicAttributes'.
frontend/src/widgets/player-profile/index.tsx(467,13): error TS17004: Cannot use JSX unless the '--jsx' flag is provided.
frontend/src/widgets/player-profile/index.tsx(468,15): error TS17004: Cannot use JSX unless the '--jsx' flag is provided.
frontend/src/widgets/player-profile/index.tsx(471,13): error TS17004: Cannot use JSX unless the '--jsx' flag is provided.
frontend/src/widgets/player-profile/index.tsx(472,15): error TS17004: Cannot use JSX unless the '--jsx' flag is provided.
frontend/src/widgets/player-profile/index.tsx(475,13): error TS17004: Cannot use JSX unless the '--jsx' flag is provided.
frontend/src/widgets/player-profile/index.tsx(476,15): error TS17004: Cannot use JSX unless the '--jsx' flag is provided.
frontend/src/widgets/player-profile/index.tsx(477,17): error TS2322: Type '{ careerHistory: CareerHistoryItem[]; isCurrentUser: boolean; }' is not assignable to type 'IntrinsicAttributes'.
  Property 'careerHistory' does not exist on type 'IntrinsicAttributes'.
frontend/src/widgets/player-profile/index.tsx(482,13): error TS17004: Cannot use JSX unless the '--jsx' flag is provided.
frontend/src/widgets/player-profile/index.tsx(483,15): error TS17004: Cannot use JSX unless the '--jsx' flag is provided.
frontend/src/widgets/player-profile/index.tsx(483,32): error TS2322: Type '{ achievements: Achievement[]; }' is not assignable to type 'IntrinsicAttributes'.
  Property 'achievements' does not exist on type 'IntrinsicAttributes'.
frontend/src/widgets/player-profile/index.tsx(486,13): error TS17004: Cannot use JSX unless the '--jsx' flag is provided.
frontend/src/widgets/player-profile/index.tsx(487,15): error TS17004: Cannot use JSX unless the '--jsx' flag is provided.
frontend/src/widgets/player-profile/index.tsx(488,17): error TS2322: Type '{ teams: UserTeam[]; isCurrentUser: boolean; userName: any; }' is not assignable to type 'IntrinsicAttributes'.
  Property 'teams' does not exist on type 'IntrinsicAttributes'.
frontend/src/widgets/player-profile/index.tsx(494,13): error TS17004: Cannot use JSX unless the '--jsx' flag is provided.
frontend/src/widgets/player-profile/index.tsx(495,15): error TS17004: Cannot use JSX unless the '--jsx' flag is provided.
frontend/src/widgets/player-profile/index.tsx(495,27): error TS2322: Type '{ gallery: GalleryItem[]; isCurrentUser: boolean; }' is not assignable to type 'IntrinsicAttributes'.
  Property 'gallery' does not exist on type 'IntrinsicAttributes'.
frontend/src/widgets/player-profile/index.tsx(500,7): error TS17004: Cannot use JSX unless the '--jsx' flag is provided.
frontend/src/widgets/player-profile/index.tsx(506,7): error TS17004: Cannot use JSX unless the '--jsx' flag is provided.
frontend/src/widgets/player-profile/index.tsx(513,7): error TS17004: Cannot use JSX unless the '--jsx' flag is provided.
frontend/src/widgets/player-profile/index.tsx(519,7): error TS17004: Cannot use JSX unless the '--jsx' flag is provided.
frontend/src/widgets/player-scout/index.tsx(11,8): error TS2307: Cannot find module '@/shared/ui/card' or its corresponding type declarations.
frontend/src/widgets/player-scout/index.tsx(12,24): error TS2307: Cannot find module '@/shared/ui/button' or its corresponding type declarations.
frontend/src/widgets/player-scout/index.tsx(16,8): error TS2307: Cannot find module '@/shared/api/genkit/flows/player-scout-flow' or its corresponding type declarations.
frontend/src/widgets/player-scout/index.tsx(17,26): error TS2307: Cannot find module '@/shared/ui/textarea' or its corresponding type declarations.
frontend/src/widgets/player-scout/index.tsx(19,26): error TS2307: Cannot find module '@/shared/hooks/use-toast' or its corresponding type declarations.
frontend/src/widgets/player-scout/index.tsx(20,53): error TS2307: Cannot find module '@/shared/ui/alert' or its corresponding type declarations.
frontend/src/widgets/player-scout/index.tsx(21,26): error TS2307: Cannot find module '@/shared/ui/skeleton' or its corresponding type declarations.
frontend/src/widgets/player-scout/index.tsx(22,53): error TS2307: Cannot find module '@/shared/ui/avatar' or its corresponding type declarations.
frontend/src/widgets/player-scout/index.tsx(70,5): error TS17004: Cannot use JSX unless the '--jsx' flag is provided.
frontend/src/widgets/player-scout/index.tsx(71,7): error TS17004: Cannot use JSX unless the '--jsx' flag is provided.
frontend/src/widgets/player-scout/index.tsx(72,9): error TS17004: Cannot use JSX unless the '--jsx' flag is provided.
frontend/src/widgets/player-scout/index.tsx(73,11): error TS17004: Cannot use JSX unless the '--jsx' flag is provided.
frontend/src/widgets/player-scout/index.tsx(74,13): error TS17004: Cannot use JSX unless the '--jsx' flag is provided.
frontend/src/widgets/player-scout/index.tsx(76,11): error TS17004: Cannot use JSX unless the '--jsx' flag is provided.
frontend/src/widgets/player-scout/index.tsx(81,9): error TS17004: Cannot use JSX unless the '--jsx' flag is provided.
frontend/src/widgets/player-scout/index.tsx(82,11): error TS17004: Cannot use JSX unless the '--jsx' flag is provided.
frontend/src/widgets/player-scout/index.tsx(91,13): error TS17004: Cannot use JSX unless the '--jsx' flag is provided.
frontend/src/widgets/player-scout/index.tsx(92,15): error TS17004: Cannot use JSX unless the '--jsx' flag is provided.
frontend/src/widgets/player-scout/index.tsx(93,15): error TS17004: Cannot use JSX unless the '--jsx' flag is provided.
frontend/src/widgets/player-scout/index.tsx(97,9): error TS17004: Cannot use JSX unless the '--jsx' flag is provided.
frontend/src/widgets/player-scout/index.tsx(98,11): error TS17004: Cannot use JSX unless the '--jsx' flag is provided.
frontend/src/widgets/player-scout/index.tsx(100,15): error TS17004: Cannot use JSX unless the '--jsx' flag is provided.
frontend/src/widgets/player-scout/index.tsx(102,15): error TS17004: Cannot use JSX unless the '--jsx' flag is provided.
frontend/src/widgets/player-scout/index.tsx(109,7): error TS17004: Cannot use JSX unless the '--jsx' flag is provided.
frontend/src/widgets/player-scout/index.tsx(112,13): error TS17004: Cannot use JSX unless the '--jsx' flag is provided.
frontend/src/widgets/player-scout/index.tsx(117,13): error TS17004: Cannot use JSX unless the '--jsx' flag is provided.
frontend/src/widgets/player-scout/index.tsx(118,15): error TS17004: Cannot use JSX unless the '--jsx' flag is provided.
frontend/src/widgets/player-scout/index.tsx(119,17): error TS17004: Cannot use JSX unless the '--jsx' flag is provided.
frontend/src/widgets/player-scout/index.tsx(120,19): error TS17004: Cannot use JSX unless the '--jsx' flag is provided.
frontend/src/widgets/player-scout/index.tsx(121,21): error TS17004: Cannot use JSX unless the '--jsx' flag is provided.
frontend/src/widgets/player-scout/index.tsx(122,21): error TS17004: Cannot use JSX unless the '--jsx' flag is provided.
frontend/src/widgets/player-scout/index.tsx(124,19): error TS17004: Cannot use JSX unless the '--jsx' flag is provided.
frontend/src/widgets/player-scout/index.tsx(125,21): error TS17004: Cannot use JSX unless the '--jsx' flag is provided.
frontend/src/widgets/player-scout/index.tsx(126,21): error TS17004: Cannot use JSX unless the '--jsx' flag is provided.
frontend/src/widgets/player-scout/index.tsx(129,17): error TS17004: Cannot use JSX unless the '--jsx' flag is provided.
frontend/src/widgets/player-scout/index.tsx(130,19): error TS17004: Cannot use JSX unless the '--jsx' flag is provided.
frontend/src/widgets/player-scout/index.tsx(134,15): error TS17004: Cannot use JSX unless the '--jsx' flag is provided.
frontend/src/widgets/player-scout/index.tsx(135,17): error TS17004: Cannot use JSX unless the '--jsx' flag is provided.
frontend/src/widgets/player-scout/index.tsx(136,19): error TS17004: Cannot use JSX unless the '--jsx' flag is provided.
frontend/src/widgets/player-scout/index.tsx(137,19): error TS17004: Cannot use JSX unless the '--jsx' flag is provided.
frontend/src/widgets/player-scout/index.tsx(138,19): error TS17004: Cannot use JSX unless the '--jsx' flag is provided.
frontend/src/widgets/player-scout/index.tsx(140,17): error TS17004: Cannot use JSX unless the '--jsx' flag is provided.
frontend/src/widgets/player-scout/index.tsx(141,19): error TS17004: Cannot use JSX unless the '--jsx' flag is provided.
frontend/src/widgets/player-scout/index.tsx(149,9): error TS17004: Cannot use JSX unless the '--jsx' flag is provided.
frontend/src/widgets/player-scout/index.tsx(150,11): error TS17004: Cannot use JSX unless the '--jsx' flag is provided.
frontend/src/widgets/playground-activity-feed/index.tsx(9,8): error TS2307: Cannot find module '@/shared/ui/card' or its corresponding type declarations.
frontend/src/widgets/playground-activity-feed/index.tsx(10,53): error TS2307: Cannot find module '@/shared/ui/avatar' or its corresponding type declarations.
frontend/src/widgets/playground-activity-feed/index.tsx(13,28): error TS2307: Cannot find module '@/shared/ui/scroll-area' or its corresponding type declarations.
frontend/src/widgets/playground-activity-feed/index.tsx(37,5): error TS17004: Cannot use JSX unless the '--jsx' flag is provided.
frontend/src/widgets/playground-activity-feed/index.tsx(38,7): error TS17004: Cannot use JSX unless the '--jsx' flag is provided.
frontend/src/widgets/playground-activity-feed/index.tsx(39,9): error TS17004: Cannot use JSX unless the '--jsx' flag is provided.
frontend/src/widgets/playground-activity-feed/index.tsx(40,11): error TS17004: Cannot use JSX unless the '--jsx' flag is provided.
frontend/src/widgets/playground-activity-feed/index.tsx(43,9): error TS17004: Cannot use JSX unless the '--jsx' flag is provided.
frontend/src/widgets/playground-activity-feed/index.tsx(47,7): error TS17004: Cannot use JSX unless the '--jsx' flag is provided.
frontend/src/widgets/playground-activity-feed/index.tsx(48,9): error TS17004: Cannot use JSX unless the '--jsx' flag is provided.
frontend/src/widgets/playground-activity-feed/index.tsx(49,11): error TS17004: Cannot use JSX unless the '--jsx' flag is provided.
frontend/src/widgets/playground-activity-feed/index.tsx(51,15): error TS17004: Cannot use JSX unless the '--jsx' flag is provided.
frontend/src/widgets/playground-activity-feed/index.tsx(52,17): error TS17004: Cannot use JSX unless the '--jsx' flag is provided.
frontend/src/widgets/playground-activity-feed/index.tsx(53,19): error TS17004: Cannot use JSX unless the '--jsx' flag is provided.
frontend/src/widgets/playground-activity-feed/index.tsx(54,19): error TS17004: Cannot use JSX unless the '--jsx' flag is provided.
frontend/src/widgets/playground-activity-feed/index.tsx(58,17): error TS17004: Cannot use JSX unless the '--jsx' flag is provided.
frontend/src/widgets/playground-activity-feed/index.tsx(59,19): error TS17004: Cannot use JSX unless the '--jsx' flag is provided.
frontend/src/widgets/playground-activity-feed/index.tsx(60,21): error TS17004: Cannot use JSX unless the '--jsx' flag is provided.
frontend/src/widgets/playground-activity-feed/index.tsx(63,21): error TS17004: Cannot use JSX unless the '--jsx' flag is provided.
frontend/src/widgets/playground-activity-feed/index.tsx(70,19): error TS17004: Cannot use JSX unless the '--jsx' flag is provided.
frontend/src/widgets/playground-activity-feed/index.tsx(74,21): error TS17004: Cannot use JSX unless the '--jsx' flag is provided.
frontend/src/widgets/playground-activity-feed/index.tsx(75,23): error TS17004: Cannot use JSX unless the '--jsx' flag is provided.
frontend/src/widgets/playground-activity-feed/index.tsx(88,15): error TS17004: Cannot use JSX unless the '--jsx' flag is provided.
frontend/src/widgets/playground-activity-feed/index.tsx(89,17): error TS17004: Cannot use JSX unless the '--jsx' flag is provided.
frontend/src/widgets/playground-activity-feed/index.tsx(90,17): error TS17004: Cannot use JSX unless the '--jsx' flag is provided.
frontend/src/widgets/playground-activity-tab/index.tsx(6,8): error TS2307: Cannot find module '@/widgets/playground-activity-feed' or its corresponding type declarations.
frontend/src/widgets/playground-activity-tab/index.tsx(7,43): error TS2307: Cannot find module '@/widgets/playground-current-activity' or its corresponding type declarations.
frontend/src/widgets/playground-activity-tab/index.tsx(8,26): error TS2307: Cannot find module '@/shared/ui/skeleton' or its corresponding type declarations.
frontend/src/widgets/playground-activity-tab/index.tsx(9,47): error TS2307: Cannot find module '@/shared/ui/card' or its corresponding type declarations.
frontend/src/widgets/playground-activity-tab/index.tsx(13,8): error TS2307: Cannot find module '@/entities/feed/model/types' or its corresponding type declarations.
frontend/src/widgets/playground-activity-tab/index.tsx(41,5): error TS17004: Cannot use JSX unless the '--jsx' flag is provided.
frontend/src/widgets/playground-activity-tab/index.tsx(42,7): error TS17004: Cannot use JSX unless the '--jsx' flag is provided.
frontend/src/widgets/playground-activity-tab/index.tsx(44,11): error TS17004: Cannot use JSX unless the '--jsx' flag is provided.
frontend/src/widgets/playground-activity-tab/index.tsx(45,13): error TS17004: Cannot use JSX unless the '--jsx' flag is provided.
frontend/src/widgets/playground-activity-tab/index.tsx(46,15): error TS17004: Cannot use JSX unless the '--jsx' flag is provided.
frontend/src/widgets/playground-activity-tab/index.tsx(47,15): error TS17004: Cannot use JSX unless the '--jsx' flag is provided.
frontend/src/widgets/playground-activity-tab/index.tsx(49,13): error TS17004: Cannot use JSX unless the '--jsx' flag is provided.
frontend/src/widgets/playground-activity-tab/index.tsx(50,15): error TS17004: Cannot use JSX unless the '--jsx' flag is provided.
frontend/src/widgets/playground-activity-tab/index.tsx(51,17): error TS17004: Cannot use JSX unless the '--jsx' flag is provided.
frontend/src/widgets/playground-activity-tab/index.tsx(52,19): error TS17004: Cannot use JSX unless the '--jsx' flag is provided.
frontend/src/widgets/playground-activity-tab/index.tsx(53,19): error TS17004: Cannot use JSX unless the '--jsx' flag is provided.
frontend/src/widgets/playground-activity-tab/index.tsx(54,21): error TS17004: Cannot use JSX unless the '--jsx' flag is provided.
frontend/src/widgets/playground-activity-tab/index.tsx(55,21): error TS17004: Cannot use JSX unless the '--jsx' flag is provided.
frontend/src/widgets/playground-activity-tab/index.tsx(58,17): error TS17004: Cannot use JSX unless the '--jsx' flag is provided.
frontend/src/widgets/playground-activity-tab/index.tsx(59,19): error TS17004: Cannot use JSX unless the '--jsx' flag is provided.
frontend/src/widgets/playground-activity-tab/index.tsx(60,19): error TS17004: Cannot use JSX unless the '--jsx' flag is provided.
frontend/src/widgets/playground-activity-tab/index.tsx(61,21): error TS17004: Cannot use JSX unless the '--jsx' flag is provided.
frontend/src/widgets/playground-activity-tab/index.tsx(62,21): error TS17004: Cannot use JSX unless the '--jsx' flag is provided.
frontend/src/widgets/playground-activity-tab/index.tsx(69,11): error TS17004: Cannot use JSX unless the '--jsx' flag is provided.
frontend/src/widgets/playground-activity-tab/index.tsx(72,7): error TS17004: Cannot use JSX unless the '--jsx' flag is provided.
frontend/src/widgets/playground-activity-tab/index.tsx(73,9): error TS17004: Cannot use JSX unless the '--jsx' flag is provided.
frontend/src/widgets/playground-card/index.tsx(10,8): error TS2307: Cannot find module '@/shared/ui/card' or its corresponding type declarations.
frontend/src/widgets/playground-card/index.tsx(13,43): error TS2307: Cannot find module '@/entities/playground/model/types' or its corresponding type declarations.
frontend/src/widgets/playground-card/index.tsx(15,23): error TS2307: Cannot find module '@/shared/ui/badge' or its corresponding type declarations.
frontend/src/widgets/playground-card/index.tsx(16,53): error TS2307: Cannot find module '@/shared/ui/avatar' or its corresponding type declarations.
frontend/src/widgets/playground-card/index.tsx(22,8): error TS2307: Cannot find module '@/shared/ui/tooltip' or its corresponding type declarations.
frontend/src/widgets/playground-card/index.tsx(34,5): error TS17004: Cannot use JSX unless the '--jsx' flag is provided.
frontend/src/widgets/playground-card/index.tsx(35,7): error TS17004: Cannot use JSX unless the '--jsx' flag is provided.
frontend/src/widgets/playground-card/index.tsx(36,9): error TS17004: Cannot use JSX unless the '--jsx' flag is provided.
frontend/src/widgets/playground-card/index.tsx(37,11): error TS17004: Cannot use JSX unless the '--jsx' flag is provided.
frontend/src/widgets/playground-card/index.tsx(45,13): error TS17004: Cannot use JSX unless the '--jsx' flag is provided.
frontend/src/widgets/playground-card/index.tsx(53,13): error TS17004: Cannot use JSX unless the '--jsx' flag is provided.
frontend/src/widgets/playground-card/index.tsx(57,15): error TS17004: Cannot use JSX unless the '--jsx' flag is provided.
frontend/src/widgets/playground-card/index.tsx(62,13): error TS17004: Cannot use JSX unless the '--jsx' flag is provided.
frontend/src/widgets/playground-card/index.tsx(63,15): error TS17004: Cannot use JSX unless the '--jsx' flag is provided.
frontend/src/widgets/playground-card/index.tsx(64,17): error TS17004: Cannot use JSX unless the '--jsx' flag is provided.
frontend/src/widgets/playground-card/index.tsx(65,19): error TS17004: Cannot use JSX unless the '--jsx' flag is provided.
frontend/src/widgets/playground-card/index.tsx(66,21): error TS17004: Cannot use JSX unless the '--jsx' flag is provided.
frontend/src/widgets/playground-card/index.tsx(67,23): error TS17004: Cannot use JSX unless the '--jsx' flag is provided.
frontend/src/widgets/playground-card/index.tsx(68,25): error TS17004: Cannot use JSX unless the '--jsx' flag is provided.
frontend/src/widgets/playground-card/index.tsx(72,25): error TS17004: Cannot use JSX unless the '--jsx' flag is provided.
frontend/src/widgets/playground-card/index.tsx(76,23): error TS17004: Cannot use JSX unless the '--jsx' flag is provided.
frontend/src/widgets/playground-card/index.tsx(77,25): error TS17004: Cannot use JSX unless the '--jsx' flag is provided.
frontend/src/widgets/playground-card/index.tsx(81,19): error TS17004: Cannot use JSX unless the '--jsx' flag is provided.
frontend/src/widgets/playground-card/index.tsx(82,21): error TS17004: Cannot use JSX unless the '--jsx' flag is provided.
frontend/src/widgets/playground-card/index.tsx(89,9): error TS17004: Cannot use JSX unless the '--jsx' flag is provided.
frontend/src/widgets/playground-card/index.tsx(90,11): error TS17004: Cannot use JSX unless the '--jsx' flag is provided.
frontend/src/widgets/playground-card/index.tsx(91,11): error TS17004: Cannot use JSX unless the '--jsx' flag is provided.
frontend/src/widgets/playground-card/index.tsx(92,13): error TS17004: Cannot use JSX unless the '--jsx' flag is provided.
frontend/src/widgets/playground-card/index.tsx(95,9): error TS17004: Cannot use JSX unless the '--jsx' flag is provided.
frontend/src/widgets/playground-card/index.tsx(96,11): error TS17004: Cannot use JSX unless the '--jsx' flag is provided.
frontend/src/widgets/playground-card/index.tsx(97,13): error TS17004: Cannot use JSX unless the '--jsx' flag is provided.
frontend/src/widgets/playground-card/index.tsx(98,13): error TS17004: Cannot use JSX unless the '--jsx' flag is provided.
frontend/src/widgets/playground-card/index.tsx(101,9): error TS17004: Cannot use JSX unless the '--jsx' flag is provided.
frontend/src/widgets/playground-card/index.tsx(102,11): error TS17004: Cannot use JSX unless the '--jsx' flag is provided.
frontend/src/widgets/playground-card/index.tsx(103,13): error TS17004: Cannot use JSX unless the '--jsx' flag is provided.
frontend/src/widgets/playground-card/index.tsx(106,11): error TS17004: Cannot use JSX unless the '--jsx' flag is provided.
frontend/src/widgets/playground-card/index.tsx(107,13): error TS17004: Cannot use JSX unless the '--jsx' flag is provided.
frontend/src/widgets/playground-check-in-dialog/index.tsx(4,24): error TS2307: Cannot find module '@/shared/ui/button' or its corresponding type declarations.
frontend/src/widgets/playground-check-in-dialog/index.tsx(12,8): error TS2307: Cannot find module '@/shared/ui/dialog' or its corresponding type declarations.
frontend/src/widgets/playground-check-in-dialog/index.tsx(13,26): error TS2307: Cannot find module '@/shared/ui/textarea' or its corresponding type declarations.
frontend/src/widgets/playground-check-in-dialog/index.tsx(14,23): error TS2307: Cannot find module '@/shared/ui/label' or its corresponding type declarations.
frontend/src/widgets/playground-check-in-dialog/index.tsx(62,5): error TS17004: Cannot use JSX unless the '--jsx' flag is provided.
frontend/src/widgets/playground-check-in-dialog/index.tsx(63,7): error TS17004: Cannot use JSX unless the '--jsx' flag is provided.
frontend/src/widgets/playground-check-in-dialog/index.tsx(64,9): error TS17004: Cannot use JSX unless the '--jsx' flag is provided.
frontend/src/widgets/playground-check-in-dialog/index.tsx(65,11): error TS17004: Cannot use JSX unless the '--jsx' flag is provided.
frontend/src/widgets/playground-check-in-dialog/index.tsx(66,11): error TS17004: Cannot use JSX unless the '--jsx' flag is provided.
frontend/src/widgets/playground-check-in-dialog/index.tsx(72,9): error TS17004: Cannot use JSX unless the '--jsx' flag is provided.
frontend/src/widgets/playground-check-in-dialog/index.tsx(73,11): error TS17004: Cannot use JSX unless the '--jsx' flag is provided.
frontend/src/widgets/playground-check-in-dialog/index.tsx(74,13): error TS17004: Cannot use JSX unless the '--jsx' flag is provided.
frontend/src/widgets/playground-check-in-dialog/index.tsx(75,13): error TS17004: Cannot use JSX unless the '--jsx' flag is provided.
frontend/src/widgets/playground-check-in-dialog/index.tsx(82,11): error TS17004: Cannot use JSX unless the '--jsx' flag is provided.
frontend/src/widgets/playground-check-in-dialog/index.tsx(83,13): error TS17004: Cannot use JSX unless the '--jsx' flag is provided.
frontend/src/widgets/playground-check-in-dialog/index.tsx(84,13): error TS17004: Cannot use JSX unless the '--jsx' flag is provided.
frontend/src/widgets/playground-check-in-dialog/index.tsx(89,17): error TS17004: Cannot use JSX unless the '--jsx' flag is provided.
frontend/src/widgets/playground-check-in-dialog/index.tsx(97,17): error TS17004: Cannot use JSX unless the '--jsx' flag is provided.
frontend/src/widgets/playground-check-in-dialog/index.tsx(98,19): error TS17004: Cannot use JSX unless the '--jsx' flag is provided.
frontend/src/widgets/playground-check-in-dialog/index.tsx(99,19): error TS17004: Cannot use JSX unless the '--jsx' flag is provided.
frontend/src/widgets/playground-check-in-dialog/index.tsx(104,15): error TS17004: Cannot use JSX unless the '--jsx' flag is provided.
frontend/src/widgets/playground-check-in-dialog/index.tsx(114,9): error TS17004: Cannot use JSX unless the '--jsx' flag is provided.
frontend/src/widgets/playground-check-in-dialog/index.tsx(115,11): error TS17004: Cannot use JSX unless the '--jsx' flag is provided.
frontend/src/widgets/playground-check-in-dialog/index.tsx(118,11): error TS17004: Cannot use JSX unless the '--jsx' flag is provided.
frontend/src/widgets/playground-check-in-dialog/index.tsx(120,15): error TS17004: Cannot use JSX unless the '--jsx' flag is provided.
frontend/src/widgets/playground-check-in-dialog/index.tsx(122,15): error TS17004: Cannot use JSX unless the '--jsx' flag is provided.
frontend/src/widgets/playground-condition-status/index.tsx(3,58): error TS2307: Cannot find module '@/shared/ui/card' or its corresponding type declarations.
frontend/src/widgets/playground-condition-status/index.tsx(4,53): error TS2307: Cannot find module '@/shared/ui/alert' or its corresponding type declarations.
frontend/src/widgets/playground-condition-status/index.tsx(6,48): error TS2307: Cannot find module '@/entities/playground/api/condition' or its corresponding type declarations.
frontend/src/widgets/playground-condition-status/index.tsx(16,14): error TS17004: Cannot use JSX unless the '--jsx' flag is provided.
frontend/src/widgets/playground-condition-status/index.tsx(18,14): error TS17004: Cannot use JSX unless the '--jsx' flag is provided.
frontend/src/widgets/playground-condition-status/index.tsx(20,14): error TS17004: Cannot use JSX unless the '--jsx' flag is provided.
frontend/src/widgets/playground-condition-status/index.tsx(22,14): error TS17004: Cannot use JSX unless the '--jsx' flag is provided.
frontend/src/widgets/playground-condition-status/index.tsx(32,7): error TS17004: Cannot use JSX unless the '--jsx' flag is provided.
frontend/src/widgets/playground-condition-status/index.tsx(33,9): error TS17004: Cannot use JSX unless the '--jsx' flag is provided.
frontend/src/widgets/playground-condition-status/index.tsx(34,11): error TS17004: Cannot use JSX unless the '--jsx' flag is provided.
frontend/src/widgets/playground-condition-status/index.tsx(35,13): error TS17004: Cannot use JSX unless the '--jsx' flag is provided.
frontend/src/widgets/playground-condition-status/index.tsx(39,9): error TS17004: Cannot use JSX unless the '--jsx' flag is provided.
frontend/src/widgets/playground-condition-status/index.tsx(40,11): error TS17004: Cannot use JSX unless the '--jsx' flag is provided.
frontend/src/widgets/playground-condition-status/index.tsx(41,13): error TS17004: Cannot use JSX unless the '--jsx' flag is provided.
frontend/src/widgets/playground-condition-status/index.tsx(42,13): error TS17004: Cannot use JSX unless the '--jsx' flag is provided.
frontend/src/widgets/playground-condition-status/index.tsx(43,13): error TS17004: Cannot use JSX unless the '--jsx' flag is provided.
frontend/src/widgets/playground-condition-status/index.tsx(55,7): error TS17004: Cannot use JSX unless the '--jsx' flag is provided.
frontend/src/widgets/playground-condition-status/index.tsx(56,9): error TS17004: Cannot use JSX unless the '--jsx' flag is provided.
frontend/src/widgets/playground-condition-status/index.tsx(57,11): error TS17004: Cannot use JSX unless the '--jsx' flag is provided.
frontend/src/widgets/playground-condition-status/index.tsx(58,13): error TS17004: Cannot use JSX unless the '--jsx' flag is provided.
frontend/src/widgets/playground-condition-status/index.tsx(62,9): error TS17004: Cannot use JSX unless the '--jsx' flag is provided.
frontend/src/widgets/playground-condition-status/index.tsx(63,11): error TS17004: Cannot use JSX unless the '--jsx' flag is provided.
frontend/src/widgets/playground-condition-status/index.tsx(72,13): error TS17004: Cannot use JSX unless the '--jsx' flag is provided.
frontend/src/widgets/playground-condition-status/index.tsx(73,13): error TS17004: Cannot use JSX unless the '--jsx' flag is provided.
frontend/src/widgets/playground-create-form/index.tsx(13,8): error TS2307: Cannot find module '@/shared/ui/card' or its corresponding type declarations.
frontend/src/widgets/playground-create-form/index.tsx(14,24): error TS2307: Cannot find module '@/shared/ui/button' or its corresponding type declarations.
frontend/src/widgets/playground-create-form/index.tsx(23,8): error TS2307: Cannot find module '@/shared/ui/form' or its corresponding type declarations.
frontend/src/widgets/playground-create-form/index.tsx(24,23): error TS2307: Cannot find module '@/shared/ui/input' or its corresponding type declarations.
frontend/src/widgets/playground-create-form/index.tsx(31,8): error TS2307: Cannot find module '@/shared/ui/select' or its corresponding type declarations.
frontend/src/widgets/playground-create-form/index.tsx(32,26): error TS2307: Cannot find module '@/shared/ui/checkbox' or its corresponding type declarations.
frontend/src/widgets/playground-create-form/index.tsx(33,26): error TS2307: Cannot find module '@/shared/hooks/use-toast' or its corresponding type declarations.
frontend/src/widgets/playground-create-form/index.tsx(37,34): error TS2307: Cannot find module '@/entities/playground/api/playgrounds' or its corresponding type declarations.
frontend/src/widgets/playground-create-form/index.tsx(108,5): error TS17004: Cannot use JSX unless the '--jsx' flag is provided.
frontend/src/widgets/playground-create-form/index.tsx(109,7): error TS17004: Cannot use JSX unless the '--jsx' flag is provided.
frontend/src/widgets/playground-create-form/index.tsx(110,9): error TS17004: Cannot use JSX unless the '--jsx' flag is provided.
frontend/src/widgets/playground-create-form/index.tsx(111,11): error TS17004: Cannot use JSX unless the '--jsx' flag is provided.
frontend/src/widgets/playground-create-form/index.tsx(112,13): error TS17004: Cannot use JSX unless the '--jsx' flag is provided.
frontend/src/widgets/playground-create-form/index.tsx(113,13): error TS17004: Cannot use JSX unless the '--jsx' flag is provided.
frontend/src/widgets/playground-create-form/index.tsx(119,11): error TS17004: Cannot use JSX unless the '--jsx' flag is provided.
frontend/src/widgets/playground-create-form/index.tsx(120,13): error TS17004: Cannot use JSX unless the '--jsx' flag is provided.
frontend/src/widgets/playground-create-form/index.tsx(124,17): error TS17004: Cannot use JSX unless the '--jsx' flag is provided.
frontend/src/widgets/playground-create-form/index.tsx(125,19): error TS17004: Cannot use JSX unless the '--jsx' flag is provided.
frontend/src/widgets/playground-create-form/index.tsx(126,19): error TS17004: Cannot use JSX unless the '--jsx' flag is provided.
frontend/src/widgets/playground-create-form/index.tsx(127,21): error TS17004: Cannot use JSX unless the '--jsx' flag is provided.
frontend/src/widgets/playground-create-form/index.tsx(132,19): error TS17004: Cannot use JSX unless the '--jsx' flag is provided.
frontend/src/widgets/playground-create-form/index.tsx(136,13): error TS17004: Cannot use JSX unless the '--jsx' flag is provided.
frontend/src/widgets/playground-create-form/index.tsx(140,17): error TS17004: Cannot use JSX unless the '--jsx' flag is provided.
frontend/src/widgets/playground-create-form/index.tsx(141,19): error TS17004: Cannot use JSX unless the '--jsx' flag is provided.
frontend/src/widgets/playground-create-form/index.tsx(142,19): error TS17004: Cannot use JSX unless the '--jsx' flag is provided.
frontend/src/widgets/playground-create-form/index.tsx(143,21): error TS17004: Cannot use JSX unless the '--jsx' flag is provided.
frontend/src/widgets/playground-create-form/index.tsx(145,19): error TS17004: Cannot use JSX unless the '--jsx' flag is provided.
frontend/src/widgets/playground-create-form/index.tsx(148,19): error TS17004: Cannot use JSX unless the '--jsx' flag is provided.
frontend/src/widgets/playground-create-form/index.tsx(153,13): error TS17004: Cannot use JSX unless the '--jsx' flag is provided.
frontend/src/widgets/playground-create-form/index.tsx(154,15): error TS17004: Cannot use JSX unless the '--jsx' flag is provided.
frontend/src/widgets/playground-create-form/index.tsx(155,15): error TS17004: Cannot use JSX unless the '--jsx' flag is provided.
frontend/src/widgets/playground-create-form/index.tsx(156,17): error TS17004: Cannot use JSX unless the '--jsx' flag is provided.
frontend/src/widgets/playground-create-form/index.tsx(158,15): error TS17004: Cannot use JSX unless the '--jsx' flag is provided.
frontend/src/widgets/playground-create-form/index.tsx(170,17): error TS17004: Cannot use JSX unless the '--jsx' flag is provided.
frontend/src/widgets/playground-create-form/index.tsx(175,13): error TS17004: Cannot use JSX unless the '--jsx' flag is provided.
frontend/src/widgets/playground-create-form/index.tsx(176,15): error TS17004: Cannot use JSX unless the '--jsx' flag is provided.
frontend/src/widgets/playground-create-form/index.tsx(180,19): error TS17004: Cannot use JSX unless the '--jsx' flag is provided.
frontend/src/widgets/playground-create-form/index.tsx(181,21): error TS17004: Cannot use JSX unless the '--jsx' flag is provided.
frontend/src/widgets/playground-create-form/index.tsx(182,21): error TS17004: Cannot use JSX unless the '--jsx' flag is provided.
frontend/src/widgets/playground-create-form/index.tsx(186,23): error TS17004: Cannot use JSX unless the '--jsx' flag is provided.
frontend/src/widgets/playground-create-form/index.tsx(187,25): error TS17004: Cannot use JSX unless the '--jsx' flag is provided.
frontend/src/widgets/playground-create-form/index.tsx(188,27): error TS17004: Cannot use JSX unless the '--jsx' flag is provided.
frontend/src/widgets/playground-create-form/index.tsx(191,23): error TS17004: Cannot use JSX unless the '--jsx' flag is provided.
frontend/src/widgets/playground-create-form/index.tsx(192,25): error TS17004: Cannot use JSX unless the '--jsx' flag is provided.
frontend/src/widgets/playground-create-form/index.tsx(193,25): error TS17004: Cannot use JSX unless the '--jsx' flag is provided.
frontend/src/widgets/playground-create-form/index.tsx(194,25): error TS17004: Cannot use JSX unless the '--jsx' flag is provided.
frontend/src/widgets/playground-create-form/index.tsx(195,25): error TS17004: Cannot use JSX unless the '--jsx' flag is provided.
frontend/src/widgets/playground-create-form/index.tsx(196,25): error TS17004: Cannot use JSX unless the '--jsx' flag is provided.
frontend/src/widgets/playground-create-form/index.tsx(197,25): error TS17004: Cannot use JSX unless the '--jsx' flag is provided.
frontend/src/widgets/playground-create-form/index.tsx(198,25): error TS17004: Cannot use JSX unless the '--jsx' flag is provided.
frontend/src/widgets/playground-create-form/index.tsx(201,25): error TS17004: Cannot use JSX unless the '--jsx' flag is provided.
frontend/src/widgets/playground-create-form/index.tsx(204,25): error TS17004: Cannot use JSX unless the '--jsx' flag is provided.
frontend/src/widgets/playground-create-form/index.tsx(207,25): error TS17004: Cannot use JSX unless the '--jsx' flag is provided.
frontend/src/widgets/playground-create-form/index.tsx(208,25): error TS17004: Cannot use JSX unless the '--jsx' flag is provided.
frontend/src/widgets/playground-create-form/index.tsx(211,25): error TS17004: Cannot use JSX unless the '--jsx' flag is provided.
frontend/src/widgets/playground-create-form/index.tsx(214,25): error TS17004: Cannot use JSX unless the '--jsx' flag is provided.
frontend/src/widgets/playground-create-form/index.tsx(215,25): error TS17004: Cannot use JSX unless the '--jsx' flag is provided.
frontend/src/widgets/playground-create-form/index.tsx(220,21): error TS17004: Cannot use JSX unless the '--jsx' flag is provided.
frontend/src/widgets/playground-create-form/index.tsx(224,15): error TS17004: Cannot use JSX unless the '--jsx' flag is provided.
frontend/src/widgets/playground-create-form/index.tsx(228,19): error TS17004: Cannot use JSX unless the '--jsx' flag is provided.
frontend/src/widgets/playground-create-form/index.tsx(229,21): error TS17004: Cannot use JSX unless the '--jsx' flag is provided.
frontend/src/widgets/playground-create-form/index.tsx(230,21): error TS17004: Cannot use JSX unless the '--jsx' flag is provided.
frontend/src/widgets/playground-create-form/index.tsx(234,23): error TS17004: Cannot use JSX unless the '--jsx' flag is provided.
frontend/src/widgets/playground-create-form/index.tsx(235,25): error TS17004: Cannot use JSX unless the '--jsx' flag is provided.
frontend/src/widgets/playground-create-form/index.tsx(236,27): error TS17004: Cannot use JSX unless the '--jsx' flag is provided.
frontend/src/widgets/playground-create-form/index.tsx(239,23): error TS17004: Cannot use JSX unless the '--jsx' flag is provided.
frontend/src/widgets/playground-create-form/index.tsx(240,25): error TS17004: Cannot use JSX unless the '--jsx' flag is provided.
frontend/src/widgets/playground-create-form/index.tsx(241,25): error TS17004: Cannot use JSX unless the '--jsx' flag is provided.
frontend/src/widgets/playground-create-form/index.tsx(242,25): error TS17004: Cannot use JSX unless the '--jsx' flag is provided.
frontend/src/widgets/playground-create-form/index.tsx(245,25): error TS17004: Cannot use JSX unless the '--jsx' flag is provided.
frontend/src/widgets/playground-create-form/index.tsx(248,25): error TS17004: Cannot use JSX unless the '--jsx' flag is provided.
frontend/src/widgets/playground-create-form/index.tsx(249,25): error TS17004: Cannot use JSX unless the '--jsx' flag is provided.
frontend/src/widgets/playground-create-form/index.tsx(250,25): error TS17004: Cannot use JSX unless the '--jsx' flag is provided.
frontend/src/widgets/playground-create-form/index.tsx(251,25): error TS17004: Cannot use JSX unless the '--jsx' flag is provided.
frontend/src/widgets/playground-create-form/index.tsx(252,25): error TS17004: Cannot use JSX unless the '--jsx' flag is provided.
frontend/src/widgets/playground-create-form/index.tsx(255,21): error TS17004: Cannot use JSX unless the '--jsx' flag is provided.
frontend/src/widgets/playground-create-form/index.tsx(260,13): error TS17004: Cannot use JSX unless the '--jsx' flag is provided.
frontend/src/widgets/playground-create-form/index.tsx(264,17): error TS17004: Cannot use JSX unless the '--jsx' flag is provided.
frontend/src/widgets/playground-create-form/index.tsx(265,19): error TS17004: Cannot use JSX unless the '--jsx' flag is provided.
frontend/src/widgets/playground-create-form/index.tsx(266,21): error TS17004: Cannot use JSX unless the '--jsx' flag is provided.
frontend/src/widgets/playground-create-form/index.tsx(268,19): error TS17004: Cannot use JSX unless the '--jsx' flag is provided.
frontend/src/widgets/playground-create-form/index.tsx(270,23): error TS17004: Cannot use JSX unless the '--jsx' flag is provided.
frontend/src/widgets/playground-create-form/index.tsx(275,27): error TS17004: Cannot use JSX unless the '--jsx' flag is provided.
frontend/src/widgets/playground-create-form/index.tsx(279,29): error TS17004: Cannot use JSX unless the '--jsx' flag is provided.
frontend/src/widgets/playground-create-form/index.tsx(280,31): error TS17004: Cannot use JSX unless the '--jsx' flag is provided.
frontend/src/widgets/playground-create-form/index.tsx(296,29): error TS17004: Cannot use JSX unless the '--jsx' flag is provided.
frontend/src/widgets/playground-create-form/index.tsx(307,13): error TS17004: Cannot use JSX unless the '--jsx' flag is provided.
frontend/src/widgets/playground-create-form/index.tsx(308,15): error TS17004: Cannot use JSX unless the '--jsx' flag is provided.
frontend/src/widgets/playground-create-form/index.tsx(309,15): error TS17004: Cannot use JSX unless the '--jsx' flag is provided.
frontend/src/widgets/playground-create-form/index.tsx(310,17): error TS17004: Cannot use JSX unless the '--jsx' flag is provided.
frontend/src/widgets/playground-create-form/index.tsx(314,19): error TS17004: Cannot use JSX unless the '--jsx' flag is provided.
frontend/src/widgets/playground-create-form/index.tsx(315,21): error TS17004: Cannot use JSX unless the '--jsx' flag is provided.
frontend/src/widgets/playground-create-form/index.tsx(316,21): error TS17004: Cannot use JSX unless the '--jsx' flag is provided.
frontend/src/widgets/playground-create-form/index.tsx(320,19): error TS17004: Cannot use JSX unless the '--jsx' flag is provided.
frontend/src/widgets/playground-create-form/index.tsx(328,15): error TS17004: Cannot use JSX unless the '--jsx' flag is provided.
frontend/src/widgets/playground-create-form/index.tsx(334,11): error TS17004: Cannot use JSX unless the '--jsx' flag is provided.
frontend/src/widgets/playground-create-form/index.tsx(335,13): error TS17004: Cannot use JSX unless the '--jsx' flag is provided.
frontend/src/widgets/playground-create-form/index.tsx(337,17): error TS17004: Cannot use JSX unless the '--jsx' flag is provided.
frontend/src/widgets/playground-create-form/index.tsx(339,15): error TS17004: Cannot use JSX unless the '--jsx' flag is provided.
frontend/src/widgets/playground-current-activity/index.tsx(3,58): error TS2307: Cannot find module '@/shared/ui/card' or its corresponding type declarations.
frontend/src/widgets/playground-current-activity/index.tsx(4,53): error TS2307: Cannot find module '@/shared/ui/avatar' or its corresponding type declarations.
frontend/src/widgets/playground-current-activity/index.tsx(10,8): error TS2307: Cannot find module '@/shared/ui/tooltip' or its corresponding type declarations.
frontend/src/widgets/playground-current-activity/index.tsx(12,41): error TS2307: Cannot find module '@/widgets/playground-activity-feed' or its corresponding type declarations.
frontend/src/widgets/playground-current-activity/index.tsx(27,5): error TS17004: Cannot use JSX unless the '--jsx' flag is provided.
frontend/src/widgets/playground-current-activity/index.tsx(28,7): error TS17004: Cannot use JSX unless the '--jsx' flag is provided.
frontend/src/widgets/playground-current-activity/index.tsx(29,9): error TS17004: Cannot use JSX unless the '--jsx' flag is provided.
frontend/src/widgets/playground-current-activity/index.tsx(30,11): error TS17004: Cannot use JSX unless the '--jsx' flag is provided.
frontend/src/widgets/playground-current-activity/index.tsx(34,7): error TS17004: Cannot use JSX unless the '--jsx' flag is provided.
frontend/src/widgets/playground-current-activity/index.tsx(36,11): error TS17004: Cannot use JSX unless the '--jsx' flag is provided.
frontend/src/widgets/playground-current-activity/index.tsx(38,15): error TS17004: Cannot use JSX unless the '--jsx' flag is provided.
frontend/src/widgets/playground-current-activity/index.tsx(39,17): error TS17004: Cannot use JSX unless the '--jsx' flag is provided.
frontend/src/widgets/playground-current-activity/index.tsx(40,19): error TS17004: Cannot use JSX unless the '--jsx' flag is provided.
frontend/src/widgets/playground-current-activity/index.tsx(41,21): error TS17004: Cannot use JSX unless the '--jsx' flag is provided.
frontend/src/widgets/playground-current-activity/index.tsx(42,23): error TS17004: Cannot use JSX unless the '--jsx' flag is provided.
frontend/src/widgets/playground-current-activity/index.tsx(46,23): error TS17004: Cannot use JSX unless the '--jsx' flag is provided.
frontend/src/widgets/playground-current-activity/index.tsx(49,19): error TS17004: Cannot use JSX unless the '--jsx' flag is provided.
frontend/src/widgets/playground-current-activity/index.tsx(50,21): error TS17004: Cannot use JSX unless the '--jsx' flag is provided.
frontend/src/widgets/playground-current-activity/index.tsx(57,11): error TS17004: Cannot use JSX unless the '--jsx' flag is provided.
frontend/src/widgets/playground-details/index.tsx(4,22): error TS2307: Cannot find module '@/shared/ui/card' or its corresponding type declarations.
frontend/src/widgets/playground-details/index.tsx(6,33): error TS2307: Cannot find module '@/entities/playground/model/types' or its corresponding type declarations.
frontend/src/widgets/playground-details/index.tsx(16,23): error TS2307: Cannot find module '@/shared/ui/badge' or its corresponding type declarations.
frontend/src/widgets/playground-details/index.tsx(17,24): error TS2307: Cannot find module '@/shared/ui/button' or its corresponding type declarations.
frontend/src/widgets/playground-details/index.tsx(18,26): error TS2307: Cannot find module '@/shared/hooks/use-toast' or its corresponding type declarations.
frontend/src/widgets/playground-details/index.tsx(19,41): error TS2307: Cannot find module '@/widgets/playground-check-in-dialog' or its corresponding type declarations.
frontend/src/widgets/playground-details/index.tsx(20,28): error TS2307: Cannot find module '@/shared/lib/session/client' or its corresponding type declarations.
frontend/src/widgets/playground-details/index.tsx(21,58): error TS2307: Cannot find module '@/shared/ui/tabs' or its corresponding type declarations.
frontend/src/widgets/playground-details/index.tsx(22,24): error TS2307: Cannot find module '@/app/providers/lfg-provider' or its corresponding type declarations.
frontend/src/widgets/playground-details/index.tsx(26,8): error TS2307: Cannot find module '@/widgets/plan-game-dialog' or its corresponding type declarations.
frontend/src/widgets/playground-details/index.tsx(27,35): error TS2307: Cannot find module '@/widgets/playground-info-tab' or its corresponding type declarations.
frontend/src/widgets/playground-details/index.tsx(28,39): error TS2307: Cannot find module '@/widgets/playground-activity-tab' or its corresponding type declarations.
frontend/src/widgets/playground-details/index.tsx(29,38): error TS2307: Cannot find module '@/widgets/playground-reviews-tab' or its corresponding type declarations.
frontend/src/widgets/playground-details/index.tsx(30,42): error TS2307: Cannot find module '@/widgets/playground-leaderboard-tab' or its corresponding type declarations.
frontend/src/widgets/playground-details/index.tsx(31,36): error TS2307: Cannot find module '@/widgets/playground-media-tab' or its corresponding type declarations.
frontend/src/widgets/playground-details/index.tsx(32,39): error TS2307: Cannot find module '@/widgets/playground-schedule-tab' or its corresponding type declarations.
frontend/src/widgets/playground-details/index.tsx(33,45): error TS2307: Cannot find module '@/widgets/report-playground-issue-dialog' or its corresponding type declarations.
frontend/src/widgets/playground-details/index.tsx(37,8): error TS2307: Cannot find module '@/entities/playground/api/activity' or its corresponding type declarations.
frontend/src/widgets/playground-details/index.tsx(43,8): error TS2307: Cannot find module '@/entities/playground/api/reviews' or its corresponding type declarations.
frontend/src/widgets/playground-details/index.tsx(44,48): error TS2307: Cannot find module '@/entities/playground/api/condition' or its corresponding type declarations.
frontend/src/widgets/playground-details/index.tsx(45,31): error TS2307: Cannot find module '@/entities/lfg/model/types' or its corresponding type declarations.
frontend/src/widgets/playground-details/index.tsx(46,39): error TS2307: Cannot find module '@/entities/playground/api/schedule' or its corresponding type declarations.
frontend/src/widgets/playground-details/index.tsx(47,39): error TS2307: Cannot find module '@/entities/playground/api/report' or its corresponding type declarations.
frontend/src/widgets/playground-details/index.tsx(48,31): error TS2307: Cannot find module '@/entities/feed/model/types' or its corresponding type declarations.
frontend/src/widgets/playground-details/index.tsx(246,5): error TS17004: Cannot use JSX unless the '--jsx' flag is provided.
frontend/src/widgets/playground-details/index.tsx(247,7): error TS17004: Cannot use JSX unless the '--jsx' flag is provided.
frontend/src/widgets/playground-details/index.tsx(248,9): error TS17004: Cannot use JSX unless the '--jsx' flag is provided.
frontend/src/widgets/playground-details/index.tsx(249,11): error TS17004: Cannot use JSX unless the '--jsx' flag is provided.
frontend/src/widgets/playground-details/index.tsx(250,13): error TS17004: Cannot use JSX unless the '--jsx' flag is provided.
frontend/src/widgets/playground-details/index.tsx(257,13): error TS17004: Cannot use JSX unless the '--jsx' flag is provided.
frontend/src/widgets/playground-details/index.tsx(258,13): error TS17004: Cannot use JSX unless the '--jsx' flag is provided.
frontend/src/widgets/playground-details/index.tsx(259,15): error TS17004: Cannot use JSX unless the '--jsx' flag is provided.
frontend/src/widgets/playground-details/index.tsx(260,15): error TS17004: Cannot use JSX unless the '--jsx' flag is provided.
frontend/src/widgets/playground-details/index.tsx(263,15): error TS17004: Cannot use JSX unless the '--jsx' flag is provided.
frontend/src/widgets/playground-details/index.tsx(264,17): error TS17004: Cannot use JSX unless the '--jsx' flag is provided.
frontend/src/widgets/playground-details/index.tsx(267,13): error TS17004: Cannot use JSX unless the '--jsx' flag is provided.
frontend/src/widgets/playground-details/index.tsx(268,15): error TS17004: Cannot use JSX unless the '--jsx' flag is provided.
frontend/src/widgets/playground-details/index.tsx(272,17): error TS17004: Cannot use JSX unless the '--jsx' flag is provided.
frontend/src/widgets/playground-details/index.tsx(275,15): error TS17004: Cannot use JSX unless the '--jsx' flag is provided.
frontend/src/widgets/playground-details/index.tsx(276,17): error TS17004: Cannot use JSX unless the '--jsx' flag is provided.
frontend/src/widgets/playground-details/index.tsx(283,9): error TS17004: Cannot use JSX unless the '--jsx' flag is provided.
frontend/src/widgets/playground-details/index.tsx(284,11): error TS17004: Cannot use JSX unless the '--jsx' flag is provided.
frontend/src/widgets/playground-details/index.tsx(285,13): error TS17004: Cannot use JSX unless the '--jsx' flag is provided.
frontend/src/widgets/playground-details/index.tsx(286,15): error TS17004: Cannot use JSX unless the '--jsx' flag is provided.
frontend/src/widgets/playground-details/index.tsx(289,13): error TS17004: Cannot use JSX unless the '--jsx' flag is provided.
frontend/src/widgets/playground-details/index.tsx(290,13): error TS17004: Cannot use JSX unless the '--jsx' flag is provided.
frontend/src/widgets/playground-details/index.tsx(291,15): error TS17004: Cannot use JSX unless the '--jsx' flag is provided.
frontend/src/widgets/playground-details/index.tsx(294,13): error TS17004: Cannot use JSX unless the '--jsx' flag is provided.
frontend/src/widgets/playground-details/index.tsx(295,15): error TS17004: Cannot use JSX unless the '--jsx' flag is provided.
frontend/src/widgets/playground-details/index.tsx(298,13): error TS17004: Cannot use JSX unless the '--jsx' flag is provided.
frontend/src/widgets/playground-details/index.tsx(299,15): error TS17004: Cannot use JSX unless the '--jsx' flag is provided.
frontend/src/widgets/playground-details/index.tsx(302,13): error TS17004: Cannot use JSX unless the '--jsx' flag is provided.
frontend/src/widgets/playground-details/index.tsx(303,15): error TS17004: Cannot use JSX unless the '--jsx' flag is provided.
frontend/src/widgets/playground-details/index.tsx(307,11): error TS17004: Cannot use JSX unless the '--jsx' flag is provided.
frontend/src/widgets/playground-details/index.tsx(308,13): error TS17004: Cannot use JSX unless the '--jsx' flag is provided.
frontend/src/widgets/playground-details/index.tsx(313,11): error TS17004: Cannot use JSX unless the '--jsx' flag is provided.
frontend/src/widgets/playground-details/index.tsx(314,13): error TS17004: Cannot use JSX unless the '--jsx' flag is provided.
frontend/src/widgets/playground-details/index.tsx(320,11): error TS17004: Cannot use JSX unless the '--jsx' flag is provided.
frontend/src/widgets/playground-details/index.tsx(321,13): error TS17004: Cannot use JSX unless the '--jsx' flag is provided.
frontend/src/widgets/playground-details/index.tsx(329,11): error TS17004: Cannot use JSX unless the '--jsx' flag is provided.
frontend/src/widgets/playground-details/index.tsx(330,13): error TS17004: Cannot use JSX unless the '--jsx' flag is provided.
frontend/src/widgets/playground-details/index.tsx(335,11): error TS17004: Cannot use JSX unless the '--jsx' flag is provided.
frontend/src/widgets/playground-details/index.tsx(336,13): error TS17004: Cannot use JSX unless the '--jsx' flag is provided.
frontend/src/widgets/playground-details/index.tsx(338,11): error TS17004: Cannot use JSX unless the '--jsx' flag is provided.
frontend/src/widgets/playground-details/index.tsx(339,13): error TS17004: Cannot use JSX unless the '--jsx' flag is provided.
frontend/src/widgets/playground-details/index.tsx(344,7): error TS17004: Cannot use JSX unless the '--jsx' flag is provided.
frontend/src/widgets/playground-details/index.tsx(350,7): error TS17004: Cannot use JSX unless the '--jsx' flag is provided.
frontend/src/widgets/playground-details/index.tsx(357,7): error TS17004: Cannot use JSX unless the '--jsx' flag is provided.
frontend/src/widgets/playground-finder/index.tsx(11,8): error TS2307: Cannot find module '@/shared/ui/card' or its corresponding type declarations.
frontend/src/widgets/playground-finder/index.tsx(12,24): error TS2307: Cannot find module '@/shared/ui/button' or its corresponding type declarations.
frontend/src/widgets/playground-finder/index.tsx(13,26): error TS2307: Cannot find module '@/shared/ui/textarea' or its corresponding type declarations.
frontend/src/widgets/playground-finder/index.tsx(14,28): error TS2307: Cannot find module '@/shared/api/genkit/flows/find-venues-flow' or its corresponding type declarations.
frontend/src/widgets/playground-finder/index.tsx(16,53): error TS2307: Cannot find module '@/shared/ui/alert' or its corresponding type declarations.
frontend/src/widgets/playground-finder/index.tsx(17,26): error TS2307: Cannot find module '@/shared/hooks/use-toast' or its corresponding type declarations.
frontend/src/widgets/playground-finder/index.tsx(18,26): error TS2307: Cannot find module '@/shared/ui/skeleton' or its corresponding type declarations.
frontend/src/widgets/playground-finder/index.tsx(19,32): error TS2307: Cannot find module '@/widgets/playground-card' or its corresponding type declarations.
frontend/src/widgets/playground-finder/index.tsx(20,33): error TS2307: Cannot find module '@/entities/playground/model/types' or its corresponding type declarations.
frontend/src/widgets/playground-finder/index.tsx(67,5): error TS17004: Cannot use JSX unless the '--jsx' flag is provided.
frontend/src/widgets/playground-finder/index.tsx(68,7): error TS17004: Cannot use JSX unless the '--jsx' flag is provided.
frontend/src/widgets/playground-finder/index.tsx(69,9): error TS17004: Cannot use JSX unless the '--jsx' flag is provided.
frontend/src/widgets/playground-finder/index.tsx(70,9): error TS17004: Cannot use JSX unless the '--jsx' flag is provided.
frontend/src/widgets/playground-finder/index.tsx(72,13): error TS17004: Cannot use JSX unless the '--jsx' flag is provided.
frontend/src/widgets/playground-finder/index.tsx(80,5): error TS17004: Cannot use JSX unless the '--jsx' flag is provided.
frontend/src/widgets/playground-finder/index.tsx(81,7): error TS17004: Cannot use JSX unless the '--jsx' flag is provided.
frontend/src/widgets/playground-finder/index.tsx(82,9): error TS17004: Cannot use JSX unless the '--jsx' flag is provided.
frontend/src/widgets/playground-finder/index.tsx(83,11): error TS17004: Cannot use JSX unless the '--jsx' flag is provided.
frontend/src/widgets/playground-finder/index.tsx(84,13): error TS17004: Cannot use JSX unless the '--jsx' flag is provided.
frontend/src/widgets/playground-finder/index.tsx(86,11): error TS17004: Cannot use JSX unless the '--jsx' flag is provided.
frontend/src/widgets/playground-finder/index.tsx(91,9): error TS17004: Cannot use JSX unless the '--jsx' flag is provided.
frontend/src/widgets/playground-finder/index.tsx(92,11): error TS17004: Cannot use JSX unless the '--jsx' flag is provided.
frontend/src/widgets/playground-finder/index.tsx(100,13): error TS17004: Cannot use JSX unless the '--jsx' flag is provided.
frontend/src/widgets/playground-finder/index.tsx(101,15): error TS17004: Cannot use JSX unless the '--jsx' flag is provided.
frontend/src/widgets/playground-finder/index.tsx(102,15): error TS17004: Cannot use JSX unless the '--jsx' flag is provided.
frontend/src/widgets/playground-finder/index.tsx(106,9): error TS17004: Cannot use JSX unless the '--jsx' flag is provided.
frontend/src/widgets/playground-finder/index.tsx(107,11): error TS17004: Cannot use JSX unless the '--jsx' flag is provided.
frontend/src/widgets/playground-finder/index.tsx(109,15): error TS17004: Cannot use JSX unless the '--jsx' flag is provided.
frontend/src/widgets/playground-finder/index.tsx(111,15): error TS17004: Cannot use JSX unless the '--jsx' flag is provided.
frontend/src/widgets/playground-finder/index.tsx(118,7): error TS17004: Cannot use JSX unless the '--jsx' flag is provided.
frontend/src/widgets/playground-finder/index.tsx(122,11): error TS17004: Cannot use JSX unless the '--jsx' flag is provided.
frontend/src/widgets/playground-finder/index.tsx(123,13): error TS17004: Cannot use JSX unless the '--jsx' flag is provided.
frontend/src/widgets/playground-finder/index.tsx(124,13): error TS17004: Cannot use JSX unless the '--jsx' flag is provided.
frontend/src/widgets/playground-finder/index.tsx(125,13): error TS17004: Cannot use JSX unless the '--jsx' flag is provided.
frontend/src/widgets/playground-finder/index.tsx(130,11): error TS17004: Cannot use JSX unless the '--jsx' flag is provided.
frontend/src/widgets/playground-finder/index.tsx(135,17): error TS17004: Cannot use JSX unless the '--jsx' flag is provided.
frontend/src/widgets/playground-finder/index.tsx(149,13): error TS17004: Cannot use JSX unless the '--jsx' flag is provided.
frontend/src/widgets/playground-finder/index.tsx(150,15): error TS17004: Cannot use JSX unless the '--jsx' flag is provided.
frontend/src/widgets/playground-home-team/index.tsx(10,8): error TS2307: Cannot find module '@/shared/ui/card' or its corresponding type declarations.
frontend/src/widgets/playground-home-team/index.tsx(11,53): error TS2307: Cannot find module '@/shared/ui/avatar' or its corresponding type declarations.
frontend/src/widgets/playground-home-team/index.tsx(12,24): error TS2307: Cannot find module '@/shared/ui/button' or its corresponding type declarations.
frontend/src/widgets/playground-home-team/index.tsx(15,26): error TS2307: Cannot find module '@/shared/ui/skeleton' or its corresponding type declarations.
frontend/src/widgets/playground-home-team/index.tsx(21,8): error TS2307: Cannot find module '@/shared/ui/tooltip' or its corresponding type declarations.
frontend/src/widgets/playground-home-team/index.tsx(22,31): error TS2307: Cannot find module '@/entities/playground/model/types' or its corresponding type declarations.
frontend/src/widgets/playground-home-team/index.tsx(49,7): error TS17004: Cannot use JSX unless the '--jsx' flag is provided.
frontend/src/widgets/playground-home-team/index.tsx(50,9): error TS17004: Cannot use JSX unless the '--jsx' flag is provided.
frontend/src/widgets/playground-home-team/index.tsx(51,11): error TS17004: Cannot use JSX unless the '--jsx' flag is provided.
frontend/src/widgets/playground-home-team/index.tsx(53,9): error TS17004: Cannot use JSX unless the '--jsx' flag is provided.
frontend/src/widgets/playground-home-team/index.tsx(54,11): error TS17004: Cannot use JSX unless the '--jsx' flag is provided.
frontend/src/widgets/playground-home-team/index.tsx(55,11): error TS17004: Cannot use JSX unless the '--jsx' flag is provided.
frontend/src/widgets/playground-home-team/index.tsx(56,13): error TS17004: Cannot use JSX unless the '--jsx' flag is provided.
frontend/src/widgets/playground-home-team/index.tsx(57,13): error TS17004: Cannot use JSX unless the '--jsx' flag is provided.
frontend/src/widgets/playground-home-team/index.tsx(60,9): error TS17004: Cannot use JSX unless the '--jsx' flag is provided.
frontend/src/widgets/playground-home-team/index.tsx(61,11): error TS17004: Cannot use JSX unless the '--jsx' flag is provided.
frontend/src/widgets/playground-home-team/index.tsx(69,7): error TS17004: Cannot use JSX unless the '--jsx' flag is provided.
frontend/src/widgets/playground-home-team/index.tsx(70,9): error TS17004: Cannot use JSX unless the '--jsx' flag is provided.
frontend/src/widgets/playground-home-team/index.tsx(71,11): error TS17004: Cannot use JSX unless the '--jsx' flag is provided.
frontend/src/widgets/playground-home-team/index.tsx(72,13): error TS17004: Cannot use JSX unless the '--jsx' flag is provided.
frontend/src/widgets/playground-home-team/index.tsx(75,9): error TS17004: Cannot use JSX unless the '--jsx' flag is provided.
frontend/src/widgets/playground-home-team/index.tsx(76,11): error TS17004: Cannot use JSX unless the '--jsx' flag is provided.
frontend/src/widgets/playground-home-team/index.tsx(88,5): error TS17004: Cannot use JSX unless the '--jsx' flag is provided.
frontend/src/widgets/playground-home-team/index.tsx(89,7): error TS17004: Cannot use JSX unless the '--jsx' flag is provided.
frontend/src/widgets/playground-home-team/index.tsx(90,9): error TS17004: Cannot use JSX unless the '--jsx' flag is provided.
frontend/src/widgets/playground-home-team/index.tsx(91,11): error TS17004: Cannot use JSX unless the '--jsx' flag is provided.
frontend/src/widgets/playground-home-team/index.tsx(93,9): error TS17004: Cannot use JSX unless the '--jsx' flag is provided.
frontend/src/widgets/playground-home-team/index.tsx(97,7): error TS17004: Cannot use JSX unless the '--jsx' flag is provided.
frontend/src/widgets/playground-home-team/index.tsx(98,9): error TS17004: Cannot use JSX unless the '--jsx' flag is provided.
frontend/src/widgets/playground-home-team/index.tsx(99,11): error TS17004: Cannot use JSX unless the '--jsx' flag is provided.
frontend/src/widgets/playground-home-team/index.tsx(100,13): error TS17004: Cannot use JSX unless the '--jsx' flag is provided.
frontend/src/widgets/playground-home-team/index.tsx(101,15): error TS17004: Cannot use JSX unless the '--jsx' flag is provided.
frontend/src/widgets/playground-home-team/index.tsx(102,17): error TS17004: Cannot use JSX unless the '--jsx' flag is provided.
frontend/src/widgets/playground-home-team/index.tsx(103,19): error TS17004: Cannot use JSX unless the '--jsx' flag is provided.
frontend/src/widgets/playground-home-team/index.tsx(104,21): error TS17004: Cannot use JSX unless the '--jsx' flag is provided.
frontend/src/widgets/playground-home-team/index.tsx(109,21): error TS17004: Cannot use JSX unless the '--jsx' flag is provided.
frontend/src/widgets/playground-home-team/index.tsx(113,19): error TS17004: Cannot use JSX unless the '--jsx' flag is provided.
frontend/src/widgets/playground-home-team/index.tsx(114,21): error TS17004: Cannot use JSX unless the '--jsx' flag is provided.
frontend/src/widgets/playground-home-team/index.tsx(118,15): error TS17004: Cannot use JSX unless the '--jsx' flag is provided.
frontend/src/widgets/playground-home-team/index.tsx(119,17): error TS17004: Cannot use JSX unless the '--jsx' flag is provided.
frontend/src/widgets/playground-home-team/index.tsx(124,9): error TS17004: Cannot use JSX unless the '--jsx' flag is provided.
frontend/src/widgets/playground-home-team/index.tsx(125,11): error TS17004: Cannot use JSX unless the '--jsx' flag is provided.
frontend/src/widgets/playground-home-team/index.tsx(126,13): error TS17004: Cannot use JSX unless the '--jsx' flag is provided.
frontend/src/widgets/playground-home-team/index.tsx(130,11): error TS17004: Cannot use JSX unless the '--jsx' flag is provided.
frontend/src/widgets/playground-home-team/index.tsx(133,7): error TS17004: Cannot use JSX unless the '--jsx' flag is provided.
frontend/src/widgets/playground-home-team/index.tsx(134,9): error TS17004: Cannot use JSX unless the '--jsx' flag is provided.
frontend/src/widgets/playground-home-team/index.tsx(135,11): error TS17004: Cannot use JSX unless the '--jsx' flag is provided.
frontend/src/widgets/playground-info-tab/index.tsx(8,8): error TS2307: Cannot find module '@/shared/ui/card' or its corresponding type declarations.
frontend/src/widgets/playground-info-tab/index.tsx(9,23): error TS2307: Cannot find module '@/shared/ui/badge' or its corresponding type declarations.
frontend/src/widgets/playground-info-tab/index.tsx(10,33): error TS2307: Cannot find module '@/entities/playground/model/types' or its corresponding type declarations.
frontend/src/widgets/playground-info-tab/index.tsx(12,38): error TS2307: Cannot find module '@/widgets/ai-playground-analysis' or its corresponding type declarations.
frontend/src/widgets/playground-info-tab/index.tsx(13,44): error TS2307: Cannot find module '@/widgets/playground-workout-generator' or its corresponding type declarations.
frontend/src/widgets/playground-info-tab/index.tsx(14,36): error TS2307: Cannot find module '@/widgets/ai-playground-tactic' or its corresponding type declarations.
frontend/src/widgets/playground-info-tab/index.tsx(15,34): error TS2307: Cannot find module '@/widgets/ai-playground-lore' or its corresponding type declarations.
frontend/src/widgets/playground-info-tab/index.tsx(16,43): error TS2307: Cannot find module '@/widgets/playground-condition-status' or its corresponding type declarations.
frontend/src/widgets/playground-info-tab/index.tsx(17,48): error TS2307: Cannot find module '@/entities/playground/api/condition' or its corresponding type declarations.
frontend/src/widgets/playground-info-tab/index.tsx(18,37): error TS2307: Cannot find module '@/widgets/ai-playground-summary' or its corresponding type declarations.
frontend/src/widgets/playground-info-tab/index.tsx(19,38): error TS2307: Cannot find module '@/widgets/playground-home-team' or its corresponding type declarations.
frontend/src/widgets/playground-info-tab/index.tsx(40,5): error TS17004: Cannot use JSX unless the '--jsx' flag is provided.
frontend/src/widgets/playground-info-tab/index.tsx(41,7): error TS17004: Cannot use JSX unless the '--jsx' flag is provided.
frontend/src/widgets/playground-info-tab/index.tsx(42,9): error TS17004: Cannot use JSX unless the '--jsx' flag is provided.
frontend/src/widgets/playground-info-tab/index.tsx(46,9): error TS17004: Cannot use JSX unless the '--jsx' flag is provided.
frontend/src/widgets/playground-info-tab/index.tsx(47,9): error TS17004: Cannot use JSX unless the '--jsx' flag is provided.
frontend/src/widgets/playground-info-tab/index.tsx(48,9): error TS17004: Cannot use JSX unless the '--jsx' flag is provided.
frontend/src/widgets/playground-info-tab/index.tsx(50,7): error TS17004: Cannot use JSX unless the '--jsx' flag is provided.
frontend/src/widgets/playground-info-tab/index.tsx(51,9): error TS17004: Cannot use JSX unless the '--jsx' flag is provided.
frontend/src/widgets/playground-info-tab/index.tsx(55,9): error TS17004: Cannot use JSX unless the '--jsx' flag is provided.
frontend/src/widgets/playground-info-tab/index.tsx(56,11): error TS17004: Cannot use JSX unless the '--jsx' flag is provided.
frontend/src/widgets/playground-info-tab/index.tsx(57,13): error TS17004: Cannot use JSX unless the '--jsx' flag is provided.
frontend/src/widgets/playground-info-tab/index.tsx(58,13): error TS17004: Cannot use JSX unless the '--jsx' flag is provided.
frontend/src/widgets/playground-info-tab/index.tsx(60,11): error TS17004: Cannot use JSX unless the '--jsx' flag is provided.
frontend/src/widgets/playground-info-tab/index.tsx(61,13): error TS17004: Cannot use JSX unless the '--jsx' flag is provided.
frontend/src/widgets/playground-info-tab/index.tsx(62,15): error TS17004: Cannot use JSX unless the '--jsx' flag is provided.
frontend/src/widgets/playground-info-tab/index.tsx(63,15): error TS17004: Cannot use JSX unless the '--jsx' flag is provided.
frontend/src/widgets/playground-info-tab/index.tsx(65,13): error TS17004: Cannot use JSX unless the '--jsx' flag is provided.
frontend/src/widgets/playground-info-tab/index.tsx(66,15): error TS17004: Cannot use JSX unless the '--jsx' flag is provided.
frontend/src/widgets/playground-info-tab/index.tsx(67,15): error TS17004: Cannot use JSX unless the '--jsx' flag is provided.
frontend/src/widgets/playground-info-tab/index.tsx(68,17): error TS17004: Cannot use JSX unless the '--jsx' flag is provided.
frontend/src/widgets/playground-info-tab/index.tsx(69,17): error TS17004: Cannot use JSX unless the '--jsx' flag is provided.
frontend/src/widgets/playground-info-tab/index.tsx(74,13): error TS17004: Cannot use JSX unless the '--jsx' flag is provided.
frontend/src/widgets/playground-info-tab/index.tsx(75,15): error TS17004: Cannot use JSX unless the '--jsx' flag is provided.
frontend/src/widgets/playground-info-tab/index.tsx(76,15): error TS17004: Cannot use JSX unless the '--jsx' flag is provided.
frontend/src/widgets/playground-info-tab/index.tsx(77,17): error TS17004: Cannot use JSX unless the '--jsx' flag is provided.
frontend/src/widgets/playground-info-tab/index.tsx(78,17): error TS17004: Cannot use JSX unless the '--jsx' flag is provided.
frontend/src/widgets/playground-info-tab/index.tsx(80,21): error TS17004: Cannot use JSX unless the '--jsx' flag is provided.
frontend/src/widgets/playground-info-tab/index.tsx(89,23): error TS17004: Cannot use JSX unless the '--jsx' flag is provided.
frontend/src/widgets/playground-info-tab/index.tsx(90,25): error TS17004: Cannot use JSX unless the '--jsx' flag is provided.
frontend/src/widgets/playground-leaderboard-tab/index.tsx(3,39): error TS2307: Cannot find module '@/widgets/playground-leaderboard' or its corresponding type declarations.
frontend/src/widgets/playground-leaderboard-tab/index.tsx(4,39): error TS2307: Cannot find module '@/widgets/ai-playground-challenge' or its corresponding type declarations.
frontend/src/widgets/playground-leaderboard-tab/index.tsx(5,33): error TS2307: Cannot find module '@/entities/playground/model/types' or its corresponding type declarations.
frontend/src/widgets/playground-leaderboard-tab/index.tsx(13,5): error TS17004: Cannot use JSX unless the '--jsx' flag is provided.
frontend/src/widgets/playground-leaderboard-tab/index.tsx(14,7): error TS17004: Cannot use JSX unless the '--jsx' flag is provided.
frontend/src/widgets/playground-leaderboard-tab/index.tsx(15,7): error TS17004: Cannot use JSX unless the '--jsx' flag is provided.
frontend/src/widgets/playground-leaderboard/index.tsx(10,8): error TS2307: Cannot find module '@/shared/ui/card' or its corresponding type declarations.
frontend/src/widgets/playground-leaderboard/index.tsx(18,8): error TS2307: Cannot find module '@/shared/ui/table' or its corresponding type declarations.
frontend/src/widgets/playground-leaderboard/index.tsx(19,53): error TS2307: Cannot find module '@/shared/ui/avatar' or its corresponding type declarations.
frontend/src/widgets/playground-leaderboard/index.tsx(24,8): error TS2307: Cannot find module '@/entities/playground/api/leaderboard' or its corresponding type declarations.
frontend/src/widgets/playground-leaderboard/index.tsx(25,26): error TS2307: Cannot find module '@/shared/ui/skeleton' or its corresponding type declarations.
frontend/src/widgets/playground-leaderboard/index.tsx(50,5): error TS17004: Cannot use JSX unless the '--jsx' flag is provided.
frontend/src/widgets/playground-leaderboard/index.tsx(51,7): error TS17004: Cannot use JSX unless the '--jsx' flag is provided.
frontend/src/widgets/playground-leaderboard/index.tsx(52,9): error TS17004: Cannot use JSX unless the '--jsx' flag is provided.
frontend/src/widgets/playground-leaderboard/index.tsx(53,11): error TS17004: Cannot use JSX unless the '--jsx' flag is provided.
frontend/src/widgets/playground-leaderboard/index.tsx(56,9): error TS17004: Cannot use JSX unless the '--jsx' flag is provided.
frontend/src/widgets/playground-leaderboard/index.tsx(60,7): error TS17004: Cannot use JSX unless the '--jsx' flag is provided.
frontend/src/widgets/playground-leaderboard/index.tsx(62,11): error TS17004: Cannot use JSX unless the '--jsx' flag is provided.
frontend/src/widgets/playground-leaderboard/index.tsx(63,13): error TS17004: Cannot use JSX unless the '--jsx' flag is provided.
frontend/src/widgets/playground-leaderboard/index.tsx(64,13): error TS17004: Cannot use JSX unless the '--jsx' flag is provided.
frontend/src/widgets/playground-leaderboard/index.tsx(65,13): error TS17004: Cannot use JSX unless the '--jsx' flag is provided.
frontend/src/widgets/playground-leaderboard/index.tsx(68,11): error TS17004: Cannot use JSX unless the '--jsx' flag is provided.
frontend/src/widgets/playground-leaderboard/index.tsx(69,13): error TS17004: Cannot use JSX unless the '--jsx' flag is provided.
frontend/src/widgets/playground-leaderboard/index.tsx(70,15): error TS17004: Cannot use JSX unless the '--jsx' flag is provided.
frontend/src/widgets/playground-leaderboard/index.tsx(71,17): error TS17004: Cannot use JSX unless the '--jsx' flag is provided.
frontend/src/widgets/playground-leaderboard/index.tsx(72,17): error TS17004: Cannot use JSX unless the '--jsx' flag is provided.
frontend/src/widgets/playground-leaderboard/index.tsx(73,17): error TS17004: Cannot use JSX unless the '--jsx' flag is provided.
frontend/src/widgets/playground-leaderboard/index.tsx(76,13): error TS17004: Cannot use JSX unless the '--jsx' flag is provided.
frontend/src/widgets/playground-leaderboard/index.tsx(78,17): error TS17004: Cannot use JSX unless the '--jsx' flag is provided.
frontend/src/widgets/playground-leaderboard/index.tsx(79,19): error TS17004: Cannot use JSX unless the '--jsx' flag is provided.
frontend/src/widgets/playground-leaderboard/index.tsx(82,19): error TS17004: Cannot use JSX unless the '--jsx' flag is provided.
frontend/src/widgets/playground-leaderboard/index.tsx(83,21): error TS17004: Cannot use JSX unless the '--jsx' flag is provided.
frontend/src/widgets/playground-leaderboard/index.tsx(84,23): error TS17004: Cannot use JSX unless the '--jsx' flag is provided.
frontend/src/widgets/playground-leaderboard/index.tsx(85,25): error TS17004: Cannot use JSX unless the '--jsx' flag is provided.
frontend/src/widgets/playground-leaderboard/index.tsx(89,25): error TS17004: Cannot use JSX unless the '--jsx' flag is provided.
frontend/src/widgets/playground-leaderboard/index.tsx(91,23): error TS17004: Cannot use JSX unless the '--jsx' flag is provided.
frontend/src/widgets/playground-leaderboard/index.tsx(94,19): error TS17004: Cannot use JSX unless the '--jsx' flag is provided.
frontend/src/widgets/playground-leaderboard/index.tsx(95,21): error TS17004: Cannot use JSX unless the '--jsx' flag is provided.
frontend/src/widgets/playground-leaderboard/index.tsx(96,23): error TS17004: Cannot use JSX unless the '--jsx' flag is provided.
frontend/src/widgets/playground-leaderboard/index.tsx(105,11): error TS17004: Cannot use JSX unless the '--jsx' flag is provided.
frontend/src/widgets/playground-leaderboard/index.tsx(106,13): error TS17004: Cannot use JSX unless the '--jsx' flag is provided.
frontend/src/widgets/playground-media-tab/index.tsx(10,8): error TS2307: Cannot find module '@/shared/ui/card' or its corresponding type declarations.
frontend/src/widgets/playground-media-tab/index.tsx(12,24): error TS2307: Cannot find module '@/shared/ui/button' or its corresponding type declarations.
frontend/src/widgets/playground-media-tab/index.tsx(14,40): error TS2307: Cannot find module '@/widgets/playground-upload-dialog' or its corresponding type declarations.
frontend/src/widgets/playground-media-tab/index.tsx(31,5): error TS17004: Cannot use JSX unless the '--jsx' flag is provided.
frontend/src/widgets/playground-media-tab/index.tsx(32,7): error TS17004: Cannot use JSX unless the '--jsx' flag is provided.
frontend/src/widgets/playground-media-tab/index.tsx(33,9): error TS17004: Cannot use JSX unless the '--jsx' flag is provided.
frontend/src/widgets/playground-media-tab/index.tsx(34,11): error TS17004: Cannot use JSX unless the '--jsx' flag is provided.
frontend/src/widgets/playground-media-tab/index.tsx(35,13): error TS17004: Cannot use JSX unless the '--jsx' flag is provided.
frontend/src/widgets/playground-media-tab/index.tsx(36,13): error TS17004: Cannot use JSX unless the '--jsx' flag is provided.
frontend/src/widgets/playground-media-tab/index.tsx(40,11): error TS17004: Cannot use JSX unless the '--jsx' flag is provided.
frontend/src/widgets/playground-media-tab/index.tsx(41,13): error TS17004: Cannot use JSX unless the '--jsx' flag is provided.
frontend/src/widgets/playground-media-tab/index.tsx(45,9): error TS17004: Cannot use JSX unless the '--jsx' flag is provided.
frontend/src/widgets/playground-media-tab/index.tsx(47,13): error TS17004: Cannot use JSX unless the '--jsx' flag is provided.
frontend/src/widgets/playground-media-tab/index.tsx(49,17): error TS17004: Cannot use JSX unless the '--jsx' flag is provided.
frontend/src/widgets/playground-media-tab/index.tsx(53,19): error TS17004: Cannot use JSX unless the '--jsx' flag is provided.
frontend/src/widgets/playground-media-tab/index.tsx(65,13): error TS17004: Cannot use JSX unless the '--jsx' flag is provided.
frontend/src/widgets/playground-media-tab/index.tsx(66,15): error TS17004: Cannot use JSX unless the '--jsx' flag is provided.
frontend/src/widgets/playground-media-tab/index.tsx(69,15): error TS17004: Cannot use JSX unless the '--jsx' flag is provided.
frontend/src/widgets/playground-media-tab/index.tsx(76,7): error TS17004: Cannot use JSX unless the '--jsx' flag is provided.
frontend/src/widgets/playground-overview-tab/actions.ts(3,28): error TS2307: Cannot find module '@/features/auth/session' or its corresponding type declarations.
frontend/src/widgets/playground-overview-tab/actions.ts(4,34): error TS2307: Cannot find module '@/entities/user/api/get-user' or its corresponding type declarations.
frontend/src/widgets/playground-overview-tab/actions.ts(5,59): error TS2307: Cannot find module '@/entities/team/api/teams' or its corresponding type declarations.
frontend/src/widgets/playground-overview-tab/actions.ts(6,29): error TS2307: Cannot find module '@/shared/lib/api-client' or its corresponding type declarations.
frontend/src/widgets/playground-overview-tab/index.tsx(14,8): error TS2307: Cannot find module '@/shared/ui/alert-dialog' or its corresponding type declarations.
frontend/src/widgets/playground-overview-tab/index.tsx(15,24): error TS2307: Cannot find module '@/shared/ui/button' or its corresponding type declarations.
frontend/src/widgets/playground-overview-tab/index.tsx(16,58): error TS2307: Cannot find module '@/shared/ui/card' or its corresponding type declarations.
frontend/src/widgets/playground-overview-tab/index.tsx(17,26): error TS2307: Cannot find module '@/shared/hooks/use-toast' or its corresponding type declarations.
frontend/src/widgets/playground-overview-tab/index.tsx(19,38): error TS2307: Cannot find module '@/widgets/playground-home-team' or its corresponding type declarations.
frontend/src/widgets/playground-overview-tab/index.tsx(20,53): error TS2307: Cannot find module '@/shared/ui/avatar' or its corresponding type declarations.
frontend/src/widgets/playground-overview-tab/index.tsx(22,33): error TS2307: Cannot find module '@/entities/playground/model/types' or its corresponding type declarations.
frontend/src/widgets/playground-overview-tab/index.tsx(23,23): error TS2307: Cannot find module '@/shared/ui/badge' or its corresponding type declarations.
frontend/src/widgets/playground-overview-tab/index.tsx(54,5): error TS17004: Cannot use JSX unless the '--jsx' flag is provided.
frontend/src/widgets/playground-overview-tab/index.tsx(55,7): error TS17004: Cannot use JSX unless the '--jsx' flag is provided.
frontend/src/widgets/playground-overview-tab/index.tsx(56,9): error TS17004: Cannot use JSX unless the '--jsx' flag is provided.
frontend/src/widgets/playground-overview-tab/index.tsx(60,9): error TS17004: Cannot use JSX unless the '--jsx' flag is provided.
frontend/src/widgets/playground-overview-tab/index.tsx(61,11): error TS17004: Cannot use JSX unless the '--jsx' flag is provided.
frontend/src/widgets/playground-overview-tab/index.tsx(62,13): error TS17004: Cannot use JSX unless the '--jsx' flag is provided.
frontend/src/widgets/playground-overview-tab/index.tsx(64,11): error TS17004: Cannot use JSX unless the '--jsx' flag is provided.
frontend/src/widgets/playground-overview-tab/index.tsx(65,13): error TS17004: Cannot use JSX unless the '--jsx' flag is provided.
frontend/src/widgets/playground-overview-tab/index.tsx(66,15): error TS17004: Cannot use JSX unless the '--jsx' flag is provided.
frontend/src/widgets/playground-overview-tab/index.tsx(67,15): error TS17004: Cannot use JSX unless the '--jsx' flag is provided.
frontend/src/widgets/playground-overview-tab/index.tsx(69,13): error TS17004: Cannot use JSX unless the '--jsx' flag is provided.
frontend/src/widgets/playground-overview-tab/index.tsx(70,15): error TS17004: Cannot use JSX unless the '--jsx' flag is provided.
frontend/src/widgets/playground-overview-tab/index.tsx(71,15): error TS17004: Cannot use JSX unless the '--jsx' flag is provided.
frontend/src/widgets/playground-overview-tab/index.tsx(73,17): error TS17004: Cannot use JSX unless the '--jsx' flag is provided.
frontend/src/widgets/playground-overview-tab/index.tsx(76,13): error TS17004: Cannot use JSX unless the '--jsx' flag is provided.
frontend/src/widgets/playground-overview-tab/index.tsx(77,15): error TS17004: Cannot use JSX unless the '--jsx' flag is provided.
frontend/src/widgets/playground-overview-tab/index.tsx(78,15): error TS17004: Cannot use JSX unless the '--jsx' flag is provided.
frontend/src/widgets/playground-overview-tab/index.tsx(80,13): error TS17004: Cannot use JSX unless the '--jsx' flag is provided.
frontend/src/widgets/playground-overview-tab/index.tsx(81,15): error TS17004: Cannot use JSX unless the '--jsx' flag is provided.
frontend/src/widgets/playground-overview-tab/index.tsx(82,15): error TS17004: Cannot use JSX unless the '--jsx' flag is provided.
frontend/src/widgets/playground-overview-tab/index.tsx(84,19): error TS17004: Cannot use JSX unless the '--jsx' flag is provided.
frontend/src/widgets/playground-overview-tab/index.tsx(91,7): error TS17004: Cannot use JSX unless the '--jsx' flag is provided.
frontend/src/widgets/playground-overview-tab/index.tsx(92,9): error TS17004: Cannot use JSX unless the '--jsx' flag is provided.
frontend/src/widgets/playground-overview-tab/index.tsx(93,11): error TS17004: Cannot use JSX unless the '--jsx' flag is provided.
frontend/src/widgets/playground-overview-tab/index.tsx(94,13): error TS17004: Cannot use JSX unless the '--jsx' flag is provided.
frontend/src/widgets/playground-overview-tab/index.tsx(96,11): error TS17004: Cannot use JSX unless the '--jsx' flag is provided.
frontend/src/widgets/playground-overview-tab/index.tsx(97,13): error TS17004: Cannot use JSX unless the '--jsx' flag is provided.
frontend/src/widgets/playground-overview-tab/index.tsx(98,15): error TS17004: Cannot use JSX unless the '--jsx' flag is provided.
frontend/src/widgets/playground-overview-tab/index.tsx(99,15): error TS17004: Cannot use JSX unless the '--jsx' flag is provided.
frontend/src/widgets/playground-overview-tab/index.tsx(100,17): error TS17004: Cannot use JSX unless the '--jsx' flag is provided.
frontend/src/widgets/playground-overview-tab/index.tsx(103,13): error TS17004: Cannot use JSX unless the '--jsx' flag is provided.
frontend/src/widgets/playground-overview-tab/index.tsx(106,9): error TS17004: Cannot use JSX unless the '--jsx' flag is provided.
frontend/src/widgets/playground-overview-tab/index.tsx(107,11): error TS17004: Cannot use JSX unless the '--jsx' flag is provided.
frontend/src/widgets/playground-overview-tab/index.tsx(108,13): error TS17004: Cannot use JSX unless the '--jsx' flag is provided.
frontend/src/widgets/playground-overview-tab/index.tsx(109,15): error TS17004: Cannot use JSX unless the '--jsx' flag is provided.
frontend/src/widgets/playground-overview-tab/index.tsx(110,17): error TS17004: Cannot use JSX unless the '--jsx' flag is provided.
frontend/src/widgets/playground-overview-tab/index.tsx(113,13): error TS17004: Cannot use JSX unless the '--jsx' flag is provided.
frontend/src/widgets/playground-overview-tab/index.tsx(114,15): error TS17004: Cannot use JSX unless the '--jsx' flag is provided.
frontend/src/widgets/playground-overview-tab/index.tsx(115,17): error TS17004: Cannot use JSX unless the '--jsx' flag is provided.
frontend/src/widgets/playground-overview-tab/index.tsx(116,17): error TS17004: Cannot use JSX unless the '--jsx' flag is provided.
frontend/src/widgets/playground-overview-tab/index.tsx(124,15): error TS17004: Cannot use JSX unless the '--jsx' flag is provided.
frontend/src/widgets/playground-overview-tab/index.tsx(125,17): error TS17004: Cannot use JSX unless the '--jsx' flag is provided.
frontend/src/widgets/playground-overview-tab/index.tsx(126,17): error TS17004: Cannot use JSX unless the '--jsx' flag is provided.
frontend/src/widgets/playground-overview-tab/index.tsx(128,21): error TS17004: Cannot use JSX unless the '--jsx' flag is provided.
frontend/src/widgets/playground-review-dialog/index.tsx(4,24): error TS2307: Cannot find module '@/shared/ui/button' or its corresponding type declarations.
frontend/src/widgets/playground-review-dialog/index.tsx(12,8): error TS2307: Cannot find module '@/shared/ui/dialog' or its corresponding type declarations.
frontend/src/widgets/playground-review-dialog/index.tsx(13,26): error TS2307: Cannot find module '@/shared/ui/textarea' or its corresponding type declarations.
frontend/src/widgets/playground-review-dialog/index.tsx(14,23): error TS2307: Cannot find module '@/shared/ui/label' or its corresponding type declarations.
frontend/src/widgets/playground-review-dialog/index.tsx(15,26): error TS2307: Cannot find module '@/shared/hooks/use-toast' or its corresponding type declarations.
frontend/src/widgets/playground-review-dialog/index.tsx(17,20): error TS2307: Cannot find module '@/shared/lib/utils' or its corresponding type declarations.
frontend/src/widgets/playground-review-dialog/index.tsx(18,39): error TS2307: Cannot find module '@/entities/playground/api/reviews' or its corresponding type declarations.
frontend/src/widgets/playground-review-dialog/index.tsx(73,5): error TS17004: Cannot use JSX unless the '--jsx' flag is provided.
frontend/src/widgets/playground-review-dialog/index.tsx(74,7): error TS17004: Cannot use JSX unless the '--jsx' flag is provided.
frontend/src/widgets/playground-review-dialog/index.tsx(75,9): error TS17004: Cannot use JSX unless the '--jsx' flag is provided.
frontend/src/widgets/playground-review-dialog/index.tsx(76,11): error TS17004: Cannot use JSX unless the '--jsx' flag is provided.
frontend/src/widgets/playground-review-dialog/index.tsx(79,11): error TS17004: Cannot use JSX unless the '--jsx' flag is provided.
frontend/src/widgets/playground-review-dialog/index.tsx(83,9): error TS17004: Cannot use JSX unless the '--jsx' flag is provided.
frontend/src/widgets/playground-review-dialog/index.tsx(84,11): error TS17004: Cannot use JSX unless the '--jsx' flag is provided.
frontend/src/widgets/playground-review-dialog/index.tsx(85,13): error TS17004: Cannot use JSX unless the '--jsx' flag is provided.
frontend/src/widgets/playground-review-dialog/index.tsx(86,13): error TS17004: Cannot use JSX unless the '--jsx' flag is provided.
frontend/src/widgets/playground-review-dialog/index.tsx(88,17): error TS17004: Cannot use JSX unless the '--jsx' flag is provided.
frontend/src/widgets/playground-review-dialog/index.tsx(103,11): error TS17004: Cannot use JSX unless the '--jsx' flag is provided.
frontend/src/widgets/playground-review-dialog/index.tsx(104,13): error TS17004: Cannot use JSX unless the '--jsx' flag is provided.
frontend/src/widgets/playground-review-dialog/index.tsx(105,13): error TS17004: Cannot use JSX unless the '--jsx' flag is provided.
frontend/src/widgets/playground-review-dialog/index.tsx(114,9): error TS17004: Cannot use JSX unless the '--jsx' flag is provided.
frontend/src/widgets/playground-review-dialog/index.tsx(115,11): error TS17004: Cannot use JSX unless the '--jsx' flag is provided.
frontend/src/widgets/playground-review-dialog/index.tsx(118,11): error TS17004: Cannot use JSX unless the '--jsx' flag is provided.
frontend/src/widgets/playground-review-dialog/index.tsx(120,15): error TS17004: Cannot use JSX unless the '--jsx' flag is provided.
frontend/src/widgets/playground-review-dialog/index.tsx(122,15): error TS17004: Cannot use JSX unless the '--jsx' flag is provided.
frontend/src/widgets/playground-review-summary/index.tsx(10,8): error TS2307: Cannot find module '@/shared/ui/card' or its corresponding type declarations.
frontend/src/widgets/playground-review-summary/index.tsx(11,53): error TS2307: Cannot find module '@/shared/ui/alert' or its corresponding type declarations.
frontend/src/widgets/playground-review-summary/index.tsx(12,26): error TS2307: Cannot find module '@/shared/ui/skeleton' or its corresponding type declarations.
frontend/src/widgets/playground-review-summary/index.tsx(17,8): error TS2307: Cannot find module '@/entities/playground/api/review-summary' or its corresponding type declarations.
frontend/src/widgets/playground-review-summary/index.tsx(54,7): error TS17004: Cannot use JSX unless the '--jsx' flag is provided.
frontend/src/widgets/playground-review-summary/index.tsx(55,9): error TS17004: Cannot use JSX unless the '--jsx' flag is provided.
frontend/src/widgets/playground-review-summary/index.tsx(56,11): error TS17004: Cannot use JSX unless the '--jsx' flag is provided.
frontend/src/widgets/playground-review-summary/index.tsx(58,9): error TS17004: Cannot use JSX unless the '--jsx' flag is provided.
frontend/src/widgets/playground-review-summary/index.tsx(59,11): error TS17004: Cannot use JSX unless the '--jsx' flag is provided.
frontend/src/widgets/playground-review-summary/index.tsx(60,11): error TS17004: Cannot use JSX unless the '--jsx' flag is provided.
frontend/src/widgets/playground-review-summary/index.tsx(68,7): error TS17004: Cannot use JSX unless the '--jsx' flag is provided.
frontend/src/widgets/playground-review-summary/index.tsx(69,9): error TS17004: Cannot use JSX unless the '--jsx' flag is provided.
frontend/src/widgets/playground-review-summary/index.tsx(70,9): error TS17004: Cannot use JSX unless the '--jsx' flag is provided.
frontend/src/widgets/playground-review-summary/index.tsx(71,9): error TS17004: Cannot use JSX unless the '--jsx' flag is provided.
frontend/src/widgets/playground-review-summary/index.tsx(81,5): error TS17004: Cannot use JSX unless the '--jsx' flag is provided.
frontend/src/widgets/playground-review-summary/index.tsx(82,7): error TS17004: Cannot use JSX unless the '--jsx' flag is provided.
frontend/src/widgets/playground-review-summary/index.tsx(83,9): error TS17004: Cannot use JSX unless the '--jsx' flag is provided.
frontend/src/widgets/playground-review-summary/index.tsx(84,11): error TS17004: Cannot use JSX unless the '--jsx' flag is provided.
frontend/src/widgets/playground-review-summary/index.tsx(87,9): error TS17004: Cannot use JSX unless the '--jsx' flag is provided.
frontend/src/widgets/playground-review-summary/index.tsx(91,7): error TS17004: Cannot use JSX unless the '--jsx' flag is provided.
frontend/src/widgets/playground-review-summary/index.tsx(92,9): error TS17004: Cannot use JSX unless the '--jsx' flag is provided.
frontend/src/widgets/playground-review-summary/index.tsx(93,11): error TS17004: Cannot use JSX unless the '--jsx' flag is provided.
frontend/src/widgets/playground-review-summary/index.tsx(96,11): error TS17004: Cannot use JSX unless the '--jsx' flag is provided.
frontend/src/widgets/playground-review-summary/index.tsx(97,13): error TS17004: Cannot use JSX unless the '--jsx' flag is provided.
frontend/src/widgets/playground-review-summary/index.tsx(98,15): error TS17004: Cannot use JSX unless the '--jsx' flag is provided.
frontend/src/widgets/playground-review-summary/index.tsx(99,17): error TS17004: Cannot use JSX unless the '--jsx' flag is provided.
frontend/src/widgets/playground-review-summary/index.tsx(101,15): error TS17004: Cannot use JSX unless the '--jsx' flag is provided.
frontend/src/widgets/playground-review-summary/index.tsx(103,19): error TS17004: Cannot use JSX unless the '--jsx' flag is provided.
frontend/src/widgets/playground-review-summary/index.tsx(107,13): error TS17004: Cannot use JSX unless the '--jsx' flag is provided.
frontend/src/widgets/playground-review-summary/index.tsx(108,15): error TS17004: Cannot use JSX unless the '--jsx' flag is provided.
frontend/src/widgets/playground-review-summary/index.tsx(109,17): error TS17004: Cannot use JSX unless the '--jsx' flag is provided.
frontend/src/widgets/playground-review-summary/index.tsx(111,15): error TS17004: Cannot use JSX unless the '--jsx' flag is provided.
frontend/src/widgets/playground-review-summary/index.tsx(113,19): error TS17004: Cannot use JSX unless the '--jsx' flag is provided.
frontend/src/widgets/playground-reviews-feed/index.tsx(9,8): error TS2307: Cannot find module '@/shared/ui/card' or its corresponding type declarations.
frontend/src/widgets/playground-reviews-feed/index.tsx(10,53): error TS2307: Cannot find module '@/shared/ui/avatar' or its corresponding type declarations.
frontend/src/widgets/playground-reviews-feed/index.tsx(11,39): error TS2307: Cannot find module '@/entities/playground/model/types' or its corresponding type declarations.
frontend/src/widgets/playground-reviews-feed/index.tsx(13,28): error TS2307: Cannot find module '@/shared/ui/scroll-area' or its corresponding type declarations.
frontend/src/widgets/playground-reviews-feed/index.tsx(14,20): error TS2307: Cannot find module '@/shared/lib/utils' or its corresponding type declarations.
frontend/src/widgets/playground-reviews-feed/index.tsx(15,24): error TS2307: Cannot find module '@/shared/ui/button' or its corresponding type declarations.
frontend/src/widgets/playground-reviews-feed/index.tsx(23,3): error TS17004: Cannot use JSX unless the '--jsx' flag is provided.
frontend/src/widgets/playground-reviews-feed/index.tsx(25,7): error TS17004: Cannot use JSX unless the '--jsx' flag is provided.
frontend/src/widgets/playground-reviews-feed/index.tsx(44,7): error TS17004: Cannot use JSX unless the '--jsx' flag is provided.
frontend/src/widgets/playground-reviews-feed/index.tsx(45,9): error TS17004: Cannot use JSX unless the '--jsx' flag is provided.
frontend/src/widgets/playground-reviews-feed/index.tsx(46,11): error TS17004: Cannot use JSX unless the '--jsx' flag is provided.
frontend/src/widgets/playground-reviews-feed/index.tsx(48,9): error TS17004: Cannot use JSX unless the '--jsx' flag is provided.
frontend/src/widgets/playground-reviews-feed/index.tsx(49,11): error TS17004: Cannot use JSX unless the '--jsx' flag is provided.
frontend/src/widgets/playground-reviews-feed/index.tsx(50,13): error TS17004: Cannot use JSX unless the '--jsx' flag is provided.
frontend/src/widgets/playground-reviews-feed/index.tsx(51,13): error TS17004: Cannot use JSX unless the '--jsx' flag is provided.
frontend/src/widgets/playground-reviews-feed/index.tsx(60,5): error TS17004: Cannot use JSX unless the '--jsx' flag is provided.
frontend/src/widgets/playground-reviews-feed/index.tsx(61,7): error TS17004: Cannot use JSX unless the '--jsx' flag is provided.
frontend/src/widgets/playground-reviews-feed/index.tsx(62,9): error TS17004: Cannot use JSX unless the '--jsx' flag is provided.
frontend/src/widgets/playground-reviews-feed/index.tsx(63,11): error TS17004: Cannot use JSX unless the '--jsx' flag is provided.
frontend/src/widgets/playground-reviews-feed/index.tsx(64,13): error TS17004: Cannot use JSX unless the '--jsx' flag is provided.
frontend/src/widgets/playground-reviews-feed/index.tsx(65,13): error TS17004: Cannot use JSX unless the '--jsx' flag is provided.
frontend/src/widgets/playground-reviews-feed/index.tsx(67,11): error TS17004: Cannot use JSX unless the '--jsx' flag is provided.
frontend/src/widgets/playground-reviews-feed/index.tsx(70,7): error TS17004: Cannot use JSX unless the '--jsx' flag is provided.
frontend/src/widgets/playground-reviews-feed/index.tsx(71,9): error TS17004: Cannot use JSX unless the '--jsx' flag is provided.
frontend/src/widgets/playground-reviews-feed/index.tsx(72,11): error TS17004: Cannot use JSX unless the '--jsx' flag is provided.
frontend/src/widgets/playground-reviews-feed/index.tsx(74,15): error TS17004: Cannot use JSX unless the '--jsx' flag is provided.
frontend/src/widgets/playground-reviews-feed/index.tsx(75,17): error TS17004: Cannot use JSX unless the '--jsx' flag is provided.
frontend/src/widgets/playground-reviews-feed/index.tsx(76,19): error TS17004: Cannot use JSX unless the '--jsx' flag is provided.
frontend/src/widgets/playground-reviews-feed/index.tsx(77,19): error TS17004: Cannot use JSX unless the '--jsx' flag is provided.
frontend/src/widgets/playground-reviews-feed/index.tsx(81,17): error TS17004: Cannot use JSX unless the '--jsx' flag is provided.
frontend/src/widgets/playground-reviews-feed/index.tsx(82,19): error TS17004: Cannot use JSX unless the '--jsx' flag is provided.
frontend/src/widgets/playground-reviews-feed/index.tsx(83,21): error TS17004: Cannot use JSX unless the '--jsx' flag is provided.
frontend/src/widgets/playground-reviews-feed/index.tsx(86,21): error TS17004: Cannot use JSX unless the '--jsx' flag is provided.
frontend/src/widgets/playground-reviews-feed/index.tsx(90,19): error TS17004: Cannot use JSX unless the '--jsx' flag is provided.
frontend/src/widgets/playground-reviews-feed/index.tsx(91,19): error TS17004: Cannot use JSX unless the '--jsx' flag is provided.
frontend/src/widgets/playground-reviews-feed/index.tsx(98,15): error TS17004: Cannot use JSX unless the '--jsx' flag is provided.
frontend/src/widgets/playground-reviews-feed/index.tsx(99,17): error TS17004: Cannot use JSX unless the '--jsx' flag is provided.
frontend/src/widgets/playground-reviews-feed/index.tsx(100,17): error TS17004: Cannot use JSX unless the '--jsx' flag is provided.
frontend/src/widgets/playground-reviews-tab/index.tsx(4,39): error TS2307: Cannot find module '@/widgets/playground-reviews-feed' or its corresponding type declarations.
frontend/src/widgets/playground-reviews-tab/index.tsx(5,41): error TS2307: Cannot find module '@/widgets/playground-review-summary' or its corresponding type declarations.
frontend/src/widgets/playground-reviews-tab/index.tsx(6,40): error TS2307: Cannot find module '@/widgets/playground-review-dialog' or its corresponding type declarations.
frontend/src/widgets/playground-reviews-tab/index.tsx(7,26): error TS2307: Cannot find module '@/shared/ui/skeleton' or its corresponding type declarations.
frontend/src/widgets/playground-reviews-tab/index.tsx(8,47): error TS2307: Cannot find module '@/shared/ui/card' or its corresponding type declarations.
frontend/src/widgets/playground-reviews-tab/index.tsx(9,39): error TS2307: Cannot find module '@/entities/playground/api/reviews' or its corresponding type declarations.
frontend/src/widgets/playground-reviews-tab/index.tsx(10,39): error TS2307: Cannot find module '@/entities/playground/model/types' or its corresponding type declarations.
frontend/src/widgets/playground-reviews-tab/index.tsx(30,5): error TS17004: Cannot use JSX unless the '--jsx' flag is provided.
frontend/src/widgets/playground-reviews-tab/index.tsx(31,7): error TS17004: Cannot use JSX unless the '--jsx' flag is provided.
frontend/src/widgets/playground-reviews-tab/index.tsx(32,9): error TS17004: Cannot use JSX unless the '--jsx' flag is provided.
frontend/src/widgets/playground-reviews-tab/index.tsx(34,13): error TS17004: Cannot use JSX unless the '--jsx' flag is provided.
frontend/src/widgets/playground-reviews-tab/index.tsx(35,15): error TS17004: Cannot use JSX unless the '--jsx' flag is provided.
frontend/src/widgets/playground-reviews-tab/index.tsx(36,17): error TS17004: Cannot use JSX unless the '--jsx' flag is provided.
frontend/src/widgets/playground-reviews-tab/index.tsx(37,17): error TS17004: Cannot use JSX unless the '--jsx' flag is provided.
frontend/src/widgets/playground-reviews-tab/index.tsx(39,15): error TS17004: Cannot use JSX unless the '--jsx' flag is provided.
frontend/src/widgets/playground-reviews-tab/index.tsx(40,17): error TS17004: Cannot use JSX unless the '--jsx' flag is provided.
frontend/src/widgets/playground-reviews-tab/index.tsx(41,17): error TS17004: Cannot use JSX unless the '--jsx' flag is provided.
frontend/src/widgets/playground-reviews-tab/index.tsx(45,13): error TS17004: Cannot use JSX unless the '--jsx' flag is provided.
frontend/src/widgets/playground-reviews-tab/index.tsx(51,9): error TS17004: Cannot use JSX unless the '--jsx' flag is provided.
frontend/src/widgets/playground-reviews-tab/index.tsx(52,11): error TS17004: Cannot use JSX unless the '--jsx' flag is provided.
frontend/src/widgets/playground-reviews-tab/index.tsx(55,7): error TS17004: Cannot use JSX unless the '--jsx' flag is provided.
frontend/src/widgets/playground-schedule-tab/index.tsx(9,8): error TS2307: Cannot find module '@/shared/ui/card' or its corresponding type declarations.
frontend/src/widgets/playground-schedule-tab/index.tsx(10,53): error TS2307: Cannot find module '@/shared/ui/avatar' or its corresponding type declarations.
frontend/src/widgets/playground-schedule-tab/index.tsx(13,31): error TS2307: Cannot find module '@/entities/lfg/model/types' or its corresponding type declarations.
frontend/src/widgets/playground-schedule-tab/index.tsx(14,28): error TS2307: Cannot find module '@/shared/ui/scroll-area' or its corresponding type declarations.
frontend/src/widgets/playground-schedule-tab/index.tsx(20,8): error TS2307: Cannot find module '@/shared/ui/tooltip' or its corresponding type declarations.
frontend/src/widgets/playground-schedule-tab/index.tsx(21,26): error TS2307: Cannot find module '@/shared/ui/skeleton' or its corresponding type declarations.
frontend/src/widgets/playground-schedule-tab/index.tsx(39,7): error TS17004: Cannot use JSX unless the '--jsx' flag is provided.
frontend/src/widgets/playground-schedule-tab/index.tsx(40,9): error TS17004: Cannot use JSX unless the '--jsx' flag is provided.
frontend/src/widgets/playground-schedule-tab/index.tsx(41,11): error TS17004: Cannot use JSX unless the '--jsx' flag is provided.
frontend/src/widgets/playground-schedule-tab/index.tsx(42,11): error TS17004: Cannot use JSX unless the '--jsx' flag is provided.
frontend/src/widgets/playground-schedule-tab/index.tsx(44,9): error TS17004: Cannot use JSX unless the '--jsx' flag is provided.
frontend/src/widgets/playground-schedule-tab/index.tsx(45,11): error TS17004: Cannot use JSX unless the '--jsx' flag is provided.
frontend/src/widgets/playground-schedule-tab/index.tsx(52,5): error TS17004: Cannot use JSX unless the '--jsx' flag is provided.
frontend/src/widgets/playground-schedule-tab/index.tsx(53,7): error TS17004: Cannot use JSX unless the '--jsx' flag is provided.
frontend/src/widgets/playground-schedule-tab/index.tsx(54,9): error TS17004: Cannot use JSX unless the '--jsx' flag is provided.
frontend/src/widgets/playground-schedule-tab/index.tsx(55,9): error TS17004: Cannot use JSX unless the '--jsx' flag is provided.
frontend/src/widgets/playground-schedule-tab/index.tsx(59,7): error TS17004: Cannot use JSX unless the '--jsx' flag is provided.
frontend/src/widgets/playground-schedule-tab/index.tsx(60,9): error TS17004: Cannot use JSX unless the '--jsx' flag is provided.
frontend/src/widgets/playground-schedule-tab/index.tsx(61,11): error TS17004: Cannot use JSX unless the '--jsx' flag is provided.
frontend/src/widgets/playground-schedule-tab/index.tsx(63,13): error TS17004: Cannot use JSX unless the '--jsx' flag is provided.
frontend/src/widgets/playground-schedule-tab/index.tsx(67,15): error TS17004: Cannot use JSX unless the '--jsx' flag is provided.
frontend/src/widgets/playground-schedule-tab/index.tsx(71,17): error TS17004: Cannot use JSX unless the '--jsx' flag is provided.
frontend/src/widgets/playground-schedule-tab/index.tsx(72,17): error TS17004: Cannot use JSX unless the '--jsx' flag is provided.
frontend/src/widgets/playground-schedule-tab/index.tsx(78,15): error TS17004: Cannot use JSX unless the '--jsx' flag is provided.
frontend/src/widgets/playground-schedule-tab/index.tsx(82,17): error TS17004: Cannot use JSX unless the '--jsx' flag is provided.
frontend/src/widgets/playground-schedule-tab/index.tsx(83,19): error TS17004: Cannot use JSX unless the '--jsx' flag is provided.
frontend/src/widgets/playground-schedule-tab/index.tsx(89,13): error TS17004: Cannot use JSX unless the '--jsx' flag is provided.
frontend/src/widgets/playground-schedule-tab/index.tsx(91,17): error TS17004: Cannot use JSX unless the '--jsx' flag is provided.
frontend/src/widgets/playground-schedule-tab/index.tsx(97,23): error TS17004: Cannot use JSX unless the '--jsx' flag is provided.
frontend/src/widgets/playground-schedule-tab/index.tsx(117,25): error TS17004: Cannot use JSX unless the '--jsx' flag is provided.
frontend/src/widgets/playground-schedule-tab/index.tsx(118,27): error TS17004: Cannot use JSX unless the '--jsx' flag is provided.
frontend/src/widgets/playground-schedule-tab/index.tsx(119,29): error TS17004: Cannot use JSX unless the '--jsx' flag is provided.
frontend/src/widgets/playground-schedule-tab/index.tsx(120,31): error TS17004: Cannot use JSX unless the '--jsx' flag is provided.
frontend/src/widgets/playground-schedule-tab/index.tsx(127,33): error TS17004: Cannot use JSX unless the '--jsx' flag is provided.
frontend/src/widgets/playground-schedule-tab/index.tsx(132,29): error TS17004: Cannot use JSX unless the '--jsx' flag is provided.
frontend/src/widgets/playground-schedule-tab/index.tsx(133,31): error TS17004: Cannot use JSX unless the '--jsx' flag is provided.
frontend/src/widgets/playground-schedule-tab/index.tsx(134,33): error TS17004: Cannot use JSX unless the '--jsx' flag is provided.
frontend/src/widgets/playground-schedule-tab/index.tsx(135,35): error TS17004: Cannot use JSX unless the '--jsx' flag is provided.
frontend/src/widgets/playground-schedule-tab/index.tsx(138,35): error TS17004: Cannot use JSX unless the '--jsx' flag is provided.
frontend/src/widgets/playground-schedule-tab/index.tsx(142,33): error TS17004: Cannot use JSX unless the '--jsx' flag is provided.
frontend/src/widgets/playground-schedule-tab/index.tsx(144,31): error TS17004: Cannot use JSX unless the '--jsx' flag is provided.
frontend/src/widgets/playground-schedule-tab/index.tsx(148,31): error TS17004: Cannot use JSX unless the '--jsx' flag is provided.
frontend/src/widgets/playground-schedule/index.tsx(9,8): error TS2307: Cannot find module '@/shared/ui/card' or its corresponding type declarations.
frontend/src/widgets/playground-schedule/index.tsx(10,24): error TS2307: Cannot find module '@/shared/ui/button' or its corresponding type declarations.
frontend/src/widgets/playground-schedule/index.tsx(12,53): error TS2307: Cannot find module '@/shared/ui/avatar' or its corresponding type declarations.
frontend/src/widgets/playground-schedule/index.tsx(14,31): error TS2307: Cannot find module '@/shared/context/lfg-provider' or its corresponding type declarations.
frontend/src/widgets/playground-schedule/index.tsx(26,5): error TS17004: Cannot use JSX unless the '--jsx' flag is provided.
frontend/src/widgets/playground-schedule/index.tsx(27,7): error TS17004: Cannot use JSX unless the '--jsx' flag is provided.
frontend/src/widgets/playground-schedule/index.tsx(28,9): error TS17004: Cannot use JSX unless the '--jsx' flag is provided.
frontend/src/widgets/playground-schedule/index.tsx(29,11): error TS17004: Cannot use JSX unless the '--jsx' flag is provided.
frontend/src/widgets/playground-schedule/index.tsx(30,13): error TS17004: Cannot use JSX unless the '--jsx' flag is provided.
frontend/src/widgets/playground-schedule/index.tsx(33,11): error TS17004: Cannot use JSX unless the '--jsx' flag is provided.
frontend/src/widgets/playground-schedule/index.tsx(37,9): error TS17004: Cannot use JSX unless the '--jsx' flag is provided.
frontend/src/widgets/playground-schedule/index.tsx(38,11): error TS17004: Cannot use JSX unless the '--jsx' flag is provided.
frontend/src/widgets/playground-schedule/index.tsx(42,7): error TS17004: Cannot use JSX unless the '--jsx' flag is provided.
frontend/src/widgets/playground-schedule/index.tsx(44,11): error TS17004: Cannot use JSX unless the '--jsx' flag is provided.
frontend/src/widgets/playground-schedule/index.tsx(46,15): error TS17004: Cannot use JSX unless the '--jsx' flag is provided.
frontend/src/widgets/playground-schedule/index.tsx(50,17): error TS17004: Cannot use JSX unless the '--jsx' flag is provided.
frontend/src/widgets/playground-schedule/index.tsx(51,19): error TS17004: Cannot use JSX unless the '--jsx' flag is provided.
frontend/src/widgets/playground-schedule/index.tsx(54,19): error TS17004: Cannot use JSX unless the '--jsx' flag is provided.
frontend/src/widgets/playground-schedule/index.tsx(58,17): error TS17004: Cannot use JSX unless the '--jsx' flag is provided.
frontend/src/widgets/playground-schedule/index.tsx(59,17): error TS17004: Cannot use JSX unless the '--jsx' flag is provided.
frontend/src/widgets/playground-schedule/index.tsx(60,19): error TS17004: Cannot use JSX unless the '--jsx' flag is provided.
frontend/src/widgets/playground-schedule/index.tsx(61,21): error TS17004: Cannot use JSX unless the '--jsx' flag is provided.
frontend/src/widgets/playground-schedule/index.tsx(66,21): error TS17004: Cannot use JSX unless the '--jsx' flag is provided.
frontend/src/widgets/playground-schedule/index.tsx(70,19): error TS17004: Cannot use JSX unless the '--jsx' flag is provided.
frontend/src/widgets/playground-schedule/index.tsx(76,11): error TS17004: Cannot use JSX unless the '--jsx' flag is provided.
frontend/src/widgets/playground-schedule/index.tsx(77,13): error TS17004: Cannot use JSX unless the '--jsx' flag is provided.
frontend/src/widgets/playground-schedule/index.tsx(78,13): error TS17004: Cannot use JSX unless the '--jsx' flag is provided.
frontend/src/widgets/playground-upload-dialog/index.tsx(11,8): error TS2307: Cannot find module '@/shared/ui/dialog' or its corresponding type declarations.
frontend/src/widgets/playground-upload-dialog/index.tsx(12,24): error TS2307: Cannot find module '@/shared/ui/button' or its corresponding type declarations.
frontend/src/widgets/playground-upload-dialog/index.tsx(13,26): error TS2307: Cannot find module '@/shared/hooks/use-toast' or its corresponding type declarations.
frontend/src/widgets/playground-upload-dialog/index.tsx(91,5): error TS17004: Cannot use JSX unless the '--jsx' flag is provided.
frontend/src/widgets/playground-upload-dialog/index.tsx(92,7): error TS17004: Cannot use JSX unless the '--jsx' flag is provided.
frontend/src/widgets/playground-upload-dialog/index.tsx(93,9): error TS17004: Cannot use JSX unless the '--jsx' flag is provided.
frontend/src/widgets/playground-upload-dialog/index.tsx(94,11): error TS17004: Cannot use JSX unless the '--jsx' flag is provided.
frontend/src/widgets/playground-upload-dialog/index.tsx(95,11): error TS17004: Cannot use JSX unless the '--jsx' flag is provided.
frontend/src/widgets/playground-upload-dialog/index.tsx(97,9): error TS17004: Cannot use JSX unless the '--jsx' flag is provided.
frontend/src/widgets/playground-upload-dialog/index.tsx(98,11): error TS17004: Cannot use JSX unless the '--jsx' flag is provided.
frontend/src/widgets/playground-upload-dialog/index.tsx(99,13): error TS17004: Cannot use JSX unless the '--jsx' flag is provided.
frontend/src/widgets/playground-upload-dialog/index.tsx(104,17): error TS17004: Cannot use JSX unless the '--jsx' flag is provided.
frontend/src/widgets/playground-upload-dialog/index.tsx(112,17): error TS17004: Cannot use JSX unless the '--jsx' flag is provided.
frontend/src/widgets/playground-upload-dialog/index.tsx(113,19): error TS17004: Cannot use JSX unless the '--jsx' flag is provided.
frontend/src/widgets/playground-upload-dialog/index.tsx(114,19): error TS17004: Cannot use JSX unless the '--jsx' flag is provided.
frontend/src/widgets/playground-upload-dialog/index.tsx(117,19): error TS17004: Cannot use JSX unless the '--jsx' flag is provided.
frontend/src/widgets/playground-upload-dialog/index.tsx(120,15): error TS17004: Cannot use JSX unless the '--jsx' flag is provided.
frontend/src/widgets/playground-upload-dialog/index.tsx(130,9): error TS17004: Cannot use JSX unless the '--jsx' flag is provided.
frontend/src/widgets/playground-upload-dialog/index.tsx(131,11): error TS17004: Cannot use JSX unless the '--jsx' flag is provided.
frontend/src/widgets/playground-upload-dialog/index.tsx(138,11): error TS17004: Cannot use JSX unless the '--jsx' flag is provided.
frontend/src/widgets/playground-upload-dialog/index.tsx(139,29): error TS17004: Cannot use JSX unless the '--jsx' flag is provided.
frontend/src/widgets/playground-upload-dialog/index.tsx(143,15): error TS17004: Cannot use JSX unless the '--jsx' flag is provided.
frontend/src/widgets/playground-upload-dialog/index.tsx(144,17): error TS17004: Cannot use JSX unless the '--jsx' flag is provided.
frontend/src/widgets/playground-workout-generator/index.tsx(11,8): error TS2307: Cannot find module '@/shared/ui/card' or its corresponding type declarations.
frontend/src/widgets/playground-workout-generator/index.tsx(12,24): error TS2307: Cannot find module '@/shared/ui/button' or its corresponding type declarations.
frontend/src/widgets/playground-workout-generator/index.tsx(13,53): error TS2307: Cannot find module '@/shared/ui/alert' or its corresponding type declarations.
frontend/src/widgets/playground-workout-generator/index.tsx(14,26): error TS2307: Cannot find module '@/shared/ui/skeleton' or its corresponding type declarations.
frontend/src/widgets/playground-workout-generator/index.tsx(19,8): error TS2307: Cannot find module '@/shared/api/genkit/flows/generate-playground-workout-flow' or its corresponding type declarations.
frontend/src/widgets/playground-workout-generator/index.tsx(27,8): error TS2307: Cannot find module '@/shared/ui/table' or its corresponding type declarations.
frontend/src/widgets/playground-workout-generator/index.tsx(28,33): error TS2307: Cannot find module '@/entities/playground/model/types' or its corresponding type declarations.
frontend/src/widgets/playground-workout-generator/index.tsx(62,5): error TS17004: Cannot use JSX unless the '--jsx' flag is provided.
frontend/src/widgets/playground-workout-generator/index.tsx(63,7): error TS17004: Cannot use JSX unless the '--jsx' flag is provided.
frontend/src/widgets/playground-workout-generator/index.tsx(64,9): error TS17004: Cannot use JSX unless the '--jsx' flag is provided.
frontend/src/widgets/playground-workout-generator/index.tsx(65,11): error TS17004: Cannot use JSX unless the '--jsx' flag is provided.
frontend/src/widgets/playground-workout-generator/index.tsx(68,9): error TS17004: Cannot use JSX unless the '--jsx' flag is provided.
frontend/src/widgets/playground-workout-generator/index.tsx(72,7): error TS17004: Cannot use JSX unless the '--jsx' flag is provided.
frontend/src/widgets/playground-workout-generator/index.tsx(74,11): error TS17004: Cannot use JSX unless the '--jsx' flag is provided.
frontend/src/widgets/playground-workout-generator/index.tsx(75,13): error TS17004: Cannot use JSX unless the '--jsx' flag is provided.
frontend/src/widgets/playground-workout-generator/index.tsx(79,11): error TS17004: Cannot use JSX unless the '--jsx' flag is provided.
frontend/src/widgets/playground-workout-generator/index.tsx(80,13): error TS17004: Cannot use JSX unless the '--jsx' flag is provided.
frontend/src/widgets/playground-workout-generator/index.tsx(81,13): error TS17004: Cannot use JSX unless the '--jsx' flag is provided.
frontend/src/widgets/playground-workout-generator/index.tsx(82,13): error TS17004: Cannot use JSX unless the '--jsx' flag is provided.
frontend/src/widgets/playground-workout-generator/index.tsx(86,11): error TS17004: Cannot use JSX unless the '--jsx' flag is provided.
frontend/src/widgets/playground-workout-generator/index.tsx(87,13): error TS17004: Cannot use JSX unless the '--jsx' flag is provided.
frontend/src/widgets/playground-workout-generator/index.tsx(88,13): error TS17004: Cannot use JSX unless the '--jsx' flag is provided.
frontend/src/widgets/playground-workout-generator/index.tsx(91,13): error TS17004: Cannot use JSX unless the '--jsx' flag is provided.
frontend/src/widgets/playground-workout-generator/index.tsx(92,15): error TS17004: Cannot use JSX unless the '--jsx' flag is provided.
frontend/src/widgets/playground-workout-generator/index.tsx(93,17): error TS17004: Cannot use JSX unless the '--jsx' flag is provided.
frontend/src/widgets/playground-workout-generator/index.tsx(94,19): error TS17004: Cannot use JSX unless the '--jsx' flag is provided.
frontend/src/widgets/playground-workout-generator/index.tsx(95,19): error TS17004: Cannot use JSX unless the '--jsx' flag is provided.
frontend/src/widgets/playground-workout-generator/index.tsx(96,19): error TS17004: Cannot use JSX unless the '--jsx' flag is provided.
frontend/src/widgets/playground-workout-generator/index.tsx(101,15): error TS17004: Cannot use JSX unless the '--jsx' flag is provided.
frontend/src/widgets/playground-workout-generator/index.tsx(103,19): error TS17004: Cannot use JSX unless the '--jsx' flag is provided.
frontend/src/widgets/playground-workout-generator/index.tsx(104,21): error TS17004: Cannot use JSX unless the '--jsx' flag is provided.
frontend/src/widgets/playground-workout-generator/index.tsx(105,21): error TS17004: Cannot use JSX unless the '--jsx' flag is provided.
frontend/src/widgets/playground-workout-generator/index.tsx(106,21): error TS17004: Cannot use JSX unless the '--jsx' flag is provided.
frontend/src/widgets/playground-workout-generator/index.tsx(114,7): error TS17004: Cannot use JSX unless the '--jsx' flag is provided.
frontend/src/widgets/playground-workout-generator/index.tsx(115,9): error TS17004: Cannot use JSX unless the '--jsx' flag is provided.
frontend/src/widgets/playground-workout-generator/index.tsx(121,13): error TS17004: Cannot use JSX unless the '--jsx' flag is provided.
frontend/src/widgets/playground-workout-generator/index.tsx(123,13): error TS17004: Cannot use JSX unless the '--jsx' flag is provided.
frontend/src/widgets/poll-card/index.tsx(11,8): error TS2307: Cannot find module '@/shared/ui/card' or its corresponding type declarations.
frontend/src/widgets/poll-card/index.tsx(12,24): error TS2307: Cannot find module '@/shared/ui/button' or its corresponding type declarations.
frontend/src/widgets/poll-card/index.tsx(13,44): error TS2307: Cannot find module '@/shared/ui/radio-group' or its corresponding type declarations.
frontend/src/widgets/poll-card/index.tsx(14,23): error TS2307: Cannot find module '@/shared/ui/label' or its corresponding type declarations.
frontend/src/widgets/poll-card/index.tsx(15,26): error TS2307: Cannot find module '@/shared/hooks/use-toast' or its corresponding type declarations.
frontend/src/widgets/poll-card/index.tsx(16,23): error TS2307: Cannot find module '@/shared/ui/badge' or its corresponding type declarations.
frontend/src/widgets/poll-card/index.tsx(17,27): error TS2307: Cannot find module '@/entities/poll/model/types' or its corresponding type declarations.
frontend/src/widgets/poll-card/index.tsx(19,53): error TS2307: Cannot find module '@/shared/ui/avatar' or its corresponding type declarations.
frontend/src/widgets/poll-card/index.tsx(56,7): error TS17004: Cannot use JSX unless the '--jsx' flag is provided.
frontend/src/widgets/poll-card/index.tsx(57,9): error TS17004: Cannot use JSX unless the '--jsx' flag is provided.
frontend/src/widgets/poll-card/index.tsx(58,11): error TS17004: Cannot use JSX unless the '--jsx' flag is provided.
frontend/src/widgets/poll-card/index.tsx(60,9): error TS17004: Cannot use JSX unless the '--jsx' flag is provided.
frontend/src/widgets/poll-card/index.tsx(71,5): error TS17004: Cannot use JSX unless the '--jsx' flag is provided.
frontend/src/widgets/poll-card/index.tsx(72,7): error TS17004: Cannot use JSX unless the '--jsx' flag is provided.
frontend/src/widgets/poll-card/index.tsx(73,9): error TS17004: Cannot use JSX unless the '--jsx' flag is provided.
frontend/src/widgets/poll-card/index.tsx(74,11): error TS17004: Cannot use JSX unless the '--jsx' flag is provided.
frontend/src/widgets/poll-card/index.tsx(75,13): error TS17004: Cannot use JSX unless the '--jsx' flag is provided.
frontend/src/widgets/poll-card/index.tsx(76,13): error TS17004: Cannot use JSX unless the '--jsx' flag is provided.
frontend/src/widgets/poll-card/index.tsx(79,13): error TS17004: Cannot use JSX unless the '--jsx' flag is provided.
frontend/src/widgets/poll-card/index.tsx(80,15): error TS17004: Cannot use JSX unless the '--jsx' flag is provided.
frontend/src/widgets/poll-card/index.tsx(81,17): error TS17004: Cannot use JSX unless the '--jsx' flag is provided.
frontend/src/widgets/poll-card/index.tsx(82,17): error TS17004: Cannot use JSX unless the '--jsx' flag is provided.
frontend/src/widgets/poll-card/index.tsx(84,15): error TS17004: Cannot use JSX unless the '--jsx' flag is provided.
frontend/src/widgets/poll-card/index.tsx(89,7): error TS17004: Cannot use JSX unless the '--jsx' flag is provided.
frontend/src/widgets/poll-card/index.tsx(90,9): error TS17004: Cannot use JSX unless the '--jsx' flag is provided.
frontend/src/widgets/poll-card/index.tsx(100,15): error TS17004: Cannot use JSX unless the '--jsx' flag is provided.
frontend/src/widgets/poll-card/index.tsx(101,17): error TS17004: Cannot use JSX unless the '--jsx' flag is provided.
frontend/src/widgets/poll-card/index.tsx(103,21): error TS17004: Cannot use JSX unless the '--jsx' flag is provided.
frontend/src/widgets/poll-card/index.tsx(108,19): error TS17004: Cannot use JSX unless the '--jsx' flag is provided.
frontend/src/widgets/poll-card/index.tsx(113,19): error TS17004: Cannot use JSX unless the '--jsx' flag is provided.
frontend/src/widgets/poll-card/index.tsx(120,21): error TS17004: Cannot use JSX unless the '--jsx' flag is provided.
frontend/src/widgets/poll-card/index.tsx(130,7): error TS17004: Cannot use JSX unless the '--jsx' flag is provided.
frontend/src/widgets/poll-card/index.tsx(131,9): error TS17004: Cannot use JSX unless the '--jsx' flag is provided.
frontend/src/widgets/poll-card/index.tsx(136,25): error TS17004: Cannot use JSX unless the '--jsx' flag is provided.
frontend/src/widgets/promotion-wizard/index.tsx(3,58): error TS2307: Cannot find module '@/shared/ui/tabs' or its corresponding type declarations.
frontend/src/widgets/promotion-wizard/index.tsx(4,37): error TS2307: Cannot find module '@/widgets/manual-promotion-form' or its corresponding type declarations.
frontend/src/widgets/promotion-wizard/index.tsx(5,35): error TS2307: Cannot find module '@/widgets/ai-promotion-wizard' or its corresponding type declarations.
frontend/src/widgets/promotion-wizard/index.tsx(10,5): error TS17004: Cannot use JSX unless the '--jsx' flag is provided.
frontend/src/widgets/promotion-wizard/index.tsx(11,7): error TS17004: Cannot use JSX unless the '--jsx' flag is provided.
frontend/src/widgets/promotion-wizard/index.tsx(12,9): error TS17004: Cannot use JSX unless the '--jsx' flag is provided.
frontend/src/widgets/promotion-wizard/index.tsx(15,9): error TS17004: Cannot use JSX unless the '--jsx' flag is provided.
frontend/src/widgets/promotion-wizard/index.tsx(20,7): error TS17004: Cannot use JSX unless the '--jsx' flag is provided.
frontend/src/widgets/promotion-wizard/index.tsx(21,9): error TS17004: Cannot use JSX unless the '--jsx' flag is provided.
frontend/src/widgets/promotion-wizard/index.tsx(22,11): error TS17004: Cannot use JSX unless the '--jsx' flag is provided.
frontend/src/widgets/promotion-wizard/index.tsx(23,11): error TS17004: Cannot use JSX unless the '--jsx' flag is provided.
frontend/src/widgets/promotion-wizard/index.tsx(24,13): error TS17004: Cannot use JSX unless the '--jsx' flag is provided.
frontend/src/widgets/promotion-wizard/index.tsx(27,9): error TS17004: Cannot use JSX unless the '--jsx' flag is provided.
frontend/src/widgets/promotion-wizard/index.tsx(28,11): error TS17004: Cannot use JSX unless the '--jsx' flag is provided.
frontend/src/widgets/promotion-wizard/index.tsx(30,9): error TS17004: Cannot use JSX unless the '--jsx' flag is provided.
frontend/src/widgets/promotion-wizard/index.tsx(31,11): error TS17004: Cannot use JSX unless the '--jsx' flag is provided.
frontend/src/widgets/propose-training-dialog/index.tsx(7,26): error TS2307: Cannot find module '@/shared/hooks/use-toast' or its corresponding type declarations.
frontend/src/widgets/propose-training-dialog/index.tsx(15,8): error TS2307: Cannot find module '@/shared/ui/form' or its corresponding type declarations.
frontend/src/widgets/propose-training-dialog/index.tsx(16,23): error TS2307: Cannot find module '@/shared/ui/input' or its corresponding type declarations.
frontend/src/widgets/propose-training-dialog/index.tsx(17,24): error TS2307: Cannot find module '@/shared/ui/button' or its corresponding type declarations.
frontend/src/widgets/propose-training-dialog/index.tsx(18,26): error TS2307: Cannot find module '@/shared/ui/textarea' or its corresponding type declarations.
frontend/src/widgets/propose-training-dialog/index.tsx(19,57): error TS2307: Cannot find module '@/shared/ui/popover' or its corresponding type declarations.
frontend/src/widgets/propose-training-dialog/index.tsx(20,26): error TS2307: Cannot find module '@/shared/ui/calendar' or its corresponding type declarations.
frontend/src/widgets/propose-training-dialog/index.tsx(21,20): error TS2307: Cannot find module '@/shared/lib/utils' or its corresponding type declarations.
frontend/src/widgets/propose-training-dialog/index.tsx(32,8): error TS2307: Cannot find module '@/shared/ui/dialog' or its corresponding type declarations.
frontend/src/widgets/propose-training-dialog/index.tsx(39,8): error TS2307: Cannot find module '@/shared/ui/select' or its corresponding type declarations.
frontend/src/widgets/propose-training-dialog/index.tsx(40,38): error TS2307: Cannot find module '@/app/providers/training-proposal-provider' or its corresponding type declarations.
frontend/src/widgets/propose-training-dialog/index.tsx(41,39): error TS2307: Cannot find module '@/entities/sport/api/sports' or its corresponding type declarations.
frontend/src/widgets/propose-training-dialog/index.tsx(42,29): error TS2307: Cannot find module '@/app/providers/training-provider' or its corresponding type declarations.
frontend/src/widgets/propose-training-dialog/index.tsx(141,5): error TS17004: Cannot use JSX unless the '--jsx' flag is provided.
frontend/src/widgets/propose-training-dialog/index.tsx(142,7): error TS17004: Cannot use JSX unless the '--jsx' flag is provided.
frontend/src/widgets/propose-training-dialog/index.tsx(143,9): error TS17004: Cannot use JSX unless the '--jsx' flag is provided.
frontend/src/widgets/propose-training-dialog/index.tsx(144,11): error TS17004: Cannot use JSX unless the '--jsx' flag is provided.
frontend/src/widgets/propose-training-dialog/index.tsx(145,13): error TS17004: Cannot use JSX unless the '--jsx' flag is provided.
frontend/src/widgets/propose-training-dialog/index.tsx(146,15): error TS17004: Cannot use JSX unless the '--jsx' flag is provided.
frontend/src/widgets/propose-training-dialog/index.tsx(147,15): error TS17004: Cannot use JSX unless the '--jsx' flag is provided.
frontend/src/widgets/propose-training-dialog/index.tsx(153,13): error TS17004: Cannot use JSX unless the '--jsx' flag is provided.
frontend/src/widgets/propose-training-dialog/index.tsx(155,17): error TS17004: Cannot use JSX unless the '--jsx' flag is provided.
frontend/src/widgets/propose-training-dialog/index.tsx(156,19): error TS17004: Cannot use JSX unless the '--jsx' flag is provided.
frontend/src/widgets/propose-training-dialog/index.tsx(157,19): error TS17004: Cannot use JSX unless the '--jsx' flag is provided.
frontend/src/widgets/propose-training-dialog/index.tsx(158,21): error TS17004: Cannot use JSX unless the '--jsx' flag is provided.
frontend/src/widgets/propose-training-dialog/index.tsx(162,17): error TS17004: Cannot use JSX unless the '--jsx' flag is provided.
frontend/src/widgets/propose-training-dialog/index.tsx(166,21): error TS17004: Cannot use JSX unless the '--jsx' flag is provided.
frontend/src/widgets/propose-training-dialog/index.tsx(167,23): error TS17004: Cannot use JSX unless the '--jsx' flag is provided.
frontend/src/widgets/propose-training-dialog/index.tsx(168,23): error TS17004: Cannot use JSX unless the '--jsx' flag is provided.
frontend/src/widgets/propose-training-dialog/index.tsx(172,25): error TS17004: Cannot use JSX unless the '--jsx' flag is provided.
frontend/src/widgets/propose-training-dialog/index.tsx(173,27): error TS17004: Cannot use JSX unless the '--jsx' flag is provided.
frontend/src/widgets/propose-training-dialog/index.tsx(174,29): error TS17004: Cannot use JSX unless the '--jsx' flag is provided.
frontend/src/widgets/propose-training-dialog/index.tsx(177,25): error TS17004: Cannot use JSX unless the '--jsx' flag is provided.
frontend/src/widgets/propose-training-dialog/index.tsx(179,29): error TS17004: Cannot use JSX unless the '--jsx' flag is provided.
frontend/src/widgets/propose-training-dialog/index.tsx(185,23): error TS17004: Cannot use JSX unless the '--jsx' flag is provided.
frontend/src/widgets/propose-training-dialog/index.tsx(190,15): error TS17004: Cannot use JSX unless the '--jsx' flag is provided.
frontend/src/widgets/propose-training-dialog/index.tsx(194,19): error TS17004: Cannot use JSX unless the '--jsx' flag is provided.
frontend/src/widgets/propose-training-dialog/index.tsx(195,21): error TS17004: Cannot use JSX unless the '--jsx' flag is provided.
frontend/src/widgets/propose-training-dialog/index.tsx(196,21): error TS17004: Cannot use JSX unless the '--jsx' flag is provided.
frontend/src/widgets/propose-training-dialog/index.tsx(200,23): error TS17004: Cannot use JSX unless the '--jsx' flag is provided.
frontend/src/widgets/propose-training-dialog/index.tsx(201,25): error TS17004: Cannot use JSX unless the '--jsx' flag is provided.
frontend/src/widgets/propose-training-dialog/index.tsx(202,27): error TS17004: Cannot use JSX unless the '--jsx' flag is provided.
frontend/src/widgets/propose-training-dialog/index.tsx(205,23): error TS17004: Cannot use JSX unless the '--jsx' flag is provided.
frontend/src/widgets/propose-training-dialog/index.tsx(207,27): error TS17004: Cannot use JSX unless the '--jsx' flag is provided.
frontend/src/widgets/propose-training-dialog/index.tsx(213,21): error TS17004: Cannot use JSX unless the '--jsx' flag is provided.
frontend/src/widgets/propose-training-dialog/index.tsx(217,15): error TS17004: Cannot use JSX unless the '--jsx' flag is provided.
frontend/src/widgets/propose-training-dialog/index.tsx(221,19): error TS17004: Cannot use JSX unless the '--jsx' flag is provided.
frontend/src/widgets/propose-training-dialog/index.tsx(222,21): error TS17004: Cannot use JSX unless the '--jsx' flag is provided.
frontend/src/widgets/propose-training-dialog/index.tsx(223,21): error TS17004: Cannot use JSX unless the '--jsx' flag is provided.
frontend/src/widgets/propose-training-dialog/index.tsx(227,23): error TS17004: Cannot use JSX unless the '--jsx' flag is provided.
frontend/src/widgets/propose-training-dialog/index.tsx(228,25): error TS17004: Cannot use JSX unless the '--jsx' flag is provided.
frontend/src/widgets/propose-training-dialog/index.tsx(229,27): error TS17004: Cannot use JSX unless the '--jsx' flag is provided.
frontend/src/widgets/propose-training-dialog/index.tsx(232,23): error TS17004: Cannot use JSX unless the '--jsx' flag is provided.
frontend/src/widgets/propose-training-dialog/index.tsx(234,27): error TS17004: Cannot use JSX unless the '--jsx' flag is provided.
frontend/src/widgets/propose-training-dialog/index.tsx(240,21): error TS17004: Cannot use JSX unless the '--jsx' flag is provided.
frontend/src/widgets/propose-training-dialog/index.tsx(244,15): error TS17004: Cannot use JSX unless the '--jsx' flag is provided.
frontend/src/widgets/propose-training-dialog/index.tsx(245,17): error TS17004: Cannot use JSX unless the '--jsx' flag is provided.
frontend/src/widgets/propose-training-dialog/index.tsx(249,21): error TS17004: Cannot use JSX unless the '--jsx' flag is provided.
frontend/src/widgets/propose-training-dialog/index.tsx(250,23): error TS17004: Cannot use JSX unless the '--jsx' flag is provided.
frontend/src/widgets/propose-training-dialog/index.tsx(251,23): error TS17004: Cannot use JSX unless the '--jsx' flag is provided.
frontend/src/widgets/propose-training-dialog/index.tsx(252,25): error TS17004: Cannot use JSX unless the '--jsx' flag is provided.
frontend/src/widgets/propose-training-dialog/index.tsx(253,27): error TS17004: Cannot use JSX unless the '--jsx' flag is provided.
frontend/src/widgets/propose-training-dialog/index.tsx(254,29): error TS17004: Cannot use JSX unless the '--jsx' flag is provided.
frontend/src/widgets/propose-training-dialog/index.tsx(264,33): error TS17004: Cannot use JSX unless the '--jsx' flag is provided.
frontend/src/widgets/propose-training-dialog/index.tsx(266,31): error TS17004: Cannot use JSX unless the '--jsx' flag is provided.
frontend/src/widgets/propose-training-dialog/index.tsx(270,25): error TS17004: Cannot use JSX unless the '--jsx' flag is provided.
frontend/src/widgets/propose-training-dialog/index.tsx(271,27): error TS17004: Cannot use JSX unless the '--jsx' flag is provided.
frontend/src/widgets/propose-training-dialog/index.tsx(280,23): error TS17004: Cannot use JSX unless the '--jsx' flag is provided.
frontend/src/widgets/propose-training-dialog/index.tsx(284,17): error TS17004: Cannot use JSX unless the '--jsx' flag is provided.
frontend/src/widgets/propose-training-dialog/index.tsx(288,21): error TS17004: Cannot use JSX unless the '--jsx' flag is provided.
frontend/src/widgets/propose-training-dialog/index.tsx(289,23): error TS17004: Cannot use JSX unless the '--jsx' flag is provided.
frontend/src/widgets/propose-training-dialog/index.tsx(290,23): error TS17004: Cannot use JSX unless the '--jsx' flag is provided.
frontend/src/widgets/propose-training-dialog/index.tsx(291,25): error TS17004: Cannot use JSX unless the '--jsx' flag is provided.
frontend/src/widgets/propose-training-dialog/index.tsx(293,23): error TS17004: Cannot use JSX unless the '--jsx' flag is provided.
frontend/src/widgets/propose-training-dialog/index.tsx(298,15): error TS17004: Cannot use JSX unless the '--jsx' flag is provided.
frontend/src/widgets/propose-training-dialog/index.tsx(302,19): error TS17004: Cannot use JSX unless the '--jsx' flag is provided.
frontend/src/widgets/propose-training-dialog/index.tsx(303,21): error TS17004: Cannot use JSX unless the '--jsx' flag is provided.
frontend/src/widgets/propose-training-dialog/index.tsx(304,21): error TS17004: Cannot use JSX unless the '--jsx' flag is provided.
frontend/src/widgets/propose-training-dialog/index.tsx(305,23): error TS17004: Cannot use JSX unless the '--jsx' flag is provided.
frontend/src/widgets/propose-training-dialog/index.tsx(310,21): error TS17004: Cannot use JSX unless the '--jsx' flag is provided.
frontend/src/widgets/propose-training-dialog/index.tsx(315,13): error TS17004: Cannot use JSX unless the '--jsx' flag is provided.
frontend/src/widgets/propose-training-dialog/index.tsx(316,15): error TS17004: Cannot use JSX unless the '--jsx' flag is provided.
frontend/src/widgets/propose-training-dialog/index.tsx(323,15): error TS17004: Cannot use JSX unless the '--jsx' flag is provided.
frontend/src/widgets/propose-training-dialog/index.tsx(325,19): error TS17004: Cannot use JSX unless the '--jsx' flag is provided.
frontend/src/widgets/propose-training-dialog/index.tsx(327,17): error TS17004: Cannot use JSX unless the '--jsx' flag is provided.
frontend/src/widgets/register-form/index.tsx(7,26): error TS2307: Cannot find module '@/shared/hooks/use-toast' or its corresponding type declarations.
frontend/src/widgets/register-form/index.tsx(17,8): error TS2307: Cannot find module '@/shared/ui/form' or its corresponding type declarations.
frontend/src/widgets/register-form/index.tsx(18,23): error TS2307: Cannot find module '@/shared/ui/input' or its corresponding type declarations.
frontend/src/widgets/register-form/index.tsx(19,24): error TS2307: Cannot find module '@/shared/ui/button' or its corresponding type declarations.
frontend/src/widgets/register-form/index.tsx(20,26): error TS2307: Cannot find module '@/features/auth/actions' or its corresponding type declarations.
frontend/src/widgets/register-form/index.tsx(21,32): error TS2307: Cannot find module '@/features/auth/schemas' or its corresponding type declarations.
frontend/src/widgets/register-form/index.tsx(23,53): error TS2307: Cannot find module '@/shared/ui/alert' or its corresponding type declarations.
frontend/src/widgets/register-form/index.tsx(30,8): error TS2307: Cannot find module '@/shared/ui/select' or its corresponding type declarations.
frontend/src/widgets/register-form/index.tsx(31,26): error TS2307: Cannot find module '@/shared/ui/checkbox' or its corresponding type declarations.
frontend/src/widgets/register-form/index.tsx(74,5): error TS17004: Cannot use JSX unless the '--jsx' flag is provided.
frontend/src/widgets/register-form/index.tsx(75,7): error TS17004: Cannot use JSX unless the '--jsx' flag is provided.
frontend/src/widgets/register-form/index.tsx(79,9): error TS17004: Cannot use JSX unless the '--jsx' flag is provided.
frontend/src/widgets/register-form/index.tsx(80,11): error TS17004: Cannot use JSX unless the '--jsx' flag is provided.
frontend/src/widgets/register-form/index.tsx(81,11): error TS17004: Cannot use JSX unless the '--jsx' flag is provided.
frontend/src/widgets/register-form/index.tsx(82,11): error TS17004: Cannot use JSX unless the '--jsx' flag is provided.
frontend/src/widgets/register-form/index.tsx(85,7): error TS17004: Cannot use JSX unless the '--jsx' flag is provided.
frontend/src/widgets/register-form/index.tsx(86,9): error TS17004: Cannot use JSX unless the '--jsx' flag is provided.
frontend/src/widgets/register-form/index.tsx(87,11): error TS17004: Cannot use JSX unless the '--jsx' flag is provided.
frontend/src/widgets/register-form/index.tsx(91,15): error TS17004: Cannot use JSX unless the '--jsx' flag is provided.
frontend/src/widgets/register-form/index.tsx(92,17): error TS17004: Cannot use JSX unless the '--jsx' flag is provided.
frontend/src/widgets/register-form/index.tsx(93,17): error TS17004: Cannot use JSX unless the '--jsx' flag is provided.
frontend/src/widgets/register-form/index.tsx(94,19): error TS17004: Cannot use JSX unless the '--jsx' flag is provided.
frontend/src/widgets/register-form/index.tsx(96,17): error TS17004: Cannot use JSX unless the '--jsx' flag is provided.
frontend/src/widgets/register-form/index.tsx(100,11): error TS17004: Cannot use JSX unless the '--jsx' flag is provided.
frontend/src/widgets/register-form/index.tsx(104,15): error TS17004: Cannot use JSX unless the '--jsx' flag is provided.
frontend/src/widgets/register-form/index.tsx(105,17): error TS17004: Cannot use JSX unless the '--jsx' flag is provided.
frontend/src/widgets/register-form/index.tsx(106,17): error TS17004: Cannot use JSX unless the '--jsx' flag is provided.
frontend/src/widgets/register-form/index.tsx(107,19): error TS17004: Cannot use JSX unless the '--jsx' flag is provided.
frontend/src/widgets/register-form/index.tsx(109,17): error TS17004: Cannot use JSX unless the '--jsx' flag is provided.
frontend/src/widgets/register-form/index.tsx(113,11): error TS17004: Cannot use JSX unless the '--jsx' flag is provided.
frontend/src/widgets/register-form/index.tsx(117,15): error TS17004: Cannot use JSX unless the '--jsx' flag is provided.
frontend/src/widgets/register-form/index.tsx(118,17): error TS17004: Cannot use JSX unless the '--jsx' flag is provided.
frontend/src/widgets/register-form/index.tsx(119,17): error TS17004: Cannot use JSX unless the '--jsx' flag is provided.
frontend/src/widgets/register-form/index.tsx(120,19): error TS17004: Cannot use JSX unless the '--jsx' flag is provided.
frontend/src/widgets/register-form/index.tsx(122,17): error TS17004: Cannot use JSX unless the '--jsx' flag is provided.
frontend/src/widgets/register-form/index.tsx(126,11): error TS17004: Cannot use JSX unless the '--jsx' flag is provided.
frontend/src/widgets/register-form/index.tsx(130,15): error TS17004: Cannot use JSX unless the '--jsx' flag is provided.
frontend/src/widgets/register-form/index.tsx(131,17): error TS17004: Cannot use JSX unless the '--jsx' flag is provided.
frontend/src/widgets/register-form/index.tsx(132,17): error TS17004: Cannot use JSX unless the '--jsx' flag is provided.
frontend/src/widgets/register-form/index.tsx(136,19): error TS17004: Cannot use JSX unless the '--jsx' flag is provided.
frontend/src/widgets/register-form/index.tsx(137,21): error TS17004: Cannot use JSX unless the '--jsx' flag is provided.
frontend/src/widgets/register-form/index.tsx(138,23): error TS17004: Cannot use JSX unless the '--jsx' flag is provided.
frontend/src/widgets/register-form/index.tsx(141,19): error TS17004: Cannot use JSX unless the '--jsx' flag is provided.
frontend/src/widgets/register-form/index.tsx(142,21): error TS17004: Cannot use JSX unless the '--jsx' flag is provided.
frontend/src/widgets/register-form/index.tsx(143,21): error TS17004: Cannot use JSX unless the '--jsx' flag is provided.
frontend/src/widgets/register-form/index.tsx(144,21): error TS17004: Cannot use JSX unless the '--jsx' flag is provided.
frontend/src/widgets/register-form/index.tsx(145,21): error TS17004: Cannot use JSX unless the '--jsx' flag is provided.
frontend/src/widgets/register-form/index.tsx(146,21): error TS17004: Cannot use JSX unless the '--jsx' flag is provided.
frontend/src/widgets/register-form/index.tsx(149,17): error TS17004: Cannot use JSX unless the '--jsx' flag is provided.
frontend/src/widgets/register-form/index.tsx(153,11): error TS17004: Cannot use JSX unless the '--jsx' flag is provided.
frontend/src/widgets/register-form/index.tsx(157,15): error TS17004: Cannot use JSX unless the '--jsx' flag is provided.
frontend/src/widgets/register-form/index.tsx(158,17): error TS17004: Cannot use JSX unless the '--jsx' flag is provided.
frontend/src/widgets/register-form/index.tsx(159,19): error TS17004: Cannot use JSX unless the '--jsx' flag is provided.
frontend/src/widgets/register-form/index.tsx(164,17): error TS17004: Cannot use JSX unless the '--jsx' flag is provided.
frontend/src/widgets/register-form/index.tsx(165,19): error TS17004: Cannot use JSX unless the '--jsx' flag is provided.
frontend/src/widgets/register-form/index.tsx(166,19): error TS17004: Cannot use JSX unless the '--jsx' flag is provided.
frontend/src/widgets/register-form/index.tsx(168,21): error TS17004: Cannot use JSX unless the '--jsx' flag is provided.
frontend/src/widgets/register-form/index.tsx(172,21): error TS17004: Cannot use JSX unless the '--jsx' flag is provided.
frontend/src/widgets/register-form/index.tsx(180,19): error TS17004: Cannot use JSX unless the '--jsx' flag is provided.
frontend/src/widgets/register-form/index.tsx(185,11): error TS17004: Cannot use JSX unless the '--jsx' flag is provided.
frontend/src/widgets/register-form/index.tsx(187,15): error TS17004: Cannot use JSX unless the '--jsx' flag is provided.
frontend/src/widgets/register-form/index.tsx(194,7): error TS17004: Cannot use JSX unless the '--jsx' flag is provided.
frontend/src/widgets/register-form/index.tsx(195,9): error TS17004: Cannot use JSX unless the '--jsx' flag is provided.
frontend/src/widgets/report-analysis-dialog/index.tsx(11,8): error TS2307: Cannot find module '@/shared/ui/dialog' or its corresponding type declarations.
frontend/src/widgets/report-analysis-dialog/index.tsx(12,24): error TS2307: Cannot find module '@/shared/ui/button' or its corresponding type declarations.
frontend/src/widgets/report-analysis-dialog/index.tsx(13,27): error TS2307: Cannot find module '@/shared/ui/separator' or its corresponding type declarations.
frontend/src/widgets/report-analysis-dialog/index.tsx(27,8): error TS2307: Cannot find module '@/shared/api/genkit/flows/analyze-report-flow' or its corresponding type declarations.
frontend/src/widgets/report-analysis-dialog/index.tsx(28,53): error TS2307: Cannot find module '@/shared/ui/alert' or its corresponding type declarations.
frontend/src/widgets/report-analysis-dialog/index.tsx(29,23): error TS2307: Cannot find module '@/shared/ui/badge' or its corresponding type declarations.
frontend/src/widgets/report-analysis-dialog/index.tsx(30,20): error TS2307: Cannot find module '@/shared/lib/utils' or its corresponding type declarations.
frontend/src/widgets/report-analysis-dialog/index.tsx(33,29): error TS2307: Cannot find module '@/entities/report/model/types' or its corresponding type declarations.
frontend/src/widgets/report-analysis-dialog/index.tsx(123,5): error TS17004: Cannot use JSX unless the '--jsx' flag is provided.
frontend/src/widgets/report-analysis-dialog/index.tsx(124,7): error TS17004: Cannot use JSX unless the '--jsx' flag is provided.
frontend/src/widgets/report-analysis-dialog/index.tsx(125,9): error TS17004: Cannot use JSX unless the '--jsx' flag is provided.
frontend/src/widgets/report-analysis-dialog/index.tsx(126,11): error TS17004: Cannot use JSX unless the '--jsx' flag is provided.
frontend/src/widgets/report-analysis-dialog/index.tsx(127,11): error TS17004: Cannot use JSX unless the '--jsx' flag is provided.
frontend/src/widgets/report-analysis-dialog/index.tsx(128,23): error TS17004: Cannot use JSX unless the '--jsx' flag is provided.
frontend/src/widgets/report-analysis-dialog/index.tsx(129,13): error TS17004: Cannot use JSX unless the '--jsx' flag is provided.
frontend/src/widgets/report-analysis-dialog/index.tsx(132,9): error TS17004: Cannot use JSX unless the '--jsx' flag is provided.
frontend/src/widgets/report-analysis-dialog/index.tsx(133,11): error TS17004: Cannot use JSX unless the '--jsx' flag is provided.
frontend/src/widgets/report-analysis-dialog/index.tsx(134,13): error TS17004: Cannot use JSX unless the '--jsx' flag is provided.
frontend/src/widgets/report-analysis-dialog/index.tsx(135,15): error TS17004: Cannot use JSX unless the '--jsx' flag is provided.
frontend/src/widgets/report-analysis-dialog/index.tsx(138,13): error TS17004: Cannot use JSX unless the '--jsx' flag is provided.
frontend/src/widgets/report-analysis-dialog/index.tsx(140,11): error TS17004: Cannot use JSX unless the '--jsx' flag is provided.
frontend/src/widgets/report-analysis-dialog/index.tsx(141,13): error TS17004: Cannot use JSX unless the '--jsx' flag is provided.
frontend/src/widgets/report-analysis-dialog/index.tsx(142,15): error TS17004: Cannot use JSX unless the '--jsx' flag is provided.
frontend/src/widgets/report-analysis-dialog/index.tsx(145,13): error TS17004: Cannot use JSX unless the '--jsx' flag is provided.
frontend/src/widgets/report-analysis-dialog/index.tsx(148,13): error TS17004: Cannot use JSX unless the '--jsx' flag is provided.
frontend/src/widgets/report-analysis-dialog/index.tsx(149,15): error TS17004: Cannot use JSX unless the '--jsx' flag is provided.
frontend/src/widgets/report-analysis-dialog/index.tsx(156,11): error TS17004: Cannot use JSX unless the '--jsx' flag is provided.
frontend/src/widgets/report-analysis-dialog/index.tsx(157,13): error TS17004: Cannot use JSX unless the '--jsx' flag is provided.
frontend/src/widgets/report-analysis-dialog/index.tsx(158,15): error TS17004: Cannot use JSX unless the '--jsx' flag is provided.
frontend/src/widgets/report-analysis-dialog/index.tsx(161,13): error TS17004: Cannot use JSX unless the '--jsx' flag is provided.
frontend/src/widgets/report-analysis-dialog/index.tsx(166,11): error TS17004: Cannot use JSX unless the '--jsx' flag is provided.
frontend/src/widgets/report-analysis-dialog/index.tsx(167,11): error TS17004: Cannot use JSX unless the '--jsx' flag is provided.
frontend/src/widgets/report-analysis-dialog/index.tsx(168,13): error TS17004: Cannot use JSX unless the '--jsx' flag is provided.
frontend/src/widgets/report-analysis-dialog/index.tsx(169,15): error TS17004: Cannot use JSX unless the '--jsx' flag is provided.
frontend/src/widgets/report-analysis-dialog/index.tsx(172,15): error TS17004: Cannot use JSX unless the '--jsx' flag is provided.
frontend/src/widgets/report-analysis-dialog/index.tsx(179,19): error TS17004: Cannot use JSX unless the '--jsx' flag is provided.
frontend/src/widgets/report-analysis-dialog/index.tsx(181,19): error TS17004: Cannot use JSX unless the '--jsx' flag is provided.
frontend/src/widgets/report-analysis-dialog/index.tsx(187,15): error TS17004: Cannot use JSX unless the '--jsx' flag is provided.
frontend/src/widgets/report-analysis-dialog/index.tsx(188,17): error TS17004: Cannot use JSX unless the '--jsx' flag is provided.
frontend/src/widgets/report-analysis-dialog/index.tsx(189,19): error TS17004: Cannot use JSX unless the '--jsx' flag is provided.
frontend/src/widgets/report-analysis-dialog/index.tsx(194,15): error TS17004: Cannot use JSX unless the '--jsx' flag is provided.
frontend/src/widgets/report-analysis-dialog/index.tsx(195,17): error TS17004: Cannot use JSX unless the '--jsx' flag is provided.
frontend/src/widgets/report-analysis-dialog/index.tsx(196,17): error TS17004: Cannot use JSX unless the '--jsx' flag is provided.
frontend/src/widgets/report-analysis-dialog/index.tsx(197,17): error TS17004: Cannot use JSX unless the '--jsx' flag is provided.
frontend/src/widgets/report-analysis-dialog/index.tsx(201,15): error TS17004: Cannot use JSX unless the '--jsx' flag is provided.
frontend/src/widgets/report-analysis-dialog/index.tsx(202,17): error TS17004: Cannot use JSX unless the '--jsx' flag is provided.
frontend/src/widgets/report-analysis-dialog/index.tsx(203,17): error TS17004: Cannot use JSX unless the '--jsx' flag is provided.
frontend/src/widgets/report-analysis-dialog/index.tsx(204,19): error TS17004: Cannot use JSX unless the '--jsx' flag is provided.
frontend/src/widgets/report-analysis-dialog/index.tsx(208,19): error TS17004: Cannot use JSX unless the '--jsx' flag is provided.
frontend/src/widgets/report-analysis-dialog/index.tsx(215,17): error TS17004: Cannot use JSX unless the '--jsx' flag is provided.
frontend/src/widgets/report-analysis-dialog/index.tsx(221,11): error TS17004: Cannot use JSX unless the '--jsx' flag is provided.
frontend/src/widgets/report-analysis-dialog/index.tsx(222,11): error TS17004: Cannot use JSX unless the '--jsx' flag is provided.
frontend/src/widgets/report-analysis-dialog/index.tsx(223,13): error TS17004: Cannot use JSX unless the '--jsx' flag is provided.
frontend/src/widgets/report-analysis-dialog/index.tsx(224,13): error TS17004: Cannot use JSX unless the '--jsx' flag is provided.
frontend/src/widgets/report-analysis-dialog/index.tsx(225,15): error TS17004: Cannot use JSX unless the '--jsx' flag is provided.
frontend/src/widgets/report-analysis-dialog/index.tsx(231,15): error TS17004: Cannot use JSX unless the '--jsx' flag is provided.
frontend/src/widgets/report-analysis-dialog/index.tsx(238,15): error TS17004: Cannot use JSX unless the '--jsx' flag is provided.
frontend/src/widgets/report-analysis-dialog/index.tsx(248,9): error TS17004: Cannot use JSX unless the '--jsx' flag is provided.
frontend/src/widgets/report-analysis-dialog/index.tsx(249,11): error TS17004: Cannot use JSX unless the '--jsx' flag is provided.
frontend/src/widgets/report-player-dialog/index.tsx(11,8): error TS2307: Cannot find module '@/shared/ui/dialog' or its corresponding type declarations.
frontend/src/widgets/report-player-dialog/index.tsx(12,24): error TS2307: Cannot find module '@/shared/ui/button' or its corresponding type declarations.
frontend/src/widgets/report-player-dialog/index.tsx(13,23): error TS2307: Cannot find module '@/shared/ui/label' or its corresponding type declarations.
frontend/src/widgets/report-player-dialog/index.tsx(14,26): error TS2307: Cannot find module '@/shared/ui/textarea' or its corresponding type declarations.
frontend/src/widgets/report-player-dialog/index.tsx(15,26): error TS2307: Cannot find module '@/shared/hooks/use-toast' or its corresponding type declarations.
frontend/src/widgets/report-player-dialog/index.tsx(23,8): error TS2307: Cannot find module '@/shared/ui/select' or its corresponding type declarations.
frontend/src/widgets/report-player-dialog/index.tsx(24,30): error TS2307: Cannot find module '@/entities/report/api/reports' or its corresponding type declarations.
frontend/src/widgets/report-player-dialog/index.tsx(97,5): error TS17004: Cannot use JSX unless the '--jsx' flag is provided.
frontend/src/widgets/report-player-dialog/index.tsx(98,7): error TS17004: Cannot use JSX unless the '--jsx' flag is provided.
frontend/src/widgets/report-player-dialog/index.tsx(99,9): error TS17004: Cannot use JSX unless the '--jsx' flag is provided.
frontend/src/widgets/report-player-dialog/index.tsx(100,11): error TS17004: Cannot use JSX unless the '--jsx' flag is provided.
frontend/src/widgets/report-player-dialog/index.tsx(101,13): error TS17004: Cannot use JSX unless the '--jsx' flag is provided.
frontend/src/widgets/report-player-dialog/index.tsx(104,11): error TS17004: Cannot use JSX unless the '--jsx' flag is provided.
frontend/src/widgets/report-player-dialog/index.tsx(109,9): error TS17004: Cannot use JSX unless the '--jsx' flag is provided.
frontend/src/widgets/report-player-dialog/index.tsx(110,11): error TS17004: Cannot use JSX unless the '--jsx' flag is provided.
frontend/src/widgets/report-player-dialog/index.tsx(111,13): error TS17004: Cannot use JSX unless the '--jsx' flag is provided.
frontend/src/widgets/report-player-dialog/index.tsx(112,13): error TS17004: Cannot use JSX unless the '--jsx' flag is provided.
frontend/src/widgets/report-player-dialog/index.tsx(113,15): error TS17004: Cannot use JSX unless the '--jsx' flag is provided.
frontend/src/widgets/report-player-dialog/index.tsx(114,17): error TS17004: Cannot use JSX unless the '--jsx' flag is provided.
frontend/src/widgets/report-player-dialog/index.tsx(116,15): error TS17004: Cannot use JSX unless the '--jsx' flag is provided.
frontend/src/widgets/report-player-dialog/index.tsx(118,19): error TS17004: Cannot use JSX unless the '--jsx' flag is provided.
frontend/src/widgets/report-player-dialog/index.tsx(125,11): error TS17004: Cannot use JSX unless the '--jsx' flag is provided.
frontend/src/widgets/report-player-dialog/index.tsx(126,13): error TS17004: Cannot use JSX unless the '--jsx' flag is provided.
frontend/src/widgets/report-player-dialog/index.tsx(127,13): error TS17004: Cannot use JSX unless the '--jsx' flag is provided.
frontend/src/widgets/report-player-dialog/index.tsx(135,9): error TS17004: Cannot use JSX unless the '--jsx' flag is provided.
frontend/src/widgets/report-player-dialog/index.tsx(136,11): error TS17004: Cannot use JSX unless the '--jsx' flag is provided.
frontend/src/widgets/report-player-dialog/index.tsx(139,11): error TS17004: Cannot use JSX unless the '--jsx' flag is provided.
frontend/src/widgets/report-player-dialog/index.tsx(144,30): error TS17004: Cannot use JSX unless the '--jsx' flag is provided.
frontend/src/widgets/report-playground-issue-dialog/index.tsx(7,24): error TS2307: Cannot find module '@/shared/ui/button' or its corresponding type declarations.
frontend/src/widgets/report-playground-issue-dialog/index.tsx(15,8): error TS2307: Cannot find module '@/shared/ui/dialog' or its corresponding type declarations.
frontend/src/widgets/report-playground-issue-dialog/index.tsx(23,8): error TS2307: Cannot find module '@/shared/ui/form' or its corresponding type declarations.
frontend/src/widgets/report-playground-issue-dialog/index.tsx(30,8): error TS2307: Cannot find module '@/shared/ui/select' or its corresponding type declarations.
frontend/src/widgets/report-playground-issue-dialog/index.tsx(31,26): error TS2307: Cannot find module '@/shared/ui/textarea' or its corresponding type declarations.
frontend/src/widgets/report-playground-issue-dialog/index.tsx(83,5): error TS17004: Cannot use JSX unless the '--jsx' flag is provided.
frontend/src/widgets/report-playground-issue-dialog/index.tsx(84,7): error TS17004: Cannot use JSX unless the '--jsx' flag is provided.
frontend/src/widgets/report-playground-issue-dialog/index.tsx(85,9): error TS17004: Cannot use JSX unless the '--jsx' flag is provided.
frontend/src/widgets/report-playground-issue-dialog/index.tsx(86,11): error TS17004: Cannot use JSX unless the '--jsx' flag is provided.
frontend/src/widgets/report-playground-issue-dialog/index.tsx(87,13): error TS17004: Cannot use JSX unless the '--jsx' flag is provided.
frontend/src/widgets/report-playground-issue-dialog/index.tsx(88,15): error TS17004: Cannot use JSX unless the '--jsx' flag is provided.
frontend/src/widgets/report-playground-issue-dialog/index.tsx(91,15): error TS17004: Cannot use JSX unless the '--jsx' flag is provided.
frontend/src/widgets/report-playground-issue-dialog/index.tsx(95,13): error TS17004: Cannot use JSX unless the '--jsx' flag is provided.
frontend/src/widgets/report-playground-issue-dialog/index.tsx(96,15): error TS17004: Cannot use JSX unless the '--jsx' flag is provided.
frontend/src/widgets/report-playground-issue-dialog/index.tsx(100,19): error TS17004: Cannot use JSX unless the '--jsx' flag is provided.
frontend/src/widgets/report-playground-issue-dialog/index.tsx(101,21): error TS17004: Cannot use JSX unless the '--jsx' flag is provided.
frontend/src/widgets/report-playground-issue-dialog/index.tsx(102,21): error TS17004: Cannot use JSX unless the '--jsx' flag is provided.
frontend/src/widgets/report-playground-issue-dialog/index.tsx(106,23): error TS17004: Cannot use JSX unless the '--jsx' flag is provided.
frontend/src/widgets/report-playground-issue-dialog/index.tsx(107,25): error TS17004: Cannot use JSX unless the '--jsx' flag is provided.
frontend/src/widgets/report-playground-issue-dialog/index.tsx(108,27): error TS17004: Cannot use JSX unless the '--jsx' flag is provided.
frontend/src/widgets/report-playground-issue-dialog/index.tsx(111,23): error TS17004: Cannot use JSX unless the '--jsx' flag is provided.
frontend/src/widgets/report-playground-issue-dialog/index.tsx(113,27): error TS17004: Cannot use JSX unless the '--jsx' flag is provided.
frontend/src/widgets/report-playground-issue-dialog/index.tsx(119,21): error TS17004: Cannot use JSX unless the '--jsx' flag is provided.
frontend/src/widgets/report-playground-issue-dialog/index.tsx(123,15): error TS17004: Cannot use JSX unless the '--jsx' flag is provided.
frontend/src/widgets/report-playground-issue-dialog/index.tsx(127,19): error TS17004: Cannot use JSX unless the '--jsx' flag is provided.
frontend/src/widgets/report-playground-issue-dialog/index.tsx(128,21): error TS17004: Cannot use JSX unless the '--jsx' flag is provided.
frontend/src/widgets/report-playground-issue-dialog/index.tsx(129,21): error TS17004: Cannot use JSX unless the '--jsx' flag is provided.
frontend/src/widgets/report-playground-issue-dialog/index.tsx(130,23): error TS17004: Cannot use JSX unless the '--jsx' flag is provided.
frontend/src/widgets/report-playground-issue-dialog/index.tsx(135,21): error TS17004: Cannot use JSX unless the '--jsx' flag is provided.
frontend/src/widgets/report-playground-issue-dialog/index.tsx(140,13): error TS17004: Cannot use JSX unless the '--jsx' flag is provided.
frontend/src/widgets/report-playground-issue-dialog/index.tsx(141,15): error TS17004: Cannot use JSX unless the '--jsx' flag is provided.
frontend/src/widgets/report-playground-issue-dialog/index.tsx(148,15): error TS17004: Cannot use JSX unless the '--jsx' flag is provided.
frontend/src/widgets/report-playground-issue-dialog/index.tsx(150,19): error TS17004: Cannot use JSX unless the '--jsx' flag is provided.
frontend/src/widgets/rest-timer/index.tsx(4,58): error TS2307: Cannot find module '@/shared/ui/card' or its corresponding type declarations.
frontend/src/widgets/rest-timer/index.tsx(5,24): error TS2307: Cannot find module '@/shared/ui/button' or its corresponding type declarations.
frontend/src/widgets/rest-timer/index.tsx(7,26): error TS2307: Cannot find module '@/shared/hooks/use-toast' or its corresponding type declarations.
frontend/src/widgets/rest-timer/index.tsx(66,5): error TS17004: Cannot use JSX unless the '--jsx' flag is provided.
frontend/src/widgets/rest-timer/index.tsx(67,7): error TS17004: Cannot use JSX unless the '--jsx' flag is provided.
frontend/src/widgets/rest-timer/index.tsx(68,9): error TS17004: Cannot use JSX unless the '--jsx' flag is provided.
frontend/src/widgets/rest-timer/index.tsx(69,11): error TS17004: Cannot use JSX unless the '--jsx' flag is provided.
frontend/src/widgets/rest-timer/index.tsx(71,9): error TS17004: Cannot use JSX unless the '--jsx' flag is provided.
frontend/src/widgets/rest-timer/index.tsx(73,13): error TS17004: Cannot use JSX unless the '--jsx' flag is provided.
frontend/src/widgets/rest-timer/index.tsx(84,7): error TS17004: Cannot use JSX unless the '--jsx' flag is provided.
frontend/src/widgets/rest-timer/index.tsx(85,9): error TS17004: Cannot use JSX unless the '--jsx' flag is provided.
frontend/src/widgets/rest-timer/index.tsx(86,9): error TS17004: Cannot use JSX unless the '--jsx' flag is provided.
frontend/src/widgets/rest-timer/index.tsx(87,11): error TS17004: Cannot use JSX unless the '--jsx' flag is provided.
frontend/src/widgets/rest-timer/index.tsx(93,13): error TS17004: Cannot use JSX unless the '--jsx' flag is provided.
frontend/src/widgets/rest-timer/index.tsx(95,11): error TS17004: Cannot use JSX unless the '--jsx' flag is provided.
frontend/src/widgets/rest-timer/index.tsx(102,15): error TS17004: Cannot use JSX unless the '--jsx' flag is provided.
frontend/src/widgets/rest-timer/index.tsx(104,15): error TS17004: Cannot use JSX unless the '--jsx' flag is provided.
frontend/src/widgets/roster-management-tab/index.tsx(10,8): error TS2307: Cannot find module '@/shared/ui/card' or its corresponding type declarations.
frontend/src/widgets/roster-management-tab/index.tsx(11,24): error TS2307: Cannot find module '@/shared/ui/button' or its corresponding type declarations.
frontend/src/widgets/roster-management-tab/index.tsx(19,8): error TS2307: Cannot find module '@/shared/ui/table' or its corresponding type declarations.
frontend/src/widgets/roster-management-tab/index.tsx(20,53): error TS2307: Cannot find module '@/shared/ui/avatar' or its corresponding type declarations.
frontend/src/widgets/roster-management-tab/index.tsx(22,26): error TS2307: Cannot find module '@/shared/hooks/use-toast' or its corresponding type declarations.
frontend/src/widgets/roster-management-tab/index.tsx(24,49): error TS2307: Cannot find module '@/entities/team/api/teams' or its corresponding type declarations.
frontend/src/widgets/roster-management-tab/index.tsx(25,26): error TS2307: Cannot find module '@/shared/ui/skeleton' or its corresponding type declarations.
frontend/src/widgets/roster-management-tab/index.tsx(26,42): error TS2307: Cannot find module '@/entities/team/api/teams' or its corresponding type declarations.
frontend/src/widgets/roster-management-tab/index.tsx(27,28): error TS2307: Cannot find module '@/shared/lib/session/client' or its corresponding type declarations.
frontend/src/widgets/roster-management-tab/index.tsx(28,39): error TS2307: Cannot find module '@/entities/team/model/types' or its corresponding type declarations.
frontend/src/widgets/roster-management-tab/index.tsx(93,7): error TS17004: Cannot use JSX unless the '--jsx' flag is provided.
frontend/src/widgets/roster-management-tab/index.tsx(94,9): error TS17004: Cannot use JSX unless the '--jsx' flag is provided.
frontend/src/widgets/roster-management-tab/index.tsx(95,11): error TS17004: Cannot use JSX unless the '--jsx' flag is provided.
frontend/src/widgets/roster-management-tab/index.tsx(96,11): error TS17004: Cannot use JSX unless the '--jsx' flag is provided.
frontend/src/widgets/roster-management-tab/index.tsx(98,9): error TS17004: Cannot use JSX unless the '--jsx' flag is provided.
frontend/src/widgets/roster-management-tab/index.tsx(99,11): error TS17004: Cannot use JSX unless the '--jsx' flag is provided.
frontend/src/widgets/roster-management-tab/index.tsx(100,13): error TS17004: Cannot use JSX unless the '--jsx' flag is provided.
frontend/src/widgets/roster-management-tab/index.tsx(101,13): error TS17004: Cannot use JSX unless the '--jsx' flag is provided.
frontend/src/widgets/roster-management-tab/index.tsx(102,13): error TS17004: Cannot use JSX unless the '--jsx' flag is provided.
frontend/src/widgets/roster-management-tab/index.tsx(110,12): error TS17004: Cannot use JSX unless the '--jsx' flag is provided.
frontend/src/widgets/roster-management-tab/index.tsx(117,5): error TS17004: Cannot use JSX unless the '--jsx' flag is provided.
frontend/src/widgets/roster-management-tab/index.tsx(118,7): error TS17004: Cannot use JSX unless the '--jsx' flag is provided.
frontend/src/widgets/roster-management-tab/index.tsx(119,9): error TS17004: Cannot use JSX unless the '--jsx' flag is provided.
frontend/src/widgets/roster-management-tab/index.tsx(120,9): error TS17004: Cannot use JSX unless the '--jsx' flag is provided.
frontend/src/widgets/roster-management-tab/index.tsx(124,7): error TS17004: Cannot use JSX unless the '--jsx' flag is provided.
frontend/src/widgets/roster-management-tab/index.tsx(125,9): error TS17004: Cannot use JSX unless the '--jsx' flag is provided.
frontend/src/widgets/roster-management-tab/index.tsx(126,11): error TS17004: Cannot use JSX unless the '--jsx' flag is provided.
frontend/src/widgets/roster-management-tab/index.tsx(127,13): error TS17004: Cannot use JSX unless the '--jsx' flag is provided.
frontend/src/widgets/roster-management-tab/index.tsx(128,15): error TS17004: Cannot use JSX unless the '--jsx' flag is provided.
frontend/src/widgets/roster-management-tab/index.tsx(129,15): error TS17004: Cannot use JSX unless the '--jsx' flag is provided.
frontend/src/widgets/roster-management-tab/index.tsx(131,17): error TS17004: Cannot use JSX unless the '--jsx' flag is provided.
frontend/src/widgets/roster-management-tab/index.tsx(135,11): error TS17004: Cannot use JSX unless the '--jsx' flag is provided.
frontend/src/widgets/roster-management-tab/index.tsx(137,15): error TS17004: Cannot use JSX unless the '--jsx' flag is provided.
frontend/src/widgets/roster-management-tab/index.tsx(138,17): error TS17004: Cannot use JSX unless the '--jsx' flag is provided.
frontend/src/widgets/roster-management-tab/index.tsx(139,19): error TS17004: Cannot use JSX unless the '--jsx' flag is provided.
frontend/src/widgets/roster-management-tab/index.tsx(140,21): error TS17004: Cannot use JSX unless the '--jsx' flag is provided.
frontend/src/widgets/roster-management-tab/index.tsx(141,21): error TS17004: Cannot use JSX unless the '--jsx' flag is provided.
frontend/src/widgets/roster-management-tab/index.tsx(145,17): error TS17004: Cannot use JSX unless the '--jsx' flag is provided.
frontend/src/widgets/roster-management-tab/index.tsx(149,19): error TS17004: Cannot use JSX unless the '--jsx' flag is provided.
frontend/src/widgets/roster-management-tab/index.tsx(150,21): error TS17004: Cannot use JSX unless the '--jsx' flag is provided.
frontend/src/widgets/roster-management-tab/index.tsx(157,25): error TS17004: Cannot use JSX unless the '--jsx' flag is provided.
frontend/src/widgets/roster-management-tab/index.tsx(159,25): error TS17004: Cannot use JSX unless the '--jsx' flag is provided.
frontend/src/widgets/roster-management-tab/index.tsx(163,21): error TS17004: Cannot use JSX unless the '--jsx' flag is provided.
frontend/src/widgets/roster-management-tab/index.tsx(170,25): error TS17004: Cannot use JSX unless the '--jsx' flag is provided.
frontend/src/widgets/roster-management-tab/index.tsx(172,25): error TS17004: Cannot use JSX unless the '--jsx' flag is provided.
frontend/src/widgets/schedule-practice-dialog/index.tsx(14,8): error TS2307: Cannot find module '@/shared/ui/form' or its corresponding type declarations.
frontend/src/widgets/schedule-practice-dialog/index.tsx(15,23): error TS2307: Cannot find module '@/shared/ui/input' or its corresponding type declarations.
frontend/src/widgets/schedule-practice-dialog/index.tsx(16,24): error TS2307: Cannot find module '@/shared/ui/button' or its corresponding type declarations.
frontend/src/widgets/schedule-practice-dialog/index.tsx(17,26): error TS2307: Cannot find module '@/shared/ui/textarea' or its corresponding type declarations.
frontend/src/widgets/schedule-practice-dialog/index.tsx(18,57): error TS2307: Cannot find module '@/shared/ui/popover' or its corresponding type declarations.
frontend/src/widgets/schedule-practice-dialog/index.tsx(19,26): error TS2307: Cannot find module '@/shared/ui/calendar' or its corresponding type declarations.
frontend/src/widgets/schedule-practice-dialog/index.tsx(20,20): error TS2307: Cannot find module '@/shared/lib/utils' or its corresponding type declarations.
frontend/src/widgets/schedule-practice-dialog/index.tsx(31,8): error TS2307: Cannot find module '@/shared/ui/dialog' or its corresponding type declarations.
frontend/src/widgets/schedule-practice-dialog/index.tsx(32,32): error TS2307: Cannot find module '@/entities/playground/api/playgrounds' or its corresponding type declarations.
frontend/src/widgets/schedule-practice-dialog/index.tsx(33,33): error TS2307: Cannot find module '@/entities/playground/model/types' or its corresponding type declarations.
frontend/src/widgets/schedule-practice-dialog/index.tsx(40,8): error TS2307: Cannot find module '@/shared/ui/select' or its corresponding type declarations.
frontend/src/widgets/schedule-practice-dialog/index.tsx(99,5): error TS17004: Cannot use JSX unless the '--jsx' flag is provided.
frontend/src/widgets/schedule-practice-dialog/index.tsx(100,7): error TS17004: Cannot use JSX unless the '--jsx' flag is provided.
frontend/src/widgets/schedule-practice-dialog/index.tsx(101,9): error TS17004: Cannot use JSX unless the '--jsx' flag is provided.
frontend/src/widgets/schedule-practice-dialog/index.tsx(102,11): error TS17004: Cannot use JSX unless the '--jsx' flag is provided.
frontend/src/widgets/schedule-practice-dialog/index.tsx(103,13): error TS17004: Cannot use JSX unless the '--jsx' flag is provided.
frontend/src/widgets/schedule-practice-dialog/index.tsx(104,15): error TS17004: Cannot use JSX unless the '--jsx' flag is provided.
frontend/src/widgets/schedule-practice-dialog/index.tsx(105,15): error TS17004: Cannot use JSX unless the '--jsx' flag is provided.
frontend/src/widgets/schedule-practice-dialog/index.tsx(109,13): error TS17004: Cannot use JSX unless the '--jsx' flag is provided.
frontend/src/widgets/schedule-practice-dialog/index.tsx(110,15): error TS17004: Cannot use JSX unless the '--jsx' flag is provided.
frontend/src/widgets/schedule-practice-dialog/index.tsx(114,19): error TS17004: Cannot use JSX unless the '--jsx' flag is provided.
frontend/src/widgets/schedule-practice-dialog/index.tsx(115,21): error TS17004: Cannot use JSX unless the '--jsx' flag is provided.
frontend/src/widgets/schedule-practice-dialog/index.tsx(116,21): error TS17004: Cannot use JSX unless the '--jsx' flag is provided.
frontend/src/widgets/schedule-practice-dialog/index.tsx(117,23): error TS17004: Cannot use JSX unless the '--jsx' flag is provided.
frontend/src/widgets/schedule-practice-dialog/index.tsx(122,21): error TS17004: Cannot use JSX unless the '--jsx' flag is provided.
frontend/src/widgets/schedule-practice-dialog/index.tsx(126,15): error TS17004: Cannot use JSX unless the '--jsx' flag is provided.
frontend/src/widgets/schedule-practice-dialog/index.tsx(127,17): error TS17004: Cannot use JSX unless the '--jsx' flag is provided.
frontend/src/widgets/schedule-practice-dialog/index.tsx(131,21): error TS17004: Cannot use JSX unless the '--jsx' flag is provided.
frontend/src/widgets/schedule-practice-dialog/index.tsx(132,23): error TS17004: Cannot use JSX unless the '--jsx' flag is provided.
frontend/src/widgets/schedule-practice-dialog/index.tsx(133,23): error TS17004: Cannot use JSX unless the '--jsx' flag is provided.
frontend/src/widgets/schedule-practice-dialog/index.tsx(134,25): error TS17004: Cannot use JSX unless the '--jsx' flag is provided.
frontend/src/widgets/schedule-practice-dialog/index.tsx(135,27): error TS17004: Cannot use JSX unless the '--jsx' flag is provided.
frontend/src/widgets/schedule-practice-dialog/index.tsx(136,29): error TS17004: Cannot use JSX unless the '--jsx' flag is provided.
frontend/src/widgets/schedule-practice-dialog/index.tsx(146,33): error TS17004: Cannot use JSX unless the '--jsx' flag is provided.
frontend/src/widgets/schedule-practice-dialog/index.tsx(148,31): error TS17004: Cannot use JSX unless the '--jsx' flag is provided.
frontend/src/widgets/schedule-practice-dialog/index.tsx(152,25): error TS17004: Cannot use JSX unless the '--jsx' flag is provided.
frontend/src/widgets/schedule-practice-dialog/index.tsx(153,27): error TS17004: Cannot use JSX unless the '--jsx' flag is provided.
frontend/src/widgets/schedule-practice-dialog/index.tsx(162,23): error TS17004: Cannot use JSX unless the '--jsx' flag is provided.
frontend/src/widgets/schedule-practice-dialog/index.tsx(166,17): error TS17004: Cannot use JSX unless the '--jsx' flag is provided.
frontend/src/widgets/schedule-practice-dialog/index.tsx(170,21): error TS17004: Cannot use JSX unless the '--jsx' flag is provided.
frontend/src/widgets/schedule-practice-dialog/index.tsx(171,23): error TS17004: Cannot use JSX unless the '--jsx' flag is provided.
frontend/src/widgets/schedule-practice-dialog/index.tsx(172,23): error TS17004: Cannot use JSX unless the '--jsx' flag is provided.
frontend/src/widgets/schedule-practice-dialog/index.tsx(173,25): error TS17004: Cannot use JSX unless the '--jsx' flag is provided.
frontend/src/widgets/schedule-practice-dialog/index.tsx(175,23): error TS17004: Cannot use JSX unless the '--jsx' flag is provided.
frontend/src/widgets/schedule-practice-dialog/index.tsx(180,15): error TS17004: Cannot use JSX unless the '--jsx' flag is provided.
frontend/src/widgets/schedule-practice-dialog/index.tsx(184,19): error TS17004: Cannot use JSX unless the '--jsx' flag is provided.
frontend/src/widgets/schedule-practice-dialog/index.tsx(185,21): error TS17004: Cannot use JSX unless the '--jsx' flag is provided.
frontend/src/widgets/schedule-practice-dialog/index.tsx(186,21): error TS17004: Cannot use JSX unless the '--jsx' flag is provided.
frontend/src/widgets/schedule-practice-dialog/index.tsx(190,23): error TS17004: Cannot use JSX unless the '--jsx' flag is provided.
frontend/src/widgets/schedule-practice-dialog/index.tsx(191,25): error TS17004: Cannot use JSX unless the '--jsx' flag is provided.
frontend/src/widgets/schedule-practice-dialog/index.tsx(192,27): error TS17004: Cannot use JSX unless the '--jsx' flag is provided.
frontend/src/widgets/schedule-practice-dialog/index.tsx(195,23): error TS17004: Cannot use JSX unless the '--jsx' flag is provided.
frontend/src/widgets/schedule-practice-dialog/index.tsx(197,27): error TS17004: Cannot use JSX unless the '--jsx' flag is provided.
frontend/src/widgets/schedule-practice-dialog/index.tsx(203,21): error TS17004: Cannot use JSX unless the '--jsx' flag is provided.
frontend/src/widgets/schedule-practice-dialog/index.tsx(207,15): error TS17004: Cannot use JSX unless the '--jsx' flag is provided.
frontend/src/widgets/schedule-practice-dialog/index.tsx(211,19): error TS17004: Cannot use JSX unless the '--jsx' flag is provided.
frontend/src/widgets/schedule-practice-dialog/index.tsx(212,21): error TS17004: Cannot use JSX unless the '--jsx' flag is provided.
frontend/src/widgets/schedule-practice-dialog/index.tsx(213,21): error TS17004: Cannot use JSX unless the '--jsx' flag is provided.
frontend/src/widgets/schedule-practice-dialog/index.tsx(214,23): error TS17004: Cannot use JSX unless the '--jsx' flag is provided.
frontend/src/widgets/schedule-practice-dialog/index.tsx(219,21): error TS17004: Cannot use JSX unless the '--jsx' flag is provided.
frontend/src/widgets/schedule-practice-dialog/index.tsx(224,13): error TS17004: Cannot use JSX unless the '--jsx' flag is provided.
frontend/src/widgets/schedule-practice-dialog/index.tsx(225,15): error TS17004: Cannot use JSX unless the '--jsx' flag is provided.
frontend/src/widgets/schedule-practice-dialog/index.tsx(232,15): error TS17004: Cannot use JSX unless the '--jsx' flag is provided.
frontend/src/widgets/schedule-practice-dialog/index.tsx(234,19): error TS17004: Cannot use JSX unless the '--jsx' flag is provided.
frontend/src/widgets/security-settings-tab/index.tsx(4,24): error TS2307: Cannot find module '@/shared/ui/button' or its corresponding type declarations.
frontend/src/widgets/security-settings-tab/index.tsx(11,8): error TS2307: Cannot find module '@/shared/ui/card' or its corresponding type declarations.
frontend/src/widgets/security-settings-tab/index.tsx(23,8): error TS2307: Cannot find module '@/shared/api/genkit/flows/analyze-security-flow' or its corresponding type declarations.
frontend/src/widgets/security-settings-tab/index.tsx(24,53): error TS2307: Cannot find module '@/shared/ui/alert' or its corresponding type declarations.
frontend/src/widgets/security-settings-tab/index.tsx(25,26): error TS2307: Cannot find module '@/shared/ui/skeleton' or its corresponding type declarations.
frontend/src/widgets/security-settings-tab/index.tsx(37,14): error TS17004: Cannot use JSX unless the '--jsx' flag is provided.
frontend/src/widgets/security-settings-tab/index.tsx(39,14): error TS17004: Cannot use JSX unless the '--jsx' flag is provided.
frontend/src/widgets/security-settings-tab/index.tsx(41,14): error TS17004: Cannot use JSX unless the '--jsx' flag is provided.
frontend/src/widgets/security-settings-tab/index.tsx(43,14): error TS17004: Cannot use JSX unless the '--jsx' flag is provided.
frontend/src/widgets/security-settings-tab/index.tsx(72,5): error TS17004: Cannot use JSX unless the '--jsx' flag is provided.
frontend/src/widgets/security-settings-tab/index.tsx(73,7): error TS17004: Cannot use JSX unless the '--jsx' flag is provided.
frontend/src/widgets/security-settings-tab/index.tsx(74,9): error TS17004: Cannot use JSX unless the '--jsx' flag is provided.
frontend/src/widgets/security-settings-tab/index.tsx(75,9): error TS17004: Cannot use JSX unless the '--jsx' flag is provided.
frontend/src/widgets/security-settings-tab/index.tsx(81,7): error TS17004: Cannot use JSX unless the '--jsx' flag is provided.
frontend/src/widgets/security-settings-tab/index.tsx(82,9): error TS17004: Cannot use JSX unless the '--jsx' flag is provided.
frontend/src/widgets/security-settings-tab/index.tsx(84,13): error TS17004: Cannot use JSX unless the '--jsx' flag is provided.
frontend/src/widgets/security-settings-tab/index.tsx(86,13): error TS17004: Cannot use JSX unless the '--jsx' flag is provided.
frontend/src/widgets/security-settings-tab/index.tsx(91,23): error TS17004: Cannot use JSX unless the '--jsx' flag is provided.
frontend/src/widgets/security-settings-tab/index.tsx(94,11): error TS17004: Cannot use JSX unless the '--jsx' flag is provided.
frontend/src/widgets/security-settings-tab/index.tsx(95,13): error TS17004: Cannot use JSX unless the '--jsx' flag is provided.
frontend/src/widgets/security-settings-tab/index.tsx(96,13): error TS17004: Cannot use JSX unless the '--jsx' flag is provided.
frontend/src/widgets/security-settings-tab/index.tsx(97,13): error TS17004: Cannot use JSX unless the '--jsx' flag is provided.
frontend/src/widgets/security-settings-tab/index.tsx(102,11): error TS17004: Cannot use JSX unless the '--jsx' flag is provided.
frontend/src/widgets/security-settings-tab/index.tsx(103,13): error TS17004: Cannot use JSX unless the '--jsx' flag is provided.
frontend/src/widgets/security-settings-tab/index.tsx(105,15): error TS17004: Cannot use JSX unless the '--jsx' flag is provided.
frontend/src/widgets/security-settings-tab/index.tsx(106,17): error TS17004: Cannot use JSX unless the '--jsx' flag is provided.
frontend/src/widgets/security-settings-tab/index.tsx(107,17): error TS17004: Cannot use JSX unless the '--jsx' flag is provided.
frontend/src/widgets/security-settings-tab/index.tsx(108,17): error TS17004: Cannot use JSX unless the '--jsx' flag is provided.
frontend/src/widgets/security-settings-tab/index.tsx(115,17): error TS17004: Cannot use JSX unless the '--jsx' flag is provided.
frontend/src/widgets/security-settings-tab/index.tsx(120,19): error TS17004: Cannot use JSX unless the '--jsx' flag is provided.
frontend/src/widgets/security-settings-tab/index.tsx(121,19): error TS17004: Cannot use JSX unless the '--jsx' flag is provided.
frontend/src/widgets/sponsor-scout/index.tsx(11,8): error TS2307: Cannot find module '@/shared/ui/card' or its corresponding type declarations.
frontend/src/widgets/sponsor-scout/index.tsx(12,24): error TS2307: Cannot find module '@/shared/ui/button' or its corresponding type declarations.
frontend/src/widgets/sponsor-scout/index.tsx(16,8): error TS2307: Cannot find module '@/shared/api/genkit/flows/sponsorship-scout-flow' or its corresponding type declarations.
frontend/src/widgets/sponsor-scout/index.tsx(17,26): error TS2307: Cannot find module '@/shared/ui/textarea' or its corresponding type declarations.
frontend/src/widgets/sponsor-scout/index.tsx(19,26): error TS2307: Cannot find module '@/shared/hooks/use-toast' or its corresponding type declarations.
frontend/src/widgets/sponsor-scout/index.tsx(20,53): error TS2307: Cannot find module '@/shared/ui/alert' or its corresponding type declarations.
frontend/src/widgets/sponsor-scout/index.tsx(23,26): error TS2307: Cannot find module '@/shared/ui/skeleton' or its corresponding type declarations.
frontend/src/widgets/sponsor-scout/index.tsx(24,52): error TS2307: Cannot find module '@/shared/api/genkit/flows/sponsorship-scout-flow' or its corresponding type declarations.
frontend/src/widgets/sponsor-scout/index.tsx(64,5): error TS17004: Cannot use JSX unless the '--jsx' flag is provided.
frontend/src/widgets/sponsor-scout/index.tsx(65,7): error TS17004: Cannot use JSX unless the '--jsx' flag is provided.
frontend/src/widgets/sponsor-scout/index.tsx(66,9): error TS17004: Cannot use JSX unless the '--jsx' flag is provided.
frontend/src/widgets/sponsor-scout/index.tsx(67,11): error TS17004: Cannot use JSX unless the '--jsx' flag is provided.
frontend/src/widgets/sponsor-scout/index.tsx(68,13): error TS17004: Cannot use JSX unless the '--jsx' flag is provided.
frontend/src/widgets/sponsor-scout/index.tsx(70,11): error TS17004: Cannot use JSX unless the '--jsx' flag is provided.
frontend/src/widgets/sponsor-scout/index.tsx(75,9): error TS17004: Cannot use JSX unless the '--jsx' flag is provided.
frontend/src/widgets/sponsor-scout/index.tsx(76,11): error TS17004: Cannot use JSX unless the '--jsx' flag is provided.
frontend/src/widgets/sponsor-scout/index.tsx(84,13): error TS17004: Cannot use JSX unless the '--jsx' flag is provided.
frontend/src/widgets/sponsor-scout/index.tsx(85,15): error TS17004: Cannot use JSX unless the '--jsx' flag is provided.
frontend/src/widgets/sponsor-scout/index.tsx(86,15): error TS17004: Cannot use JSX unless the '--jsx' flag is provided.
frontend/src/widgets/sponsor-scout/index.tsx(90,9): error TS17004: Cannot use JSX unless the '--jsx' flag is provided.
frontend/src/widgets/sponsor-scout/index.tsx(91,11): error TS17004: Cannot use JSX unless the '--jsx' flag is provided.
frontend/src/widgets/sponsor-scout/index.tsx(93,15): error TS17004: Cannot use JSX unless the '--jsx' flag is provided.
frontend/src/widgets/sponsor-scout/index.tsx(95,15): error TS17004: Cannot use JSX unless the '--jsx' flag is provided.
frontend/src/widgets/sponsor-scout/index.tsx(102,7): error TS17004: Cannot use JSX unless the '--jsx' flag is provided.
frontend/src/widgets/sponsor-scout/index.tsx(105,13): error TS17004: Cannot use JSX unless the '--jsx' flag is provided.
frontend/src/widgets/sponsor-scout/index.tsx(109,11): error TS17004: Cannot use JSX unless the '--jsx' flag is provided.
frontend/src/widgets/sponsor-scout/index.tsx(110,13): error TS17004: Cannot use JSX unless the '--jsx' flag is provided.
frontend/src/widgets/sponsor-scout/index.tsx(111,15): error TS17004: Cannot use JSX unless the '--jsx' flag is provided.
frontend/src/widgets/sponsor-scout/index.tsx(112,15): error TS17004: Cannot use JSX unless the '--jsx' flag is provided.
frontend/src/widgets/sponsor-scout/index.tsx(113,15): error TS17004: Cannot use JSX unless the '--jsx' flag is provided.
frontend/src/widgets/sponsor-scout/index.tsx(116,15): error TS17004: Cannot use JSX unless the '--jsx' flag is provided.
frontend/src/widgets/sponsor-scout/index.tsx(117,17): error TS17004: Cannot use JSX unless the '--jsx' flag is provided.
frontend/src/widgets/sponsor-scout/index.tsx(118,19): error TS17004: Cannot use JSX unless the '--jsx' flag is provided.
frontend/src/widgets/sponsor-scout/index.tsx(119,21): error TS17004: Cannot use JSX unless the '--jsx' flag is provided.
frontend/src/widgets/sponsor-scout/index.tsx(127,21): error TS17004: Cannot use JSX unless the '--jsx' flag is provided.
frontend/src/widgets/sponsor-scout/index.tsx(128,23): error TS17004: Cannot use JSX unless the '--jsx' flag is provided.
frontend/src/widgets/sponsor-scout/index.tsx(129,25): error TS17004: Cannot use JSX unless the '--jsx' flag is provided.
frontend/src/widgets/sponsor-scout/index.tsx(131,23): error TS17004: Cannot use JSX unless the '--jsx' flag is provided.
frontend/src/widgets/sponsor-scout/index.tsx(134,19): error TS17004: Cannot use JSX unless the '--jsx' flag is provided.
frontend/src/widgets/sponsor-scout/index.tsx(135,21): error TS17004: Cannot use JSX unless the '--jsx' flag is provided.
frontend/src/widgets/sponsor-scout/index.tsx(145,9): error TS17004: Cannot use JSX unless the '--jsx' flag is provided.
frontend/src/widgets/sponsor-scout/index.tsx(146,11): error TS17004: Cannot use JSX unless the '--jsx' flag is provided.
frontend/src/widgets/sponsorship-dashboard/index.tsx(9,8): error TS2307: Cannot find module '@/shared/ui/card' or its corresponding type declarations.
frontend/src/widgets/sponsorship-dashboard/index.tsx(10,24): error TS2307: Cannot find module '@/shared/ui/button' or its corresponding type declarations.
frontend/src/widgets/sponsorship-dashboard/index.tsx(28,8): error TS2307: Cannot find module '@/shared/ui/table' or its corresponding type declarations.
frontend/src/widgets/sponsorship-dashboard/index.tsx(29,26): error TS2307: Cannot find module '@/shared/hooks/use-toast' or its corresponding type declarations.
frontend/src/widgets/sponsorship-dashboard/index.tsx(30,47): error TS2307: Cannot find module '@/entities/sponsorship/model/types' or its corresponding type declarations.
frontend/src/widgets/sponsorship-dashboard/index.tsx(41,3): error TS17004: Cannot use JSX unless the '--jsx' flag is provided.
frontend/src/widgets/sponsorship-dashboard/index.tsx(42,5): error TS17004: Cannot use JSX unless the '--jsx' flag is provided.
frontend/src/widgets/sponsorship-dashboard/index.tsx(43,7): error TS17004: Cannot use JSX unless the '--jsx' flag is provided.
frontend/src/widgets/sponsorship-dashboard/index.tsx(44,7): error TS17004: Cannot use JSX unless the '--jsx' flag is provided.
frontend/src/widgets/sponsorship-dashboard/index.tsx(46,5): error TS17004: Cannot use JSX unless the '--jsx' flag is provided.
frontend/src/widgets/sponsorship-dashboard/index.tsx(47,7): error TS17004: Cannot use JSX unless the '--jsx' flag is provided.
frontend/src/widgets/sponsorship-dashboard/index.tsx(60,12): error TS17004: Cannot use JSX unless the '--jsx' flag is provided.
frontend/src/widgets/sponsorship-dashboard/index.tsx(73,5): error TS17004: Cannot use JSX unless the '--jsx' flag is provided.
frontend/src/widgets/sponsorship-dashboard/index.tsx(74,7): error TS17004: Cannot use JSX unless the '--jsx' flag is provided.
frontend/src/widgets/sponsorship-dashboard/index.tsx(75,9): error TS17004: Cannot use JSX unless the '--jsx' flag is provided.
frontend/src/widgets/sponsorship-dashboard/index.tsx(76,9): error TS17004: Cannot use JSX unless the '--jsx' flag is provided.
frontend/src/widgets/sponsorship-dashboard/index.tsx(81,9): error TS17004: Cannot use JSX unless the '--jsx' flag is provided.
frontend/src/widgets/sponsorship-dashboard/index.tsx(82,9): error TS17004: Cannot use JSX unless the '--jsx' flag is provided.
frontend/src/widgets/sponsorship-dashboard/index.tsx(85,7): error TS17004: Cannot use JSX unless the '--jsx' flag is provided.
frontend/src/widgets/sponsorship-dashboard/index.tsx(86,9): error TS17004: Cannot use JSX unless the '--jsx' flag is provided.
frontend/src/widgets/sponsorship-dashboard/index.tsx(87,11): error TS17004: Cannot use JSX unless the '--jsx' flag is provided.
frontend/src/widgets/sponsorship-dashboard/index.tsx(88,13): error TS17004: Cannot use JSX unless the '--jsx' flag is provided.
frontend/src/widgets/sponsorship-dashboard/index.tsx(89,15): error TS17004: Cannot use JSX unless the '--jsx' flag is provided.
frontend/src/widgets/sponsorship-dashboard/index.tsx(90,17): error TS17004: Cannot use JSX unless the '--jsx' flag is provided.
frontend/src/widgets/sponsorship-dashboard/index.tsx(92,15): error TS17004: Cannot use JSX unless the '--jsx' flag is provided.
frontend/src/widgets/sponsorship-dashboard/index.tsx(96,13): error TS17004: Cannot use JSX unless the '--jsx' flag is provided.
frontend/src/widgets/sponsorship-dashboard/index.tsx(98,17): error TS17004: Cannot use JSX unless the '--jsx' flag is provided.
frontend/src/widgets/sponsorship-dashboard/index.tsx(99,19): error TS17004: Cannot use JSX unless the '--jsx' flag is provided.
frontend/src/widgets/sponsorship-dashboard/index.tsx(100,21): error TS17004: Cannot use JSX unless the '--jsx' flag is provided.
frontend/src/widgets/sponsorship-dashboard/index.tsx(101,23): error TS17004: Cannot use JSX unless the '--jsx' flag is provided.
frontend/src/widgets/sponsorship-dashboard/index.tsx(109,23): error TS17004: Cannot use JSX unless the '--jsx' flag is provided.
frontend/src/widgets/sponsorship-dashboard/index.tsx(110,25): error TS17004: Cannot use JSX unless the '--jsx' flag is provided.
frontend/src/widgets/sponsorship-dashboard/index.tsx(116,25): error TS17004: Cannot use JSX unless the '--jsx' flag is provided.
frontend/src/widgets/sponsorship-dashboard/index.tsx(121,21): error TS17004: Cannot use JSX unless the '--jsx' flag is provided.
frontend/src/widgets/sponsorship-dashboard/index.tsx(122,23): error TS17004: Cannot use JSX unless the '--jsx' flag is provided.
frontend/src/widgets/sponsorship-dashboard/index.tsx(126,19): error TS17004: Cannot use JSX unless the '--jsx' flag is provided.
frontend/src/widgets/sponsorship-dashboard/index.tsx(135,9): error TS17004: Cannot use JSX unless the '--jsx' flag is provided.
frontend/src/widgets/sponsorship-dashboard/index.tsx(136,11): error TS17004: Cannot use JSX unless the '--jsx' flag is provided.
frontend/src/widgets/sponsorship-dashboard/index.tsx(137,13): error TS17004: Cannot use JSX unless the '--jsx' flag is provided.
frontend/src/widgets/sponsorship-dashboard/index.tsx(139,11): error TS17004: Cannot use JSX unless the '--jsx' flag is provided.
frontend/src/widgets/sponsorship-dashboard/index.tsx(140,13): error TS17004: Cannot use JSX unless the '--jsx' flag is provided.
frontend/src/widgets/sponsorship-dashboard/index.tsx(141,15): error TS17004: Cannot use JSX unless the '--jsx' flag is provided.
frontend/src/widgets/sponsorship-dashboard/index.tsx(142,17): error TS17004: Cannot use JSX unless the '--jsx' flag is provided.
frontend/src/widgets/sponsorship-dashboard/index.tsx(143,19): error TS17004: Cannot use JSX unless the '--jsx' flag is provided.
frontend/src/widgets/sponsorship-dashboard/index.tsx(144,19): error TS17004: Cannot use JSX unless the '--jsx' flag is provided.
frontend/src/widgets/sponsorship-dashboard/index.tsx(147,15): error TS17004: Cannot use JSX unless the '--jsx' flag is provided.
frontend/src/widgets/sponsorship-dashboard/index.tsx(149,19): error TS17004: Cannot use JSX unless the '--jsx' flag is provided.
frontend/src/widgets/sponsorship-dashboard/index.tsx(150,21): error TS17004: Cannot use JSX unless the '--jsx' flag is provided.
frontend/src/widgets/sponsorship-dashboard/index.tsx(151,23): error TS17004: Cannot use JSX unless the '--jsx' flag is provided.
frontend/src/widgets/sponsorship-dashboard/index.tsx(152,25): error TS17004: Cannot use JSX unless the '--jsx' flag is provided.
frontend/src/widgets/sponsorship-dashboard/index.tsx(160,25): error TS17004: Cannot use JSX unless the '--jsx' flag is provided.
frontend/src/widgets/sponsorship-dashboard/index.tsx(163,21): error TS17004: Cannot use JSX unless the '--jsx' flag is provided.
frontend/src/widgets/sponsorship-dashboard/index.tsx(164,23): error TS17004: Cannot use JSX unless the '--jsx' flag is provided.
frontend/src/widgets/sponsorship-dashboard/index.tsx(165,25): error TS17004: Cannot use JSX unless the '--jsx' flag is provided.
frontend/src/widgets/sponsorship-offers/index.tsx(10,8): error TS2307: Cannot find module '@/shared/ui/card' or its corresponding type declarations.
frontend/src/widgets/sponsorship-offers/index.tsx(11,24): error TS2307: Cannot find module '@/shared/ui/button' or its corresponding type declarations.
frontend/src/widgets/sponsorship-offers/index.tsx(12,26): error TS2307: Cannot find module '@/shared/hooks/use-toast' or its corresponding type declarations.
frontend/src/widgets/sponsorship-offers/index.tsx(19,8): error TS2307: Cannot find module '@/entities/sponsorship/api/offers' or its corresponding type declarations.
frontend/src/widgets/sponsorship-offers/index.tsx(20,26): error TS2307: Cannot find module '@/shared/ui/skeleton' or its corresponding type declarations.
frontend/src/widgets/sponsorship-offers/index.tsx(82,5): error TS17004: Cannot use JSX unless the '--jsx' flag is provided.
frontend/src/widgets/sponsorship-offers/index.tsx(83,7): error TS17004: Cannot use JSX unless the '--jsx' flag is provided.
frontend/src/widgets/sponsorship-offers/index.tsx(84,9): error TS17004: Cannot use JSX unless the '--jsx' flag is provided.
frontend/src/widgets/sponsorship-offers/index.tsx(85,9): error TS17004: Cannot use JSX unless the '--jsx' flag is provided.
frontend/src/widgets/sponsorship-offers/index.tsx(89,7): error TS17004: Cannot use JSX unless the '--jsx' flag is provided.
frontend/src/widgets/sponsorship-offers/index.tsx(91,11): error TS17004: Cannot use JSX unless the '--jsx' flag is provided.
frontend/src/widgets/sponsorship-offers/index.tsx(92,13): error TS17004: Cannot use JSX unless the '--jsx' flag is provided.
frontend/src/widgets/sponsorship-offers/index.tsx(93,13): error TS17004: Cannot use JSX unless the '--jsx' flag is provided.
frontend/src/widgets/sponsorship-offers/index.tsx(97,13): error TS17004: Cannot use JSX unless the '--jsx' flag is provided.
frontend/src/widgets/sponsorship-offers/index.tsx(98,15): error TS17004: Cannot use JSX unless the '--jsx' flag is provided.
frontend/src/widgets/sponsorship-offers/index.tsx(99,17): error TS17004: Cannot use JSX unless the '--jsx' flag is provided.
frontend/src/widgets/sponsorship-offers/index.tsx(100,19): error TS17004: Cannot use JSX unless the '--jsx' flag is provided.
frontend/src/widgets/sponsorship-offers/index.tsx(108,19): error TS17004: Cannot use JSX unless the '--jsx' flag is provided.
frontend/src/widgets/sponsorship-offers/index.tsx(109,21): error TS17004: Cannot use JSX unless the '--jsx' flag is provided.
frontend/src/widgets/sponsorship-offers/index.tsx(110,21): error TS17004: Cannot use JSX unless the '--jsx' flag is provided.
frontend/src/widgets/sponsorship-offers/index.tsx(115,17): error TS17004: Cannot use JSX unless the '--jsx' flag is provided.
frontend/src/widgets/sponsorship-offers/index.tsx(116,19): error TS17004: Cannot use JSX unless the '--jsx' flag is provided.
frontend/src/widgets/sponsorship-offers/index.tsx(123,21): error TS17004: Cannot use JSX unless the '--jsx' flag is provided.
frontend/src/widgets/sponsorship-offers/index.tsx(125,19): error TS17004: Cannot use JSX unless the '--jsx' flag is provided.
frontend/src/widgets/sponsorship-offers/index.tsx(132,21): error TS17004: Cannot use JSX unless the '--jsx' flag is provided.
frontend/src/widgets/sponsorship-offers/index.tsx(139,11): error TS17004: Cannot use JSX unless the '--jsx' flag is provided.
frontend/src/widgets/sponsorship-pitch-generator/index.tsx(11,8): error TS2307: Cannot find module '@/shared/ui/card' or its corresponding type declarations.
frontend/src/widgets/sponsorship-pitch-generator/index.tsx(12,24): error TS2307: Cannot find module '@/shared/ui/button' or its corresponding type declarations.
frontend/src/widgets/sponsorship-pitch-generator/index.tsx(13,26): error TS2307: Cannot find module '@/shared/ui/textarea' or its corresponding type declarations.
frontend/src/widgets/sponsorship-pitch-generator/index.tsx(14,23): error TS2307: Cannot find module '@/shared/ui/label' or its corresponding type declarations.
frontend/src/widgets/sponsorship-pitch-generator/index.tsx(18,8): error TS2307: Cannot find module '@/shared/api/genkit/flows/generate-sponsorship-pitch' or its corresponding type declarations.
frontend/src/widgets/sponsorship-pitch-generator/index.tsx(20,26): error TS2307: Cannot find module '@/shared/ui/skeleton' or its corresponding type declarations.
frontend/src/widgets/sponsorship-pitch-generator/index.tsx(21,53): error TS2307: Cannot find module '@/shared/ui/alert' or its corresponding type declarations.
frontend/src/widgets/sponsorship-pitch-generator/index.tsx(22,26): error TS2307: Cannot find module '@/shared/hooks/use-toast' or its corresponding type declarations.
frontend/src/widgets/sponsorship-pitch-generator/index.tsx(23,27): error TS2307: Cannot find module '@/shared/ui/separator' or its corresponding type declarations.
frontend/src/widgets/sponsorship-pitch-generator/index.tsx(65,5): error TS17004: Cannot use JSX unless the '--jsx' flag is provided.
frontend/src/widgets/sponsorship-pitch-generator/index.tsx(66,7): error TS17004: Cannot use JSX unless the '--jsx' flag is provided.
frontend/src/widgets/sponsorship-pitch-generator/index.tsx(67,9): error TS17004: Cannot use JSX unless the '--jsx' flag is provided.
frontend/src/widgets/sponsorship-pitch-generator/index.tsx(68,9): error TS17004: Cannot use JSX unless the '--jsx' flag is provided.
frontend/src/widgets/sponsorship-pitch-generator/index.tsx(73,7): error TS17004: Cannot use JSX unless the '--jsx' flag is provided.
frontend/src/widgets/sponsorship-pitch-generator/index.tsx(74,9): error TS17004: Cannot use JSX unless the '--jsx' flag is provided.
frontend/src/widgets/sponsorship-pitch-generator/index.tsx(80,13): error TS17004: Cannot use JSX unless the '--jsx' flag is provided.
frontend/src/widgets/sponsorship-pitch-generator/index.tsx(82,13): error TS17004: Cannot use JSX unless the '--jsx' flag is provided.
frontend/src/widgets/sponsorship-pitch-generator/index.tsx(87,26): error TS17004: Cannot use JSX unless the '--jsx' flag is provided.
frontend/src/widgets/sponsorship-pitch-generator/index.tsx(89,11): error TS17004: Cannot use JSX unless the '--jsx' flag is provided.
frontend/src/widgets/sponsorship-pitch-generator/index.tsx(90,13): error TS17004: Cannot use JSX unless the '--jsx' flag is provided.
frontend/src/widgets/sponsorship-pitch-generator/index.tsx(91,13): error TS17004: Cannot use JSX unless the '--jsx' flag is provided.
frontend/src/widgets/sponsorship-pitch-generator/index.tsx(96,11): error TS17004: Cannot use JSX unless the '--jsx' flag is provided.
frontend/src/widgets/sponsorship-pitch-generator/index.tsx(97,13): error TS17004: Cannot use JSX unless the '--jsx' flag is provided.
frontend/src/widgets/sponsorship-pitch-generator/index.tsx(98,13): error TS17004: Cannot use JSX unless the '--jsx' flag is provided.
frontend/src/widgets/sponsorship-pitch-generator/index.tsx(99,13): error TS17004: Cannot use JSX unless the '--jsx' flag is provided.
frontend/src/widgets/sponsorship-pitch-generator/index.tsx(104,9): error TS17004: Cannot use JSX unless the '--jsx' flag is provided.
frontend/src/widgets/sponsorship-pitch-generator/index.tsx(105,11): error TS17004: Cannot use JSX unless the '--jsx' flag is provided.
frontend/src/widgets/sponsorship-pitch-generator/index.tsx(106,13): error TS17004: Cannot use JSX unless the '--jsx' flag is provided.
frontend/src/widgets/status-update-form/index.tsx(4,35): error TS2307: Cannot find module '@/shared/ui/card' or its corresponding type declarations.
frontend/src/widgets/status-update-form/index.tsx(5,24): error TS2307: Cannot find module '@/shared/ui/button' or its corresponding type declarations.
frontend/src/widgets/status-update-form/index.tsx(6,26): error TS2307: Cannot find module '@/shared/ui/textarea' or its corresponding type declarations.
frontend/src/widgets/status-update-form/index.tsx(7,28): error TS2307: Cannot find module '@/shared/lib/session/client' or its corresponding type declarations.
frontend/src/widgets/status-update-form/index.tsx(8,53): error TS2307: Cannot find module '@/shared/ui/avatar' or its corresponding type declarations.
frontend/src/widgets/status-update-form/index.tsx(9,26): error TS2307: Cannot find module '@/shared/hooks/use-toast' or its corresponding type declarations.
frontend/src/widgets/status-update-form/index.tsx(11,28): error TS2307: Cannot find module '@/entities/feed/api/feed' or its corresponding type declarations.
frontend/src/widgets/status-update-form/index.tsx(43,5): error TS17004: Cannot use JSX unless the '--jsx' flag is provided.
frontend/src/widgets/status-update-form/index.tsx(44,7): error TS17004: Cannot use JSX unless the '--jsx' flag is provided.
frontend/src/widgets/status-update-form/index.tsx(45,9): error TS17004: Cannot use JSX unless the '--jsx' flag is provided.
frontend/src/widgets/status-update-form/index.tsx(46,11): error TS17004: Cannot use JSX unless the '--jsx' flag is provided.
frontend/src/widgets/status-update-form/index.tsx(47,13): error TS17004: Cannot use JSX unless the '--jsx' flag is provided.
frontend/src/widgets/status-update-form/index.tsx(48,13): error TS17004: Cannot use JSX unless the '--jsx' flag is provided.
frontend/src/widgets/status-update-form/index.tsx(50,11): error TS17004: Cannot use JSX unless the '--jsx' flag is provided.
frontend/src/widgets/status-update-form/index.tsx(51,13): error TS17004: Cannot use JSX unless the '--jsx' flag is provided.
frontend/src/widgets/status-update-form/index.tsx(57,13): error TS17004: Cannot use JSX unless the '--jsx' flag is provided.
frontend/src/widgets/status-update-form/index.tsx(58,15): error TS17004: Cannot use JSX unless the '--jsx' flag is provided.
frontend/src/widgets/status-update-form/index.tsx(64,19): error TS17004: Cannot use JSX unless the '--jsx' flag is provided.
frontend/src/widgets/status-update-form/index.tsx(66,19): error TS17004: Cannot use JSX unless the '--jsx' flag is provided.
frontend/src/widgets/support-chatbot/index.tsx(4,24): error TS2307: Cannot find module '@/shared/ui/button' or its corresponding type declarations.
frontend/src/widgets/support-chatbot/index.tsx(11,8): error TS2307: Cannot find module '@/shared/ui/card' or its corresponding type declarations.
frontend/src/widgets/support-chatbot/index.tsx(12,23): error TS2307: Cannot find module '@/shared/ui/input' or its corresponding type declarations.
frontend/src/widgets/support-chatbot/index.tsx(13,28): error TS2307: Cannot find module '@/shared/ui/scroll-area' or its corresponding type declarations.
frontend/src/widgets/support-chatbot/index.tsx(15,35): error TS2307: Cannot find module '@/shared/api/genkit/flows/support-chatbot-flow' or its corresponding type declarations.
frontend/src/widgets/support-chatbot/index.tsx(16,20): error TS2307: Cannot find module '@/shared/lib/utils' or its corresponding type declarations.
frontend/src/widgets/support-chatbot/index.tsx(17,40): error TS2307: Cannot find module '@/shared/ui/avatar' or its corresponding type declarations.
frontend/src/widgets/support-chatbot/index.tsx(73,5): error TS17004: Cannot use JSX unless the '--jsx' flag is provided.
frontend/src/widgets/support-chatbot/index.tsx(74,7): error TS17004: Cannot use JSX unless the '--jsx' flag is provided.
frontend/src/widgets/support-chatbot/index.tsx(75,9): error TS17004: Cannot use JSX unless the '--jsx' flag is provided.
frontend/src/widgets/support-chatbot/index.tsx(76,9): error TS17004: Cannot use JSX unless the '--jsx' flag is provided.
frontend/src/widgets/support-chatbot/index.tsx(78,7): error TS17004: Cannot use JSX unless the '--jsx' flag is provided.
frontend/src/widgets/support-chatbot/index.tsx(79,9): error TS17004: Cannot use JSX unless the '--jsx' flag is provided.
frontend/src/widgets/support-chatbot/index.tsx(80,11): error TS17004: Cannot use JSX unless the '--jsx' flag is provided.
frontend/src/widgets/support-chatbot/index.tsx(82,15): error TS17004: Cannot use JSX unless the '--jsx' flag is provided.
frontend/src/widgets/support-chatbot/index.tsx(90,19): error TS17004: Cannot use JSX unless the '--jsx' flag is provided.
frontend/src/widgets/support-chatbot/index.tsx(91,21): error TS17004: Cannot use JSX unless the '--jsx' flag is provided.
frontend/src/widgets/support-chatbot/index.tsx(92,23): error TS17004: Cannot use JSX unless the '--jsx' flag is provided.
frontend/src/widgets/support-chatbot/index.tsx(96,17): error TS17004: Cannot use JSX unless the '--jsx' flag is provided.
frontend/src/widgets/support-chatbot/index.tsx(105,21): error TS17004: Cannot use JSX unless the '--jsx' flag is provided.
frontend/src/widgets/support-chatbot/index.tsx(106,23): error TS17004: Cannot use JSX unless the '--jsx' flag is provided.
frontend/src/widgets/support-chatbot/index.tsx(107,23): error TS17004: Cannot use JSX unless the '--jsx' flag is provided.
frontend/src/widgets/support-chatbot/index.tsx(110,21): error TS17004: Cannot use JSX unless the '--jsx' flag is provided.
frontend/src/widgets/support-chatbot/index.tsx(114,19): error TS17004: Cannot use JSX unless the '--jsx' flag is provided.
frontend/src/widgets/support-chatbot/index.tsx(115,21): error TS17004: Cannot use JSX unless the '--jsx' flag is provided.
frontend/src/widgets/support-chatbot/index.tsx(116,23): error TS17004: Cannot use JSX unless the '--jsx' flag is provided.
frontend/src/widgets/support-chatbot/index.tsx(122,13): error TS17004: Cannot use JSX unless the '--jsx' flag is provided.
frontend/src/widgets/support-chatbot/index.tsx(125,9): error TS17004: Cannot use JSX unless the '--jsx' flag is provided.
frontend/src/widgets/support-chatbot/index.tsx(126,11): error TS17004: Cannot use JSX unless the '--jsx' flag is provided.
frontend/src/widgets/support-chatbot/index.tsx(127,13): error TS17004: Cannot use JSX unless the '--jsx' flag is provided.
frontend/src/widgets/support-chatbot/index.tsx(133,13): error TS17004: Cannot use JSX unless the '--jsx' flag is provided.
frontend/src/widgets/support-chatbot/index.tsx(134,15): error TS17004: Cannot use JSX unless the '--jsx' flag is provided.
frontend/src/widgets/support-contact-form/index.tsx(6,24): error TS2307: Cannot find module '@/shared/ui/button' or its corresponding type declarations.
frontend/src/widgets/support-contact-form/index.tsx(14,8): error TS2307: Cannot find module '@/shared/ui/form' or its corresponding type declarations.
frontend/src/widgets/support-contact-form/index.tsx(15,23): error TS2307: Cannot find module '@/shared/ui/input' or its corresponding type declarations.
frontend/src/widgets/support-contact-form/index.tsx(22,8): error TS2307: Cannot find module '@/shared/ui/select' or its corresponding type declarations.
frontend/src/widgets/support-contact-form/index.tsx(23,26): error TS2307: Cannot find module '@/shared/ui/textarea' or its corresponding type declarations.
frontend/src/widgets/support-contact-form/index.tsx(24,26): error TS2307: Cannot find module '@/shared/hooks/use-toast' or its corresponding type declarations.
frontend/src/widgets/support-contact-form/index.tsx(64,5): error TS17004: Cannot use JSX unless the '--jsx' flag is provided.
frontend/src/widgets/support-contact-form/index.tsx(65,7): error TS17004: Cannot use JSX unless the '--jsx' flag is provided.
frontend/src/widgets/support-contact-form/index.tsx(66,9): error TS17004: Cannot use JSX unless the '--jsx' flag is provided.
frontend/src/widgets/support-contact-form/index.tsx(70,13): error TS17004: Cannot use JSX unless the '--jsx' flag is provided.
frontend/src/widgets/support-contact-form/index.tsx(71,15): error TS17004: Cannot use JSX unless the '--jsx' flag is provided.
frontend/src/widgets/support-contact-form/index.tsx(72,15): error TS17004: Cannot use JSX unless the '--jsx' flag is provided.
frontend/src/widgets/support-contact-form/index.tsx(73,17): error TS17004: Cannot use JSX unless the '--jsx' flag is provided.
frontend/src/widgets/support-contact-form/index.tsx(75,15): error TS17004: Cannot use JSX unless the '--jsx' flag is provided.
frontend/src/widgets/support-contact-form/index.tsx(79,9): error TS17004: Cannot use JSX unless the '--jsx' flag is provided.
frontend/src/widgets/support-contact-form/index.tsx(83,13): error TS17004: Cannot use JSX unless the '--jsx' flag is provided.
frontend/src/widgets/support-contact-form/index.tsx(84,15): error TS17004: Cannot use JSX unless the '--jsx' flag is provided.
frontend/src/widgets/support-contact-form/index.tsx(85,15): error TS17004: Cannot use JSX unless the '--jsx' flag is provided.
frontend/src/widgets/support-contact-form/index.tsx(86,17): error TS17004: Cannot use JSX unless the '--jsx' flag is provided.
frontend/src/widgets/support-contact-form/index.tsx(87,19): error TS17004: Cannot use JSX unless the '--jsx' flag is provided.
frontend/src/widgets/support-contact-form/index.tsx(88,21): error TS17004: Cannot use JSX unless the '--jsx' flag is provided.
frontend/src/widgets/support-contact-form/index.tsx(91,17): error TS17004: Cannot use JSX unless the '--jsx' flag is provided.
frontend/src/widgets/support-contact-form/index.tsx(92,19): error TS17004: Cannot use JSX unless the '--jsx' flag is provided.
frontend/src/widgets/support-contact-form/index.tsx(93,19): error TS17004: Cannot use JSX unless the '--jsx' flag is provided.
frontend/src/widgets/support-contact-form/index.tsx(94,19): error TS17004: Cannot use JSX unless the '--jsx' flag is provided.
frontend/src/widgets/support-contact-form/index.tsx(95,19): error TS17004: Cannot use JSX unless the '--jsx' flag is provided.
frontend/src/widgets/support-contact-form/index.tsx(98,15): error TS17004: Cannot use JSX unless the '--jsx' flag is provided.
frontend/src/widgets/support-contact-form/index.tsx(102,9): error TS17004: Cannot use JSX unless the '--jsx' flag is provided.
frontend/src/widgets/support-contact-form/index.tsx(106,13): error TS17004: Cannot use JSX unless the '--jsx' flag is provided.
frontend/src/widgets/support-contact-form/index.tsx(107,15): error TS17004: Cannot use JSX unless the '--jsx' flag is provided.
frontend/src/widgets/support-contact-form/index.tsx(108,15): error TS17004: Cannot use JSX unless the '--jsx' flag is provided.
frontend/src/widgets/support-contact-form/index.tsx(109,17): error TS17004: Cannot use JSX unless the '--jsx' flag is provided.
frontend/src/widgets/support-contact-form/index.tsx(114,15): error TS17004: Cannot use JSX unless the '--jsx' flag is provided.
frontend/src/widgets/support-contact-form/index.tsx(118,9): error TS17004: Cannot use JSX unless the '--jsx' flag is provided.
frontend/src/widgets/support-contact-form/index.tsx(122,13): error TS17004: Cannot use JSX unless the '--jsx' flag is provided.
frontend/src/widgets/support-contact-form/index.tsx(123,15): error TS17004: Cannot use JSX unless the '--jsx' flag is provided.
frontend/src/widgets/support-contact-form/index.tsx(124,15): error TS17004: Cannot use JSX unless the '--jsx' flag is provided.
frontend/src/widgets/support-contact-form/index.tsx(125,17): error TS17004: Cannot use JSX unless the '--jsx' flag is provided.
frontend/src/widgets/support-contact-form/index.tsx(130,15): error TS17004: Cannot use JSX unless the '--jsx' flag is provided.
frontend/src/widgets/support-contact-form/index.tsx(135,9): error TS17004: Cannot use JSX unless the '--jsx' flag is provided.
frontend/src/widgets/team-chat-interface/index.tsx(4,26): error TS2307: Cannot find module '@/entities/chat/api/chats' or its corresponding type declarations.
frontend/src/widgets/team-chat-interface/index.tsx(5,34): error TS2307: Cannot find module '@/entities/chat/model/types' or its corresponding type declarations.
frontend/src/widgets/team-chat-interface/index.tsx(6,28): error TS2307: Cannot find module '@/widgets/chat-window' or its corresponding type declarations.
frontend/src/widgets/team-chat-interface/index.tsx(7,26): error TS2307: Cannot find module '@/shared/ui/skeleton' or its corresponding type declarations.
frontend/src/widgets/team-chat-interface/index.tsx(8,53): error TS2307: Cannot find module '@/shared/ui/alert' or its corresponding type declarations.
frontend/src/widgets/team-chat-interface/index.tsx(45,12): error TS17004: Cannot use JSX unless the '--jsx' flag is provided.
frontend/src/widgets/team-chat-interface/index.tsx(50,7): error TS17004: Cannot use JSX unless the '--jsx' flag is provided.
frontend/src/widgets/team-chat-interface/index.tsx(51,9): error TS17004: Cannot use JSX unless the '--jsx' flag is provided.
frontend/src/widgets/team-chat-interface/index.tsx(52,9): error TS17004: Cannot use JSX unless the '--jsx' flag is provided.
frontend/src/widgets/team-chat-interface/index.tsx(53,9): error TS17004: Cannot use JSX unless the '--jsx' flag is provided.
frontend/src/widgets/team-chat-interface/index.tsx(59,12): error TS17004: Cannot use JSX unless the '--jsx' flag is provided.
frontend/src/widgets/team-chat-interface/index.tsx(62,10): error TS17004: Cannot use JSX unless the '--jsx' flag is provided.
frontend/src/widgets/team-coach-tab/index.tsx(10,8): error TS2307: Cannot find module '@/shared/ui/card' or its corresponding type declarations.
frontend/src/widgets/team-coach-tab/index.tsx(11,24): error TS2307: Cannot find module '@/shared/ui/button' or its corresponding type declarations.
frontend/src/widgets/team-coach-tab/index.tsx(22,51): error TS2307: Cannot find module '@/shared/api/genkit/flows/analyze-team-performance-flow' or its corresponding type declarations.
frontend/src/widgets/team-coach-tab/index.tsx(23,26): error TS2307: Cannot find module '@/shared/ui/skeleton' or its corresponding type declarations.
frontend/src/widgets/team-coach-tab/index.tsx(24,53): error TS2307: Cannot find module '@/shared/ui/alert' or its corresponding type declarations.
frontend/src/widgets/team-coach-tab/index.tsx(25,34): error TS2307: Cannot find module '@/entities/team/model/types' or its corresponding type declarations.
frontend/src/widgets/team-coach-tab/index.tsx(26,26): error TS2307: Cannot find module '@/shared/hooks/use-toast' or its corresponding type declarations.
frontend/src/widgets/team-coach-tab/index.tsx(27,37): error TS2307: Cannot find module '@/entities/team/api/teams' or its corresponding type declarations.
frontend/src/widgets/team-coach-tab/index.tsx(75,5): error TS17004: Cannot use JSX unless the '--jsx' flag is provided.
frontend/src/widgets/team-coach-tab/index.tsx(76,7): error TS17004: Cannot use JSX unless the '--jsx' flag is provided.
frontend/src/widgets/team-coach-tab/index.tsx(77,9): error TS17004: Cannot use JSX unless the '--jsx' flag is provided.
frontend/src/widgets/team-coach-tab/index.tsx(78,11): error TS17004: Cannot use JSX unless the '--jsx' flag is provided.
frontend/src/widgets/team-coach-tab/index.tsx(79,13): error TS17004: Cannot use JSX unless the '--jsx' flag is provided.
frontend/src/widgets/team-coach-tab/index.tsx(80,13): error TS17004: Cannot use JSX unless the '--jsx' flag is provided.
frontend/src/widgets/team-coach-tab/index.tsx(84,11): error TS17004: Cannot use JSX unless the '--jsx' flag is provided.
frontend/src/widgets/team-coach-tab/index.tsx(86,15): error TS17004: Cannot use JSX unless the '--jsx' flag is provided.
frontend/src/widgets/team-coach-tab/index.tsx(88,15): error TS17004: Cannot use JSX unless the '--jsx' flag is provided.
frontend/src/widgets/team-coach-tab/index.tsx(94,7): error TS17004: Cannot use JSX unless the '--jsx' flag is provided.
frontend/src/widgets/team-coach-tab/index.tsx(96,11): error TS17004: Cannot use JSX unless the '--jsx' flag is provided.
frontend/src/widgets/team-coach-tab/index.tsx(97,13): error TS17004: Cannot use JSX unless the '--jsx' flag is provided.
frontend/src/widgets/team-coach-tab/index.tsx(98,13): error TS17004: Cannot use JSX unless the '--jsx' flag is provided.
frontend/src/widgets/team-coach-tab/index.tsx(99,15): error TS17004: Cannot use JSX unless the '--jsx' flag is provided.
frontend/src/widgets/team-coach-tab/index.tsx(100,15): error TS17004: Cannot use JSX unless the '--jsx' flag is provided.
frontend/src/widgets/team-coach-tab/index.tsx(102,13): error TS17004: Cannot use JSX unless the '--jsx' flag is provided.
frontend/src/widgets/team-coach-tab/index.tsx(107,11): error TS17004: Cannot use JSX unless the '--jsx' flag is provided.
frontend/src/widgets/team-coach-tab/index.tsx(108,13): error TS17004: Cannot use JSX unless the '--jsx' flag is provided.
frontend/src/widgets/team-coach-tab/index.tsx(109,13): error TS17004: Cannot use JSX unless the '--jsx' flag is provided.
frontend/src/widgets/team-coach-tab/index.tsx(110,13): error TS17004: Cannot use JSX unless the '--jsx' flag is provided.
frontend/src/widgets/team-coach-tab/index.tsx(115,11): error TS17004: Cannot use JSX unless the '--jsx' flag is provided.
frontend/src/widgets/team-coach-tab/index.tsx(116,13): error TS17004: Cannot use JSX unless the '--jsx' flag is provided.
frontend/src/widgets/team-coach-tab/index.tsx(117,13): error TS17004: Cannot use JSX unless the '--jsx' flag is provided.
frontend/src/widgets/team-coach-tab/index.tsx(118,13): error TS17004: Cannot use JSX unless the '--jsx' flag is provided.
frontend/src/widgets/team-coach-tab/index.tsx(125,11): error TS17004: Cannot use JSX unless the '--jsx' flag is provided.
frontend/src/widgets/team-coach-tab/index.tsx(126,13): error TS17004: Cannot use JSX unless the '--jsx' flag is provided.
frontend/src/widgets/team-coach-tab/index.tsx(127,15): error TS17004: Cannot use JSX unless the '--jsx' flag is provided.
frontend/src/widgets/team-coach-tab/index.tsx(128,17): error TS17004: Cannot use JSX unless the '--jsx' flag is provided.
frontend/src/widgets/team-coach-tab/index.tsx(129,19): error TS17004: Cannot use JSX unless the '--jsx' flag is provided.
frontend/src/widgets/team-coach-tab/index.tsx(132,15): error TS17004: Cannot use JSX unless the '--jsx' flag is provided.
frontend/src/widgets/team-coach-tab/index.tsx(133,17): error TS17004: Cannot use JSX unless the '--jsx' flag is provided.
frontend/src/widgets/team-coach-tab/index.tsx(138,13): error TS17004: Cannot use JSX unless the '--jsx' flag is provided.
frontend/src/widgets/team-coach-tab/index.tsx(139,15): error TS17004: Cannot use JSX unless the '--jsx' flag is provided.
frontend/src/widgets/team-coach-tab/index.tsx(140,17): error TS17004: Cannot use JSX unless the '--jsx' flag is provided.
frontend/src/widgets/team-coach-tab/index.tsx(141,19): error TS17004: Cannot use JSX unless the '--jsx' flag is provided.
frontend/src/widgets/team-coach-tab/index.tsx(142,21): error TS17004: Cannot use JSX unless the '--jsx' flag is provided.
frontend/src/widgets/team-coach-tab/index.tsx(145,17): error TS17004: Cannot use JSX unless the '--jsx' flag is provided.
frontend/src/widgets/team-coach-tab/index.tsx(146,19): error TS17004: Cannot use JSX unless the '--jsx' flag is provided.
frontend/src/widgets/team-coach-tab/index.tsx(148,23): error TS17004: Cannot use JSX unless the '--jsx' flag is provided.
frontend/src/widgets/team-coach-tab/index.tsx(153,15): error TS17004: Cannot use JSX unless the '--jsx' flag is provided.
frontend/src/widgets/team-coach-tab/index.tsx(154,17): error TS17004: Cannot use JSX unless the '--jsx' flag is provided.
frontend/src/widgets/team-coach-tab/index.tsx(155,19): error TS17004: Cannot use JSX unless the '--jsx' flag is provided.
frontend/src/widgets/team-coach-tab/index.tsx(156,21): error TS17004: Cannot use JSX unless the '--jsx' flag is provided.
frontend/src/widgets/team-coach-tab/index.tsx(159,17): error TS17004: Cannot use JSX unless the '--jsx' flag is provided.
frontend/src/widgets/team-coach-tab/index.tsx(160,19): error TS17004: Cannot use JSX unless the '--jsx' flag is provided.
frontend/src/widgets/team-coach-tab/index.tsx(162,23): error TS17004: Cannot use JSX unless the '--jsx' flag is provided.
frontend/src/widgets/team-coach-tab/index.tsx(168,13): error TS17004: Cannot use JSX unless the '--jsx' flag is provided.
frontend/src/widgets/team-coach-tab/index.tsx(169,15): error TS17004: Cannot use JSX unless the '--jsx' flag is provided.
frontend/src/widgets/team-coach-tab/index.tsx(170,17): error TS17004: Cannot use JSX unless the '--jsx' flag is provided.
frontend/src/widgets/team-coach-tab/index.tsx(171,19): error TS17004: Cannot use JSX unless the '--jsx' flag is provided.
frontend/src/widgets/team-coach-tab/index.tsx(174,15): error TS17004: Cannot use JSX unless the '--jsx' flag is provided.
frontend/src/widgets/team-coach-tab/index.tsx(175,17): error TS17004: Cannot use JSX unless the '--jsx' flag is provided.
frontend/src/widgets/team-coach-tab/index.tsx(176,19): error TS17004: Cannot use JSX unless the '--jsx' flag is provided.
frontend/src/widgets/team-coach-tab/index.tsx(179,17): error TS17004: Cannot use JSX unless the '--jsx' flag is provided.
frontend/src/widgets/team-coach-tab/index.tsx(180,19): error TS17004: Cannot use JSX unless the '--jsx' flag is provided.
frontend/src/widgets/team-management/index.tsx(11,8): error TS2307: Cannot find module '@/shared/ui/card' or its corresponding type declarations.
frontend/src/widgets/team-management/index.tsx(12,24): error TS2307: Cannot find module '@/shared/ui/button' or its corresponding type declarations.
frontend/src/widgets/team-management/index.tsx(20,8): error TS2307: Cannot find module '@/shared/ui/table' or its corresponding type declarations.
frontend/src/widgets/team-management/index.tsx(21,53): error TS2307: Cannot find module '@/shared/ui/avatar' or its corresponding type declarations.
frontend/src/widgets/team-management/index.tsx(23,26): error TS2307: Cannot find module '@/shared/hooks/use-toast' or its corresponding type declarations.
frontend/src/widgets/team-management/index.tsx(24,58): error TS2307: Cannot find module '@/shared/ui/tabs' or its corresponding type declarations.
frontend/src/widgets/team-management/index.tsx(25,43): error TS2307: Cannot find module '@/widgets/join-request-analysis-dialog' or its corresponding type declarations.
frontend/src/widgets/team-management/index.tsx(26,43): error TS2307: Cannot find module '@/widgets/sponsorship-pitch-generator' or its corresponding type declarations.
frontend/src/widgets/team-management/index.tsx(27,36): error TS2307: Cannot find module '@/widgets/ai-team-assistant-tab' or its corresponding type declarations.
frontend/src/widgets/team-management/index.tsx(28,30): error TS2307: Cannot find module '@/widgets/team-coach-tab' or its corresponding type declarations.
frontend/src/widgets/team-management/index.tsx(29,37): error TS2307: Cannot find module '@/widgets/roster-management-tab' or its corresponding type declarations.
frontend/src/widgets/team-management/index.tsx(30,34): error TS2307: Cannot find module '@/widgets/team-sponsor-scout' or its corresponding type declarations.
frontend/src/widgets/team-management/index.tsx(31,33): error TS2307: Cannot find module '@/widgets/team-schedule-tab' or its corresponding type declarations.
frontend/src/widgets/team-management/index.tsx(32,39): error TS2307: Cannot find module '@/widgets/team-training-analytics' or its corresponding type declarations.
frontend/src/widgets/team-management/index.tsx(33,35): error TS2307: Cannot find module '@/widgets/sponsorship-offers' or its corresponding type declarations.
frontend/src/widgets/team-management/index.tsx(34,44): error TS2307: Cannot find module '@/widgets/ai-social-media-post-generator' or its corresponding type declarations.
frontend/src/widgets/team-management/index.tsx(36,36): error TS2307: Cannot find module '@/entities/user/model/types' or its corresponding type declarations.
frontend/src/widgets/team-management/index.tsx(37,49): error TS2307: Cannot find module '@/entities/team/api/teams' or its corresponding type declarations.
frontend/src/widgets/team-management/index.tsx(38,26): error TS2307: Cannot find module '@/shared/ui/skeleton' or its corresponding type declarations.
frontend/src/widgets/team-management/index.tsx(43,8): error TS2307: Cannot find module '@/entities/team-application/api/applications' or its corresponding type declarations.
frontend/src/widgets/team-management/index.tsx(47,8): error TS2307: Cannot find module '@/entities/team-application/model/types' or its corresponding type declarations.
frontend/src/widgets/team-management/index.tsx(150,7): error TS17004: Cannot use JSX unless the '--jsx' flag is provided.
frontend/src/widgets/team-management/index.tsx(151,9): error TS17004: Cannot use JSX unless the '--jsx' flag is provided.
frontend/src/widgets/team-management/index.tsx(152,9): error TS17004: Cannot use JSX unless the '--jsx' flag is provided.
frontend/src/widgets/team-management/index.tsx(153,9): error TS17004: Cannot use JSX unless the '--jsx' flag is provided.
frontend/src/widgets/team-management/index.tsx(154,9): error TS17004: Cannot use JSX unless the '--jsx' flag is provided.
frontend/src/widgets/team-management/index.tsx(160,12): error TS17004: Cannot use JSX unless the '--jsx' flag is provided.
frontend/src/widgets/team-management/index.tsx(164,5): error TS17004: Cannot use JSX unless the '--jsx' flag is provided.
frontend/src/widgets/team-management/index.tsx(165,7): error TS17004: Cannot use JSX unless the '--jsx' flag is provided.
frontend/src/widgets/team-management/index.tsx(166,9): error TS17004: Cannot use JSX unless the '--jsx' flag is provided.
frontend/src/widgets/team-management/index.tsx(167,11): error TS17004: Cannot use JSX unless the '--jsx' flag is provided.
frontend/src/widgets/team-management/index.tsx(170,11): error TS17004: Cannot use JSX unless the '--jsx' flag is provided.
frontend/src/widgets/team-management/index.tsx(174,9): error TS17004: Cannot use JSX unless the '--jsx' flag is provided.
frontend/src/widgets/team-management/index.tsx(175,11): error TS17004: Cannot use JSX unless the '--jsx' flag is provided.
frontend/src/widgets/team-management/index.tsx(176,13): error TS17004: Cannot use JSX unless the '--jsx' flag is provided.
frontend/src/widgets/team-management/index.tsx(177,13): error TS17004: Cannot use JSX unless the '--jsx' flag is provided.
frontend/src/widgets/team-management/index.tsx(178,15): error TS17004: Cannot use JSX unless the '--jsx' flag is provided.
frontend/src/widgets/team-management/index.tsx(181,13): error TS17004: Cannot use JSX unless the '--jsx' flag is provided.
frontend/src/widgets/team-management/index.tsx(182,13): error TS17004: Cannot use JSX unless the '--jsx' flag is provided.
frontend/src/widgets/team-management/index.tsx(183,15): error TS17004: Cannot use JSX unless the '--jsx' flag is provided.
frontend/src/widgets/team-management/index.tsx(186,13): error TS17004: Cannot use JSX unless the '--jsx' flag is provided.
frontend/src/widgets/team-management/index.tsx(187,15): error TS17004: Cannot use JSX unless the '--jsx' flag is provided.
frontend/src/widgets/team-management/index.tsx(190,13): error TS17004: Cannot use JSX unless the '--jsx' flag is provided.
frontend/src/widgets/team-management/index.tsx(191,15): error TS17004: Cannot use JSX unless the '--jsx' flag is provided.
frontend/src/widgets/team-management/index.tsx(194,13): error TS17004: Cannot use JSX unless the '--jsx' flag is provided.
frontend/src/widgets/team-management/index.tsx(195,13): error TS17004: Cannot use JSX unless the '--jsx' flag is provided.
frontend/src/widgets/team-management/index.tsx(198,11): error TS17004: Cannot use JSX unless the '--jsx' flag is provided.
frontend/src/widgets/team-management/index.tsx(199,13): error TS17004: Cannot use JSX unless the '--jsx' flag is provided.
frontend/src/widgets/team-management/index.tsx(202,11): error TS17004: Cannot use JSX unless the '--jsx' flag is provided.
frontend/src/widgets/team-management/index.tsx(203,13): error TS17004: Cannot use JSX unless the '--jsx' flag is provided.
frontend/src/widgets/team-management/index.tsx(206,11): error TS17004: Cannot use JSX unless the '--jsx' flag is provided.
frontend/src/widgets/team-management/index.tsx(207,13): error TS17004: Cannot use JSX unless the '--jsx' flag is provided.
frontend/src/widgets/team-management/index.tsx(208,15): error TS17004: Cannot use JSX unless the '--jsx' flag is provided.
frontend/src/widgets/team-management/index.tsx(209,17): error TS17004: Cannot use JSX unless the '--jsx' flag is provided.
frontend/src/widgets/team-management/index.tsx(210,17): error TS17004: Cannot use JSX unless the '--jsx' flag is provided.
frontend/src/widgets/team-management/index.tsx(214,15): error TS17004: Cannot use JSX unless the '--jsx' flag is provided.
frontend/src/widgets/team-management/index.tsx(215,17): error TS17004: Cannot use JSX unless the '--jsx' flag is provided.
frontend/src/widgets/team-management/index.tsx(216,19): error TS17004: Cannot use JSX unless the '--jsx' flag is provided.
frontend/src/widgets/team-management/index.tsx(217,21): error TS17004: Cannot use JSX unless the '--jsx' flag is provided.
frontend/src/widgets/team-management/index.tsx(218,23): error TS17004: Cannot use JSX unless the '--jsx' flag is provided.
frontend/src/widgets/team-management/index.tsx(219,23): error TS17004: Cannot use JSX unless the '--jsx' flag is provided.
frontend/src/widgets/team-management/index.tsx(220,23): error TS17004: Cannot use JSX unless the '--jsx' flag is provided.
frontend/src/widgets/team-management/index.tsx(223,19): error TS17004: Cannot use JSX unless the '--jsx' flag is provided.
frontend/src/widgets/team-management/index.tsx(225,23): error TS17004: Cannot use JSX unless the '--jsx' flag is provided.
frontend/src/widgets/team-management/index.tsx(226,25): error TS17004: Cannot use JSX unless the '--jsx' flag is provided.
frontend/src/widgets/team-management/index.tsx(227,27): error TS17004: Cannot use JSX unless the '--jsx' flag is provided.
frontend/src/widgets/team-management/index.tsx(228,29): error TS17004: Cannot use JSX unless the '--jsx' flag is provided.
frontend/src/widgets/team-management/index.tsx(232,29): error TS17004: Cannot use JSX unless the '--jsx' flag is provided.
frontend/src/widgets/team-management/index.tsx(238,25): error TS17004: Cannot use JSX unless the '--jsx' flag is provided.
frontend/src/widgets/team-management/index.tsx(239,25): error TS17004: Cannot use JSX unless the '--jsx' flag is provided.
frontend/src/widgets/team-management/index.tsx(240,27): error TS17004: Cannot use JSX unless the '--jsx' flag is provided.
frontend/src/widgets/team-management/index.tsx(247,27): error TS17004: Cannot use JSX unless the '--jsx' flag is provided.
frontend/src/widgets/team-management/index.tsx(253,29): error TS17004: Cannot use JSX unless the '--jsx' flag is provided.
frontend/src/widgets/team-management/index.tsx(255,27): error TS17004: Cannot use JSX unless the '--jsx' flag is provided.
frontend/src/widgets/team-management/index.tsx(260,29): error TS17004: Cannot use JSX unless the '--jsx' flag is provided.
frontend/src/widgets/team-management/index.tsx(269,17): error TS17004: Cannot use JSX unless the '--jsx' flag is provided.
frontend/src/widgets/team-management/index.tsx(276,11): error TS17004: Cannot use JSX unless the '--jsx' flag is provided.
frontend/src/widgets/team-management/index.tsx(277,13): error TS17004: Cannot use JSX unless the '--jsx' flag is provided.
frontend/src/widgets/team-management/index.tsx(278,13): error TS17004: Cannot use JSX unless the '--jsx' flag is provided.
frontend/src/widgets/team-management/index.tsx(279,13): error TS17004: Cannot use JSX unless the '--jsx' flag is provided.
frontend/src/widgets/team-management/index.tsx(282,11): error TS17004: Cannot use JSX unless the '--jsx' flag is provided.
frontend/src/widgets/team-management/index.tsx(283,13): error TS17004: Cannot use JSX unless the '--jsx' flag is provided.
frontend/src/widgets/team-management/index.tsx(286,11): error TS17004: Cannot use JSX unless the '--jsx' flag is provided.
frontend/src/widgets/team-management/index.tsx(287,13): error TS17004: Cannot use JSX unless the '--jsx' flag is provided.
frontend/src/widgets/team-management/index.tsx(290,11): error TS17004: Cannot use JSX unless the '--jsx' flag is provided.
frontend/src/widgets/team-management/index.tsx(291,13): error TS17004: Cannot use JSX unless the '--jsx' flag is provided.
frontend/src/widgets/team-management/index.tsx(294,11): error TS17004: Cannot use JSX unless the '--jsx' flag is provided.
frontend/src/widgets/team-management/index.tsx(295,13): error TS17004: Cannot use JSX unless the '--jsx' flag is provided.
frontend/src/widgets/team-management/index.tsx(299,7): error TS17004: Cannot use JSX unless the '--jsx' flag is provided.
frontend/src/widgets/team-overview-dashboard/index.tsx(9,8): error TS2307: Cannot find module '@/shared/ui/card' or its corresponding type declarations.
frontend/src/widgets/team-overview-dashboard/index.tsx(10,53): error TS2307: Cannot find module '@/shared/ui/avatar' or its corresponding type declarations.
frontend/src/widgets/team-overview-dashboard/index.tsx(11,24): error TS2307: Cannot find module '@/shared/ui/button' or its corresponding type declarations.
frontend/src/widgets/team-overview-dashboard/index.tsx(14,28): error TS2307: Cannot find module '@/entities/match/model/types' or its corresponding type declarations.
frontend/src/widgets/team-overview-dashboard/index.tsx(18,8): error TS2307: Cannot find module '@/entities/team/model/types' or its corresponding type declarations.
frontend/src/widgets/team-overview-dashboard/index.tsx(35,3): error TS17004: Cannot use JSX unless the '--jsx' flag is provided.
frontend/src/widgets/team-overview-dashboard/index.tsx(36,5): error TS17004: Cannot use JSX unless the '--jsx' flag is provided.
frontend/src/widgets/team-overview-dashboard/index.tsx(37,7): error TS17004: Cannot use JSX unless the '--jsx' flag is provided.
frontend/src/widgets/team-overview-dashboard/index.tsx(38,7): error TS17004: Cannot use JSX unless the '--jsx' flag is provided.
frontend/src/widgets/team-overview-dashboard/index.tsx(40,5): error TS17004: Cannot use JSX unless the '--jsx' flag is provided.
frontend/src/widgets/team-overview-dashboard/index.tsx(41,7): error TS17004: Cannot use JSX unless the '--jsx' flag is provided.
frontend/src/widgets/team-overview-dashboard/index.tsx(56,5): error TS17004: Cannot use JSX unless the '--jsx' flag is provided.
frontend/src/widgets/team-overview-dashboard/index.tsx(57,7): error TS17004: Cannot use JSX unless the '--jsx' flag is provided.
frontend/src/widgets/team-overview-dashboard/index.tsx(58,9): error TS17004: Cannot use JSX unless the '--jsx' flag is provided.
frontend/src/widgets/team-overview-dashboard/index.tsx(59,11): error TS17004: Cannot use JSX unless the '--jsx' flag is provided.
frontend/src/widgets/team-overview-dashboard/index.tsx(60,11): error TS17004: Cannot use JSX unless the '--jsx' flag is provided.
frontend/src/widgets/team-overview-dashboard/index.tsx(65,11): error TS17004: Cannot use JSX unless the '--jsx' flag is provided.
frontend/src/widgets/team-overview-dashboard/index.tsx(68,11): error TS17004: Cannot use JSX unless the '--jsx' flag is provided.
frontend/src/widgets/team-overview-dashboard/index.tsx(69,13): error TS17004: Cannot use JSX unless the '--jsx' flag is provided.
frontend/src/widgets/team-overview-dashboard/index.tsx(70,15): error TS17004: Cannot use JSX unless the '--jsx' flag is provided.
frontend/src/widgets/team-overview-dashboard/index.tsx(72,13): error TS17004: Cannot use JSX unless the '--jsx' flag is provided.
frontend/src/widgets/team-overview-dashboard/index.tsx(73,15): error TS17004: Cannot use JSX unless the '--jsx' flag is provided.
frontend/src/widgets/team-overview-dashboard/index.tsx(74,17): error TS17004: Cannot use JSX unless the '--jsx' flag is provided.
frontend/src/widgets/team-overview-dashboard/index.tsx(75,19): error TS17004: Cannot use JSX unless the '--jsx' flag is provided.
frontend/src/widgets/team-overview-dashboard/index.tsx(76,21): error TS17004: Cannot use JSX unless the '--jsx' flag is provided.
frontend/src/widgets/team-overview-dashboard/index.tsx(80,21): error TS17004: Cannot use JSX unless the '--jsx' flag is provided.
frontend/src/widgets/team-overview-dashboard/index.tsx(84,19): error TS17004: Cannot use JSX unless the '--jsx' flag is provided.
frontend/src/widgets/team-overview-dashboard/index.tsx(86,17): error TS17004: Cannot use JSX unless the '--jsx' flag is provided.
frontend/src/widgets/team-overview-dashboard/index.tsx(87,19): error TS17004: Cannot use JSX unless the '--jsx' flag is provided.
frontend/src/widgets/team-overview-dashboard/index.tsx(88,19): error TS17004: Cannot use JSX unless the '--jsx' flag is provided.
frontend/src/widgets/team-overview-dashboard/index.tsx(92,17): error TS17004: Cannot use JSX unless the '--jsx' flag is provided.
frontend/src/widgets/team-overview-dashboard/index.tsx(93,19): error TS17004: Cannot use JSX unless the '--jsx' flag is provided.
frontend/src/widgets/team-overview-dashboard/index.tsx(94,19): error TS17004: Cannot use JSX unless the '--jsx' flag is provided.
frontend/src/widgets/team-overview-dashboard/index.tsx(95,21): error TS17004: Cannot use JSX unless the '--jsx' flag is provided.
frontend/src/widgets/team-overview-dashboard/index.tsx(99,21): error TS17004: Cannot use JSX unless the '--jsx' flag is provided.
frontend/src/widgets/team-overview-dashboard/index.tsx(106,13): error TS17004: Cannot use JSX unless the '--jsx' flag is provided.
frontend/src/widgets/team-overview-dashboard/index.tsx(107,15): error TS17004: Cannot use JSX unless the '--jsx' flag is provided.
frontend/src/widgets/team-overview-dashboard/index.tsx(108,17): error TS17004: Cannot use JSX unless the '--jsx' flag is provided.
frontend/src/widgets/team-overview-dashboard/index.tsx(113,9): error TS17004: Cannot use JSX unless the '--jsx' flag is provided.
frontend/src/widgets/team-overview-dashboard/index.tsx(114,11): error TS17004: Cannot use JSX unless the '--jsx' flag is provided.
frontend/src/widgets/team-overview-dashboard/index.tsx(115,13): error TS17004: Cannot use JSX unless the '--jsx' flag is provided.
frontend/src/widgets/team-overview-dashboard/index.tsx(117,11): error TS17004: Cannot use JSX unless the '--jsx' flag is provided.
frontend/src/widgets/team-overview-dashboard/index.tsx(119,15): error TS17004: Cannot use JSX unless the '--jsx' flag is provided.
frontend/src/widgets/team-overview-dashboard/index.tsx(123,17): error TS17004: Cannot use JSX unless the '--jsx' flag is provided.
frontend/src/widgets/team-overview-dashboard/index.tsx(124,17): error TS17004: Cannot use JSX unless the '--jsx' flag is provided.
frontend/src/widgets/team-overview-dashboard/index.tsx(125,19): error TS17004: Cannot use JSX unless the '--jsx' flag is provided.
frontend/src/widgets/team-overview-dashboard/index.tsx(126,19): error TS17004: Cannot use JSX unless the '--jsx' flag is provided.
frontend/src/widgets/team-overview-dashboard/index.tsx(127,19): error TS17004: Cannot use JSX unless the '--jsx' flag is provided.
frontend/src/widgets/team-overview-dashboard/index.tsx(134,7): error TS17004: Cannot use JSX unless the '--jsx' flag is provided.
frontend/src/widgets/team-overview-dashboard/index.tsx(135,9): error TS17004: Cannot use JSX unless the '--jsx' flag is provided.
frontend/src/widgets/team-overview-dashboard/index.tsx(136,11): error TS17004: Cannot use JSX unless the '--jsx' flag is provided.
frontend/src/widgets/team-overview-dashboard/index.tsx(137,13): error TS17004: Cannot use JSX unless the '--jsx' flag is provided.
frontend/src/widgets/team-overview-dashboard/index.tsx(139,11): error TS17004: Cannot use JSX unless the '--jsx' flag is provided.
frontend/src/widgets/team-overview-dashboard/index.tsx(141,15): error TS17004: Cannot use JSX unless the '--jsx' flag is provided.
frontend/src/widgets/team-overview-dashboard/index.tsx(142,17): error TS17004: Cannot use JSX unless the '--jsx' flag is provided.
frontend/src/widgets/team-overview-dashboard/index.tsx(143,19): error TS17004: Cannot use JSX unless the '--jsx' flag is provided.
frontend/src/widgets/team-overview-dashboard/index.tsx(144,19): error TS17004: Cannot use JSX unless the '--jsx' flag is provided.
frontend/src/widgets/team-overview-dashboard/index.tsx(146,17): error TS17004: Cannot use JSX unless the '--jsx' flag is provided.
frontend/src/widgets/team-overview-dashboard/index.tsx(147,19): error TS17004: Cannot use JSX unless the '--jsx' flag is provided.
frontend/src/widgets/team-overview-dashboard/index.tsx(148,19): error TS17004: Cannot use JSX unless the '--jsx' flag is provided.
frontend/src/widgets/team-overview-dashboard/index.tsx(153,11): error TS17004: Cannot use JSX unless the '--jsx' flag is provided.
frontend/src/widgets/team-overview-dashboard/index.tsx(154,13): error TS17004: Cannot use JSX unless the '--jsx' flag is provided.
frontend/src/widgets/team-schedule-tab/index.tsx(10,8): error TS2307: Cannot find module '@/shared/ui/card' or its corresponding type declarations.
frontend/src/widgets/team-schedule-tab/index.tsx(11,24): error TS2307: Cannot find module '@/shared/ui/button' or its corresponding type declarations.
frontend/src/widgets/team-schedule-tab/index.tsx(16,8): error TS2307: Cannot find module '@/widgets/schedule-practice-dialog' or its corresponding type declarations.
frontend/src/widgets/team-schedule-tab/index.tsx(22,8): error TS2307: Cannot find module '@/entities/team/api/practices' or its corresponding type declarations.
frontend/src/widgets/team-schedule-tab/index.tsx(24,26): error TS2307: Cannot find module '@/shared/ui/skeleton' or its corresponding type declarations.
frontend/src/widgets/team-schedule-tab/index.tsx(25,26): error TS2307: Cannot find module '@/shared/hooks/use-toast' or its corresponding type declarations.
frontend/src/widgets/team-schedule-tab/index.tsx(121,5): error TS17004: Cannot use JSX unless the '--jsx' flag is provided.
frontend/src/widgets/team-schedule-tab/index.tsx(122,7): error TS17004: Cannot use JSX unless the '--jsx' flag is provided.
frontend/src/widgets/team-schedule-tab/index.tsx(123,9): error TS17004: Cannot use JSX unless the '--jsx' flag is provided.
frontend/src/widgets/team-schedule-tab/index.tsx(124,11): error TS17004: Cannot use JSX unless the '--jsx' flag is provided.
frontend/src/widgets/team-schedule-tab/index.tsx(125,13): error TS17004: Cannot use JSX unless the '--jsx' flag is provided.
frontend/src/widgets/team-schedule-tab/index.tsx(126,13): error TS17004: Cannot use JSX unless the '--jsx' flag is provided.
frontend/src/widgets/team-schedule-tab/index.tsx(130,11): error TS17004: Cannot use JSX unless the '--jsx' flag is provided.
frontend/src/widgets/team-schedule-tab/index.tsx(131,13): error TS17004: Cannot use JSX unless the '--jsx' flag is provided.
frontend/src/widgets/team-schedule-tab/index.tsx(135,9): error TS17004: Cannot use JSX unless the '--jsx' flag is provided.
frontend/src/widgets/team-schedule-tab/index.tsx(137,13): error TS17004: Cannot use JSX unless the '--jsx' flag is provided.
frontend/src/widgets/team-schedule-tab/index.tsx(138,15): error TS17004: Cannot use JSX unless the '--jsx' flag is provided.
frontend/src/widgets/team-schedule-tab/index.tsx(139,15): error TS17004: Cannot use JSX unless the '--jsx' flag is provided.
frontend/src/widgets/team-schedule-tab/index.tsx(143,15): error TS17004: Cannot use JSX unless the '--jsx' flag is provided.
frontend/src/widgets/team-schedule-tab/index.tsx(144,17): error TS17004: Cannot use JSX unless the '--jsx' flag is provided.
frontend/src/widgets/team-schedule-tab/index.tsx(145,19): error TS17004: Cannot use JSX unless the '--jsx' flag is provided.
frontend/src/widgets/team-schedule-tab/index.tsx(146,21): error TS17004: Cannot use JSX unless the '--jsx' flag is provided.
frontend/src/widgets/team-schedule-tab/index.tsx(147,21): error TS17004: Cannot use JSX unless the '--jsx' flag is provided.
frontend/src/widgets/team-schedule-tab/index.tsx(148,23): error TS17004: Cannot use JSX unless the '--jsx' flag is provided.
frontend/src/widgets/team-schedule-tab/index.tsx(153,21): error TS17004: Cannot use JSX unless the '--jsx' flag is provided.
frontend/src/widgets/team-schedule-tab/index.tsx(154,23): error TS17004: Cannot use JSX unless the '--jsx' flag is provided.
frontend/src/widgets/team-schedule-tab/index.tsx(156,21): error TS17004: Cannot use JSX unless the '--jsx' flag is provided.
frontend/src/widgets/team-schedule-tab/index.tsx(160,19): error TS17004: Cannot use JSX unless the '--jsx' flag is provided.
frontend/src/widgets/team-schedule-tab/index.tsx(165,21): error TS17004: Cannot use JSX unless the '--jsx' flag is provided.
frontend/src/widgets/team-schedule-tab/index.tsx(171,13): error TS17004: Cannot use JSX unless the '--jsx' flag is provided.
frontend/src/widgets/team-schedule-tab/index.tsx(172,15): error TS17004: Cannot use JSX unless the '--jsx' flag is provided.
frontend/src/widgets/team-schedule-tab/index.tsx(177,7): error TS17004: Cannot use JSX unless the '--jsx' flag is provided.
frontend/src/widgets/team-sponsor-scout/index.tsx(11,8): error TS2307: Cannot find module '@/shared/ui/card' or its corresponding type declarations.
frontend/src/widgets/team-sponsor-scout/index.tsx(12,24): error TS2307: Cannot find module '@/shared/ui/button' or its corresponding type declarations.
frontend/src/widgets/team-sponsor-scout/index.tsx(16,8): error TS2307: Cannot find module '@/shared/api/genkit/flows/find-sponsors-for-team-flow' or its corresponding type declarations.
frontend/src/widgets/team-sponsor-scout/index.tsx(17,26): error TS2307: Cannot find module '@/shared/ui/textarea' or its corresponding type declarations.
frontend/src/widgets/team-sponsor-scout/index.tsx(19,26): error TS2307: Cannot find module '@/shared/hooks/use-toast' or its corresponding type declarations.
frontend/src/widgets/team-sponsor-scout/index.tsx(20,53): error TS2307: Cannot find module '@/shared/ui/alert' or its corresponding type declarations.
frontend/src/widgets/team-sponsor-scout/index.tsx(23,26): error TS2307: Cannot find module '@/shared/ui/skeleton' or its corresponding type declarations.
frontend/src/widgets/team-sponsor-scout/index.tsx(71,5): error TS17004: Cannot use JSX unless the '--jsx' flag is provided.
frontend/src/widgets/team-sponsor-scout/index.tsx(72,7): error TS17004: Cannot use JSX unless the '--jsx' flag is provided.
frontend/src/widgets/team-sponsor-scout/index.tsx(73,9): error TS17004: Cannot use JSX unless the '--jsx' flag is provided.
frontend/src/widgets/team-sponsor-scout/index.tsx(74,11): error TS17004: Cannot use JSX unless the '--jsx' flag is provided.
frontend/src/widgets/team-sponsor-scout/index.tsx(75,13): error TS17004: Cannot use JSX unless the '--jsx' flag is provided.
frontend/src/widgets/team-sponsor-scout/index.tsx(77,11): error TS17004: Cannot use JSX unless the '--jsx' flag is provided.
frontend/src/widgets/team-sponsor-scout/index.tsx(82,9): error TS17004: Cannot use JSX unless the '--jsx' flag is provided.
frontend/src/widgets/team-sponsor-scout/index.tsx(83,11): error TS17004: Cannot use JSX unless the '--jsx' flag is provided.
frontend/src/widgets/team-sponsor-scout/index.tsx(91,13): error TS17004: Cannot use JSX unless the '--jsx' flag is provided.
frontend/src/widgets/team-sponsor-scout/index.tsx(92,15): error TS17004: Cannot use JSX unless the '--jsx' flag is provided.
frontend/src/widgets/team-sponsor-scout/index.tsx(93,15): error TS17004: Cannot use JSX unless the '--jsx' flag is provided.
frontend/src/widgets/team-sponsor-scout/index.tsx(97,9): error TS17004: Cannot use JSX unless the '--jsx' flag is provided.
frontend/src/widgets/team-sponsor-scout/index.tsx(98,11): error TS17004: Cannot use JSX unless the '--jsx' flag is provided.
frontend/src/widgets/team-sponsor-scout/index.tsx(100,15): error TS17004: Cannot use JSX unless the '--jsx' flag is provided.
frontend/src/widgets/team-sponsor-scout/index.tsx(102,15): error TS17004: Cannot use JSX unless the '--jsx' flag is provided.
frontend/src/widgets/team-sponsor-scout/index.tsx(109,7): error TS17004: Cannot use JSX unless the '--jsx' flag is provided.
frontend/src/widgets/team-sponsor-scout/index.tsx(112,13): error TS17004: Cannot use JSX unless the '--jsx' flag is provided.
frontend/src/widgets/team-sponsor-scout/index.tsx(116,11): error TS17004: Cannot use JSX unless the '--jsx' flag is provided.
frontend/src/widgets/team-sponsor-scout/index.tsx(118,15): error TS17004: Cannot use JSX unless the '--jsx' flag is provided.
frontend/src/widgets/team-sponsor-scout/index.tsx(119,17): error TS17004: Cannot use JSX unless the '--jsx' flag is provided.
frontend/src/widgets/team-sponsor-scout/index.tsx(120,19): error TS17004: Cannot use JSX unless the '--jsx' flag is provided.
frontend/src/widgets/team-sponsor-scout/index.tsx(121,21): error TS17004: Cannot use JSX unless the '--jsx' flag is provided.
frontend/src/widgets/team-sponsor-scout/index.tsx(129,21): error TS17004: Cannot use JSX unless the '--jsx' flag is provided.
frontend/src/widgets/team-sponsor-scout/index.tsx(130,23): error TS17004: Cannot use JSX unless the '--jsx' flag is provided.
frontend/src/widgets/team-sponsor-scout/index.tsx(131,25): error TS17004: Cannot use JSX unless the '--jsx' flag is provided.
frontend/src/widgets/team-sponsor-scout/index.tsx(133,23): error TS17004: Cannot use JSX unless the '--jsx' flag is provided.
frontend/src/widgets/team-sponsor-scout/index.tsx(136,19): error TS17004: Cannot use JSX unless the '--jsx' flag is provided.
frontend/src/widgets/team-sponsor-scout/index.tsx(137,21): error TS17004: Cannot use JSX unless the '--jsx' flag is provided.
frontend/src/widgets/team-sponsor-scout/index.tsx(141,17): error TS17004: Cannot use JSX unless the '--jsx' flag is provided.
frontend/src/widgets/team-sponsor-scout/index.tsx(142,19): error TS17004: Cannot use JSX unless the '--jsx' flag is provided.
frontend/src/widgets/team-sponsor-scout/index.tsx(143,21): error TS17004: Cannot use JSX unless the '--jsx' flag is provided.
frontend/src/widgets/team-sponsor-scout/index.tsx(144,21): error TS17004: Cannot use JSX unless the '--jsx' flag is provided.
frontend/src/widgets/team-sponsor-scout/index.tsx(145,21): error TS17004: Cannot use JSX unless the '--jsx' flag is provided.
frontend/src/widgets/team-sponsor-scout/index.tsx(154,9): error TS17004: Cannot use JSX unless the '--jsx' flag is provided.
frontend/src/widgets/team-sponsor-scout/index.tsx(155,11): error TS17004: Cannot use JSX unless the '--jsx' flag is provided.
frontend/src/widgets/team-stats-tab/index.tsx(3,62): error TS2307: Cannot find module '@/shared/ui/card' or its corresponding type declarations.
frontend/src/widgets/team-stats-tab/index.tsx(4,30): error TS2307: Cannot find module '@/widgets/analytics-charts/win-loss-chart' or its corresponding type declarations.
frontend/src/widgets/team-stats-tab/index.tsx(6,34): error TS2307: Cannot find module '@/entities/team/model/types' or its corresponding type declarations.
frontend/src/widgets/team-stats-tab/index.tsx(17,5): error TS17004: Cannot use JSX unless the '--jsx' flag is provided.
frontend/src/widgets/team-stats-tab/index.tsx(18,7): error TS17004: Cannot use JSX unless the '--jsx' flag is provided.
frontend/src/widgets/team-stats-tab/index.tsx(19,9): error TS17004: Cannot use JSX unless the '--jsx' flag is provided.
frontend/src/widgets/team-stats-tab/index.tsx(20,11): error TS17004: Cannot use JSX unless the '--jsx' flag is provided.
frontend/src/widgets/team-stats-tab/index.tsx(21,13): error TS17004: Cannot use JSX unless the '--jsx' flag is provided.
frontend/src/widgets/team-stats-tab/index.tsx(22,13): error TS17004: Cannot use JSX unless the '--jsx' flag is provided.
frontend/src/widgets/team-stats-tab/index.tsx(27,9): error TS17004: Cannot use JSX unless the '--jsx' flag is provided.
frontend/src/widgets/team-stats-tab/index.tsx(28,11): error TS17004: Cannot use JSX unless the '--jsx' flag is provided.
frontend/src/widgets/team-stats-tab/index.tsx(29,13): error TS17004: Cannot use JSX unless the '--jsx' flag is provided.
frontend/src/widgets/team-stats-tab/index.tsx(30,13): error TS17004: Cannot use JSX unless the '--jsx' flag is provided.
frontend/src/widgets/team-stats-tab/index.tsx(36,7): error TS17004: Cannot use JSX unless the '--jsx' flag is provided.
frontend/src/widgets/team-stats-tab/index.tsx(37,9): error TS17004: Cannot use JSX unless the '--jsx' flag is provided.
frontend/src/widgets/team-stats-tab/index.tsx(38,11): error TS17004: Cannot use JSX unless the '--jsx' flag is provided.
frontend/src/widgets/team-stats-tab/index.tsx(39,13): error TS17004: Cannot use JSX unless the '--jsx' flag is provided.
frontend/src/widgets/team-stats-tab/index.tsx(40,15): error TS17004: Cannot use JSX unless the '--jsx' flag is provided.
frontend/src/widgets/team-stats-tab/index.tsx(42,13): error TS17004: Cannot use JSX unless the '--jsx' flag is provided.
frontend/src/widgets/team-stats-tab/index.tsx(45,9): error TS17004: Cannot use JSX unless the '--jsx' flag is provided.
frontend/src/widgets/team-stats-tab/index.tsx(46,11): error TS17004: Cannot use JSX unless the '--jsx' flag is provided.
frontend/src/widgets/team-stats-tab/index.tsx(47,13): error TS17004: Cannot use JSX unless the '--jsx' flag is provided.
frontend/src/widgets/team-stats-tab/index.tsx(48,15): error TS17004: Cannot use JSX unless the '--jsx' flag is provided.
frontend/src/widgets/team-stats-tab/index.tsx(50,13): error TS17004: Cannot use JSX unless the '--jsx' flag is provided.
frontend/src/widgets/team-stats-tab/index.tsx(53,9): error TS17004: Cannot use JSX unless the '--jsx' flag is provided.
frontend/src/widgets/team-stats-tab/index.tsx(54,11): error TS17004: Cannot use JSX unless the '--jsx' flag is provided.
frontend/src/widgets/team-stats-tab/index.tsx(55,13): error TS17004: Cannot use JSX unless the '--jsx' flag is provided.
frontend/src/widgets/team-stats-tab/index.tsx(56,15): error TS17004: Cannot use JSX unless the '--jsx' flag is provided.
frontend/src/widgets/team-stats-tab/index.tsx(58,13): error TS17004: Cannot use JSX unless the '--jsx' flag is provided.
frontend/src/widgets/team-stats-tab/index.tsx(61,9): error TS17004: Cannot use JSX unless the '--jsx' flag is provided.
frontend/src/widgets/team-stats-tab/index.tsx(62,11): error TS17004: Cannot use JSX unless the '--jsx' flag is provided.
frontend/src/widgets/team-stats-tab/index.tsx(63,13): error TS17004: Cannot use JSX unless the '--jsx' flag is provided.
frontend/src/widgets/team-stats-tab/index.tsx(64,15): error TS17004: Cannot use JSX unless the '--jsx' flag is provided.
frontend/src/widgets/team-stats-tab/index.tsx(66,13): error TS17004: Cannot use JSX unless the '--jsx' flag is provided.
frontend/src/widgets/team-stats-tab/index.tsx(72,7): error TS17004: Cannot use JSX unless the '--jsx' flag is provided.
frontend/src/widgets/team-stats-tab/index.tsx(73,9): error TS17004: Cannot use JSX unless the '--jsx' flag is provided.
frontend/src/widgets/team-training-analytics/index.tsx(9,8): error TS2307: Cannot find module '@/shared/ui/card' or its corresponding type declarations.
frontend/src/widgets/team-training-analytics/index.tsx(17,8): error TS2307: Cannot find module '@/shared/ui/table' or its corresponding type declarations.
frontend/src/widgets/team-training-analytics/index.tsx(18,26): error TS2307: Cannot find module '@/shared/ui/progress' or its corresponding type declarations.
frontend/src/widgets/team-training-analytics/index.tsx(19,53): error TS2307: Cannot find module '@/shared/ui/avatar' or its corresponding type declarations.
frontend/src/widgets/team-training-analytics/index.tsx(21,36): error TS2307: Cannot find module '@/entities/user/model/types' or its corresponding type declarations.
frontend/src/widgets/team-training-analytics/index.tsx(34,3): error TS17004: Cannot use JSX unless the '--jsx' flag is provided.
frontend/src/widgets/team-training-analytics/index.tsx(35,5): error TS17004: Cannot use JSX unless the '--jsx' flag is provided.
frontend/src/widgets/team-training-analytics/index.tsx(36,7): error TS17004: Cannot use JSX unless the '--jsx' flag is provided.
frontend/src/widgets/team-training-analytics/index.tsx(37,7): error TS17004: Cannot use JSX unless the '--jsx' flag is provided.
frontend/src/widgets/team-training-analytics/index.tsx(39,5): error TS17004: Cannot use JSX unless the '--jsx' flag is provided.
frontend/src/widgets/team-training-analytics/index.tsx(40,7): error TS17004: Cannot use JSX unless the '--jsx' flag is provided.
frontend/src/widgets/team-training-analytics/index.tsx(42,9): error TS17004: Cannot use JSX unless the '--jsx' flag is provided.
frontend/src/widgets/team-training-analytics/index.tsx(74,5): error TS17004: Cannot use JSX unless the '--jsx' flag is provided.
frontend/src/widgets/team-training-analytics/index.tsx(75,7): error TS17004: Cannot use JSX unless the '--jsx' flag is provided.
frontend/src/widgets/team-training-analytics/index.tsx(76,9): error TS17004: Cannot use JSX unless the '--jsx' flag is provided.
frontend/src/widgets/team-training-analytics/index.tsx(82,9): error TS17004: Cannot use JSX unless the '--jsx' flag is provided.
frontend/src/widgets/team-training-analytics/index.tsx(90,9): error TS17004: Cannot use JSX unless the '--jsx' flag is provided.
frontend/src/widgets/team-training-analytics/index.tsx(100,7): error TS17004: Cannot use JSX unless the '--jsx' flag is provided.
frontend/src/widgets/team-training-analytics/index.tsx(101,9): error TS17004: Cannot use JSX unless the '--jsx' flag is provided.
frontend/src/widgets/team-training-analytics/index.tsx(102,11): error TS17004: Cannot use JSX unless the '--jsx' flag is provided.
frontend/src/widgets/team-training-analytics/index.tsx(103,11): error TS17004: Cannot use JSX unless the '--jsx' flag is provided.
frontend/src/widgets/team-training-analytics/index.tsx(107,9): error TS17004: Cannot use JSX unless the '--jsx' flag is provided.
frontend/src/widgets/team-training-analytics/index.tsx(108,11): error TS17004: Cannot use JSX unless the '--jsx' flag is provided.
frontend/src/widgets/team-training-analytics/index.tsx(109,13): error TS17004: Cannot use JSX unless the '--jsx' flag is provided.
frontend/src/widgets/team-training-analytics/index.tsx(110,15): error TS17004: Cannot use JSX unless the '--jsx' flag is provided.
frontend/src/widgets/team-training-analytics/index.tsx(111,17): error TS17004: Cannot use JSX unless the '--jsx' flag is provided.
frontend/src/widgets/team-training-analytics/index.tsx(112,17): error TS17004: Cannot use JSX unless the '--jsx' flag is provided.
frontend/src/widgets/team-training-analytics/index.tsx(113,17): error TS17004: Cannot use JSX unless the '--jsx' flag is provided.
frontend/src/widgets/team-training-analytics/index.tsx(116,13): error TS17004: Cannot use JSX unless the '--jsx' flag is provided.
frontend/src/widgets/team-training-analytics/index.tsx(118,17): error TS17004: Cannot use JSX unless the '--jsx' flag is provided.
frontend/src/widgets/team-training-analytics/index.tsx(119,19): error TS17004: Cannot use JSX unless the '--jsx' flag is provided.
frontend/src/widgets/team-training-analytics/index.tsx(120,21): error TS17004: Cannot use JSX unless the '--jsx' flag is provided.
frontend/src/widgets/team-training-analytics/index.tsx(121,23): error TS17004: Cannot use JSX unless the '--jsx' flag is provided.
frontend/src/widgets/team-training-analytics/index.tsx(122,25): error TS17004: Cannot use JSX unless the '--jsx' flag is provided.
frontend/src/widgets/team-training-analytics/index.tsx(126,25): error TS17004: Cannot use JSX unless the '--jsx' flag is provided.
frontend/src/widgets/team-training-analytics/index.tsx(128,23): error TS17004: Cannot use JSX unless the '--jsx' flag is provided.
frontend/src/widgets/team-training-analytics/index.tsx(131,19): error TS17004: Cannot use JSX unless the '--jsx' flag is provided.
frontend/src/widgets/team-training-analytics/index.tsx(132,19): error TS17004: Cannot use JSX unless the '--jsx' flag is provided.
frontend/src/widgets/team-training-analytics/index.tsx(133,21): error TS17004: Cannot use JSX unless the '--jsx' flag is provided.
frontend/src/widgets/team-training-analytics/index.tsx(134,23): error TS17004: Cannot use JSX unless the '--jsx' flag is provided.
frontend/src/widgets/team-training-analytics/index.tsx(135,23): error TS17004: Cannot use JSX unless the '--jsx' flag is provided.
frontend/src/widgets/teams-list/index.tsx(6,23): error TS2307: Cannot find module '@/shared/ui/badge' or its corresponding type declarations.
frontend/src/widgets/teams-list/index.tsx(7,24): error TS2307: Cannot find module '@/shared/ui/button' or its corresponding type declarations.
frontend/src/widgets/teams-list/index.tsx(14,8): error TS2307: Cannot find module '@/shared/ui/card' or its corresponding type declarations.
frontend/src/widgets/teams-list/index.tsx(15,23): error TS2307: Cannot find module '@/shared/ui/input' or its corresponding type declarations.
frontend/src/widgets/teams-list/index.tsx(17,27): error TS2307: Cannot find module '@/entities/team/model/types' or its corresponding type declarations.
frontend/src/widgets/teams-list/index.tsx(40,5): error TS17004: Cannot use JSX unless the '--jsx' flag is provided.
frontend/src/widgets/teams-list/index.tsx(41,7): error TS17004: Cannot use JSX unless the '--jsx' flag is provided.
frontend/src/widgets/teams-list/index.tsx(42,9): error TS17004: Cannot use JSX unless the '--jsx' flag is provided.
frontend/src/widgets/teams-list/index.tsx(43,11): error TS17004: Cannot use JSX unless the '--jsx' flag is provided.
frontend/src/widgets/teams-list/index.tsx(46,11): error TS17004: Cannot use JSX unless the '--jsx' flag is provided.
frontend/src/widgets/teams-list/index.tsx(50,9): error TS17004: Cannot use JSX unless the '--jsx' flag is provided.
frontend/src/widgets/teams-list/index.tsx(51,11): error TS17004: Cannot use JSX unless the '--jsx' flag is provided.
frontend/src/widgets/teams-list/index.tsx(52,13): error TS17004: Cannot use JSX unless the '--jsx' flag is provided.
frontend/src/widgets/teams-list/index.tsx(58,7): error TS17004: Cannot use JSX unless the '--jsx' flag is provided.
frontend/src/widgets/teams-list/index.tsx(59,9): error TS17004: Cannot use JSX unless the '--jsx' flag is provided.
frontend/src/widgets/teams-list/index.tsx(60,11): error TS17004: Cannot use JSX unless the '--jsx' flag is provided.
frontend/src/widgets/teams-list/index.tsx(61,13): error TS17004: Cannot use JSX unless the '--jsx' flag is provided.
frontend/src/widgets/teams-list/index.tsx(62,13): error TS17004: Cannot use JSX unless the '--jsx' flag is provided.
frontend/src/widgets/teams-list/index.tsx(69,11): error TS17004: Cannot use JSX unless the '--jsx' flag is provided.
frontend/src/widgets/teams-list/index.tsx(71,15): error TS17004: Cannot use JSX unless the '--jsx' flag is provided.
frontend/src/widgets/teams-list/index.tsx(83,7): error TS17004: Cannot use JSX unless the '--jsx' flag is provided.
frontend/src/widgets/teams-list/index.tsx(85,11): error TS17004: Cannot use JSX unless the '--jsx' flag is provided.
frontend/src/widgets/teams-list/index.tsx(90,13): error TS17004: Cannot use JSX unless the '--jsx' flag is provided.
frontend/src/widgets/teams-list/index.tsx(91,15): error TS17004: Cannot use JSX unless the '--jsx' flag is provided.
frontend/src/widgets/teams-list/index.tsx(92,17): error TS17004: Cannot use JSX unless the '--jsx' flag is provided.
frontend/src/widgets/teams-list/index.tsx(100,17): error TS17004: Cannot use JSX unless the '--jsx' flag is provided.
frontend/src/widgets/teams-list/index.tsx(101,19): error TS17004: Cannot use JSX unless the '--jsx' flag is provided.
frontend/src/widgets/teams-list/index.tsx(102,19): error TS17004: Cannot use JSX unless the '--jsx' flag is provided.
frontend/src/widgets/teams-list/index.tsx(105,15): error TS17004: Cannot use JSX unless the '--jsx' flag is provided.
frontend/src/widgets/teams-list/index.tsx(106,17): error TS17004: Cannot use JSX unless the '--jsx' flag is provided.
frontend/src/widgets/teams-list/index.tsx(107,19): error TS17004: Cannot use JSX unless the '--jsx' flag is provided.
frontend/src/widgets/teams-list/index.tsx(108,21): error TS17004: Cannot use JSX unless the '--jsx' flag is provided.
frontend/src/widgets/teams-list/index.tsx(110,19): error TS17004: Cannot use JSX unless the '--jsx' flag is provided.
frontend/src/widgets/teams-list/index.tsx(111,21): error TS17004: Cannot use JSX unless the '--jsx' flag is provided.
frontend/src/widgets/teams-list/index.tsx(114,17): error TS17004: Cannot use JSX unless the '--jsx' flag is provided.
frontend/src/widgets/teams-list/index.tsx(115,19): error TS17004: Cannot use JSX unless the '--jsx' flag is provided.
frontend/src/widgets/teams-list/index.tsx(123,9): error TS17004: Cannot use JSX unless the '--jsx' flag is provided.
frontend/src/widgets/teams-list/index.tsx(124,11): error TS17004: Cannot use JSX unless the '--jsx' flag is provided.
frontend/src/widgets/tournament-bracket/index.tsx(3,53): error TS2307: Cannot find module '@/shared/ui/avatar' or its corresponding type declarations.
frontend/src/widgets/tournament-bracket/index.tsx(5,20): error TS2307: Cannot find module '@/shared/lib/utils' or its corresponding type declarations.
frontend/src/widgets/tournament-bracket/index.tsx(10,8): error TS2307: Cannot find module '@/entities/tournament/model/types' or its corresponding type declarations.
frontend/src/widgets/tournament-bracket/index.tsx(25,7): error TS17004: Cannot use JSX unless the '--jsx' flag is provided.
frontend/src/widgets/tournament-bracket/index.tsx(26,9): error TS17004: Cannot use JSX unless the '--jsx' flag is provided.
frontend/src/widgets/tournament-bracket/index.tsx(27,11): error TS17004: Cannot use JSX unless the '--jsx' flag is provided.
frontend/src/widgets/tournament-bracket/index.tsx(29,9): error TS17004: Cannot use JSX unless the '--jsx' flag is provided.
frontend/src/widgets/tournament-bracket/index.tsx(30,11): error TS17004: Cannot use JSX unless the '--jsx' flag is provided.
frontend/src/widgets/tournament-bracket/index.tsx(35,11): error TS17004: Cannot use JSX unless the '--jsx' flag is provided.
frontend/src/widgets/tournament-bracket/index.tsx(37,9): error TS17004: Cannot use JSX unless the '--jsx' flag is provided.
frontend/src/widgets/tournament-bracket/index.tsx(38,11): error TS17004: Cannot use JSX unless the '--jsx' flag is provided.
frontend/src/widgets/tournament-bracket/index.tsx(41,11): error TS17004: Cannot use JSX unless the '--jsx' flag is provided.
frontend/src/widgets/tournament-bracket/index.tsx(48,5): error TS17004: Cannot use JSX unless the '--jsx' flag is provided.
frontend/src/widgets/tournament-bracket/index.tsx(55,9): error TS17004: Cannot use JSX unless the '--jsx' flag is provided.
frontend/src/widgets/tournament-bracket/index.tsx(61,11): error TS17004: Cannot use JSX unless the '--jsx' flag is provided.
frontend/src/widgets/tournament-bracket/index.tsx(62,13): error TS17004: Cannot use JSX unless the '--jsx' flag is provided.
frontend/src/widgets/tournament-bracket/index.tsx(63,15): error TS17004: Cannot use JSX unless the '--jsx' flag is provided.
frontend/src/widgets/tournament-bracket/index.tsx(68,15): error TS17004: Cannot use JSX unless the '--jsx' flag is provided.
frontend/src/widgets/tournament-bracket/index.tsx(70,13): error TS17004: Cannot use JSX unless the '--jsx' flag is provided.
frontend/src/widgets/tournament-bracket/index.tsx(74,11): error TS17004: Cannot use JSX unless the '--jsx' flag is provided.
frontend/src/widgets/tournament-bracket/index.tsx(77,23): error TS17004: Cannot use JSX unless the '--jsx' flag is provided.
frontend/src/widgets/tournament-bracket/index.tsx(79,9): error TS17004: Cannot use JSX unless the '--jsx' flag is provided.
frontend/src/widgets/tournament-bracket/index.tsx(85,11): error TS17004: Cannot use JSX unless the '--jsx' flag is provided.
frontend/src/widgets/tournament-bracket/index.tsx(86,13): error TS17004: Cannot use JSX unless the '--jsx' flag is provided.
frontend/src/widgets/tournament-bracket/index.tsx(87,15): error TS17004: Cannot use JSX unless the '--jsx' flag is provided.
frontend/src/widgets/tournament-bracket/index.tsx(92,15): error TS17004: Cannot use JSX unless the '--jsx' flag is provided.
frontend/src/widgets/tournament-bracket/index.tsx(94,13): error TS17004: Cannot use JSX unless the '--jsx' flag is provided.
frontend/src/widgets/tournament-bracket/index.tsx(98,11): error TS17004: Cannot use JSX unless the '--jsx' flag is provided.
frontend/src/widgets/tournament-bracket/index.tsx(106,7): error TS17004: Cannot use JSX unless the '--jsx' flag is provided.
frontend/src/widgets/tournament-bracket/index.tsx(120,5): error TS17004: Cannot use JSX unless the '--jsx' flag is provided.
frontend/src/widgets/tournament-bracket/index.tsx(121,7): error TS17004: Cannot use JSX unless the '--jsx' flag is provided.
frontend/src/widgets/tournament-bracket/index.tsx(123,11): error TS17004: Cannot use JSX unless the '--jsx' flag is provided.
frontend/src/widgets/tournament-bracket/index.tsx(127,13): error TS17004: Cannot use JSX unless the '--jsx' flag is provided.
frontend/src/widgets/tournament-bracket/index.tsx(130,13): error TS17004: Cannot use JSX unless the '--jsx' flag is provided.
frontend/src/widgets/tournament-bracket/index.tsx(141,17): error TS17004: Cannot use JSX unless the '--jsx' flag is provided.
frontend/src/widgets/tournament-bracket/index.tsx(142,19): error TS17004: Cannot use JSX unless the '--jsx' flag is provided.
frontend/src/widgets/tournament-bracket/index.tsx(146,21): error TS17004: Cannot use JSX unless the '--jsx' flag is provided.
frontend/src/widgets/tournament-bracket/index.tsx(148,23): error TS17004: Cannot use JSX unless the '--jsx' flag is provided.
frontend/src/widgets/tournament-bracket/index.tsx(150,23): error TS17004: Cannot use JSX unless the '--jsx' flag is provided.
frontend/src/widgets/tournament-bracket/index.tsx(159,25): error TS17004: Cannot use JSX unless the '--jsx' flag is provided.
frontend/src/widgets/tournament-bracket/index.tsx(164,21): error TS17004: Cannot use JSX unless the '--jsx' flag is provided.
frontend/src/widgets/tournament-bracket/index.tsx(165,23): error TS17004: Cannot use JSX unless the '--jsx' flag is provided.
frontend/src/widgets/tournament-bracket/index.tsx(166,23): error TS17004: Cannot use JSX unless the '--jsx' flag is provided.
frontend/src/widgets/tournament-bracket/index.tsx(174,23): error TS17004: Cannot use JSX unless the '--jsx' flag is provided.
frontend/src/widgets/tournament-crm-dashboard/index.tsx(11,8): error TS2307: Cannot find module '@/shared/ui/card' or its corresponding type declarations.
frontend/src/widgets/tournament-crm-dashboard/index.tsx(12,24): error TS2307: Cannot find module '@/shared/ui/button' or its corresponding type declarations.
frontend/src/widgets/tournament-crm-dashboard/index.tsx(20,8): error TS2307: Cannot find module '@/shared/ui/table' or its corresponding type declarations.
frontend/src/widgets/tournament-crm-dashboard/index.tsx(21,23): error TS2307: Cannot find module '@/shared/ui/badge' or its corresponding type declarations.
frontend/src/widgets/tournament-crm-dashboard/index.tsx(22,23): error TS2307: Cannot find module '@/shared/ui/input' or its corresponding type declarations.
frontend/src/widgets/tournament-crm-dashboard/index.tsx(29,8): error TS2307: Cannot find module '@/shared/ui/select' or its corresponding type declarations.
frontend/src/widgets/tournament-crm-dashboard/index.tsx(30,26): error TS2307: Cannot find module '@/shared/ui/progress' or its corresponding type declarations.
frontend/src/widgets/tournament-crm-dashboard/index.tsx(41,37): error TS2307: Cannot find module '@/entities/tournament/api/get-tournaments' or its corresponding type declarations.
frontend/src/widgets/tournament-crm-dashboard/index.tsx(42,36): error TS2307: Cannot find module '@/entities/user/model/types' or its corresponding type declarations.
frontend/src/widgets/tournament-crm-dashboard/index.tsx(43,26): error TS2307: Cannot find module '@/shared/hooks/use-toast' or its corresponding type declarations.
frontend/src/widgets/tournament-crm-dashboard/index.tsx(44,26): error TS2307: Cannot find module '@/shared/ui/skeleton' or its corresponding type declarations.
frontend/src/widgets/tournament-crm-dashboard/index.tsx(57,3): error TS17004: Cannot use JSX unless the '--jsx' flag is provided.
frontend/src/widgets/tournament-crm-dashboard/index.tsx(58,5): error TS17004: Cannot use JSX unless the '--jsx' flag is provided.
frontend/src/widgets/tournament-crm-dashboard/index.tsx(59,7): error TS17004: Cannot use JSX unless the '--jsx' flag is provided.
frontend/src/widgets/tournament-crm-dashboard/index.tsx(60,7): error TS17004: Cannot use JSX unless the '--jsx' flag is provided.
frontend/src/widgets/tournament-crm-dashboard/index.tsx(62,5): error TS17004: Cannot use JSX unless the '--jsx' flag is provided.
frontend/src/widgets/tournament-crm-dashboard/index.tsx(63,7): error TS17004: Cannot use JSX unless the '--jsx' flag is provided.
frontend/src/widgets/tournament-crm-dashboard/index.tsx(65,9): error TS17004: Cannot use JSX unless the '--jsx' flag is provided.
frontend/src/widgets/tournament-crm-dashboard/index.tsx(140,5): error TS17004: Cannot use JSX unless the '--jsx' flag is provided.
frontend/src/widgets/tournament-crm-dashboard/index.tsx(141,7): error TS17004: Cannot use JSX unless the '--jsx' flag is provided.
frontend/src/widgets/tournament-crm-dashboard/index.tsx(142,9): error TS17004: Cannot use JSX unless the '--jsx' flag is provided.
frontend/src/widgets/tournament-crm-dashboard/index.tsx(143,11): error TS17004: Cannot use JSX unless the '--jsx' flag is provided.
frontend/src/widgets/tournament-crm-dashboard/index.tsx(146,11): error TS17004: Cannot use JSX unless the '--jsx' flag is provided.
frontend/src/widgets/tournament-crm-dashboard/index.tsx(150,9): error TS17004: Cannot use JSX unless the '--jsx' flag is provided.
frontend/src/widgets/tournament-crm-dashboard/index.tsx(151,11): error TS17004: Cannot use JSX unless the '--jsx' flag is provided.
frontend/src/widgets/tournament-crm-dashboard/index.tsx(152,13): error TS17004: Cannot use JSX unless the '--jsx' flag is provided.
frontend/src/widgets/tournament-crm-dashboard/index.tsx(158,7): error TS17004: Cannot use JSX unless the '--jsx' flag is provided.
frontend/src/widgets/tournament-crm-dashboard/index.tsx(159,9): error TS17004: Cannot use JSX unless the '--jsx' flag is provided.
frontend/src/widgets/tournament-crm-dashboard/index.tsx(164,9): error TS17004: Cannot use JSX unless the '--jsx' flag is provided.
frontend/src/widgets/tournament-crm-dashboard/index.tsx(169,9): error TS17004: Cannot use JSX unless the '--jsx' flag is provided.
frontend/src/widgets/tournament-crm-dashboard/index.tsx(175,9): error TS17004: Cannot use JSX unless the '--jsx' flag is provided.
frontend/src/widgets/tournament-crm-dashboard/index.tsx(183,7): error TS17004: Cannot use JSX unless the '--jsx' flag is provided.
frontend/src/widgets/tournament-crm-dashboard/index.tsx(184,9): error TS17004: Cannot use JSX unless the '--jsx' flag is provided.
frontend/src/widgets/tournament-crm-dashboard/index.tsx(185,11): error TS17004: Cannot use JSX unless the '--jsx' flag is provided.
frontend/src/widgets/tournament-crm-dashboard/index.tsx(186,11): error TS17004: Cannot use JSX unless the '--jsx' flag is provided.
frontend/src/widgets/tournament-crm-dashboard/index.tsx(187,13): error TS17004: Cannot use JSX unless the '--jsx' flag is provided.
frontend/src/widgets/tournament-crm-dashboard/index.tsx(188,15): error TS17004: Cannot use JSX unless the '--jsx' flag is provided.
frontend/src/widgets/tournament-crm-dashboard/index.tsx(189,17): error TS17004: Cannot use JSX unless the '--jsx' flag is provided.
frontend/src/widgets/tournament-crm-dashboard/index.tsx(190,17): error TS17004: Cannot use JSX unless the '--jsx' flag is provided.
frontend/src/widgets/tournament-crm-dashboard/index.tsx(197,15): error TS17004: Cannot use JSX unless the '--jsx' flag is provided.
frontend/src/widgets/tournament-crm-dashboard/index.tsx(198,17): error TS17004: Cannot use JSX unless the '--jsx' flag is provided.
frontend/src/widgets/tournament-crm-dashboard/index.tsx(199,19): error TS17004: Cannot use JSX unless the '--jsx' flag is provided.
frontend/src/widgets/tournament-crm-dashboard/index.tsx(201,17): error TS17004: Cannot use JSX unless the '--jsx' flag is provided.
frontend/src/widgets/tournament-crm-dashboard/index.tsx(202,19): error TS17004: Cannot use JSX unless the '--jsx' flag is provided.
frontend/src/widgets/tournament-crm-dashboard/index.tsx(203,19): error TS17004: Cannot use JSX unless the '--jsx' flag is provided.
frontend/src/widgets/tournament-crm-dashboard/index.tsx(204,19): error TS17004: Cannot use JSX unless the '--jsx' flag is provided.
frontend/src/widgets/tournament-crm-dashboard/index.tsx(205,19): error TS17004: Cannot use JSX unless the '--jsx' flag is provided.
frontend/src/widgets/tournament-crm-dashboard/index.tsx(211,9): error TS17004: Cannot use JSX unless the '--jsx' flag is provided.
frontend/src/widgets/tournament-crm-dashboard/index.tsx(213,13): error TS17004: Cannot use JSX unless the '--jsx' flag is provided.
frontend/src/widgets/tournament-crm-dashboard/index.tsx(214,15): error TS17004: Cannot use JSX unless the '--jsx' flag is provided.
frontend/src/widgets/tournament-crm-dashboard/index.tsx(215,15): error TS17004: Cannot use JSX unless the '--jsx' flag is provided.
frontend/src/widgets/tournament-crm-dashboard/index.tsx(216,15): error TS17004: Cannot use JSX unless the '--jsx' flag is provided.
frontend/src/widgets/tournament-crm-dashboard/index.tsx(219,13): error TS17004: Cannot use JSX unless the '--jsx' flag is provided.
frontend/src/widgets/tournament-crm-dashboard/index.tsx(220,15): error TS17004: Cannot use JSX unless the '--jsx' flag is provided.
frontend/src/widgets/tournament-crm-dashboard/index.tsx(221,17): error TS17004: Cannot use JSX unless the '--jsx' flag is provided.
frontend/src/widgets/tournament-crm-dashboard/index.tsx(222,19): error TS17004: Cannot use JSX unless the '--jsx' flag is provided.
frontend/src/widgets/tournament-crm-dashboard/index.tsx(223,19): error TS17004: Cannot use JSX unless the '--jsx' flag is provided.
frontend/src/widgets/tournament-crm-dashboard/index.tsx(224,19): error TS17004: Cannot use JSX unless the '--jsx' flag is provided.
frontend/src/widgets/tournament-crm-dashboard/index.tsx(227,19): error TS17004: Cannot use JSX unless the '--jsx' flag is provided.
frontend/src/widgets/tournament-crm-dashboard/index.tsx(230,19): error TS17004: Cannot use JSX unless the '--jsx' flag is provided.
frontend/src/widgets/tournament-crm-dashboard/index.tsx(233,15): error TS17004: Cannot use JSX unless the '--jsx' flag is provided.
frontend/src/widgets/tournament-crm-dashboard/index.tsx(235,19): error TS17004: Cannot use JSX unless the '--jsx' flag is provided.
frontend/src/widgets/tournament-crm-dashboard/index.tsx(236,21): error TS17004: Cannot use JSX unless the '--jsx' flag is provided.
frontend/src/widgets/tournament-crm-dashboard/index.tsx(237,23): error TS17004: Cannot use JSX unless the '--jsx' flag is provided.
frontend/src/widgets/tournament-crm-dashboard/index.tsx(238,23): error TS17004: Cannot use JSX unless the '--jsx' flag is provided.
frontend/src/widgets/tournament-crm-dashboard/index.tsx(242,21): error TS17004: Cannot use JSX unless the '--jsx' flag is provided.
frontend/src/widgets/tournament-crm-dashboard/index.tsx(243,23): error TS17004: Cannot use JSX unless the '--jsx' flag is provided.
frontend/src/widgets/tournament-crm-dashboard/index.tsx(247,21): error TS17004: Cannot use JSX unless the '--jsx' flag is provided.
frontend/src/widgets/tournament-crm-dashboard/index.tsx(248,23): error TS17004: Cannot use JSX unless the '--jsx' flag is provided.
frontend/src/widgets/tournament-crm-dashboard/index.tsx(249,25): error TS17004: Cannot use JSX unless the '--jsx' flag is provided.
frontend/src/widgets/tournament-crm-dashboard/index.tsx(253,25): error TS17004: Cannot use JSX unless the '--jsx' flag is provided.
frontend/src/widgets/tournament-crm-dashboard/index.tsx(263,21): error TS17004: Cannot use JSX unless the '--jsx' flag is provided.
frontend/src/widgets/tournament-crm-dashboard/index.tsx(268,21): error TS17004: Cannot use JSX unless the '--jsx' flag is provided.
frontend/src/widgets/tournament-crm-dashboard/index.tsx(269,23): error TS17004: Cannot use JSX unless the '--jsx' flag is provided.
frontend/src/widgets/tournament-crm-dashboard/index.tsx(270,25): error TS17004: Cannot use JSX unless the '--jsx' flag is provided.
frontend/src/widgets/tournament-crm-details/index.tsx(10,8): error TS2307: Cannot find module '@/shared/ui/card' or its corresponding type declarations.
frontend/src/widgets/tournament-crm-details/index.tsx(11,58): error TS2307: Cannot find module '@/shared/ui/tabs' or its corresponding type declarations.
frontend/src/widgets/tournament-crm-details/index.tsx(13,39): error TS2307: Cannot find module '@/widgets/crm-tournament-overview' or its corresponding type declarations.
frontend/src/widgets/tournament-crm-details/index.tsx(14,49): error TS2307: Cannot find module '@/widgets/crm-tournament-participants' or its corresponding type declarations.
frontend/src/widgets/tournament-crm-details/index.tsx(15,35): error TS2307: Cannot find module '@/widgets/tournament-bracket' or its corresponding type declarations.
frontend/src/widgets/tournament-crm-details/index.tsx(16,38): error TS2307: Cannot find module '@/widgets/crm-tournament-matches' or its corresponding type declarations.
frontend/src/widgets/tournament-crm-details/index.tsx(17,37): error TS2307: Cannot find module '@/widgets/crm-tournament-judges' or its corresponding type declarations.
frontend/src/widgets/tournament-crm-details/index.tsx(18,39): error TS2307: Cannot find module '@/widgets/crm-tournament-sponsors' or its corresponding type declarations.
frontend/src/widgets/tournament-crm-details/index.tsx(19,38): error TS2307: Cannot find module '@/widgets/crm-tournament-medical' or its corresponding type declarations.
frontend/src/widgets/tournament-crm-details/index.tsx(20,44): error TS2307: Cannot find module '@/widgets/crm-tournament-announcements' or its corresponding type declarations.
frontend/src/widgets/tournament-crm-details/index.tsx(21,39): error TS2307: Cannot find module '@/widgets/crm-tournament-settings' or its corresponding type declarations.
frontend/src/widgets/tournament-crm-details/index.tsx(23,26): error TS2307: Cannot find module '@/shared/hooks/use-toast' or its corresponding type declarations.
frontend/src/widgets/tournament-crm-details/index.tsx(24,26): error TS2307: Cannot find module '@/shared/ui/textarea' or its corresponding type declarations.
frontend/src/widgets/tournament-crm-details/index.tsx(25,24): error TS2307: Cannot find module '@/shared/ui/button' or its corresponding type declarations.
frontend/src/widgets/tournament-crm-details/index.tsx(27,28): error TS2307: Cannot find module '@/shared/ui/scroll-area' or its corresponding type declarations.
frontend/src/widgets/tournament-crm-details/index.tsx(28,42): error TS2307: Cannot find module '@/widgets/crm-tournament-media-center' or its corresponding type declarations.
frontend/src/widgets/tournament-crm-details/index.tsx(29,39): error TS2307: Cannot find module '@/widgets/crm-tournament-disputes' or its corresponding type declarations.
frontend/src/widgets/tournament-crm-details/index.tsx(30,35): error TS2307: Cannot find module '@/entities/tournament/api/get-tournament' or its corresponding type declarations.
frontend/src/widgets/tournament-crm-details/index.tsx(31,40): error TS2307: Cannot find module '@/entities/tournament/model/types' or its corresponding type declarations.
frontend/src/widgets/tournament-crm-details/index.tsx(32,26): error TS2307: Cannot find module '@/shared/ui/skeleton' or its corresponding type declarations.
frontend/src/widgets/tournament-crm-details/index.tsx(72,7): error TS17004: Cannot use JSX unless the '--jsx' flag is provided.
frontend/src/widgets/tournament-crm-details/index.tsx(73,9): error TS17004: Cannot use JSX unless the '--jsx' flag is provided.
frontend/src/widgets/tournament-crm-details/index.tsx(74,9): error TS17004: Cannot use JSX unless the '--jsx' flag is provided.
frontend/src/widgets/tournament-crm-details/index.tsx(75,9): error TS17004: Cannot use JSX unless the '--jsx' flag is provided.
frontend/src/widgets/tournament-crm-details/index.tsx(83,5): error TS17004: Cannot use JSX unless the '--jsx' flag is provided.
frontend/src/widgets/tournament-crm-details/index.tsx(84,7): error TS17004: Cannot use JSX unless the '--jsx' flag is provided.
frontend/src/widgets/tournament-crm-details/index.tsx(85,9): error TS17004: Cannot use JSX unless the '--jsx' flag is provided.
frontend/src/widgets/tournament-crm-details/index.tsx(88,9): error TS17004: Cannot use JSX unless the '--jsx' flag is provided.
frontend/src/widgets/tournament-crm-details/index.tsx(93,7): error TS17004: Cannot use JSX unless the '--jsx' flag is provided.
frontend/src/widgets/tournament-crm-details/index.tsx(94,9): error TS17004: Cannot use JSX unless the '--jsx' flag is provided.
frontend/src/widgets/tournament-crm-details/index.tsx(95,11): error TS17004: Cannot use JSX unless the '--jsx' flag is provided.
frontend/src/widgets/tournament-crm-details/index.tsx(96,13): error TS17004: Cannot use JSX unless the '--jsx' flag is provided.
frontend/src/widgets/tournament-crm-details/index.tsx(97,13): error TS17004: Cannot use JSX unless the '--jsx' flag is provided.
frontend/src/widgets/tournament-crm-details/index.tsx(98,13): error TS17004: Cannot use JSX unless the '--jsx' flag is provided.
frontend/src/widgets/tournament-crm-details/index.tsx(99,13): error TS17004: Cannot use JSX unless the '--jsx' flag is provided.
frontend/src/widgets/tournament-crm-details/index.tsx(100,13): error TS17004: Cannot use JSX unless the '--jsx' flag is provided.
frontend/src/widgets/tournament-crm-details/index.tsx(101,13): error TS17004: Cannot use JSX unless the '--jsx' flag is provided.
frontend/src/widgets/tournament-crm-details/index.tsx(102,13): error TS17004: Cannot use JSX unless the '--jsx' flag is provided.
frontend/src/widgets/tournament-crm-details/index.tsx(103,13): error TS17004: Cannot use JSX unless the '--jsx' flag is provided.
frontend/src/widgets/tournament-crm-details/index.tsx(104,13): error TS17004: Cannot use JSX unless the '--jsx' flag is provided.
frontend/src/widgets/tournament-crm-details/index.tsx(105,13): error TS17004: Cannot use JSX unless the '--jsx' flag is provided.
frontend/src/widgets/tournament-crm-details/index.tsx(106,13): error TS17004: Cannot use JSX unless the '--jsx' flag is provided.
frontend/src/widgets/tournament-crm-details/index.tsx(107,13): error TS17004: Cannot use JSX unless the '--jsx' flag is provided.
frontend/src/widgets/tournament-crm-details/index.tsx(111,9): error TS17004: Cannot use JSX unless the '--jsx' flag is provided.
frontend/src/widgets/tournament-crm-details/index.tsx(112,11): error TS17004: Cannot use JSX unless the '--jsx' flag is provided.
frontend/src/widgets/tournament-crm-details/index.tsx(115,9): error TS17004: Cannot use JSX unless the '--jsx' flag is provided.
frontend/src/widgets/tournament-crm-details/index.tsx(116,11): error TS17004: Cannot use JSX unless the '--jsx' flag is provided.
frontend/src/widgets/tournament-crm-details/index.tsx(119,9): error TS17004: Cannot use JSX unless the '--jsx' flag is provided.
frontend/src/widgets/tournament-crm-details/index.tsx(120,11): error TS17004: Cannot use JSX unless the '--jsx' flag is provided.
frontend/src/widgets/tournament-crm-details/index.tsx(121,13): error TS17004: Cannot use JSX unless the '--jsx' flag is provided.
frontend/src/widgets/tournament-crm-details/index.tsx(122,15): error TS17004: Cannot use JSX unless the '--jsx' flag is provided.
frontend/src/widgets/tournament-crm-details/index.tsx(123,15): error TS17004: Cannot use JSX unless the '--jsx' flag is provided.
frontend/src/widgets/tournament-crm-details/index.tsx(129,13): error TS17004: Cannot use JSX unless the '--jsx' flag is provided.
frontend/src/widgets/tournament-crm-details/index.tsx(130,15): error TS17004: Cannot use JSX unless the '--jsx' flag is provided.
frontend/src/widgets/tournament-crm-details/index.tsx(137,13): error TS17004: Cannot use JSX unless the '--jsx' flag is provided.
frontend/src/widgets/tournament-crm-details/index.tsx(138,15): error TS17004: Cannot use JSX unless the '--jsx' flag is provided.
frontend/src/widgets/tournament-crm-details/index.tsx(139,17): error TS17004: Cannot use JSX unless the '--jsx' flag is provided.
frontend/src/widgets/tournament-crm-details/index.tsx(146,9): error TS17004: Cannot use JSX unless the '--jsx' flag is provided.
frontend/src/widgets/tournament-crm-details/index.tsx(147,11): error TS17004: Cannot use JSX unless the '--jsx' flag is provided.
frontend/src/widgets/tournament-crm-details/index.tsx(150,9): error TS17004: Cannot use JSX unless the '--jsx' flag is provided.
frontend/src/widgets/tournament-crm-details/index.tsx(151,11): error TS17004: Cannot use JSX unless the '--jsx' flag is provided.
frontend/src/widgets/tournament-crm-details/index.tsx(154,9): error TS17004: Cannot use JSX unless the '--jsx' flag is provided.
frontend/src/widgets/tournament-crm-details/index.tsx(155,11): error TS17004: Cannot use JSX unless the '--jsx' flag is provided.
frontend/src/widgets/tournament-crm-details/index.tsx(158,9): error TS17004: Cannot use JSX unless the '--jsx' flag is provided.
frontend/src/widgets/tournament-crm-details/index.tsx(159,11): error TS17004: Cannot use JSX unless the '--jsx' flag is provided.
frontend/src/widgets/tournament-crm-details/index.tsx(160,13): error TS17004: Cannot use JSX unless the '--jsx' flag is provided.
frontend/src/widgets/tournament-crm-details/index.tsx(161,15): error TS17004: Cannot use JSX unless the '--jsx' flag is provided.
frontend/src/widgets/tournament-crm-details/index.tsx(162,15): error TS17004: Cannot use JSX unless the '--jsx' flag is provided.
frontend/src/widgets/tournament-crm-details/index.tsx(167,13): error TS17004: Cannot use JSX unless the '--jsx' flag is provided.
frontend/src/widgets/tournament-crm-details/index.tsx(168,15): error TS17004: Cannot use JSX unless the '--jsx' flag is provided.
frontend/src/widgets/tournament-crm-details/index.tsx(173,9): error TS17004: Cannot use JSX unless the '--jsx' flag is provided.
frontend/src/widgets/tournament-crm-details/index.tsx(174,11): error TS17004: Cannot use JSX unless the '--jsx' flag is provided.
frontend/src/widgets/tournament-crm-details/index.tsx(177,9): error TS17004: Cannot use JSX unless the '--jsx' flag is provided.
frontend/src/widgets/tournament-crm-details/index.tsx(178,11): error TS17004: Cannot use JSX unless the '--jsx' flag is provided.
frontend/src/widgets/tournament-crm-details/index.tsx(181,9): error TS17004: Cannot use JSX unless the '--jsx' flag is provided.
frontend/src/widgets/tournament-crm-details/index.tsx(182,11): error TS17004: Cannot use JSX unless the '--jsx' flag is provided.
frontend/src/widgets/tournament-crm-details/index.tsx(185,9): error TS17004: Cannot use JSX unless the '--jsx' flag is provided.
frontend/src/widgets/tournament-crm-details/index.tsx(186,11): error TS17004: Cannot use JSX unless the '--jsx' flag is provided.
frontend/src/widgets/tournament-crm-details/index.tsx(189,9): error TS17004: Cannot use JSX unless the '--jsx' flag is provided.
frontend/src/widgets/tournament-crm-details/index.tsx(190,11): error TS17004: Cannot use JSX unless the '--jsx' flag is provided.
frontend/src/widgets/tournament-crm-matches/index.tsx(10,8): error TS2307: Cannot find module '@/shared/ui/card' or its corresponding type declarations.
frontend/src/widgets/tournament-crm-matches/index.tsx(18,8): error TS2307: Cannot find module '@/shared/ui/table' or its corresponding type declarations.
frontend/src/widgets/tournament-crm-matches/index.tsx(19,24): error TS2307: Cannot find module '@/shared/ui/button' or its corresponding type declarations.
frontend/src/widgets/tournament-crm-matches/index.tsx(24,8): error TS2307: Cannot find module '@/widgets/crm-score-dialog' or its corresponding type declarations.
frontend/src/widgets/tournament-crm-matches/index.tsx(25,26): error TS2307: Cannot find module '@/shared/hooks/use-toast' or its corresponding type declarations.
frontend/src/widgets/tournament-crm-matches/index.tsx(26,23): error TS2307: Cannot find module '@/shared/ui/badge' or its corresponding type declarations.
frontend/src/widgets/tournament-crm-matches/index.tsx(32,8): error TS2307: Cannot find module '@/shared/ui/tooltip' or its corresponding type declarations.
frontend/src/widgets/tournament-crm-matches/index.tsx(36,8): error TS2307: Cannot find module '@/entities/tournament/model/types' or its corresponding type declarations.
frontend/src/widgets/tournament-crm-matches/index.tsx(106,16): error TS17004: Cannot use JSX unless the '--jsx' flag is provided.
frontend/src/widgets/tournament-crm-matches/index.tsx(108,16): error TS17004: Cannot use JSX unless the '--jsx' flag is provided.
frontend/src/widgets/tournament-crm-matches/index.tsx(111,11): error TS17004: Cannot use JSX unless the '--jsx' flag is provided.
frontend/src/widgets/tournament-crm-matches/index.tsx(115,11): error TS17004: Cannot use JSX unless the '--jsx' flag is provided.
frontend/src/widgets/tournament-crm-matches/index.tsx(135,5): error TS17004: Cannot use JSX unless the '--jsx' flag is provided.
frontend/src/widgets/tournament-crm-matches/index.tsx(136,7): error TS17004: Cannot use JSX unless the '--jsx' flag is provided.
frontend/src/widgets/tournament-crm-matches/index.tsx(137,9): error TS17004: Cannot use JSX unless the '--jsx' flag is provided.
frontend/src/widgets/tournament-crm-matches/index.tsx(138,11): error TS17004: Cannot use JSX unless the '--jsx' flag is provided.
frontend/src/widgets/tournament-crm-matches/index.tsx(139,11): error TS17004: Cannot use JSX unless the '--jsx' flag is provided.
frontend/src/widgets/tournament-crm-matches/index.tsx(143,9): error TS17004: Cannot use JSX unless the '--jsx' flag is provided.
frontend/src/widgets/tournament-crm-matches/index.tsx(144,11): error TS17004: Cannot use JSX unless the '--jsx' flag is provided.
frontend/src/widgets/tournament-crm-matches/index.tsx(145,13): error TS17004: Cannot use JSX unless the '--jsx' flag is provided.
frontend/src/widgets/tournament-crm-matches/index.tsx(146,15): error TS17004: Cannot use JSX unless the '--jsx' flag is provided.
frontend/src/widgets/tournament-crm-matches/index.tsx(147,17): error TS17004: Cannot use JSX unless the '--jsx' flag is provided.
frontend/src/widgets/tournament-crm-matches/index.tsx(148,17): error TS17004: Cannot use JSX unless the '--jsx' flag is provided.
frontend/src/widgets/tournament-crm-matches/index.tsx(149,17): error TS17004: Cannot use JSX unless the '--jsx' flag is provided.
frontend/src/widgets/tournament-crm-matches/index.tsx(150,17): error TS17004: Cannot use JSX unless the '--jsx' flag is provided.
frontend/src/widgets/tournament-crm-matches/index.tsx(153,13): error TS17004: Cannot use JSX unless the '--jsx' flag is provided.
frontend/src/widgets/tournament-crm-matches/index.tsx(155,17): error TS17004: Cannot use JSX unless the '--jsx' flag is provided.
frontend/src/widgets/tournament-crm-matches/index.tsx(156,19): error TS17004: Cannot use JSX unless the '--jsx' flag is provided.
frontend/src/widgets/tournament-crm-matches/index.tsx(159,19): error TS17004: Cannot use JSX unless the '--jsx' flag is provided.
frontend/src/widgets/tournament-crm-matches/index.tsx(163,19): error TS17004: Cannot use JSX unless the '--jsx' flag is provided.
frontend/src/widgets/tournament-crm-matches/index.tsx(164,21): error TS17004: Cannot use JSX unless the '--jsx' flag is provided.
frontend/src/widgets/tournament-crm-matches/index.tsx(167,25): error TS17004: Cannot use JSX unless the '--jsx' flag is provided.
frontend/src/widgets/tournament-crm-matches/index.tsx(168,27): error TS17004: Cannot use JSX unless the '--jsx' flag is provided.
frontend/src/widgets/tournament-crm-matches/index.tsx(169,29): error TS17004: Cannot use JSX unless the '--jsx' flag is provided.
frontend/src/widgets/tournament-crm-matches/index.tsx(170,31): error TS17004: Cannot use JSX unless the '--jsx' flag is provided.
frontend/src/widgets/tournament-crm-matches/index.tsx(172,29): error TS17004: Cannot use JSX unless the '--jsx' flag is provided.
frontend/src/widgets/tournament-crm-matches/index.tsx(173,31): error TS17004: Cannot use JSX unless the '--jsx' flag is provided.
frontend/src/widgets/tournament-crm-matches/index.tsx(182,19): error TS17004: Cannot use JSX unless the '--jsx' flag is provided.
frontend/src/widgets/tournament-crm-matches/index.tsx(183,21): error TS17004: Cannot use JSX unless the '--jsx' flag is provided.
frontend/src/widgets/tournament-crm-matches/index.tsx(188,23): error TS17004: Cannot use JSX unless the '--jsx' flag is provided.
frontend/src/widgets/tournament-crm-matches/index.tsx(198,7): error TS17004: Cannot use JSX unless the '--jsx' flag is provided.
frontend/src/widgets/tournament-crm-participants/index.tsx(10,8): error TS2307: Cannot find module '@/shared/ui/card' or its corresponding type declarations.
frontend/src/widgets/tournament-crm-participants/index.tsx(11,24): error TS2307: Cannot find module '@/shared/ui/button' or its corresponding type declarations.
frontend/src/widgets/tournament-crm-participants/index.tsx(19,8): error TS2307: Cannot find module '@/shared/ui/table' or its corresponding type declarations.
frontend/src/widgets/tournament-crm-participants/index.tsx(20,53): error TS2307: Cannot find module '@/shared/ui/avatar' or its corresponding type declarations.
frontend/src/widgets/tournament-crm-participants/index.tsx(22,58): error TS2307: Cannot find module '@/shared/ui/tabs' or its corresponding type declarations.
frontend/src/widgets/tournament-crm-participants/index.tsx(23,26): error TS2307: Cannot find module '@/shared/hooks/use-toast' or its corresponding type declarations.
frontend/src/widgets/tournament-crm-participants/index.tsx(28,8): error TS2307: Cannot find module '@/shared/ui/collapsible' or its corresponding type declarations.
frontend/src/widgets/tournament-crm-participants/index.tsx(30,26): error TS2307: Cannot find module '@/shared/ui/skeleton' or its corresponding type declarations.
frontend/src/widgets/tournament-crm-participants/index.tsx(39,8): error TS2307: Cannot find module '@/entities/tournament/api/participants' or its corresponding type declarations.
frontend/src/widgets/tournament-crm-participants/index.tsx(40,23): error TS2307: Cannot find module '@/shared/ui/badge' or its corresponding type declarations.
frontend/src/widgets/tournament-crm-participants/index.tsx(41,27): error TS2307: Cannot find module '@/shared/lib/types' or its corresponding type declarations.
frontend/src/widgets/tournament-crm-participants/index.tsx(71,7): error TS17004: Cannot use JSX unless the '--jsx' flag is provided.
frontend/src/widgets/tournament-crm-participants/index.tsx(72,9): error TS17004: Cannot use JSX unless the '--jsx' flag is provided.
frontend/src/widgets/tournament-crm-participants/index.tsx(73,11): error TS17004: Cannot use JSX unless the '--jsx' flag is provided.
frontend/src/widgets/tournament-crm-participants/index.tsx(74,11): error TS17004: Cannot use JSX unless the '--jsx' flag is provided.
frontend/src/widgets/tournament-crm-participants/index.tsx(76,9): error TS17004: Cannot use JSX unless the '--jsx' flag is provided.
frontend/src/widgets/tournament-crm-participants/index.tsx(77,11): error TS17004: Cannot use JSX unless the '--jsx' flag is provided.
frontend/src/widgets/tournament-crm-participants/index.tsx(78,13): error TS17004: Cannot use JSX unless the '--jsx' flag is provided.
frontend/src/widgets/tournament-crm-participants/index.tsx(79,15): error TS17004: Cannot use JSX unless the '--jsx' flag is provided.
frontend/src/widgets/tournament-crm-participants/index.tsx(81,13): error TS17004: Cannot use JSX unless the '--jsx' flag is provided.
frontend/src/widgets/tournament-crm-participants/index.tsx(82,15): error TS17004: Cannot use JSX unless the '--jsx' flag is provided.
frontend/src/widgets/tournament-crm-participants/index.tsx(91,5): error TS17004: Cannot use JSX unless the '--jsx' flag is provided.
frontend/src/widgets/tournament-crm-participants/index.tsx(92,7): error TS17004: Cannot use JSX unless the '--jsx' flag is provided.
frontend/src/widgets/tournament-crm-participants/index.tsx(93,9): error TS17004: Cannot use JSX unless the '--jsx' flag is provided.
frontend/src/widgets/tournament-crm-participants/index.tsx(95,11): error TS17004: Cannot use JSX unless the '--jsx' flag is provided.
frontend/src/widgets/tournament-crm-participants/index.tsx(97,9): error TS17004: Cannot use JSX unless the '--jsx' flag is provided.
frontend/src/widgets/tournament-crm-participants/index.tsx(99,11): error TS17004: Cannot use JSX unless the '--jsx' flag is provided.
frontend/src/widgets/tournament-crm-participants/index.tsx(102,7): error TS17004: Cannot use JSX unless the '--jsx' flag is provided.
frontend/src/widgets/tournament-crm-participants/index.tsx(103,9): error TS17004: Cannot use JSX unless the '--jsx' flag is provided.
frontend/src/widgets/tournament-crm-participants/index.tsx(104,11): error TS17004: Cannot use JSX unless the '--jsx' flag is provided.
frontend/src/widgets/tournament-crm-participants/index.tsx(105,13): error TS17004: Cannot use JSX unless the '--jsx' flag is provided.
frontend/src/widgets/tournament-crm-participants/index.tsx(106,13): error TS17004: Cannot use JSX unless the '--jsx' flag is provided.
frontend/src/widgets/tournament-crm-participants/index.tsx(111,11): error TS17004: Cannot use JSX unless the '--jsx' flag is provided.
frontend/src/widgets/tournament-crm-participants/index.tsx(112,13): error TS17004: Cannot use JSX unless the '--jsx' flag is provided.
frontend/src/widgets/tournament-crm-participants/index.tsx(113,15): error TS17004: Cannot use JSX unless the '--jsx' flag is provided.
frontend/src/widgets/tournament-crm-participants/index.tsx(114,17): error TS17004: Cannot use JSX unless the '--jsx' flag is provided.
frontend/src/widgets/tournament-crm-participants/index.tsx(115,19): error TS17004: Cannot use JSX unless the '--jsx' flag is provided.
frontend/src/widgets/tournament-crm-participants/index.tsx(116,19): error TS17004: Cannot use JSX unless the '--jsx' flag is provided.
frontend/src/widgets/tournament-crm-participants/index.tsx(117,19): error TS17004: Cannot use JSX unless the '--jsx' flag is provided.
frontend/src/widgets/tournament-crm-participants/index.tsx(120,15): error TS17004: Cannot use JSX unless the '--jsx' flag is provided.
frontend/src/widgets/tournament-crm-participants/index.tsx(123,21): error TS17004: Cannot use JSX unless the '--jsx' flag is provided.
frontend/src/widgets/tournament-crm-participants/index.tsx(124,23): error TS17004: Cannot use JSX unless the '--jsx' flag is provided.
frontend/src/widgets/tournament-crm-participants/index.tsx(127,23): error TS17004: Cannot use JSX unless the '--jsx' flag is provided.
frontend/src/widgets/tournament-crm-participants/index.tsx(128,23): error TS17004: Cannot use JSX unless the '--jsx' flag is provided.
frontend/src/widgets/tournament-crm-participants/index.tsx(129,25): error TS17004: Cannot use JSX unless the '--jsx' flag is provided.
frontend/src/widgets/tournament-crm-participants/index.tsx(135,27): error TS17004: Cannot use JSX unless the '--jsx' flag is provided.
frontend/src/widgets/tournament-crm-participants/index.tsx(137,25): error TS17004: Cannot use JSX unless the '--jsx' flag is provided.
frontend/src/widgets/tournament-crm-participants/index.tsx(143,27): error TS17004: Cannot use JSX unless the '--jsx' flag is provided.
frontend/src/widgets/tournament-crm-participants/index.tsx(149,19): error TS17004: Cannot use JSX unless the '--jsx' flag is provided.
frontend/src/widgets/tournament-crm-participants/index.tsx(150,21): error TS17004: Cannot use JSX unless the '--jsx' flag is provided.
frontend/src/widgets/tournament-crm-participants/index.tsx(160,7): error TS17004: Cannot use JSX unless the '--jsx' flag is provided.
frontend/src/widgets/tournament-crm-participants/index.tsx(161,9): error TS17004: Cannot use JSX unless the '--jsx' flag is provided.
frontend/src/widgets/tournament-crm-participants/index.tsx(162,11): error TS17004: Cannot use JSX unless the '--jsx' flag is provided.
frontend/src/widgets/tournament-crm-participants/index.tsx(163,13): error TS17004: Cannot use JSX unless the '--jsx' flag is provided.
frontend/src/widgets/tournament-crm-participants/index.tsx(164,13): error TS17004: Cannot use JSX unless the '--jsx' flag is provided.
frontend/src/widgets/tournament-crm-participants/index.tsx(169,11): error TS17004: Cannot use JSX unless the '--jsx' flag is provided.
frontend/src/widgets/tournament-crm-participants/index.tsx(170,13): error TS17004: Cannot use JSX unless the '--jsx' flag is provided.
frontend/src/widgets/tournament-crm-participants/index.tsx(171,15): error TS17004: Cannot use JSX unless the '--jsx' flag is provided.
frontend/src/widgets/tournament-crm-participants/index.tsx(172,17): error TS17004: Cannot use JSX unless the '--jsx' flag is provided.
frontend/src/widgets/tournament-crm-participants/index.tsx(173,19): error TS17004: Cannot use JSX unless the '--jsx' flag is provided.
frontend/src/widgets/tournament-crm-participants/index.tsx(174,21): error TS17004: Cannot use JSX unless the '--jsx' flag is provided.
frontend/src/widgets/tournament-crm-participants/index.tsx(175,21): error TS17004: Cannot use JSX unless the '--jsx' flag is provided.
frontend/src/widgets/tournament-crm-participants/index.tsx(176,21): error TS17004: Cannot use JSX unless the '--jsx' flag is provided.
frontend/src/widgets/tournament-crm-participants/index.tsx(179,21): error TS17004: Cannot use JSX unless the '--jsx' flag is provided.
frontend/src/widgets/tournament-crm-participants/index.tsx(182,21): error TS17004: Cannot use JSX unless the '--jsx' flag is provided.
frontend/src/widgets/tournament-crm-participants/index.tsx(185,17): error TS17004: Cannot use JSX unless the '--jsx' flag is provided.
frontend/src/widgets/tournament-crm-participants/index.tsx(188,23): error TS17004: Cannot use JSX unless the '--jsx' flag is provided.
frontend/src/widgets/tournament-crm-participants/index.tsx(194,25): error TS17004: Cannot use JSX unless the '--jsx' flag is provided.
frontend/src/widgets/tournament-crm-participants/index.tsx(195,27): error TS17004: Cannot use JSX unless the '--jsx' flag is provided.
frontend/src/widgets/tournament-crm-participants/index.tsx(196,29): error TS17004: Cannot use JSX unless the '--jsx' flag is provided.
frontend/src/widgets/tournament-crm-participants/index.tsx(197,31): error TS17004: Cannot use JSX unless the '--jsx' flag is provided.
frontend/src/widgets/tournament-crm-participants/index.tsx(198,33): error TS17004: Cannot use JSX unless the '--jsx' flag is provided.
frontend/src/widgets/tournament-crm-participants/index.tsx(203,35): error TS17004: Cannot use JSX unless the '--jsx' flag is provided.
frontend/src/widgets/tournament-crm-participants/index.tsx(207,29): error TS17004: Cannot use JSX unless the '--jsx' flag is provided.
frontend/src/widgets/tournament-crm-participants/index.tsx(210,29): error TS17004: Cannot use JSX unless the '--jsx' flag is provided.
frontend/src/widgets/tournament-crm-participants/index.tsx(213,29): error TS17004: Cannot use JSX unless the '--jsx' flag is provided.
frontend/src/widgets/tournament-crm-participants/index.tsx(216,29): error TS17004: Cannot use JSX unless the '--jsx' flag is provided.
frontend/src/widgets/tournament-crm-participants/index.tsx(217,31): error TS17004: Cannot use JSX unless the '--jsx' flag is provided.
frontend/src/widgets/tournament-crm-participants/index.tsx(218,33): error TS17004: Cannot use JSX unless the '--jsx' flag is provided.
frontend/src/widgets/tournament-crm-participants/index.tsx(226,35): error TS17004: Cannot use JSX unless the '--jsx' flag is provided.
frontend/src/widgets/tournament-crm-participants/index.tsx(228,33): error TS17004: Cannot use JSX unless the '--jsx' flag is provided.
frontend/src/widgets/tournament-crm-participants/index.tsx(237,35): error TS17004: Cannot use JSX unless the '--jsx' flag is provided.
frontend/src/widgets/tournament-crm-participants/index.tsx(242,27): error TS17004: Cannot use JSX unless the '--jsx' flag is provided.
frontend/src/widgets/tournament-crm-participants/index.tsx(243,29): error TS17004: Cannot use JSX unless the '--jsx' flag is provided.
frontend/src/widgets/tournament-crm-participants/index.tsx(244,31): error TS17004: Cannot use JSX unless the '--jsx' flag is provided.
frontend/src/widgets/tournament-crm-participants/index.tsx(245,33): error TS17004: Cannot use JSX unless the '--jsx' flag is provided.
frontend/src/widgets/tournament-crm-participants/index.tsx(246,35): error TS17004: Cannot use JSX unless the '--jsx' flag is provided.
frontend/src/widgets/tournament-crm-participants/index.tsx(249,35): error TS17004: Cannot use JSX unless the '--jsx' flag is provided.
frontend/src/widgets/tournament-crm-participants/index.tsx(250,37): error TS17004: Cannot use JSX unless the '--jsx' flag is provided.
frontend/src/widgets/tournament-crm-participants/index.tsx(251,39): error TS17004: Cannot use JSX unless the '--jsx' flag is provided.
frontend/src/widgets/tournament-crm-participants/index.tsx(252,41): error TS17004: Cannot use JSX unless the '--jsx' flag is provided.
frontend/src/widgets/tournament-crm-participants/index.tsx(253,41): error TS17004: Cannot use JSX unless the '--jsx' flag is provided.
frontend/src/widgets/tournament-crm-participants/index.tsx(256,37): error TS17004: Cannot use JSX unless the '--jsx' flag is provided.
frontend/src/widgets/tournament-crm-participants/index.tsx(258,41): error TS17004: Cannot use JSX unless the '--jsx' flag is provided.
frontend/src/widgets/tournament-crm-participants/index.tsx(259,43): error TS17004: Cannot use JSX unless the '--jsx' flag is provided.
frontend/src/widgets/tournament-crm-participants/index.tsx(260,45): error TS17004: Cannot use JSX unless the '--jsx' flag is provided.
frontend/src/widgets/tournament-crm-participants/index.tsx(261,47): error TS17004: Cannot use JSX unless the '--jsx' flag is provided.
frontend/src/widgets/tournament-crm-participants/index.tsx(264,47): error TS17004: Cannot use JSX unless the '--jsx' flag is provided.
frontend/src/widgets/tournament-crm-participants/index.tsx(268,45): error TS17004: Cannot use JSX unless the '--jsx' flag is provided.
frontend/src/widgets/tournament-crm-participants/index.tsx(275,43): error TS17004: Cannot use JSX unless the '--jsx' flag is provided.
frontend/src/widgets/tournament-crm-participants/index.tsx(288,21): error TS17004: Cannot use JSX unless the '--jsx' flag is provided.
frontend/src/widgets/tournament-crm-participants/index.tsx(289,23): error TS17004: Cannot use JSX unless the '--jsx' flag is provided.
frontend/src/widgets/tournament-details/index.tsx(4,23): error TS2307: Cannot find module '@/shared/ui/badge' or its corresponding type declarations.
frontend/src/widgets/tournament-details/index.tsx(5,58): error TS2307: Cannot find module '@/shared/ui/card' or its corresponding type declarations.
frontend/src/widgets/tournament-details/index.tsx(6,58): error TS2307: Cannot find module '@/shared/ui/tabs' or its corresponding type declarations.
frontend/src/widgets/tournament-details/index.tsx(7,40): error TS2307: Cannot find module '@/entities/tournament/model/types' or its corresponding type declarations.
frontend/src/widgets/tournament-details/index.tsx(8,24): error TS2307: Cannot find module '@/shared/ui/button' or its corresponding type declarations.
frontend/src/widgets/tournament-details/index.tsx(17,35): error TS2307: Cannot find module '@/widgets/tournament-bracket' or its corresponding type declarations.
frontend/src/widgets/tournament-details/index.tsx(18,53): error TS2307: Cannot find module '@/shared/ui/avatar' or its corresponding type declarations.
frontend/src/widgets/tournament-details/index.tsx(19,29): error TS2307: Cannot find module '@/widgets/match-details-tabs/ui/schedule-tab' or its corresponding type declarations.
frontend/src/widgets/tournament-details/index.tsx(20,26): error TS2307: Cannot find module '@/widgets/match-details-tabs/ui/media-tab' or its corresponding type declarations.
frontend/src/widgets/tournament-details/index.tsx(22,26): error TS2307: Cannot find module '@/shared/hooks/use-toast' or its corresponding type declarations.
frontend/src/widgets/tournament-details/index.tsx(23,49): error TS2307: Cannot find module '@/entities/tournament/api/register-team' or its corresponding type declarations.
frontend/src/widgets/tournament-details/index.tsx(63,5): error TS17004: Cannot use JSX unless the '--jsx' flag is provided.
frontend/src/widgets/tournament-details/index.tsx(64,7): error TS17004: Cannot use JSX unless the '--jsx' flag is provided.
frontend/src/widgets/tournament-details/index.tsx(65,9): error TS17004: Cannot use JSX unless the '--jsx' flag is provided.
frontend/src/widgets/tournament-details/index.tsx(66,11): error TS17004: Cannot use JSX unless the '--jsx' flag is provided.
frontend/src/widgets/tournament-details/index.tsx(73,11): error TS17004: Cannot use JSX unless the '--jsx' flag is provided.
frontend/src/widgets/tournament-details/index.tsx(74,13): error TS17004: Cannot use JSX unless the '--jsx' flag is provided.
frontend/src/widgets/tournament-details/index.tsx(75,15): error TS17004: Cannot use JSX unless the '--jsx' flag is provided.
frontend/src/widgets/tournament-details/index.tsx(90,15): error TS17004: Cannot use JSX unless the '--jsx' flag is provided.
frontend/src/widgets/tournament-details/index.tsx(95,11): error TS17004: Cannot use JSX unless the '--jsx' flag is provided.
frontend/src/widgets/tournament-details/index.tsx(97,15): error TS17004: Cannot use JSX unless the '--jsx' flag is provided.
frontend/src/widgets/tournament-details/index.tsx(99,19): error TS17004: Cannot use JSX unless the '--jsx' flag is provided.
frontend/src/widgets/tournament-details/index.tsx(101,19): error TS17004: Cannot use JSX unless the '--jsx' flag is provided.
frontend/src/widgets/tournament-details/index.tsx(110,7): error TS17004: Cannot use JSX unless the '--jsx' flag is provided.
frontend/src/widgets/tournament-details/index.tsx(111,9): error TS17004: Cannot use JSX unless the '--jsx' flag is provided.
frontend/src/widgets/tournament-details/index.tsx(112,11): error TS17004: Cannot use JSX unless the '--jsx' flag is provided.
frontend/src/widgets/tournament-details/index.tsx(113,11): error TS17004: Cannot use JSX unless the '--jsx' flag is provided.
frontend/src/widgets/tournament-details/index.tsx(114,13): error TS17004: Cannot use JSX unless the '--jsx' flag is provided.
frontend/src/widgets/tournament-details/index.tsx(117,11): error TS17004: Cannot use JSX unless the '--jsx' flag is provided.
frontend/src/widgets/tournament-details/index.tsx(118,11): error TS17004: Cannot use JSX unless the '--jsx' flag is provided.
frontend/src/widgets/tournament-details/index.tsx(119,11): error TS17004: Cannot use JSX unless the '--jsx' flag is provided.
frontend/src/widgets/tournament-details/index.tsx(120,11): error TS17004: Cannot use JSX unless the '--jsx' flag is provided.
frontend/src/widgets/tournament-details/index.tsx(121,13): error TS17004: Cannot use JSX unless the '--jsx' flag is provided.
frontend/src/widgets/tournament-details/index.tsx(126,9): error TS17004: Cannot use JSX unless the '--jsx' flag is provided.
frontend/src/widgets/tournament-details/index.tsx(127,11): error TS17004: Cannot use JSX unless the '--jsx' flag is provided.
frontend/src/widgets/tournament-details/index.tsx(128,13): error TS17004: Cannot use JSX unless the '--jsx' flag is provided.
frontend/src/widgets/tournament-details/index.tsx(129,15): error TS17004: Cannot use JSX unless the '--jsx' flag is provided.
frontend/src/widgets/tournament-details/index.tsx(130,17): error TS17004: Cannot use JSX unless the '--jsx' flag is provided.
frontend/src/widgets/tournament-details/index.tsx(131,19): error TS17004: Cannot use JSX unless the '--jsx' flag is provided.
frontend/src/widgets/tournament-details/index.tsx(133,17): error TS17004: Cannot use JSX unless the '--jsx' flag is provided.
frontend/src/widgets/tournament-details/index.tsx(134,19): error TS17004: Cannot use JSX unless the '--jsx' flag is provided.
frontend/src/widgets/tournament-details/index.tsx(135,21): error TS17004: Cannot use JSX unless the '--jsx' flag is provided.
frontend/src/widgets/tournament-details/index.tsx(136,21): error TS17004: Cannot use JSX unless the '--jsx' flag is provided.
frontend/src/widgets/tournament-details/index.tsx(137,23): error TS17004: Cannot use JSX unless the '--jsx' flag is provided.
frontend/src/widgets/tournament-details/index.tsx(141,19): error TS17004: Cannot use JSX unless the '--jsx' flag is provided.
frontend/src/widgets/tournament-details/index.tsx(142,21): error TS17004: Cannot use JSX unless the '--jsx' flag is provided.
frontend/src/widgets/tournament-details/index.tsx(143,21): error TS17004: Cannot use JSX unless the '--jsx' flag is provided.
frontend/src/widgets/tournament-details/index.tsx(144,23): error TS17004: Cannot use JSX unless the '--jsx' flag is provided.
frontend/src/widgets/tournament-details/index.tsx(148,19): error TS17004: Cannot use JSX unless the '--jsx' flag is provided.
frontend/src/widgets/tournament-details/index.tsx(149,21): error TS17004: Cannot use JSX unless the '--jsx' flag is provided.
frontend/src/widgets/tournament-details/index.tsx(150,21): error TS17004: Cannot use JSX unless the '--jsx' flag is provided.
frontend/src/widgets/tournament-details/index.tsx(151,23): error TS17004: Cannot use JSX unless the '--jsx' flag is provided.
frontend/src/widgets/tournament-details/index.tsx(158,13): error TS17004: Cannot use JSX unless the '--jsx' flag is provided.
frontend/src/widgets/tournament-details/index.tsx(159,15): error TS17004: Cannot use JSX unless the '--jsx' flag is provided.
frontend/src/widgets/tournament-details/index.tsx(160,17): error TS17004: Cannot use JSX unless the '--jsx' flag is provided.
frontend/src/widgets/tournament-details/index.tsx(161,19): error TS17004: Cannot use JSX unless the '--jsx' flag is provided.
frontend/src/widgets/tournament-details/index.tsx(163,17): error TS17004: Cannot use JSX unless the '--jsx' flag is provided.
frontend/src/widgets/tournament-details/index.tsx(164,19): error TS17004: Cannot use JSX unless the '--jsx' flag is provided.
frontend/src/widgets/tournament-details/index.tsx(165,21): error TS17004: Cannot use JSX unless the '--jsx' flag is provided.
frontend/src/widgets/tournament-details/index.tsx(168,21): error TS17004: Cannot use JSX unless the '--jsx' flag is provided.
frontend/src/widgets/tournament-details/index.tsx(172,19): error TS17004: Cannot use JSX unless the '--jsx' flag is provided.
frontend/src/widgets/tournament-details/index.tsx(174,17): error TS17004: Cannot use JSX unless the '--jsx' flag is provided.
frontend/src/widgets/tournament-details/index.tsx(175,19): error TS17004: Cannot use JSX unless the '--jsx' flag is provided.
frontend/src/widgets/tournament-details/index.tsx(182,9): error TS17004: Cannot use JSX unless the '--jsx' flag is provided.
frontend/src/widgets/tournament-details/index.tsx(183,11): error TS17004: Cannot use JSX unless the '--jsx' flag is provided.
frontend/src/widgets/tournament-details/index.tsx(186,9): error TS17004: Cannot use JSX unless the '--jsx' flag is provided.
frontend/src/widgets/tournament-details/index.tsx(187,11): error TS17004: Cannot use JSX unless the '--jsx' flag is provided.
frontend/src/widgets/tournament-details/index.tsx(188,13): error TS17004: Cannot use JSX unless the '--jsx' flag is provided.
frontend/src/widgets/tournament-details/index.tsx(189,15): error TS17004: Cannot use JSX unless the '--jsx' flag is provided.
frontend/src/widgets/tournament-details/index.tsx(191,13): error TS17004: Cannot use JSX unless the '--jsx' flag is provided.
frontend/src/widgets/tournament-details/index.tsx(192,15): error TS17004: Cannot use JSX unless the '--jsx' flag is provided.
frontend/src/widgets/tournament-details/index.tsx(197,9): error TS17004: Cannot use JSX unless the '--jsx' flag is provided.
frontend/src/widgets/tournament-details/index.tsx(198,11): error TS17004: Cannot use JSX unless the '--jsx' flag is provided.
frontend/src/widgets/tournament-details/index.tsx(199,13): error TS17004: Cannot use JSX unless the '--jsx' flag is provided.
frontend/src/widgets/tournament-details/index.tsx(200,15): error TS17004: Cannot use JSX unless the '--jsx' flag is provided.
frontend/src/widgets/tournament-details/index.tsx(202,13): error TS17004: Cannot use JSX unless the '--jsx' flag is provided.
frontend/src/widgets/tournament-details/index.tsx(204,17): error TS17004: Cannot use JSX unless the '--jsx' flag is provided.
frontend/src/widgets/tournament-details/index.tsx(208,19): error TS17004: Cannot use JSX unless the '--jsx' flag is provided.
frontend/src/widgets/tournament-details/index.tsx(209,21): error TS17004: Cannot use JSX unless the '--jsx' flag is provided.
frontend/src/widgets/tournament-details/index.tsx(213,21): error TS17004: Cannot use JSX unless the '--jsx' flag is provided.
frontend/src/widgets/tournament-details/index.tsx(215,19): error TS17004: Cannot use JSX unless the '--jsx' flag is provided.
frontend/src/widgets/tournament-details/index.tsx(222,9): error TS17004: Cannot use JSX unless the '--jsx' flag is provided.
frontend/src/widgets/tournament-details/index.tsx(223,11): error TS17004: Cannot use JSX unless the '--jsx' flag is provided.
frontend/src/widgets/tournament-details/index.tsx(224,13): error TS17004: Cannot use JSX unless the '--jsx' flag is provided.
frontend/src/widgets/tournament-details/index.tsx(225,15): error TS17004: Cannot use JSX unless the '--jsx' flag is provided.
frontend/src/widgets/tournament-details/index.tsx(226,17): error TS17004: Cannot use JSX unless the '--jsx' flag is provided.
frontend/src/widgets/tournament-details/index.tsx(230,13): error TS17004: Cannot use JSX unless the '--jsx' flag is provided.
frontend/src/widgets/tournament-details/index.tsx(231,15): error TS17004: Cannot use JSX unless the '--jsx' flag is provided.
frontend/src/widgets/tournament-details/index.tsx(236,9): error TS17004: Cannot use JSX unless the '--jsx' flag is provided.
frontend/src/widgets/tournament-details/index.tsx(237,11): error TS17004: Cannot use JSX unless the '--jsx' flag is provided.
frontend/src/widgets/tournament-wizard/index.tsx(3,58): error TS2307: Cannot find module '@/shared/ui/tabs' or its corresponding type declarations.
frontend/src/widgets/tournament-wizard/index.tsx(4,38): error TS2307: Cannot find module '@/widgets/tournament-wizard/manual-tournament-form' or its corresponding type declarations.
frontend/src/widgets/tournament-wizard/index.tsx(5,36): error TS2307: Cannot find module '@/widgets/ai-tournament-wizard' or its corresponding type declarations.
frontend/src/widgets/tournament-wizard/index.tsx(10,5): error TS17004: Cannot use JSX unless the '--jsx' flag is provided.
frontend/src/widgets/tournament-wizard/index.tsx(11,7): error TS17004: Cannot use JSX unless the '--jsx' flag is provided.
frontend/src/widgets/tournament-wizard/index.tsx(12,9): error TS17004: Cannot use JSX unless the '--jsx' flag is provided.
frontend/src/widgets/tournament-wizard/index.tsx(15,9): error TS17004: Cannot use JSX unless the '--jsx' flag is provided.
frontend/src/widgets/tournament-wizard/index.tsx(20,7): error TS17004: Cannot use JSX unless the '--jsx' flag is provided.
frontend/src/widgets/tournament-wizard/index.tsx(21,9): error TS17004: Cannot use JSX unless the '--jsx' flag is provided.
frontend/src/widgets/tournament-wizard/index.tsx(22,11): error TS17004: Cannot use JSX unless the '--jsx' flag is provided.
frontend/src/widgets/tournament-wizard/index.tsx(23,13): error TS17004: Cannot use JSX unless the '--jsx' flag is provided.
frontend/src/widgets/tournament-wizard/index.tsx(25,11): error TS17004: Cannot use JSX unless the '--jsx' flag is provided.
frontend/src/widgets/tournament-wizard/index.tsx(26,13): error TS17004: Cannot use JSX unless the '--jsx' flag is provided.
frontend/src/widgets/tournament-wizard/index.tsx(29,9): error TS17004: Cannot use JSX unless the '--jsx' flag is provided.
frontend/src/widgets/tournament-wizard/index.tsx(30,11): error TS17004: Cannot use JSX unless the '--jsx' flag is provided.
frontend/src/widgets/tournament-wizard/index.tsx(32,9): error TS17004: Cannot use JSX unless the '--jsx' flag is provided.
frontend/src/widgets/tournament-wizard/index.tsx(33,11): error TS17004: Cannot use JSX unless the '--jsx' flag is provided.
frontend/src/widgets/tournament-wizard/manual-tournament-form.tsx(14,8): error TS2307: Cannot find module '@/shared/ui/card' or its corresponding type declarations.
frontend/src/widgets/tournament-wizard/manual-tournament-form.tsx(15,24): error TS2307: Cannot find module '@/shared/ui/button' or its corresponding type declarations.
frontend/src/widgets/tournament-wizard/manual-tournament-form.tsx(24,8): error TS2307: Cannot find module '@/shared/ui/form' or its corresponding type declarations.
frontend/src/widgets/tournament-wizard/manual-tournament-form.tsx(25,23): error TS2307: Cannot find module '@/shared/ui/input' or its corresponding type declarations.
frontend/src/widgets/tournament-wizard/manual-tournament-form.tsx(32,8): error TS2307: Cannot find module '@/shared/ui/select' or its corresponding type declarations.
frontend/src/widgets/tournament-wizard/manual-tournament-form.tsx(33,57): error TS2307: Cannot find module '@/shared/ui/popover' or its corresponding type declarations.
frontend/src/widgets/tournament-wizard/manual-tournament-form.tsx(34,26): error TS2307: Cannot find module '@/shared/ui/calendar' or its corresponding type declarations.
frontend/src/widgets/tournament-wizard/manual-tournament-form.tsx(35,20): error TS2307: Cannot find module '@/shared/lib/utils' or its corresponding type declarations.
frontend/src/widgets/tournament-wizard/manual-tournament-form.tsx(37,26): error TS2307: Cannot find module '@/shared/hooks/use-toast' or its corresponding type declarations.
frontend/src/widgets/tournament-wizard/manual-tournament-form.tsx(44,8): error TS2307: Cannot find module '@/entities/tournament/api/tournaments' or its corresponding type declarations.
frontend/src/widgets/tournament-wizard/manual-tournament-form.tsx(45,28): error TS2307: Cannot find module '@/entities/sport/model/types' or its corresponding type declarations.
frontend/src/widgets/tournament-wizard/manual-tournament-form.tsx(46,27): error TS2307: Cannot find module '@/entities/sport/api/sports' or its corresponding type declarations.
frontend/src/widgets/tournament-wizard/manual-tournament-form.tsx(47,26): error TS2307: Cannot find module '@/shared/ui/textarea' or its corresponding type declarations.
frontend/src/widgets/tournament-wizard/manual-tournament-form.tsx(48,27): error TS2307: Cannot find module '@/shared/ui/separator' or its corresponding type declarations.
frontend/src/widgets/tournament-wizard/manual-tournament-form.tsx(144,5): error TS17004: Cannot use JSX unless the '--jsx' flag is provided.
frontend/src/widgets/tournament-wizard/manual-tournament-form.tsx(145,7): error TS17004: Cannot use JSX unless the '--jsx' flag is provided.
frontend/src/widgets/tournament-wizard/manual-tournament-form.tsx(146,9): error TS17004: Cannot use JSX unless the '--jsx' flag is provided.
frontend/src/widgets/tournament-wizard/manual-tournament-form.tsx(147,11): error TS17004: Cannot use JSX unless the '--jsx' flag is provided.
frontend/src/widgets/tournament-wizard/manual-tournament-form.tsx(148,13): error TS17004: Cannot use JSX unless the '--jsx' flag is provided.
frontend/src/widgets/tournament-wizard/manual-tournament-form.tsx(149,15): error TS17004: Cannot use JSX unless the '--jsx' flag is provided.
frontend/src/widgets/tournament-wizard/manual-tournament-form.tsx(150,15): error TS17004: Cannot use JSX unless the '--jsx' flag is provided.
frontend/src/widgets/tournament-wizard/manual-tournament-form.tsx(154,13): error TS17004: Cannot use JSX unless the '--jsx' flag is provided.
frontend/src/widgets/tournament-wizard/manual-tournament-form.tsx(155,15): error TS17004: Cannot use JSX unless the '--jsx' flag is provided.
frontend/src/widgets/tournament-wizard/manual-tournament-form.tsx(156,17): error TS17004: Cannot use JSX unless the '--jsx' flag is provided.
frontend/src/widgets/tournament-wizard/manual-tournament-form.tsx(160,21): error TS17004: Cannot use JSX unless the '--jsx' flag is provided.
frontend/src/widgets/tournament-wizard/manual-tournament-form.tsx(161,23): error TS17004: Cannot use JSX unless the '--jsx' flag is provided.
frontend/src/widgets/tournament-wizard/manual-tournament-form.tsx(162,23): error TS17004: Cannot use JSX unless the '--jsx' flag is provided.
frontend/src/widgets/tournament-wizard/manual-tournament-form.tsx(163,25): error TS17004: Cannot use JSX unless the '--jsx' flag is provided.
frontend/src/widgets/tournament-wizard/manual-tournament-form.tsx(168,23): error TS17004: Cannot use JSX unless the '--jsx' flag is provided.
frontend/src/widgets/tournament-wizard/manual-tournament-form.tsx(172,17): error TS17004: Cannot use JSX unless the '--jsx' flag is provided.
frontend/src/widgets/tournament-wizard/manual-tournament-form.tsx(176,21): error TS17004: Cannot use JSX unless the '--jsx' flag is provided.
frontend/src/widgets/tournament-wizard/manual-tournament-form.tsx(177,23): error TS17004: Cannot use JSX unless the '--jsx' flag is provided.
frontend/src/widgets/tournament-wizard/manual-tournament-form.tsx(178,23): error TS17004: Cannot use JSX unless the '--jsx' flag is provided.
frontend/src/widgets/tournament-wizard/manual-tournament-form.tsx(179,25): error TS17004: Cannot use JSX unless the '--jsx' flag is provided.
frontend/src/widgets/tournament-wizard/manual-tournament-form.tsx(185,23): error TS17004: Cannot use JSX unless the '--jsx' flag is provided.
frontend/src/widgets/tournament-wizard/manual-tournament-form.tsx(190,15): error TS17004: Cannot use JSX unless the '--jsx' flag is provided.
frontend/src/widgets/tournament-wizard/manual-tournament-form.tsx(191,15): error TS17004: Cannot use JSX unless the '--jsx' flag is provided.
frontend/src/widgets/tournament-wizard/manual-tournament-form.tsx(192,17): error TS17004: Cannot use JSX unless the '--jsx' flag is provided.
frontend/src/widgets/tournament-wizard/manual-tournament-form.tsx(193,19): error TS17004: Cannot use JSX unless the '--jsx' flag is provided.
frontend/src/widgets/tournament-wizard/manual-tournament-form.tsx(197,23): error TS17004: Cannot use JSX unless the '--jsx' flag is provided.
frontend/src/widgets/tournament-wizard/manual-tournament-form.tsx(198,25): error TS17004: Cannot use JSX unless the '--jsx' flag is provided.
frontend/src/widgets/tournament-wizard/manual-tournament-form.tsx(199,25): error TS17004: Cannot use JSX unless the '--jsx' flag is provided.
frontend/src/widgets/tournament-wizard/manual-tournament-form.tsx(203,27): error TS17004: Cannot use JSX unless the '--jsx' flag is provided.
frontend/src/widgets/tournament-wizard/manual-tournament-form.tsx(204,29): error TS17004: Cannot use JSX unless the '--jsx' flag is provided.
frontend/src/widgets/tournament-wizard/manual-tournament-form.tsx(205,31): error TS17004: Cannot use JSX unless the '--jsx' flag is provided.
frontend/src/widgets/tournament-wizard/manual-tournament-form.tsx(208,27): error TS17004: Cannot use JSX unless the '--jsx' flag is provided.
frontend/src/widgets/tournament-wizard/manual-tournament-form.tsx(210,31): error TS17004: Cannot use JSX unless the '--jsx' flag is provided.
frontend/src/widgets/tournament-wizard/manual-tournament-form.tsx(216,25): error TS17004: Cannot use JSX unless the '--jsx' flag is provided.
frontend/src/widgets/tournament-wizard/manual-tournament-form.tsx(220,19): error TS17004: Cannot use JSX unless the '--jsx' flag is provided.
frontend/src/widgets/tournament-wizard/manual-tournament-form.tsx(224,23): error TS17004: Cannot use JSX unless the '--jsx' flag is provided.
frontend/src/widgets/tournament-wizard/manual-tournament-form.tsx(225,25): error TS17004: Cannot use JSX unless the '--jsx' flag is provided.
frontend/src/widgets/tournament-wizard/manual-tournament-form.tsx(226,25): error TS17004: Cannot use JSX unless the '--jsx' flag is provided.
frontend/src/widgets/tournament-wizard/manual-tournament-form.tsx(230,27): error TS17004: Cannot use JSX unless the '--jsx' flag is provided.
frontend/src/widgets/tournament-wizard/manual-tournament-form.tsx(231,29): error TS17004: Cannot use JSX unless the '--jsx' flag is provided.
frontend/src/widgets/tournament-wizard/manual-tournament-form.tsx(232,31): error TS17004: Cannot use JSX unless the '--jsx' flag is provided.
frontend/src/widgets/tournament-wizard/manual-tournament-form.tsx(235,27): error TS17004: Cannot use JSX unless the '--jsx' flag is provided.
frontend/src/widgets/tournament-wizard/manual-tournament-form.tsx(236,29): error TS17004: Cannot use JSX unless the '--jsx' flag is provided.
frontend/src/widgets/tournament-wizard/manual-tournament-form.tsx(237,29): error TS17004: Cannot use JSX unless the '--jsx' flag is provided.
frontend/src/widgets/tournament-wizard/manual-tournament-form.tsx(242,25): error TS17004: Cannot use JSX unless the '--jsx' flag is provided.
frontend/src/widgets/tournament-wizard/manual-tournament-form.tsx(247,17): error TS17004: Cannot use JSX unless the '--jsx' flag is provided.
frontend/src/widgets/tournament-wizard/manual-tournament-form.tsx(248,19): error TS17004: Cannot use JSX unless the '--jsx' flag is provided.
frontend/src/widgets/tournament-wizard/manual-tournament-form.tsx(252,23): error TS17004: Cannot use JSX unless the '--jsx' flag is provided.
frontend/src/widgets/tournament-wizard/manual-tournament-form.tsx(253,25): error TS17004: Cannot use JSX unless the '--jsx' flag is provided.
frontend/src/widgets/tournament-wizard/manual-tournament-form.tsx(254,25): error TS17004: Cannot use JSX unless the '--jsx' flag is provided.
frontend/src/widgets/tournament-wizard/manual-tournament-form.tsx(258,27): error TS17004: Cannot use JSX unless the '--jsx' flag is provided.
frontend/src/widgets/tournament-wizard/manual-tournament-form.tsx(259,29): error TS17004: Cannot use JSX unless the '--jsx' flag is provided.
frontend/src/widgets/tournament-wizard/manual-tournament-form.tsx(260,31): error TS17004: Cannot use JSX unless the '--jsx' flag is provided.
frontend/src/widgets/tournament-wizard/manual-tournament-form.tsx(263,27): error TS17004: Cannot use JSX unless the '--jsx' flag is provided.
frontend/src/widgets/tournament-wizard/manual-tournament-form.tsx(264,29): error TS17004: Cannot use JSX unless the '--jsx' flag is provided.
frontend/src/widgets/tournament-wizard/manual-tournament-form.tsx(267,29): error TS17004: Cannot use JSX unless the '--jsx' flag is provided.
frontend/src/widgets/tournament-wizard/manual-tournament-form.tsx(270,29): error TS17004: Cannot use JSX unless the '--jsx' flag is provided.
frontend/src/widgets/tournament-wizard/manual-tournament-form.tsx(275,25): error TS17004: Cannot use JSX unless the '--jsx' flag is provided.
frontend/src/widgets/tournament-wizard/manual-tournament-form.tsx(279,19): error TS17004: Cannot use JSX unless the '--jsx' flag is provided.
frontend/src/widgets/tournament-wizard/manual-tournament-form.tsx(283,23): error TS17004: Cannot use JSX unless the '--jsx' flag is provided.
frontend/src/widgets/tournament-wizard/manual-tournament-form.tsx(284,25): error TS17004: Cannot use JSX unless the '--jsx' flag is provided.
frontend/src/widgets/tournament-wizard/manual-tournament-form.tsx(285,25): error TS17004: Cannot use JSX unless the '--jsx' flag is provided.
frontend/src/widgets/tournament-wizard/manual-tournament-form.tsx(286,27): error TS17004: Cannot use JSX unless the '--jsx' flag is provided.
frontend/src/widgets/tournament-wizard/manual-tournament-form.tsx(288,25): error TS17004: Cannot use JSX unless the '--jsx' flag is provided.
frontend/src/widgets/tournament-wizard/manual-tournament-form.tsx(294,15): error TS17004: Cannot use JSX unless the '--jsx' flag is provided.
frontend/src/widgets/tournament-wizard/manual-tournament-form.tsx(295,15): error TS17004: Cannot use JSX unless the '--jsx' flag is provided.
frontend/src/widgets/tournament-wizard/manual-tournament-form.tsx(296,17): error TS17004: Cannot use JSX unless the '--jsx' flag is provided.
frontend/src/widgets/tournament-wizard/manual-tournament-form.tsx(297,17): error TS17004: Cannot use JSX unless the '--jsx' flag is provided.
frontend/src/widgets/tournament-wizard/manual-tournament-form.tsx(298,19): error TS17004: Cannot use JSX unless the '--jsx' flag is provided.
frontend/src/widgets/tournament-wizard/manual-tournament-form.tsx(302,23): error TS17004: Cannot use JSX unless the '--jsx' flag is provided.
frontend/src/widgets/tournament-wizard/manual-tournament-form.tsx(303,25): error TS17004: Cannot use JSX unless the '--jsx' flag is provided.
frontend/src/widgets/tournament-wizard/manual-tournament-form.tsx(304,25): error TS17004: Cannot use JSX unless the '--jsx' flag is provided.
frontend/src/widgets/tournament-wizard/manual-tournament-form.tsx(305,27): error TS17004: Cannot use JSX unless the '--jsx' flag is provided.
frontend/src/widgets/tournament-wizard/manual-tournament-form.tsx(306,29): error TS17004: Cannot use JSX unless the '--jsx' flag is provided.
frontend/src/widgets/tournament-wizard/manual-tournament-form.tsx(307,31): error TS17004: Cannot use JSX unless the '--jsx' flag is provided.
frontend/src/widgets/tournament-wizard/manual-tournament-form.tsx(317,35): error TS17004: Cannot use JSX unless the '--jsx' flag is provided.
frontend/src/widgets/tournament-wizard/manual-tournament-form.tsx(319,33): error TS17004: Cannot use JSX unless the '--jsx' flag is provided.
frontend/src/widgets/tournament-wizard/manual-tournament-form.tsx(323,27): error TS17004: Cannot use JSX unless the '--jsx' flag is provided.
frontend/src/widgets/tournament-wizard/manual-tournament-form.tsx(324,29): error TS17004: Cannot use JSX unless the '--jsx' flag is provided.
frontend/src/widgets/tournament-wizard/manual-tournament-form.tsx(332,25): error TS17004: Cannot use JSX unless the '--jsx' flag is provided.
frontend/src/widgets/tournament-wizard/manual-tournament-form.tsx(336,19): error TS17004: Cannot use JSX unless the '--jsx' flag is provided.
frontend/src/widgets/tournament-wizard/manual-tournament-form.tsx(340,23): error TS17004: Cannot use JSX unless the '--jsx' flag is provided.
frontend/src/widgets/tournament-wizard/manual-tournament-form.tsx(341,25): error TS17004: Cannot use JSX unless the '--jsx' flag is provided.
frontend/src/widgets/tournament-wizard/manual-tournament-form.tsx(342,25): error TS17004: Cannot use JSX unless the '--jsx' flag is provided.
frontend/src/widgets/tournament-wizard/manual-tournament-form.tsx(343,27): error TS17004: Cannot use JSX unless the '--jsx' flag is provided.
frontend/src/widgets/tournament-wizard/manual-tournament-form.tsx(344,29): error TS17004: Cannot use JSX unless the '--jsx' flag is provided.
frontend/src/widgets/tournament-wizard/manual-tournament-form.tsx(345,31): error TS17004: Cannot use JSX unless the '--jsx' flag is provided.
frontend/src/widgets/tournament-wizard/manual-tournament-form.tsx(355,35): error TS17004: Cannot use JSX unless the '--jsx' flag is provided.
frontend/src/widgets/tournament-wizard/manual-tournament-form.tsx(357,33): error TS17004: Cannot use JSX unless the '--jsx' flag is provided.
frontend/src/widgets/tournament-wizard/manual-tournament-form.tsx(361,27): error TS17004: Cannot use JSX unless the '--jsx' flag is provided.
frontend/src/widgets/tournament-wizard/manual-tournament-form.tsx(362,29): error TS17004: Cannot use JSX unless the '--jsx' flag is provided.
frontend/src/widgets/tournament-wizard/manual-tournament-form.tsx(370,25): error TS17004: Cannot use JSX unless the '--jsx' flag is provided.
frontend/src/widgets/tournament-wizard/manual-tournament-form.tsx(374,19): error TS17004: Cannot use JSX unless the '--jsx' flag is provided.
frontend/src/widgets/tournament-wizard/manual-tournament-form.tsx(378,23): error TS17004: Cannot use JSX unless the '--jsx' flag is provided.
frontend/src/widgets/tournament-wizard/manual-tournament-form.tsx(379,25): error TS17004: Cannot use JSX unless the '--jsx' flag is provided.
frontend/src/widgets/tournament-wizard/manual-tournament-form.tsx(380,25): error TS17004: Cannot use JSX unless the '--jsx' flag is provided.
frontend/src/widgets/tournament-wizard/manual-tournament-form.tsx(381,27): error TS17004: Cannot use JSX unless the '--jsx' flag is provided.
frontend/src/widgets/tournament-wizard/manual-tournament-form.tsx(382,29): error TS17004: Cannot use JSX unless the '--jsx' flag is provided.
frontend/src/widgets/tournament-wizard/manual-tournament-form.tsx(383,31): error TS17004: Cannot use JSX unless the '--jsx' flag is provided.
frontend/src/widgets/tournament-wizard/manual-tournament-form.tsx(393,35): error TS17004: Cannot use JSX unless the '--jsx' flag is provided.
frontend/src/widgets/tournament-wizard/manual-tournament-form.tsx(395,33): error TS17004: Cannot use JSX unless the '--jsx' flag is provided.
frontend/src/widgets/tournament-wizard/manual-tournament-form.tsx(399,27): error TS17004: Cannot use JSX unless the '--jsx' flag is provided.
frontend/src/widgets/tournament-wizard/manual-tournament-form.tsx(400,29): error TS17004: Cannot use JSX unless the '--jsx' flag is provided.
frontend/src/widgets/tournament-wizard/manual-tournament-form.tsx(408,25): error TS17004: Cannot use JSX unless the '--jsx' flag is provided.
frontend/src/widgets/tournament-wizard/manual-tournament-form.tsx(414,15): error TS17004: Cannot use JSX unless the '--jsx' flag is provided.
frontend/src/widgets/tournament-wizard/manual-tournament-form.tsx(415,15): error TS17004: Cannot use JSX unless the '--jsx' flag is provided.
frontend/src/widgets/tournament-wizard/manual-tournament-form.tsx(416,17): error TS17004: Cannot use JSX unless the '--jsx' flag is provided.
frontend/src/widgets/tournament-wizard/manual-tournament-form.tsx(417,19): error TS17004: Cannot use JSX unless the '--jsx' flag is provided.
frontend/src/widgets/tournament-wizard/manual-tournament-form.tsx(421,23): error TS17004: Cannot use JSX unless the '--jsx' flag is provided.
frontend/src/widgets/tournament-wizard/manual-tournament-form.tsx(422,25): error TS17004: Cannot use JSX unless the '--jsx' flag is provided.
frontend/src/widgets/tournament-wizard/manual-tournament-form.tsx(423,25): error TS17004: Cannot use JSX unless the '--jsx' flag is provided.
frontend/src/widgets/tournament-wizard/manual-tournament-form.tsx(424,27): error TS17004: Cannot use JSX unless the '--jsx' flag is provided.
frontend/src/widgets/tournament-wizard/manual-tournament-form.tsx(432,19): error TS17004: Cannot use JSX unless the '--jsx' flag is provided.
frontend/src/widgets/tournament-wizard/manual-tournament-form.tsx(436,23): error TS17004: Cannot use JSX unless the '--jsx' flag is provided.
frontend/src/widgets/tournament-wizard/manual-tournament-form.tsx(437,25): error TS17004: Cannot use JSX unless the '--jsx' flag is provided.
frontend/src/widgets/tournament-wizard/manual-tournament-form.tsx(438,25): error TS17004: Cannot use JSX unless the '--jsx' flag is provided.
frontend/src/widgets/tournament-wizard/manual-tournament-form.tsx(439,27): error TS17004: Cannot use JSX unless the '--jsx' flag is provided.
frontend/src/widgets/tournament-wizard/manual-tournament-form.tsx(448,17): error TS17004: Cannot use JSX unless the '--jsx' flag is provided.
frontend/src/widgets/tournament-wizard/manual-tournament-form.tsx(452,21): error TS17004: Cannot use JSX unless the '--jsx' flag is provided.
frontend/src/widgets/tournament-wizard/manual-tournament-form.tsx(453,23): error TS17004: Cannot use JSX unless the '--jsx' flag is provided.
frontend/src/widgets/tournament-wizard/manual-tournament-form.tsx(454,23): error TS17004: Cannot use JSX unless the '--jsx' flag is provided.
frontend/src/widgets/tournament-wizard/manual-tournament-form.tsx(455,25): error TS17004: Cannot use JSX unless the '--jsx' flag is provided.
frontend/src/widgets/tournament-wizard/manual-tournament-form.tsx(464,17): error TS17004: Cannot use JSX unless the '--jsx' flag is provided.
frontend/src/widgets/tournament-wizard/manual-tournament-form.tsx(468,21): error TS17004: Cannot use JSX unless the '--jsx' flag is provided.
frontend/src/widgets/tournament-wizard/manual-tournament-form.tsx(469,23): error TS17004: Cannot use JSX unless the '--jsx' flag is provided.
frontend/src/widgets/tournament-wizard/manual-tournament-form.tsx(470,23): error TS17004: Cannot use JSX unless the '--jsx' flag is provided.
frontend/src/widgets/tournament-wizard/manual-tournament-form.tsx(471,25): error TS17004: Cannot use JSX unless the '--jsx' flag is provided.
frontend/src/widgets/tournament-wizard/manual-tournament-form.tsx(482,13): error TS17004: Cannot use JSX unless the '--jsx' flag is provided.
frontend/src/widgets/tournament-wizard/manual-tournament-form.tsx(483,15): error TS17004: Cannot use JSX unless the '--jsx' flag is provided.
frontend/src/widgets/tournament-wizard/manual-tournament-form.tsx(490,19): error TS17004: Cannot use JSX unless the '--jsx' flag is provided.
frontend/src/widgets/tournament-wizard/manual-tournament-form.tsx(492,17): error TS17004: Cannot use JSX unless the '--jsx' flag is provided.
frontend/src/widgets/training-calendar/index.tsx(10,8): error TS2307: Cannot find module '@/shared/ui/card' or its corresponding type declarations.
frontend/src/widgets/training-calendar/index.tsx(11,26): error TS2307: Cannot find module '@/shared/ui/calendar' or its corresponding type declarations.
frontend/src/widgets/training-calendar/index.tsx(13,57): error TS2307: Cannot find module '@/shared/ui/popover' or its corresponding type declarations.
frontend/src/widgets/training-calendar/index.tsx(14,20): error TS2307: Cannot find module '@/shared/lib/utils' or its corresponding type declarations.
frontend/src/widgets/training-calendar/index.tsx(15,23): error TS2307: Cannot find module '@/shared/ui/badge' or its corresponding type declarations.
frontend/src/widgets/training-calendar/index.tsx(19,30): error TS2307: Cannot find module '@/entities/match/api/get-matches' or its corresponding type declarations.
frontend/src/widgets/training-calendar/index.tsx(20,28): error TS2307: Cannot find module '@/entities/match/model/types' or its corresponding type declarations.
frontend/src/widgets/training-calendar/index.tsx(21,29): error TS2307: Cannot find module '@/shared/context/training-provider' or its corresponding type declarations.
frontend/src/widgets/training-calendar/index.tsx(22,26): error TS2307: Cannot find module '@/shared/ui/skeleton' or its corresponding type declarations.
frontend/src/widgets/training-calendar/index.tsx(23,39): error TS2307: Cannot find module '@/entities/training-program/model/types' or its corresponding type declarations.
frontend/src/widgets/training-calendar/index.tsx(83,9): error TS17004: Cannot use JSX unless the '--jsx' flag is provided.
frontend/src/widgets/training-calendar/index.tsx(84,11): error TS17004: Cannot use JSX unless the '--jsx' flag is provided.
frontend/src/widgets/training-calendar/index.tsx(85,13): error TS17004: Cannot use JSX unless the '--jsx' flag is provided.
frontend/src/widgets/training-calendar/index.tsx(87,15): error TS17004: Cannot use JSX unless the '--jsx' flag is provided.
frontend/src/widgets/training-calendar/index.tsx(89,19): error TS17004: Cannot use JSX unless the '--jsx' flag is provided.
frontend/src/widgets/training-calendar/index.tsx(98,19): error TS17004: Cannot use JSX unless the '--jsx' flag is provided.
frontend/src/widgets/training-calendar/index.tsx(106,11): error TS17004: Cannot use JSX unless the '--jsx' flag is provided.
frontend/src/widgets/training-calendar/index.tsx(107,13): error TS17004: Cannot use JSX unless the '--jsx' flag is provided.
frontend/src/widgets/training-calendar/index.tsx(111,15): error TS17004: Cannot use JSX unless the '--jsx' flag is provided.
frontend/src/widgets/training-calendar/index.tsx(112,17): error TS17004: Cannot use JSX unless the '--jsx' flag is provided.
frontend/src/widgets/training-calendar/index.tsx(123,17): error TS17004: Cannot use JSX unless the '--jsx' flag is provided.
frontend/src/widgets/training-calendar/index.tsx(127,15): error TS17004: Cannot use JSX unless the '--jsx' flag is provided.
frontend/src/widgets/training-calendar/index.tsx(128,17): error TS17004: Cannot use JSX unless the '--jsx' flag is provided.
frontend/src/widgets/training-calendar/index.tsx(134,17): error TS17004: Cannot use JSX unless the '--jsx' flag is provided.
frontend/src/widgets/training-calendar/index.tsx(137,17): error TS17004: Cannot use JSX unless the '--jsx' flag is provided.
frontend/src/widgets/training-calendar/index.tsx(146,7): error TS17004: Cannot use JSX unless the '--jsx' flag is provided.
frontend/src/widgets/training-calendar/index.tsx(155,5): error TS17004: Cannot use JSX unless the '--jsx' flag is provided.
frontend/src/widgets/training-calendar/index.tsx(156,7): error TS17004: Cannot use JSX unless the '--jsx' flag is provided.
frontend/src/widgets/training-calendar/index.tsx(157,9): error TS17004: Cannot use JSX unless the '--jsx' flag is provided.
frontend/src/widgets/training-calendar/index.tsx(158,9): error TS17004: Cannot use JSX unless the '--jsx' flag is provided.
frontend/src/widgets/training-calendar/index.tsx(162,7): error TS17004: Cannot use JSX unless the '--jsx' flag is provided.
frontend/src/widgets/training-calendar/index.tsx(164,11): error TS17004: Cannot use JSX unless the '--jsx' flag is provided.
frontend/src/widgets/training-calendar/index.tsx(166,11): error TS17004: Cannot use JSX unless the '--jsx' flag is provided.
frontend/src/widgets/training-center/index.tsx(10,8): error TS2307: Cannot find module '@/shared/ui/card' or its corresponding type declarations.
frontend/src/widgets/training-center/index.tsx(29,39): error TS2307: Cannot find module '@/widgets/propose-training-dialog' or its corresponding type declarations.
frontend/src/widgets/training-center/index.tsx(42,3): error TS17004: Cannot use JSX unless the '--jsx' flag is provided.
frontend/src/widgets/training-center/index.tsx(43,5): error TS17004: Cannot use JSX unless the '--jsx' flag is provided.
frontend/src/widgets/training-center/index.tsx(44,7): error TS17004: Cannot use JSX unless the '--jsx' flag is provided.
frontend/src/widgets/training-center/index.tsx(45,9): error TS17004: Cannot use JSX unless the '--jsx' flag is provided.
frontend/src/widgets/training-center/index.tsx(46,11): error TS17004: Cannot use JSX unless the '--jsx' flag is provided.
frontend/src/widgets/training-center/index.tsx(48,9): error TS17004: Cannot use JSX unless the '--jsx' flag is provided.
frontend/src/widgets/training-center/index.tsx(49,11): error TS17004: Cannot use JSX unless the '--jsx' flag is provided.
frontend/src/widgets/training-center/index.tsx(50,11): error TS17004: Cannot use JSX unless the '--jsx' flag is provided.
frontend/src/widgets/training-center/index.tsx(54,5): error TS17004: Cannot use JSX unless the '--jsx' flag is provided.
frontend/src/widgets/training-center/index.tsx(70,5): error TS17004: Cannot use JSX unless the '--jsx' flag is provided.
frontend/src/widgets/training-center/index.tsx(71,7): error TS17004: Cannot use JSX unless the '--jsx' flag is provided.
frontend/src/widgets/training-center/index.tsx(72,9): error TS17004: Cannot use JSX unless the '--jsx' flag is provided.
frontend/src/widgets/training-center/index.tsx(73,9): error TS17004: Cannot use JSX unless the '--jsx' flag is provided.
frontend/src/widgets/training-center/index.tsx(75,7): error TS17004: Cannot use JSX unless the '--jsx' flag is provided.
frontend/src/widgets/training-center/index.tsx(80,7): error TS17004: Cannot use JSX unless the '--jsx' flag is provided.
frontend/src/widgets/training-center/index.tsx(86,5): error TS17004: Cannot use JSX unless the '--jsx' flag is provided.
frontend/src/widgets/training-center/index.tsx(136,5): error TS17004: Cannot use JSX unless the '--jsx' flag is provided.
frontend/src/widgets/training-center/index.tsx(137,7): error TS17004: Cannot use JSX unless the '--jsx' flag is provided.
frontend/src/widgets/training-center/index.tsx(138,9): error TS17004: Cannot use JSX unless the '--jsx' flag is provided.
frontend/src/widgets/training-center/index.tsx(139,11): error TS17004: Cannot use JSX unless the '--jsx' flag is provided.
frontend/src/widgets/training-center/index.tsx(142,11): error TS17004: Cannot use JSX unless the '--jsx' flag is provided.
frontend/src/widgets/training-center/index.tsx(148,9): error TS17004: Cannot use JSX unless the '--jsx' flag is provided.
frontend/src/widgets/training-center/index.tsx(149,11): error TS17004: Cannot use JSX unless the '--jsx' flag is provided.
frontend/src/widgets/training-center/index.tsx(155,15): error TS17004: Cannot use JSX unless the '--jsx' flag is provided.
frontend/src/widgets/training-center/index.tsx(159,11): error TS17004: Cannot use JSX unless the '--jsx' flag is provided.
frontend/src/widgets/training-center/index.tsx(165,15): error TS17004: Cannot use JSX unless the '--jsx' flag is provided.
frontend/src/widgets/training-center/index.tsx(169,11): error TS17004: Cannot use JSX unless the '--jsx' flag is provided.
frontend/src/widgets/training-center/index.tsx(175,15): error TS17004: Cannot use JSX unless the '--jsx' flag is provided.
frontend/src/widgets/training-center/index.tsx(179,11): error TS17004: Cannot use JSX unless the '--jsx' flag is provided.
frontend/src/widgets/training-center/index.tsx(185,15): error TS17004: Cannot use JSX unless the '--jsx' flag is provided.
frontend/src/widgets/training-center/index.tsx(190,7): error TS17004: Cannot use JSX unless the '--jsx' flag is provided.
frontend/src/widgets/training-day-card/index.tsx(9,8): error TS2307: Cannot find module '@/shared/ui/card' or its corresponding type declarations.
frontend/src/widgets/training-day-card/index.tsx(10,24): error TS2307: Cannot find module '@/shared/ui/button' or its corresponding type declarations.
frontend/src/widgets/training-day-card/index.tsx(18,8): error TS2307: Cannot find module '@/shared/ui/table' or its corresponding type declarations.
frontend/src/widgets/training-day-card/index.tsx(19,26): error TS2307: Cannot find module '@/shared/ui/checkbox' or its corresponding type declarations.
frontend/src/widgets/training-day-card/index.tsx(42,8): error TS2307: Cannot find module '@/entities/training-program/model/types' or its corresponding type declarations.
frontend/src/widgets/training-day-card/index.tsx(43,20): error TS2307: Cannot find module '@/shared/lib/utils' or its corresponding type declarations.
frontend/src/widgets/training-day-card/index.tsx(49,8): error TS2307: Cannot find module '@/shared/ui/dropdown-menu' or its corresponding type declarations.
frontend/src/widgets/training-day-card/index.tsx(50,27): error TS2307: Cannot find module '@/shared/ui/separator' or its corresponding type declarations.
frontend/src/widgets/training-day-card/index.tsx(55,8): error TS2307: Cannot find module '@/shared/ui/collapsible' or its corresponding type declarations.
frontend/src/widgets/training-day-card/index.tsx(63,8): error TS2307: Cannot find module '@/shared/ui/form' or its corresponding type declarations.
frontend/src/widgets/training-day-card/index.tsx(64,23): error TS2307: Cannot find module '@/shared/ui/input' or its corresponding type declarations.
frontend/src/widgets/training-day-card/index.tsx(65,26): error TS2307: Cannot find module '@/shared/ui/textarea' or its corresponding type declarations.
frontend/src/widgets/training-day-card/index.tsx(66,27): error TS2307: Cannot find module '@/widgets/rest-timer' or its corresponding type declarations.
frontend/src/widgets/training-day-card/index.tsx(67,30): error TS2307: Cannot find module '@/shared/lib/calculate-1rm' or its corresponding type declarations.
frontend/src/widgets/training-day-card/index.tsx(68,23): error TS2307: Cannot find module '@/shared/ui/badge' or its corresponding type declarations.
frontend/src/widgets/training-day-card/index.tsx(70,38): error TS2307: Cannot find module '@/widgets/exercise-history-table' or its corresponding type declarations.
frontend/src/widgets/training-day-card/index.tsx(73,30): error TS2307: Cannot find module '@/entities/exercise/api/get-exercises' or its corresponding type declarations.
frontend/src/widgets/training-day-card/index.tsx(75,31): error TS2307: Cannot find module '@/entities/exercise/model/types' or its corresponding type declarations.
frontend/src/widgets/training-day-card/index.tsx(142,5): error TS17004: Cannot use JSX unless the '--jsx' flag is provided.
frontend/src/widgets/training-day-card/index.tsx(143,7): error TS17004: Cannot use JSX unless the '--jsx' flag is provided.
frontend/src/widgets/training-day-card/index.tsx(144,7): error TS17004: Cannot use JSX unless the '--jsx' flag is provided.
frontend/src/widgets/training-day-card/index.tsx(148,7): error TS17004: Cannot use JSX unless the '--jsx' flag is provided.
frontend/src/widgets/training-day-card/index.tsx(149,9): error TS17004: Cannot use JSX unless the '--jsx' flag is provided.
frontend/src/widgets/training-day-card/index.tsx(153,13): error TS17004: Cannot use JSX unless the '--jsx' flag is provided.
frontend/src/widgets/training-day-card/index.tsx(154,15): error TS17004: Cannot use JSX unless the '--jsx' flag is provided.
frontend/src/widgets/training-day-card/index.tsx(155,17): error TS17004: Cannot use JSX unless the '--jsx' flag is provided.
frontend/src/widgets/training-day-card/index.tsx(174,7): error TS17004: Cannot use JSX unless the '--jsx' flag is provided.
frontend/src/widgets/training-day-card/index.tsx(175,9): error TS17004: Cannot use JSX unless the '--jsx' flag is provided.
frontend/src/widgets/training-day-card/index.tsx(179,13): error TS17004: Cannot use JSX unless the '--jsx' flag is provided.
frontend/src/widgets/training-day-card/index.tsx(180,15): error TS17004: Cannot use JSX unless the '--jsx' flag is provided.
frontend/src/widgets/training-day-card/index.tsx(181,17): error TS17004: Cannot use JSX unless the '--jsx' flag is provided.
frontend/src/widgets/training-day-card/index.tsx(204,7): error TS17004: Cannot use JSX unless the '--jsx' flag is provided.
frontend/src/widgets/training-day-card/index.tsx(205,9): error TS17004: Cannot use JSX unless the '--jsx' flag is provided.
frontend/src/widgets/training-day-card/index.tsx(206,11): error TS17004: Cannot use JSX unless the '--jsx' flag is provided.
frontend/src/widgets/training-day-card/index.tsx(210,15): error TS17004: Cannot use JSX unless the '--jsx' flag is provided.
frontend/src/widgets/training-day-card/index.tsx(211,17): error TS17004: Cannot use JSX unless the '--jsx' flag is provided.
frontend/src/widgets/training-day-card/index.tsx(212,19): error TS17004: Cannot use JSX unless the '--jsx' flag is provided.
frontend/src/widgets/training-day-card/index.tsx(233,13): error TS17004: Cannot use JSX unless the '--jsx' flag is provided.
frontend/src/widgets/training-day-card/index.tsx(237,15): error TS17004: Cannot use JSX unless the '--jsx' flag is provided.
frontend/src/widgets/training-day-card/index.tsx(243,7): error TS17004: Cannot use JSX unless the '--jsx' flag is provided.
frontend/src/widgets/training-day-card/index.tsx(244,9): error TS17004: Cannot use JSX unless the '--jsx' flag is provided.
frontend/src/widgets/training-day-card/index.tsx(248,13): error TS17004: Cannot use JSX unless the '--jsx' flag is provided.
frontend/src/widgets/training-day-card/index.tsx(249,15): error TS17004: Cannot use JSX unless the '--jsx' flag is provided.
frontend/src/widgets/training-day-card/index.tsx(250,17): error TS17004: Cannot use JSX unless the '--jsx' flag is provided.
frontend/src/widgets/training-day-card/index.tsx(283,5): error TS17004: Cannot use JSX unless the '--jsx' flag is provided.
frontend/src/widgets/training-day-card/index.tsx(290,7): error TS17004: Cannot use JSX unless the '--jsx' flag is provided.
frontend/src/widgets/training-day-card/index.tsx(291,9): error TS17004: Cannot use JSX unless the '--jsx' flag is provided.
frontend/src/widgets/training-day-card/index.tsx(292,26): error TS17004: Cannot use JSX unless the '--jsx' flag is provided.
frontend/src/widgets/training-day-card/index.tsx(293,11): error TS17004: Cannot use JSX unless the '--jsx' flag is provided.
frontend/src/widgets/training-day-card/index.tsx(301,7): error TS17004: Cannot use JSX unless the '--jsx' flag is provided.
frontend/src/widgets/training-day-card/index.tsx(302,9): error TS17004: Cannot use JSX unless the '--jsx' flag is provided.
frontend/src/widgets/training-day-card/index.tsx(303,11): error TS17004: Cannot use JSX unless the '--jsx' flag is provided.
frontend/src/widgets/training-day-card/index.tsx(304,13): error TS17004: Cannot use JSX unless the '--jsx' flag is provided.
frontend/src/widgets/training-day-card/index.tsx(305,13): error TS17004: Cannot use JSX unless the '--jsx' flag is provided.
frontend/src/widgets/training-day-card/index.tsx(306,13): error TS17004: Cannot use JSX unless the '--jsx' flag is provided.
frontend/src/widgets/training-day-card/index.tsx(307,13): error TS17004: Cannot use JSX unless the '--jsx' flag is provided.
frontend/src/widgets/training-day-card/index.tsx(308,13): error TS17004: Cannot use JSX unless the '--jsx' flag is provided.
frontend/src/widgets/training-day-card/index.tsx(309,13): error TS17004: Cannot use JSX unless the '--jsx' flag is provided.
frontend/src/widgets/training-day-card/index.tsx(312,9): error TS17004: Cannot use JSX unless the '--jsx' flag is provided.
frontend/src/widgets/training-day-card/index.tsx(314,13): error TS17004: Cannot use JSX unless the '--jsx' flag is provided.
frontend/src/widgets/training-day-card/index.tsx(325,7): error TS17004: Cannot use JSX unless the '--jsx' flag is provided.
frontend/src/widgets/training-day-card/index.tsx(326,9): error TS17004: Cannot use JSX unless the '--jsx' flag is provided.
frontend/src/widgets/training-day-card/index.tsx(327,11): error TS17004: Cannot use JSX unless the '--jsx' flag is provided.
frontend/src/widgets/training-day-card/index.tsx(328,13): error TS17004: Cannot use JSX unless the '--jsx' flag is provided.
frontend/src/widgets/training-day-card/index.tsx(334,15): error TS17004: Cannot use JSX unless the '--jsx' flag is provided.
frontend/src/widgets/training-day-card/index.tsx(335,15): error TS17004: Cannot use JSX unless the '--jsx' flag is provided.
frontend/src/widgets/training-day-card/index.tsx(336,15): error TS17004: Cannot use JSX unless the '--jsx' flag is provided.
frontend/src/widgets/training-day-card/index.tsx(339,11): error TS17004: Cannot use JSX unless the '--jsx' flag is provided.
frontend/src/widgets/training-day-card/index.tsx(340,13): error TS17004: Cannot use JSX unless the '--jsx' flag is provided.
frontend/src/widgets/training-day-card/index.tsx(343,9): error TS17004: Cannot use JSX unless the '--jsx' flag is provided.
frontend/src/widgets/training-day-card/index.tsx(344,11): error TS17004: Cannot use JSX unless the '--jsx' flag is provided.
frontend/src/widgets/training-day-card/index.tsx(345,13): error TS17004: Cannot use JSX unless the '--jsx' flag is provided.
frontend/src/widgets/training-day-card/index.tsx(351,15): error TS17004: Cannot use JSX unless the '--jsx' flag is provided.
frontend/src/widgets/training-day-card/index.tsx(352,15): error TS17004: Cannot use JSX unless the '--jsx' flag is provided.
frontend/src/widgets/training-day-card/index.tsx(353,15): error TS17004: Cannot use JSX unless the '--jsx' flag is provided.
frontend/src/widgets/training-day-card/index.tsx(356,11): error TS17004: Cannot use JSX unless the '--jsx' flag is provided.
frontend/src/widgets/training-day-card/index.tsx(357,13): error TS17004: Cannot use JSX unless the '--jsx' flag is provided.
frontend/src/widgets/training-day-card/index.tsx(361,17): error TS17004: Cannot use JSX unless the '--jsx' flag is provided.
frontend/src/widgets/training-day-card/index.tsx(362,19): error TS17004: Cannot use JSX unless the '--jsx' flag is provided.
frontend/src/widgets/training-day-card/index.tsx(363,21): error TS17004: Cannot use JSX unless the '--jsx' flag is provided.
frontend/src/widgets/training-day-card/index.tsx(415,5): error TS17004: Cannot use JSX unless the '--jsx' flag is provided.
frontend/src/widgets/training-day-card/index.tsx(423,7): error TS17004: Cannot use JSX unless the '--jsx' flag is provided.
frontend/src/widgets/training-day-card/index.tsx(424,9): error TS17004: Cannot use JSX unless the '--jsx' flag is provided.
frontend/src/widgets/training-day-card/index.tsx(425,11): error TS17004: Cannot use JSX unless the '--jsx' flag is provided.
frontend/src/widgets/training-day-card/index.tsx(426,13): error TS17004: Cannot use JSX unless the '--jsx' flag is provided.
frontend/src/widgets/training-day-card/index.tsx(427,15): error TS17004: Cannot use JSX unless the '--jsx' flag is provided.
frontend/src/widgets/training-day-card/index.tsx(428,17): error TS17004: Cannot use JSX unless the '--jsx' flag is provided.
frontend/src/widgets/training-day-card/index.tsx(429,19): error TS17004: Cannot use JSX unless the '--jsx' flag is provided.
frontend/src/widgets/training-day-card/index.tsx(430,21): error TS17004: Cannot use JSX unless the '--jsx' flag is provided.
frontend/src/widgets/training-day-card/index.tsx(435,21): error TS17004: Cannot use JSX unless the '--jsx' flag is provided.
frontend/src/widgets/training-day-card/index.tsx(437,23): error TS17004: Cannot use JSX unless the '--jsx' flag is provided.
frontend/src/widgets/training-day-card/index.tsx(442,15): error TS17004: Cannot use JSX unless the '--jsx' flag is provided.
frontend/src/widgets/training-day-card/index.tsx(443,17): error TS17004: Cannot use JSX unless the '--jsx' flag is provided.
frontend/src/widgets/training-day-card/index.tsx(444,19): error TS17004: Cannot use JSX unless the '--jsx' flag is provided.
frontend/src/widgets/training-day-card/index.tsx(445,21): error TS17004: Cannot use JSX unless the '--jsx' flag is provided.
frontend/src/widgets/training-day-card/index.tsx(448,17): error TS17004: Cannot use JSX unless the '--jsx' flag is provided.
frontend/src/widgets/training-day-card/index.tsx(449,19): error TS17004: Cannot use JSX unless the '--jsx' flag is provided.
frontend/src/widgets/training-day-card/index.tsx(450,21): error TS17004: Cannot use JSX unless the '--jsx' flag is provided.
frontend/src/widgets/training-day-card/index.tsx(452,19): error TS17004: Cannot use JSX unless the '--jsx' flag is provided.
frontend/src/widgets/training-day-card/index.tsx(453,21): error TS17004: Cannot use JSX unless the '--jsx' flag is provided.
frontend/src/widgets/training-day-card/index.tsx(455,19): error TS17004: Cannot use JSX unless the '--jsx' flag is provided.
frontend/src/widgets/training-day-card/index.tsx(459,21): error TS17004: Cannot use JSX unless the '--jsx' flag is provided.
frontend/src/widgets/training-day-card/index.tsx(465,13): error TS17004: Cannot use JSX unless the '--jsx' flag is provided.
frontend/src/widgets/training-day-card/index.tsx(466,15): error TS17004: Cannot use JSX unless the '--jsx' flag is provided.
frontend/src/widgets/training-day-card/index.tsx(468,19): error TS17004: Cannot use JSX unless the '--jsx' flag is provided.
frontend/src/widgets/training-day-card/index.tsx(483,17): error TS17004: Cannot use JSX unless the '--jsx' flag is provided.
frontend/src/widgets/training-day-card/index.tsx(485,17): error TS17004: Cannot use JSX unless the '--jsx' flag is provided.
frontend/src/widgets/training-day-card/index.tsx(487,17): error TS17004: Cannot use JSX unless the '--jsx' flag is provided.
frontend/src/widgets/training-day-card/index.tsx(488,19): error TS17004: Cannot use JSX unless the '--jsx' flag is provided.
frontend/src/widgets/training-day-card/index.tsx(492,23): error TS17004: Cannot use JSX unless the '--jsx' flag is provided.
frontend/src/widgets/training-day-card/index.tsx(493,25): error TS17004: Cannot use JSX unless the '--jsx' flag is provided.
frontend/src/widgets/training-day-card/index.tsx(494,25): error TS17004: Cannot use JSX unless the '--jsx' flag is provided.
frontend/src/widgets/training-day-card/index.tsx(495,27): error TS17004: Cannot use JSX unless the '--jsx' flag is provided.
frontend/src/widgets/training-day-card/index.tsx(504,19): error TS17004: Cannot use JSX unless the '--jsx' flag is provided.
frontend/src/widgets/training-day-card/index.tsx(505,21): error TS17004: Cannot use JSX unless the '--jsx' flag is provided.
frontend/src/widgets/training-day-card/index.tsx(509,25): error TS17004: Cannot use JSX unless the '--jsx' flag is provided.
frontend/src/widgets/training-day-card/index.tsx(510,27): error TS17004: Cannot use JSX unless the '--jsx' flag is provided.
frontend/src/widgets/training-day-card/index.tsx(511,29): error TS17004: Cannot use JSX unless the '--jsx' flag is provided.
frontend/src/widgets/training-day-card/index.tsx(514,27): error TS17004: Cannot use JSX unless the '--jsx' flag is provided.
frontend/src/widgets/training-day-card/index.tsx(515,29): error TS17004: Cannot use JSX unless the '--jsx' flag is provided.
frontend/src/widgets/training-day-card/index.tsx(527,19): error TS17004: Cannot use JSX unless the '--jsx' flag is provided.
frontend/src/widgets/training-day-card/index.tsx(531,23): error TS17004: Cannot use JSX unless the '--jsx' flag is provided.
frontend/src/widgets/training-day-card/index.tsx(532,25): error TS17004: Cannot use JSX unless the '--jsx' flag is provided.
frontend/src/widgets/training-day-card/index.tsx(533,25): error TS17004: Cannot use JSX unless the '--jsx' flag is provided.
frontend/src/widgets/training-day-card/index.tsx(534,27): error TS17004: Cannot use JSX unless the '--jsx' flag is provided.
frontend/src/widgets/training-day-card/index.tsx(536,31): error TS17004: Cannot use JSX unless the '--jsx' flag is provided.
frontend/src/widgets/training-day-card/index.tsx(549,33): error TS17004: Cannot use JSX unless the '--jsx' flag is provided.
frontend/src/widgets/training-day-card/index.tsx(559,19): error TS17004: Cannot use JSX unless the '--jsx' flag is provided.
frontend/src/widgets/training-day-card/index.tsx(567,11): error TS17004: Cannot use JSX unless the '--jsx' flag is provided.
frontend/src/widgets/training-day-card/index.tsx(568,13): error TS17004: Cannot use JSX unless the '--jsx' flag is provided.
frontend/src/widgets/training-day-card/index.tsx(569,15): error TS17004: Cannot use JSX unless the '--jsx' flag is provided.
frontend/src/widgets/training-day-card/index.tsx(570,15): error TS17004: Cannot use JSX unless the '--jsx' flag is provided.
frontend/src/widgets/training-day-card/index.tsx(573,15): error TS17004: Cannot use JSX unless the '--jsx' flag is provided.
frontend/src/widgets/training-day-card/index.tsx(574,17): error TS17004: Cannot use JSX unless the '--jsx' flag is provided.
frontend/src/widgets/training-day-card/index.tsx(577,17): error TS17004: Cannot use JSX unless the '--jsx' flag is provided.
frontend/src/widgets/training-log-list/index.tsx(3,38): error TS2307: Cannot find module '@/shared/lib/get-training-analytics' or its corresponding type declarations.
frontend/src/widgets/training-log-list/index.tsx(4,33): error TS2307: Cannot find module '@/widgets/training-day-card' or its corresponding type declarations.
frontend/src/widgets/training-log-list/index.tsx(5,39): error TS2307: Cannot find module '@/entities/training-program/model/types' or its corresponding type declarations.
frontend/src/widgets/training-log-list/index.tsx(12,8): error TS2307: Cannot find module '@/shared/ui/card' or its corresponding type declarations.
frontend/src/widgets/training-log-list/index.tsx(30,5): error TS17004: Cannot use JSX unless the '--jsx' flag is provided.
frontend/src/widgets/training-log-list/index.tsx(31,7): error TS17004: Cannot use JSX unless the '--jsx' flag is provided.
frontend/src/widgets/training-log-list/index.tsx(32,9): error TS17004: Cannot use JSX unless the '--jsx' flag is provided.
frontend/src/widgets/training-log-list/index.tsx(33,9): error TS17004: Cannot use JSX unless the '--jsx' flag is provided.
frontend/src/widgets/training-log-list/index.tsx(37,7): error TS17004: Cannot use JSX unless the '--jsx' flag is provided.
frontend/src/widgets/training-log-list/index.tsx(40,13): error TS17004: Cannot use JSX unless the '--jsx' flag is provided.
frontend/src/widgets/training-log-list/index.tsx(51,11): error TS17004: Cannot use JSX unless the '--jsx' flag is provided.
frontend/src/widgets/training-log-list/index.tsx(52,13): error TS17004: Cannot use JSX unless the '--jsx' flag is provided.
frontend/src/widgets/training-log-list/index.tsx(53,13): error TS17004: Cannot use JSX unless the '--jsx' flag is provided.
frontend/src/widgets/training-program-edit/index.tsx(8,8): error TS2307: Cannot find module '@/widgets/training-program-form' or its corresponding type declarations.
frontend/src/widgets/training-program-edit/index.tsx(9,26): error TS2307: Cannot find module '@/shared/hooks/use-toast' or its corresponding type declarations.
frontend/src/widgets/training-program-edit/index.tsx(10,26): error TS2307: Cannot find module '@/shared/ui/skeleton' or its corresponding type declarations.
frontend/src/widgets/training-program-edit/index.tsx(11,29): error TS2307: Cannot find module '@/shared/context/training-provider' or its corresponding type declarations.
frontend/src/widgets/training-program-edit/index.tsx(30,7): error TS17004: Cannot use JSX unless the '--jsx' flag is provided.
frontend/src/widgets/training-program-edit/index.tsx(31,9): error TS17004: Cannot use JSX unless the '--jsx' flag is provided.
frontend/src/widgets/training-program-edit/index.tsx(32,9): error TS17004: Cannot use JSX unless the '--jsx' flag is provided.
frontend/src/widgets/training-program-edit/index.tsx(33,9): error TS17004: Cannot use JSX unless the '--jsx' flag is provided.
frontend/src/widgets/training-program-edit/index.tsx(39,12): error TS17004: Cannot use JSX unless the '--jsx' flag is provided.
frontend/src/widgets/training-program-edit/index.tsx(56,5): error TS17004: Cannot use JSX unless the '--jsx' flag is provided.
frontend/src/widgets/training-program-form/index.tsx(12,24): error TS2307: Cannot find module '@/shared/ui/button' or its corresponding type declarations.
frontend/src/widgets/training-program-form/index.tsx(19,8): error TS2307: Cannot find module '@/shared/ui/card' or its corresponding type declarations.
frontend/src/widgets/training-program-form/index.tsx(27,8): error TS2307: Cannot find module '@/shared/ui/form' or its corresponding type declarations.
frontend/src/widgets/training-program-form/index.tsx(28,23): error TS2307: Cannot find module '@/shared/ui/input' or its corresponding type declarations.
frontend/src/widgets/training-program-form/index.tsx(35,8): error TS2307: Cannot find module '@/shared/ui/select' or its corresponding type declarations.
frontend/src/widgets/training-program-form/index.tsx(37,31): error TS2307: Cannot find module '@/entities/exercise/model/types' or its corresponding type declarations.
frontend/src/widgets/training-program-form/index.tsx(38,30): error TS2307: Cannot find module '@/entities/exercise/api/get-exercises' or its corresponding type declarations.
frontend/src/widgets/training-program-form/index.tsx(39,38): error TS2307: Cannot find module '@/widgets/exercise-picker-dialog' or its corresponding type declarations.
frontend/src/widgets/training-program-form/index.tsx(40,38): error TS2307: Cannot find module '@/entities/training-program/model/types' or its corresponding type declarations.
frontend/src/widgets/training-program-form/index.tsx(41,26): error TS2307: Cannot find module '@/shared/ui/textarea' or its corresponding type declarations.
frontend/src/widgets/training-program-form/index.tsx(42,26): error TS2307: Cannot find module '@/shared/ui/checkbox' or its corresponding type declarations.
frontend/src/widgets/training-program-form/index.tsx(98,5): error TS17004: Cannot use JSX unless the '--jsx' flag is provided.
frontend/src/widgets/training-program-form/index.tsx(99,7): error TS17004: Cannot use JSX unless the '--jsx' flag is provided.
frontend/src/widgets/training-program-form/index.tsx(100,9): error TS17004: Cannot use JSX unless the '--jsx' flag is provided.
frontend/src/widgets/training-program-form/index.tsx(101,11): error TS17004: Cannot use JSX unless the '--jsx' flag is provided.
frontend/src/widgets/training-program-form/index.tsx(105,15): error TS17004: Cannot use JSX unless the '--jsx' flag is provided.
frontend/src/widgets/training-program-form/index.tsx(106,17): error TS17004: Cannot use JSX unless the '--jsx' flag is provided.
frontend/src/widgets/training-program-form/index.tsx(107,17): error TS17004: Cannot use JSX unless the '--jsx' flag is provided.
frontend/src/widgets/training-program-form/index.tsx(108,19): error TS17004: Cannot use JSX unless the '--jsx' flag is provided.
frontend/src/widgets/training-program-form/index.tsx(114,17): error TS17004: Cannot use JSX unless the '--jsx' flag is provided.
frontend/src/widgets/training-program-form/index.tsx(119,9): error TS17004: Cannot use JSX unless the '--jsx' flag is provided.
frontend/src/widgets/training-program-form/index.tsx(125,11): error TS17004: Cannot use JSX unless the '--jsx' flag is provided.
frontend/src/widgets/training-program-form/index.tsx(128,7): error TS17004: Cannot use JSX unless the '--jsx' flag is provided.
frontend/src/widgets/training-program-form/index.tsx(129,9): error TS17004: Cannot use JSX unless the '--jsx' flag is provided.
frontend/src/widgets/training-program-form/index.tsx(130,11): error TS17004: Cannot use JSX unless the '--jsx' flag is provided.
frontend/src/widgets/training-program-form/index.tsx(131,11): error TS17004: Cannot use JSX unless the '--jsx' flag is provided.
frontend/src/widgets/training-program-form/index.tsx(132,11): error TS17004: Cannot use JSX unless the '--jsx' flag is provided.
frontend/src/widgets/training-program-form/index.tsx(133,11): error TS17004: Cannot use JSX unless the '--jsx' flag is provided.
frontend/src/widgets/training-program-form/index.tsx(134,11): error TS17004: Cannot use JSX unless the '--jsx' flag is provided.
frontend/src/widgets/training-program-form/index.tsx(135,11): error TS17004: Cannot use JSX unless the '--jsx' flag is provided.
frontend/src/widgets/training-program-form/index.tsx(136,11): error TS17004: Cannot use JSX unless the '--jsx' flag is provided.
frontend/src/widgets/training-program-form/index.tsx(137,11): error TS17004: Cannot use JSX unless the '--jsx' flag is provided.
frontend/src/widgets/training-program-form/index.tsx(140,11): error TS17004: Cannot use JSX unless the '--jsx' flag is provided.
frontend/src/widgets/training-program-form/index.tsx(141,13): error TS17004: Cannot use JSX unless the '--jsx' flag is provided.
frontend/src/widgets/training-program-form/index.tsx(142,15): error TS17004: Cannot use JSX unless the '--jsx' flag is provided.
frontend/src/widgets/training-program-form/index.tsx(143,17): error TS17004: Cannot use JSX unless the '--jsx' flag is provided.
frontend/src/widgets/training-program-form/index.tsx(144,17): error TS17004: Cannot use JSX unless the '--jsx' flag is provided.
frontend/src/widgets/training-program-form/index.tsx(145,17): error TS17004: Cannot use JSX unless the '--jsx' flag is provided.
frontend/src/widgets/training-program-form/index.tsx(152,19): error TS17004: Cannot use JSX unless the '--jsx' flag is provided.
frontend/src/widgets/training-program-form/index.tsx(155,15): error TS17004: Cannot use JSX unless the '--jsx' flag is provided.
frontend/src/widgets/training-program-form/index.tsx(159,19): error TS17004: Cannot use JSX unless the '--jsx' flag is provided.
frontend/src/widgets/training-program-form/index.tsx(160,21): error TS17004: Cannot use JSX unless the '--jsx' flag is provided.
frontend/src/widgets/training-program-form/index.tsx(161,21): error TS17004: Cannot use JSX unless the '--jsx' flag is provided.
frontend/src/widgets/training-program-form/index.tsx(162,23): error TS17004: Cannot use JSX unless the '--jsx' flag is provided.
frontend/src/widgets/training-program-form/index.tsx(171,15): error TS17004: Cannot use JSX unless the '--jsx' flag is provided.
frontend/src/widgets/training-program-form/index.tsx(175,19): error TS17004: Cannot use JSX unless the '--jsx' flag is provided.
frontend/src/widgets/training-program-form/index.tsx(176,21): error TS17004: Cannot use JSX unless the '--jsx' flag is provided.
frontend/src/widgets/training-program-form/index.tsx(177,21): error TS17004: Cannot use JSX unless the '--jsx' flag is provided.
frontend/src/widgets/training-program-form/index.tsx(178,23): error TS17004: Cannot use JSX unless the '--jsx' flag is provided.
frontend/src/widgets/training-program-form/index.tsx(187,15): error TS17004: Cannot use JSX unless the '--jsx' flag is provided.
frontend/src/widgets/training-program-form/index.tsx(191,19): error TS17004: Cannot use JSX unless the '--jsx' flag is provided.
frontend/src/widgets/training-program-form/index.tsx(192,21): error TS17004: Cannot use JSX unless the '--jsx' flag is provided.
frontend/src/widgets/training-program-form/index.tsx(193,21): error TS17004: Cannot use JSX unless the '--jsx' flag is provided.
frontend/src/widgets/training-program-form/index.tsx(194,23): error TS17004: Cannot use JSX unless the '--jsx' flag is provided.
frontend/src/widgets/training-program-form/index.tsx(204,15): error TS17004: Cannot use JSX unless the '--jsx' flag is provided.
frontend/src/widgets/training-program-form/index.tsx(208,19): error TS17004: Cannot use JSX unless the '--jsx' flag is provided.
frontend/src/widgets/training-program-form/index.tsx(209,21): error TS17004: Cannot use JSX unless the '--jsx' flag is provided.
frontend/src/widgets/training-program-form/index.tsx(210,21): error TS17004: Cannot use JSX unless the '--jsx' flag is provided.
frontend/src/widgets/training-program-form/index.tsx(211,23): error TS17004: Cannot use JSX unless the '--jsx' flag is provided.
frontend/src/widgets/training-program-form/index.tsx(222,17): error TS17004: Cannot use JSX unless the '--jsx' flag is provided.
frontend/src/widgets/training-program-form/index.tsx(226,21): error TS17004: Cannot use JSX unless the '--jsx' flag is provided.
frontend/src/widgets/training-program-form/index.tsx(227,23): error TS17004: Cannot use JSX unless the '--jsx' flag is provided.
frontend/src/widgets/training-program-form/index.tsx(228,25): error TS17004: Cannot use JSX unless the '--jsx' flag is provided.
frontend/src/widgets/training-program-form/index.tsx(233,23): error TS17004: Cannot use JSX unless the '--jsx' flag is provided.
frontend/src/widgets/training-program-form/index.tsx(234,25): error TS17004: Cannot use JSX unless the '--jsx' flag is provided.
frontend/src/widgets/training-program-form/index.tsx(243,13): error TS17004: Cannot use JSX unless the '--jsx' flag is provided.
frontend/src/widgets/training-program-form/index.tsx(244,15): error TS17004: Cannot use JSX unless the '--jsx' flag is provided.
frontend/src/widgets/training-program-form/index.tsx(245,15): error TS17004: Cannot use JSX unless the '--jsx' flag is provided.
frontend/src/widgets/training-program-form/index.tsx(251,15): error TS17004: Cannot use JSX unless the '--jsx' flag is provided.
frontend/src/widgets/training-program-form/index.tsx(255,19): error TS17004: Cannot use JSX unless the '--jsx' flag is provided.
frontend/src/widgets/training-program-form/index.tsx(256,21): error TS17004: Cannot use JSX unless the '--jsx' flag is provided.
frontend/src/widgets/training-program-form/index.tsx(257,23): error TS17004: Cannot use JSX unless the '--jsx' flag is provided.
frontend/src/widgets/training-program-form/index.tsx(266,15): error TS17004: Cannot use JSX unless the '--jsx' flag is provided.
frontend/src/widgets/training-program-form/index.tsx(270,19): error TS17004: Cannot use JSX unless the '--jsx' flag is provided.
frontend/src/widgets/training-program-form/index.tsx(271,21): error TS17004: Cannot use JSX unless the '--jsx' flag is provided.
frontend/src/widgets/training-program-form/index.tsx(272,23): error TS17004: Cannot use JSX unless the '--jsx' flag is provided.
frontend/src/widgets/training-program-form/index.tsx(281,15): error TS17004: Cannot use JSX unless the '--jsx' flag is provided.
frontend/src/widgets/training-program-form/index.tsx(285,19): error TS17004: Cannot use JSX unless the '--jsx' flag is provided.
frontend/src/widgets/training-program-form/index.tsx(286,21): error TS17004: Cannot use JSX unless the '--jsx' flag is provided.
frontend/src/widgets/training-program-form/index.tsx(287,23): error TS17004: Cannot use JSX unless the '--jsx' flag is provided.
frontend/src/widgets/training-program-form/index.tsx(297,15): error TS17004: Cannot use JSX unless the '--jsx' flag is provided.
frontend/src/widgets/training-program-form/index.tsx(301,19): error TS17004: Cannot use JSX unless the '--jsx' flag is provided.
frontend/src/widgets/training-program-form/index.tsx(302,21): error TS17004: Cannot use JSX unless the '--jsx' flag is provided.
frontend/src/widgets/training-program-form/index.tsx(303,23): error TS17004: Cannot use JSX unless the '--jsx' flag is provided.
frontend/src/widgets/training-program-form/index.tsx(313,15): error TS17004: Cannot use JSX unless the '--jsx' flag is provided.
frontend/src/widgets/training-program-form/index.tsx(315,19): error TS17004: Cannot use JSX unless the '--jsx' flag is provided.
frontend/src/widgets/training-program-form/index.tsx(319,23): error TS17004: Cannot use JSX unless the '--jsx' flag is provided.
frontend/src/widgets/training-program-form/index.tsx(320,25): error TS17004: Cannot use JSX unless the '--jsx' flag is provided.
frontend/src/widgets/training-program-form/index.tsx(321,27): error TS17004: Cannot use JSX unless the '--jsx' flag is provided.
frontend/src/widgets/training-program-form/index.tsx(326,25): error TS17004: Cannot use JSX unless the '--jsx' flag is provided.
frontend/src/widgets/training-program-form/index.tsx(327,27): error TS17004: Cannot use JSX unless the '--jsx' flag is provided.
frontend/src/widgets/training-program-form/index.tsx(335,15): error TS17004: Cannot use JSX unless the '--jsx' flag is provided.
frontend/src/widgets/training-program-form/index.tsx(341,17): error TS17004: Cannot use JSX unless the '--jsx' flag is provided.
frontend/src/widgets/training-program-form/index.tsx(346,9): error TS17004: Cannot use JSX unless the '--jsx' flag is provided.
frontend/src/widgets/training-program-form/index.tsx(352,11): error TS17004: Cannot use JSX unless the '--jsx' flag is provided.
frontend/src/widgets/training-program-form/index.tsx(354,9): error TS17004: Cannot use JSX unless the '--jsx' flag is provided.
frontend/src/widgets/training-program-form/index.tsx(474,5): error TS17004: Cannot use JSX unless the '--jsx' flag is provided.
frontend/src/widgets/training-program-form/index.tsx(475,7): error TS17004: Cannot use JSX unless the '--jsx' flag is provided.
frontend/src/widgets/training-program-form/index.tsx(476,9): error TS17004: Cannot use JSX unless the '--jsx' flag is provided.
frontend/src/widgets/training-program-form/index.tsx(477,11): error TS17004: Cannot use JSX unless the '--jsx' flag is provided.
frontend/src/widgets/training-program-form/index.tsx(480,11): error TS17004: Cannot use JSX unless the '--jsx' flag is provided.
frontend/src/widgets/training-program-form/index.tsx(487,7): error TS17004: Cannot use JSX unless the '--jsx' flag is provided.
frontend/src/widgets/training-program-form/index.tsx(488,9): error TS17004: Cannot use JSX unless the '--jsx' flag is provided.
frontend/src/widgets/training-program-form/index.tsx(489,11): error TS17004: Cannot use JSX unless the '--jsx' flag is provided.
frontend/src/widgets/training-program-form/index.tsx(490,13): error TS17004: Cannot use JSX unless the '--jsx' flag is provided.
frontend/src/widgets/training-program-form/index.tsx(491,15): error TS17004: Cannot use JSX unless the '--jsx' flag is provided.
frontend/src/widgets/training-program-form/index.tsx(493,13): error TS17004: Cannot use JSX unless the '--jsx' flag is provided.
frontend/src/widgets/training-program-form/index.tsx(494,15): error TS17004: Cannot use JSX unless the '--jsx' flag is provided.
frontend/src/widgets/training-program-form/index.tsx(498,19): error TS17004: Cannot use JSX unless the '--jsx' flag is provided.
frontend/src/widgets/training-program-form/index.tsx(499,21): error TS17004: Cannot use JSX unless the '--jsx' flag is provided.
frontend/src/widgets/training-program-form/index.tsx(500,21): error TS17004: Cannot use JSX unless the '--jsx' flag is provided.
frontend/src/widgets/training-program-form/index.tsx(501,23): error TS17004: Cannot use JSX unless the '--jsx' flag is provided.
frontend/src/widgets/training-program-form/index.tsx(506,21): error TS17004: Cannot use JSX unless the '--jsx' flag is provided.
frontend/src/widgets/training-program-form/index.tsx(510,15): error TS17004: Cannot use JSX unless the '--jsx' flag is provided.
frontend/src/widgets/training-program-form/index.tsx(514,19): error TS17004: Cannot use JSX unless the '--jsx' flag is provided.
frontend/src/widgets/training-program-form/index.tsx(515,21): error TS17004: Cannot use JSX unless the '--jsx' flag is provided.
frontend/src/widgets/training-program-form/index.tsx(516,21): error TS17004: Cannot use JSX unless the '--jsx' flag is provided.
frontend/src/widgets/training-program-form/index.tsx(517,23): error TS17004: Cannot use JSX unless the '--jsx' flag is provided.
frontend/src/widgets/training-program-form/index.tsx(523,21): error TS17004: Cannot use JSX unless the '--jsx' flag is provided.
frontend/src/widgets/training-program-form/index.tsx(527,15): error TS17004: Cannot use JSX unless the '--jsx' flag is provided.
frontend/src/widgets/training-program-form/index.tsx(531,19): error TS17004: Cannot use JSX unless the '--jsx' flag is provided.
frontend/src/widgets/training-program-form/index.tsx(532,21): error TS17004: Cannot use JSX unless the '--jsx' flag is provided.
frontend/src/widgets/training-program-form/index.tsx(533,21): error TS17004: Cannot use JSX unless the '--jsx' flag is provided.
frontend/src/widgets/training-program-form/index.tsx(537,23): error TS17004: Cannot use JSX unless the '--jsx' flag is provided.
frontend/src/widgets/training-program-form/index.tsx(538,25): error TS17004: Cannot use JSX unless the '--jsx' flag is provided.
frontend/src/widgets/training-program-form/index.tsx(539,27): error TS17004: Cannot use JSX unless the '--jsx' flag is provided.
frontend/src/widgets/training-program-form/index.tsx(542,23): error TS17004: Cannot use JSX unless the '--jsx' flag is provided.
frontend/src/widgets/training-program-form/index.tsx(543,25): error TS17004: Cannot use JSX unless the '--jsx' flag is provided.
frontend/src/widgets/training-program-form/index.tsx(544,25): error TS17004: Cannot use JSX unless the '--jsx' flag is provided.
frontend/src/widgets/training-program-form/index.tsx(547,25): error TS17004: Cannot use JSX unless the '--jsx' flag is provided.
frontend/src/widgets/training-program-form/index.tsx(548,25): error TS17004: Cannot use JSX unless the '--jsx' flag is provided.
frontend/src/widgets/training-program-form/index.tsx(551,21): error TS17004: Cannot use JSX unless the '--jsx' flag is provided.
frontend/src/widgets/training-program-form/index.tsx(555,15): error TS17004: Cannot use JSX unless the '--jsx' flag is provided.
frontend/src/widgets/training-program-form/index.tsx(559,19): error TS17004: Cannot use JSX unless the '--jsx' flag is provided.
frontend/src/widgets/training-program-form/index.tsx(560,21): error TS17004: Cannot use JSX unless the '--jsx' flag is provided.
frontend/src/widgets/training-program-form/index.tsx(561,21): error TS17004: Cannot use JSX unless the '--jsx' flag is provided.
frontend/src/widgets/training-program-form/index.tsx(565,23): error TS17004: Cannot use JSX unless the '--jsx' flag is provided.
frontend/src/widgets/training-program-form/index.tsx(566,25): error TS17004: Cannot use JSX unless the '--jsx' flag is provided.
frontend/src/widgets/training-program-form/index.tsx(567,27): error TS17004: Cannot use JSX unless the '--jsx' flag is provided.
frontend/src/widgets/training-program-form/index.tsx(570,23): error TS17004: Cannot use JSX unless the '--jsx' flag is provided.
frontend/src/widgets/training-program-form/index.tsx(571,25): error TS17004: Cannot use JSX unless the '--jsx' flag is provided.
frontend/src/widgets/training-program-form/index.tsx(572,25): error TS17004: Cannot use JSX unless the '--jsx' flag is provided.
frontend/src/widgets/training-program-form/index.tsx(573,25): error TS17004: Cannot use JSX unless the '--jsx' flag is provided.
frontend/src/widgets/training-program-form/index.tsx(576,21): error TS17004: Cannot use JSX unless the '--jsx' flag is provided.
frontend/src/widgets/training-program-form/index.tsx(584,13): error TS17004: Cannot use JSX unless the '--jsx' flag is provided.
frontend/src/widgets/training-program-form/index.tsx(593,11): error TS17004: Cannot use JSX unless the '--jsx' flag is provided.
frontend/src/widgets/training-program-form/index.tsx(594,13): error TS17004: Cannot use JSX unless the '--jsx' flag is provided.
frontend/src/widgets/training-program-form/index.tsx(600,15): error TS17004: Cannot use JSX unless the '--jsx' flag is provided.
frontend/src/widgets/training-program-form/index.tsx(602,13): error TS17004: Cannot use JSX unless the '--jsx' flag is provided.
frontend/src/widgets/training-program-form/index.tsx(607,28): error TS17004: Cannot use JSX unless the '--jsx' flag is provided.
frontend/src/widgets/training-program-form/index.tsx(614,7): error TS17004: Cannot use JSX unless the '--jsx' flag is provided.
frontend/src/widgets/training-programs/index.tsx(4,38): error TS2307: Cannot find module '@/entities/training-program/model/types' or its corresponding type declarations.
frontend/src/widgets/training-programs/index.tsx(5,23): error TS2307: Cannot find module '@/shared/ui/badge' or its corresponding type declarations.
frontend/src/widgets/training-programs/index.tsx(6,24): error TS2307: Cannot find module '@/shared/ui/button' or its corresponding type declarations.
frontend/src/widgets/training-programs/index.tsx(13,8): error TS2307: Cannot find module '@/shared/ui/card' or its corresponding type declarations.
frontend/src/widgets/training-programs/index.tsx(19,8): error TS2307: Cannot find module '@/shared/ui/dropdown-menu' or its corresponding type declarations.
frontend/src/widgets/training-programs/index.tsx(20,26): error TS2307: Cannot find module '@/shared/hooks/use-toast' or its corresponding type declarations.
frontend/src/widgets/training-programs/index.tsx(34,28): error TS2307: Cannot find module '@/shared/lib/session/client' or its corresponding type declarations.
frontend/src/widgets/training-programs/index.tsx(35,58): error TS2307: Cannot find module '@/shared/ui/tabs' or its corresponding type declarations.
frontend/src/widgets/training-programs/index.tsx(36,29): error TS2307: Cannot find module '@/app/providers/training-provider' or its corresponding type declarations.
frontend/src/widgets/training-programs/index.tsx(37,26): error TS2307: Cannot find module '@/shared/ui/skeleton' or its corresponding type declarations.
frontend/src/widgets/training-programs/index.tsx(38,40): error TS2307: Cannot find module '@/widgets/training-program-form' or its corresponding type declarations.
frontend/src/widgets/training-programs/index.tsx(52,5): error TS17004: Cannot use JSX unless the '--jsx' flag is provided.
frontend/src/widgets/training-programs/index.tsx(53,7): error TS17004: Cannot use JSX unless the '--jsx' flag is provided.
frontend/src/widgets/training-programs/index.tsx(54,9): error TS17004: Cannot use JSX unless the '--jsx' flag is provided.
frontend/src/widgets/training-programs/index.tsx(55,11): error TS17004: Cannot use JSX unless the '--jsx' flag is provided.
frontend/src/widgets/training-programs/index.tsx(56,13): error TS17004: Cannot use JSX unless the '--jsx' flag is provided.
frontend/src/widgets/training-programs/index.tsx(63,13): error TS17004: Cannot use JSX unless the '--jsx' flag is provided.
frontend/src/widgets/training-programs/index.tsx(66,9): error TS17004: Cannot use JSX unless the '--jsx' flag is provided.
frontend/src/widgets/training-programs/index.tsx(68,13): error TS17004: Cannot use JSX unless the '--jsx' flag is provided.
frontend/src/widgets/training-programs/index.tsx(69,15): error TS17004: Cannot use JSX unless the '--jsx' flag is provided.
frontend/src/widgets/training-programs/index.tsx(73,13): error TS17004: Cannot use JSX unless the '--jsx' flag is provided.
frontend/src/widgets/training-programs/index.tsx(74,15): error TS17004: Cannot use JSX unless the '--jsx' flag is provided.
frontend/src/widgets/training-programs/index.tsx(75,17): error TS17004: Cannot use JSX unless the '--jsx' flag is provided.
frontend/src/widgets/training-programs/index.tsx(80,19): error TS17004: Cannot use JSX unless the '--jsx' flag is provided.
frontend/src/widgets/training-programs/index.tsx(83,15): error TS17004: Cannot use JSX unless the '--jsx' flag is provided.
frontend/src/widgets/training-programs/index.tsx(84,17): error TS17004: Cannot use JSX unless the '--jsx' flag is provided.
frontend/src/widgets/training-programs/index.tsx(85,19): error TS17004: Cannot use JSX unless the '--jsx' flag is provided.
frontend/src/widgets/training-programs/index.tsx(86,21): error TS17004: Cannot use JSX unless the '--jsx' flag is provided.
frontend/src/widgets/training-programs/index.tsx(90,17): error TS17004: Cannot use JSX unless the '--jsx' flag is provided.
frontend/src/widgets/training-programs/index.tsx(94,19): error TS17004: Cannot use JSX unless the '--jsx' flag is provided.
frontend/src/widgets/training-programs/index.tsx(101,9): error TS17004: Cannot use JSX unless the '--jsx' flag is provided.
frontend/src/widgets/training-programs/index.tsx(102,11): error TS17004: Cannot use JSX unless the '--jsx' flag is provided.
frontend/src/widgets/training-programs/index.tsx(105,7): error TS17004: Cannot use JSX unless the '--jsx' flag is provided.
frontend/src/widgets/training-programs/index.tsx(106,9): error TS17004: Cannot use JSX unless the '--jsx' flag is provided.
frontend/src/widgets/training-programs/index.tsx(107,11): error TS17004: Cannot use JSX unless the '--jsx' flag is provided.
frontend/src/widgets/training-programs/index.tsx(112,7): error TS17004: Cannot use JSX unless the '--jsx' flag is provided.
frontend/src/widgets/training-programs/index.tsx(113,9): error TS17004: Cannot use JSX unless the '--jsx' flag is provided.
frontend/src/widgets/training-programs/index.tsx(116,9): error TS17004: Cannot use JSX unless the '--jsx' flag is provided.
frontend/src/widgets/training-programs/index.tsx(117,11): error TS17004: Cannot use JSX unless the '--jsx' flag is provided.
frontend/src/widgets/training-programs/index.tsx(118,13): error TS17004: Cannot use JSX unless the '--jsx' flag is provided.
frontend/src/widgets/training-programs/index.tsx(121,11): error TS17004: Cannot use JSX unless the '--jsx' flag is provided.
frontend/src/widgets/training-programs/index.tsx(122,13): error TS17004: Cannot use JSX unless the '--jsx' flag is provided.
frontend/src/widgets/training-programs/index.tsx(125,11): error TS17004: Cannot use JSX unless the '--jsx' flag is provided.
frontend/src/widgets/training-programs/index.tsx(126,13): error TS17004: Cannot use JSX unless the '--jsx' flag is provided.
frontend/src/widgets/training-programs/index.tsx(132,9): error TS17004: Cannot use JSX unless the '--jsx' flag is provided.
frontend/src/widgets/training-programs/index.tsx(133,11): error TS17004: Cannot use JSX unless the '--jsx' flag is provided.
frontend/src/widgets/training-programs/index.tsx(138,13): error TS17004: Cannot use JSX unless the '--jsx' flag is provided.
frontend/src/widgets/training-programs/index.tsx(148,3): error TS17004: Cannot use JSX unless the '--jsx' flag is provided.
frontend/src/widgets/training-programs/index.tsx(150,7): error TS17004: Cannot use JSX unless the '--jsx' flag is provided.
frontend/src/widgets/training-programs/index.tsx(219,5): error TS17004: Cannot use JSX unless the '--jsx' flag is provided.
frontend/src/widgets/training-programs/index.tsx(220,7): error TS17004: Cannot use JSX unless the '--jsx' flag is provided.
frontend/src/widgets/training-programs/index.tsx(221,9): error TS17004: Cannot use JSX unless the '--jsx' flag is provided.
frontend/src/widgets/training-programs/index.tsx(222,11): error TS17004: Cannot use JSX unless the '--jsx' flag is provided.
frontend/src/widgets/training-programs/index.tsx(225,11): error TS17004: Cannot use JSX unless the '--jsx' flag is provided.
frontend/src/widgets/training-programs/index.tsx(230,9): error TS17004: Cannot use JSX unless the '--jsx' flag is provided.
frontend/src/widgets/training-programs/index.tsx(231,11): error TS17004: Cannot use JSX unless the '--jsx' flag is provided.
frontend/src/widgets/training-programs/index.tsx(232,13): error TS17004: Cannot use JSX unless the '--jsx' flag is provided.
frontend/src/widgets/training-programs/index.tsx(238,7): error TS17004: Cannot use JSX unless the '--jsx' flag is provided.
frontend/src/widgets/training-programs/index.tsx(239,9): error TS17004: Cannot use JSX unless the '--jsx' flag is provided.
frontend/src/widgets/training-programs/index.tsx(240,11): error TS17004: Cannot use JSX unless the '--jsx' flag is provided.
frontend/src/widgets/training-programs/index.tsx(241,11): error TS17004: Cannot use JSX unless the '--jsx' flag is provided.
frontend/src/widgets/training-programs/index.tsx(243,9): error TS17004: Cannot use JSX unless the '--jsx' flag is provided.
frontend/src/widgets/training-programs/index.tsx(245,13): error TS17004: Cannot use JSX unless the '--jsx' flag is provided.
frontend/src/widgets/training-programs/index.tsx(247,13): error TS17004: Cannot use JSX unless the '--jsx' flag is provided.
frontend/src/widgets/training-programs/index.tsx(249,17): error TS17004: Cannot use JSX unless the '--jsx' flag is provided.
frontend/src/widgets/training-programs/index.tsx(259,13): error TS17004: Cannot use JSX unless the '--jsx' flag is provided.
frontend/src/widgets/training-programs/index.tsx(265,9): error TS17004: Cannot use JSX unless the '--jsx' flag is provided.
frontend/src/widgets/training-programs/index.tsx(267,13): error TS17004: Cannot use JSX unless the '--jsx' flag is provided.
frontend/src/widgets/training-programs/index.tsx(269,13): error TS17004: Cannot use JSX unless the '--jsx' flag is provided.
frontend/src/widgets/training-programs/index.tsx(271,17): error TS17004: Cannot use JSX unless the '--jsx' flag is provided.
frontend/src/widgets/training-proposals/index.tsx(4,38): error TS2307: Cannot find module '@/app/providers/training-proposal-provider' or its corresponding type declarations.
frontend/src/widgets/training-proposals/index.tsx(5,28): error TS2307: Cannot find module '@/shared/lib/session/client' or its corresponding type declarations.
frontend/src/widgets/training-proposals/index.tsx(12,8): error TS2307: Cannot find module '@/shared/ui/card' or its corresponding type declarations.
frontend/src/widgets/training-proposals/index.tsx(13,53): error TS2307: Cannot find module '@/shared/ui/avatar' or its corresponding type declarations.
frontend/src/widgets/training-proposals/index.tsx(14,24): error TS2307: Cannot find module '@/shared/ui/button' or its corresponding type declarations.
frontend/src/widgets/training-proposals/index.tsx(15,23): error TS2307: Cannot find module '@/shared/ui/badge' or its corresponding type declarations.
frontend/src/widgets/training-proposals/index.tsx(17,26): error TS2307: Cannot find module '@/shared/hooks/use-toast' or its corresponding type declarations.
frontend/src/widgets/training-proposals/index.tsx(20,39): error TS2307: Cannot find module '@/app/providers/training-proposal-provider' or its corresponding type declarations.
frontend/src/widgets/training-proposals/index.tsx(67,7): error TS17004: Cannot use JSX unless the '--jsx' flag is provided.
frontend/src/widgets/training-proposals/index.tsx(68,9): error TS17004: Cannot use JSX unless the '--jsx' flag is provided.
frontend/src/widgets/training-proposals/index.tsx(81,7): error TS17004: Cannot use JSX unless the '--jsx' flag is provided.
frontend/src/widgets/training-proposals/index.tsx(82,9): error TS17004: Cannot use JSX unless the '--jsx' flag is provided.
frontend/src/widgets/training-proposals/index.tsx(83,11): error TS17004: Cannot use JSX unless the '--jsx' flag is provided.
frontend/src/widgets/training-proposals/index.tsx(84,13): error TS17004: Cannot use JSX unless the '--jsx' flag is provided.
frontend/src/widgets/training-proposals/index.tsx(85,15): error TS17004: Cannot use JSX unless the '--jsx' flag is provided.
frontend/src/widgets/training-proposals/index.tsx(86,15): error TS17004: Cannot use JSX unless the '--jsx' flag is provided.
frontend/src/widgets/training-proposals/index.tsx(88,13): error TS17004: Cannot use JSX unless the '--jsx' flag is provided.
frontend/src/widgets/training-proposals/index.tsx(89,15): error TS17004: Cannot use JSX unless the '--jsx' flag is provided.
frontend/src/widgets/training-proposals/index.tsx(90,15): error TS17004: Cannot use JSX unless the '--jsx' flag is provided.
frontend/src/widgets/training-proposals/index.tsx(99,13): error TS17004: Cannot use JSX unless the '--jsx' flag is provided.
frontend/src/widgets/training-proposals/index.tsx(100,15): error TS17004: Cannot use JSX unless the '--jsx' flag is provided.
frontend/src/widgets/training-proposals/index.tsx(110,19): error TS17004: Cannot use JSX unless the '--jsx' flag is provided.
frontend/src/widgets/training-proposals/index.tsx(112,19): error TS17004: Cannot use JSX unless the '--jsx' flag is provided.
frontend/src/widgets/training-proposals/index.tsx(115,15): error TS17004: Cannot use JSX unless the '--jsx' flag is provided.
frontend/src/widgets/training-proposals/index.tsx(125,19): error TS17004: Cannot use JSX unless the '--jsx' flag is provided.
frontend/src/widgets/training-proposals/index.tsx(127,19): error TS17004: Cannot use JSX unless the '--jsx' flag is provided.
frontend/src/widgets/training-proposals/index.tsx(132,13): error TS17004: Cannot use JSX unless the '--jsx' flag is provided.
frontend/src/widgets/training-proposals/index.tsx(136,11): error TS17004: Cannot use JSX unless the '--jsx' flag is provided.
frontend/src/widgets/training-proposals/index.tsx(138,13): error TS17004: Cannot use JSX unless the '--jsx' flag is provided.
frontend/src/widgets/training-proposals/index.tsx(142,11): error TS17004: Cannot use JSX unless the '--jsx' flag is provided.
frontend/src/widgets/training-proposals/index.tsx(151,5): error TS17004: Cannot use JSX unless the '--jsx' flag is provided.
frontend/src/widgets/training-proposals/index.tsx(152,7): error TS17004: Cannot use JSX unless the '--jsx' flag is provided.
frontend/src/widgets/training-proposals/index.tsx(153,9): error TS17004: Cannot use JSX unless the '--jsx' flag is provided.
frontend/src/widgets/training-proposals/index.tsx(154,9): error TS17004: Cannot use JSX unless the '--jsx' flag is provided.
frontend/src/widgets/training-proposals/index.tsx(158,7): error TS17004: Cannot use JSX unless the '--jsx' flag is provided.
frontend/src/widgets/training-proposals/index.tsx(159,9): error TS17004: Cannot use JSX unless the '--jsx' flag is provided.
frontend/src/widgets/training-proposals/index.tsx(160,11): error TS17004: Cannot use JSX unless the '--jsx' flag is provided.
frontend/src/widgets/training-proposals/index.tsx(161,13): error TS17004: Cannot use JSX unless the '--jsx' flag is provided.
frontend/src/widgets/training-proposals/index.tsx(163,11): error TS17004: Cannot use JSX unless the '--jsx' flag is provided.
frontend/src/widgets/training-proposals/index.tsx(167,15): error TS17004: Cannot use JSX unless the '--jsx' flag is provided.
frontend/src/widgets/training-proposals/index.tsx(173,9): error TS17004: Cannot use JSX unless the '--jsx' flag is provided.
frontend/src/widgets/training-proposals/index.tsx(174,11): error TS17004: Cannot use JSX unless the '--jsx' flag is provided.
frontend/src/widgets/training-proposals/index.tsx(175,13): error TS17004: Cannot use JSX unless the '--jsx' flag is provided.
frontend/src/widgets/training-proposals/index.tsx(177,11): error TS17004: Cannot use JSX unless the '--jsx' flag is provided.
frontend/src/widgets/training-proposals/index.tsx(181,15): error TS17004: Cannot use JSX unless the '--jsx' flag is provided.
frontend/src/widgets/user-edit-dialog/index.tsx(4,24): error TS2307: Cannot find module '@/shared/ui/button' or its corresponding type declarations.
frontend/src/widgets/user-edit-dialog/index.tsx(12,8): error TS2307: Cannot find module '@/shared/ui/dialog' or its corresponding type declarations.
frontend/src/widgets/user-edit-dialog/index.tsx(13,23): error TS2307: Cannot find module '@/shared/ui/input' or its corresponding type declarations.
frontend/src/widgets/user-edit-dialog/index.tsx(14,23): error TS2307: Cannot find module '@/shared/ui/label' or its corresponding type declarations.
frontend/src/widgets/user-edit-dialog/index.tsx(21,8): error TS2307: Cannot find module '@/shared/ui/select' or its corresponding type declarations.
frontend/src/widgets/user-edit-dialog/index.tsx(23,53): error TS2307: Cannot find module '@/shared/ui/alert' or its corresponding type declarations.
frontend/src/widgets/user-edit-dialog/index.tsx(24,23): error TS2307: Cannot find module '@/shared/ui/badge' or its corresponding type declarations.
frontend/src/widgets/user-edit-dialog/index.tsx(25,20): error TS2307: Cannot find module '@/shared/lib/utils' or its corresponding type declarations.
frontend/src/widgets/user-edit-dialog/index.tsx(26,27): error TS2307: Cannot find module '@/shared/lib/types' or its corresponding type declarations.
frontend/src/widgets/user-edit-dialog/index.tsx(30,8): error TS2307: Cannot find module '@/shared/api/genkit/flows/analyze-role-change-flow' or its corresponding type declarations.
frontend/src/widgets/user-edit-dialog/index.tsx(141,5): error TS17004: Cannot use JSX unless the '--jsx' flag is provided.
frontend/src/widgets/user-edit-dialog/index.tsx(142,7): error TS17004: Cannot use JSX unless the '--jsx' flag is provided.
frontend/src/widgets/user-edit-dialog/index.tsx(143,9): error TS17004: Cannot use JSX unless the '--jsx' flag is provided.
frontend/src/widgets/user-edit-dialog/index.tsx(144,11): error TS17004: Cannot use JSX unless the '--jsx' flag is provided.
frontend/src/widgets/user-edit-dialog/index.tsx(145,11): error TS17004: Cannot use JSX unless the '--jsx' flag is provided.
frontend/src/widgets/user-edit-dialog/index.tsx(149,9): error TS17004: Cannot use JSX unless the '--jsx' flag is provided.
frontend/src/widgets/user-edit-dialog/index.tsx(150,11): error TS17004: Cannot use JSX unless the '--jsx' flag is provided.
frontend/src/widgets/user-edit-dialog/index.tsx(151,13): error TS17004: Cannot use JSX unless the '--jsx' flag is provided.
frontend/src/widgets/user-edit-dialog/index.tsx(152,13): error TS17004: Cannot use JSX unless the '--jsx' flag is provided.
frontend/src/widgets/user-edit-dialog/index.tsx(154,11): error TS17004: Cannot use JSX unless the '--jsx' flag is provided.
frontend/src/widgets/user-edit-dialog/index.tsx(155,13): error TS17004: Cannot use JSX unless the '--jsx' flag is provided.
frontend/src/widgets/user-edit-dialog/index.tsx(156,13): error TS17004: Cannot use JSX unless the '--jsx' flag is provided.
frontend/src/widgets/user-edit-dialog/index.tsx(158,11): error TS17004: Cannot use JSX unless the '--jsx' flag is provided.
frontend/src/widgets/user-edit-dialog/index.tsx(159,13): error TS17004: Cannot use JSX unless the '--jsx' flag is provided.
frontend/src/widgets/user-edit-dialog/index.tsx(160,13): error TS17004: Cannot use JSX unless the '--jsx' flag is provided.
frontend/src/widgets/user-edit-dialog/index.tsx(161,15): error TS17004: Cannot use JSX unless the '--jsx' flag is provided.
frontend/src/widgets/user-edit-dialog/index.tsx(162,17): error TS17004: Cannot use JSX unless the '--jsx' flag is provided.
frontend/src/widgets/user-edit-dialog/index.tsx(164,15): error TS17004: Cannot use JSX unless the '--jsx' flag is provided.
frontend/src/widgets/user-edit-dialog/index.tsx(166,19): error TS17004: Cannot use JSX unless the '--jsx' flag is provided.
frontend/src/widgets/user-edit-dialog/index.tsx(173,11): error TS17004: Cannot use JSX unless the '--jsx' flag is provided.
frontend/src/widgets/user-edit-dialog/index.tsx(174,13): error TS17004: Cannot use JSX unless the '--jsx' flag is provided.
frontend/src/widgets/user-edit-dialog/index.tsx(182,17): error TS17004: Cannot use JSX unless the '--jsx' flag is provided.
frontend/src/widgets/user-edit-dialog/index.tsx(184,17): error TS17004: Cannot use JSX unless the '--jsx' flag is provided.
frontend/src/widgets/user-edit-dialog/index.tsx(189,15): error TS17004: Cannot use JSX unless the '--jsx' flag is provided.
frontend/src/widgets/user-edit-dialog/index.tsx(190,17): error TS17004: Cannot use JSX unless the '--jsx' flag is provided.
frontend/src/widgets/user-edit-dialog/index.tsx(191,17): error TS17004: Cannot use JSX unless the '--jsx' flag is provided.
frontend/src/widgets/user-edit-dialog/index.tsx(192,17): error TS17004: Cannot use JSX unless the '--jsx' flag is provided.
frontend/src/widgets/user-edit-dialog/index.tsx(196,15): error TS17004: Cannot use JSX unless the '--jsx' flag is provided.
frontend/src/widgets/user-edit-dialog/index.tsx(197,17): error TS17004: Cannot use JSX unless the '--jsx' flag is provided.
frontend/src/widgets/user-edit-dialog/index.tsx(198,17): error TS17004: Cannot use JSX unless the '--jsx' flag is provided.
frontend/src/widgets/user-edit-dialog/index.tsx(199,19): error TS17004: Cannot use JSX unless the '--jsx' flag is provided.
frontend/src/widgets/user-edit-dialog/index.tsx(203,19): error TS17004: Cannot use JSX unless the '--jsx' flag is provided.
frontend/src/widgets/user-edit-dialog/index.tsx(210,17): error TS17004: Cannot use JSX unless the '--jsx' flag is provided.
frontend/src/widgets/user-edit-dialog/index.tsx(217,9): error TS17004: Cannot use JSX unless the '--jsx' flag is provided.
frontend/src/widgets/user-edit-dialog/index.tsx(218,11): error TS17004: Cannot use JSX unless the '--jsx' flag is provided.
frontend/src/widgets/user-edit-dialog/index.tsx(221,11): error TS17004: Cannot use JSX unless the '--jsx' flag is provided.
frontend/src/widgets/user-management/index.tsx(10,58): error TS2307: Cannot find module '@/shared/ui/card' or its corresponding type declarations.
frontend/src/widgets/user-management/index.tsx(11,23): error TS2307: Cannot find module '@/shared/ui/input' or its corresponding type declarations.
frontend/src/widgets/user-management/index.tsx(18,8): error TS2307: Cannot find module '@/shared/ui/select' or its corresponding type declarations.
frontend/src/widgets/user-management/index.tsx(20,26): error TS2307: Cannot find module '@/shared/hooks/use-toast' or its corresponding type declarations.
frontend/src/widgets/user-management/index.tsx(21,27): error TS2307: Cannot find module '@/entities/user/ui/user-table' or its corresponding type declarations.
frontend/src/widgets/user-management/index.tsx(22,32): error TS2307: Cannot find module '@/widgets/user-edit-dialog' or its corresponding type declarations.
frontend/src/widgets/user-management/index.tsx(23,30): error TS2307: Cannot find module '@/widgets/user-pd-dialog' or its corresponding type declarations.
frontend/src/widgets/user-management/index.tsx(32,8): error TS2307: Cannot find module '@/shared/ui/alert-dialog' or its corresponding type declarations.
frontend/src/widgets/user-management/index.tsx(33,40): error TS2307: Cannot find module '@/shared/ui/button' or its corresponding type declarations.
frontend/src/widgets/user-management/index.tsx(34,20): error TS2307: Cannot find module '@/shared/lib/utils' or its corresponding type declarations.
frontend/src/widgets/user-management/index.tsx(35,26): error TS2307: Cannot find module '@/shared/ui/skeleton' or its corresponding type declarations.
frontend/src/widgets/user-management/index.tsx(36,26): error TS2307: Cannot find module '@/entities/user/api/get-users' or its corresponding type declarations.
frontend/src/widgets/user-management/index.tsx(37,34): error TS2307: Cannot find module '@/shared/lib/types' or its corresponding type declarations.
frontend/src/widgets/user-management/index.tsx(179,5): error TS17004: Cannot use JSX unless the '--jsx' flag is provided.
frontend/src/widgets/user-management/index.tsx(180,7): error TS17004: Cannot use JSX unless the '--jsx' flag is provided.
frontend/src/widgets/user-management/index.tsx(181,9): error TS17004: Cannot use JSX unless the '--jsx' flag is provided.
frontend/src/widgets/user-management/index.tsx(182,11): error TS17004: Cannot use JSX unless the '--jsx' flag is provided.
frontend/src/widgets/user-management/index.tsx(185,11): error TS17004: Cannot use JSX unless the '--jsx' flag is provided.
frontend/src/widgets/user-management/index.tsx(190,9): error TS17004: Cannot use JSX unless the '--jsx' flag is provided.
frontend/src/widgets/user-management/index.tsx(191,11): error TS17004: Cannot use JSX unless the '--jsx' flag is provided.
frontend/src/widgets/user-management/index.tsx(192,13): error TS17004: Cannot use JSX unless the '--jsx' flag is provided.
frontend/src/widgets/user-management/index.tsx(194,11): error TS17004: Cannot use JSX unless the '--jsx' flag is provided.
frontend/src/widgets/user-management/index.tsx(195,13): error TS17004: Cannot use JSX unless the '--jsx' flag is provided.
frontend/src/widgets/user-management/index.tsx(196,15): error TS17004: Cannot use JSX unless the '--jsx' flag is provided.
frontend/src/widgets/user-management/index.tsx(197,15): error TS17004: Cannot use JSX unless the '--jsx' flag is provided.
frontend/src/widgets/user-management/index.tsx(204,13): error TS17004: Cannot use JSX unless the '--jsx' flag is provided.
frontend/src/widgets/user-management/index.tsx(205,15): error TS17004: Cannot use JSX unless the '--jsx' flag is provided.
frontend/src/widgets/user-management/index.tsx(206,17): error TS17004: Cannot use JSX unless the '--jsx' flag is provided.
frontend/src/widgets/user-management/index.tsx(208,15): error TS17004: Cannot use JSX unless the '--jsx' flag is provided.
frontend/src/widgets/user-management/index.tsx(210,19): error TS17004: Cannot use JSX unless the '--jsx' flag is provided.
frontend/src/widgets/user-management/index.tsx(216,13): error TS17004: Cannot use JSX unless the '--jsx' flag is provided.
frontend/src/widgets/user-management/index.tsx(217,15): error TS17004: Cannot use JSX unless the '--jsx' flag is provided.
frontend/src/widgets/user-management/index.tsx(218,17): error TS17004: Cannot use JSX unless the '--jsx' flag is provided.
frontend/src/widgets/user-management/index.tsx(220,15): error TS17004: Cannot use JSX unless the '--jsx' flag is provided.
frontend/src/widgets/user-management/index.tsx(222,19): error TS17004: Cannot use JSX unless the '--jsx' flag is provided.
frontend/src/widgets/user-management/index.tsx(236,11): error TS17004: Cannot use JSX unless the '--jsx' flag is provided.
frontend/src/widgets/user-management/index.tsx(238,15): error TS17004: Cannot use JSX unless the '--jsx' flag is provided.
frontend/src/widgets/user-management/index.tsx(242,11): error TS17004: Cannot use JSX unless the '--jsx' flag is provided.
frontend/src/widgets/user-management/index.tsx(251,11): error TS17004: Cannot use JSX unless the '--jsx' flag is provided.
frontend/src/widgets/user-management/index.tsx(252,13): error TS17004: Cannot use JSX unless the '--jsx' flag is provided.
frontend/src/widgets/user-management/index.tsx(255,13): error TS17004: Cannot use JSX unless the '--jsx' flag is provided.
frontend/src/widgets/user-management/index.tsx(256,15): error TS17004: Cannot use JSX unless the '--jsx' flag is provided.
frontend/src/widgets/user-management/index.tsx(264,15): error TS17004: Cannot use JSX unless the '--jsx' flag is provided.
frontend/src/widgets/user-management/index.tsx(267,15): error TS17004: Cannot use JSX unless the '--jsx' flag is provided.
frontend/src/widgets/user-management/index.tsx(281,9): error TS17004: Cannot use JSX unless the '--jsx' flag is provided.
frontend/src/widgets/user-management/index.tsx(288,9): error TS17004: Cannot use JSX unless the '--jsx' flag is provided.
frontend/src/widgets/user-management/index.tsx(296,7): error TS17004: Cannot use JSX unless the '--jsx' flag is provided.
frontend/src/widgets/user-management/index.tsx(297,9): error TS17004: Cannot use JSX unless the '--jsx' flag is provided.
frontend/src/widgets/user-management/index.tsx(298,11): error TS17004: Cannot use JSX unless the '--jsx' flag is provided.
frontend/src/widgets/user-management/index.tsx(299,13): error TS17004: Cannot use JSX unless the '--jsx' flag is provided.
frontend/src/widgets/user-management/index.tsx(300,13): error TS17004: Cannot use JSX unless the '--jsx' flag is provided.
frontend/src/widgets/user-management/index.tsx(303,15): error TS17004: Cannot use JSX unless the '--jsx' flag is provided.
frontend/src/widgets/user-management/index.tsx(307,11): error TS17004: Cannot use JSX unless the '--jsx' flag is provided.
frontend/src/widgets/user-management/index.tsx(308,13): error TS17004: Cannot use JSX unless the '--jsx' flag is provided.
frontend/src/widgets/user-management/index.tsx(309,13): error TS17004: Cannot use JSX unless the '--jsx' flag is provided.
frontend/src/widgets/user-management/index.tsx(319,17): error TS17004: Cannot use JSX unless the '--jsx' flag is provided.
frontend/src/widgets/user-nav/index.tsx(3,53): error TS2307: Cannot find module '@/shared/ui/avatar' or its corresponding type declarations.
frontend/src/widgets/user-nav/index.tsx(4,24): error TS2307: Cannot find module '@/shared/ui/button' or its corresponding type declarations.
frontend/src/widgets/user-nav/index.tsx(13,8): error TS2307: Cannot find module '@/shared/ui/dropdown-menu' or its corresponding type declarations.
frontend/src/widgets/user-nav/index.tsx(14,24): error TS2307: Cannot find module '@/features/auth/actions' or its corresponding type declarations.
frontend/src/widgets/user-nav/index.tsx(15,27): error TS2307: Cannot find module '@/shared/lib/types' or its corresponding type declarations.
frontend/src/widgets/user-nav/index.tsx(27,5): error TS17004: Cannot use JSX unless the '--jsx' flag is provided.
frontend/src/widgets/user-nav/index.tsx(28,7): error TS17004: Cannot use JSX unless the '--jsx' flag is provided.
frontend/src/widgets/user-nav/index.tsx(29,9): error TS17004: Cannot use JSX unless the '--jsx' flag is provided.
frontend/src/widgets/user-nav/index.tsx(30,11): error TS17004: Cannot use JSX unless the '--jsx' flag is provided.
frontend/src/widgets/user-nav/index.tsx(31,13): error TS17004: Cannot use JSX unless the '--jsx' flag is provided.
frontend/src/widgets/user-nav/index.tsx(35,13): error TS17004: Cannot use JSX unless the '--jsx' flag is provided.
frontend/src/widgets/user-nav/index.tsx(39,7): error TS17004: Cannot use JSX unless the '--jsx' flag is provided.
frontend/src/widgets/user-nav/index.tsx(40,9): error TS17004: Cannot use JSX unless the '--jsx' flag is provided.
frontend/src/widgets/user-nav/index.tsx(41,11): error TS17004: Cannot use JSX unless the '--jsx' flag is provided.
frontend/src/widgets/user-nav/index.tsx(42,13): error TS17004: Cannot use JSX unless the '--jsx' flag is provided.
frontend/src/widgets/user-nav/index.tsx(45,13): error TS17004: Cannot use JSX unless the '--jsx' flag is provided.
frontend/src/widgets/user-nav/index.tsx(50,9): error TS17004: Cannot use JSX unless the '--jsx' flag is provided.
frontend/src/widgets/user-nav/index.tsx(51,9): error TS17004: Cannot use JSX unless the '--jsx' flag is provided.
frontend/src/widgets/user-nav/index.tsx(52,11): error TS17004: Cannot use JSX unless the '--jsx' flag is provided.
frontend/src/widgets/user-nav/index.tsx(53,13): error TS17004: Cannot use JSX unless the '--jsx' flag is provided.
frontend/src/widgets/user-nav/index.tsx(55,11): error TS17004: Cannot use JSX unless the '--jsx' flag is provided.
frontend/src/widgets/user-nav/index.tsx(56,13): error TS17004: Cannot use JSX unless the '--jsx' flag is provided.
frontend/src/widgets/user-nav/index.tsx(58,11): error TS17004: Cannot use JSX unless the '--jsx' flag is provided.
frontend/src/widgets/user-nav/index.tsx(59,13): error TS17004: Cannot use JSX unless the '--jsx' flag is provided.
frontend/src/widgets/user-nav/index.tsx(62,9): error TS17004: Cannot use JSX unless the '--jsx' flag is provided.
frontend/src/widgets/user-nav/index.tsx(63,9): error TS17004: Cannot use JSX unless the '--jsx' flag is provided.
frontend/src/widgets/user-nav/index.tsx(64,11): error TS17004: Cannot use JSX unless the '--jsx' flag is provided.
frontend/src/widgets/user-nav/index.tsx(65,13): error TS17004: Cannot use JSX unless the '--jsx' flag is provided.
frontend/src/widgets/user-pd-dialog/index.tsx(4,24): error TS2307: Cannot find module '@/shared/ui/button' or its corresponding type declarations.
frontend/src/widgets/user-pd-dialog/index.tsx(12,8): error TS2307: Cannot find module '@/shared/ui/dialog' or its corresponding type declarations.
frontend/src/widgets/user-pd-dialog/index.tsx(13,23): error TS2307: Cannot find module '@/shared/ui/input' or its corresponding type declarations.
frontend/src/widgets/user-pd-dialog/index.tsx(14,23): error TS2307: Cannot find module '@/shared/ui/label' or its corresponding type declarations.
frontend/src/widgets/user-pd-dialog/index.tsx(21,8): error TS2307: Cannot find module '@/shared/ui/select' or its corresponding type declarations.
frontend/src/widgets/user-pd-dialog/index.tsx(22,26): error TS2307: Cannot find module '@/shared/hooks/use-toast' or its corresponding type declarations.
frontend/src/widgets/user-pd-dialog/index.tsx(24,27): error TS2307: Cannot find module '@/shared/lib/types' or its corresponding type declarations.
frontend/src/widgets/user-pd-dialog/index.tsx(25,30): error TS2307: Cannot find module '@/shared/context/pd-provider' or its corresponding type declarations.
frontend/src/widgets/user-pd-dialog/index.tsx(110,5): error TS17004: Cannot use JSX unless the '--jsx' flag is provided.
frontend/src/widgets/user-pd-dialog/index.tsx(111,7): error TS17004: Cannot use JSX unless the '--jsx' flag is provided.
frontend/src/widgets/user-pd-dialog/index.tsx(112,9): error TS17004: Cannot use JSX unless the '--jsx' flag is provided.
frontend/src/widgets/user-pd-dialog/index.tsx(113,11): error TS17004: Cannot use JSX unless the '--jsx' flag is provided.
frontend/src/widgets/user-pd-dialog/index.tsx(114,13): error TS17004: Cannot use JSX unless the '--jsx' flag is provided.
frontend/src/widgets/user-pd-dialog/index.tsx(117,11): error TS17004: Cannot use JSX unless the '--jsx' flag is provided.
frontend/src/widgets/user-pd-dialog/index.tsx(122,9): error TS17004: Cannot use JSX unless the '--jsx' flag is provided.
frontend/src/widgets/user-pd-dialog/index.tsx(123,11): error TS17004: Cannot use JSX unless the '--jsx' flag is provided.
frontend/src/widgets/user-pd-dialog/index.tsx(124,13): error TS17004: Cannot use JSX unless the '--jsx' flag is provided.
frontend/src/widgets/user-pd-dialog/index.tsx(125,13): error TS17004: Cannot use JSX unless the '--jsx' flag is provided.
frontend/src/widgets/user-pd-dialog/index.tsx(132,11): error TS17004: Cannot use JSX unless the '--jsx' flag is provided.
frontend/src/widgets/user-pd-dialog/index.tsx(133,13): error TS17004: Cannot use JSX unless the '--jsx' flag is provided.
frontend/src/widgets/user-pd-dialog/index.tsx(134,13): error TS17004: Cannot use JSX unless the '--jsx' flag is provided.
frontend/src/widgets/user-pd-dialog/index.tsx(135,15): error TS17004: Cannot use JSX unless the '--jsx' flag is provided.
frontend/src/widgets/user-pd-dialog/index.tsx(136,17): error TS17004: Cannot use JSX unless the '--jsx' flag is provided.
frontend/src/widgets/user-pd-dialog/index.tsx(138,15): error TS17004: Cannot use JSX unless the '--jsx' flag is provided.
frontend/src/widgets/user-pd-dialog/index.tsx(140,19): error TS17004: Cannot use JSX unless the '--jsx' flag is provided.
frontend/src/widgets/user-pd-dialog/index.tsx(148,9): error TS17004: Cannot use JSX unless the '--jsx' flag is provided.
frontend/src/widgets/user-pd-dialog/index.tsx(149,11): error TS17004: Cannot use JSX unless the '--jsx' flag is provided.
frontend/src/widgets/user-pd-dialog/index.tsx(152,11): error TS17004: Cannot use JSX unless the '--jsx' flag is provided.
frontend/src/widgets/user-table/index.tsx(13,53): error TS2307: Cannot find module '@/shared/ui/avatar' or its corresponding type declarations.
frontend/src/widgets/user-table/index.tsx(14,23): error TS2307: Cannot find module '@/shared/ui/badge' or its corresponding type declarations.
frontend/src/widgets/user-table/index.tsx(15,24): error TS2307: Cannot find module '@/shared/ui/button' or its corresponding type declarations.
frontend/src/widgets/user-table/index.tsx(16,35): error TS2307: Cannot find module '@/shared/ui/card' or its corresponding type declarations.
frontend/src/widgets/user-table/index.tsx(24,8): error TS2307: Cannot find module '@/shared/ui/table' or its corresponding type declarations.
frontend/src/widgets/user-table/index.tsx(25,27): error TS2307: Cannot find module '@/shared/lib/types' or its corresponding type declarations.
frontend/src/widgets/user-table/index.tsx(26,28): error TS2307: Cannot find module '@/shared/lib/types' or its corresponding type declarations.
frontend/src/widgets/user-table/index.tsx(33,8): error TS2307: Cannot find module '@/shared/ui/dropdown-menu' or its corresponding type declarations.
frontend/src/widgets/user-table/index.tsx(68,7): error TS17004: Cannot use JSX unless the '--jsx' flag is provided.
frontend/src/widgets/user-table/index.tsx(69,9): error TS17004: Cannot use JSX unless the '--jsx' flag is provided.
frontend/src/widgets/user-table/index.tsx(70,9): error TS17004: Cannot use JSX unless the '--jsx' flag is provided.
frontend/src/widgets/user-table/index.tsx(71,9): error TS17004: Cannot use JSX unless the '--jsx' flag is provided.
frontend/src/widgets/user-table/index.tsx(78,5): error TS17004: Cannot use JSX unless the '--jsx' flag is provided.
frontend/src/widgets/user-table/index.tsx(79,7): error TS17004: Cannot use JSX unless the '--jsx' flag is provided.
frontend/src/widgets/user-table/index.tsx(80,9): error TS17004: Cannot use JSX unless the '--jsx' flag is provided.
frontend/src/widgets/user-table/index.tsx(81,11): error TS17004: Cannot use JSX unless the '--jsx' flag is provided.
frontend/src/widgets/user-table/index.tsx(82,13): error TS17004: Cannot use JSX unless the '--jsx' flag is provided.
frontend/src/widgets/user-table/index.tsx(83,15): error TS17004: Cannot use JSX unless the '--jsx' flag is provided.
frontend/src/widgets/user-table/index.tsx(84,15): error TS17004: Cannot use JSX unless the '--jsx' flag is provided.
frontend/src/widgets/user-table/index.tsx(85,15): error TS17004: Cannot use JSX unless the '--jsx' flag is provided.
frontend/src/widgets/user-table/index.tsx(86,15): error TS17004: Cannot use JSX unless the '--jsx' flag is provided.
frontend/src/widgets/user-table/index.tsx(87,15): error TS17004: Cannot use JSX unless the '--jsx' flag is provided.
frontend/src/widgets/user-table/index.tsx(90,11): error TS17004: Cannot use JSX unless the '--jsx' flag is provided.
frontend/src/widgets/user-table/index.tsx(92,15): error TS17004: Cannot use JSX unless the '--jsx' flag is provided.
frontend/src/widgets/user-table/index.tsx(93,17): error TS17004: Cannot use JSX unless the '--jsx' flag is provided.
frontend/src/widgets/user-table/index.tsx(94,19): error TS17004: Cannot use JSX unless the '--jsx' flag is provided.
frontend/src/widgets/user-table/index.tsx(95,21): error TS17004: Cannot use JSX unless the '--jsx' flag is provided.
frontend/src/widgets/user-table/index.tsx(99,21): error TS17004: Cannot use JSX unless the '--jsx' flag is provided.
frontend/src/widgets/user-table/index.tsx(102,17): error TS17004: Cannot use JSX unless the '--jsx' flag is provided.
frontend/src/widgets/user-table/index.tsx(103,19): error TS17004: Cannot use JSX unless the '--jsx' flag is provided.
frontend/src/widgets/user-table/index.tsx(104,19): error TS17004: Cannot use JSX unless the '--jsx' flag is provided.
frontend/src/widgets/user-table/index.tsx(106,17): error TS17004: Cannot use JSX unless the '--jsx' flag is provided.
frontend/src/widgets/user-table/index.tsx(107,19): error TS17004: Cannot use JSX unless the '--jsx' flag is provided.
frontend/src/widgets/user-table/index.tsx(109,17): error TS17004: Cannot use JSX unless the '--jsx' flag is provided.
frontend/src/widgets/user-table/index.tsx(110,19): error TS17004: Cannot use JSX unless the '--jsx' flag is provided.
frontend/src/widgets/user-table/index.tsx(120,17): error TS17004: Cannot use JSX unless the '--jsx' flag is provided.
frontend/src/widgets/user-table/index.tsx(121,19): error TS17004: Cannot use JSX unless the '--jsx' flag is provided.
frontend/src/widgets/user-table/index.tsx(122,21): error TS17004: Cannot use JSX unless the '--jsx' flag is provided.
frontend/src/widgets/user-table/index.tsx(123,23): error TS17004: Cannot use JSX unless the '--jsx' flag is provided.
frontend/src/widgets/user-table/index.tsx(124,25): error TS17004: Cannot use JSX unless the '--jsx' flag is provided.
frontend/src/widgets/user-table/index.tsx(125,25): error TS17004: Cannot use JSX unless the '--jsx' flag is provided.
frontend/src/widgets/user-table/index.tsx(128,21): error TS17004: Cannot use JSX unless the '--jsx' flag is provided.
frontend/src/widgets/user-table/index.tsx(129,23): error TS17004: Cannot use JSX unless the '--jsx' flag is provided.
frontend/src/widgets/user-table/index.tsx(130,25): error TS17004: Cannot use JSX unless the '--jsx' flag is provided.
frontend/src/widgets/user-table/index.tsx(132,23): error TS17004: Cannot use JSX unless the '--jsx' flag is provided.
frontend/src/widgets/user-table/index.tsx(133,25): error TS17004: Cannot use JSX unless the '--jsx' flag is provided.
frontend/src/widgets/user-table/index.tsx(136,23): error TS17004: Cannot use JSX unless the '--jsx' flag is provided.
frontend/src/widgets/user-table/index.tsx(137,23): error TS17004: Cannot use JSX unless the '--jsx' flag is provided.
frontend/src/widgets/user-table/index.tsx(140,25): error TS17004: Cannot use JSX unless the '--jsx' flag is provided.
frontend/src/widgets/user-table/index.tsx(143,23): error TS17004: Cannot use JSX unless the '--jsx' flag is provided.
frontend/src/widgets/user-table/index.tsx(146,25): error TS17004: Cannot use JSX unless the '--jsx' flag is provided.
frontend/src/widgets/user-table/index.tsx(149,23): error TS17004: Cannot use JSX unless the '--jsx' flag is provided.
frontend/src/widgets/user-table/index.tsx(151,25): error TS17004: Cannot use JSX unless the '--jsx' flag is provided.
frontend/src/widgets/user-table/index.tsx(155,27): error TS17004: Cannot use JSX unless the '--jsx' flag is provided.
frontend/src/widgets/user-table/index.tsx(159,25): error TS17004: Cannot use JSX unless the '--jsx' flag is provided.
frontend/src/widgets/user-table/index.tsx(163,27): error TS17004: Cannot use JSX unless the '--jsx' flag is provided.
frontend/src/widgets/welcome/index.tsx(10,8): error TS2307: Cannot find module '@/shared/ui/card' or its corresponding type declarations.
frontend/src/widgets/welcome/index.tsx(11,24): error TS2307: Cannot find module '@/shared/ui/button' or its corresponding type declarations.
frontend/src/widgets/welcome/index.tsx(15,8): error TS2307: Cannot find module '@/shared/api/genkit/flows/onboarding-assistant-flow' or its corresponding type declarations.
frontend/src/widgets/welcome/index.tsx(17,26): error TS2307: Cannot find module '@/shared/ui/skeleton' or its corresponding type declarations.
frontend/src/widgets/welcome/index.tsx(26,3): error TS17004: Cannot use JSX unless the '--jsx' flag is provided.
frontend/src/widgets/welcome/index.tsx(27,5): error TS17004: Cannot use JSX unless the '--jsx' flag is provided.
frontend/src/widgets/welcome/index.tsx(28,5): error TS17004: Cannot use JSX unless the '--jsx' flag is provided.
frontend/src/widgets/welcome/index.tsx(29,5): error TS17004: Cannot use JSX unless the '--jsx' flag is provided.
frontend/src/widgets/welcome/index.tsx(30,7): error TS17004: Cannot use JSX unless the '--jsx' flag is provided.
frontend/src/widgets/welcome/index.tsx(31,7): error TS17004: Cannot use JSX unless the '--jsx' flag is provided.
frontend/src/widgets/welcome/index.tsx(32,7): error TS17004: Cannot use JSX unless the '--jsx' flag is provided.
frontend/src/widgets/welcome/index.tsx(44,7): error TS17004: Cannot use JSX unless the '--jsx' flag is provided.
frontend/src/widgets/welcome/index.tsx(45,9): error TS17004: Cannot use JSX unless the '--jsx' flag is provided.
frontend/src/widgets/welcome/index.tsx(46,11): error TS17004: Cannot use JSX unless the '--jsx' flag is provided.
frontend/src/widgets/welcome/index.tsx(55,5): error TS17004: Cannot use JSX unless the '--jsx' flag is provided.
frontend/src/widgets/welcome/index.tsx(56,7): error TS17004: Cannot use JSX unless the '--jsx' flag is provided.
frontend/src/widgets/welcome/index.tsx(57,9): error TS17004: Cannot use JSX unless the '--jsx' flag is provided.
frontend/src/widgets/welcome/index.tsx(58,11): error TS17004: Cannot use JSX unless the '--jsx' flag is provided.
frontend/src/widgets/welcome/index.tsx(59,11): error TS17004: Cannot use JSX unless the '--jsx' flag is provided.
frontend/src/widgets/welcome/index.tsx(63,9): error TS17004: Cannot use JSX unless the '--jsx' flag is provided.
frontend/src/widgets/welcome/index.tsx(64,11): error TS17004: Cannot use JSX unless the '--jsx' flag is provided.
frontend/src/widgets/welcome/index.tsx(68,15): error TS17004: Cannot use JSX unless the '--jsx' flag is provided.
frontend/src/widgets/welcome/index.tsx(69,17): error TS17004: Cannot use JSX unless the '--jsx' flag is provided.
frontend/src/widgets/welcome/index.tsx(70,19): error TS17004: Cannot use JSX unless the '--jsx' flag is provided.
frontend/src/widgets/welcome/index.tsx(71,21): error TS17004: Cannot use JSX unless the '--jsx' flag is provided.
frontend/src/widgets/welcome/index.tsx(72,21): error TS17004: Cannot use JSX unless the '--jsx' flag is provided.
frontend/src/widgets/welcome/index.tsx(73,23): error TS17004: Cannot use JSX unless the '--jsx' flag is provided.
frontend/src/widgets/welcome/index.tsx(74,23): error TS17004: Cannot use JSX unless the '--jsx' flag is provided.
frontend/src/widgets/welcome/index.tsx(79,23): error TS17004: Cannot use JSX unless the '--jsx' flag is provided.
frontend/src/widgets/welcome/index.tsx(89,9): error TS17004: Cannot use JSX unless the '--jsx' flag is provided.
frontend/src/widgets/welcome/index.tsx(90,11): error TS17004: Cannot use JSX unless the '--jsx' flag is provided.
frontend/src/widgets/welcome/index.tsx(91,13): error TS17004: Cannot use JSX unless the '--jsx' flag is provided.
frontend/src/widgets/welcome/index.tsx(92,34): error TS17004: Cannot use JSX unless the '--jsx' flag is provided.
